[2019-12-08T11:32:34.526+0000][1][gc] Using Concurrent Mark Sweep
[2019-12-08T11:32:34.526+0000][1][gc,heap,coops] Heap address: 0x00000000f0000000, size: 256 MB, Compressed Oops mode: 32-bit
[2019-12-08T11:32:34.820+0000][1][safepoint    ] Entering safepoint region: EnableBiasedLocking
[2019-12-08T11:32:34.820+0000][1][safepoint    ] Leaving safepoint region
[2019-12-08T11:32:34.820+0000][1][safepoint    ] Total time for which application threads were stopped: 0.0270529 seconds, Stopping threads took: 0.0269552 seconds
[2019-12-08T11:32:34.826+0000][1][safepoint    ] Application time: 0.0052681 seconds
[2019-12-08T11:32:34.890+0000][1][safepoint    ] Entering safepoint region: RevokeBias
[2019-12-08T11:32:34.890+0000][1][safepoint    ] Leaving safepoint region
[2019-12-08T11:32:34.890+0000][1][safepoint    ] Total time for which application threads were stopped: 0.0640743 seconds, Stopping threads took: 0.0639510 seconds
[2019-12-08T11:32:34.908+0000][1][safepoint    ] Application time: 0.0179636 seconds
[2019-12-08T11:32:34.908+0000][1][safepoint    ] Entering safepoint region: Deoptimize
[2019-12-08T11:32:34.908+0000][1][safepoint    ] Leaving safepoint region
[2019-12-08T11:32:34.908+0000][1][safepoint    ] Total time for which application threads were stopped: 0.0000516 seconds, Stopping threads took: 0.0000100 seconds
[2019-12-08T11:32:35.333+0000][1][safepoint    ] Application time: 0.4251092 seconds
[2019-12-08T11:32:35.333+0000][1][safepoint    ] Entering safepoint region: Deoptimize
[2019-12-08T11:32:35.333+0000][1][safepoint    ] Leaving safepoint region
[2019-12-08T11:32:35.333+0000][1][safepoint    ] Total time for which application threads were stopped: 0.0000999 seconds, Stopping threads took: 0.0000113 seconds
[2019-12-08T11:32:36.246+0000][1][safepoint    ] Application time: 0.9124873 seconds
[2019-12-08T11:32:36.246+0000][1][safepoint    ] Entering safepoint region: Deoptimize
[2019-12-08T11:32:36.246+0000][1][safepoint    ] Leaving safepoint region
[2019-12-08T11:32:36.246+0000][1][safepoint    ] Total time for which application threads were stopped: 0.0001845 seconds, Stopping threads took: 0.0000114 seconds
[2019-12-08T11:32:36.285+0000][1][safepoint    ] Application time: 0.0394447 seconds
[2019-12-08T11:32:36.285+0000][1][safepoint    ] Entering safepoint region: Deoptimize
[2019-12-08T11:32:36.286+0000][1][safepoint    ] Leaving safepoint region
[2019-12-08T11:32:36.286+0000][1][safepoint    ] Total time for which application threads were stopped: 0.0001260 seconds, Stopping threads took: 0.0000095 seconds
[2019-12-08T11:32:36.363+0000][1][safepoint    ] Application time: 0.0774586 seconds
[2019-12-08T11:32:36.363+0000][1][safepoint    ] Entering safepoint region: Deoptimize
[2019-12-08T11:32:36.363+0000][1][safepoint    ] Leaving safepoint region
[2019-12-08T11:32:36.363+0000][1][safepoint    ] Total time for which application threads were stopped: 0.0001518 seconds, Stopping threads took: 0.0000116 seconds
[2019-12-08T11:32:36.405+0000][1][safepoint    ] Application time: 0.0417886 seconds
[2019-12-08T11:32:36.405+0000][1][safepoint    ] Entering safepoint region: Deoptimize
[2019-12-08T11:32:36.405+0000][1][safepoint    ] Leaving safepoint region
[2019-12-08T11:32:36.405+0000][1][safepoint    ] Total time for which application threads were stopped: 0.0001421 seconds, Stopping threads took: 0.0000110 seconds
[2019-12-08T11:32:37.408+0000][1][safepoint    ] Application time: 1.0024019 seconds
[2019-12-08T11:32:37.426+0000][1][safepoint    ] Entering safepoint region: Cleanup
[2019-12-08T11:32:37.426+0000][1][safepoint    ] Leaving safepoint region
[2019-12-08T11:32:37.426+0000][1][safepoint    ] Total time for which application threads were stopped: 0.0180417 seconds, Stopping threads took: 0.0179592 seconds
[2019-12-08T11:32:38.188+0000][1][safepoint    ] Application time: 0.7626751 seconds
[2019-12-08T11:32:38.188+0000][1][safepoint    ] Entering safepoint region: Deoptimize
[2019-12-08T11:32:38.189+0000][1][safepoint    ] Leaving safepoint region
[2019-12-08T11:32:38.189+0000][1][safepoint    ] Total time for which application threads were stopped: 0.0002282 seconds, Stopping threads took: 0.0000112 seconds
[2019-12-08T11:32:39.191+0000][1][safepoint    ] Application time: 1.0020975 seconds
[2019-12-08T11:32:39.191+0000][1][safepoint    ] Entering safepoint region: Cleanup
[2019-12-08T11:32:39.191+0000][1][safepoint    ] Leaving safepoint region
[2019-12-08T11:32:39.191+0000][1][safepoint    ] Total time for which application threads were stopped: 0.0000636 seconds, Stopping threads took: 0.0000227 seconds
[2019-12-08T11:32:39.400+0000][1][safepoint    ] Application time: 0.2087290 seconds
[2019-12-08T11:32:39.400+0000][1][safepoint    ] Entering safepoint region: RevokeBias
[2019-12-08T11:32:39.400+0000][1][safepoint    ] Leaving safepoint region
[2019-12-08T11:32:39.400+0000][1][safepoint    ] Total time for which application threads were stopped: 0.0001542 seconds, Stopping threads took: 0.0000125 seconds
[2019-12-08T11:32:39.966+0000][1][safepoint    ] Application time: 0.5661229 seconds
[2019-12-08T11:32:39.966+0000][1][safepoint    ] Entering safepoint region: Deoptimize
[2019-12-08T11:32:39.966+0000][1][safepoint    ] Leaving safepoint region
[2019-12-08T11:32:39.966+0000][1][safepoint    ] Total time for which application threads were stopped: 0.0002657 seconds, Stopping threads took: 0.0000116 seconds
[2019-12-08T11:32:40.678+0000][1][safepoint    ] Application time: 0.7115319 seconds
[2019-12-08T11:32:40.678+0000][1][safepoint    ] Entering safepoint region: Deoptimize
[2019-12-08T11:32:40.678+0000][1][safepoint    ] Leaving safepoint region
[2019-12-08T11:32:40.678+0000][1][safepoint    ] Total time for which application threads were stopped: 0.0003032 seconds, Stopping threads took: 0.0000125 seconds
[2019-12-08T11:32:40.688+0000][1][safepoint    ] Application time: 0.0096585 seconds
[2019-12-08T11:32:40.688+0000][1][safepoint    ] Entering safepoint region: Deoptimize
[2019-12-08T11:32:40.688+0000][1][safepoint    ] Leaving safepoint region
[2019-12-08T11:32:40.688+0000][1][safepoint    ] Total time for which application threads were stopped: 0.0002122 seconds, Stopping threads took: 0.0000095 seconds
[2019-12-08T11:32:40.816+0000][1][safepoint    ] Application time: 0.1277585 seconds
[2019-12-08T11:32:40.816+0000][1][safepoint    ] Entering safepoint region: Deoptimize
[2019-12-08T11:32:40.816+0000][1][safepoint    ] Leaving safepoint region
[2019-12-08T11:32:40.816+0000][1][safepoint    ] Total time for which application threads were stopped: 0.0002763 seconds, Stopping threads took: 0.0000138 seconds
[2019-12-08T11:32:40.862+0000][1][safepoint    ] Application time: 0.0455627 seconds
[2019-12-08T11:32:40.869+0000][1][safepoint    ] Entering safepoint region: RevokeBias
[2019-12-08T11:32:40.869+0000][1][safepoint    ] Leaving safepoint region
[2019-12-08T11:32:40.869+0000][1][safepoint    ] Total time for which application threads were stopped: 0.0072509 seconds, Stopping threads took: 0.0071366 seconds
[2019-12-08T11:32:40.883+0000][1][safepoint    ] Application time: 0.0145463 seconds
[2019-12-08T11:32:40.988+0000][1][safepoint    ] Entering safepoint region: RevokeBias
[2019-12-08T11:32:40.988+0000][1][safepoint    ] Leaving safepoint region
[2019-12-08T11:32:40.988+0000][1][safepoint    ] Total time for which application threads were stopped: 0.1043402 seconds, Stopping threads took: 0.1042853 seconds
[2019-12-08T11:32:40.991+0000][1][safepoint    ] Application time: 0.0031998 seconds
[2019-12-08T11:32:40.991+0000][1][safepoint    ] Entering safepoint region: RevokeBias
[2019-12-08T11:32:40.991+0000][1][safepoint    ] Leaving safepoint region
[2019-12-08T11:32:40.991+0000][1][safepoint    ] Total time for which application threads were stopped: 0.0000524 seconds, Stopping threads took: 0.0000131 seconds
[2019-12-08T11:32:40.991+0000][1][safepoint    ] Application time: 0.0003416 seconds
[2019-12-08T11:32:40.991+0000][1][safepoint    ] Entering safepoint region: RevokeBias
[2019-12-08T11:32:40.991+0000][1][safepoint    ] Leaving safepoint region
[2019-12-08T11:32:40.991+0000][1][safepoint    ] Total time for which application threads were stopped: 0.0000400 seconds, Stopping threads took: 0.0000094 seconds
[2019-12-08T11:32:40.992+0000][1][safepoint    ] Application time: 0.0001634 seconds
[2019-12-08T11:32:40.992+0000][1][safepoint    ] Entering safepoint region: RevokeBias
[2019-12-08T11:32:40.992+0000][1][safepoint    ] Leaving safepoint region
[2019-12-08T11:32:40.992+0000][1][safepoint    ] Total time for which application threads were stopped: 0.0000343 seconds, Stopping threads took: 0.0000096 seconds
[2019-12-08T11:32:41.957+0000][1][safepoint    ] Application time: 0.9649694 seconds
[2019-12-08T11:32:41.957+0000][1][safepoint    ] Entering safepoint region: GenCollectForAllocation
[2019-12-08T11:32:41.957+0000][1][gc,start     ] GC(0) Pause Young (Allocation Failure)
[2019-12-08T11:32:41.957+0000][1][gc,task      ] GC(0) Using 4 workers of 4 for evacuation
[2019-12-08T11:32:42.052+0000][1][gc,age       ] GC(0) Desired survivor size 4456448 bytes, new threshold 1 (max threshold 6)
[2019-12-08T11:32:42.052+0000][1][gc,age       ] GC(0) Age table with threshold 1 (max threshold 6)
[2019-12-08T11:32:42.052+0000][1][gc,age       ] GC(0) - age   1:    6683000 bytes,    6683000 total
[2019-12-08T11:32:42.052+0000][1][gc,heap      ] GC(0) ParNew: 69952K->6606K(78656K)
[2019-12-08T11:32:42.052+0000][1][gc,heap      ] GC(0) CMS: 0K->0K(174784K)
[2019-12-08T11:32:42.052+0000][1][gc,metaspace ] GC(0) Metaspace: 12944K->12944K(1060864K)
[2019-12-08T11:32:42.052+0000][1][gc           ] GC(0) Pause Young (Allocation Failure) 68M->6M(247M) 95.551ms
[2019-12-08T11:32:42.052+0000][1][gc,cpu       ] GC(0) User=0.02s Sys=0.00s Real=0.10s
[2019-12-08T11:32:42.052+0000][1][safepoint    ] Leaving safepoint region
[2019-12-08T11:32:42.052+0000][1][safepoint    ] Total time for which application threads were stopped: 0.0957332 seconds, Stopping threads took: 0.0000133 seconds
[2019-12-08T11:32:42.058+0000][1][safepoint    ] Application time: 0.0052711 seconds
[2019-12-08T11:32:42.079+0000][1][safepoint    ] Entering safepoint region: RevokeBias
[2019-12-08T11:32:42.079+0000][1][safepoint    ] Leaving safepoint region
[2019-12-08T11:32:42.079+0000][1][safepoint    ] Total time for which application threads were stopped: 0.0211044 seconds, Stopping threads took: 0.0209568 seconds
[2019-12-08T11:32:42.079+0000][1][safepoint    ] Application time: 0.0001695 seconds
[2019-12-08T11:32:42.079+0000][1][safepoint    ] Entering safepoint region: RevokeBias
[2019-12-08T11:32:42.079+0000][1][safepoint    ] Leaving safepoint region
[2019-12-08T11:32:42.079+0000][1][safepoint    ] Total time for which application threads were stopped: 0.0000839 seconds, Stopping threads took: 0.0000101 seconds
[2019-12-08T11:32:42.079+0000][1][safepoint    ] Application time: 0.0000617 seconds
[2019-12-08T11:32:42.079+0000][1][safepoint    ] Entering safepoint region: RevokeBias
[2019-12-08T11:32:42.079+0000][1][safepoint    ] Leaving safepoint region
[2019-12-08T11:32:42.079+0000][1][safepoint    ] Total time for which application threads were stopped: 0.0000538 seconds, Stopping threads took: 0.0000074 seconds
[2019-12-08T11:32:42.079+0000][1][safepoint    ] Application time: 0.0000463 seconds
[2019-12-08T11:32:42.079+0000][1][safepoint    ] Entering safepoint region: RevokeBias
[2019-12-08T11:32:42.079+0000][1][safepoint    ] Leaving safepoint region
[2019-12-08T11:32:42.079+0000][1][safepoint    ] Total time for which application threads were stopped: 0.0000551 seconds, Stopping threads took: 0.0000071 seconds
[2019-12-08T11:32:42.079+0000][1][safepoint    ] Application time: 0.0000555 seconds
[2019-12-08T11:32:42.079+0000][1][safepoint    ] Entering safepoint region: RevokeBias
[2019-12-08T11:32:42.080+0000][1][safepoint    ] Leaving safepoint region
[2019-12-08T11:32:42.080+0000][1][safepoint    ] Total time for which application threads were stopped: 0.0000557 seconds, Stopping threads took: 0.0000073 seconds
[2019-12-08T11:32:42.080+0000][1][safepoint    ] Application time: 0.0000449 seconds
[2019-12-08T11:32:42.080+0000][1][safepoint    ] Entering safepoint region: RevokeBias
[2019-12-08T11:32:42.080+0000][1][safepoint    ] Leaving safepoint region
[2019-12-08T11:32:42.080+0000][1][safepoint    ] Total time for which application threads were stopped: 0.0000595 seconds, Stopping threads took: 0.0000163 seconds
[2019-12-08T11:32:42.080+0000][1][safepoint    ] Application time: 0.0000653 seconds
[2019-12-08T11:32:42.080+0000][1][safepoint    ] Entering safepoint region: RevokeBias
[2019-12-08T11:32:42.080+0000][1][safepoint    ] Leaving safepoint region
[2019-12-08T11:32:42.080+0000][1][safepoint    ] Total time for which application threads were stopped: 0.0000630 seconds, Stopping threads took: 0.0000069 seconds
[2019-12-08T11:32:42.080+0000][1][safepoint    ] Application time: 0.0000471 seconds
[2019-12-08T11:32:42.080+0000][1][safepoint    ] Entering safepoint region: RevokeBias
[2019-12-08T11:32:42.080+0000][1][safepoint    ] Leaving safepoint region
[2019-12-08T11:32:42.080+0000][1][safepoint    ] Total time for which application threads were stopped: 0.0000487 seconds, Stopping threads took: 0.0000064 seconds
[2019-12-08T11:32:42.080+0000][1][safepoint    ] Application time: 0.0000531 seconds
[2019-12-08T11:32:42.080+0000][1][safepoint    ] Entering safepoint region: RevokeBias
[2019-12-08T11:32:42.080+0000][1][safepoint    ] Leaving safepoint region
[2019-12-08T11:32:42.080+0000][1][safepoint    ] Total time for which application threads were stopped: 0.0000517 seconds, Stopping threads took: 0.0000066 seconds
[2019-12-08T11:32:42.080+0000][1][safepoint    ] Application time: 0.0000439 seconds
[2019-12-08T11:32:42.080+0000][1][safepoint    ] Entering safepoint region: RevokeBias
[2019-12-08T11:32:42.080+0000][1][safepoint    ] Leaving safepoint region
[2019-12-08T11:32:42.080+0000][1][safepoint    ] Total time for which application threads were stopped: 0.0000483 seconds, Stopping threads took: 0.0000067 seconds
[2019-12-08T11:32:42.080+0000][1][safepoint    ] Application time: 0.0000533 seconds
[2019-12-08T11:32:42.080+0000][1][safepoint    ] Entering safepoint region: RevokeBias
[2019-12-08T11:32:42.080+0000][1][safepoint    ] Leaving safepoint region
[2019-12-08T11:32:42.080+0000][1][safepoint    ] Total time for which application threads were stopped: 0.0000707 seconds, Stopping threads took: 0.0000165 seconds
[2019-12-08T11:32:42.080+0000][1][safepoint    ] Application time: 0.0000542 seconds
[2019-12-08T11:32:42.080+0000][1][safepoint    ] Entering safepoint region: RevokeBias
[2019-12-08T11:32:42.080+0000][1][safepoint    ] Leaving safepoint region
[2019-12-08T11:32:42.080+0000][1][safepoint    ] Total time for which application threads were stopped: 0.0000547 seconds, Stopping threads took: 0.0000071 seconds
[2019-12-08T11:32:42.080+0000][1][safepoint    ] Application time: 0.0000596 seconds
[2019-12-08T11:32:42.080+0000][1][safepoint    ] Entering safepoint region: RevokeBias
[2019-12-08T11:32:42.081+0000][1][safepoint    ] Leaving safepoint region
[2019-12-08T11:32:42.081+0000][1][safepoint    ] Total time for which application threads were stopped: 0.0000572 seconds, Stopping threads took: 0.0000075 seconds
[2019-12-08T11:32:42.081+0000][1][safepoint    ] Application time: 0.0000544 seconds
[2019-12-08T11:32:42.081+0000][1][safepoint    ] Entering safepoint region: RevokeBias
[2019-12-08T11:32:42.081+0000][1][safepoint    ] Leaving safepoint region
[2019-12-08T11:32:42.081+0000][1][safepoint    ] Total time for which application threads were stopped: 0.0000739 seconds, Stopping threads took: 0.0000080 seconds
[2019-12-08T11:32:42.081+0000][1][safepoint    ] Application time: 0.0000769 seconds
[2019-12-08T11:32:42.081+0000][1][safepoint    ] Entering safepoint region: RevokeBias
[2019-12-08T11:32:42.081+0000][1][safepoint    ] Leaving safepoint region
[2019-12-08T11:32:42.081+0000][1][safepoint    ] Total time for which application threads were stopped: 0.0000684 seconds, Stopping threads took: 0.0000091 seconds
[2019-12-08T11:32:42.081+0000][1][safepoint    ] Application time: 0.0000543 seconds
[2019-12-08T11:32:42.081+0000][1][safepoint    ] Entering safepoint region: RevokeBias
[2019-12-08T11:32:42.081+0000][1][safepoint    ] Leaving safepoint region
[2019-12-08T11:32:42.081+0000][1][safepoint    ] Total time for which application threads were stopped: 0.0000715 seconds, Stopping threads took: 0.0000148 seconds
[2019-12-08T11:32:42.081+0000][1][safepoint    ] Application time: 0.0000670 seconds
[2019-12-08T11:32:42.081+0000][1][safepoint    ] Entering safepoint region: RevokeBias
[2019-12-08T11:32:42.081+0000][1][safepoint    ] Leaving safepoint region
[2019-12-08T11:32:42.081+0000][1][safepoint    ] Total time for which application threads were stopped: 0.0000640 seconds, Stopping threads took: 0.0000085 seconds
[2019-12-08T11:32:42.081+0000][1][safepoint    ] Application time: 0.0000547 seconds
[2019-12-08T11:32:42.081+0000][1][safepoint    ] Entering safepoint region: RevokeBias
[2019-12-08T11:32:42.081+0000][1][safepoint    ] Leaving safepoint region
[2019-12-08T11:32:42.081+0000][1][safepoint    ] Total time for which application threads were stopped: 0.0000633 seconds, Stopping threads took: 0.0000086 seconds
[2019-12-08T11:32:42.081+0000][1][safepoint    ] Application time: 0.0000951 seconds
[2019-12-08T11:32:42.081+0000][1][safepoint    ] Entering safepoint region: RevokeBias
[2019-12-08T11:32:42.081+0000][1][safepoint    ] Leaving safepoint region
[2019-12-08T11:32:42.081+0000][1][safepoint    ] Total time for which application threads were stopped: 0.0000646 seconds, Stopping threads took: 0.0000079 seconds
[2019-12-08T11:32:42.082+0000][1][safepoint    ] Application time: 0.0000537 seconds
[2019-12-08T11:32:42.082+0000][1][safepoint    ] Entering safepoint region: RevokeBias
[2019-12-08T11:32:42.082+0000][1][safepoint    ] Leaving safepoint region
[2019-12-08T11:32:42.082+0000][1][safepoint    ] Total time for which application threads were stopped: 0.0000601 seconds, Stopping threads took: 0.0000081 seconds
[2019-12-08T11:32:42.082+0000][1][safepoint    ] Application time: 0.0000599 seconds
[2019-12-08T11:32:42.082+0000][1][safepoint    ] Entering safepoint region: RevokeBias
[2019-12-08T11:32:42.082+0000][1][safepoint    ] Leaving safepoint region
[2019-12-08T11:32:42.082+0000][1][safepoint    ] Total time for which application threads were stopped: 0.0000837 seconds, Stopping threads took: 0.0000083 seconds
[2019-12-08T11:32:42.082+0000][1][safepoint    ] Application time: 0.0000536 seconds
[2019-12-08T11:32:42.082+0000][1][safepoint    ] Entering safepoint region: RevokeBias
[2019-12-08T11:32:42.082+0000][1][safepoint    ] Leaving safepoint region
[2019-12-08T11:32:42.082+0000][1][safepoint    ] Total time for which application threads were stopped: 0.0000571 seconds, Stopping threads took: 0.0000072 seconds
[2019-12-08T11:32:42.082+0000][1][safepoint    ] Application time: 0.0000592 seconds
[2019-12-08T11:32:42.082+0000][1][safepoint    ] Entering safepoint region: RevokeBias
[2019-12-08T11:32:42.082+0000][1][safepoint    ] Leaving safepoint region
[2019-12-08T11:32:42.082+0000][1][safepoint    ] Total time for which application threads were stopped: 0.0000606 seconds, Stopping threads took: 0.0000072 seconds
[2019-12-08T11:32:42.082+0000][1][safepoint    ] Application time: 0.0000611 seconds
[2019-12-08T11:32:42.082+0000][1][safepoint    ] Entering safepoint region: RevokeBias
[2019-12-08T11:32:42.082+0000][1][safepoint    ] Leaving safepoint region
[2019-12-08T11:32:42.082+0000][1][safepoint    ] Total time for which application threads were stopped: 0.0000538 seconds, Stopping threads took: 0.0000065 seconds
[2019-12-08T11:32:42.082+0000][1][safepoint    ] Application time: 0.0000707 seconds
[2019-12-08T11:32:42.082+0000][1][safepoint    ] Entering safepoint region: RevokeBias
[2019-12-08T11:32:42.082+0000][1][safepoint    ] Leaving safepoint region
[2019-12-08T11:32:42.082+0000][1][safepoint    ] Total time for which application threads were stopped: 0.0000530 seconds, Stopping threads took: 0.0000065 seconds
[2019-12-08T11:32:42.082+0000][1][safepoint    ] Application time: 0.0000443 seconds
[2019-12-08T11:32:42.082+0000][1][safepoint    ] Entering safepoint region: RevokeBias
[2019-12-08T11:32:42.082+0000][1][safepoint    ] Leaving safepoint region
[2019-12-08T11:32:42.082+0000][1][safepoint    ] Total time for which application threads were stopped: 0.0000575 seconds, Stopping threads took: 0.0000115 seconds
[2019-12-08T11:32:42.083+0000][1][safepoint    ] Application time: 0.0003553 seconds
[2019-12-08T11:32:42.083+0000][1][safepoint    ] Entering safepoint region: RevokeBias
[2019-12-08T11:32:42.083+0000][1][safepoint    ] Leaving safepoint region
[2019-12-08T11:32:42.083+0000][1][safepoint    ] Total time for which application threads were stopped: 0.0000784 seconds, Stopping threads took: 0.0000098 seconds
[2019-12-08T11:32:42.083+0000][1][safepoint    ] Application time: 0.0000565 seconds
[2019-12-08T11:32:42.083+0000][1][safepoint    ] Entering safepoint region: RevokeBias
[2019-12-08T11:32:42.083+0000][1][safepoint    ] Leaving safepoint region
[2019-12-08T11:32:42.083+0000][1][safepoint    ] Total time for which application threads were stopped: 0.0000602 seconds, Stopping threads took: 0.0000073 seconds
[2019-12-08T11:32:42.083+0000][1][safepoint    ] Application time: 0.0000716 seconds
[2019-12-08T11:32:42.083+0000][1][safepoint    ] Entering safepoint region: RevokeBias
[2019-12-08T11:32:42.083+0000][1][safepoint    ] Leaving safepoint region
[2019-12-08T11:32:42.083+0000][1][safepoint    ] Total time for which application threads were stopped: 0.0000601 seconds, Stopping threads took: 0.0000077 seconds
[2019-12-08T11:32:42.083+0000][1][safepoint    ] Application time: 0.0000516 seconds
[2019-12-08T11:32:42.083+0000][1][safepoint    ] Entering safepoint region: RevokeBias
[2019-12-08T11:32:42.083+0000][1][safepoint    ] Leaving safepoint region
[2019-12-08T11:32:42.083+0000][1][safepoint    ] Total time for which application threads were stopped: 0.0000544 seconds, Stopping threads took: 0.0000074 seconds
[2019-12-08T11:32:42.906+0000][1][safepoint    ] Application time: 0.8230954 seconds
[2019-12-08T11:32:42.927+0000][1][safepoint    ] Entering safepoint region: Deoptimize
[2019-12-08T11:32:42.927+0000][1][safepoint    ] Leaving safepoint region
[2019-12-08T11:32:42.927+0000][1][safepoint    ] Total time for which application threads were stopped: 0.0207993 seconds, Stopping threads took: 0.0203585 seconds
[2019-12-08T11:32:43.772+0000][1][safepoint    ] Application time: 0.8445299 seconds
[2019-12-08T11:32:43.772+0000][1][safepoint    ] Entering safepoint region: RevokeBias
[2019-12-08T11:32:43.772+0000][1][safepoint    ] Leaving safepoint region
[2019-12-08T11:32:43.772+0000][1][safepoint    ] Total time for which application threads were stopped: 0.0001468 seconds, Stopping threads took: 0.0000156 seconds
[2019-12-08T11:32:44.496+0000][1][safepoint    ] Application time: 0.7239813 seconds
[2019-12-08T11:32:44.496+0000][1][safepoint    ] Entering safepoint region: RevokeBias
[2019-12-08T11:32:44.496+0000][1][safepoint    ] Leaving safepoint region
[2019-12-08T11:32:44.496+0000][1][safepoint    ] Total time for which application threads were stopped: 0.0001132 seconds, Stopping threads took: 0.0000143 seconds
[2019-12-08T11:32:44.523+0000][1][safepoint    ] Application time: 0.0264462 seconds
[2019-12-08T11:32:44.523+0000][1][safepoint    ] Entering safepoint region: RevokeBias
[2019-12-08T11:32:44.523+0000][1][safepoint    ] Leaving safepoint region
[2019-12-08T11:32:44.523+0000][1][safepoint    ] Total time for which application threads were stopped: 0.0000855 seconds, Stopping threads took: 0.0000128 seconds
[2019-12-08T11:32:44.793+0000][1][safepoint    ] Application time: 0.2705656 seconds
[2019-12-08T11:32:44.793+0000][1][safepoint    ] Entering safepoint region: GenCollectForAllocation
[2019-12-08T11:32:44.793+0000][1][gc,start     ] GC(1) Pause Young (Allocation Failure)
[2019-12-08T11:32:44.793+0000][1][gc,task      ] GC(1) Using 4 workers of 4 for evacuation
[2019-12-08T11:32:44.949+0000][1][gc,age       ] GC(1) Desired survivor size 4456448 bytes, new threshold 6 (max threshold 6)
[2019-12-08T11:32:44.949+0000][1][gc,age       ] GC(1) Age table with threshold 6 (max threshold 6)
[2019-12-08T11:32:44.949+0000][1][gc,age       ] GC(1) - age   1:    1223896 bytes,    1223896 total
[2019-12-08T11:32:44.949+0000][1][gc,heap      ] GC(1) ParNew: 76558K->4066K(78656K)
[2019-12-08T11:32:44.949+0000][1][gc,heap      ] GC(1) CMS: 0K->7027K(174784K)
[2019-12-08T11:32:44.949+0000][1][gc,metaspace ] GC(1) Metaspace: 14837K->14837K(1062912K)
[2019-12-08T11:32:44.949+0000][1][gc           ] GC(1) Pause Young (Allocation Failure) 74M->10M(247M) 155.765ms
[2019-12-08T11:32:44.949+0000][1][gc,cpu       ] GC(1) User=0.06s Sys=0.00s Real=0.15s
[2019-12-08T11:32:44.949+0000][1][safepoint    ] Leaving safepoint region
[2019-12-08T11:32:44.949+0000][1][safepoint    ] Total time for which application threads were stopped: 0.1559051 seconds, Stopping threads took: 0.0000135 seconds
[2019-12-08T11:32:44.970+0000][1][safepoint    ] Application time: 0.0207185 seconds
[2019-12-08T11:32:44.974+0000][1][safepoint    ] Entering safepoint region: BulkRevokeBias
[2019-12-08T11:32:44.974+0000][1][safepoint    ] Leaving safepoint region
[2019-12-08T11:32:44.974+0000][1][safepoint    ] Total time for which application threads were stopped: 0.0039119 seconds, Stopping threads took: 0.0037764 seconds
[2019-12-08T11:32:44.974+0000][1][safepoint    ] Application time: 0.0001256 seconds
[2019-12-08T11:32:44.974+0000][1][safepoint    ] Entering safepoint region: RevokeBias
[2019-12-08T11:32:44.974+0000][1][safepoint    ] Leaving safepoint region
[2019-12-08T11:32:44.974+0000][1][safepoint    ] Total time for which application threads were stopped: 0.0000500 seconds, Stopping threads took: 0.0000090 seconds
[2019-12-08T11:32:44.974+0000][1][safepoint    ] Application time: 0.0000627 seconds
[2019-12-08T11:32:44.974+0000][1][safepoint    ] Entering safepoint region: RevokeBias
[2019-12-08T11:32:44.974+0000][1][safepoint    ] Leaving safepoint region
[2019-12-08T11:32:44.974+0000][1][safepoint    ] Total time for which application threads were stopped: 0.0000455 seconds, Stopping threads took: 0.0000077 seconds
[2019-12-08T11:32:44.974+0000][1][safepoint    ] Application time: 0.0000486 seconds
[2019-12-08T11:32:44.974+0000][1][safepoint    ] Entering safepoint region: RevokeBias
[2019-12-08T11:32:44.974+0000][1][safepoint    ] Leaving safepoint region
[2019-12-08T11:32:44.974+0000][1][safepoint    ] Total time for which application threads were stopped: 0.0000424 seconds, Stopping threads took: 0.0000066 seconds
[2019-12-08T11:32:44.974+0000][1][safepoint    ] Application time: 0.0000617 seconds
[2019-12-08T11:32:44.974+0000][1][safepoint    ] Entering safepoint region: RevokeBias
[2019-12-08T11:32:44.974+0000][1][safepoint    ] Leaving safepoint region
[2019-12-08T11:32:44.974+0000][1][safepoint    ] Total time for which application threads were stopped: 0.0000402 seconds, Stopping threads took: 0.0000074 seconds
[2019-12-08T11:32:44.974+0000][1][safepoint    ] Application time: 0.0000435 seconds
[2019-12-08T11:32:44.974+0000][1][safepoint    ] Entering safepoint region: RevokeBias
[2019-12-08T11:32:44.974+0000][1][safepoint    ] Leaving safepoint region
[2019-12-08T11:32:44.974+0000][1][safepoint    ] Total time for which application threads were stopped: 0.0000395 seconds, Stopping threads took: 0.0000071 seconds
[2019-12-08T11:32:44.975+0000][1][safepoint    ] Application time: 0.0000481 seconds
[2019-12-08T11:32:44.975+0000][1][safepoint    ] Entering safepoint region: BulkRevokeBias
[2019-12-08T11:32:44.975+0000][1][safepoint    ] Leaving safepoint region
[2019-12-08T11:32:44.975+0000][1][safepoint    ] Total time for which application threads were stopped: 0.0000621 seconds, Stopping threads took: 0.0000072 seconds
[2019-12-08T11:32:44.975+0000][1][safepoint    ] Application time: 0.0000457 seconds
[2019-12-08T11:32:44.975+0000][1][safepoint    ] Entering safepoint region: RevokeBias
[2019-12-08T11:32:44.975+0000][1][safepoint    ] Leaving safepoint region
[2019-12-08T11:32:44.975+0000][1][safepoint    ] Total time for which application threads were stopped: 0.0000405 seconds, Stopping threads took: 0.0000072 seconds
[2019-12-08T11:32:44.975+0000][1][safepoint    ] Application time: 0.0000549 seconds
[2019-12-08T11:32:44.975+0000][1][safepoint    ] Entering safepoint region: BulkRevokeBias
[2019-12-08T11:32:44.975+0000][1][safepoint    ] Leaving safepoint region
[2019-12-08T11:32:44.975+0000][1][safepoint    ] Total time for which application threads were stopped: 0.0000647 seconds, Stopping threads took: 0.0000076 seconds
[2019-12-08T11:32:45.947+0000][1][safepoint    ] Application time: 0.9719810 seconds
[2019-12-08T11:32:45.947+0000][1][safepoint    ] Entering safepoint region: GenCollectForAllocation
[2019-12-08T11:32:45.947+0000][1][gc,start     ] GC(2) Pause Young (Allocation Failure)
[2019-12-08T11:32:45.947+0000][1][gc,task      ] GC(2) Using 4 workers of 4 for evacuation
[2019-12-08T11:32:45.984+0000][1][gc,age       ] GC(2) Desired survivor size 4456448 bytes, new threshold 6 (max threshold 6)
[2019-12-08T11:32:45.984+0000][1][gc,age       ] GC(2) Age table with threshold 6 (max threshold 6)
[2019-12-08T11:32:45.984+0000][1][gc,age       ] GC(2) - age   1:    1101968 bytes,    1101968 total
[2019-12-08T11:32:45.984+0000][1][gc,age       ] GC(2) - age   2:     955392 bytes,    2057360 total
[2019-12-08T11:32:45.984+0000][1][gc,heap      ] GC(2) ParNew: 74018K->2523K(78656K)
[2019-12-08T11:32:45.984+0000][1][gc,heap      ] GC(2) CMS: 7027K->7027K(174784K)
[2019-12-08T11:32:45.984+0000][1][gc,metaspace ] GC(2) Metaspace: 14946K->14946K(1062912K)
[2019-12-08T11:32:45.984+0000][1][gc           ] GC(2) Pause Young (Allocation Failure) 79M->9M(247M) 36.960ms
[2019-12-08T11:32:45.984+0000][1][gc,cpu       ] GC(2) User=0.03s Sys=0.00s Real=0.04s
[2019-12-08T11:32:45.984+0000][1][safepoint    ] Leaving safepoint region
[2019-12-08T11:32:45.984+0000][1][safepoint    ] Total time for which application threads were stopped: 0.0371222 seconds, Stopping threads took: 0.0000125 seconds
[2019-12-08T11:32:45.996+0000][1][safepoint    ] Application time: 0.0124487 seconds
[2019-12-08T11:32:45.997+0000][1][safepoint    ] Entering safepoint region: RevokeBias
[2019-12-08T11:32:45.997+0000][1][safepoint    ] Leaving safepoint region
[2019-12-08T11:32:45.997+0000][1][safepoint    ] Total time for which application threads were stopped: 0.0000816 seconds, Stopping threads took: 0.0000384 seconds
[2019-12-08T11:32:45.997+0000][1][safepoint    ] Application time: 0.0000512 seconds
[2019-12-08T11:32:45.997+0000][1][safepoint    ] Entering safepoint region: RevokeBias
[2019-12-08T11:32:45.997+0000][1][safepoint    ] Leaving safepoint region
[2019-12-08T11:32:45.997+0000][1][safepoint    ] Total time for which application threads were stopped: 0.0000299 seconds, Stopping threads took: 0.0000067 seconds
[2019-12-08T11:32:45.997+0000][1][safepoint    ] Application time: 0.0000751 seconds
[2019-12-08T11:32:45.997+0000][1][safepoint    ] Entering safepoint region: RevokeBias
[2019-12-08T11:32:45.997+0000][1][safepoint    ] Leaving safepoint region
[2019-12-08T11:32:45.997+0000][1][safepoint    ] Total time for which application threads were stopped: 0.0000354 seconds, Stopping threads took: 0.0000077 seconds
[2019-12-08T11:32:45.997+0000][1][safepoint    ] Application time: 0.0000447 seconds
[2019-12-08T11:32:45.997+0000][1][safepoint    ] Entering safepoint region: RevokeBias
[2019-12-08T11:32:45.997+0000][1][safepoint    ] Leaving safepoint region
[2019-12-08T11:32:45.997+0000][1][safepoint    ] Total time for which application threads were stopped: 0.0000300 seconds, Stopping threads took: 0.0000071 seconds
[2019-12-08T11:32:45.997+0000][1][safepoint    ] Application time: 0.0000480 seconds
[2019-12-08T11:32:45.997+0000][1][safepoint    ] Entering safepoint region: RevokeBias
[2019-12-08T11:32:45.997+0000][1][safepoint    ] Leaving safepoint region
[2019-12-08T11:32:45.997+0000][1][safepoint    ] Total time for which application threads were stopped: 0.0000293 seconds, Stopping threads took: 0.0000071 seconds
[2019-12-08T11:32:45.997+0000][1][safepoint    ] Application time: 0.0000437 seconds
[2019-12-08T11:32:45.997+0000][1][safepoint    ] Entering safepoint region: RevokeBias
[2019-12-08T11:32:45.997+0000][1][safepoint    ] Leaving safepoint region
[2019-12-08T11:32:45.997+0000][1][safepoint    ] Total time for which application threads were stopped: 0.0000372 seconds, Stopping threads took: 0.0000152 seconds
[2019-12-08T11:32:45.997+0000][1][safepoint    ] Application time: 0.0000467 seconds
[2019-12-08T11:32:45.997+0000][1][safepoint    ] Entering safepoint region: RevokeBias
[2019-12-08T11:32:45.997+0000][1][safepoint    ] Leaving safepoint region
[2019-12-08T11:32:45.997+0000][1][safepoint    ] Total time for which application threads were stopped: 0.0000283 seconds, Stopping threads took: 0.0000067 seconds
[2019-12-08T11:32:45.997+0000][1][safepoint    ] Application time: 0.0000433 seconds
[2019-12-08T11:32:45.997+0000][1][safepoint    ] Entering safepoint region: RevokeBias
[2019-12-08T11:32:45.997+0000][1][safepoint    ] Leaving safepoint region
[2019-12-08T11:32:45.997+0000][1][safepoint    ] Total time for which application threads were stopped: 0.0000285 seconds, Stopping threads took: 0.0000068 seconds
[2019-12-08T11:32:45.997+0000][1][safepoint    ] Application time: 0.0000460 seconds
[2019-12-08T11:32:45.997+0000][1][safepoint    ] Entering safepoint region: RevokeBias
[2019-12-08T11:32:45.997+0000][1][safepoint    ] Leaving safepoint region
[2019-12-08T11:32:45.997+0000][1][safepoint    ] Total time for which application threads were stopped: 0.0000283 seconds, Stopping threads took: 0.0000066 seconds
[2019-12-08T11:32:45.997+0000][1][safepoint    ] Application time: 0.0000437 seconds
[2019-12-08T11:32:45.997+0000][1][safepoint    ] Entering safepoint region: RevokeBias
[2019-12-08T11:32:45.997+0000][1][safepoint    ] Leaving safepoint region
[2019-12-08T11:32:45.997+0000][1][safepoint    ] Total time for which application threads were stopped: 0.0000281 seconds, Stopping threads took: 0.0000067 seconds
[2019-12-08T11:32:45.997+0000][1][safepoint    ] Application time: 0.0000457 seconds
[2019-12-08T11:32:45.997+0000][1][safepoint    ] Entering safepoint region: RevokeBias
[2019-12-08T11:32:45.997+0000][1][safepoint    ] Leaving safepoint region
[2019-12-08T11:32:45.997+0000][1][safepoint    ] Total time for which application threads were stopped: 0.0000283 seconds, Stopping threads took: 0.0000068 seconds
[2019-12-08T11:32:45.998+0000][1][safepoint    ] Application time: 0.0000432 seconds
[2019-12-08T11:32:45.998+0000][1][safepoint    ] Entering safepoint region: RevokeBias
[2019-12-08T11:32:45.998+0000][1][safepoint    ] Leaving safepoint region
[2019-12-08T11:32:45.998+0000][1][safepoint    ] Total time for which application threads were stopped: 0.0000278 seconds, Stopping threads took: 0.0000066 seconds
[2019-12-08T11:32:45.998+0000][1][safepoint    ] Application time: 0.0000457 seconds
[2019-12-08T11:32:45.998+0000][1][safepoint    ] Entering safepoint region: RevokeBias
[2019-12-08T11:32:45.998+0000][1][safepoint    ] Leaving safepoint region
[2019-12-08T11:32:45.998+0000][1][safepoint    ] Total time for which application threads were stopped: 0.0000288 seconds, Stopping threads took: 0.0000070 seconds
[2019-12-08T11:32:45.998+0000][1][safepoint    ] Application time: 0.0000562 seconds
[2019-12-08T11:32:45.998+0000][1][safepoint    ] Entering safepoint region: RevokeBias
[2019-12-08T11:32:45.998+0000][1][safepoint    ] Leaving safepoint region
[2019-12-08T11:32:45.998+0000][1][safepoint    ] Total time for which application threads were stopped: 0.0000297 seconds, Stopping threads took: 0.0000067 seconds
[2019-12-08T11:32:45.998+0000][1][safepoint    ] Application time: 0.0000522 seconds
[2019-12-08T11:32:45.998+0000][1][safepoint    ] Entering safepoint region: RevokeBias
[2019-12-08T11:32:45.998+0000][1][safepoint    ] Leaving safepoint region
[2019-12-08T11:32:45.998+0000][1][safepoint    ] Total time for which application threads were stopped: 0.0000308 seconds, Stopping threads took: 0.0000071 seconds
[2019-12-08T11:32:45.998+0000][1][safepoint    ] Application time: 0.0000445 seconds
[2019-12-08T11:32:45.998+0000][1][safepoint    ] Entering safepoint region: RevokeBias
[2019-12-08T11:32:45.998+0000][1][safepoint    ] Leaving safepoint region
[2019-12-08T11:32:45.998+0000][1][safepoint    ] Total time for which application threads were stopped: 0.0000349 seconds, Stopping threads took: 0.0000124 seconds
[2019-12-08T11:32:45.998+0000][1][safepoint    ] Application time: 0.0000518 seconds
[2019-12-08T11:32:45.998+0000][1][safepoint    ] Entering safepoint region: RevokeBias
[2019-12-08T11:32:45.998+0000][1][safepoint    ] Leaving safepoint region
[2019-12-08T11:32:45.998+0000][1][safepoint    ] Total time for which application threads were stopped: 0.0000316 seconds, Stopping threads took: 0.0000070 seconds
[2019-12-08T11:32:45.998+0000][1][safepoint    ] Application time: 0.0000450 seconds
[2019-12-08T11:32:45.998+0000][1][safepoint    ] Entering safepoint region: RevokeBias
[2019-12-08T11:32:45.998+0000][1][safepoint    ] Leaving safepoint region
[2019-12-08T11:32:45.998+0000][1][safepoint    ] Total time for which application threads were stopped: 0.0000298 seconds, Stopping threads took: 0.0000071 seconds
[2019-12-08T11:32:46.589+0000][1][safepoint    ] Application time: 0.5906375 seconds
[2019-12-08T11:32:46.589+0000][1][safepoint    ] Entering safepoint region: Deoptimize
[2019-12-08T11:32:46.589+0000][1][safepoint    ] Leaving safepoint region
[2019-12-08T11:32:46.589+0000][1][safepoint    ] Total time for which application threads were stopped: 0.0004583 seconds, Stopping threads took: 0.0000138 seconds
[2019-12-08T11:32:46.590+0000][1][safepoint    ] Application time: 0.0005677 seconds
[2019-12-08T11:32:46.590+0000][1][safepoint    ] Entering safepoint region: Deoptimize
[2019-12-08T11:32:46.590+0000][1][safepoint    ] Leaving safepoint region
[2019-12-08T11:32:46.590+0000][1][safepoint    ] Total time for which application threads were stopped: 0.0003161 seconds, Stopping threads took: 0.0000133 seconds
[2019-12-08T11:32:47.605+0000][1][safepoint    ] Application time: 1.0144300 seconds
[2019-12-08T11:32:47.617+0000][1][safepoint    ] Entering safepoint region: Cleanup
[2019-12-08T11:32:47.617+0000][1][safepoint    ] Leaving safepoint region
[2019-12-08T11:32:47.617+0000][1][safepoint    ] Total time for which application threads were stopped: 0.0122117 seconds, Stopping threads took: 0.0121345 seconds
[2019-12-08T11:32:48.124+0000][1][safepoint    ] Application time: 0.5067793 seconds
[2019-12-08T11:32:48.124+0000][1][safepoint    ] Entering safepoint region: GenCollectForAllocation
[2019-12-08T11:32:48.124+0000][1][gc,start     ] GC(3) Pause Young (Allocation Failure)
[2019-12-08T11:32:48.124+0000][1][gc,task      ] GC(3) Using 4 workers of 4 for evacuation
[2019-12-08T11:32:48.169+0000][1][gc,age       ] GC(3) Desired survivor size 4456448 bytes, new threshold 3 (max threshold 6)
[2019-12-08T11:32:48.169+0000][1][gc,age       ] GC(3) Age table with threshold 3 (max threshold 6)
[2019-12-08T11:32:48.169+0000][1][gc,age       ] GC(3) - age   1:    3213448 bytes,    3213448 total
[2019-12-08T11:32:48.169+0000][1][gc,age       ] GC(3) - age   2:    1085752 bytes,    4299200 total
[2019-12-08T11:32:48.169+0000][1][gc,age       ] GC(3) - age   3:     953344 bytes,    5252544 total
[2019-12-08T11:32:48.169+0000][1][gc,heap      ] GC(3) ParNew: 72464K->6008K(78656K)
[2019-12-08T11:32:48.169+0000][1][gc,heap      ] GC(3) CMS: 7027K->7027K(174784K)
[2019-12-08T11:32:48.169+0000][1][gc,metaspace ] GC(3) Metaspace: 18472K->18472K(1067008K)
[2019-12-08T11:32:48.169+0000][1][gc           ] GC(3) Pause Young (Allocation Failure) 77M->12M(247M) 45.163ms
[2019-12-08T11:32:48.169+0000][1][gc,cpu       ] GC(3) User=0.02s Sys=0.00s Real=0.04s
[2019-12-08T11:32:48.169+0000][1][safepoint    ] Leaving safepoint region
[2019-12-08T11:32:48.169+0000][1][safepoint    ] Total time for which application threads were stopped: 0.0453114 seconds, Stopping threads took: 0.0000148 seconds
[2019-12-08T11:32:48.208+0000][1][safepoint    ] Application time: 0.0386743 seconds
[2019-12-08T11:32:48.238+0000][1][safepoint    ] Entering safepoint region: BulkRevokeBias
[2019-12-08T11:32:48.238+0000][1][safepoint    ] Leaving safepoint region
[2019-12-08T11:32:48.238+0000][1][safepoint    ] Total time for which application threads were stopped: 0.0303203 seconds, Stopping threads took: 0.0300778 seconds
[2019-12-08T11:32:48.239+0000][1][safepoint    ] Application time: 0.0007066 seconds
[2019-12-08T11:32:48.239+0000][1][safepoint    ] Entering safepoint region: RevokeBias
[2019-12-08T11:32:48.239+0000][1][safepoint    ] Leaving safepoint region
[2019-12-08T11:32:48.239+0000][1][safepoint    ] Total time for which application threads were stopped: 0.0000656 seconds, Stopping threads took: 0.0000105 seconds
[2019-12-08T11:32:48.241+0000][1][safepoint    ] Application time: 0.0019304 seconds
[2019-12-08T11:32:48.241+0000][1][safepoint    ] Entering safepoint region: RevokeBias
[2019-12-08T11:32:48.241+0000][1][safepoint    ] Leaving safepoint region
[2019-12-08T11:32:48.241+0000][1][safepoint    ] Total time for which application threads were stopped: 0.0000629 seconds, Stopping threads took: 0.0000111 seconds
[2019-12-08T11:32:48.241+0000][1][safepoint    ] Application time: 0.0000549 seconds
[2019-12-08T11:32:48.241+0000][1][safepoint    ] Entering safepoint region: RevokeBias
[2019-12-08T11:32:48.241+0000][1][safepoint    ] Leaving safepoint region
[2019-12-08T11:32:48.241+0000][1][safepoint    ] Total time for which application threads were stopped: 0.0000463 seconds, Stopping threads took: 0.0000074 seconds
[2019-12-08T11:32:48.241+0000][1][safepoint    ] Application time: 0.0000660 seconds
[2019-12-08T11:32:48.241+0000][1][safepoint    ] Entering safepoint region: RevokeBias
[2019-12-08T11:32:48.241+0000][1][safepoint    ] Leaving safepoint region
[2019-12-08T11:32:48.241+0000][1][safepoint    ] Total time for which application threads were stopped: 0.0000441 seconds, Stopping threads took: 0.0000073 seconds
[2019-12-08T11:32:48.241+0000][1][safepoint    ] Application time: 0.0000444 seconds
[2019-12-08T11:32:48.241+0000][1][safepoint    ] Entering safepoint region: RevokeBias
[2019-12-08T11:32:48.241+0000][1][safepoint    ] Leaving safepoint region
[2019-12-08T11:32:48.241+0000][1][safepoint    ] Total time for which application threads were stopped: 0.0000419 seconds, Stopping threads took: 0.0000070 seconds
[2019-12-08T11:32:49.051+0000][1][safepoint    ] Application time: 0.8095602 seconds
[2019-12-08T11:32:49.051+0000][1][safepoint    ] Entering safepoint region: GenCollectForAllocation
[2019-12-08T11:32:49.051+0000][1][gc,start     ] GC(4) Pause Young (Allocation Failure)
[2019-12-08T11:32:49.051+0000][1][gc,task      ] GC(4) Using 4 workers of 4 for evacuation
[2019-12-08T11:32:49.112+0000][1][gc,age       ] GC(4) Desired survivor size 4456448 bytes, new threshold 2 (max threshold 6)
[2019-12-08T11:32:49.112+0000][1][gc,age       ] GC(4) Age table with threshold 2 (max threshold 6)
[2019-12-08T11:32:49.112+0000][1][gc,age       ] GC(4) - age   1:    1991240 bytes,    1991240 total
[2019-12-08T11:32:49.112+0000][1][gc,age       ] GC(4) - age   2:    2650728 bytes,    4641968 total
[2019-12-08T11:32:49.112+0000][1][gc,age       ] GC(4) - age   3:    1085752 bytes,    5727720 total
[2019-12-08T11:32:49.112+0000][1][gc,heap      ] GC(4) ParNew: 75960K->8704K(78656K)
[2019-12-08T11:32:49.112+0000][1][gc,heap      ] GC(4) CMS: 7027K->7978K(174784K)
[2019-12-08T11:32:49.112+0000][1][gc,metaspace ] GC(4) Metaspace: 18682K->18682K(1067008K)
[2019-12-08T11:32:49.112+0000][1][gc           ] GC(4) Pause Young (Allocation Failure) 81M->16M(247M) 61.029ms
[2019-12-08T11:32:49.112+0000][1][gc,cpu       ] GC(4) User=0.03s Sys=0.01s Real=0.06s
[2019-12-08T11:32:49.112+0000][1][safepoint    ] Leaving safepoint region
[2019-12-08T11:32:49.112+0000][1][safepoint    ] Total time for which application threads were stopped: 0.0611657 seconds, Stopping threads took: 0.0000123 seconds
[2019-12-08T11:32:49.116+0000][1][safepoint    ] Application time: 0.0044054 seconds
[2019-12-08T11:32:49.129+0000][1][safepoint    ] Entering safepoint region: RevokeBias
[2019-12-08T11:32:49.129+0000][1][safepoint    ] Leaving safepoint region
[2019-12-08T11:32:49.129+0000][1][safepoint    ] Total time for which application threads were stopped: 0.0124545 seconds, Stopping threads took: 0.0123442 seconds
[2019-12-08T11:32:49.129+0000][1][safepoint    ] Application time: 0.0000663 seconds
[2019-12-08T11:32:49.129+0000][1][safepoint    ] Entering safepoint region: RevokeBias
[2019-12-08T11:32:49.129+0000][1][safepoint    ] Leaving safepoint region
[2019-12-08T11:32:49.129+0000][1][safepoint    ] Total time for which application threads were stopped: 0.0000747 seconds, Stopping threads took: 0.0000086 seconds
[2019-12-08T11:32:49.129+0000][1][safepoint    ] Application time: 0.0000571 seconds
[2019-12-08T11:32:49.129+0000][1][safepoint    ] Entering safepoint region: RevokeBias
[2019-12-08T11:32:49.129+0000][1][safepoint    ] Leaving safepoint region
[2019-12-08T11:32:49.129+0000][1][safepoint    ] Total time for which application threads were stopped: 0.0000664 seconds, Stopping threads took: 0.0000078 seconds
[2019-12-08T11:32:49.129+0000][1][safepoint    ] Application time: 0.0000470 seconds
[2019-12-08T11:32:49.129+0000][1][safepoint    ] Entering safepoint region: RevokeBias
[2019-12-08T11:32:49.129+0000][1][safepoint    ] Leaving safepoint region
[2019-12-08T11:32:49.129+0000][1][safepoint    ] Total time for which application threads were stopped: 0.0000626 seconds, Stopping threads took: 0.0000073 seconds
[2019-12-08T11:32:49.186+0000][1][safepoint    ] Application time: 0.0562311 seconds
[2019-12-08T11:32:49.186+0000][1][safepoint    ] Entering safepoint region: Deoptimize
[2019-12-08T11:32:49.186+0000][1][safepoint    ] Leaving safepoint region
[2019-12-08T11:32:49.186+0000][1][safepoint    ] Total time for which application threads were stopped: 0.0004479 seconds, Stopping threads took: 0.0000134 seconds
[2019-12-08T11:32:49.533+0000][1][safepoint    ] Application time: 0.3473267 seconds
[2019-12-08T11:32:49.533+0000][1][safepoint    ] Entering safepoint region: Deoptimize
[2019-12-08T11:32:49.534+0000][1][safepoint    ] Leaving safepoint region
[2019-12-08T11:32:49.534+0000][1][safepoint    ] Total time for which application threads were stopped: 0.0004205 seconds, Stopping threads took: 0.0000121 seconds
[2019-12-08T11:32:50.517+0000][1][safepoint    ] Application time: 0.9829029 seconds
[2019-12-08T11:32:50.517+0000][1][safepoint    ] Entering safepoint region: GenCollectForAllocation
[2019-12-08T11:32:50.517+0000][1][gc,start     ] GC(5) Pause Young (Allocation Failure)
[2019-12-08T11:32:50.517+0000][1][gc,task      ] GC(5) Using 4 workers of 4 for evacuation
[2019-12-08T11:32:50.582+0000][1][gc,age       ] GC(5) Desired survivor size 4456448 bytes, new threshold 6 (max threshold 6)
[2019-12-08T11:32:50.582+0000][1][gc,age       ] GC(5) Age table with threshold 6 (max threshold 6)
[2019-12-08T11:32:50.582+0000][1][gc,age       ] GC(5) - age   1:    2861576 bytes,    2861576 total
[2019-12-08T11:32:50.582+0000][1][gc,age       ] GC(5) - age   2:     442776 bytes,    3304352 total
[2019-12-08T11:32:50.582+0000][1][gc,heap      ] GC(5) ParNew: 78656K->6115K(78656K)
[2019-12-08T11:32:50.582+0000][1][gc,heap      ] GC(5) CMS: 7978K->11657K(174784K)
[2019-12-08T11:32:50.582+0000][1][gc,metaspace ] GC(5) Metaspace: 19021K->19021K(1067008K)
[2019-12-08T11:32:50.582+0000][1][gc           ] GC(5) Pause Young (Allocation Failure) 84M->17M(247M) 65.470ms
[2019-12-08T11:32:50.582+0000][1][gc,cpu       ] GC(5) User=0.03s Sys=0.00s Real=0.07s
[2019-12-08T11:32:50.582+0000][1][safepoint    ] Leaving safepoint region
[2019-12-08T11:32:50.582+0000][1][safepoint    ] Total time for which application threads were stopped: 0.0656316 seconds, Stopping threads took: 0.0000157 seconds
[2019-12-08T11:32:50.611+0000][1][safepoint    ] Application time: 0.0284027 seconds
[2019-12-08T11:32:50.671+0000][1][safepoint    ] Entering safepoint region: RevokeBias
[2019-12-08T11:32:50.671+0000][1][safepoint    ] Leaving safepoint region
[2019-12-08T11:32:50.671+0000][1][safepoint    ] Total time for which application threads were stopped: 0.0600233 seconds, Stopping threads took: 0.0598986 seconds
[2019-12-08T11:32:50.671+0000][1][safepoint    ] Application time: 0.0000704 seconds
[2019-12-08T11:32:50.671+0000][1][safepoint    ] Entering safepoint region: RevokeBias
[2019-12-08T11:32:50.671+0000][1][safepoint    ] Leaving safepoint region
[2019-12-08T11:32:50.671+0000][1][safepoint    ] Total time for which application threads were stopped: 0.0000529 seconds, Stopping threads took: 0.0000088 seconds
[2019-12-08T11:32:50.671+0000][1][safepoint    ] Application time: 0.0000597 seconds
[2019-12-08T11:32:50.671+0000][1][safepoint    ] Entering safepoint region: RevokeBias
[2019-12-08T11:32:50.671+0000][1][safepoint    ] Leaving safepoint region
[2019-12-08T11:32:50.671+0000][1][safepoint    ] Total time for which application threads were stopped: 0.0000416 seconds, Stopping threads took: 0.0000073 seconds
[2019-12-08T11:32:50.671+0000][1][safepoint    ] Application time: 0.0000466 seconds
[2019-12-08T11:32:50.671+0000][1][safepoint    ] Entering safepoint region: RevokeBias
[2019-12-08T11:32:50.671+0000][1][safepoint    ] Leaving safepoint region
[2019-12-08T11:32:50.671+0000][1][safepoint    ] Total time for which application threads were stopped: 0.0000426 seconds, Stopping threads took: 0.0000076 seconds
[2019-12-08T11:32:50.671+0000][1][safepoint    ] Application time: 0.0000549 seconds
[2019-12-08T11:32:50.671+0000][1][safepoint    ] Entering safepoint region: RevokeBias
[2019-12-08T11:32:50.671+0000][1][safepoint    ] Leaving safepoint region
[2019-12-08T11:32:50.671+0000][1][safepoint    ] Total time for which application threads were stopped: 0.0000413 seconds, Stopping threads took: 0.0000068 seconds
[2019-12-08T11:32:50.671+0000][1][safepoint    ] Application time: 0.0000460 seconds
[2019-12-08T11:32:50.671+0000][1][safepoint    ] Entering safepoint region: RevokeBias
[2019-12-08T11:32:50.671+0000][1][safepoint    ] Leaving safepoint region
[2019-12-08T11:32:50.671+0000][1][safepoint    ] Total time for which application threads were stopped: 0.0000417 seconds, Stopping threads took: 0.0000072 seconds
[2019-12-08T11:32:51.390+0000][1][safepoint    ] Application time: 0.7182346 seconds
[2019-12-08T11:32:51.390+0000][1][safepoint    ] Entering safepoint region: RevokeBias
[2019-12-08T11:32:51.390+0000][1][safepoint    ] Leaving safepoint region
[2019-12-08T11:32:51.390+0000][1][safepoint    ] Total time for which application threads were stopped: 0.0000844 seconds, Stopping threads took: 0.0000131 seconds
[2019-12-08T11:32:51.390+0000][1][safepoint    ] Application time: 0.0002639 seconds
[2019-12-08T11:32:51.390+0000][1][safepoint    ] Entering safepoint region: RevokeBias
[2019-12-08T11:32:51.390+0000][1][safepoint    ] Leaving safepoint region
[2019-12-08T11:32:51.390+0000][1][safepoint    ] Total time for which application threads were stopped: 0.0000596 seconds, Stopping threads took: 0.0000114 seconds
[2019-12-08T11:32:51.513+0000][1][safepoint    ] Application time: 0.1225515 seconds
[2019-12-08T11:32:51.513+0000][1][safepoint    ] Entering safepoint region: GenCollectForAllocation
[2019-12-08T11:32:51.513+0000][1][gc,start     ] GC(6) Pause Young (Allocation Failure)
[2019-12-08T11:32:51.513+0000][1][gc,task      ] GC(6) Using 4 workers of 4 for evacuation
[2019-12-08T11:32:51.536+0000][1][gc,age       ] GC(6) Desired survivor size 4456448 bytes, new threshold 6 (max threshold 6)
[2019-12-08T11:32:51.536+0000][1][gc,age       ] GC(6) Age table with threshold 6 (max threshold 6)
[2019-12-08T11:32:51.536+0000][1][gc,age       ] GC(6) - age   1:    1523056 bytes,    1523056 total
[2019-12-08T11:32:51.536+0000][1][gc,age       ] GC(6) - age   2:    2191360 bytes,    3714416 total
[2019-12-08T11:32:51.536+0000][1][gc,age       ] GC(6) - age   3:     442776 bytes,    4157192 total
[2019-12-08T11:32:51.536+0000][1][gc,heap      ] GC(6) ParNew: 76067K->4590K(78656K)
[2019-12-08T11:32:51.536+0000][1][gc,heap      ] GC(6) CMS: 11657K->11657K(174784K)
[2019-12-08T11:32:51.536+0000][1][gc,metaspace ] GC(6) Metaspace: 19325K->19325K(1067008K)
[2019-12-08T11:32:51.536+0000][1][gc           ] GC(6) Pause Young (Allocation Failure) 85M->15M(247M) 23.073ms
[2019-12-08T11:32:51.536+0000][1][gc,cpu       ] GC(6) User=0.03s Sys=0.00s Real=0.02s
[2019-12-08T11:32:51.536+0000][1][safepoint    ] Leaving safepoint region
[2019-12-08T11:32:51.536+0000][1][safepoint    ] Total time for which application threads were stopped: 0.0232207 seconds, Stopping threads took: 0.0000157 seconds
[2019-12-08T11:32:51.538+0000][1][safepoint    ] Application time: 0.0018110 seconds
[2019-12-08T11:32:51.538+0000][1][safepoint    ] Entering safepoint region: RevokeBias
[2019-12-08T11:32:51.538+0000][1][safepoint    ] Leaving safepoint region
[2019-12-08T11:32:51.538+0000][1][safepoint    ] Total time for which application threads were stopped: 0.0003171 seconds, Stopping threads took: 0.0002351 seconds
[2019-12-08T11:32:51.538+0000][1][safepoint    ] Application time: 0.0000670 seconds
[2019-12-08T11:32:51.538+0000][1][safepoint    ] Entering safepoint region: RevokeBias
[2019-12-08T11:32:51.538+0000][1][safepoint    ] Leaving safepoint region
[2019-12-08T11:32:51.538+0000][1][safepoint    ] Total time for which application threads were stopped: 0.0000588 seconds, Stopping threads took: 0.0000085 seconds
[2019-12-08T11:32:51.538+0000][1][safepoint    ] Application time: 0.0000613 seconds
[2019-12-08T11:32:51.538+0000][1][safepoint    ] Entering safepoint region: BulkRevokeBias
[2019-12-08T11:32:51.538+0000][1][safepoint    ] Leaving safepoint region
[2019-12-08T11:32:51.538+0000][1][safepoint    ] Total time for which application threads were stopped: 0.0000859 seconds, Stopping threads took: 0.0000083 seconds
[2019-12-08T11:32:51.539+0000][1][safepoint    ] Application time: 0.0000548 seconds
[2019-12-08T11:32:51.539+0000][1][safepoint    ] Entering safepoint region: BulkRevokeBias
[2019-12-08T11:32:51.539+0000][1][safepoint    ] Leaving safepoint region
[2019-12-08T11:32:51.539+0000][1][safepoint    ] Total time for which application threads were stopped: 0.0000769 seconds, Stopping threads took: 0.0000084 seconds
[2019-12-08T11:32:51.967+0000][1][safepoint    ] Application time: 0.4280724 seconds
[2019-12-08T11:32:51.967+0000][1][safepoint    ] Entering safepoint region: GenCollectForAllocation
[2019-12-08T11:32:51.967+0000][1][gc,start     ] GC(7) Pause Young (Allocation Failure)
[2019-12-08T11:32:51.967+0000][1][gc,task      ] GC(7) Using 4 workers of 4 for evacuation
[2019-12-08T11:32:51.999+0000][1][gc,age       ] GC(7) Desired survivor size 4456448 bytes, new threshold 6 (max threshold 6)
[2019-12-08T11:32:51.999+0000][1][gc,age       ] GC(7) Age table with threshold 6 (max threshold 6)
[2019-12-08T11:32:51.999+0000][1][gc,age       ] GC(7) - age   1:     397464 bytes,     397464 total
[2019-12-08T11:32:51.999+0000][1][gc,age       ] GC(7) - age   2:    1129760 bytes,    1527224 total
[2019-12-08T11:32:51.999+0000][1][gc,age       ] GC(7) - age   3:    2191280 bytes,    3718504 total
[2019-12-08T11:32:51.999+0000][1][gc,age       ] GC(7) - age   4:     442776 bytes,    4161280 total
[2019-12-08T11:32:51.999+0000][1][gc,heap      ] GC(7) ParNew: 74542K->5753K(78656K)
[2019-12-08T11:32:51.999+0000][1][gc,heap      ] GC(7) CMS: 11657K->11657K(174784K)
[2019-12-08T11:32:51.999+0000][1][gc,metaspace ] GC(7) Metaspace: 19603K->19603K(1067008K)
[2019-12-08T11:32:51.999+0000][1][gc           ] GC(7) Pause Young (Allocation Failure) 84M->17M(247M) 32.129ms
[2019-12-08T11:32:51.999+0000][1][gc,cpu       ] GC(7) User=0.03s Sys=0.00s Real=0.03s
[2019-12-08T11:32:51.999+0000][1][safepoint    ] Leaving safepoint region
[2019-12-08T11:32:51.999+0000][1][safepoint    ] Total time for which application threads were stopped: 0.0322635 seconds, Stopping threads took: 0.0000134 seconds
[2019-12-08T11:32:52.492+0000][1][safepoint    ] Application time: 0.4929948 seconds
[2019-12-08T11:32:52.492+0000][1][safepoint    ] Entering safepoint region: CollectForMetadataAllocation
[2019-12-08T11:32:52.492+0000][1][safepoint    ] Leaving safepoint region
[2019-12-08T11:32:52.492+0000][1][safepoint    ] Total time for which application threads were stopped: 0.0002556 seconds, Stopping threads took: 0.0000140 seconds
[2019-12-08T11:32:52.721+0000][1][safepoint    ] Application time: 0.2286178 seconds
[2019-12-08T11:32:52.721+0000][1][safepoint    ] Entering safepoint region: CollectForMetadataAllocation
[2019-12-08T11:32:52.721+0000][1][safepoint    ] Leaving safepoint region
[2019-12-08T11:32:52.721+0000][1][safepoint    ] Total time for which application threads were stopped: 0.0002483 seconds, Stopping threads took: 0.0000160 seconds
[2019-12-08T11:32:53.438+0000][1][safepoint    ] Application time: 0.7163304 seconds
[2019-12-08T11:32:53.438+0000][1][safepoint    ] Entering safepoint region: GenCollectForAllocation
[2019-12-08T11:32:53.438+0000][1][gc,start     ] GC(8) Pause Young (Allocation Failure)
[2019-12-08T11:32:53.438+0000][1][gc,task      ] GC(8) Using 4 workers of 4 for evacuation
[2019-12-08T11:32:53.488+0000][1][gc,age       ] GC(8) Desired survivor size 4456448 bytes, new threshold 4 (max threshold 6)
[2019-12-08T11:32:53.489+0000][1][gc,age       ] GC(8) Age table with threshold 4 (max threshold 6)
[2019-12-08T11:32:53.489+0000][1][gc,age       ] GC(8) - age   1:     920048 bytes,     920048 total
[2019-12-08T11:32:53.489+0000][1][gc,age       ] GC(8) - age   2:     364112 bytes,    1284160 total
[2019-12-08T11:32:53.489+0000][1][gc,age       ] GC(8) - age   3:    1129616 bytes,    2413776 total
[2019-12-08T11:32:53.489+0000][1][gc,age       ] GC(8) - age   4:    2189064 bytes,    4602840 total
[2019-12-08T11:32:53.489+0000][1][gc,age       ] GC(8) - age   5:     442776 bytes,    5045616 total
[2019-12-08T11:32:53.489+0000][1][gc,heap      ] GC(8) ParNew: 75705K->6269K(78656K)
[2019-12-08T11:32:53.489+0000][1][gc,heap      ] GC(8) CMS: 11657K->11657K(174784K)
[2019-12-08T11:32:53.489+0000][1][gc,metaspace ] GC(8) Metaspace: 20405K->20405K(1069056K)
[2019-12-08T11:32:53.489+0000][1][gc           ] GC(8) Pause Young (Allocation Failure) 85M->17M(247M) 50.899ms
[2019-12-08T11:32:53.489+0000][1][gc,cpu       ] GC(8) User=0.01s Sys=0.00s Real=0.05s
[2019-12-08T11:32:53.489+0000][1][safepoint    ] Leaving safepoint region
[2019-12-08T11:32:53.489+0000][1][safepoint    ] Total time for which application threads were stopped: 0.0510640 seconds, Stopping threads took: 0.0000139 seconds
[2019-12-08T11:32:53.493+0000][1][safepoint    ] Application time: 0.0041878 seconds
[2019-12-08T11:32:53.505+0000][1][safepoint    ] Entering safepoint region: CMS_Initial_Mark
[2019-12-08T11:32:53.505+0000][1][gc,start     ] GC(9) Pause Initial Mark
[2019-12-08T11:32:53.509+0000][1][gc           ] GC(9) Pause Initial Mark 22M->22M(247M) 4.092ms
[2019-12-08T11:32:53.509+0000][1][gc,cpu       ] GC(9) User=0.01s Sys=0.00s Real=0.00s
[2019-12-08T11:32:53.509+0000][1][safepoint    ] Leaving safepoint region
[2019-12-08T11:32:53.509+0000][1][safepoint    ] Total time for which application threads were stopped: 0.0165205 seconds, Stopping threads took: 0.0123190 seconds
[2019-12-08T11:32:53.509+0000][1][gc           ] GC(9) Concurrent Mark
[2019-12-08T11:32:53.578+0000][1][gc           ] GC(9) Concurrent Mark 68.361ms
[2019-12-08T11:32:53.578+0000][1][gc,cpu       ] GC(9) User=0.03s Sys=0.00s Real=0.07s
[2019-12-08T11:32:53.578+0000][1][gc           ] GC(9) Concurrent Preclean
[2019-12-08T11:32:53.578+0000][1][gc           ] GC(9) Concurrent Preclean 0.409ms
[2019-12-08T11:32:53.578+0000][1][gc,cpu       ] GC(9) User=0.00s Sys=0.00s Real=0.00s
[2019-12-08T11:32:53.578+0000][1][gc           ] GC(9) Concurrent Abortable Preclean
[2019-12-08T11:32:54.375+0000][1][safepoint    ] Application time: 0.8653401 seconds
[2019-12-08T11:32:54.375+0000][1][safepoint    ] Entering safepoint region: GenCollectForAllocation
[2019-12-08T11:32:54.375+0000][1][gc,start     ] GC(10) Pause Young (Allocation Failure)
[2019-12-08T11:32:54.375+0000][1][gc,task      ] GC(10) Using 4 workers of 4 for evacuation
[2019-12-08T11:32:54.448+0000][1][gc,age       ] GC(10) Desired survivor size 4456448 bytes, new threshold 6 (max threshold 6)
[2019-12-08T11:32:54.448+0000][1][gc,age       ] GC(10) Age table with threshold 6 (max threshold 6)
[2019-12-08T11:32:54.448+0000][1][gc,age       ] GC(10) - age   1:    1078400 bytes,    1078400 total
[2019-12-08T11:32:54.448+0000][1][gc,age       ] GC(10) - age   2:     647352 bytes,    1725752 total
[2019-12-08T11:32:54.448+0000][1][gc,age       ] GC(10) - age   3:     364112 bytes,    2089864 total
[2019-12-08T11:32:54.448+0000][1][gc,age       ] GC(10) - age   4:    1129616 bytes,    3219480 total
[2019-12-08T11:32:54.448+0000][1][gc,heap      ] GC(10) ParNew: 76221K->5262K(78656K)
[2019-12-08T11:32:54.448+0000][1][gc,heap      ] GC(10) CMS: 11657K->14245K(174784K)
[2019-12-08T11:32:54.448+0000][1][gc,metaspace ] GC(10) Metaspace: 20511K->20511K(1069056K)
[2019-12-08T11:32:54.448+0000][1][gc           ] GC(10) Pause Young (Allocation Failure) 85M->19M(247M) 73.157ms
[2019-12-08T11:32:54.448+0000][1][gc,cpu       ] GC(10) User=0.04s Sys=0.00s Real=0.07s
[2019-12-08T11:32:54.448+0000][1][safepoint    ] Leaving safepoint region
[2019-12-08T11:32:54.448+0000][1][safepoint    ] Total time for which application threads were stopped: 0.0732913 seconds, Stopping threads took: 0.0000128 seconds
[2019-12-08T11:32:54.954+0000][1][gc           ] GC(9) Concurrent Abortable Preclean 1375.384ms
[2019-12-08T11:32:54.954+0000][1][gc,cpu       ] GC(9) User=0.72s Sys=0.01s Real=1.38s
[2019-12-08T11:32:54.959+0000][1][safepoint    ] Application time: 0.5108487 seconds
[2019-12-08T11:32:54.991+0000][1][safepoint    ] Entering safepoint region: CMS_Final_Remark
[2019-12-08T11:32:54.991+0000][1][gc,start     ] GC(9) Pause Remark
[2019-12-08T11:32:55.025+0000][1][gc           ] GC(9) Pause Remark 65M->65M(247M) 33.649ms
[2019-12-08T11:32:55.025+0000][1][gc,cpu       ] GC(9) User=0.03s Sys=0.00s Real=0.03s
[2019-12-08T11:32:55.025+0000][1][safepoint    ] Leaving safepoint region
[2019-12-08T11:32:55.025+0000][1][safepoint    ] Total time for which application threads were stopped: 0.0660684 seconds, Stopping threads took: 0.0322918 seconds
[2019-12-08T11:32:55.027+0000][1][gc           ] GC(9) Concurrent Sweep
[2019-12-08T11:32:55.036+0000][1][gc           ] GC(9) Concurrent Sweep 9.645ms
[2019-12-08T11:32:55.036+0000][1][gc,cpu       ] GC(9) User=0.01s Sys=0.00s Real=0.01s
[2019-12-08T11:32:55.036+0000][1][gc           ] GC(9) Concurrent Reset
[2019-12-08T11:32:55.049+0000][1][gc           ] GC(9) Concurrent Reset 12.381ms
[2019-12-08T11:32:55.049+0000][1][gc,cpu       ] GC(9) User=0.01s Sys=0.00s Real=0.01s
[2019-12-08T11:32:55.049+0000][1][gc,heap      ] GC(9) Old: 11657K->14220K(174784K)
[2019-12-08T11:32:55.234+0000][1][safepoint    ] Application time: 0.2086014 seconds
[2019-12-08T11:32:55.234+0000][1][safepoint    ] Entering safepoint region: GenCollectForAllocation
[2019-12-08T11:32:55.234+0000][1][gc,start     ] GC(11) Pause Young (Allocation Failure)
[2019-12-08T11:32:55.234+0000][1][gc,task      ] GC(11) Using 4 workers of 4 for evacuation
[2019-12-08T11:32:55.301+0000][1][gc,age       ] GC(11) Desired survivor size 4456448 bytes, new threshold 6 (max threshold 6)
[2019-12-08T11:32:55.301+0000][1][gc,age       ] GC(11) Age table with threshold 6 (max threshold 6)
[2019-12-08T11:32:55.301+0000][1][gc,age       ] GC(11) - age   1:     942528 bytes,     942528 total
[2019-12-08T11:32:55.301+0000][1][gc,age       ] GC(11) - age   2:      97608 bytes,    1040136 total
[2019-12-08T11:32:55.301+0000][1][gc,age       ] GC(11) - age   3:     647304 bytes,    1687440 total
[2019-12-08T11:32:55.301+0000][1][gc,age       ] GC(11) - age   4:     364008 bytes,    2051448 total
[2019-12-08T11:32:55.301+0000][1][gc,age       ] GC(11) - age   5:    1129328 bytes,    3180776 total
[2019-12-08T11:32:55.301+0000][1][gc,heap      ] GC(11) ParNew: 75214K->3513K(78656K)
[2019-12-08T11:32:55.301+0000][1][gc,heap      ] GC(11) CMS: 14220K->14220K(174784K)
[2019-12-08T11:32:55.301+0000][1][gc,metaspace ] GC(11) Metaspace: 20600K->20600K(1069056K)
[2019-12-08T11:32:55.301+0000][1][gc           ] GC(11) Pause Young (Allocation Failure) 87M->17M(247M) 66.610ms
[2019-12-08T11:32:55.301+0000][1][gc,cpu       ] GC(11) User=0.02s Sys=0.00s Real=0.07s
[2019-12-08T11:32:55.301+0000][1][safepoint    ] Leaving safepoint region
[2019-12-08T11:32:55.301+0000][1][safepoint    ] Total time for which application threads were stopped: 0.0671520 seconds, Stopping threads took: 0.0000185 seconds
[2019-12-08T11:32:56.316+0000][1][safepoint    ] Application time: 1.0148356 seconds
[2019-12-08T11:32:56.347+0000][1][safepoint    ] Entering safepoint region: Cleanup
[2019-12-08T11:32:56.347+0000][1][safepoint    ] Leaving safepoint region
[2019-12-08T11:32:56.347+0000][1][safepoint    ] Total time for which application threads were stopped: 0.0314415 seconds, Stopping threads took: 0.0313693 seconds
[2019-12-08T11:32:57.350+0000][1][safepoint    ] Application time: 1.0025146 seconds
[2019-12-08T11:32:57.404+0000][1][safepoint    ] Entering safepoint region: Cleanup
[2019-12-08T11:32:57.404+0000][1][safepoint    ] Leaving safepoint region
[2019-12-08T11:32:57.404+0000][1][safepoint    ] Total time for which application threads were stopped: 0.0539924 seconds, Stopping threads took: 0.0539053 seconds
[2019-12-08T11:32:57.418+0000][1][safepoint    ] Application time: 0.0139710 seconds
[2019-12-08T11:32:57.418+0000][1][safepoint    ] Entering safepoint region: GenCollectForAllocation
[2019-12-08T11:32:57.418+0000][1][gc,start     ] GC(12) Pause Young (Allocation Failure)
[2019-12-08T11:32:57.418+0000][1][gc,task      ] GC(12) Using 4 workers of 4 for evacuation
[2019-12-08T11:32:57.446+0000][1][gc,age       ] GC(12) Desired survivor size 4456448 bytes, new threshold 6 (max threshold 6)
[2019-12-08T11:32:57.446+0000][1][gc,age       ] GC(12) Age table with threshold 6 (max threshold 6)
[2019-12-08T11:32:57.446+0000][1][gc,age       ] GC(12) - age   1:    1032736 bytes,    1032736 total
[2019-12-08T11:32:57.446+0000][1][gc,age       ] GC(12) - age   2:     305568 bytes,    1338304 total
[2019-12-08T11:32:57.446+0000][1][gc,age       ] GC(12) - age   3:      97608 bytes,    1435912 total
[2019-12-08T11:32:57.446+0000][1][gc,age       ] GC(12) - age   4:     647240 bytes,    2083152 total
[2019-12-08T11:32:57.446+0000][1][gc,age       ] GC(12) - age   5:     364008 bytes,    2447160 total
[2019-12-08T11:32:57.446+0000][1][gc,age       ] GC(12) - age   6:    1129328 bytes,    3576488 total
[2019-12-08T11:32:57.446+0000][1][gc,heap      ] GC(12) ParNew: 73465K->4753K(78656K)
[2019-12-08T11:32:57.446+0000][1][gc,heap      ] GC(12) CMS: 14220K->14220K(174784K)
[2019-12-08T11:32:57.446+0000][1][gc,metaspace ] GC(12) Metaspace: 22805K->22805K(1071104K)
[2019-12-08T11:32:57.446+0000][1][gc           ] GC(12) Pause Young (Allocation Failure) 85M->18M(247M) 27.899ms
[2019-12-08T11:32:57.446+0000][1][gc,cpu       ] GC(12) User=0.01s Sys=0.00s Real=0.03s
[2019-12-08T11:32:57.446+0000][1][safepoint    ] Leaving safepoint region
[2019-12-08T11:32:57.446+0000][1][safepoint    ] Total time for which application threads were stopped: 0.0280349 seconds, Stopping threads took: 0.0000158 seconds
[2019-12-08T11:32:58.123+0000][1][safepoint    ] Application time: 0.6772361 seconds
[2019-12-08T11:32:58.123+0000][1][safepoint    ] Entering safepoint region: Deoptimize
[2019-12-08T11:32:58.124+0000][1][safepoint    ] Leaving safepoint region
[2019-12-08T11:32:58.124+0000][1][safepoint    ] Total time for which application threads were stopped: 0.0006692 seconds, Stopping threads took: 0.0000139 seconds
[2019-12-08T11:32:58.501+0000][1][safepoint    ] Application time: 0.3768660 seconds
[2019-12-08T11:32:58.501+0000][1][safepoint    ] Entering safepoint region: Deoptimize
[2019-12-08T11:32:58.501+0000][1][safepoint    ] Leaving safepoint region
[2019-12-08T11:32:58.501+0000][1][safepoint    ] Total time for which application threads were stopped: 0.0005025 seconds, Stopping threads took: 0.0000129 seconds
[2019-12-08T11:32:58.615+0000][1][safepoint    ] Application time: 0.1134101 seconds
[2019-12-08T11:32:58.615+0000][1][safepoint    ] Entering safepoint region: Deoptimize
[2019-12-08T11:32:58.615+0000][1][safepoint    ] Leaving safepoint region
[2019-12-08T11:32:58.615+0000][1][safepoint    ] Total time for which application threads were stopped: 0.0007054 seconds, Stopping threads took: 0.0002350 seconds
[2019-12-08T11:32:58.650+0000][1][safepoint    ] Application time: 0.0346721 seconds
[2019-12-08T11:32:58.650+0000][1][safepoint    ] Entering safepoint region: Deoptimize
[2019-12-08T11:32:58.651+0000][1][safepoint    ] Leaving safepoint region
[2019-12-08T11:32:58.651+0000][1][safepoint    ] Total time for which application threads were stopped: 0.0005145 seconds, Stopping threads took: 0.0000134 seconds
[2019-12-08T11:32:58.857+0000][1][safepoint    ] Application time: 0.2061475 seconds
[2019-12-08T11:32:58.857+0000][1][safepoint    ] Entering safepoint region: RevokeBias
[2019-12-08T11:32:58.857+0000][1][safepoint    ] Leaving safepoint region
[2019-12-08T11:32:58.857+0000][1][safepoint    ] Total time for which application threads were stopped: 0.0000796 seconds, Stopping threads took: 0.0000144 seconds
[2019-12-08T11:32:59.861+0000][1][safepoint    ] Application time: 1.0038633 seconds
[2019-12-08T11:32:59.885+0000][1][safepoint    ] Entering safepoint region: Cleanup
[2019-12-08T11:32:59.885+0000][1][safepoint    ] Leaving safepoint region
[2019-12-08T11:32:59.885+0000][1][safepoint    ] Total time for which application threads were stopped: 0.0240602 seconds, Stopping threads took: 0.0240034 seconds
[2019-12-08T11:33:00.886+0000][1][safepoint    ] Application time: 1.0009756 seconds
[2019-12-08T11:33:00.947+0000][1][safepoint    ] Entering safepoint region: Cleanup
[2019-12-08T11:33:00.947+0000][1][safepoint    ] Leaving safepoint region
[2019-12-08T11:33:00.947+0000][1][safepoint    ] Total time for which application threads were stopped: 0.0611966 seconds, Stopping threads took: 0.0609407 seconds
[2019-12-08T11:33:01.046+0000][1][safepoint    ] Application time: 0.0992512 seconds
[2019-12-08T11:33:01.046+0000][1][safepoint    ] Entering safepoint region: RevokeBias
[2019-12-08T11:33:01.046+0000][1][safepoint    ] Leaving safepoint region
[2019-12-08T11:33:01.046+0000][1][safepoint    ] Total time for which application threads were stopped: 0.0000894 seconds, Stopping threads took: 0.0000144 seconds
[2019-12-08T11:33:02.386+0000][1][safepoint    ] Application time: 1.3395580 seconds
[2019-12-08T11:33:02.386+0000][1][safepoint    ] Entering safepoint region: GenCollectForAllocation
[2019-12-08T11:33:02.386+0000][1][gc,start     ] GC(13) Pause Young (Allocation Failure)
[2019-12-08T11:33:02.386+0000][1][gc,task      ] GC(13) Using 4 workers of 4 for evacuation
[2019-12-08T11:33:02.464+0000][1][gc,age       ] GC(13) Desired survivor size 4456448 bytes, new threshold 1 (max threshold 6)
[2019-12-08T11:33:02.464+0000][1][gc,age       ] GC(13) Age table with threshold 1 (max threshold 6)
[2019-12-08T11:33:02.464+0000][1][gc,age       ] GC(13) - age   1:    6783752 bytes,    6783752 total
[2019-12-08T11:33:02.464+0000][1][gc,age       ] GC(13) - age   2:     695408 bytes,    7479160 total
[2019-12-08T11:33:02.464+0000][1][gc,age       ] GC(13) - age   3:     305272 bytes,    7784432 total
[2019-12-08T11:33:02.464+0000][1][gc,age       ] GC(13) - age   4:      97424 bytes,    7881856 total
[2019-12-08T11:33:02.464+0000][1][gc,age       ] GC(13) - age   5:     644200 bytes,    8526056 total
[2019-12-08T11:33:02.464+0000][1][gc,age       ] GC(13) - age   6:     361816 bytes,    8887872 total
[2019-12-08T11:33:02.464+0000][1][gc,heap      ] GC(13) ParNew: 74705K->8704K(78656K)
[2019-12-08T11:33:02.464+0000][1][gc,heap      ] GC(13) CMS: 14220K->21917K(174784K)
[2019-12-08T11:33:02.464+0000][1][gc,metaspace ] GC(13) Metaspace: 27078K->27078K(1075200K)
[2019-12-08T11:33:02.464+0000][1][gc           ] GC(13) Pause Young (Allocation Failure) 86M->29M(247M) 78.061ms
[2019-12-08T11:33:02.464+0000][1][gc,cpu       ] GC(13) User=0.09s Sys=0.00s Real=0.08s
[2019-12-08T11:33:02.464+0000][1][safepoint    ] Leaving safepoint region
[2019-12-08T11:33:02.464+0000][1][safepoint    ] Total time for which application threads were stopped: 0.0782490 seconds, Stopping threads took: 0.0000286 seconds
[2019-12-08T11:33:03.466+0000][1][safepoint    ] Application time: 1.0014312 seconds
[2019-12-08T11:33:03.466+0000][1][safepoint    ] Entering safepoint region: Cleanup
[2019-12-08T11:33:03.466+0000][1][safepoint    ] Leaving safepoint region
[2019-12-08T11:33:03.466+0000][1][safepoint    ] Total time for which application threads were stopped: 0.0000985 seconds, Stopping threads took: 0.0000571 seconds
[2019-12-08T11:33:04.966+0000][1][safepoint    ] Application time: 1.4998488 seconds
[2019-12-08T11:33:04.966+0000][1][safepoint    ] Entering safepoint region: Deoptimize
[2019-12-08T11:33:04.966+0000][1][safepoint    ] Leaving safepoint region
[2019-12-08T11:33:04.966+0000][1][safepoint    ] Total time for which application threads were stopped: 0.0005197 seconds, Stopping threads took: 0.0000157 seconds
[2019-12-08T11:33:05.927+0000][1][safepoint    ] Application time: 0.9604297 seconds
[2019-12-08T11:33:05.927+0000][1][safepoint    ] Entering safepoint region: GenCollectForAllocation
[2019-12-08T11:33:05.927+0000][1][gc,start     ] GC(14) Pause Young (Allocation Failure)
[2019-12-08T11:33:05.927+0000][1][gc,task      ] GC(14) Using 4 workers of 4 for evacuation
[2019-12-08T11:33:06.095+0000][1][gc,age       ] GC(14) Desired survivor size 4456448 bytes, new threshold 1 (max threshold 6)
[2019-12-08T11:33:06.095+0000][1][gc,age       ] GC(14) Age table with threshold 1 (max threshold 6)
[2019-12-08T11:33:06.095+0000][1][gc,age       ] GC(14) - age   1:    8912760 bytes,    8912760 total
[2019-12-08T11:33:06.095+0000][1][gc,heap      ] GC(14) ParNew: 78656K->8704K(78656K)
[2019-12-08T11:33:06.095+0000][1][gc,heap      ] GC(14) CMS: 21917K->35489K(174784K)
[2019-12-08T11:33:06.095+0000][1][gc,metaspace ] GC(14) Metaspace: 27229K->27229K(1075200K)
[2019-12-08T11:33:06.095+0000][1][gc           ] GC(14) Pause Young (Allocation Failure) 98M->43M(247M) 167.899ms
[2019-12-08T11:33:06.095+0000][1][gc,cpu       ] GC(14) User=0.14s Sys=0.00s Real=0.17s
[2019-12-08T11:33:06.095+0000][1][safepoint    ] Leaving safepoint region
[2019-12-08T11:33:06.095+0000][1][safepoint    ] Total time for which application threads were stopped: 0.1680572 seconds, Stopping threads took: 0.0000149 seconds
[2019-12-08T11:33:08.101+0000][1][safepoint    ] Application time: 2.0058901 seconds
[2019-12-08T11:33:08.149+0000][1][safepoint    ] Entering safepoint region: Cleanup
[2019-12-08T11:33:08.149+0000][1][safepoint    ] Leaving safepoint region
[2019-12-08T11:33:08.149+0000][1][safepoint    ] Total time for which application threads were stopped: 0.0482351 seconds, Stopping threads took: 0.0481649 seconds
[2019-12-08T11:33:08.471+0000][1][safepoint    ] Application time: 0.3221064 seconds
[2019-12-08T11:33:08.471+0000][1][safepoint    ] Entering safepoint region: RevokeBias
[2019-12-08T11:33:08.471+0000][1][safepoint    ] Leaving safepoint region
[2019-12-08T11:33:08.471+0000][1][safepoint    ] Total time for which application threads were stopped: 0.0001131 seconds, Stopping threads took: 0.0000139 seconds
[2019-12-08T11:33:09.454+0000][1][safepoint    ] Application time: 0.9828184 seconds
[2019-12-08T11:33:09.454+0000][1][safepoint    ] Entering safepoint region: GenCollectForAllocation
[2019-12-08T11:33:09.454+0000][1][gc,start     ] GC(15) Pause Young (Allocation Failure)
[2019-12-08T11:33:09.454+0000][1][gc,task      ] GC(15) Using 4 workers of 4 for evacuation
[2019-12-08T11:33:09.847+0000][1][gc,age       ] GC(15) Desired survivor size 4456448 bytes, new threshold 1 (max threshold 6)
[2019-12-08T11:33:09.847+0000][1][gc,age       ] GC(15) Age table with threshold 1 (max threshold 6)
[2019-12-08T11:33:09.847+0000][1][gc,age       ] GC(15) - age   1:    5354472 bytes,    5354472 total
[2019-12-08T11:33:09.847+0000][1][gc,heap      ] GC(15) ParNew: 78656K->8704K(78656K)
[2019-12-08T11:33:09.847+0000][1][gc,heap      ] GC(15) CMS: 35489K->50211K(174784K)
[2019-12-08T11:33:09.847+0000][1][gc,metaspace ] GC(15) Metaspace: 29680K->29680K(1077248K)
[2019-12-08T11:33:09.847+0000][1][gc           ] GC(15) Pause Young (Allocation Failure) 111M->57M(247M) 392.952ms
[2019-12-08T11:33:09.847+0000][1][gc,cpu       ] GC(15) User=0.14s Sys=0.00s Real=0.39s
[2019-12-08T11:33:09.847+0000][1][safepoint    ] Leaving safepoint region
[2019-12-08T11:33:09.847+0000][1][safepoint    ] Total time for which application threads were stopped: 0.3931361 seconds, Stopping threads took: 0.0000146 seconds
[2019-12-08T11:33:10.077+0000][1][safepoint    ] Application time: 0.2294542 seconds
[2019-12-08T11:33:10.077+0000][1][safepoint    ] Entering safepoint region: RevokeBias
[2019-12-08T11:33:10.077+0000][1][safepoint    ] Leaving safepoint region
[2019-12-08T11:33:10.077+0000][1][safepoint    ] Total time for which application threads were stopped: 0.0000915 seconds, Stopping threads took: 0.0000142 seconds
[2019-12-08T11:33:10.253+0000][1][safepoint    ] Application time: 0.1758618 seconds
[2019-12-08T11:33:10.253+0000][1][safepoint    ] Entering safepoint region: RevokeBias
[2019-12-08T11:33:10.253+0000][1][safepoint    ] Leaving safepoint region
[2019-12-08T11:33:10.253+0000][1][safepoint    ] Total time for which application threads were stopped: 0.0000973 seconds, Stopping threads took: 0.0000128 seconds
[2019-12-08T11:33:10.274+0000][1][safepoint    ] Application time: 0.0210526 seconds
[2019-12-08T11:33:10.274+0000][1][safepoint    ] Entering safepoint region: RevokeBias
[2019-12-08T11:33:10.274+0000][1][safepoint    ] Leaving safepoint region
[2019-12-08T11:33:10.274+0000][1][safepoint    ] Total time for which application threads were stopped: 0.0000795 seconds, Stopping threads took: 0.0000140 seconds
[2019-12-08T11:33:10.301+0000][1][safepoint    ] Application time: 0.0266262 seconds
[2019-12-08T11:33:10.301+0000][1][safepoint    ] Entering safepoint region: RevokeBias
[2019-12-08T11:33:10.301+0000][1][safepoint    ] Leaving safepoint region
[2019-12-08T11:33:10.301+0000][1][safepoint    ] Total time for which application threads were stopped: 0.0000739 seconds, Stopping threads took: 0.0000136 seconds
[2019-12-08T11:33:11.303+0000][1][safepoint    ] Application time: 1.0022151 seconds
[2019-12-08T11:33:11.334+0000][1][safepoint    ] Entering safepoint region: Cleanup
[2019-12-08T11:33:11.334+0000][1][safepoint    ] Leaving safepoint region
[2019-12-08T11:33:11.334+0000][1][safepoint    ] Total time for which application threads were stopped: 0.0308328 seconds, Stopping threads took: 0.0307643 seconds
[2019-12-08T11:33:11.335+0000][1][safepoint    ] Application time: 0.0010300 seconds
[2019-12-08T11:33:11.335+0000][1][safepoint    ] Entering safepoint region: GenCollectForAllocation
[2019-12-08T11:33:11.335+0000][1][gc,start     ] GC(16) Pause Young (Allocation Failure)
[2019-12-08T11:33:11.335+0000][1][gc,task      ] GC(16) Using 4 workers of 4 for evacuation
[2019-12-08T11:33:11.473+0000][1][gc,age       ] GC(16) Desired survivor size 4456448 bytes, new threshold 6 (max threshold 6)
[2019-12-08T11:33:11.473+0000][1][gc,age       ] GC(16) Age table with threshold 6 (max threshold 6)
[2019-12-08T11:33:11.473+0000][1][gc,age       ] GC(16) - age   1:    1217232 bytes,    1217232 total
[2019-12-08T11:33:11.473+0000][1][gc,heap      ] GC(16) ParNew: 78656K->6009K(78656K)
[2019-12-08T11:33:11.473+0000][1][gc,heap      ] GC(16) CMS: 50211K->55483K(174784K)
[2019-12-08T11:33:11.473+0000][1][gc,metaspace ] GC(16) Metaspace: 32966K->32966K(1079296K)
[2019-12-08T11:33:11.473+0000][1][gc           ] GC(16) Pause Young (Allocation Failure) 125M->60M(247M) 138.064ms
[2019-12-08T11:33:11.473+0000][1][gc,cpu       ] GC(16) User=0.06s Sys=0.00s Real=0.14s
[2019-12-08T11:33:11.473+0000][1][safepoint    ] Leaving safepoint region
[2019-12-08T11:33:11.473+0000][1][safepoint    ] Total time for which application threads were stopped: 0.1381929 seconds, Stopping threads took: 0.0000139 seconds
[2019-12-08T11:33:12.477+0000][1][safepoint    ] Application time: 1.0035511 seconds
[2019-12-08T11:33:12.501+0000][1][safepoint    ] Entering safepoint region: Cleanup
[2019-12-08T11:33:12.501+0000][1][safepoint    ] Leaving safepoint region
[2019-12-08T11:33:12.501+0000][1][safepoint    ] Total time for which application threads were stopped: 0.0242063 seconds, Stopping threads took: 0.0241173 seconds
[2019-12-08T11:33:12.994+0000][1][safepoint    ] Application time: 0.4927434 seconds
[2019-12-08T11:33:12.994+0000][1][safepoint    ] Entering safepoint region: CollectForMetadataAllocation
[2019-12-08T11:33:12.994+0000][1][safepoint    ] Leaving safepoint region
[2019-12-08T11:33:12.994+0000][1][safepoint    ] Total time for which application threads were stopped: 0.0002235 seconds, Stopping threads took: 0.0000129 seconds
[2019-12-08T11:33:13.464+0000][1][safepoint    ] Application time: 0.4697495 seconds
[2019-12-08T11:33:13.464+0000][1][safepoint    ] Entering safepoint region: CollectForMetadataAllocation
[2019-12-08T11:33:13.464+0000][1][safepoint    ] Leaving safepoint region
[2019-12-08T11:33:13.464+0000][1][safepoint    ] Total time for which application threads were stopped: 0.0002828 seconds, Stopping threads took: 0.0000245 seconds
[2019-12-08T11:33:13.502+0000][1][safepoint    ] Application time: 0.0379703 seconds
[2019-12-08T11:33:13.502+0000][1][safepoint    ] Entering safepoint region: CMS_Initial_Mark
[2019-12-08T11:33:13.502+0000][1][gc,start     ] GC(17) Pause Initial Mark
[2019-12-08T11:33:13.574+0000][1][gc           ] GC(17) Pause Initial Mark 121M->121M(247M) 72.087ms
[2019-12-08T11:33:13.574+0000][1][gc,cpu       ] GC(17) User=0.04s Sys=0.00s Real=0.07s
[2019-12-08T11:33:13.574+0000][1][safepoint    ] Leaving safepoint region
[2019-12-08T11:33:13.574+0000][1][safepoint    ] Total time for which application threads were stopped: 0.0722654 seconds, Stopping threads took: 0.0000583 seconds
[2019-12-08T11:33:13.574+0000][1][gc           ] GC(17) Concurrent Mark
[2019-12-08T11:33:13.933+0000][1][safepoint    ] Application time: 0.3585706 seconds
[2019-12-08T11:33:13.933+0000][1][safepoint    ] Entering safepoint region: CollectForMetadataAllocation
[2019-12-08T11:33:13.933+0000][1][safepoint    ] Leaving safepoint region
[2019-12-08T11:33:13.933+0000][1][safepoint    ] Total time for which application threads were stopped: 0.0002430 seconds, Stopping threads took: 0.0000163 seconds
[2019-12-08T11:33:14.039+0000][1][safepoint    ] Application time: 0.1055208 seconds
[2019-12-08T11:33:14.039+0000][1][safepoint    ] Entering safepoint region: CollectForMetadataAllocation
[2019-12-08T11:33:14.039+0000][1][safepoint    ] Leaving safepoint region
[2019-12-08T11:33:14.039+0000][1][safepoint    ] Total time for which application threads were stopped: 0.0002324 seconds, Stopping threads took: 0.0000156 seconds
[2019-12-08T11:33:14.171+0000][1][safepoint    ] Application time: 0.1317332 seconds
[2019-12-08T11:33:14.171+0000][1][safepoint    ] Entering safepoint region: CollectForMetadataAllocation
[2019-12-08T11:33:14.171+0000][1][safepoint    ] Leaving safepoint region
[2019-12-08T11:33:14.171+0000][1][safepoint    ] Total time for which application threads were stopped: 0.0002422 seconds, Stopping threads took: 0.0000152 seconds
[2019-12-08T11:33:14.215+0000][1][gc           ] GC(17) Concurrent Mark 640.390ms
[2019-12-08T11:33:14.215+0000][1][gc,cpu       ] GC(17) User=0.29s Sys=0.00s Real=0.64s
[2019-12-08T11:33:14.215+0000][1][gc           ] GC(17) Concurrent Preclean
[2019-12-08T11:33:14.217+0000][1][gc           ] GC(17) Concurrent Preclean 1.794ms
[2019-12-08T11:33:14.217+0000][1][gc,cpu       ] GC(17) User=0.01s Sys=0.00s Real=0.00s
[2019-12-08T11:33:14.217+0000][1][gc           ] GC(17) Concurrent Abortable Preclean
[2019-12-08T11:33:14.339+0000][1][safepoint    ] Application time: 0.1677408 seconds
[2019-12-08T11:33:14.339+0000][1][safepoint    ] Entering safepoint region: CollectForMetadataAllocation
[2019-12-08T11:33:14.339+0000][1][safepoint    ] Leaving safepoint region
[2019-12-08T11:33:14.339+0000][1][safepoint    ] Total time for which application threads were stopped: 0.0002170 seconds, Stopping threads took: 0.0000136 seconds
[2019-12-08T11:33:14.540+0000][1][safepoint    ] Application time: 0.2007272 seconds
[2019-12-08T11:33:14.540+0000][1][safepoint    ] Entering safepoint region: CollectForMetadataAllocation
[2019-12-08T11:33:14.540+0000][1][safepoint    ] Leaving safepoint region
[2019-12-08T11:33:14.540+0000][1][safepoint    ] Total time for which application threads were stopped: 0.0002263 seconds, Stopping threads took: 0.0000198 seconds
[2019-12-08T11:33:14.698+0000][1][safepoint    ] Application time: 0.1577036 seconds
[2019-12-08T11:33:14.698+0000][1][safepoint    ] Entering safepoint region: CollectForMetadataAllocation
[2019-12-08T11:33:14.698+0000][1][safepoint    ] Leaving safepoint region
[2019-12-08T11:33:14.698+0000][1][safepoint    ] Total time for which application threads were stopped: 0.0002304 seconds, Stopping threads took: 0.0000130 seconds
[2019-12-08T11:33:14.718+0000][1][safepoint    ] Application time: 0.0196601 seconds
[2019-12-08T11:33:14.718+0000][1][safepoint    ] Entering safepoint region: GenCollectForAllocation
[2019-12-08T11:33:14.718+0000][1][gc,start     ] GC(18) Pause Young (Allocation Failure)
[2019-12-08T11:33:14.718+0000][1][gc,task      ] GC(18) Using 4 workers of 4 for evacuation
[2019-12-08T11:33:14.757+0000][1][gc,age       ] GC(18) Desired survivor size 4456448 bytes, new threshold 6 (max threshold 6)
[2019-12-08T11:33:14.757+0000][1][gc,age       ] GC(18) Age table with threshold 6 (max threshold 6)
[2019-12-08T11:33:14.757+0000][1][gc,age       ] GC(18) - age   1:    2025072 bytes,    2025072 total
[2019-12-08T11:33:14.757+0000][1][gc,age       ] GC(18) - age   2:    1152696 bytes,    3177768 total
[2019-12-08T11:33:14.757+0000][1][gc,heap      ] GC(18) ParNew: 75961K->3882K(78656K)
[2019-12-08T11:33:14.757+0000][1][gc,heap      ] GC(18) CMS: 55483K->55483K(174784K)
[2019-12-08T11:33:14.757+0000][1][gc,metaspace ] GC(18) Metaspace: 35749K->35749K(1083392K)
[2019-12-08T11:33:14.757+0000][1][gc           ] GC(18) Pause Young (Allocation Failure) 128M->57M(247M) 39.363ms
[2019-12-08T11:33:14.757+0000][1][gc,cpu       ] GC(18) User=0.04s Sys=0.00s Real=0.04s
[2019-12-08T11:33:14.757+0000][1][safepoint    ] Leaving safepoint region
[2019-12-08T11:33:14.757+0000][1][safepoint    ] Total time for which application threads were stopped: 0.0395109 seconds, Stopping threads took: 0.0000200 seconds
[2019-12-08T11:33:14.762+0000][1][safepoint    ] Application time: 0.0044259 seconds
[2019-12-08T11:33:14.762+0000][1][safepoint    ] Entering safepoint region: RevokeBias
[2019-12-08T11:33:14.762+0000][1][safepoint    ] Leaving safepoint region
[2019-12-08T11:33:14.762+0000][1][safepoint    ] Total time for which application threads were stopped: 0.0001058 seconds, Stopping threads took: 0.0000125 seconds
[2019-12-08T11:33:14.821+0000][1][safepoint    ] Application time: 0.0590289 seconds
[2019-12-08T11:33:14.821+0000][1][safepoint    ] Entering safepoint region: CollectForMetadataAllocation
[2019-12-08T11:33:14.821+0000][1][safepoint    ] Leaving safepoint region
[2019-12-08T11:33:14.821+0000][1][safepoint    ] Total time for which application threads were stopped: 0.0002124 seconds, Stopping threads took: 0.0000130 seconds
[2019-12-08T11:33:15.094+0000][1][safepoint    ] Application time: 0.2732690 seconds
[2019-12-08T11:33:15.094+0000][1][safepoint    ] Entering safepoint region: CollectForMetadataAllocation
[2019-12-08T11:33:15.095+0000][1][safepoint    ] Leaving safepoint region
[2019-12-08T11:33:15.095+0000][1][safepoint    ] Total time for which application threads were stopped: 0.0001496 seconds, Stopping threads took: 0.0000139 seconds
[2019-12-08T11:33:15.216+0000][1][safepoint    ] Application time: 0.1219577 seconds
[2019-12-08T11:33:15.217+0000][1][safepoint    ] Entering safepoint region: CollectForMetadataAllocation
[2019-12-08T11:33:15.217+0000][1][safepoint    ] Leaving safepoint region
[2019-12-08T11:33:15.217+0000][1][safepoint    ] Total time for which application threads were stopped: 0.0002433 seconds, Stopping threads took: 0.0000131 seconds
[2019-12-08T11:33:15.258+0000][1][safepoint    ] Application time: 0.0409943 seconds
[2019-12-08T11:33:15.258+0000][1][safepoint    ] Entering safepoint region: RevokeBias
[2019-12-08T11:33:15.258+0000][1][safepoint    ] Leaving safepoint region
[2019-12-08T11:33:15.258+0000][1][safepoint    ] Total time for which application threads were stopped: 0.0001465 seconds, Stopping threads took: 0.0000160 seconds
[2019-12-08T11:33:15.464+0000][1][safepoint    ] Application time: 0.2056021 seconds
[2019-12-08T11:33:15.464+0000][1][safepoint    ] Entering safepoint region: CollectForMetadataAllocation
[2019-12-08T11:33:15.464+0000][1][safepoint    ] Leaving safepoint region
[2019-12-08T11:33:15.464+0000][1][safepoint    ] Total time for which application threads were stopped: 0.0002870 seconds, Stopping threads took: 0.0000143 seconds
[2019-12-08T11:33:15.740+0000][1][safepoint    ] Application time: 0.2765924 seconds
[2019-12-08T11:33:15.741+0000][1][safepoint    ] Entering safepoint region: CollectForMetadataAllocation
[2019-12-08T11:33:15.741+0000][1][safepoint    ] Leaving safepoint region
[2019-12-08T11:33:15.741+0000][1][safepoint    ] Total time for which application threads were stopped: 0.0002874 seconds, Stopping threads took: 0.0000151 seconds
[2019-12-08T11:33:15.901+0000][1][safepoint    ] Application time: 0.1599551 seconds
[2019-12-08T11:33:15.901+0000][1][safepoint    ] Entering safepoint region: CollectForMetadataAllocation
[2019-12-08T11:33:15.901+0000][1][safepoint    ] Leaving safepoint region
[2019-12-08T11:33:15.901+0000][1][safepoint    ] Total time for which application threads were stopped: 0.0002972 seconds, Stopping threads took: 0.0000174 seconds
[2019-12-08T11:33:15.984+0000][1][safepoint    ] Application time: 0.0826006 seconds
[2019-12-08T11:33:15.984+0000][1][safepoint    ] Entering safepoint region: CollectForMetadataAllocation
[2019-12-08T11:33:15.984+0000][1][safepoint    ] Leaving safepoint region
[2019-12-08T11:33:15.984+0000][1][safepoint    ] Total time for which application threads were stopped: 0.0002469 seconds, Stopping threads took: 0.0000145 seconds
[2019-12-08T11:33:16.129+0000][1][safepoint    ] Application time: 0.1445741 seconds
[2019-12-08T11:33:16.129+0000][1][safepoint    ] Entering safepoint region: CollectForMetadataAllocation
[2019-12-08T11:33:16.129+0000][1][safepoint    ] Leaving safepoint region
[2019-12-08T11:33:16.129+0000][1][safepoint    ] Total time for which application threads were stopped: 0.0002476 seconds, Stopping threads took: 0.0000140 seconds
[2019-12-08T11:33:16.293+0000][1][safepoint    ] Application time: 0.1641799 seconds
[2019-12-08T11:33:16.293+0000][1][safepoint    ] Entering safepoint region: CollectForMetadataAllocation
[2019-12-08T11:33:16.293+0000][1][safepoint    ] Leaving safepoint region
[2019-12-08T11:33:16.293+0000][1][safepoint    ] Total time for which application threads were stopped: 0.0001518 seconds, Stopping threads took: 0.0000161 seconds
[2019-12-08T11:33:16.555+0000][1][safepoint    ] Application time: 0.2614647 seconds
[2019-12-08T11:33:16.555+0000][1][safepoint    ] Entering safepoint region: CollectForMetadataAllocation
[2019-12-08T11:33:16.555+0000][1][safepoint    ] Leaving safepoint region
[2019-12-08T11:33:16.555+0000][1][safepoint    ] Total time for which application threads were stopped: 0.0002312 seconds, Stopping threads took: 0.0000133 seconds
[2019-12-08T11:33:16.679+0000][1][safepoint    ] Application time: 0.1237194 seconds
[2019-12-08T11:33:16.679+0000][1][safepoint    ] Entering safepoint region: CollectForMetadataAllocation
[2019-12-08T11:33:16.679+0000][1][safepoint    ] Leaving safepoint region
[2019-12-08T11:33:16.679+0000][1][safepoint    ] Total time for which application threads were stopped: 0.0002241 seconds, Stopping threads took: 0.0000150 seconds
[2019-12-08T11:33:16.841+0000][1][safepoint    ] Application time: 0.1618011 seconds
[2019-12-08T11:33:16.841+0000][1][safepoint    ] Entering safepoint region: CollectForMetadataAllocation
[2019-12-08T11:33:16.841+0000][1][safepoint    ] Leaving safepoint region
[2019-12-08T11:33:16.841+0000][1][safepoint    ] Total time for which application threads were stopped: 0.0002289 seconds, Stopping threads took: 0.0000132 seconds
[2019-12-08T11:33:16.920+0000][1][safepoint    ] Application time: 0.0792301 seconds
[2019-12-08T11:33:16.920+0000][1][safepoint    ] Entering safepoint region: CollectForMetadataAllocation
[2019-12-08T11:33:16.921+0000][1][safepoint    ] Leaving safepoint region
[2019-12-08T11:33:16.921+0000][1][safepoint    ] Total time for which application threads were stopped: 0.0002400 seconds, Stopping threads took: 0.0000137 seconds
[2019-12-08T11:33:17.105+0000][1][safepoint    ] Application time: 0.1840408 seconds
[2019-12-08T11:33:17.105+0000][1][safepoint    ] Entering safepoint region: CollectForMetadataAllocation
[2019-12-08T11:33:17.105+0000][1][safepoint    ] Leaving safepoint region
[2019-12-08T11:33:17.105+0000][1][safepoint    ] Total time for which application threads were stopped: 0.0001704 seconds, Stopping threads took: 0.0000319 seconds
[2019-12-08T11:33:17.237+0000][1][safepoint    ] Application time: 0.1325793 seconds
[2019-12-08T11:33:17.237+0000][1][safepoint    ] Entering safepoint region: CollectForMetadataAllocation
[2019-12-08T11:33:17.238+0000][1][safepoint    ] Leaving safepoint region
[2019-12-08T11:33:17.238+0000][1][safepoint    ] Total time for which application threads were stopped: 0.0001581 seconds, Stopping threads took: 0.0000159 seconds
[2019-12-08T11:33:17.597+0000][1][safepoint    ] Application time: 0.3590683 seconds
[2019-12-08T11:33:17.597+0000][1][safepoint    ] Entering safepoint region: CollectForMetadataAllocation
[2019-12-08T11:33:17.597+0000][1][safepoint    ] Leaving safepoint region
[2019-12-08T11:33:17.597+0000][1][safepoint    ] Total time for which application threads were stopped: 0.0002335 seconds, Stopping threads took: 0.0000161 seconds
[2019-12-08T11:33:17.677+0000][1][safepoint    ] Application time: 0.0798239 seconds
[2019-12-08T11:33:17.677+0000][1][safepoint    ] Entering safepoint region: CollectForMetadataAllocation
[2019-12-08T11:33:17.677+0000][1][safepoint    ] Leaving safepoint region
[2019-12-08T11:33:17.677+0000][1][safepoint    ] Total time for which application threads were stopped: 0.0002207 seconds, Stopping threads took: 0.0000132 seconds
[2019-12-08T11:33:17.902+0000][1][safepoint    ] Application time: 0.2246579 seconds
[2019-12-08T11:33:17.902+0000][1][safepoint    ] Entering safepoint region: CollectForMetadataAllocation
[2019-12-08T11:33:17.902+0000][1][safepoint    ] Leaving safepoint region
[2019-12-08T11:33:17.902+0000][1][safepoint    ] Total time for which application threads were stopped: 0.0002460 seconds, Stopping threads took: 0.0000154 seconds
[2019-12-08T11:33:18.067+0000][1][safepoint    ] Application time: 0.1646393 seconds
[2019-12-08T11:33:18.067+0000][1][safepoint    ] Entering safepoint region: CollectForMetadataAllocation
[2019-12-08T11:33:18.067+0000][1][safepoint    ] Leaving safepoint region
[2019-12-08T11:33:18.067+0000][1][safepoint    ] Total time for which application threads were stopped: 0.0002283 seconds, Stopping threads took: 0.0000139 seconds
[2019-12-08T11:33:18.221+0000][1][safepoint    ] Application time: 0.1545324 seconds
[2019-12-08T11:33:18.222+0000][1][safepoint    ] Entering safepoint region: CollectForMetadataAllocation
[2019-12-08T11:33:18.222+0000][1][safepoint    ] Leaving safepoint region
[2019-12-08T11:33:18.222+0000][1][safepoint    ] Total time for which application threads were stopped: 0.0002621 seconds, Stopping threads took: 0.0000140 seconds
[2019-12-08T11:33:18.298+0000][1][safepoint    ] Application time: 0.0762434 seconds
[2019-12-08T11:33:18.298+0000][1][safepoint    ] Entering safepoint region: RevokeBias
[2019-12-08T11:33:18.298+0000][1][safepoint    ] Leaving safepoint region
[2019-12-08T11:33:18.298+0000][1][safepoint    ] Total time for which application threads were stopped: 0.0001141 seconds, Stopping threads took: 0.0000452 seconds
[2019-12-08T11:33:18.298+0000][1][safepoint    ] Application time: 0.0000777 seconds
[2019-12-08T11:33:18.298+0000][1][safepoint    ] Entering safepoint region: RevokeBias
[2019-12-08T11:33:18.298+0000][1][safepoint    ] Leaving safepoint region
[2019-12-08T11:33:18.298+0000][1][safepoint    ] Total time for which application threads were stopped: 0.0000447 seconds, Stopping threads took: 0.0000086 seconds
[2019-12-08T11:33:18.298+0000][1][safepoint    ] Application time: 0.0001240 seconds
[2019-12-08T11:33:18.298+0000][1][safepoint    ] Entering safepoint region: RevokeBias
[2019-12-08T11:33:18.299+0000][1][safepoint    ] Leaving safepoint region
[2019-12-08T11:33:18.299+0000][1][safepoint    ] Total time for which application threads were stopped: 0.0000498 seconds, Stopping threads took: 0.0000090 seconds
[2019-12-08T11:33:18.299+0000][1][safepoint    ] Application time: 0.0000415 seconds
[2019-12-08T11:33:18.299+0000][1][safepoint    ] Entering safepoint region: RevokeBias
[2019-12-08T11:33:18.299+0000][1][safepoint    ] Leaving safepoint region
[2019-12-08T11:33:18.299+0000][1][safepoint    ] Total time for which application threads were stopped: 0.0000407 seconds, Stopping threads took: 0.0000082 seconds
[2019-12-08T11:33:18.337+0000][1][safepoint    ] Application time: 0.0388388 seconds
[2019-12-08T11:33:18.338+0000][1][safepoint    ] Entering safepoint region: CollectForMetadataAllocation
[2019-12-08T11:33:18.338+0000][1][safepoint    ] Leaving safepoint region
[2019-12-08T11:33:18.338+0000][1][safepoint    ] Total time for which application threads were stopped: 0.0002658 seconds, Stopping threads took: 0.0000147 seconds
[2019-12-08T11:33:19.356+0000][1][safepoint    ] Application time: 1.0179678 seconds
[2019-12-08T11:33:19.410+0000][1][safepoint    ] Entering safepoint region: Cleanup
[2019-12-08T11:33:19.410+0000][1][safepoint    ] Leaving safepoint region
[2019-12-08T11:33:19.410+0000][1][safepoint    ] Total time for which application threads were stopped: 0.0540456 seconds, Stopping threads took: 0.0539752 seconds
[2019-12-08T11:33:19.487+0000][1][gc           ] GC(17) Concurrent Abortable Preclean 5270.568ms
[2019-12-08T11:33:19.487+0000][1][gc,cpu       ] GC(17) User=3.25s Sys=0.03s Real=5.27s
[2019-12-08T11:33:19.487+0000][1][safepoint    ] Application time: 0.0774862 seconds
[2019-12-08T11:33:19.541+0000][1][safepoint    ] Entering safepoint region: CMS_Final_Remark
[2019-12-08T11:33:19.541+0000][1][gc,start     ] GC(17) Pause Remark
[2019-12-08T11:33:19.824+0000][1][gc           ] GC(17) Pause Remark 91M->91M(247M) 283.027ms
[2019-12-08T11:33:19.824+0000][1][gc,cpu       ] GC(17) User=0.11s Sys=0.00s Real=0.28s
[2019-12-08T11:33:19.824+0000][1][safepoint    ] Leaving safepoint region
[2019-12-08T11:33:19.824+0000][1][safepoint    ] Total time for which application threads were stopped: 0.3366548 seconds, Stopping threads took: 0.0534846 seconds
[2019-12-08T11:33:19.839+0000][1][gc           ] GC(17) Concurrent Sweep
[2019-12-08T11:33:20.049+0000][1][gc           ] GC(17) Concurrent Sweep 209.185ms
[2019-12-08T11:33:20.049+0000][1][gc,cpu       ] GC(17) User=0.10s Sys=0.00s Real=0.21s
[2019-12-08T11:33:20.049+0000][1][gc           ] GC(17) Concurrent Reset
[2019-12-08T11:33:20.072+0000][1][gc           ] GC(17) Concurrent Reset 23.357ms
[2019-12-08T11:33:20.072+0000][1][gc,cpu       ] GC(17) User=0.02s Sys=0.00s Real=0.03s
[2019-12-08T11:33:20.072+0000][1][gc,heap      ] GC(17) Old: 55483K->55283K(174784K)
[2019-12-08T11:33:20.827+0000][1][safepoint    ] Application time: 1.0027132 seconds
[2019-12-08T11:33:20.868+0000][1][safepoint    ] Entering safepoint region: Cleanup
[2019-12-08T11:33:20.869+0000][1][safepoint    ] Leaving safepoint region
[2019-12-08T11:33:20.869+0000][1][safepoint    ] Total time for which application threads were stopped: 0.0418751 seconds, Stopping threads took: 0.0410263 seconds
[2019-12-08T11:33:22.873+0000][1][safepoint    ] Application time: 2.0040991 seconds
[2019-12-08T11:33:22.873+0000][1][safepoint    ] Entering safepoint region: Cleanup
[2019-12-08T11:33:22.873+0000][1][safepoint    ] Leaving safepoint region
[2019-12-08T11:33:22.873+0000][1][safepoint    ] Total time for which application threads were stopped: 0.0001016 seconds, Stopping threads took: 0.0000452 seconds
[2019-12-08T11:33:23.279+0000][1][safepoint    ] Application time: 0.4060183 seconds
[2019-12-08T11:33:23.279+0000][1][safepoint    ] Entering safepoint region: RevokeBias
[2019-12-08T11:33:23.279+0000][1][safepoint    ] Leaving safepoint region
[2019-12-08T11:33:23.279+0000][1][safepoint    ] Total time for which application threads were stopped: 0.0001537 seconds, Stopping threads took: 0.0000563 seconds
[2019-12-08T11:33:23.287+0000][1][safepoint    ] Application time: 0.0077731 seconds
[2019-12-08T11:33:23.386+0000][1][safepoint    ] Entering safepoint region: RevokeBias
[2019-12-08T11:33:23.386+0000][1][safepoint    ] Leaving safepoint region
[2019-12-08T11:33:23.386+0000][1][safepoint    ] Total time for which application threads were stopped: 0.0990036 seconds, Stopping threads took: 0.0988950 seconds
[2019-12-08T11:33:23.386+0000][1][safepoint    ] Application time: 0.0002510 seconds
[2019-12-08T11:33:23.386+0000][1][safepoint    ] Entering safepoint region: RevokeBias
[2019-12-08T11:33:23.386+0000][1][safepoint    ] Leaving safepoint region
[2019-12-08T11:33:23.386+0000][1][safepoint    ] Total time for which application threads were stopped: 0.0000847 seconds, Stopping threads took: 0.0000109 seconds
[2019-12-08T11:33:23.386+0000][1][safepoint    ] Application time: 0.0000964 seconds
[2019-12-08T11:33:23.386+0000][1][safepoint    ] Entering safepoint region: RevokeBias
[2019-12-08T11:33:23.386+0000][1][safepoint    ] Leaving safepoint region
[2019-12-08T11:33:23.386+0000][1][safepoint    ] Total time for which application threads were stopped: 0.0000721 seconds, Stopping threads took: 0.0000088 seconds
[2019-12-08T11:33:23.387+0000][1][safepoint    ] Application time: 0.0000528 seconds
[2019-12-08T11:33:23.387+0000][1][safepoint    ] Entering safepoint region: RevokeBias
[2019-12-08T11:33:23.387+0000][1][safepoint    ] Leaving safepoint region
[2019-12-08T11:33:23.387+0000][1][safepoint    ] Total time for which application threads were stopped: 0.0000640 seconds, Stopping threads took: 0.0000084 seconds
[2019-12-08T11:33:23.387+0000][1][safepoint    ] Application time: 0.0001052 seconds
[2019-12-08T11:33:23.387+0000][1][safepoint    ] Entering safepoint region: RevokeBias
[2019-12-08T11:33:23.387+0000][1][safepoint    ] Leaving safepoint region
[2019-12-08T11:33:23.387+0000][1][safepoint    ] Total time for which application threads were stopped: 0.0000724 seconds, Stopping threads took: 0.0000093 seconds
[2019-12-08T11:33:23.387+0000][1][safepoint    ] Application time: 0.0000638 seconds
[2019-12-08T11:33:23.387+0000][1][safepoint    ] Entering safepoint region: RevokeBias
[2019-12-08T11:33:23.387+0000][1][safepoint    ] Leaving safepoint region
[2019-12-08T11:33:23.387+0000][1][safepoint    ] Total time for which application threads were stopped: 0.0000680 seconds, Stopping threads took: 0.0000082 seconds
[2019-12-08T11:33:23.388+0000][1][safepoint    ] Application time: 0.0014423 seconds
[2019-12-08T11:33:23.388+0000][1][safepoint    ] Entering safepoint region: RevokeBias
[2019-12-08T11:33:23.388+0000][1][safepoint    ] Leaving safepoint region
[2019-12-08T11:33:23.389+0000][1][safepoint    ] Total time for which application threads were stopped: 0.0000952 seconds, Stopping threads took: 0.0000119 seconds
[2019-12-08T11:33:23.389+0000][1][safepoint    ] Application time: 0.0001054 seconds
[2019-12-08T11:33:23.389+0000][1][safepoint    ] Entering safepoint region: RevokeBias
[2019-12-08T11:33:23.389+0000][1][safepoint    ] Leaving safepoint region
[2019-12-08T11:33:23.389+0000][1][safepoint    ] Total time for which application threads were stopped: 0.0000900 seconds, Stopping threads took: 0.0000088 seconds
[2019-12-08T11:33:23.389+0000][1][safepoint    ] Application time: 0.0003442 seconds
[2019-12-08T11:33:23.389+0000][1][safepoint    ] Entering safepoint region: RevokeBias
[2019-12-08T11:33:23.389+0000][1][safepoint    ] Leaving safepoint region
[2019-12-08T11:33:23.389+0000][1][safepoint    ] Total time for which application threads were stopped: 0.0000775 seconds, Stopping threads took: 0.0000093 seconds
[2019-12-08T11:33:23.389+0000][1][safepoint    ] Application time: 0.0001059 seconds
[2019-12-08T11:33:23.389+0000][1][safepoint    ] Entering safepoint region: RevokeBias
[2019-12-08T11:33:23.389+0000][1][safepoint    ] Leaving safepoint region
[2019-12-08T11:33:23.389+0000][1][safepoint    ] Total time for which application threads were stopped: 0.0000739 seconds, Stopping threads took: 0.0000143 seconds
[2019-12-08T11:33:24.393+0000][1][safepoint    ] Application time: 1.0033344 seconds
[2019-12-08T11:33:24.427+0000][1][safepoint    ] Entering safepoint region: Cleanup
[2019-12-08T11:33:24.427+0000][1][safepoint    ] Leaving safepoint region
[2019-12-08T11:33:24.427+0000][1][safepoint    ] Total time for which application threads were stopped: 0.0340969 seconds, Stopping threads took: 0.0340284 seconds
[2019-12-08T11:33:25.428+0000][1][safepoint    ] Application time: 1.0008983 seconds
[2019-12-08T11:33:25.434+0000][1][safepoint    ] Entering safepoint region: Cleanup
[2019-12-08T11:33:25.434+0000][1][safepoint    ] Leaving safepoint region
[2019-12-08T11:33:25.434+0000][1][safepoint    ] Total time for which application threads were stopped: 0.0059947 seconds, Stopping threads took: 0.0059411 seconds
[2019-12-08T11:33:26.448+0000][1][safepoint    ] Application time: 1.0139684 seconds
[2019-12-08T11:33:26.511+0000][1][safepoint    ] Entering safepoint region: Cleanup
[2019-12-08T11:33:26.511+0000][1][safepoint    ] Leaving safepoint region
[2019-12-08T11:33:26.511+0000][1][safepoint    ] Total time for which application threads were stopped: 0.0630423 seconds, Stopping threads took: 0.0629491 seconds
[2019-12-08T11:33:27.536+0000][1][safepoint    ] Application time: 1.0249703 seconds
[2019-12-08T11:33:27.536+0000][1][safepoint    ] Entering safepoint region: GenCollectForAllocation
[2019-12-08T11:33:27.536+0000][1][gc,start     ] GC(19) Pause Young (Allocation Failure)
[2019-12-08T11:33:27.536+0000][1][gc,task      ] GC(19) Using 4 workers of 4 for evacuation
[2019-12-08T11:33:27.629+0000][1][gc,age       ] GC(19) Desired survivor size 4456448 bytes, new threshold 2 (max threshold 6)
[2019-12-08T11:33:27.629+0000][1][gc,age       ] GC(19) Age table with threshold 2 (max threshold 6)
[2019-12-08T11:33:27.629+0000][1][gc,age       ] GC(19) - age   1:    2684408 bytes,    2684408 total
[2019-12-08T11:33:27.629+0000][1][gc,age       ] GC(19) - age   2:    1990496 bytes,    4674904 total
[2019-12-08T11:33:27.629+0000][1][gc,age       ] GC(19) - age   3:    1150616 bytes,    5825520 total
[2019-12-08T11:33:27.629+0000][1][gc,heap      ] GC(19) ParNew: 73834K->6207K(78656K)
[2019-12-08T11:33:27.629+0000][1][gc,heap      ] GC(19) CMS: 55283K->55283K(174784K)
[2019-12-08T11:33:27.629+0000][1][gc,metaspace ] GC(19) Metaspace: 42989K->42989K(1089536K)
[2019-12-08T11:33:27.629+0000][1][gc           ] GC(19) Pause Young (Allocation Failure) 126M->60M(247M) 92.596ms
[2019-12-08T11:33:27.629+0000][1][gc,cpu       ] GC(19) User=0.05s Sys=0.00s Real=0.09s
[2019-12-08T11:33:27.629+0000][1][safepoint    ] Leaving safepoint region
[2019-12-08T11:33:27.629+0000][1][safepoint    ] Total time for which application threads were stopped: 0.0928811 seconds, Stopping threads took: 0.0000129 seconds
[2019-12-08T11:33:28.361+0000][1][safepoint    ] Application time: 0.7325996 seconds
[2019-12-08T11:33:28.361+0000][1][safepoint    ] Entering safepoint region: RevokeBias
[2019-12-08T11:33:28.361+0000][1][safepoint    ] Leaving safepoint region
[2019-12-08T11:33:28.362+0000][1][safepoint    ] Total time for which application threads were stopped: 0.0001295 seconds, Stopping threads took: 0.0000144 seconds
[2019-12-08T11:33:28.362+0000][1][safepoint    ] Application time: 0.0003760 seconds
[2019-12-08T11:33:28.362+0000][1][safepoint    ] Entering safepoint region: RevokeBias
[2019-12-08T11:33:28.362+0000][1][safepoint    ] Leaving safepoint region
[2019-12-08T11:33:28.362+0000][1][safepoint    ] Total time for which application threads were stopped: 0.0000686 seconds, Stopping threads took: 0.0000106 seconds
[2019-12-08T11:33:28.686+0000][1][safepoint    ] Application time: 0.3241636 seconds
[2019-12-08T11:33:28.686+0000][1][safepoint    ] Entering safepoint region: RevokeBias
[2019-12-08T11:33:28.686+0000][1][safepoint    ] Leaving safepoint region
[2019-12-08T11:33:28.686+0000][1][safepoint    ] Total time for which application threads were stopped: 0.0001527 seconds, Stopping threads took: 0.0000223 seconds
[2019-12-08T11:33:28.840+0000][1][safepoint    ] Application time: 0.1539560 seconds
[2019-12-08T11:33:28.840+0000][1][safepoint    ] Entering safepoint region: RevokeBias
[2019-12-08T11:33:28.840+0000][1][safepoint    ] Leaving safepoint region
[2019-12-08T11:33:28.840+0000][1][safepoint    ] Total time for which application threads were stopped: 0.0000916 seconds, Stopping threads took: 0.0000146 seconds
[2019-12-08T11:33:28.870+0000][1][safepoint    ] Application time: 0.0296287 seconds
[2019-12-08T11:33:28.870+0000][1][safepoint    ] Entering safepoint region: RevokeBias
[2019-12-08T11:33:28.870+0000][1][safepoint    ] Leaving safepoint region
[2019-12-08T11:33:28.870+0000][1][safepoint    ] Total time for which application threads were stopped: 0.0000939 seconds, Stopping threads took: 0.0000135 seconds
[2019-12-08T11:33:29.871+0000][1][safepoint    ] Application time: 1.0011256 seconds
[2019-12-08T11:33:29.890+0000][1][safepoint    ] Entering safepoint region: Cleanup
[2019-12-08T11:33:29.890+0000][1][safepoint    ] Leaving safepoint region
[2019-12-08T11:33:29.890+0000][1][safepoint    ] Total time for which application threads were stopped: 0.0190556 seconds, Stopping threads took: 0.0186377 seconds
[2019-12-08T11:33:29.974+0000][1][safepoint    ] Application time: 0.0832381 seconds
[2019-12-08T11:33:29.974+0000][1][safepoint    ] Entering safepoint region: RevokeBias
[2019-12-08T11:33:29.974+0000][1][safepoint    ] Leaving safepoint region
[2019-12-08T11:33:29.974+0000][1][safepoint    ] Total time for which application threads were stopped: 0.0000764 seconds, Stopping threads took: 0.0000142 seconds
[2019-12-08T11:33:30.386+0000][1][safepoint    ] Application time: 0.4122704 seconds
[2019-12-08T11:33:30.386+0000][1][safepoint    ] Entering safepoint region: RevokeBias
[2019-12-08T11:33:30.386+0000][1][safepoint    ] Leaving safepoint region
[2019-12-08T11:33:30.386+0000][1][safepoint    ] Total time for which application threads were stopped: 0.0001000 seconds, Stopping threads took: 0.0000152 seconds
[2019-12-08T11:33:30.403+0000][1][safepoint    ] Application time: 0.0164917 seconds
[2019-12-08T11:33:30.417+0000][1][safepoint    ] Entering safepoint region: RevokeBias
[2019-12-08T11:33:30.417+0000][1][safepoint    ] Leaving safepoint region
[2019-12-08T11:33:30.417+0000][1][safepoint    ] Total time for which application threads were stopped: 0.0141012 seconds, Stopping threads took: 0.0140016 seconds
[2019-12-08T11:33:30.437+0000][1][safepoint    ] Application time: 0.0203147 seconds
[2019-12-08T11:33:30.437+0000][1][safepoint    ] Entering safepoint region: RevokeBias
[2019-12-08T11:33:30.437+0000][1][safepoint    ] Leaving safepoint region
[2019-12-08T11:33:30.437+0000][1][safepoint    ] Total time for which application threads were stopped: 0.0001039 seconds, Stopping threads took: 0.0000160 seconds
[2019-12-08T11:33:30.456+0000][1][safepoint    ] Application time: 0.0191566 seconds
[2019-12-08T11:33:30.457+0000][1][safepoint    ] Entering safepoint region: RevokeBias
[2019-12-08T11:33:30.457+0000][1][safepoint    ] Leaving safepoint region
[2019-12-08T11:33:30.457+0000][1][safepoint    ] Total time for which application threads were stopped: 0.0006800 seconds, Stopping threads took: 0.0005434 seconds
[2019-12-08T11:33:30.457+0000][1][safepoint    ] Application time: 0.0002046 seconds
[2019-12-08T11:33:30.457+0000][1][safepoint    ] Entering safepoint region: RevokeBias
[2019-12-08T11:33:30.458+0000][1][safepoint    ] Leaving safepoint region
[2019-12-08T11:33:30.458+0000][1][safepoint    ] Total time for which application threads were stopped: 0.0000980 seconds, Stopping threads took: 0.0000125 seconds
[2019-12-08T11:33:30.458+0000][1][safepoint    ] Application time: 0.0005484 seconds
[2019-12-08T11:33:30.458+0000][1][safepoint    ] Entering safepoint region: RevokeBias
[2019-12-08T11:33:30.458+0000][1][safepoint    ] Leaving safepoint region
[2019-12-08T11:33:30.458+0000][1][safepoint    ] Total time for which application threads were stopped: 0.0000692 seconds, Stopping threads took: 0.0000149 seconds
[2019-12-08T11:33:30.458+0000][1][safepoint    ] Application time: 0.0001594 seconds
[2019-12-08T11:33:30.458+0000][1][safepoint    ] Entering safepoint region: RevokeBias
[2019-12-08T11:33:30.458+0000][1][safepoint    ] Leaving safepoint region
[2019-12-08T11:33:30.458+0000][1][safepoint    ] Total time for which application threads were stopped: 0.0000533 seconds, Stopping threads took: 0.0000080 seconds
[2019-12-08T11:33:30.458+0000][1][safepoint    ] Application time: 0.0000925 seconds
[2019-12-08T11:33:30.459+0000][1][safepoint    ] Entering safepoint region: RevokeBias
[2019-12-08T11:33:30.459+0000][1][safepoint    ] Leaving safepoint region
[2019-12-08T11:33:30.459+0000][1][safepoint    ] Total time for which application threads were stopped: 0.0000554 seconds, Stopping threads took: 0.0000086 seconds
[2019-12-08T11:33:30.459+0000][1][safepoint    ] Application time: 0.0000547 seconds
[2019-12-08T11:33:30.459+0000][1][safepoint    ] Entering safepoint region: RevokeBias
[2019-12-08T11:33:30.459+0000][1][safepoint    ] Leaving safepoint region
[2019-12-08T11:33:30.459+0000][1][safepoint    ] Total time for which application threads were stopped: 0.0000482 seconds, Stopping threads took: 0.0000082 seconds
[2019-12-08T11:33:30.459+0000][1][safepoint    ] Application time: 0.0000563 seconds
[2019-12-08T11:33:30.459+0000][1][safepoint    ] Entering safepoint region: RevokeBias
[2019-12-08T11:33:30.459+0000][1][safepoint    ] Leaving safepoint region
[2019-12-08T11:33:30.459+0000][1][safepoint    ] Total time for which application threads were stopped: 0.0000500 seconds, Stopping threads took: 0.0000090 seconds
[2019-12-08T11:33:30.459+0000][1][safepoint    ] Application time: 0.0000522 seconds
[2019-12-08T11:33:30.459+0000][1][safepoint    ] Entering safepoint region: RevokeBias
[2019-12-08T11:33:30.459+0000][1][safepoint    ] Leaving safepoint region
[2019-12-08T11:33:30.459+0000][1][safepoint    ] Total time for which application threads were stopped: 0.0000478 seconds, Stopping threads took: 0.0000076 seconds
[2019-12-08T11:33:30.459+0000][1][safepoint    ] Application time: 0.0000514 seconds
[2019-12-08T11:33:30.459+0000][1][safepoint    ] Entering safepoint region: RevokeBias
[2019-12-08T11:33:30.459+0000][1][safepoint    ] Leaving safepoint region
[2019-12-08T11:33:30.459+0000][1][safepoint    ] Total time for which application threads were stopped: 0.0000462 seconds, Stopping threads took: 0.0000082 seconds
[2019-12-08T11:33:30.459+0000][1][safepoint    ] Application time: 0.0000512 seconds
[2019-12-08T11:33:30.459+0000][1][safepoint    ] Entering safepoint region: RevokeBias
[2019-12-08T11:33:30.459+0000][1][safepoint    ] Leaving safepoint region
[2019-12-08T11:33:30.459+0000][1][safepoint    ] Total time for which application threads were stopped: 0.0000459 seconds, Stopping threads took: 0.0000084 seconds
[2019-12-08T11:33:30.459+0000][1][safepoint    ] Application time: 0.0000518 seconds
[2019-12-08T11:33:30.459+0000][1][safepoint    ] Entering safepoint region: RevokeBias
[2019-12-08T11:33:30.459+0000][1][safepoint    ] Leaving safepoint region
[2019-12-08T11:33:30.459+0000][1][safepoint    ] Total time for which application threads were stopped: 0.0000463 seconds, Stopping threads took: 0.0000081 seconds
[2019-12-08T11:33:30.459+0000][1][safepoint    ] Application time: 0.0000528 seconds
[2019-12-08T11:33:30.459+0000][1][safepoint    ] Entering safepoint region: RevokeBias
[2019-12-08T11:33:30.459+0000][1][safepoint    ] Leaving safepoint region
[2019-12-08T11:33:30.459+0000][1][safepoint    ] Total time for which application threads were stopped: 0.0000468 seconds, Stopping threads took: 0.0000083 seconds
[2019-12-08T11:33:30.459+0000][1][safepoint    ] Application time: 0.0000516 seconds
[2019-12-08T11:33:30.459+0000][1][safepoint    ] Entering safepoint region: RevokeBias
[2019-12-08T11:33:30.460+0000][1][safepoint    ] Leaving safepoint region
[2019-12-08T11:33:30.460+0000][1][safepoint    ] Total time for which application threads were stopped: 0.0000540 seconds, Stopping threads took: 0.0000139 seconds
[2019-12-08T11:33:30.460+0000][1][safepoint    ] Application time: 0.0000522 seconds
[2019-12-08T11:33:30.460+0000][1][safepoint    ] Entering safepoint region: RevokeBias
[2019-12-08T11:33:30.460+0000][1][safepoint    ] Leaving safepoint region
[2019-12-08T11:33:30.460+0000][1][safepoint    ] Total time for which application threads were stopped: 0.0000461 seconds, Stopping threads took: 0.0000079 seconds
[2019-12-08T11:33:30.460+0000][1][safepoint    ] Application time: 0.0000650 seconds
[2019-12-08T11:33:30.460+0000][1][safepoint    ] Entering safepoint region: RevokeBias
[2019-12-08T11:33:30.460+0000][1][safepoint    ] Leaving safepoint region
[2019-12-08T11:33:30.460+0000][1][safepoint    ] Total time for which application threads were stopped: 0.0000454 seconds, Stopping threads took: 0.0000078 seconds
[2019-12-08T11:33:30.460+0000][1][safepoint    ] Application time: 0.0000506 seconds
[2019-12-08T11:33:30.460+0000][1][safepoint    ] Entering safepoint region: RevokeBias
[2019-12-08T11:33:30.460+0000][1][safepoint    ] Leaving safepoint region
[2019-12-08T11:33:30.460+0000][1][safepoint    ] Total time for which application threads were stopped: 0.0000431 seconds, Stopping threads took: 0.0000071 seconds
[2019-12-08T11:33:30.460+0000][1][safepoint    ] Application time: 0.0000501 seconds
[2019-12-08T11:33:30.460+0000][1][safepoint    ] Entering safepoint region: RevokeBias
[2019-12-08T11:33:30.460+0000][1][safepoint    ] Leaving safepoint region
[2019-12-08T11:33:30.460+0000][1][safepoint    ] Total time for which application threads were stopped: 0.0000439 seconds, Stopping threads took: 0.0000073 seconds
[2019-12-08T11:33:30.460+0000][1][safepoint    ] Application time: 0.0000507 seconds
[2019-12-08T11:33:30.460+0000][1][safepoint    ] Entering safepoint region: RevokeBias
[2019-12-08T11:33:30.460+0000][1][safepoint    ] Leaving safepoint region
[2019-12-08T11:33:30.460+0000][1][safepoint    ] Total time for which application threads were stopped: 0.0000466 seconds, Stopping threads took: 0.0000077 seconds
[2019-12-08T11:33:30.460+0000][1][safepoint    ] Application time: 0.0000513 seconds
[2019-12-08T11:33:30.460+0000][1][safepoint    ] Entering safepoint region: RevokeBias
[2019-12-08T11:33:30.460+0000][1][safepoint    ] Leaving safepoint region
[2019-12-08T11:33:30.460+0000][1][safepoint    ] Total time for which application threads were stopped: 0.0000489 seconds, Stopping threads took: 0.0000082 seconds
[2019-12-08T11:33:30.460+0000][1][safepoint    ] Application time: 0.0000516 seconds
[2019-12-08T11:33:30.460+0000][1][safepoint    ] Entering safepoint region: RevokeBias
[2019-12-08T11:33:30.460+0000][1][safepoint    ] Leaving safepoint region
[2019-12-08T11:33:30.460+0000][1][safepoint    ] Total time for which application threads were stopped: 0.0000478 seconds, Stopping threads took: 0.0000083 seconds
[2019-12-08T11:33:30.460+0000][1][safepoint    ] Application time: 0.0000512 seconds
[2019-12-08T11:33:30.460+0000][1][safepoint    ] Entering safepoint region: RevokeBias
[2019-12-08T11:33:30.460+0000][1][safepoint    ] Leaving safepoint region
[2019-12-08T11:33:30.460+0000][1][safepoint    ] Total time for which application threads were stopped: 0.0000459 seconds, Stopping threads took: 0.0000081 seconds
[2019-12-08T11:33:30.460+0000][1][safepoint    ] Application time: 0.0000510 seconds
[2019-12-08T11:33:30.461+0000][1][safepoint    ] Entering safepoint region: BulkRevokeBias
[2019-12-08T11:33:30.461+0000][1][safepoint    ] Leaving safepoint region
[2019-12-08T11:33:30.461+0000][1][safepoint    ] Total time for which application threads were stopped: 0.0001421 seconds, Stopping threads took: 0.0000080 seconds
[2019-12-08T11:33:30.461+0000][1][safepoint    ] Application time: 0.0002041 seconds
[2019-12-08T11:33:30.461+0000][1][safepoint    ] Entering safepoint region: RevokeBias
[2019-12-08T11:33:30.461+0000][1][safepoint    ] Leaving safepoint region
[2019-12-08T11:33:30.461+0000][1][safepoint    ] Total time for which application threads were stopped: 0.0000871 seconds, Stopping threads took: 0.0000190 seconds
[2019-12-08T11:33:30.461+0000][1][safepoint    ] Application time: 0.0000906 seconds
[2019-12-08T11:33:30.461+0000][1][safepoint    ] Entering safepoint region: RevokeBias
[2019-12-08T11:33:30.461+0000][1][safepoint    ] Leaving safepoint region
[2019-12-08T11:33:30.461+0000][1][safepoint    ] Total time for which application threads were stopped: 0.0000578 seconds, Stopping threads took: 0.0000077 seconds
[2019-12-08T11:33:30.461+0000][1][safepoint    ] Application time: 0.0001256 seconds
[2019-12-08T11:33:30.461+0000][1][safepoint    ] Entering safepoint region: RevokeBias
[2019-12-08T11:33:30.461+0000][1][safepoint    ] Leaving safepoint region
[2019-12-08T11:33:30.461+0000][1][safepoint    ] Total time for which application threads were stopped: 0.0000514 seconds, Stopping threads took: 0.0000081 seconds
[2019-12-08T11:33:30.461+0000][1][safepoint    ] Application time: 0.0000659 seconds
[2019-12-08T11:33:30.461+0000][1][safepoint    ] Entering safepoint region: RevokeBias
[2019-12-08T11:33:30.461+0000][1][safepoint    ] Leaving safepoint region
[2019-12-08T11:33:30.461+0000][1][safepoint    ] Total time for which application threads were stopped: 0.0000482 seconds, Stopping threads took: 0.0000087 seconds
[2019-12-08T11:33:30.462+0000][1][safepoint    ] Application time: 0.0000852 seconds
[2019-12-08T11:33:30.462+0000][1][safepoint    ] Entering safepoint region: RevokeBias
[2019-12-08T11:33:30.462+0000][1][safepoint    ] Leaving safepoint region
[2019-12-08T11:33:30.462+0000][1][safepoint    ] Total time for which application threads were stopped: 0.0000527 seconds, Stopping threads took: 0.0000082 seconds
[2019-12-08T11:33:30.462+0000][1][safepoint    ] Application time: 0.0000613 seconds
[2019-12-08T11:33:30.462+0000][1][safepoint    ] Entering safepoint region: RevokeBias
[2019-12-08T11:33:30.462+0000][1][safepoint    ] Leaving safepoint region
[2019-12-08T11:33:30.462+0000][1][safepoint    ] Total time for which application threads were stopped: 0.0000525 seconds, Stopping threads took: 0.0000087 seconds
[2019-12-08T11:33:30.462+0000][1][safepoint    ] Application time: 0.0001756 seconds
[2019-12-08T11:33:30.462+0000][1][safepoint    ] Entering safepoint region: RevokeBias
[2019-12-08T11:33:30.462+0000][1][safepoint    ] Leaving safepoint region
[2019-12-08T11:33:30.462+0000][1][safepoint    ] Total time for which application threads were stopped: 0.0000525 seconds, Stopping threads took: 0.0000081 seconds
[2019-12-08T11:33:30.462+0000][1][safepoint    ] Application time: 0.0003012 seconds
[2019-12-08T11:33:30.462+0000][1][safepoint    ] Entering safepoint region: RevokeBias
[2019-12-08T11:33:30.462+0000][1][safepoint    ] Leaving safepoint region
[2019-12-08T11:33:30.462+0000][1][safepoint    ] Total time for which application threads were stopped: 0.0000628 seconds, Stopping threads took: 0.0000094 seconds
[2019-12-08T11:33:30.462+0000][1][safepoint    ] Application time: 0.0000802 seconds
[2019-12-08T11:33:30.462+0000][1][safepoint    ] Entering safepoint region: RevokeBias
[2019-12-08T11:33:30.463+0000][1][safepoint    ] Leaving safepoint region
[2019-12-08T11:33:30.463+0000][1][safepoint    ] Total time for which application threads were stopped: 0.0000502 seconds, Stopping threads took: 0.0000076 seconds
[2019-12-08T11:33:30.463+0000][1][safepoint    ] Application time: 0.0001861 seconds
[2019-12-08T11:33:30.463+0000][1][safepoint    ] Entering safepoint region: RevokeBias
[2019-12-08T11:33:30.463+0000][1][safepoint    ] Leaving safepoint region
[2019-12-08T11:33:30.463+0000][1][safepoint    ] Total time for which application threads were stopped: 0.0000520 seconds, Stopping threads took: 0.0000076 seconds
[2019-12-08T11:33:30.463+0000][1][safepoint    ] Application time: 0.0000574 seconds
[2019-12-08T11:33:30.463+0000][1][safepoint    ] Entering safepoint region: RevokeBias
[2019-12-08T11:33:30.463+0000][1][safepoint    ] Leaving safepoint region
[2019-12-08T11:33:30.463+0000][1][safepoint    ] Total time for which application threads were stopped: 0.0000444 seconds, Stopping threads took: 0.0000110 seconds
[2019-12-08T11:33:30.463+0000][1][safepoint    ] Application time: 0.0000440 seconds
[2019-12-08T11:33:30.463+0000][1][safepoint    ] Entering safepoint region: RevokeBias
[2019-12-08T11:33:30.463+0000][1][safepoint    ] Leaving safepoint region
[2019-12-08T11:33:30.463+0000][1][safepoint    ] Total time for which application threads were stopped: 0.0000402 seconds, Stopping threads took: 0.0000065 seconds
[2019-12-08T11:33:30.463+0000][1][safepoint    ] Application time: 0.0000422 seconds
[2019-12-08T11:33:30.463+0000][1][safepoint    ] Entering safepoint region: RevokeBias
[2019-12-08T11:33:30.463+0000][1][safepoint    ] Leaving safepoint region
[2019-12-08T11:33:30.463+0000][1][safepoint    ] Total time for which application threads were stopped: 0.0000361 seconds, Stopping threads took: 0.0000064 seconds
[2019-12-08T11:33:30.463+0000][1][safepoint    ] Application time: 0.0003020 seconds
[2019-12-08T11:33:30.463+0000][1][safepoint    ] Entering safepoint region: RevokeBias
[2019-12-08T11:33:30.463+0000][1][safepoint    ] Leaving safepoint region
[2019-12-08T11:33:30.463+0000][1][safepoint    ] Total time for which application threads were stopped: 0.0000542 seconds, Stopping threads took: 0.0000086 seconds
[2019-12-08T11:33:30.464+0000][1][safepoint    ] Application time: 0.0001141 seconds
[2019-12-08T11:33:30.464+0000][1][safepoint    ] Entering safepoint region: RevokeBias
[2019-12-08T11:33:30.464+0000][1][safepoint    ] Leaving safepoint region
[2019-12-08T11:33:30.464+0000][1][safepoint    ] Total time for which application threads were stopped: 0.0000470 seconds, Stopping threads took: 0.0000080 seconds
[2019-12-08T11:33:30.464+0000][1][safepoint    ] Application time: 0.0004235 seconds
[2019-12-08T11:33:30.464+0000][1][safepoint    ] Entering safepoint region: RevokeBias
[2019-12-08T11:33:30.464+0000][1][safepoint    ] Leaving safepoint region
[2019-12-08T11:33:30.464+0000][1][safepoint    ] Total time for which application threads were stopped: 0.0000692 seconds, Stopping threads took: 0.0000105 seconds
[2019-12-08T11:33:30.465+0000][1][safepoint    ] Application time: 0.0004445 seconds
[2019-12-08T11:33:30.465+0000][1][safepoint    ] Entering safepoint region: RevokeBias
[2019-12-08T11:33:30.465+0000][1][safepoint    ] Leaving safepoint region
[2019-12-08T11:33:30.465+0000][1][safepoint    ] Total time for which application threads were stopped: 0.0000836 seconds, Stopping threads took: 0.0000093 seconds
[2019-12-08T11:33:30.465+0000][1][safepoint    ] Application time: 0.0000802 seconds
[2019-12-08T11:33:30.465+0000][1][safepoint    ] Entering safepoint region: BulkRevokeBias
[2019-12-08T11:33:30.465+0000][1][safepoint    ] Leaving safepoint region
[2019-12-08T11:33:30.465+0000][1][safepoint    ] Total time for which application threads were stopped: 0.0001065 seconds, Stopping threads took: 0.0000087 seconds
[2019-12-08T11:33:30.465+0000][1][safepoint    ] Application time: 0.0001218 seconds
[2019-12-08T11:33:30.465+0000][1][safepoint    ] Entering safepoint region: RevokeBias
[2019-12-08T11:33:30.465+0000][1][safepoint    ] Leaving safepoint region
[2019-12-08T11:33:30.465+0000][1][safepoint    ] Total time for which application threads were stopped: 0.0000592 seconds, Stopping threads took: 0.0000091 seconds
[2019-12-08T11:33:30.465+0000][1][safepoint    ] Application time: 0.0002390 seconds
[2019-12-08T11:33:30.465+0000][1][safepoint    ] Entering safepoint region: RevokeBias
[2019-12-08T11:33:30.465+0000][1][safepoint    ] Leaving safepoint region
[2019-12-08T11:33:30.465+0000][1][safepoint    ] Total time for which application threads were stopped: 0.0000581 seconds, Stopping threads took: 0.0000090 seconds
[2019-12-08T11:33:30.467+0000][1][safepoint    ] Application time: 0.0017126 seconds
[2019-12-08T11:33:30.467+0000][1][safepoint    ] Entering safepoint region: RevokeBias
[2019-12-08T11:33:30.467+0000][1][safepoint    ] Leaving safepoint region
[2019-12-08T11:33:30.467+0000][1][safepoint    ] Total time for which application threads were stopped: 0.0000832 seconds, Stopping threads took: 0.0000199 seconds
[2019-12-08T11:33:30.467+0000][1][safepoint    ] Application time: 0.0000655 seconds
[2019-12-08T11:33:30.467+0000][1][safepoint    ] Entering safepoint region: RevokeBias
[2019-12-08T11:33:30.467+0000][1][safepoint    ] Leaving safepoint region
[2019-12-08T11:33:30.467+0000][1][safepoint    ] Total time for which application threads were stopped: 0.0000578 seconds, Stopping threads took: 0.0000089 seconds
[2019-12-08T11:33:30.468+0000][1][safepoint    ] Application time: 0.0009471 seconds
[2019-12-08T11:33:30.468+0000][1][safepoint    ] Entering safepoint region: RevokeBias
[2019-12-08T11:33:30.468+0000][1][safepoint    ] Leaving safepoint region
[2019-12-08T11:33:30.468+0000][1][safepoint    ] Total time for which application threads were stopped: 0.0000634 seconds, Stopping threads took: 0.0000098 seconds
[2019-12-08T11:33:30.469+0000][1][safepoint    ] Application time: 0.0010017 seconds
[2019-12-08T11:33:30.469+0000][1][safepoint    ] Entering safepoint region: RevokeBias
[2019-12-08T11:33:30.470+0000][1][safepoint    ] Leaving safepoint region
[2019-12-08T11:33:30.470+0000][1][safepoint    ] Total time for which application threads were stopped: 0.0000729 seconds, Stopping threads took: 0.0000098 seconds
[2019-12-08T11:33:30.470+0000][1][safepoint    ] Application time: 0.0000591 seconds
[2019-12-08T11:33:30.470+0000][1][safepoint    ] Entering safepoint region: RevokeBias
[2019-12-08T11:33:30.470+0000][1][safepoint    ] Leaving safepoint region
[2019-12-08T11:33:30.470+0000][1][safepoint    ] Total time for which application threads were stopped: 0.0000711 seconds, Stopping threads took: 0.0000076 seconds
[2019-12-08T11:33:30.470+0000][1][safepoint    ] Application time: 0.0002369 seconds
[2019-12-08T11:33:30.470+0000][1][safepoint    ] Entering safepoint region: RevokeBias
[2019-12-08T11:33:30.470+0000][1][safepoint    ] Leaving safepoint region
[2019-12-08T11:33:30.470+0000][1][safepoint    ] Total time for which application threads were stopped: 0.0000603 seconds, Stopping threads took: 0.0000093 seconds
[2019-12-08T11:33:30.471+0000][1][safepoint    ] Application time: 0.0007847 seconds
[2019-12-08T11:33:30.471+0000][1][safepoint    ] Entering safepoint region: RevokeBias
[2019-12-08T11:33:30.471+0000][1][safepoint    ] Leaving safepoint region
[2019-12-08T11:33:30.471+0000][1][safepoint    ] Total time for which application threads were stopped: 0.0000436 seconds, Stopping threads took: 0.0000110 seconds
[2019-12-08T11:33:30.471+0000][1][safepoint    ] Application time: 0.0000572 seconds
[2019-12-08T11:33:30.471+0000][1][safepoint    ] Entering safepoint region: RevokeBias
[2019-12-08T11:33:30.471+0000][1][safepoint    ] Leaving safepoint region
[2019-12-08T11:33:30.471+0000][1][safepoint    ] Total time for which application threads were stopped: 0.0000295 seconds, Stopping threads took: 0.0000075 seconds
[2019-12-08T11:33:30.471+0000][1][safepoint    ] Application time: 0.0000536 seconds
[2019-12-08T11:33:30.471+0000][1][safepoint    ] Entering safepoint region: RevokeBias
[2019-12-08T11:33:30.471+0000][1][safepoint    ] Leaving safepoint region
[2019-12-08T11:33:30.471+0000][1][safepoint    ] Total time for which application threads were stopped: 0.0000284 seconds, Stopping threads took: 0.0000079 seconds
[2019-12-08T11:33:30.471+0000][1][safepoint    ] Application time: 0.0000503 seconds
[2019-12-08T11:33:30.471+0000][1][safepoint    ] Entering safepoint region: RevokeBias
[2019-12-08T11:33:30.471+0000][1][safepoint    ] Leaving safepoint region
[2019-12-08T11:33:30.471+0000][1][safepoint    ] Total time for which application threads were stopped: 0.0000272 seconds, Stopping threads took: 0.0000078 seconds
[2019-12-08T11:33:30.471+0000][1][safepoint    ] Application time: 0.0000508 seconds
[2019-12-08T11:33:30.471+0000][1][safepoint    ] Entering safepoint region: RevokeBias
[2019-12-08T11:33:30.471+0000][1][safepoint    ] Leaving safepoint region
[2019-12-08T11:33:30.471+0000][1][safepoint    ] Total time for which application threads were stopped: 0.0000322 seconds, Stopping threads took: 0.0000122 seconds
[2019-12-08T11:33:30.471+0000][1][safepoint    ] Application time: 0.0000552 seconds
[2019-12-08T11:33:30.471+0000][1][safepoint    ] Entering safepoint region: RevokeBias
[2019-12-08T11:33:30.471+0000][1][safepoint    ] Leaving safepoint region
[2019-12-08T11:33:30.471+0000][1][safepoint    ] Total time for which application threads were stopped: 0.0000277 seconds, Stopping threads took: 0.0000074 seconds
[2019-12-08T11:33:30.471+0000][1][safepoint    ] Application time: 0.0000504 seconds
[2019-12-08T11:33:30.471+0000][1][safepoint    ] Entering safepoint region: RevokeBias
[2019-12-08T11:33:30.471+0000][1][safepoint    ] Leaving safepoint region
[2019-12-08T11:33:30.471+0000][1][safepoint    ] Total time for which application threads were stopped: 0.0000294 seconds, Stopping threads took: 0.0000074 seconds
[2019-12-08T11:33:30.472+0000][1][safepoint    ] Application time: 0.0000496 seconds
[2019-12-08T11:33:30.472+0000][1][safepoint    ] Entering safepoint region: RevokeBias
[2019-12-08T11:33:30.472+0000][1][safepoint    ] Leaving safepoint region
[2019-12-08T11:33:30.472+0000][1][safepoint    ] Total time for which application threads were stopped: 0.0000267 seconds, Stopping threads took: 0.0000074 seconds
[2019-12-08T11:33:30.472+0000][1][safepoint    ] Application time: 0.0000501 seconds
[2019-12-08T11:33:30.472+0000][1][safepoint    ] Entering safepoint region: RevokeBias
[2019-12-08T11:33:30.472+0000][1][safepoint    ] Leaving safepoint region
[2019-12-08T11:33:30.472+0000][1][safepoint    ] Total time for which application threads were stopped: 0.0000292 seconds, Stopping threads took: 0.0000082 seconds
[2019-12-08T11:33:30.472+0000][1][safepoint    ] Application time: 0.0000687 seconds
[2019-12-08T11:33:30.472+0000][1][safepoint    ] Entering safepoint region: RevokeBias
[2019-12-08T11:33:30.472+0000][1][safepoint    ] Leaving safepoint region
[2019-12-08T11:33:30.472+0000][1][safepoint    ] Total time for which application threads were stopped: 0.0000336 seconds, Stopping threads took: 0.0000086 seconds
[2019-12-08T11:33:30.472+0000][1][safepoint    ] Application time: 0.0000539 seconds
[2019-12-08T11:33:30.472+0000][1][safepoint    ] Entering safepoint region: RevokeBias
[2019-12-08T11:33:30.472+0000][1][safepoint    ] Leaving safepoint region
[2019-12-08T11:33:30.472+0000][1][safepoint    ] Total time for which application threads were stopped: 0.0000294 seconds, Stopping threads took: 0.0000077 seconds
[2019-12-08T11:33:30.472+0000][1][safepoint    ] Application time: 0.0000492 seconds
[2019-12-08T11:33:30.472+0000][1][safepoint    ] Entering safepoint region: RevokeBias
[2019-12-08T11:33:30.472+0000][1][safepoint    ] Leaving safepoint region
[2019-12-08T11:33:30.472+0000][1][safepoint    ] Total time for which application threads were stopped: 0.0000274 seconds, Stopping threads took: 0.0000070 seconds
[2019-12-08T11:33:30.472+0000][1][safepoint    ] Application time: 0.0000513 seconds
[2019-12-08T11:33:30.472+0000][1][safepoint    ] Entering safepoint region: RevokeBias
[2019-12-08T11:33:30.472+0000][1][safepoint    ] Leaving safepoint region
[2019-12-08T11:33:30.472+0000][1][safepoint    ] Total time for which application threads were stopped: 0.0000287 seconds, Stopping threads took: 0.0000075 seconds
[2019-12-08T11:33:30.472+0000][1][safepoint    ] Application time: 0.0000535 seconds
[2019-12-08T11:33:30.472+0000][1][safepoint    ] Entering safepoint region: RevokeBias
[2019-12-08T11:33:30.472+0000][1][safepoint    ] Leaving safepoint region
[2019-12-08T11:33:30.472+0000][1][safepoint    ] Total time for which application threads were stopped: 0.0000288 seconds, Stopping threads took: 0.0000073 seconds
[2019-12-08T11:33:30.472+0000][1][safepoint    ] Application time: 0.0000515 seconds
[2019-12-08T11:33:30.472+0000][1][safepoint    ] Entering safepoint region: RevokeBias
[2019-12-08T11:33:30.472+0000][1][safepoint    ] Leaving safepoint region
[2019-12-08T11:33:30.472+0000][1][safepoint    ] Total time for which application threads were stopped: 0.0000331 seconds, Stopping threads took: 0.0000122 seconds
[2019-12-08T11:33:30.472+0000][1][safepoint    ] Application time: 0.0000514 seconds
[2019-12-08T11:33:30.472+0000][1][safepoint    ] Entering safepoint region: RevokeBias
[2019-12-08T11:33:30.472+0000][1][safepoint    ] Leaving safepoint region
[2019-12-08T11:33:30.472+0000][1][safepoint    ] Total time for which application threads were stopped: 0.0000303 seconds, Stopping threads took: 0.0000084 seconds
[2019-12-08T11:33:30.472+0000][1][safepoint    ] Application time: 0.0000509 seconds
[2019-12-08T11:33:30.472+0000][1][safepoint    ] Entering safepoint region: RevokeBias
[2019-12-08T11:33:30.472+0000][1][safepoint    ] Leaving safepoint region
[2019-12-08T11:33:30.472+0000][1][safepoint    ] Total time for which application threads were stopped: 0.0000280 seconds, Stopping threads took: 0.0000077 seconds
[2019-12-08T11:33:30.473+0000][1][safepoint    ] Application time: 0.0000508 seconds
[2019-12-08T11:33:30.473+0000][1][safepoint    ] Entering safepoint region: RevokeBias
[2019-12-08T11:33:30.473+0000][1][safepoint    ] Leaving safepoint region
[2019-12-08T11:33:30.473+0000][1][safepoint    ] Total time for which application threads were stopped: 0.0000298 seconds, Stopping threads took: 0.0000076 seconds
[2019-12-08T11:33:30.473+0000][1][safepoint    ] Application time: 0.0000510 seconds
[2019-12-08T11:33:30.473+0000][1][safepoint    ] Entering safepoint region: RevokeBias
[2019-12-08T11:33:30.473+0000][1][safepoint    ] Leaving safepoint region
[2019-12-08T11:33:30.473+0000][1][safepoint    ] Total time for which application threads were stopped: 0.0000298 seconds, Stopping threads took: 0.0000080 seconds
[2019-12-08T11:33:30.473+0000][1][safepoint    ] Application time: 0.0000662 seconds
[2019-12-08T11:33:30.473+0000][1][safepoint    ] Entering safepoint region: BulkRevokeBias
[2019-12-08T11:33:30.473+0000][1][safepoint    ] Leaving safepoint region
[2019-12-08T11:33:30.473+0000][1][safepoint    ] Total time for which application threads were stopped: 0.0000940 seconds, Stopping threads took: 0.0000081 seconds
[2019-12-08T11:33:30.937+0000][1][safepoint    ] Application time: 0.4642005 seconds
[2019-12-08T11:33:30.987+0000][1][safepoint    ] Entering safepoint region: RevokeBias
[2019-12-08T11:33:30.987+0000][1][safepoint    ] Leaving safepoint region
[2019-12-08T11:33:30.987+0000][1][safepoint    ] Total time for which application threads were stopped: 0.0499865 seconds, Stopping threads took: 0.0498200 seconds
[2019-12-08T11:33:30.994+0000][1][safepoint    ] Application time: 0.0067071 seconds
[2019-12-08T11:33:30.994+0000][1][safepoint    ] Entering safepoint region: RevokeBias
[2019-12-08T11:33:30.994+0000][1][safepoint    ] Leaving safepoint region
[2019-12-08T11:33:30.994+0000][1][safepoint    ] Total time for which application threads were stopped: 0.0003156 seconds, Stopping threads took: 0.0002612 seconds
[2019-12-08T11:33:31.480+0000][1][safepoint    ] Application time: 0.4860246 seconds
[2019-12-08T11:33:31.480+0000][1][safepoint    ] Entering safepoint region: GenCollectForAllocation
[2019-12-08T11:33:31.480+0000][1][gc,start     ] GC(20) Pause Young (Allocation Failure)
[2019-12-08T11:33:31.480+0000][1][gc,task      ] GC(20) Using 4 workers of 4 for evacuation
[2019-12-08T11:33:31.623+0000][1][gc,age       ] GC(20) Desired survivor size 4456448 bytes, new threshold 2 (max threshold 6)
[2019-12-08T11:33:31.623+0000][1][gc,age       ] GC(20) Age table with threshold 2 (max threshold 6)
[2019-12-08T11:33:31.623+0000][1][gc,age       ] GC(20) - age   1:    2637992 bytes,    2637992 total
[2019-12-08T11:33:31.623+0000][1][gc,age       ] GC(20) - age   2:    2613144 bytes,    5251136 total
[2019-12-08T11:33:31.623+0000][1][gc,heap      ] GC(20) ParNew: 76159K->7434K(78656K)
[2019-12-08T11:33:31.623+0000][1][gc,heap      ] GC(20) CMS: 55283K->58438K(174784K)
[2019-12-08T11:33:31.623+0000][1][gc,metaspace ] GC(20) Metaspace: 48520K->48520K(1093632K)
[2019-12-08T11:33:31.623+0000][1][gc           ] GC(20) Pause Young (Allocation Failure) 128M->64M(247M) 142.723ms
[2019-12-08T11:33:31.623+0000][1][gc,cpu       ] GC(20) User=0.07s Sys=0.00s Real=0.15s
[2019-12-08T11:33:31.623+0000][1][safepoint    ] Leaving safepoint region
[2019-12-08T11:33:31.623+0000][1][safepoint    ] Total time for which application threads were stopped: 0.1428722 seconds, Stopping threads took: 0.0000147 seconds
[2019-12-08T11:33:32.020+0000][1][safepoint    ] Application time: 0.3966521 seconds
[2019-12-08T11:33:32.030+0000][1][safepoint    ] Entering safepoint region: RevokeBias
[2019-12-08T11:33:32.030+0000][1][safepoint    ] Leaving safepoint region
[2019-12-08T11:33:32.030+0000][1][safepoint    ] Total time for which application threads were stopped: 0.0104847 seconds, Stopping threads took: 0.0100239 seconds
[2019-12-08T11:33:32.040+0000][1][safepoint    ] Application time: 0.0094729 seconds
[2019-12-08T11:33:32.052+0000][1][safepoint    ] Entering safepoint region: RevokeBias
[2019-12-08T11:33:32.052+0000][1][safepoint    ] Leaving safepoint region
[2019-12-08T11:33:32.052+0000][1][safepoint    ] Total time for which application threads were stopped: 0.0122456 seconds, Stopping threads took: 0.0121832 seconds
[2019-12-08T11:33:32.061+0000][1][safepoint    ] Application time: 0.0088046 seconds
[2019-12-08T11:33:32.094+0000][1][safepoint    ] Entering safepoint region: RevokeBias
[2019-12-08T11:33:32.094+0000][1][safepoint    ] Leaving safepoint region
[2019-12-08T11:33:32.094+0000][1][safepoint    ] Total time for which application threads were stopped: 0.0329993 seconds, Stopping threads took: 0.0329351 seconds
[2019-12-08T11:33:32.097+0000][1][safepoint    ] Application time: 0.0029202 seconds
[2019-12-08T11:33:32.097+0000][1][safepoint    ] Entering safepoint region: RevokeBias
[2019-12-08T11:33:32.097+0000][1][safepoint    ] Leaving safepoint region
[2019-12-08T11:33:32.097+0000][1][safepoint    ] Total time for which application threads were stopped: 0.0000742 seconds, Stopping threads took: 0.0000226 seconds
[2019-12-08T11:33:32.097+0000][1][safepoint    ] Application time: 0.0000610 seconds
[2019-12-08T11:33:32.097+0000][1][safepoint    ] Entering safepoint region: RevokeBias
[2019-12-08T11:33:32.097+0000][1][safepoint    ] Leaving safepoint region
[2019-12-08T11:33:32.097+0000][1][safepoint    ] Total time for which application threads were stopped: 0.0000336 seconds, Stopping threads took: 0.0000077 seconds
[2019-12-08T11:33:32.097+0000][1][safepoint    ] Application time: 0.0000446 seconds
[2019-12-08T11:33:32.097+0000][1][safepoint    ] Entering safepoint region: RevokeBias
[2019-12-08T11:33:32.097+0000][1][safepoint    ] Leaving safepoint region
[2019-12-08T11:33:32.097+0000][1][safepoint    ] Total time for which application threads were stopped: 0.0000301 seconds, Stopping threads took: 0.0000073 seconds
[2019-12-08T11:33:32.097+0000][1][safepoint    ] Application time: 0.0000447 seconds
[2019-12-08T11:33:32.097+0000][1][safepoint    ] Entering safepoint region: RevokeBias
[2019-12-08T11:33:32.097+0000][1][safepoint    ] Leaving safepoint region
[2019-12-08T11:33:32.097+0000][1][safepoint    ] Total time for which application threads were stopped: 0.0000290 seconds, Stopping threads took: 0.0000071 seconds
[2019-12-08T11:33:32.097+0000][1][safepoint    ] Application time: 0.0000493 seconds
[2019-12-08T11:33:32.097+0000][1][safepoint    ] Entering safepoint region: RevokeBias
[2019-12-08T11:33:32.097+0000][1][safepoint    ] Leaving safepoint region
[2019-12-08T11:33:32.097+0000][1][safepoint    ] Total time for which application threads were stopped: 0.0000268 seconds, Stopping threads took: 0.0000070 seconds
[2019-12-08T11:33:32.097+0000][1][safepoint    ] Application time: 0.0000480 seconds
[2019-12-08T11:33:32.097+0000][1][safepoint    ] Entering safepoint region: RevokeBias
[2019-12-08T11:33:32.097+0000][1][safepoint    ] Leaving safepoint region
[2019-12-08T11:33:32.097+0000][1][safepoint    ] Total time for which application threads were stopped: 0.0000366 seconds, Stopping threads took: 0.0000075 seconds
[2019-12-08T11:33:32.097+0000][1][safepoint    ] Application time: 0.0000442 seconds
[2019-12-08T11:33:32.097+0000][1][safepoint    ] Entering safepoint region: RevokeBias
[2019-12-08T11:33:32.097+0000][1][safepoint    ] Leaving safepoint region
[2019-12-08T11:33:32.097+0000][1][safepoint    ] Total time for which application threads were stopped: 0.0000280 seconds, Stopping threads took: 0.0000071 seconds
[2019-12-08T11:33:32.097+0000][1][safepoint    ] Application time: 0.0000459 seconds
[2019-12-08T11:33:32.097+0000][1][safepoint    ] Entering safepoint region: RevokeBias
[2019-12-08T11:33:32.097+0000][1][safepoint    ] Leaving safepoint region
[2019-12-08T11:33:32.097+0000][1][safepoint    ] Total time for which application threads were stopped: 0.0000302 seconds, Stopping threads took: 0.0000072 seconds
[2019-12-08T11:33:32.098+0000][1][safepoint    ] Application time: 0.0000441 seconds
[2019-12-08T11:33:32.098+0000][1][safepoint    ] Entering safepoint region: RevokeBias
[2019-12-08T11:33:32.098+0000][1][safepoint    ] Leaving safepoint region
[2019-12-08T11:33:32.098+0000][1][safepoint    ] Total time for which application threads were stopped: 0.0000310 seconds, Stopping threads took: 0.0000072 seconds
[2019-12-08T11:33:32.098+0000][1][safepoint    ] Application time: 0.0000439 seconds
[2019-12-08T11:33:32.098+0000][1][safepoint    ] Entering safepoint region: RevokeBias
[2019-12-08T11:33:32.098+0000][1][safepoint    ] Leaving safepoint region
[2019-12-08T11:33:32.098+0000][1][safepoint    ] Total time for which application threads were stopped: 0.0000291 seconds, Stopping threads took: 0.0000072 seconds
[2019-12-08T11:33:32.098+0000][1][safepoint    ] Application time: 0.0000583 seconds
[2019-12-08T11:33:32.098+0000][1][safepoint    ] Entering safepoint region: RevokeBias
[2019-12-08T11:33:32.098+0000][1][safepoint    ] Leaving safepoint region
[2019-12-08T11:33:32.098+0000][1][safepoint    ] Total time for which application threads were stopped: 0.0000301 seconds, Stopping threads took: 0.0000072 seconds
[2019-12-08T11:33:32.098+0000][1][safepoint    ] Application time: 0.0000444 seconds
[2019-12-08T11:33:32.098+0000][1][safepoint    ] Entering safepoint region: RevokeBias
[2019-12-08T11:33:32.098+0000][1][safepoint    ] Leaving safepoint region
[2019-12-08T11:33:32.098+0000][1][safepoint    ] Total time for which application threads were stopped: 0.0000287 seconds, Stopping threads took: 0.0000073 seconds
[2019-12-08T11:33:32.098+0000][1][safepoint    ] Application time: 0.0000438 seconds
[2019-12-08T11:33:32.098+0000][1][safepoint    ] Entering safepoint region: RevokeBias
[2019-12-08T11:33:32.098+0000][1][safepoint    ] Leaving safepoint region
[2019-12-08T11:33:32.098+0000][1][safepoint    ] Total time for which application threads were stopped: 0.0000291 seconds, Stopping threads took: 0.0000072 seconds
[2019-12-08T11:33:32.098+0000][1][safepoint    ] Application time: 0.0000439 seconds
[2019-12-08T11:33:32.098+0000][1][safepoint    ] Entering safepoint region: RevokeBias
[2019-12-08T11:33:32.098+0000][1][safepoint    ] Leaving safepoint region
[2019-12-08T11:33:32.098+0000][1][safepoint    ] Total time for which application threads were stopped: 0.0000291 seconds, Stopping threads took: 0.0000072 seconds
[2019-12-08T11:33:32.245+0000][1][safepoint    ] Application time: 0.1468475 seconds
[2019-12-08T11:33:32.245+0000][1][safepoint    ] Entering safepoint region: RevokeBias
[2019-12-08T11:33:32.245+0000][1][safepoint    ] Leaving safepoint region
[2019-12-08T11:33:32.245+0000][1][safepoint    ] Total time for which application threads were stopped: 0.0000627 seconds, Stopping threads took: 0.0000150 seconds
[2019-12-08T11:33:32.495+0000][1][safepoint    ] Application time: 0.2496191 seconds
[2019-12-08T11:33:32.495+0000][1][safepoint    ] Entering safepoint region: RevokeBias
[2019-12-08T11:33:32.495+0000][1][safepoint    ] Leaving safepoint region
[2019-12-08T11:33:32.495+0000][1][safepoint    ] Total time for which application threads were stopped: 0.0001291 seconds, Stopping threads took: 0.0000135 seconds
[2019-12-08T11:33:33.078+0000][1][safepoint    ] Application time: 0.5832178 seconds
[2019-12-08T11:33:33.082+0000][1][safepoint    ] Entering safepoint region: RevokeBias
[2019-12-08T11:33:33.082+0000][1][safepoint    ] Leaving safepoint region
[2019-12-08T11:33:33.082+0000][1][safepoint    ] Total time for which application threads were stopped: 0.0040469 seconds, Stopping threads took: 0.0039778 seconds
[2019-12-08T11:33:34.086+0000][1][safepoint    ] Application time: 1.0036063 seconds
[2019-12-08T11:33:34.097+0000][1][safepoint    ] Entering safepoint region: Cleanup
[2019-12-08T11:33:34.097+0000][1][safepoint    ] Leaving safepoint region
[2019-12-08T11:33:34.097+0000][1][safepoint    ] Total time for which application threads were stopped: 0.0117308 seconds, Stopping threads took: 0.0112465 seconds
[2019-12-08T11:33:34.112+0000][1][safepoint    ] Application time: 0.0146159 seconds
[2019-12-08T11:33:34.132+0000][1][safepoint    ] Entering safepoint region: RevokeBias
[2019-12-08T11:33:34.132+0000][1][safepoint    ] Leaving safepoint region
[2019-12-08T11:33:34.132+0000][1][safepoint    ] Total time for which application threads were stopped: 0.0196672 seconds, Stopping threads took: 0.0196049 seconds
[2019-12-08T11:33:34.134+0000][1][safepoint    ] Application time: 0.0020436 seconds
[2019-12-08T11:33:34.134+0000][1][safepoint    ] Entering safepoint region: RevokeBias
[2019-12-08T11:33:34.134+0000][1][safepoint    ] Leaving safepoint region
[2019-12-08T11:33:34.134+0000][1][safepoint    ] Total time for which application threads were stopped: 0.0000719 seconds, Stopping threads took: 0.0000150 seconds
[2019-12-08T11:33:35.135+0000][1][safepoint    ] Application time: 1.0008369 seconds
[2019-12-08T11:33:35.166+0000][1][safepoint    ] Entering safepoint region: Cleanup
[2019-12-08T11:33:35.166+0000][1][safepoint    ] Leaving safepoint region
[2019-12-08T11:33:35.166+0000][1][safepoint    ] Total time for which application threads were stopped: 0.0310353 seconds, Stopping threads took: 0.0309095 seconds
[2019-12-08T11:33:36.170+0000][1][safepoint    ] Application time: 1.0038269 seconds
[2019-12-08T11:33:36.171+0000][1][safepoint    ] Entering safepoint region: Cleanup
[2019-12-08T11:33:36.171+0000][1][safepoint    ] Leaving safepoint region
[2019-12-08T11:33:36.171+0000][1][safepoint    ] Total time for which application threads were stopped: 0.0015227 seconds, Stopping threads took: 0.0014402 seconds
[2019-12-08T11:33:36.220+0000][1][safepoint    ] Application time: 0.0484360 seconds
[2019-12-08T11:33:36.220+0000][1][safepoint    ] Entering safepoint region: GenCollectForAllocation
[2019-12-08T11:33:36.220+0000][1][gc,start     ] GC(21) Pause Young (Allocation Failure)
[2019-12-08T11:33:36.220+0000][1][gc,task      ] GC(21) Using 4 workers of 4 for evacuation
[2019-12-08T11:33:36.323+0000][1][gc,age       ] GC(21) Desired survivor size 4456448 bytes, new threshold 6 (max threshold 6)
[2019-12-08T11:33:36.323+0000][1][gc,age       ] GC(21) Age table with threshold 6 (max threshold 6)
[2019-12-08T11:33:36.323+0000][1][gc,age       ] GC(21) - age   1:    1649936 bytes,    1649936 total
[2019-12-08T11:33:36.323+0000][1][gc,age       ] GC(21) - age   2:    2569928 bytes,    4219864 total
[2019-12-08T11:33:36.323+0000][1][gc,heap      ] GC(21) ParNew: 77386K->6356K(78656K)
[2019-12-08T11:33:36.323+0000][1][gc,heap      ] GC(21) CMS: 58438K->61061K(174784K)
[2019-12-08T11:33:36.323+0000][1][gc,metaspace ] GC(21) Metaspace: 56255K->56255K(1101824K)
[2019-12-08T11:33:36.323+0000][1][gc           ] GC(21) Pause Young (Allocation Failure) 132M->65M(247M) 103.239ms
[2019-12-08T11:33:36.323+0000][1][gc,cpu       ] GC(21) User=0.04s Sys=0.00s Real=0.11s
[2019-12-08T11:33:36.323+0000][1][safepoint    ] Leaving safepoint region
[2019-12-08T11:33:36.323+0000][1][safepoint    ] Total time for which application threads were stopped: 0.1033825 seconds, Stopping threads took: 0.0000162 seconds
[2019-12-08T11:33:36.749+0000][1][safepoint    ] Application time: 0.4255741 seconds
[2019-12-08T11:33:36.749+0000][1][safepoint    ] Entering safepoint region: Deoptimize
[2019-12-08T11:33:36.749+0000][1][safepoint    ] Leaving safepoint region
[2019-12-08T11:33:36.749+0000][1][safepoint    ] Total time for which application threads were stopped: 0.0006569 seconds, Stopping threads took: 0.0000166 seconds
[2019-12-08T11:33:37.197+0000][1][safepoint    ] Application time: 0.4478727 seconds
[2019-12-08T11:33:37.197+0000][1][safepoint    ] Entering safepoint region: RevokeBias
[2019-12-08T11:33:37.197+0000][1][safepoint    ] Leaving safepoint region
[2019-12-08T11:33:37.197+0000][1][safepoint    ] Total time for which application threads were stopped: 0.0001213 seconds, Stopping threads took: 0.0000143 seconds
[2019-12-08T11:33:37.198+0000][1][safepoint    ] Application time: 0.0000849 seconds
[2019-12-08T11:33:37.198+0000][1][safepoint    ] Entering safepoint region: RevokeBias
[2019-12-08T11:33:37.198+0000][1][safepoint    ] Leaving safepoint region
[2019-12-08T11:33:37.198+0000][1][safepoint    ] Total time for which application threads were stopped: 0.0000389 seconds, Stopping threads took: 0.0000070 seconds
[2019-12-08T11:33:37.198+0000][1][safepoint    ] Application time: 0.0000795 seconds
[2019-12-08T11:33:37.198+0000][1][safepoint    ] Entering safepoint region: RevokeBias
[2019-12-08T11:33:37.198+0000][1][safepoint    ] Leaving safepoint region
[2019-12-08T11:33:37.198+0000][1][safepoint    ] Total time for which application threads were stopped: 0.0000596 seconds, Stopping threads took: 0.0000069 seconds
[2019-12-08T11:33:37.235+0000][1][safepoint    ] Application time: 0.0369755 seconds
[2019-12-08T11:33:37.235+0000][1][safepoint    ] Entering safepoint region: RevokeBias
[2019-12-08T11:33:37.235+0000][1][safepoint    ] Leaving safepoint region
[2019-12-08T11:33:37.235+0000][1][safepoint    ] Total time for which application threads were stopped: 0.0001049 seconds, Stopping threads took: 0.0000176 seconds
[2019-12-08T11:33:38.085+0000][1][safepoint    ] Application time: 0.8504494 seconds
[2019-12-08T11:33:38.085+0000][1][safepoint    ] Entering safepoint region: RevokeBias
[2019-12-08T11:33:38.087+0000][1][safepoint    ] Leaving safepoint region
[2019-12-08T11:33:38.087+0000][1][safepoint    ] Total time for which application threads were stopped: 0.0012445 seconds, Stopping threads took: 0.0000155 seconds
[2019-12-08T11:33:38.457+0000][1][safepoint    ] Application time: 0.3708575 seconds
[2019-12-08T11:33:38.457+0000][1][safepoint    ] Entering safepoint region: Deoptimize
[2019-12-08T11:33:38.458+0000][1][safepoint    ] Leaving safepoint region
[2019-12-08T11:33:38.458+0000][1][safepoint    ] Total time for which application threads were stopped: 0.0006389 seconds, Stopping threads took: 0.0000149 seconds
[2019-12-08T11:33:38.493+0000][1][safepoint    ] Application time: 0.0344157 seconds
[2019-12-08T11:33:38.493+0000][1][safepoint    ] Entering safepoint region: RevokeBias
[2019-12-08T11:33:38.493+0000][1][safepoint    ] Leaving safepoint region
[2019-12-08T11:33:38.493+0000][1][safepoint    ] Total time for which application threads were stopped: 0.0000680 seconds, Stopping threads took: 0.0000135 seconds
[2019-12-08T11:33:39.061+0000][1][safepoint    ] Application time: 0.5680611 seconds
[2019-12-08T11:33:39.061+0000][1][safepoint    ] Entering safepoint region: BulkRevokeBias
[2019-12-08T11:33:39.061+0000][1][safepoint    ] Leaving safepoint region
[2019-12-08T11:33:39.061+0000][1][safepoint    ] Total time for which application threads were stopped: 0.0002799 seconds, Stopping threads took: 0.0000188 seconds
[2019-12-08T11:33:39.314+0000][1][safepoint    ] Application time: 0.2524749 seconds
[2019-12-08T11:33:39.334+0000][1][safepoint    ] Entering safepoint region: RevokeBias
[2019-12-08T11:33:39.334+0000][1][safepoint    ] Leaving safepoint region
[2019-12-08T11:33:39.334+0000][1][safepoint    ] Total time for which application threads were stopped: 0.0203318 seconds, Stopping threads took: 0.0202010 seconds
[2019-12-08T11:33:39.352+0000][1][safepoint    ] Application time: 0.0176609 seconds
[2019-12-08T11:33:39.352+0000][1][safepoint    ] Entering safepoint region: RevokeBias
[2019-12-08T11:33:39.352+0000][1][safepoint    ] Leaving safepoint region
[2019-12-08T11:33:39.352+0000][1][safepoint    ] Total time for which application threads were stopped: 0.0001740 seconds, Stopping threads took: 0.0001181 seconds
[2019-12-08T11:33:39.352+0000][1][safepoint    ] Application time: 0.0001985 seconds
[2019-12-08T11:33:39.352+0000][1][safepoint    ] Entering safepoint region: RevokeBias
[2019-12-08T11:33:39.352+0000][1][safepoint    ] Leaving safepoint region
[2019-12-08T11:33:39.352+0000][1][safepoint    ] Total time for which application threads were stopped: 0.0000566 seconds, Stopping threads took: 0.0000108 seconds
[2019-12-08T11:33:40.351+0000][1][safepoint    ] Application time: 0.9986676 seconds
[2019-12-08T11:33:40.351+0000][1][safepoint    ] Entering safepoint region: RevokeBias
[2019-12-08T11:33:40.351+0000][1][safepoint    ] Leaving safepoint region
[2019-12-08T11:33:40.351+0000][1][safepoint    ] Total time for which application threads were stopped: 0.0000911 seconds, Stopping threads took: 0.0000157 seconds
[2019-12-08T11:33:40.720+0000][1][safepoint    ] Application time: 0.3690400 seconds
[2019-12-08T11:33:40.720+0000][1][safepoint    ] Entering safepoint region: GenCollectForAllocation
[2019-12-08T11:33:40.720+0000][1][gc,start     ] GC(22) Pause Young (Allocation Failure)
[2019-12-08T11:33:40.720+0000][1][gc,task      ] GC(22) Using 4 workers of 4 for evacuation
[2019-12-08T11:33:40.776+0000][1][gc,age       ] GC(22) Desired survivor size 4456448 bytes, new threshold 2 (max threshold 6)
[2019-12-08T11:33:40.776+0000][1][gc,age       ] GC(22) Age table with threshold 2 (max threshold 6)
[2019-12-08T11:33:40.776+0000][1][gc,age       ] GC(22) - age   1:    3668576 bytes,    3668576 total
[2019-12-08T11:33:40.776+0000][1][gc,age       ] GC(22) - age   2:    1559304 bytes,    5227880 total
[2019-12-08T11:33:40.776+0000][1][gc,age       ] GC(22) - age   3:    2543976 bytes,    7771856 total
[2019-12-08T11:33:40.777+0000][1][gc,heap      ] GC(22) ParNew: 76308K->8704K(78656K)
[2019-12-08T11:33:40.777+0000][1][gc,heap      ] GC(22) CMS: 61061K->61122K(174784K)
[2019-12-08T11:33:40.777+0000][1][gc,metaspace ] GC(22) Metaspace: 63489K->63489K(1107968K)
[2019-12-08T11:33:40.777+0000][1][gc           ] GC(22) Pause Young (Allocation Failure) 134M->68M(247M) 56.537ms
[2019-12-08T11:33:40.777+0000][1][gc,cpu       ] GC(22) User=0.09s Sys=0.00s Real=0.06s
[2019-12-08T11:33:40.777+0000][1][safepoint    ] Leaving safepoint region
[2019-12-08T11:33:40.777+0000][1][safepoint    ] Total time for which application threads were stopped: 0.0567108 seconds, Stopping threads took: 0.0000166 seconds
[2019-12-08T11:33:40.868+0000][1][safepoint    ] Application time: 0.0913342 seconds
[2019-12-08T11:33:40.868+0000][1][safepoint    ] Entering safepoint region: Deoptimize
[2019-12-08T11:33:40.869+0000][1][safepoint    ] Leaving safepoint region
[2019-12-08T11:33:40.869+0000][1][safepoint    ] Total time for which application threads were stopped: 0.0006611 seconds, Stopping threads took: 0.0000171 seconds
[2019-12-08T11:33:40.880+0000][1][safepoint    ] Application time: 0.0114740 seconds
[2019-12-08T11:33:40.880+0000][1][safepoint    ] Entering safepoint region: BulkRevokeBias
[2019-12-08T11:33:40.880+0000][1][safepoint    ] Leaving safepoint region
[2019-12-08T11:33:40.880+0000][1][safepoint    ] Total time for which application threads were stopped: 0.0001859 seconds, Stopping threads took: 0.0000158 seconds
[2019-12-08T11:33:40.882+0000][1][safepoint    ] Application time: 0.0012275 seconds
[2019-12-08T11:33:40.882+0000][1][safepoint    ] Entering safepoint region: RevokeBias
[2019-12-08T11:33:40.882+0000][1][safepoint    ] Leaving safepoint region
[2019-12-08T11:33:40.882+0000][1][safepoint    ] Total time for which application threads were stopped: 0.0000919 seconds, Stopping threads took: 0.0000126 seconds
[2019-12-08T11:33:40.882+0000][1][safepoint    ] Application time: 0.0004048 seconds
[2019-12-08T11:33:40.882+0000][1][safepoint    ] Entering safepoint region: RevokeBias
[2019-12-08T11:33:40.882+0000][1][safepoint    ] Leaving safepoint region
[2019-12-08T11:33:40.882+0000][1][safepoint    ] Total time for which application threads were stopped: 0.0000673 seconds, Stopping threads took: 0.0000119 seconds
[2019-12-08T11:33:40.882+0000][1][safepoint    ] Application time: 0.0000625 seconds
[2019-12-08T11:33:40.882+0000][1][safepoint    ] Entering safepoint region: RevokeBias
[2019-12-08T11:33:40.882+0000][1][safepoint    ] Leaving safepoint region
[2019-12-08T11:33:40.882+0000][1][safepoint    ] Total time for which application threads were stopped: 0.0000521 seconds, Stopping threads took: 0.0000089 seconds
[2019-12-08T11:33:40.883+0000][1][safepoint    ] Application time: 0.0003647 seconds
[2019-12-08T11:33:40.883+0000][1][safepoint    ] Entering safepoint region: RevokeBias
[2019-12-08T11:33:40.883+0000][1][safepoint    ] Leaving safepoint region
[2019-12-08T11:33:40.883+0000][1][safepoint    ] Total time for which application threads were stopped: 0.0000592 seconds, Stopping threads took: 0.0000116 seconds
[2019-12-08T11:33:40.883+0000][1][safepoint    ] Application time: 0.0001903 seconds
[2019-12-08T11:33:40.883+0000][1][safepoint    ] Entering safepoint region: RevokeBias
[2019-12-08T11:33:40.883+0000][1][safepoint    ] Leaving safepoint region
[2019-12-08T11:33:40.883+0000][1][safepoint    ] Total time for which application threads were stopped: 0.0000552 seconds, Stopping threads took: 0.0000095 seconds
[2019-12-08T11:33:40.883+0000][1][safepoint    ] Application time: 0.0000586 seconds
[2019-12-08T11:33:40.883+0000][1][safepoint    ] Entering safepoint region: RevokeBias
[2019-12-08T11:33:40.883+0000][1][safepoint    ] Leaving safepoint region
[2019-12-08T11:33:40.883+0000][1][safepoint    ] Total time for which application threads were stopped: 0.0000472 seconds, Stopping threads took: 0.0000088 seconds
[2019-12-08T11:33:40.885+0000][1][safepoint    ] Application time: 0.0016719 seconds
[2019-12-08T11:33:40.885+0000][1][safepoint    ] Entering safepoint region: RevokeBias
[2019-12-08T11:33:40.885+0000][1][safepoint    ] Leaving safepoint region
[2019-12-08T11:33:40.885+0000][1][safepoint    ] Total time for which application threads were stopped: 0.0000669 seconds, Stopping threads took: 0.0000120 seconds
[2019-12-08T11:33:40.885+0000][1][safepoint    ] Application time: 0.0001004 seconds
[2019-12-08T11:33:40.885+0000][1][safepoint    ] Entering safepoint region: RevokeBias
[2019-12-08T11:33:40.885+0000][1][safepoint    ] Leaving safepoint region
[2019-12-08T11:33:40.885+0000][1][safepoint    ] Total time for which application threads were stopped: 0.0000499 seconds, Stopping threads took: 0.0000091 seconds
[2019-12-08T11:33:40.890+0000][1][safepoint    ] Application time: 0.0043495 seconds
[2019-12-08T11:33:40.890+0000][1][safepoint    ] Entering safepoint region: Deoptimize
[2019-12-08T11:33:40.890+0000][1][safepoint    ] Leaving safepoint region
[2019-12-08T11:33:40.890+0000][1][safepoint    ] Total time for which application threads were stopped: 0.0006241 seconds, Stopping threads took: 0.0000134 seconds
[2019-12-08T11:33:40.891+0000][1][safepoint    ] Application time: 0.0005724 seconds
[2019-12-08T11:33:40.891+0000][1][safepoint    ] Entering safepoint region: RevokeBias
[2019-12-08T11:33:40.891+0000][1][safepoint    ] Leaving safepoint region
[2019-12-08T11:33:40.891+0000][1][safepoint    ] Total time for which application threads were stopped: 0.0000477 seconds, Stopping threads took: 0.0000119 seconds
[2019-12-08T11:33:40.974+0000][1][safepoint    ] Application time: 0.0830937 seconds
[2019-12-08T11:33:40.974+0000][1][safepoint    ] Entering safepoint region: RevokeBias
[2019-12-08T11:33:40.974+0000][1][safepoint    ] Leaving safepoint region
[2019-12-08T11:33:40.974+0000][1][safepoint    ] Total time for which application threads were stopped: 0.0004106 seconds, Stopping threads took: 0.0003280 seconds
[2019-12-08T11:33:40.975+0000][1][safepoint    ] Application time: 0.0001769 seconds
[2019-12-08T11:33:40.975+0000][1][safepoint    ] Entering safepoint region: RevokeBias
[2019-12-08T11:33:40.975+0000][1][safepoint    ] Leaving safepoint region
[2019-12-08T11:33:40.975+0000][1][safepoint    ] Total time for which application threads were stopped: 0.0000753 seconds, Stopping threads took: 0.0000128 seconds
[2019-12-08T11:33:40.975+0000][1][safepoint    ] Application time: 0.0001701 seconds
[2019-12-08T11:33:40.975+0000][1][safepoint    ] Entering safepoint region: RevokeBias
[2019-12-08T11:33:40.975+0000][1][safepoint    ] Leaving safepoint region
[2019-12-08T11:33:40.975+0000][1][safepoint    ] Total time for which application threads were stopped: 0.0000884 seconds, Stopping threads took: 0.0000110 seconds
[2019-12-08T11:33:40.975+0000][1][safepoint    ] Application time: 0.0005080 seconds
[2019-12-08T11:33:40.975+0000][1][safepoint    ] Entering safepoint region: RevokeBias
[2019-12-08T11:33:40.976+0000][1][safepoint    ] Leaving safepoint region
[2019-12-08T11:33:40.976+0000][1][safepoint    ] Total time for which application threads were stopped: 0.0000707 seconds, Stopping threads took: 0.0000135 seconds
[2019-12-08T11:33:40.976+0000][1][safepoint    ] Application time: 0.0002093 seconds
[2019-12-08T11:33:40.976+0000][1][safepoint    ] Entering safepoint region: RevokeBias
[2019-12-08T11:33:40.976+0000][1][safepoint    ] Leaving safepoint region
[2019-12-08T11:33:40.976+0000][1][safepoint    ] Total time for which application threads were stopped: 0.0000596 seconds, Stopping threads took: 0.0000127 seconds
[2019-12-08T11:33:40.980+0000][1][safepoint    ] Application time: 0.0037244 seconds
[2019-12-08T11:33:40.981+0000][1][safepoint    ] Entering safepoint region: RevokeBias
[2019-12-08T11:33:40.981+0000][1][safepoint    ] Leaving safepoint region
[2019-12-08T11:33:40.981+0000][1][safepoint    ] Total time for which application threads were stopped: 0.0016051 seconds, Stopping threads took: 0.0015550 seconds
[2019-12-08T11:33:41.033+0000][1][safepoint    ] Application time: 0.0515154 seconds
[2019-12-08T11:33:41.033+0000][1][safepoint    ] Entering safepoint region: RevokeBias
[2019-12-08T11:33:41.033+0000][1][safepoint    ] Leaving safepoint region
[2019-12-08T11:33:41.033+0000][1][safepoint    ] Total time for which application threads were stopped: 0.0001138 seconds, Stopping threads took: 0.0000202 seconds
[2019-12-08T11:33:41.037+0000][1][safepoint    ] Application time: 0.0038393 seconds
[2019-12-08T11:33:41.037+0000][1][safepoint    ] Entering safepoint region: RevokeBias
[2019-12-08T11:33:41.037+0000][1][safepoint    ] Leaving safepoint region
[2019-12-08T11:33:41.037+0000][1][safepoint    ] Total time for which application threads were stopped: 0.0001166 seconds, Stopping threads took: 0.0000168 seconds
[2019-12-08T11:33:41.040+0000][1][safepoint    ] Application time: 0.0026448 seconds
[2019-12-08T11:33:41.041+0000][1][safepoint    ] Entering safepoint region: RevokeBias
[2019-12-08T11:33:41.041+0000][1][safepoint    ] Leaving safepoint region
[2019-12-08T11:33:41.041+0000][1][safepoint    ] Total time for which application threads were stopped: 0.0017890 seconds, Stopping threads took: 0.0017276 seconds
[2019-12-08T11:33:41.058+0000][1][safepoint    ] Application time: 0.0164049 seconds
[2019-12-08T11:33:41.058+0000][1][safepoint    ] Entering safepoint region: RevokeBias
[2019-12-08T11:33:41.058+0000][1][safepoint    ] Leaving safepoint region
[2019-12-08T11:33:41.058+0000][1][safepoint    ] Total time for which application threads were stopped: 0.0001314 seconds, Stopping threads took: 0.0000180 seconds
[2019-12-08T11:33:41.059+0000][1][safepoint    ] Application time: 0.0008884 seconds
[2019-12-08T11:33:41.059+0000][1][safepoint    ] Entering safepoint region: RevokeBias
[2019-12-08T11:33:41.059+0000][1][safepoint    ] Leaving safepoint region
[2019-12-08T11:33:41.059+0000][1][safepoint    ] Total time for which application threads were stopped: 0.0000834 seconds, Stopping threads took: 0.0000133 seconds
[2019-12-08T11:33:41.059+0000][1][safepoint    ] Application time: 0.0002071 seconds
[2019-12-08T11:33:41.059+0000][1][safepoint    ] Entering safepoint region: RevokeBias
[2019-12-08T11:33:41.059+0000][1][safepoint    ] Leaving safepoint region
[2019-12-08T11:33:41.059+0000][1][safepoint    ] Total time for which application threads were stopped: 0.0000680 seconds, Stopping threads took: 0.0000107 seconds
[2019-12-08T11:33:41.072+0000][1][safepoint    ] Application time: 0.0131883 seconds
[2019-12-08T11:33:41.093+0000][1][safepoint    ] Entering safepoint region: RevokeBias
[2019-12-08T11:33:41.093+0000][1][safepoint    ] Leaving safepoint region
[2019-12-08T11:33:41.093+0000][1][safepoint    ] Total time for which application threads were stopped: 0.0204826 seconds, Stopping threads took: 0.0203251 seconds
[2019-12-08T11:33:41.093+0000][1][safepoint    ] Application time: 0.0004210 seconds
[2019-12-08T11:33:41.093+0000][1][safepoint    ] Entering safepoint region: RevokeBias
[2019-12-08T11:33:41.093+0000][1][safepoint    ] Leaving safepoint region
[2019-12-08T11:33:41.093+0000][1][safepoint    ] Total time for which application threads were stopped: 0.0000886 seconds, Stopping threads took: 0.0000153 seconds
[2019-12-08T11:33:41.102+0000][1][safepoint    ] Application time: 0.0082904 seconds
[2019-12-08T11:33:41.102+0000][1][safepoint    ] Entering safepoint region: RevokeBias
[2019-12-08T11:33:41.102+0000][1][safepoint    ] Leaving safepoint region
[2019-12-08T11:33:41.102+0000][1][safepoint    ] Total time for which application threads were stopped: 0.0001250 seconds, Stopping threads took: 0.0000136 seconds
[2019-12-08T11:33:41.105+0000][1][safepoint    ] Application time: 0.0027775 seconds
[2019-12-08T11:33:41.105+0000][1][safepoint    ] Entering safepoint region: RevokeBias
[2019-12-08T11:33:41.105+0000][1][safepoint    ] Leaving safepoint region
[2019-12-08T11:33:41.105+0000][1][safepoint    ] Total time for which application threads were stopped: 0.0000734 seconds, Stopping threads took: 0.0000135 seconds
[2019-12-08T11:33:41.105+0000][1][safepoint    ] Application time: 0.0000978 seconds
[2019-12-08T11:33:41.105+0000][1][safepoint    ] Entering safepoint region: RevokeBias
[2019-12-08T11:33:41.105+0000][1][safepoint    ] Leaving safepoint region
[2019-12-08T11:33:41.105+0000][1][safepoint    ] Total time for which application threads were stopped: 0.0000508 seconds, Stopping threads took: 0.0000088 seconds
[2019-12-08T11:33:41.108+0000][1][safepoint    ] Application time: 0.0032820 seconds
[2019-12-08T11:33:41.108+0000][1][safepoint    ] Entering safepoint region: RevokeBias
[2019-12-08T11:33:41.108+0000][1][safepoint    ] Leaving safepoint region
[2019-12-08T11:33:41.108+0000][1][safepoint    ] Total time for which application threads were stopped: 0.0000776 seconds, Stopping threads took: 0.0000140 seconds
[2019-12-08T11:33:41.108+0000][1][safepoint    ] Application time: 0.0001450 seconds
[2019-12-08T11:33:41.109+0000][1][safepoint    ] Entering safepoint region: RevokeBias
[2019-12-08T11:33:41.109+0000][1][safepoint    ] Leaving safepoint region
[2019-12-08T11:33:41.109+0000][1][safepoint    ] Total time for which application threads were stopped: 0.0000698 seconds, Stopping threads took: 0.0000097 seconds
[2019-12-08T11:33:41.109+0000][1][safepoint    ] Application time: 0.0005625 seconds
[2019-12-08T11:33:41.109+0000][1][safepoint    ] Entering safepoint region: RevokeBias
[2019-12-08T11:33:41.109+0000][1][safepoint    ] Leaving safepoint region
[2019-12-08T11:33:41.109+0000][1][safepoint    ] Total time for which application threads were stopped: 0.0001196 seconds, Stopping threads took: 0.0000139 seconds
[2019-12-08T11:33:41.120+0000][1][safepoint    ] Application time: 0.0110089 seconds
[2019-12-08T11:33:41.120+0000][1][safepoint    ] Entering safepoint region: RevokeBias
[2019-12-08T11:33:41.120+0000][1][safepoint    ] Leaving safepoint region
[2019-12-08T11:33:41.120+0000][1][safepoint    ] Total time for which application threads were stopped: 0.0000761 seconds, Stopping threads took: 0.0000133 seconds
[2019-12-08T11:33:41.121+0000][1][safepoint    ] Application time: 0.0000813 seconds
[2019-12-08T11:33:41.121+0000][1][safepoint    ] Entering safepoint region: RevokeBias
[2019-12-08T11:33:41.121+0000][1][safepoint    ] Leaving safepoint region
[2019-12-08T11:33:41.121+0000][1][safepoint    ] Total time for which application threads were stopped: 0.0000520 seconds, Stopping threads took: 0.0000087 seconds
[2019-12-08T11:33:41.121+0000][1][safepoint    ] Application time: 0.0001626 seconds
[2019-12-08T11:33:41.121+0000][1][safepoint    ] Entering safepoint region: RevokeBias
[2019-12-08T11:33:41.121+0000][1][safepoint    ] Leaving safepoint region
[2019-12-08T11:33:41.121+0000][1][safepoint    ] Total time for which application threads were stopped: 0.0000619 seconds, Stopping threads took: 0.0000100 seconds
[2019-12-08T11:33:41.121+0000][1][safepoint    ] Application time: 0.0001128 seconds
[2019-12-08T11:33:41.121+0000][1][safepoint    ] Entering safepoint region: RevokeBias
[2019-12-08T11:33:41.121+0000][1][safepoint    ] Leaving safepoint region
[2019-12-08T11:33:41.121+0000][1][safepoint    ] Total time for which application threads were stopped: 0.0000678 seconds, Stopping threads took: 0.0000183 seconds
[2019-12-08T11:33:41.125+0000][1][safepoint    ] Application time: 0.0036242 seconds
[2019-12-08T11:33:41.125+0000][1][safepoint    ] Entering safepoint region: RevokeBias
[2019-12-08T11:33:41.125+0000][1][safepoint    ] Leaving safepoint region
[2019-12-08T11:33:41.125+0000][1][safepoint    ] Total time for which application threads were stopped: 0.0001445 seconds, Stopping threads took: 0.0000133 seconds
[2019-12-08T11:33:41.125+0000][1][safepoint    ] Application time: 0.0005518 seconds
[2019-12-08T11:33:41.125+0000][1][safepoint    ] Entering safepoint region: RevokeBias
[2019-12-08T11:33:41.125+0000][1][safepoint    ] Leaving safepoint region
[2019-12-08T11:33:41.125+0000][1][safepoint    ] Total time for which application threads were stopped: 0.0000766 seconds, Stopping threads took: 0.0000119 seconds
[2019-12-08T11:33:41.139+0000][1][safepoint    ] Application time: 0.0132509 seconds
[2019-12-08T11:33:41.149+0000][1][safepoint    ] Entering safepoint region: RevokeBias
[2019-12-08T11:33:41.149+0000][1][safepoint    ] Leaving safepoint region
[2019-12-08T11:33:41.149+0000][1][safepoint    ] Total time for which application threads were stopped: 0.0101316 seconds, Stopping threads took: 0.0100248 seconds
[2019-12-08T11:33:41.150+0000][1][safepoint    ] Application time: 0.0008829 seconds
[2019-12-08T11:33:41.150+0000][1][safepoint    ] Entering safepoint region: RevokeBias
[2019-12-08T11:33:41.150+0000][1][safepoint    ] Leaving safepoint region
[2019-12-08T11:33:41.150+0000][1][safepoint    ] Total time for which application threads were stopped: 0.0000761 seconds, Stopping threads took: 0.0000118 seconds
[2019-12-08T11:33:41.192+0000][1][safepoint    ] Application time: 0.0426087 seconds
[2019-12-08T11:33:41.251+0000][1][safepoint    ] Entering safepoint region: BulkRevokeBias
[2019-12-08T11:33:41.252+0000][1][safepoint    ] Leaving safepoint region
[2019-12-08T11:33:41.252+0000][1][safepoint    ] Total time for which application threads were stopped: 0.0592433 seconds, Stopping threads took: 0.0588400 seconds
[2019-12-08T11:33:41.270+0000][1][safepoint    ] Application time: 0.0186848 seconds
[2019-12-08T11:33:41.274+0000][1][safepoint    ] Entering safepoint region: RevokeBias
[2019-12-08T11:33:41.274+0000][1][safepoint    ] Leaving safepoint region
[2019-12-08T11:33:41.274+0000][1][safepoint    ] Total time for which application threads were stopped: 0.0032887 seconds, Stopping threads took: 0.0031441 seconds
[2019-12-08T11:33:41.284+0000][1][safepoint    ] Application time: 0.0105134 seconds
[2019-12-08T11:33:41.284+0000][1][safepoint    ] Entering safepoint region: RevokeBias
[2019-12-08T11:33:41.284+0000][1][safepoint    ] Leaving safepoint region
[2019-12-08T11:33:41.284+0000][1][safepoint    ] Total time for which application threads were stopped: 0.0001549 seconds, Stopping threads took: 0.0000713 seconds
[2019-12-08T11:33:41.292+0000][1][safepoint    ] Application time: 0.0076371 seconds
[2019-12-08T11:33:41.292+0000][1][safepoint    ] Entering safepoint region: RevokeBias
[2019-12-08T11:33:41.292+0000][1][safepoint    ] Leaving safepoint region
[2019-12-08T11:33:41.292+0000][1][safepoint    ] Total time for which application threads were stopped: 0.0001035 seconds, Stopping threads took: 0.0000153 seconds
[2019-12-08T11:33:41.293+0000][1][safepoint    ] Application time: 0.0005206 seconds
[2019-12-08T11:33:41.293+0000][1][safepoint    ] Entering safepoint region: RevokeBias
[2019-12-08T11:33:41.293+0000][1][safepoint    ] Leaving safepoint region
[2019-12-08T11:33:41.293+0000][1][safepoint    ] Total time for which application threads were stopped: 0.0000802 seconds, Stopping threads took: 0.0000117 seconds
[2019-12-08T11:33:41.296+0000][1][safepoint    ] Application time: 0.0032065 seconds
[2019-12-08T11:33:41.296+0000][1][safepoint    ] Entering safepoint region: RevokeBias
[2019-12-08T11:33:41.296+0000][1][safepoint    ] Leaving safepoint region
[2019-12-08T11:33:41.296+0000][1][safepoint    ] Total time for which application threads were stopped: 0.0000907 seconds, Stopping threads took: 0.0000144 seconds
[2019-12-08T11:33:41.300+0000][1][safepoint    ] Application time: 0.0035030 seconds
[2019-12-08T11:33:41.300+0000][1][safepoint    ] Entering safepoint region: RevokeBias
[2019-12-08T11:33:41.300+0000][1][safepoint    ] Leaving safepoint region
[2019-12-08T11:33:41.300+0000][1][safepoint    ] Total time for which application threads were stopped: 0.0000814 seconds, Stopping threads took: 0.0000144 seconds
[2019-12-08T11:33:41.300+0000][1][safepoint    ] Application time: 0.0000788 seconds
[2019-12-08T11:33:41.300+0000][1][safepoint    ] Entering safepoint region: RevokeBias
[2019-12-08T11:33:41.300+0000][1][safepoint    ] Leaving safepoint region
[2019-12-08T11:33:41.300+0000][1][safepoint    ] Total time for which application threads were stopped: 0.0000638 seconds, Stopping threads took: 0.0000103 seconds
[2019-12-08T11:33:41.300+0000][1][safepoint    ] Application time: 0.0000608 seconds
[2019-12-08T11:33:41.300+0000][1][safepoint    ] Entering safepoint region: RevokeBias
[2019-12-08T11:33:41.300+0000][1][safepoint    ] Leaving safepoint region
[2019-12-08T11:33:41.300+0000][1][safepoint    ] Total time for which application threads were stopped: 0.0000617 seconds, Stopping threads took: 0.0000095 seconds
[2019-12-08T11:33:41.300+0000][1][safepoint    ] Application time: 0.0000616 seconds
[2019-12-08T11:33:41.300+0000][1][safepoint    ] Entering safepoint region: RevokeBias
[2019-12-08T11:33:41.300+0000][1][safepoint    ] Leaving safepoint region
[2019-12-08T11:33:41.300+0000][1][safepoint    ] Total time for which application threads were stopped: 0.0000597 seconds, Stopping threads took: 0.0000091 seconds
[2019-12-08T11:33:41.300+0000][1][safepoint    ] Application time: 0.0000598 seconds
[2019-12-08T11:33:41.300+0000][1][safepoint    ] Entering safepoint region: RevokeBias
[2019-12-08T11:33:41.300+0000][1][safepoint    ] Leaving safepoint region
[2019-12-08T11:33:41.300+0000][1][safepoint    ] Total time for which application threads were stopped: 0.0000722 seconds, Stopping threads took: 0.0000098 seconds
[2019-12-08T11:33:41.300+0000][1][safepoint    ] Application time: 0.0000627 seconds
[2019-12-08T11:33:41.300+0000][1][safepoint    ] Entering safepoint region: RevokeBias
[2019-12-08T11:33:41.301+0000][1][safepoint    ] Leaving safepoint region
[2019-12-08T11:33:41.301+0000][1][safepoint    ] Total time for which application threads were stopped: 0.0000558 seconds, Stopping threads took: 0.0000078 seconds
[2019-12-08T11:33:41.303+0000][1][safepoint    ] Application time: 0.0019613 seconds
[2019-12-08T11:33:41.303+0000][1][safepoint    ] Entering safepoint region: RevokeBias
[2019-12-08T11:33:41.303+0000][1][safepoint    ] Leaving safepoint region
[2019-12-08T11:33:41.303+0000][1][safepoint    ] Total time for which application threads were stopped: 0.0000726 seconds, Stopping threads took: 0.0000130 seconds
[2019-12-08T11:33:41.305+0000][1][safepoint    ] Application time: 0.0025468 seconds
[2019-12-08T11:33:41.305+0000][1][safepoint    ] Entering safepoint region: RevokeBias
[2019-12-08T11:33:41.305+0000][1][safepoint    ] Leaving safepoint region
[2019-12-08T11:33:41.305+0000][1][safepoint    ] Total time for which application threads were stopped: 0.0000792 seconds, Stopping threads took: 0.0000139 seconds
[2019-12-08T11:33:41.306+0000][1][safepoint    ] Application time: 0.0010853 seconds
[2019-12-08T11:33:41.306+0000][1][safepoint    ] Entering safepoint region: RevokeBias
[2019-12-08T11:33:41.306+0000][1][safepoint    ] Leaving safepoint region
[2019-12-08T11:33:41.306+0000][1][safepoint    ] Total time for which application threads were stopped: 0.0000686 seconds, Stopping threads took: 0.0000126 seconds
[2019-12-08T11:33:41.307+0000][1][safepoint    ] Application time: 0.0001374 seconds
[2019-12-08T11:33:41.307+0000][1][safepoint    ] Entering safepoint region: RevokeBias
[2019-12-08T11:33:41.307+0000][1][safepoint    ] Leaving safepoint region
[2019-12-08T11:33:41.307+0000][1][safepoint    ] Total time for which application threads were stopped: 0.0000601 seconds, Stopping threads took: 0.0000097 seconds
[2019-12-08T11:33:41.309+0000][1][safepoint    ] Application time: 0.0024673 seconds
[2019-12-08T11:33:41.309+0000][1][safepoint    ] Entering safepoint region: RevokeBias
[2019-12-08T11:33:41.309+0000][1][safepoint    ] Leaving safepoint region
[2019-12-08T11:33:41.309+0000][1][safepoint    ] Total time for which application threads were stopped: 0.0000781 seconds, Stopping threads took: 0.0000133 seconds
[2019-12-08T11:33:41.310+0000][1][safepoint    ] Application time: 0.0009942 seconds
[2019-12-08T11:33:41.310+0000][1][safepoint    ] Entering safepoint region: RevokeBias
[2019-12-08T11:33:41.310+0000][1][safepoint    ] Leaving safepoint region
[2019-12-08T11:33:41.310+0000][1][safepoint    ] Total time for which application threads were stopped: 0.0000799 seconds, Stopping threads took: 0.0000122 seconds
[2019-12-08T11:33:41.323+0000][1][safepoint    ] Application time: 0.0128417 seconds
[2019-12-08T11:33:41.323+0000][1][safepoint    ] Entering safepoint region: RevokeBias
[2019-12-08T11:33:41.323+0000][1][safepoint    ] Leaving safepoint region
[2019-12-08T11:33:41.323+0000][1][safepoint    ] Total time for which application threads were stopped: 0.0000951 seconds, Stopping threads took: 0.0000120 seconds
[2019-12-08T11:33:41.336+0000][1][safepoint    ] Application time: 0.0125856 seconds
[2019-12-08T11:33:41.343+0000][1][safepoint    ] Entering safepoint region: RevokeBias
[2019-12-08T11:33:41.343+0000][1][safepoint    ] Leaving safepoint region
[2019-12-08T11:33:41.343+0000][1][safepoint    ] Total time for which application threads were stopped: 0.0070550 seconds, Stopping threads took: 0.0069274 seconds
[2019-12-08T11:33:41.354+0000][1][safepoint    ] Application time: 0.0111064 seconds
[2019-12-08T11:33:41.354+0000][1][safepoint    ] Entering safepoint region: RevokeBias
[2019-12-08T11:33:41.354+0000][1][safepoint    ] Leaving safepoint region
[2019-12-08T11:33:41.354+0000][1][safepoint    ] Total time for which application threads were stopped: 0.0000909 seconds, Stopping threads took: 0.0000126 seconds
[2019-12-08T11:33:41.364+0000][1][safepoint    ] Application time: 0.0101686 seconds
[2019-12-08T11:33:41.372+0000][1][safepoint    ] Entering safepoint region: RevokeBias
[2019-12-08T11:33:41.372+0000][1][safepoint    ] Leaving safepoint region
[2019-12-08T11:33:41.372+0000][1][safepoint    ] Total time for which application threads were stopped: 0.0074694 seconds, Stopping threads took: 0.0073702 seconds
[2019-12-08T11:33:41.372+0000][1][safepoint    ] Application time: 0.0002711 seconds
[2019-12-08T11:33:41.372+0000][1][safepoint    ] Entering safepoint region: RevokeBias
[2019-12-08T11:33:41.372+0000][1][safepoint    ] Leaving safepoint region
[2019-12-08T11:33:41.372+0000][1][safepoint    ] Total time for which application threads were stopped: 0.0000781 seconds, Stopping threads took: 0.0000104 seconds
[2019-12-08T11:33:41.374+0000][1][safepoint    ] Application time: 0.0012694 seconds
[2019-12-08T11:33:41.386+0000][1][safepoint    ] Entering safepoint region: RevokeBias
[2019-12-08T11:33:41.386+0000][1][safepoint    ] Leaving safepoint region
[2019-12-08T11:33:41.386+0000][1][safepoint    ] Total time for which application threads were stopped: 0.0125768 seconds, Stopping threads took: 0.0124778 seconds
[2019-12-08T11:33:41.390+0000][1][safepoint    ] Application time: 0.0037136 seconds
[2019-12-08T11:33:41.390+0000][1][safepoint    ] Entering safepoint region: RevokeBias
[2019-12-08T11:33:41.390+0000][1][safepoint    ] Leaving safepoint region
[2019-12-08T11:33:41.390+0000][1][safepoint    ] Total time for which application threads were stopped: 0.0000943 seconds, Stopping threads took: 0.0000127 seconds
[2019-12-08T11:33:41.395+0000][1][safepoint    ] Application time: 0.0046317 seconds
[2019-12-08T11:33:41.400+0000][1][safepoint    ] Entering safepoint region: RevokeBias
[2019-12-08T11:33:41.400+0000][1][safepoint    ] Leaving safepoint region
[2019-12-08T11:33:41.400+0000][1][safepoint    ] Total time for which application threads were stopped: 0.0052329 seconds, Stopping threads took: 0.0051419 seconds
[2019-12-08T11:33:41.409+0000][1][safepoint    ] Application time: 0.0095124 seconds
[2019-12-08T11:33:41.410+0000][1][safepoint    ] Entering safepoint region: RevokeBias
[2019-12-08T11:33:41.410+0000][1][safepoint    ] Leaving safepoint region
[2019-12-08T11:33:41.410+0000][1][safepoint    ] Total time for which application threads were stopped: 0.0002147 seconds, Stopping threads took: 0.0001362 seconds
[2019-12-08T11:33:41.440+0000][1][safepoint    ] Application time: 0.0298919 seconds
[2019-12-08T11:33:41.475+0000][1][safepoint    ] Entering safepoint region: RevokeBias
[2019-12-08T11:33:41.475+0000][1][safepoint    ] Leaving safepoint region
[2019-12-08T11:33:41.475+0000][1][safepoint    ] Total time for which application threads were stopped: 0.0351716 seconds, Stopping threads took: 0.0350352 seconds
[2019-12-08T11:33:41.480+0000][1][safepoint    ] Application time: 0.0054448 seconds
[2019-12-08T11:33:41.506+0000][1][safepoint    ] Entering safepoint region: BulkRevokeBias
[2019-12-08T11:33:41.506+0000][1][safepoint    ] Leaving safepoint region
[2019-12-08T11:33:41.506+0000][1][safepoint    ] Total time for which application threads were stopped: 0.0259882 seconds, Stopping threads took: 0.0255702 seconds
[2019-12-08T11:33:41.514+0000][1][safepoint    ] Application time: 0.0074007 seconds
[2019-12-08T11:33:41.514+0000][1][safepoint    ] Entering safepoint region: RevokeBias
[2019-12-08T11:33:41.514+0000][1][safepoint    ] Leaving safepoint region
[2019-12-08T11:33:41.514+0000][1][safepoint    ] Total time for which application threads were stopped: 0.0001327 seconds, Stopping threads took: 0.0000352 seconds
[2019-12-08T11:33:41.535+0000][1][safepoint    ] Application time: 0.0215584 seconds
[2019-12-08T11:33:41.543+0000][1][safepoint    ] Entering safepoint region: RevokeBias
[2019-12-08T11:33:41.543+0000][1][safepoint    ] Leaving safepoint region
[2019-12-08T11:33:41.543+0000][1][safepoint    ] Total time for which application threads were stopped: 0.0077534 seconds, Stopping threads took: 0.0075638 seconds
[2019-12-08T11:33:41.550+0000][1][safepoint    ] Application time: 0.0071088 seconds
[2019-12-08T11:33:41.550+0000][1][safepoint    ] Entering safepoint region: RevokeBias
[2019-12-08T11:33:41.550+0000][1][safepoint    ] Leaving safepoint region
[2019-12-08T11:33:41.550+0000][1][safepoint    ] Total time for which application threads were stopped: 0.0001811 seconds, Stopping threads took: 0.0000154 seconds
[2019-12-08T11:33:41.553+0000][1][safepoint    ] Application time: 0.0026944 seconds
[2019-12-08T11:33:41.553+0000][1][safepoint    ] Entering safepoint region: RevokeBias
[2019-12-08T11:33:41.553+0000][1][safepoint    ] Leaving safepoint region
[2019-12-08T11:33:41.553+0000][1][safepoint    ] Total time for which application threads were stopped: 0.0001374 seconds, Stopping threads took: 0.0000136 seconds
[2019-12-08T11:33:41.560+0000][1][safepoint    ] Application time: 0.0071936 seconds
[2019-12-08T11:33:41.561+0000][1][safepoint    ] Entering safepoint region: RevokeBias
[2019-12-08T11:33:41.561+0000][1][safepoint    ] Leaving safepoint region
[2019-12-08T11:33:41.561+0000][1][safepoint    ] Total time for which application threads were stopped: 0.0001501 seconds, Stopping threads took: 0.0000141 seconds
[2019-12-08T11:33:41.568+0000][1][safepoint    ] Application time: 0.0069606 seconds
[2019-12-08T11:33:41.570+0000][1][safepoint    ] Entering safepoint region: RevokeBias
[2019-12-08T11:33:41.571+0000][1][safepoint    ] Leaving safepoint region
[2019-12-08T11:33:41.571+0000][1][safepoint    ] Total time for which application threads were stopped: 0.0031255 seconds, Stopping threads took: 0.0023378 seconds
[2019-12-08T11:33:41.575+0000][1][safepoint    ] Application time: 0.0044938 seconds
[2019-12-08T11:33:41.575+0000][1][safepoint    ] Entering safepoint region: RevokeBias
[2019-12-08T11:33:41.575+0000][1][safepoint    ] Leaving safepoint region
[2019-12-08T11:33:41.575+0000][1][safepoint    ] Total time for which application threads were stopped: 0.0000706 seconds, Stopping threads took: 0.0000121 seconds
[2019-12-08T11:33:41.578+0000][1][safepoint    ] Application time: 0.0030264 seconds
[2019-12-08T11:33:41.578+0000][1][safepoint    ] Entering safepoint region: RevokeBias
[2019-12-08T11:33:41.579+0000][1][safepoint    ] Leaving safepoint region
[2019-12-08T11:33:41.579+0000][1][safepoint    ] Total time for which application threads were stopped: 0.0000707 seconds, Stopping threads took: 0.0000131 seconds
[2019-12-08T11:33:41.600+0000][1][safepoint    ] Application time: 0.0210870 seconds
[2019-12-08T11:33:41.600+0000][1][safepoint    ] Entering safepoint region: RevokeBias
[2019-12-08T11:33:41.600+0000][1][safepoint    ] Leaving safepoint region
[2019-12-08T11:33:41.600+0000][1][safepoint    ] Total time for which application threads were stopped: 0.0000956 seconds, Stopping threads took: 0.0000154 seconds
[2019-12-08T11:33:41.601+0000][1][safepoint    ] Application time: 0.0009926 seconds
[2019-12-08T11:33:41.601+0000][1][safepoint    ] Entering safepoint region: RevokeBias
[2019-12-08T11:33:41.601+0000][1][safepoint    ] Leaving safepoint region
[2019-12-08T11:33:41.601+0000][1][safepoint    ] Total time for which application threads were stopped: 0.0000604 seconds, Stopping threads took: 0.0000138 seconds
[2019-12-08T11:33:41.601+0000][1][safepoint    ] Application time: 0.0001454 seconds
[2019-12-08T11:33:41.601+0000][1][safepoint    ] Entering safepoint region: RevokeBias
[2019-12-08T11:33:41.601+0000][1][safepoint    ] Leaving safepoint region
[2019-12-08T11:33:41.601+0000][1][safepoint    ] Total time for which application threads were stopped: 0.0000498 seconds, Stopping threads took: 0.0000098 seconds
[2019-12-08T11:33:41.601+0000][1][safepoint    ] Application time: 0.0001245 seconds
[2019-12-08T11:33:41.601+0000][1][safepoint    ] Entering safepoint region: RevokeBias
[2019-12-08T11:33:41.601+0000][1][safepoint    ] Leaving safepoint region
[2019-12-08T11:33:41.601+0000][1][safepoint    ] Total time for which application threads were stopped: 0.0000501 seconds, Stopping threads took: 0.0000091 seconds
[2019-12-08T11:33:41.612+0000][1][safepoint    ] Application time: 0.0111596 seconds
[2019-12-08T11:33:41.612+0000][1][safepoint    ] Entering safepoint region: RevokeBias
[2019-12-08T11:33:41.612+0000][1][safepoint    ] Leaving safepoint region
[2019-12-08T11:33:41.612+0000][1][safepoint    ] Total time for which application threads were stopped: 0.0000666 seconds, Stopping threads took: 0.0000135 seconds
[2019-12-08T11:33:41.626+0000][1][safepoint    ] Application time: 0.0135855 seconds
[2019-12-08T11:33:41.633+0000][1][safepoint    ] Entering safepoint region: RevokeBias
[2019-12-08T11:33:41.633+0000][1][safepoint    ] Leaving safepoint region
[2019-12-08T11:33:41.633+0000][1][safepoint    ] Total time for which application threads were stopped: 0.0066672 seconds, Stopping threads took: 0.0065771 seconds
[2019-12-08T11:33:41.659+0000][1][safepoint    ] Application time: 0.0262701 seconds
[2019-12-08T11:33:41.659+0000][1][safepoint    ] Entering safepoint region: RevokeBias
[2019-12-08T11:33:41.659+0000][1][safepoint    ] Leaving safepoint region
[2019-12-08T11:33:41.659+0000][1][safepoint    ] Total time for which application threads were stopped: 0.0002280 seconds, Stopping threads took: 0.0000520 seconds
[2019-12-08T11:33:41.665+0000][1][safepoint    ] Application time: 0.0055175 seconds
[2019-12-08T11:33:41.665+0000][1][safepoint    ] Entering safepoint region: RevokeBias
[2019-12-08T11:33:41.665+0000][1][safepoint    ] Leaving safepoint region
[2019-12-08T11:33:41.665+0000][1][safepoint    ] Total time for which application threads were stopped: 0.0002116 seconds, Stopping threads took: 0.0000439 seconds
[2019-12-08T11:33:41.666+0000][1][safepoint    ] Application time: 0.0010772 seconds
[2019-12-08T11:33:41.677+0000][1][safepoint    ] Entering safepoint region: RevokeBias
[2019-12-08T11:33:41.677+0000][1][safepoint    ] Leaving safepoint region
[2019-12-08T11:33:41.677+0000][1][safepoint    ] Total time for which application threads were stopped: 0.0107109 seconds, Stopping threads took: 0.0105842 seconds
[2019-12-08T11:33:41.684+0000][1][safepoint    ] Application time: 0.0075856 seconds
[2019-12-08T11:33:41.692+0000][1][safepoint    ] Entering safepoint region: RevokeBias
[2019-12-08T11:33:41.692+0000][1][safepoint    ] Leaving safepoint region
[2019-12-08T11:33:41.692+0000][1][safepoint    ] Total time for which application threads were stopped: 0.0072229 seconds, Stopping threads took: 0.0070484 seconds
[2019-12-08T11:33:41.692+0000][1][safepoint    ] Application time: 0.0004019 seconds
[2019-12-08T11:33:41.692+0000][1][safepoint    ] Entering safepoint region: RevokeBias
[2019-12-08T11:33:41.692+0000][1][safepoint    ] Leaving safepoint region
[2019-12-08T11:33:41.692+0000][1][safepoint    ] Total time for which application threads were stopped: 0.0001151 seconds, Stopping threads took: 0.0000124 seconds
[2019-12-08T11:33:41.693+0000][1][safepoint    ] Application time: 0.0004678 seconds
[2019-12-08T11:33:41.693+0000][1][safepoint    ] Entering safepoint region: RevokeBias
[2019-12-08T11:33:41.693+0000][1][safepoint    ] Leaving safepoint region
[2019-12-08T11:33:41.693+0000][1][safepoint    ] Total time for which application threads were stopped: 0.0005092 seconds, Stopping threads took: 0.0003962 seconds
[2019-12-08T11:33:41.699+0000][1][safepoint    ] Application time: 0.0060535 seconds
[2019-12-08T11:33:41.699+0000][1][safepoint    ] Entering safepoint region: RevokeBias
[2019-12-08T11:33:41.700+0000][1][safepoint    ] Leaving safepoint region
[2019-12-08T11:33:41.700+0000][1][safepoint    ] Total time for which application threads were stopped: 0.0002318 seconds, Stopping threads took: 0.0000298 seconds
[2019-12-08T11:33:41.703+0000][1][safepoint    ] Application time: 0.0032728 seconds
[2019-12-08T11:33:41.703+0000][1][safepoint    ] Entering safepoint region: RevokeBias
[2019-12-08T11:33:41.706+0000][1][safepoint    ] Leaving safepoint region
[2019-12-08T11:33:41.706+0000][1][safepoint    ] Total time for which application threads were stopped: 0.0030408 seconds, Stopping threads took: 0.0000103 seconds
[2019-12-08T11:33:41.714+0000][1][safepoint    ] Application time: 0.0078859 seconds
[2019-12-08T11:33:41.714+0000][1][safepoint    ] Entering safepoint region: RevokeBias
[2019-12-08T11:33:41.714+0000][1][safepoint    ] Leaving safepoint region
[2019-12-08T11:33:41.714+0000][1][safepoint    ] Total time for which application threads were stopped: 0.0001531 seconds, Stopping threads took: 0.0000120 seconds
[2019-12-08T11:33:41.715+0000][1][safepoint    ] Application time: 0.0013157 seconds
[2019-12-08T11:33:41.715+0000][1][safepoint    ] Entering safepoint region: RevokeBias
[2019-12-08T11:33:41.716+0000][1][safepoint    ] Leaving safepoint region
[2019-12-08T11:33:41.716+0000][1][safepoint    ] Total time for which application threads were stopped: 0.0005036 seconds, Stopping threads took: 0.0000134 seconds
[2019-12-08T11:33:41.768+0000][1][safepoint    ] Application time: 0.0519391 seconds
[2019-12-08T11:33:41.792+0000][1][safepoint    ] Entering safepoint region: RevokeBias
[2019-12-08T11:33:41.792+0000][1][safepoint    ] Leaving safepoint region
[2019-12-08T11:33:41.793+0000][1][safepoint    ] Total time for which application threads were stopped: 0.0246872 seconds, Stopping threads took: 0.0244690 seconds
[2019-12-08T11:33:41.805+0000][1][safepoint    ] Application time: 0.0126239 seconds
[2019-12-08T11:33:41.818+0000][1][safepoint    ] Entering safepoint region: RevokeBias
[2019-12-08T11:33:41.818+0000][1][safepoint    ] Leaving safepoint region
[2019-12-08T11:33:41.818+0000][1][safepoint    ] Total time for which application threads were stopped: 0.0129385 seconds, Stopping threads took: 0.0128157 seconds
[2019-12-08T11:33:41.863+0000][1][safepoint    ] Application time: 0.0449532 seconds
[2019-12-08T11:33:41.867+0000][1][safepoint    ] Entering safepoint region: RevokeBias
[2019-12-08T11:33:41.867+0000][1][safepoint    ] Leaving safepoint region
[2019-12-08T11:33:41.867+0000][1][safepoint    ] Total time for which application threads were stopped: 0.0039754 seconds, Stopping threads took: 0.0035104 seconds
[2019-12-08T11:33:41.887+0000][1][safepoint    ] Application time: 0.0194579 seconds
[2019-12-08T11:33:41.887+0000][1][safepoint    ] Entering safepoint region: RevokeBias
[2019-12-08T11:33:41.887+0000][1][safepoint    ] Leaving safepoint region
[2019-12-08T11:33:41.887+0000][1][safepoint    ] Total time for which application threads were stopped: 0.0001673 seconds, Stopping threads took: 0.0000623 seconds
[2019-12-08T11:33:41.887+0000][1][safepoint    ] Application time: 0.0000650 seconds
[2019-12-08T11:33:41.887+0000][1][safepoint    ] Entering safepoint region: RevokeBias
[2019-12-08T11:33:41.887+0000][1][safepoint    ] Leaving safepoint region
[2019-12-08T11:33:41.887+0000][1][safepoint    ] Total time for which application threads were stopped: 0.0000676 seconds, Stopping threads took: 0.0000105 seconds
[2019-12-08T11:33:41.959+0000][1][safepoint    ] Application time: 0.0724557 seconds
[2019-12-08T11:33:41.959+0000][1][safepoint    ] Entering safepoint region: RevokeBias
[2019-12-08T11:33:41.959+0000][1][safepoint    ] Leaving safepoint region
[2019-12-08T11:33:41.959+0000][1][safepoint    ] Total time for which application threads were stopped: 0.0001034 seconds, Stopping threads took: 0.0000176 seconds
[2019-12-08T11:33:41.960+0000][1][safepoint    ] Application time: 0.0004144 seconds
[2019-12-08T11:33:41.960+0000][1][safepoint    ] Entering safepoint region: RevokeBias
[2019-12-08T11:33:41.960+0000][1][safepoint    ] Leaving safepoint region
[2019-12-08T11:33:41.960+0000][1][safepoint    ] Total time for which application threads were stopped: 0.0000796 seconds, Stopping threads took: 0.0000178 seconds
[2019-12-08T11:33:41.997+0000][1][safepoint    ] Application time: 0.0371404 seconds
[2019-12-08T11:33:42.021+0000][1][safepoint    ] Entering safepoint region: RevokeBias
[2019-12-08T11:33:42.021+0000][1][safepoint    ] Leaving safepoint region
[2019-12-08T11:33:42.021+0000][1][safepoint    ] Total time for which application threads were stopped: 0.0236890 seconds, Stopping threads took: 0.0235749 seconds
[2019-12-08T11:33:42.031+0000][1][safepoint    ] Application time: 0.0098622 seconds
[2019-12-08T11:33:42.031+0000][1][safepoint    ] Entering safepoint region: RevokeBias
[2019-12-08T11:33:42.031+0000][1][safepoint    ] Leaving safepoint region
[2019-12-08T11:33:42.031+0000][1][safepoint    ] Total time for which application threads were stopped: 0.0001447 seconds, Stopping threads took: 0.0000529 seconds
[2019-12-08T11:33:42.031+0000][1][safepoint    ] Application time: 0.0001048 seconds
[2019-12-08T11:33:42.031+0000][1][safepoint    ] Entering safepoint region: RevokeBias
[2019-12-08T11:33:42.031+0000][1][safepoint    ] Leaving safepoint region
[2019-12-08T11:33:42.031+0000][1][safepoint    ] Total time for which application threads were stopped: 0.0000803 seconds, Stopping threads took: 0.0000124 seconds
[2019-12-08T11:33:42.032+0000][1][safepoint    ] Application time: 0.0011231 seconds
[2019-12-08T11:33:42.032+0000][1][safepoint    ] Entering safepoint region: RevokeBias
[2019-12-08T11:33:42.032+0000][1][safepoint    ] Leaving safepoint region
[2019-12-08T11:33:42.032+0000][1][safepoint    ] Total time for which application threads were stopped: 0.0000832 seconds, Stopping threads took: 0.0000163 seconds
[2019-12-08T11:33:42.033+0000][1][safepoint    ] Application time: 0.0001600 seconds
[2019-12-08T11:33:42.033+0000][1][safepoint    ] Entering safepoint region: RevokeBias
[2019-12-08T11:33:42.033+0000][1][safepoint    ] Leaving safepoint region
[2019-12-08T11:33:42.033+0000][1][safepoint    ] Total time for which application threads were stopped: 0.0000653 seconds, Stopping threads took: 0.0000118 seconds
[2019-12-08T11:33:42.033+0000][1][safepoint    ] Application time: 0.0000447 seconds
[2019-12-08T11:33:42.033+0000][1][safepoint    ] Entering safepoint region: RevokeBias
[2019-12-08T11:33:42.033+0000][1][safepoint    ] Leaving safepoint region
[2019-12-08T11:33:42.033+0000][1][safepoint    ] Total time for which application threads were stopped: 0.0000756 seconds, Stopping threads took: 0.0000300 seconds
[2019-12-08T11:33:42.068+0000][1][safepoint    ] Application time: 0.0352212 seconds
[2019-12-08T11:33:42.077+0000][1][safepoint    ] Entering safepoint region: RevokeBias
[2019-12-08T11:33:42.077+0000][1][safepoint    ] Leaving safepoint region
[2019-12-08T11:33:42.077+0000][1][safepoint    ] Total time for which application threads were stopped: 0.0089178 seconds, Stopping threads took: 0.0087746 seconds
[2019-12-08T11:33:42.079+0000][1][safepoint    ] Application time: 0.0020084 seconds
[2019-12-08T11:33:42.079+0000][1][safepoint    ] Entering safepoint region: RevokeBias
[2019-12-08T11:33:42.079+0000][1][safepoint    ] Leaving safepoint region
[2019-12-08T11:33:42.079+0000][1][safepoint    ] Total time for which application threads were stopped: 0.0000856 seconds, Stopping threads took: 0.0000150 seconds
[2019-12-08T11:33:42.085+0000][1][safepoint    ] Application time: 0.0059292 seconds
[2019-12-08T11:33:42.091+0000][1][safepoint    ] Entering safepoint region: RevokeBias
[2019-12-08T11:33:42.091+0000][1][safepoint    ] Leaving safepoint region
[2019-12-08T11:33:42.091+0000][1][safepoint    ] Total time for which application threads were stopped: 0.0059322 seconds, Stopping threads took: 0.0058590 seconds
[2019-12-08T11:33:42.126+0000][1][safepoint    ] Application time: 0.0345676 seconds
[2019-12-08T11:33:42.129+0000][1][safepoint    ] Entering safepoint region: RevokeBias
[2019-12-08T11:33:42.129+0000][1][safepoint    ] Leaving safepoint region
[2019-12-08T11:33:42.129+0000][1][safepoint    ] Total time for which application threads were stopped: 0.0033625 seconds, Stopping threads took: 0.0032525 seconds
[2019-12-08T11:33:42.129+0000][1][safepoint    ] Application time: 0.0000847 seconds
[2019-12-08T11:33:42.129+0000][1][safepoint    ] Entering safepoint region: RevokeBias
[2019-12-08T11:33:42.129+0000][1][safepoint    ] Leaving safepoint region
[2019-12-08T11:33:42.129+0000][1][safepoint    ] Total time for which application threads were stopped: 0.0000855 seconds, Stopping threads took: 0.0000133 seconds
[2019-12-08T11:33:42.129+0000][1][safepoint    ] Application time: 0.0000725 seconds
[2019-12-08T11:33:42.129+0000][1][safepoint    ] Entering safepoint region: RevokeBias
[2019-12-08T11:33:42.129+0000][1][safepoint    ] Leaving safepoint region
[2019-12-08T11:33:42.129+0000][1][safepoint    ] Total time for which application threads were stopped: 0.0002254 seconds, Stopping threads took: 0.0001516 seconds
[2019-12-08T11:33:42.130+0000][1][safepoint    ] Application time: 0.0002246 seconds
[2019-12-08T11:33:42.130+0000][1][safepoint    ] Entering safepoint region: RevokeBias
[2019-12-08T11:33:42.130+0000][1][safepoint    ] Leaving safepoint region
[2019-12-08T11:33:42.130+0000][1][safepoint    ] Total time for which application threads were stopped: 0.0000844 seconds, Stopping threads took: 0.0000148 seconds
[2019-12-08T11:33:42.137+0000][1][safepoint    ] Application time: 0.0068296 seconds
[2019-12-08T11:33:42.137+0000][1][safepoint    ] Entering safepoint region: Deoptimize
[2019-12-08T11:33:42.137+0000][1][safepoint    ] Leaving safepoint region
[2019-12-08T11:33:42.137+0000][1][safepoint    ] Total time for which application threads were stopped: 0.0007434 seconds, Stopping threads took: 0.0000160 seconds
[2019-12-08T11:33:42.678+0000][1][safepoint    ] Application time: 0.5409653 seconds
[2019-12-08T11:33:42.682+0000][1][safepoint    ] Entering safepoint region: RevokeBias
[2019-12-08T11:33:42.682+0000][1][safepoint    ] Leaving safepoint region
[2019-12-08T11:33:42.682+0000][1][safepoint    ] Total time for which application threads were stopped: 0.0037328 seconds, Stopping threads took: 0.0036120 seconds
[2019-12-08T11:33:42.682+0000][1][safepoint    ] Application time: 0.0003403 seconds
[2019-12-08T11:33:42.683+0000][1][safepoint    ] Entering safepoint region: RevokeBias
[2019-12-08T11:33:42.683+0000][1][safepoint    ] Leaving safepoint region
[2019-12-08T11:33:42.683+0000][1][safepoint    ] Total time for which application threads were stopped: 0.0001274 seconds, Stopping threads took: 0.0000524 seconds
[2019-12-08T11:33:42.686+0000][1][safepoint    ] Application time: 0.0031839 seconds
[2019-12-08T11:33:42.686+0000][1][safepoint    ] Entering safepoint region: RevokeBias
[2019-12-08T11:33:42.686+0000][1][safepoint    ] Leaving safepoint region
[2019-12-08T11:33:42.686+0000][1][safepoint    ] Total time for which application threads were stopped: 0.0000782 seconds, Stopping threads took: 0.0000144 seconds
[2019-12-08T11:33:42.690+0000][1][safepoint    ] Application time: 0.0039675 seconds
[2019-12-08T11:33:42.694+0000][1][safepoint    ] Entering safepoint region: RevokeBias
[2019-12-08T11:33:42.694+0000][1][safepoint    ] Leaving safepoint region
[2019-12-08T11:33:42.694+0000][1][safepoint    ] Total time for which application threads were stopped: 0.0040662 seconds, Stopping threads took: 0.0039997 seconds
[2019-12-08T11:33:42.694+0000][1][safepoint    ] Application time: 0.0001132 seconds
[2019-12-08T11:33:42.694+0000][1][safepoint    ] Entering safepoint region: RevokeBias
[2019-12-08T11:33:42.694+0000][1][safepoint    ] Leaving safepoint region
[2019-12-08T11:33:42.694+0000][1][safepoint    ] Total time for which application threads were stopped: 0.0000536 seconds, Stopping threads took: 0.0000103 seconds
[2019-12-08T11:33:42.694+0000][1][safepoint    ] Application time: 0.0000809 seconds
[2019-12-08T11:33:42.694+0000][1][safepoint    ] Entering safepoint region: RevokeBias
[2019-12-08T11:33:42.694+0000][1][safepoint    ] Leaving safepoint region
[2019-12-08T11:33:42.694+0000][1][safepoint    ] Total time for which application threads were stopped: 0.0000496 seconds, Stopping threads took: 0.0000089 seconds
[2019-12-08T11:33:42.694+0000][1][safepoint    ] Application time: 0.0000605 seconds
[2019-12-08T11:33:42.694+0000][1][safepoint    ] Entering safepoint region: RevokeBias
[2019-12-08T11:33:42.694+0000][1][safepoint    ] Leaving safepoint region
[2019-12-08T11:33:42.694+0000][1][safepoint    ] Total time for which application threads were stopped: 0.0000480 seconds, Stopping threads took: 0.0000089 seconds
[2019-12-08T11:33:43.706+0000][1][safepoint    ] Application time: 1.0112558 seconds
[2019-12-08T11:33:43.706+0000][1][safepoint    ] Entering safepoint region: Cleanup
[2019-12-08T11:33:43.706+0000][1][safepoint    ] Leaving safepoint region
[2019-12-08T11:33:43.706+0000][1][safepoint    ] Total time for which application threads were stopped: 0.0001187 seconds, Stopping threads took: 0.0000229 seconds
[2019-12-08T11:33:44.184+0000][1][safepoint    ] Application time: 0.4777395 seconds
[2019-12-08T11:33:44.184+0000][1][safepoint    ] Entering safepoint region: RevokeBias
[2019-12-08T11:33:44.184+0000][1][safepoint    ] Leaving safepoint region
[2019-12-08T11:33:44.184+0000][1][safepoint    ] Total time for which application threads were stopped: 0.0001297 seconds, Stopping threads took: 0.0000211 seconds
[2019-12-08T11:33:44.239+0000][1][safepoint    ] Application time: 0.0548207 seconds
[2019-12-08T11:33:44.249+0000][1][safepoint    ] Entering safepoint region: RevokeBias
[2019-12-08T11:33:44.249+0000][1][safepoint    ] Leaving safepoint region
[2019-12-08T11:33:44.249+0000][1][safepoint    ] Total time for which application threads were stopped: 0.0103001 seconds, Stopping threads took: 0.0101903 seconds
[2019-12-08T11:33:44.249+0000][1][safepoint    ] Application time: 0.0003482 seconds
[2019-12-08T11:33:44.249+0000][1][safepoint    ] Entering safepoint region: RevokeBias
[2019-12-08T11:33:44.249+0000][1][safepoint    ] Leaving safepoint region
[2019-12-08T11:33:44.249+0000][1][safepoint    ] Total time for which application threads were stopped: 0.0000881 seconds, Stopping threads took: 0.0000188 seconds
[2019-12-08T11:33:44.249+0000][1][safepoint    ] Application time: 0.0000457 seconds
[2019-12-08T11:33:44.249+0000][1][safepoint    ] Entering safepoint region: RevokeBias
[2019-12-08T11:33:44.250+0000][1][safepoint    ] Leaving safepoint region
[2019-12-08T11:33:44.250+0000][1][safepoint    ] Total time for which application threads were stopped: 0.0000478 seconds, Stopping threads took: 0.0000094 seconds
[2019-12-08T11:33:44.250+0000][1][safepoint    ] Application time: 0.0002206 seconds
[2019-12-08T11:33:44.250+0000][1][safepoint    ] Entering safepoint region: RevokeBias
[2019-12-08T11:33:44.250+0000][1][safepoint    ] Leaving safepoint region
[2019-12-08T11:33:44.250+0000][1][safepoint    ] Total time for which application threads were stopped: 0.0000671 seconds, Stopping threads took: 0.0000141 seconds
[2019-12-08T11:33:44.251+0000][1][safepoint    ] Application time: 0.0016368 seconds
[2019-12-08T11:33:44.257+0000][1][safepoint    ] Entering safepoint region: RevokeBias
[2019-12-08T11:33:44.257+0000][1][safepoint    ] Leaving safepoint region
[2019-12-08T11:33:44.257+0000][1][safepoint    ] Total time for which application threads were stopped: 0.0052842 seconds, Stopping threads took: 0.0052260 seconds
[2019-12-08T11:33:44.257+0000][1][safepoint    ] Application time: 0.0003168 seconds
[2019-12-08T11:33:44.257+0000][1][safepoint    ] Entering safepoint region: RevokeBias
[2019-12-08T11:33:44.257+0000][1][safepoint    ] Leaving safepoint region
[2019-12-08T11:33:44.257+0000][1][safepoint    ] Total time for which application threads were stopped: 0.0000612 seconds, Stopping threads took: 0.0000130 seconds
[2019-12-08T11:33:44.269+0000][1][safepoint    ] Application time: 0.0120208 seconds
[2019-12-08T11:33:44.269+0000][1][safepoint    ] Entering safepoint region: BulkRevokeBias
[2019-12-08T11:33:44.270+0000][1][safepoint    ] Leaving safepoint region
[2019-12-08T11:33:44.270+0000][1][safepoint    ] Total time for which application threads were stopped: 0.0004959 seconds, Stopping threads took: 0.0000159 seconds
[2019-12-08T11:33:44.270+0000][1][safepoint    ] Application time: 0.0000760 seconds
[2019-12-08T11:33:44.290+0000][1][safepoint    ] Entering safepoint region: RevokeBias
[2019-12-08T11:33:44.290+0000][1][safepoint    ] Leaving safepoint region
[2019-12-08T11:33:44.290+0000][1][safepoint    ] Total time for which application threads were stopped: 0.0200497 seconds, Stopping threads took: 0.0199459 seconds
[2019-12-08T11:33:44.554+0000][1][safepoint    ] Application time: 0.2644924 seconds
[2019-12-08T11:33:44.554+0000][1][safepoint    ] Entering safepoint region: Deoptimize
[2019-12-08T11:33:44.555+0000][1][safepoint    ] Leaving safepoint region
[2019-12-08T11:33:44.555+0000][1][safepoint    ] Total time for which application threads were stopped: 0.0008165 seconds, Stopping threads took: 0.0000223 seconds
[2019-12-08T11:33:44.717+0000][1][safepoint    ] Application time: 0.1613760 seconds
[2019-12-08T11:33:44.717+0000][1][safepoint    ] Entering safepoint region: BulkRevokeBias
[2019-12-08T11:33:44.717+0000][1][safepoint    ] Leaving safepoint region
[2019-12-08T11:33:44.717+0000][1][safepoint    ] Total time for which application threads were stopped: 0.0005995 seconds, Stopping threads took: 0.0000201 seconds
[2019-12-08T11:33:44.755+0000][1][safepoint    ] Application time: 0.0374425 seconds
[2019-12-08T11:33:44.755+0000][1][safepoint    ] Entering safepoint region: RevokeBias
[2019-12-08T11:33:44.755+0000][1][safepoint    ] Leaving safepoint region
[2019-12-08T11:33:44.755+0000][1][safepoint    ] Total time for which application threads were stopped: 0.0001037 seconds, Stopping threads took: 0.0000225 seconds
[2019-12-08T11:33:44.757+0000][1][safepoint    ] Application time: 0.0021340 seconds
[2019-12-08T11:33:44.757+0000][1][safepoint    ] Entering safepoint region: RevokeBias
[2019-12-08T11:33:44.757+0000][1][safepoint    ] Leaving safepoint region
[2019-12-08T11:33:44.757+0000][1][safepoint    ] Total time for which application threads were stopped: 0.0000936 seconds, Stopping threads took: 0.0000207 seconds
[2019-12-08T11:33:44.831+0000][1][safepoint    ] Application time: 0.0738829 seconds
[2019-12-08T11:33:44.831+0000][1][safepoint    ] Entering safepoint region: RevokeBias
[2019-12-08T11:33:44.831+0000][1][safepoint    ] Leaving safepoint region
[2019-12-08T11:33:44.831+0000][1][safepoint    ] Total time for which application threads were stopped: 0.0001283 seconds, Stopping threads took: 0.0000245 seconds
[2019-12-08T11:33:44.852+0000][1][safepoint    ] Application time: 0.0205402 seconds
[2019-12-08T11:33:44.852+0000][1][safepoint    ] Entering safepoint region: RevokeBias
[2019-12-08T11:33:44.852+0000][1][safepoint    ] Leaving safepoint region
[2019-12-08T11:33:44.852+0000][1][safepoint    ] Total time for which application threads were stopped: 0.0001120 seconds, Stopping threads took: 0.0000224 seconds
[2019-12-08T11:33:44.852+0000][1][safepoint    ] Application time: 0.0000576 seconds
[2019-12-08T11:33:44.852+0000][1][safepoint    ] Entering safepoint region: RevokeBias
[2019-12-08T11:33:44.852+0000][1][safepoint    ] Leaving safepoint region
[2019-12-08T11:33:44.852+0000][1][safepoint    ] Total time for which application threads were stopped: 0.0000436 seconds, Stopping threads took: 0.0000090 seconds
[2019-12-08T11:33:44.852+0000][1][safepoint    ] Application time: 0.0000351 seconds
[2019-12-08T11:33:44.852+0000][1][safepoint    ] Entering safepoint region: RevokeBias
[2019-12-08T11:33:44.852+0000][1][safepoint    ] Leaving safepoint region
[2019-12-08T11:33:44.852+0000][1][safepoint    ] Total time for which application threads were stopped: 0.0000406 seconds, Stopping threads took: 0.0000084 seconds
[2019-12-08T11:33:44.852+0000][1][safepoint    ] Application time: 0.0000315 seconds
[2019-12-08T11:33:44.852+0000][1][safepoint    ] Entering safepoint region: RevokeBias
[2019-12-08T11:33:44.852+0000][1][safepoint    ] Leaving safepoint region
[2019-12-08T11:33:44.852+0000][1][safepoint    ] Total time for which application threads were stopped: 0.0000398 seconds, Stopping threads took: 0.0000084 seconds
[2019-12-08T11:33:44.852+0000][1][safepoint    ] Application time: 0.0000311 seconds
[2019-12-08T11:33:44.852+0000][1][safepoint    ] Entering safepoint region: RevokeBias
[2019-12-08T11:33:44.852+0000][1][safepoint    ] Leaving safepoint region
[2019-12-08T11:33:44.852+0000][1][safepoint    ] Total time for which application threads were stopped: 0.0000390 seconds, Stopping threads took: 0.0000082 seconds
[2019-12-08T11:33:44.852+0000][1][safepoint    ] Application time: 0.0000320 seconds
[2019-12-08T11:33:44.852+0000][1][safepoint    ] Entering safepoint region: RevokeBias
[2019-12-08T11:33:44.852+0000][1][safepoint    ] Leaving safepoint region
[2019-12-08T11:33:44.852+0000][1][safepoint    ] Total time for which application threads were stopped: 0.0000390 seconds, Stopping threads took: 0.0000084 seconds
[2019-12-08T11:33:44.852+0000][1][safepoint    ] Application time: 0.0000315 seconds
[2019-12-08T11:33:44.852+0000][1][safepoint    ] Entering safepoint region: RevokeBias
[2019-12-08T11:33:44.852+0000][1][safepoint    ] Leaving safepoint region
[2019-12-08T11:33:44.852+0000][1][safepoint    ] Total time for which application threads were stopped: 0.0000398 seconds, Stopping threads took: 0.0000084 seconds
[2019-12-08T11:33:44.852+0000][1][safepoint    ] Application time: 0.0000310 seconds
[2019-12-08T11:33:44.852+0000][1][safepoint    ] Entering safepoint region: RevokeBias
[2019-12-08T11:33:44.853+0000][1][safepoint    ] Leaving safepoint region
[2019-12-08T11:33:44.853+0000][1][safepoint    ] Total time for which application threads were stopped: 0.0000401 seconds, Stopping threads took: 0.0000084 seconds
[2019-12-08T11:33:45.002+0000][1][safepoint    ] Application time: 0.1493802 seconds
[2019-12-08T11:33:45.002+0000][1][safepoint    ] Entering safepoint region: RevokeBias
[2019-12-08T11:33:45.002+0000][1][safepoint    ] Leaving safepoint region
[2019-12-08T11:33:45.002+0000][1][safepoint    ] Total time for which application threads were stopped: 0.0001081 seconds, Stopping threads took: 0.0000265 seconds
[2019-12-08T11:33:45.003+0000][1][safepoint    ] Application time: 0.0010926 seconds
[2019-12-08T11:33:45.003+0000][1][safepoint    ] Entering safepoint region: RevokeBias
[2019-12-08T11:33:45.003+0000][1][safepoint    ] Leaving safepoint region
[2019-12-08T11:33:45.003+0000][1][safepoint    ] Total time for which application threads were stopped: 0.0000879 seconds, Stopping threads took: 0.0000193 seconds
[2019-12-08T11:33:45.042+0000][1][safepoint    ] Application time: 0.0383576 seconds
[2019-12-08T11:33:45.064+0000][1][safepoint    ] Entering safepoint region: RevokeBias
[2019-12-08T11:33:45.064+0000][1][safepoint    ] Leaving safepoint region
[2019-12-08T11:33:45.064+0000][1][safepoint    ] Total time for which application threads were stopped: 0.0222095 seconds, Stopping threads took: 0.0221063 seconds
[2019-12-08T11:33:45.074+0000][1][safepoint    ] Application time: 0.0098327 seconds
[2019-12-08T11:33:45.074+0000][1][safepoint    ] Entering safepoint region: RevokeBias
[2019-12-08T11:33:45.074+0000][1][safepoint    ] Leaving safepoint region
[2019-12-08T11:33:45.074+0000][1][safepoint    ] Total time for which application threads were stopped: 0.0001032 seconds, Stopping threads took: 0.0000203 seconds
[2019-12-08T11:33:45.082+0000][1][safepoint    ] Application time: 0.0078776 seconds
[2019-12-08T11:33:45.082+0000][1][safepoint    ] Entering safepoint region: RevokeBias
[2019-12-08T11:33:45.082+0000][1][safepoint    ] Leaving safepoint region
[2019-12-08T11:33:45.082+0000][1][safepoint    ] Total time for which application threads were stopped: 0.0000796 seconds, Stopping threads took: 0.0000186 seconds
[2019-12-08T11:33:45.092+0000][1][safepoint    ] Application time: 0.0097284 seconds
[2019-12-08T11:33:45.092+0000][1][safepoint    ] Entering safepoint region: RevokeBias
[2019-12-08T11:33:45.092+0000][1][safepoint    ] Leaving safepoint region
[2019-12-08T11:33:45.092+0000][1][safepoint    ] Total time for which application threads were stopped: 0.0001044 seconds, Stopping threads took: 0.0000200 seconds
[2019-12-08T11:33:46.093+0000][1][safepoint    ] Application time: 1.0009927 seconds
[2019-12-08T11:33:46.093+0000][1][safepoint    ] Entering safepoint region: Cleanup
[2019-12-08T11:33:46.093+0000][1][safepoint    ] Leaving safepoint region
[2019-12-08T11:33:46.093+0000][1][safepoint    ] Total time for which application threads were stopped: 0.0001307 seconds, Stopping threads took: 0.0000263 seconds
[2019-12-08T11:33:47.094+0000][1][safepoint    ] Application time: 1.0008167 seconds
[2019-12-08T11:33:47.094+0000][1][safepoint    ] Entering safepoint region: Cleanup
[2019-12-08T11:33:47.094+0000][1][safepoint    ] Leaving safepoint region
[2019-12-08T11:33:47.094+0000][1][safepoint    ] Total time for which application threads were stopped: 0.0001241 seconds, Stopping threads took: 0.0000282 seconds
[2019-12-08T11:33:48.095+0000][1][safepoint    ] Application time: 1.0008109 seconds
[2019-12-08T11:33:48.095+0000][1][safepoint    ] Entering safepoint region: Cleanup
[2019-12-08T11:33:48.095+0000][1][safepoint    ] Leaving safepoint region
[2019-12-08T11:33:48.095+0000][1][safepoint    ] Total time for which application threads were stopped: 0.0001077 seconds, Stopping threads took: 0.0000239 seconds
[2019-12-08T11:33:49.100+0000][1][safepoint    ] Application time: 1.0050056 seconds
[2019-12-08T11:33:49.100+0000][1][safepoint    ] Entering safepoint region: Cleanup
[2019-12-08T11:33:49.100+0000][1][safepoint    ] Leaving safepoint region
[2019-12-08T11:33:49.100+0000][1][safepoint    ] Total time for which application threads were stopped: 0.0001145 seconds, Stopping threads took: 0.0000241 seconds
[2019-12-08T11:33:50.100+0000][1][safepoint    ] Application time: 1.0004207 seconds
[2019-12-08T11:33:50.101+0000][1][safepoint    ] Entering safepoint region: Cleanup
[2019-12-08T11:33:50.101+0000][1][safepoint    ] Leaving safepoint region
[2019-12-08T11:33:50.101+0000][1][safepoint    ] Total time for which application threads were stopped: 0.0001267 seconds, Stopping threads took: 0.0000265 seconds
[2019-12-08T11:33:51.102+0000][1][safepoint    ] Application time: 1.0010935 seconds
[2019-12-08T11:33:51.102+0000][1][safepoint    ] Entering safepoint region: Cleanup
[2019-12-08T11:33:51.102+0000][1][safepoint    ] Leaving safepoint region
[2019-12-08T11:33:51.102+0000][1][safepoint    ] Total time for which application threads were stopped: 0.0001222 seconds, Stopping threads took: 0.0000273 seconds
[2019-12-08T11:33:52.103+0000][1][safepoint    ] Application time: 1.0008275 seconds
[2019-12-08T11:33:52.103+0000][1][safepoint    ] Entering safepoint region: Cleanup
[2019-12-08T11:33:52.103+0000][1][safepoint    ] Leaving safepoint region
[2019-12-08T11:33:52.103+0000][1][safepoint    ] Total time for which application threads were stopped: 0.0001199 seconds, Stopping threads took: 0.0000328 seconds
[2019-12-08T11:33:53.104+0000][1][safepoint    ] Application time: 1.0008309 seconds
[2019-12-08T11:33:53.104+0000][1][safepoint    ] Entering safepoint region: Cleanup
[2019-12-08T11:33:53.104+0000][1][safepoint    ] Leaving safepoint region
[2019-12-08T11:33:53.104+0000][1][safepoint    ] Total time for which application threads were stopped: 0.0001221 seconds, Stopping threads took: 0.0000252 seconds
[2019-12-08T11:33:54.105+0000][1][safepoint    ] Application time: 1.0008371 seconds
[2019-12-08T11:33:54.105+0000][1][safepoint    ] Entering safepoint region: Cleanup
[2019-12-08T11:33:54.105+0000][1][safepoint    ] Leaving safepoint region
[2019-12-08T11:33:54.105+0000][1][safepoint    ] Total time for which application threads were stopped: 0.0001013 seconds, Stopping threads took: 0.0000198 seconds
[2019-12-08T11:33:55.107+0000][1][safepoint    ] Application time: 1.0018499 seconds
[2019-12-08T11:33:55.107+0000][1][safepoint    ] Entering safepoint region: Cleanup
[2019-12-08T11:33:55.107+0000][1][safepoint    ] Leaving safepoint region
[2019-12-08T11:33:55.107+0000][1][safepoint    ] Total time for which application threads were stopped: 0.0001327 seconds, Stopping threads took: 0.0000285 seconds
[2019-12-08T11:33:55.303+0000][1][safepoint    ] Application time: 0.1958083 seconds
[2019-12-08T11:33:55.303+0000][1][safepoint    ] Entering safepoint region: GenCollectForAllocation
[2019-12-08T11:33:55.303+0000][1][gc,start     ] GC(23) Pause Young (Allocation Failure)
[2019-12-08T11:33:55.303+0000][1][gc,task      ] GC(23) Using 4 workers of 4 for evacuation
[2019-12-08T11:33:55.331+0000][1][gc,age       ] GC(23) Desired survivor size 4456448 bytes, new threshold 2 (max threshold 6)
[2019-12-08T11:33:55.331+0000][1][gc,age       ] GC(23) Age table with threshold 2 (max threshold 6)
[2019-12-08T11:33:55.331+0000][1][gc,age       ] GC(23) - age   1:    2182952 bytes,    2182952 total
[2019-12-08T11:33:55.331+0000][1][gc,age       ] GC(23) - age   2:    3580416 bytes,    5763368 total
[2019-12-08T11:33:55.331+0000][1][gc,heap      ] GC(23) ParNew: 78656K->8478K(78656K)
[2019-12-08T11:33:55.331+0000][1][gc,heap      ] GC(23) CMS: 61122K->65169K(174784K)
[2019-12-08T11:33:55.331+0000][1][gc,metaspace ] GC(23) Metaspace: 69066K->69066K(1112064K)
[2019-12-08T11:33:55.331+0000][1][gc           ] GC(23) Pause Young (Allocation Failure) 136M->71M(247M) 28.595ms
[2019-12-08T11:33:55.331+0000][1][gc,cpu       ] GC(23) User=0.05s Sys=0.00s Real=0.03s
[2019-12-08T11:33:55.332+0000][1][safepoint    ] Leaving safepoint region
[2019-12-08T11:33:55.332+0000][1][safepoint    ] Total time for which application threads were stopped: 0.0287823 seconds, Stopping threads took: 0.0000168 seconds
[2019-12-08T11:33:56.332+0000][1][safepoint    ] Application time: 1.0001765 seconds
[2019-12-08T11:33:56.332+0000][1][safepoint    ] Entering safepoint region: Cleanup
[2019-12-08T11:33:56.332+0000][1][safepoint    ] Leaving safepoint region
[2019-12-08T11:33:56.332+0000][1][safepoint    ] Total time for which application threads were stopped: 0.0001291 seconds, Stopping threads took: 0.0000286 seconds
[2019-12-08T11:33:57.333+0000][1][safepoint    ] Application time: 1.0008204 seconds
[2019-12-08T11:33:57.333+0000][1][safepoint    ] Entering safepoint region: Cleanup
[2019-12-08T11:33:57.333+0000][1][safepoint    ] Leaving safepoint region
[2019-12-08T11:33:57.333+0000][1][safepoint    ] Total time for which application threads were stopped: 0.0001051 seconds, Stopping threads took: 0.0000225 seconds
[2019-12-08T11:33:58.334+0000][1][safepoint    ] Application time: 1.0008598 seconds
[2019-12-08T11:33:58.334+0000][1][safepoint    ] Entering safepoint region: Cleanup
[2019-12-08T11:33:58.334+0000][1][safepoint    ] Leaving safepoint region
[2019-12-08T11:33:58.334+0000][1][safepoint    ] Total time for which application threads were stopped: 0.0001153 seconds, Stopping threads took: 0.0000234 seconds
[2019-12-08T11:33:59.334+0000][1][safepoint    ] Application time: 1.0000726 seconds
[2019-12-08T11:33:59.334+0000][1][safepoint    ] Entering safepoint region: Cleanup
[2019-12-08T11:33:59.334+0000][1][safepoint    ] Leaving safepoint region
[2019-12-08T11:33:59.334+0000][1][safepoint    ] Total time for which application threads were stopped: 0.0000867 seconds, Stopping threads took: 0.0000149 seconds
[2019-12-08T11:34:00.334+0000][1][safepoint    ] Application time: 1.0000824 seconds
[2019-12-08T11:34:00.334+0000][1][safepoint    ] Entering safepoint region: Cleanup
[2019-12-08T11:34:00.334+0000][1][safepoint    ] Leaving safepoint region
[2019-12-08T11:34:00.334+0000][1][safepoint    ] Total time for which application threads were stopped: 0.0001249 seconds, Stopping threads took: 0.0000470 seconds
[2019-12-08T11:34:01.334+0000][1][safepoint    ] Application time: 1.0000806 seconds
[2019-12-08T11:34:01.334+0000][1][safepoint    ] Entering safepoint region: Cleanup
[2019-12-08T11:34:01.334+0000][1][safepoint    ] Leaving safepoint region
[2019-12-08T11:34:01.335+0000][1][safepoint    ] Total time for which application threads were stopped: 0.0001091 seconds, Stopping threads took: 0.0000338 seconds
[2019-12-08T11:34:02.335+0000][1][safepoint    ] Application time: 1.0000755 seconds
[2019-12-08T11:34:02.335+0000][1][safepoint    ] Entering safepoint region: Cleanup
[2019-12-08T11:34:02.335+0000][1][safepoint    ] Leaving safepoint region
[2019-12-08T11:34:02.335+0000][1][safepoint    ] Total time for which application threads were stopped: 0.0001052 seconds, Stopping threads took: 0.0000230 seconds
[2019-12-08T11:34:03.335+0000][1][safepoint    ] Application time: 1.0000839 seconds
[2019-12-08T11:34:03.335+0000][1][safepoint    ] Entering safepoint region: Cleanup
[2019-12-08T11:34:03.335+0000][1][safepoint    ] Leaving safepoint region
[2019-12-08T11:34:03.335+0000][1][safepoint    ] Total time for which application threads were stopped: 0.0000961 seconds, Stopping threads took: 0.0000204 seconds
[2019-12-08T11:34:04.335+0000][1][safepoint    ] Application time: 1.0000784 seconds
[2019-12-08T11:34:04.335+0000][1][safepoint    ] Entering safepoint region: Cleanup
[2019-12-08T11:34:04.335+0000][1][safepoint    ] Leaving safepoint region
[2019-12-08T11:34:04.335+0000][1][safepoint    ] Total time for which application threads were stopped: 0.0000907 seconds, Stopping threads took: 0.0000171 seconds
[2019-12-08T11:34:05.335+0000][1][safepoint    ] Application time: 1.0000793 seconds
[2019-12-08T11:34:05.335+0000][1][safepoint    ] Entering safepoint region: Cleanup
[2019-12-08T11:34:05.335+0000][1][safepoint    ] Leaving safepoint region
[2019-12-08T11:34:05.335+0000][1][safepoint    ] Total time for which application threads were stopped: 0.0000957 seconds, Stopping threads took: 0.0000249 seconds
[2019-12-08T11:34:06.335+0000][1][safepoint    ] Application time: 1.0000770 seconds
[2019-12-08T11:34:06.335+0000][1][safepoint    ] Entering safepoint region: Cleanup
[2019-12-08T11:34:06.336+0000][1][safepoint    ] Leaving safepoint region
[2019-12-08T11:34:06.336+0000][1][safepoint    ] Total time for which application threads were stopped: 0.0000967 seconds, Stopping threads took: 0.0000169 seconds
[2019-12-08T11:34:07.336+0000][1][safepoint    ] Application time: 1.0000772 seconds
[2019-12-08T11:34:07.336+0000][1][safepoint    ] Entering safepoint region: Cleanup
[2019-12-08T11:34:07.336+0000][1][safepoint    ] Leaving safepoint region
[2019-12-08T11:34:07.336+0000][1][safepoint    ] Total time for which application threads were stopped: 0.0000924 seconds, Stopping threads took: 0.0000197 seconds
[2019-12-08T11:34:08.336+0000][1][safepoint    ] Application time: 1.0000787 seconds
[2019-12-08T11:34:08.336+0000][1][safepoint    ] Entering safepoint region: Cleanup
[2019-12-08T11:34:08.336+0000][1][safepoint    ] Leaving safepoint region
[2019-12-08T11:34:08.336+0000][1][safepoint    ] Total time for which application threads were stopped: 0.0000857 seconds, Stopping threads took: 0.0000186 seconds
[2019-12-08T11:34:09.336+0000][1][safepoint    ] Application time: 1.0000739 seconds
[2019-12-08T11:34:09.336+0000][1][safepoint    ] Entering safepoint region: Cleanup
[2019-12-08T11:34:09.336+0000][1][safepoint    ] Leaving safepoint region
[2019-12-08T11:34:09.336+0000][1][safepoint    ] Total time for which application threads were stopped: 0.0000837 seconds, Stopping threads took: 0.0000165 seconds
[2019-12-08T11:34:10.336+0000][1][safepoint    ] Application time: 1.0000829 seconds
[2019-12-08T11:34:10.336+0000][1][safepoint    ] Entering safepoint region: Cleanup
[2019-12-08T11:34:10.336+0000][1][safepoint    ] Leaving safepoint region
[2019-12-08T11:34:10.336+0000][1][safepoint    ] Total time for which application threads were stopped: 0.0000863 seconds, Stopping threads took: 0.0000184 seconds
[2019-12-08T11:34:11.336+0000][1][safepoint    ] Application time: 1.0000546 seconds
[2019-12-08T11:34:11.337+0000][1][safepoint    ] Entering safepoint region: Cleanup
[2019-12-08T11:34:11.337+0000][1][safepoint    ] Leaving safepoint region
[2019-12-08T11:34:11.337+0000][1][safepoint    ] Total time for which application threads were stopped: 0.0001143 seconds, Stopping threads took: 0.0000356 seconds
[2019-12-08T11:34:12.337+0000][1][safepoint    ] Application time: 1.0000961 seconds
[2019-12-08T11:34:12.337+0000][1][safepoint    ] Entering safepoint region: Cleanup
[2019-12-08T11:34:12.337+0000][1][safepoint    ] Leaving safepoint region
[2019-12-08T11:34:12.337+0000][1][safepoint    ] Total time for which application threads were stopped: 0.0001320 seconds, Stopping threads took: 0.0000254 seconds
[2019-12-08T11:34:13.337+0000][1][safepoint    ] Application time: 1.0000803 seconds
[2019-12-08T11:34:13.337+0000][1][safepoint    ] Entering safepoint region: Cleanup
[2019-12-08T11:34:13.337+0000][1][safepoint    ] Leaving safepoint region
[2019-12-08T11:34:13.337+0000][1][safepoint    ] Total time for which application threads were stopped: 0.0000884 seconds, Stopping threads took: 0.0000184 seconds
[2019-12-08T11:34:14.337+0000][1][safepoint    ] Application time: 1.0000796 seconds
[2019-12-08T11:34:14.337+0000][1][safepoint    ] Entering safepoint region: Cleanup
[2019-12-08T11:34:14.337+0000][1][safepoint    ] Leaving safepoint region
[2019-12-08T11:34:14.337+0000][1][safepoint    ] Total time for which application threads were stopped: 0.0000868 seconds, Stopping threads took: 0.0000197 seconds
[2019-12-08T11:34:15.337+0000][1][safepoint    ] Application time: 1.0000789 seconds
[2019-12-08T11:34:15.337+0000][1][safepoint    ] Entering safepoint region: Cleanup
[2019-12-08T11:34:15.338+0000][1][safepoint    ] Leaving safepoint region
[2019-12-08T11:34:15.338+0000][1][safepoint    ] Total time for which application threads were stopped: 0.0000971 seconds, Stopping threads took: 0.0000264 seconds
[2019-12-08T11:34:16.338+0000][1][safepoint    ] Application time: 1.0000788 seconds
[2019-12-08T11:34:16.338+0000][1][safepoint    ] Entering safepoint region: Cleanup
[2019-12-08T11:34:16.338+0000][1][safepoint    ] Leaving safepoint region
[2019-12-08T11:34:16.338+0000][1][safepoint    ] Total time for which application threads were stopped: 0.0000999 seconds, Stopping threads took: 0.0000203 seconds
[2019-12-08T11:34:17.338+0000][1][safepoint    ] Application time: 1.0000778 seconds
[2019-12-08T11:34:17.338+0000][1][safepoint    ] Entering safepoint region: Cleanup
[2019-12-08T11:34:17.338+0000][1][safepoint    ] Leaving safepoint region
[2019-12-08T11:34:17.338+0000][1][safepoint    ] Total time for which application threads were stopped: 0.0000926 seconds, Stopping threads took: 0.0000193 seconds
[2019-12-08T11:34:18.338+0000][1][safepoint    ] Application time: 1.0000778 seconds
[2019-12-08T11:34:18.338+0000][1][safepoint    ] Entering safepoint region: Cleanup
[2019-12-08T11:34:18.338+0000][1][safepoint    ] Leaving safepoint region
[2019-12-08T11:34:18.338+0000][1][safepoint    ] Total time for which application threads were stopped: 0.0000900 seconds, Stopping threads took: 0.0000188 seconds
[2019-12-08T11:34:19.338+0000][1][safepoint    ] Application time: 1.0000868 seconds
[2019-12-08T11:34:19.338+0000][1][safepoint    ] Entering safepoint region: Cleanup
[2019-12-08T11:34:19.338+0000][1][safepoint    ] Leaving safepoint region
[2019-12-08T11:34:19.338+0000][1][safepoint    ] Total time for which application threads were stopped: 0.0000910 seconds, Stopping threads took: 0.0000196 seconds
[2019-12-08T11:34:20.338+0000][1][safepoint    ] Application time: 1.0000808 seconds
[2019-12-08T11:34:20.339+0000][1][safepoint    ] Entering safepoint region: Cleanup
[2019-12-08T11:34:20.339+0000][1][safepoint    ] Leaving safepoint region
[2019-12-08T11:34:20.339+0000][1][safepoint    ] Total time for which application threads were stopped: 0.0000943 seconds, Stopping threads took: 0.0000173 seconds
[2019-12-08T11:34:21.339+0000][1][safepoint    ] Application time: 1.0000875 seconds
[2019-12-08T11:34:21.339+0000][1][safepoint    ] Entering safepoint region: Cleanup
[2019-12-08T11:34:21.339+0000][1][safepoint    ] Leaving safepoint region
[2019-12-08T11:34:21.339+0000][1][safepoint    ] Total time for which application threads were stopped: 0.0000918 seconds, Stopping threads took: 0.0000182 seconds
[2019-12-08T11:34:22.339+0000][1][safepoint    ] Application time: 1.0000750 seconds
[2019-12-08T11:34:22.339+0000][1][safepoint    ] Entering safepoint region: Cleanup
[2019-12-08T11:34:22.339+0000][1][safepoint    ] Leaving safepoint region
[2019-12-08T11:34:22.339+0000][1][safepoint    ] Total time for which application threads were stopped: 0.0000905 seconds, Stopping threads took: 0.0000189 seconds
[2019-12-08T11:34:23.342+0000][1][safepoint    ] Application time: 1.0026750 seconds
[2019-12-08T11:34:23.342+0000][1][safepoint    ] Entering safepoint region: Cleanup
[2019-12-08T11:34:23.342+0000][1][safepoint    ] Leaving safepoint region
[2019-12-08T11:34:23.342+0000][1][safepoint    ] Total time for which application threads were stopped: 0.0001267 seconds, Stopping threads took: 0.0000265 seconds
[2019-12-08T11:34:24.342+0000][1][safepoint    ] Application time: 1.0000796 seconds
[2019-12-08T11:34:24.342+0000][1][safepoint    ] Entering safepoint region: Cleanup
[2019-12-08T11:34:24.342+0000][1][safepoint    ] Leaving safepoint region
[2019-12-08T11:34:24.342+0000][1][safepoint    ] Total time for which application threads were stopped: 0.0000848 seconds, Stopping threads took: 0.0000167 seconds
[2019-12-08T11:34:25.342+0000][1][safepoint    ] Application time: 1.0000825 seconds
[2019-12-08T11:34:25.342+0000][1][safepoint    ] Entering safepoint region: Cleanup
[2019-12-08T11:34:25.342+0000][1][safepoint    ] Leaving safepoint region
[2019-12-08T11:34:25.342+0000][1][safepoint    ] Total time for which application threads were stopped: 0.0001048 seconds, Stopping threads took: 0.0000277 seconds
[2019-12-08T11:34:26.342+0000][1][safepoint    ] Application time: 1.0000890 seconds
[2019-12-08T11:34:26.342+0000][1][safepoint    ] Entering safepoint region: Cleanup
[2019-12-08T11:34:26.343+0000][1][safepoint    ] Leaving safepoint region
[2019-12-08T11:34:26.343+0000][1][safepoint    ] Total time for which application threads were stopped: 0.0000950 seconds, Stopping threads took: 0.0000224 seconds
[2019-12-08T11:34:27.343+0000][1][safepoint    ] Application time: 1.0000791 seconds
[2019-12-08T11:34:27.343+0000][1][safepoint    ] Entering safepoint region: Cleanup
[2019-12-08T11:34:27.343+0000][1][safepoint    ] Leaving safepoint region
[2019-12-08T11:34:27.343+0000][1][safepoint    ] Total time for which application threads were stopped: 0.0000978 seconds, Stopping threads took: 0.0000307 seconds
[2019-12-08T11:34:28.343+0000][1][safepoint    ] Application time: 1.0000825 seconds
[2019-12-08T11:34:28.343+0000][1][safepoint    ] Entering safepoint region: Cleanup
[2019-12-08T11:34:28.343+0000][1][safepoint    ] Leaving safepoint region
[2019-12-08T11:34:28.343+0000][1][safepoint    ] Total time for which application threads were stopped: 0.0000885 seconds, Stopping threads took: 0.0000195 seconds
[2019-12-08T11:34:29.343+0000][1][safepoint    ] Application time: 1.0000789 seconds
[2019-12-08T11:34:29.343+0000][1][safepoint    ] Entering safepoint region: Cleanup
[2019-12-08T11:34:29.343+0000][1][safepoint    ] Leaving safepoint region
[2019-12-08T11:34:29.343+0000][1][safepoint    ] Total time for which application threads were stopped: 0.0000952 seconds, Stopping threads took: 0.0000224 seconds
[2019-12-08T11:34:30.343+0000][1][safepoint    ] Application time: 1.0000813 seconds
[2019-12-08T11:34:30.343+0000][1][safepoint    ] Entering safepoint region: Cleanup
[2019-12-08T11:34:30.343+0000][1][safepoint    ] Leaving safepoint region
[2019-12-08T11:34:30.343+0000][1][safepoint    ] Total time for which application threads were stopped: 0.0000902 seconds, Stopping threads took: 0.0000213 seconds
[2019-12-08T11:34:31.343+0000][1][safepoint    ] Application time: 1.0000851 seconds
[2019-12-08T11:34:31.344+0000][1][safepoint    ] Entering safepoint region: Cleanup
[2019-12-08T11:34:31.344+0000][1][safepoint    ] Leaving safepoint region
[2019-12-08T11:34:31.344+0000][1][safepoint    ] Total time for which application threads were stopped: 0.0000926 seconds, Stopping threads took: 0.0000192 seconds
[2019-12-08T11:34:32.344+0000][1][safepoint    ] Application time: 1.0000847 seconds
[2019-12-08T11:34:32.344+0000][1][safepoint    ] Entering safepoint region: Cleanup
[2019-12-08T11:34:32.344+0000][1][safepoint    ] Leaving safepoint region
[2019-12-08T11:34:32.344+0000][1][safepoint    ] Total time for which application threads were stopped: 0.0000948 seconds, Stopping threads took: 0.0000214 seconds
[2019-12-08T11:34:33.344+0000][1][safepoint    ] Application time: 1.0000755 seconds
[2019-12-08T11:34:33.344+0000][1][safepoint    ] Entering safepoint region: Cleanup
[2019-12-08T11:34:33.344+0000][1][safepoint    ] Leaving safepoint region
[2019-12-08T11:34:33.344+0000][1][safepoint    ] Total time for which application threads were stopped: 0.0000807 seconds, Stopping threads took: 0.0000167 seconds
[2019-12-08T11:34:34.344+0000][1][safepoint    ] Application time: 1.0000815 seconds
[2019-12-08T11:34:34.344+0000][1][safepoint    ] Entering safepoint region: Cleanup
[2019-12-08T11:34:34.344+0000][1][safepoint    ] Leaving safepoint region
[2019-12-08T11:34:34.344+0000][1][safepoint    ] Total time for which application threads were stopped: 0.0000966 seconds, Stopping threads took: 0.0000186 seconds
[2019-12-08T11:34:35.344+0000][1][safepoint    ] Application time: 1.0000818 seconds
[2019-12-08T11:34:35.344+0000][1][safepoint    ] Entering safepoint region: Cleanup
[2019-12-08T11:34:35.344+0000][1][safepoint    ] Leaving safepoint region
[2019-12-08T11:34:35.344+0000][1][safepoint    ] Total time for which application threads were stopped: 0.0001067 seconds, Stopping threads took: 0.0000209 seconds
[2019-12-08T11:34:36.345+0000][1][safepoint    ] Application time: 1.0000786 seconds
[2019-12-08T11:34:36.345+0000][1][safepoint    ] Entering safepoint region: Cleanup
[2019-12-08T11:34:36.345+0000][1][safepoint    ] Leaving safepoint region
[2019-12-08T11:34:36.345+0000][1][safepoint    ] Total time for which application threads were stopped: 0.0001062 seconds, Stopping threads took: 0.0000187 seconds
[2019-12-08T11:34:37.345+0000][1][safepoint    ] Application time: 1.0000922 seconds
[2019-12-08T11:34:37.345+0000][1][safepoint    ] Entering safepoint region: Cleanup
[2019-12-08T11:34:37.345+0000][1][safepoint    ] Leaving safepoint region
[2019-12-08T11:34:37.345+0000][1][safepoint    ] Total time for which application threads were stopped: 0.0000871 seconds, Stopping threads took: 0.0000191 seconds
[2019-12-08T11:34:38.345+0000][1][safepoint    ] Application time: 1.0000866 seconds
[2019-12-08T11:34:38.345+0000][1][safepoint    ] Entering safepoint region: Cleanup
[2019-12-08T11:34:38.345+0000][1][safepoint    ] Leaving safepoint region
[2019-12-08T11:34:38.345+0000][1][safepoint    ] Total time for which application threads were stopped: 0.0001147 seconds, Stopping threads took: 0.0000243 seconds
[2019-12-08T11:34:39.345+0000][1][safepoint    ] Application time: 1.0000773 seconds
[2019-12-08T11:34:39.345+0000][1][safepoint    ] Entering safepoint region: Cleanup
[2019-12-08T11:34:39.345+0000][1][safepoint    ] Leaving safepoint region
[2019-12-08T11:34:39.345+0000][1][safepoint    ] Total time for which application threads were stopped: 0.0000856 seconds, Stopping threads took: 0.0000163 seconds
[2019-12-08T11:34:40.345+0000][1][safepoint    ] Application time: 1.0000777 seconds
[2019-12-08T11:34:40.346+0000][1][safepoint    ] Entering safepoint region: Cleanup
[2019-12-08T11:34:40.346+0000][1][safepoint    ] Leaving safepoint region
[2019-12-08T11:34:40.346+0000][1][safepoint    ] Total time for which application threads were stopped: 0.0000964 seconds, Stopping threads took: 0.0000186 seconds
[2019-12-08T11:34:42.346+0000][1][safepoint    ] Application time: 2.0001457 seconds
[2019-12-08T11:34:42.346+0000][1][safepoint    ] Entering safepoint region: Cleanup
[2019-12-08T11:34:42.346+0000][1][safepoint    ] Leaving safepoint region
[2019-12-08T11:34:42.346+0000][1][safepoint    ] Total time for which application threads were stopped: 0.0000865 seconds, Stopping threads took: 0.0000167 seconds
[2019-12-08T11:34:45.346+0000][1][safepoint    ] Application time: 3.0002153 seconds
[2019-12-08T11:34:45.346+0000][1][safepoint    ] Entering safepoint region: Cleanup
[2019-12-08T11:34:45.346+0000][1][safepoint    ] Leaving safepoint region
[2019-12-08T11:34:45.346+0000][1][safepoint    ] Total time for which application threads were stopped: 0.0000819 seconds, Stopping threads took: 0.0000177 seconds
[2019-12-08T11:34:46.346+0000][1][safepoint    ] Application time: 1.0000776 seconds
[2019-12-08T11:34:46.346+0000][1][safepoint    ] Entering safepoint region: Cleanup
[2019-12-08T11:34:46.346+0000][1][safepoint    ] Leaving safepoint region
[2019-12-08T11:34:46.346+0000][1][safepoint    ] Total time for which application threads were stopped: 0.0000865 seconds, Stopping threads took: 0.0000186 seconds
[2019-12-08T11:34:47.346+0000][1][safepoint    ] Application time: 1.0000759 seconds
[2019-12-08T11:34:47.347+0000][1][safepoint    ] Entering safepoint region: Cleanup
[2019-12-08T11:34:47.347+0000][1][safepoint    ] Leaving safepoint region
[2019-12-08T11:34:47.347+0000][1][safepoint    ] Total time for which application threads were stopped: 0.0000804 seconds, Stopping threads took: 0.0000160 seconds
[2019-12-08T11:34:49.347+0000][1][safepoint    ] Application time: 2.0001440 seconds
[2019-12-08T11:34:49.347+0000][1][safepoint    ] Entering safepoint region: Cleanup
[2019-12-08T11:34:49.347+0000][1][safepoint    ] Leaving safepoint region
[2019-12-08T11:34:49.347+0000][1][safepoint    ] Total time for which application threads were stopped: 0.0000924 seconds, Stopping threads took: 0.0000182 seconds
[2019-12-08T11:34:50.347+0000][1][safepoint    ] Application time: 1.0000782 seconds
[2019-12-08T11:34:50.347+0000][1][safepoint    ] Entering safepoint region: Cleanup
[2019-12-08T11:34:50.347+0000][1][safepoint    ] Leaving safepoint region
[2019-12-08T11:34:50.347+0000][1][safepoint    ] Total time for which application threads were stopped: 0.0000818 seconds, Stopping threads took: 0.0000181 seconds
[2019-12-08T11:34:51.347+0000][1][safepoint    ] Application time: 1.0000793 seconds
[2019-12-08T11:34:51.347+0000][1][safepoint    ] Entering safepoint region: Cleanup
[2019-12-08T11:34:51.347+0000][1][safepoint    ] Leaving safepoint region
[2019-12-08T11:34:51.347+0000][1][safepoint    ] Total time for which application threads were stopped: 0.0000843 seconds, Stopping threads took: 0.0000168 seconds
[2019-12-08T11:34:52.347+0000][1][safepoint    ] Application time: 1.0000776 seconds
[2019-12-08T11:34:52.347+0000][1][safepoint    ] Entering safepoint region: Cleanup
[2019-12-08T11:34:52.347+0000][1][safepoint    ] Leaving safepoint region
[2019-12-08T11:34:52.347+0000][1][safepoint    ] Total time for which application threads were stopped: 0.0000976 seconds, Stopping threads took: 0.0000226 seconds
[2019-12-08T11:34:53.348+0000][1][safepoint    ] Application time: 1.0000800 seconds
[2019-12-08T11:34:53.348+0000][1][safepoint    ] Entering safepoint region: Cleanup
[2019-12-08T11:34:53.348+0000][1][safepoint    ] Leaving safepoint region
[2019-12-08T11:34:53.348+0000][1][safepoint    ] Total time for which application threads were stopped: 0.0001350 seconds, Stopping threads took: 0.0000242 seconds
[2019-12-08T11:34:56.348+0000][1][safepoint    ] Application time: 3.0002241 seconds
[2019-12-08T11:34:56.348+0000][1][safepoint    ] Entering safepoint region: Cleanup
[2019-12-08T11:34:56.348+0000][1][safepoint    ] Leaving safepoint region
[2019-12-08T11:34:56.348+0000][1][safepoint    ] Total time for which application threads were stopped: 0.0000974 seconds, Stopping threads took: 0.0000256 seconds
[2019-12-08T11:34:58.348+0000][1][safepoint    ] Application time: 2.0001469 seconds
[2019-12-08T11:34:58.348+0000][1][safepoint    ] Entering safepoint region: Cleanup
[2019-12-08T11:34:58.348+0000][1][safepoint    ] Leaving safepoint region
[2019-12-08T11:34:58.348+0000][1][safepoint    ] Total time for which application threads were stopped: 0.0000882 seconds, Stopping threads took: 0.0000179 seconds
[2019-12-08T11:35:00.349+0000][1][safepoint    ] Application time: 2.0001491 seconds
[2019-12-08T11:35:00.349+0000][1][safepoint    ] Entering safepoint region: Cleanup
[2019-12-08T11:35:00.349+0000][1][safepoint    ] Leaving safepoint region
[2019-12-08T11:35:00.349+0000][1][safepoint    ] Total time for which application threads were stopped: 0.0000876 seconds, Stopping threads took: 0.0000171 seconds
[2019-12-08T11:35:01.349+0000][1][safepoint    ] Application time: 1.0000829 seconds
[2019-12-08T11:35:01.349+0000][1][safepoint    ] Entering safepoint region: Cleanup
[2019-12-08T11:35:01.349+0000][1][safepoint    ] Leaving safepoint region
[2019-12-08T11:35:01.349+0000][1][safepoint    ] Total time for which application threads were stopped: 0.0000847 seconds, Stopping threads took: 0.0000185 seconds
[2019-12-08T11:35:04.349+0000][1][safepoint    ] Application time: 3.0002306 seconds
[2019-12-08T11:35:04.349+0000][1][safepoint    ] Entering safepoint region: Cleanup
[2019-12-08T11:35:04.349+0000][1][safepoint    ] Leaving safepoint region
[2019-12-08T11:35:04.349+0000][1][safepoint    ] Total time for which application threads were stopped: 0.0000849 seconds, Stopping threads took: 0.0000175 seconds
[2019-12-08T11:35:05.349+0000][1][safepoint    ] Application time: 1.0000797 seconds
[2019-12-08T11:35:05.349+0000][1][safepoint    ] Entering safepoint region: Cleanup
[2019-12-08T11:35:05.349+0000][1][safepoint    ] Leaving safepoint region
[2019-12-08T11:35:05.349+0000][1][safepoint    ] Total time for which application threads were stopped: 0.0000917 seconds, Stopping threads took: 0.0000176 seconds
[2019-12-08T11:35:05.362+0000][1][safepoint    ] Application time: 0.0126575 seconds
[2019-12-08T11:35:05.362+0000][1][safepoint    ] Entering safepoint region: GenCollectForAllocation
[2019-12-08T11:35:05.362+0000][1][gc,start     ] GC(24) Pause Young (Allocation Failure)
[2019-12-08T11:35:05.362+0000][1][gc,task      ] GC(24) Using 4 workers of 4 for evacuation
[2019-12-08T11:35:05.371+0000][1][gc,age       ] GC(24) Desired survivor size 4456448 bytes, new threshold 6 (max threshold 6)
[2019-12-08T11:35:05.371+0000][1][gc,age       ] GC(24) Age table with threshold 6 (max threshold 6)
[2019-12-08T11:35:05.371+0000][1][gc,age       ] GC(24) - age   1:      22280 bytes,      22280 total
[2019-12-08T11:35:05.371+0000][1][gc,age       ] GC(24) - age   2:    2140184 bytes,    2162464 total
[2019-12-08T11:35:05.371+0000][1][gc,heap      ] GC(24) ParNew: 78430K->5916K(78656K)
[2019-12-08T11:35:05.371+0000][1][gc,heap      ] GC(24) CMS: 65169K->68796K(174784K)
[2019-12-08T11:35:05.371+0000][1][gc,metaspace ] GC(24) Metaspace: 69581K->69581K(1112064K)
[2019-12-08T11:35:05.371+0000][1][gc           ] GC(24) Pause Young (Allocation Failure) 140M->72M(247M) 8.931ms
[2019-12-08T11:35:05.371+0000][1][gc,cpu       ] GC(24) User=0.03s Sys=0.00s Real=0.01s
[2019-12-08T11:35:05.371+0000][1][safepoint    ] Leaving safepoint region
[2019-12-08T11:35:05.371+0000][1][safepoint    ] Total time for which application threads were stopped: 0.0090740 seconds, Stopping threads took: 0.0000141 seconds
[2019-12-08T11:35:06.371+0000][1][safepoint    ] Application time: 1.0000864 seconds
[2019-12-08T11:35:06.371+0000][1][safepoint    ] Entering safepoint region: Cleanup
[2019-12-08T11:35:06.371+0000][1][safepoint    ] Leaving safepoint region
[2019-12-08T11:35:06.371+0000][1][safepoint    ] Total time for which application threads were stopped: 0.0000820 seconds, Stopping threads took: 0.0000166 seconds
[2019-12-08T11:35:08.372+0000][1][safepoint    ] Application time: 2.0001447 seconds
[2019-12-08T11:35:08.372+0000][1][safepoint    ] Entering safepoint region: Cleanup
[2019-12-08T11:35:08.372+0000][1][safepoint    ] Leaving safepoint region
[2019-12-08T11:35:08.372+0000][1][safepoint    ] Total time for which application threads were stopped: 0.0001258 seconds, Stopping threads took: 0.0000216 seconds
[2019-12-08T11:35:09.372+0000][1][safepoint    ] Application time: 1.0000791 seconds
[2019-12-08T11:35:09.372+0000][1][safepoint    ] Entering safepoint region: Cleanup
[2019-12-08T11:35:09.372+0000][1][safepoint    ] Leaving safepoint region
[2019-12-08T11:35:09.372+0000][1][safepoint    ] Total time for which application threads were stopped: 0.0000854 seconds, Stopping threads took: 0.0000172 seconds
[2019-12-08T11:35:10.372+0000][1][safepoint    ] Application time: 1.0000755 seconds
[2019-12-08T11:35:10.372+0000][1][safepoint    ] Entering safepoint region: Cleanup
[2019-12-08T11:35:10.372+0000][1][safepoint    ] Leaving safepoint region
[2019-12-08T11:35:10.372+0000][1][safepoint    ] Total time for which application threads were stopped: 0.0001134 seconds, Stopping threads took: 0.0000383 seconds
[2019-12-08T11:35:11.372+0000][1][safepoint    ] Application time: 1.0000857 seconds
[2019-12-08T11:35:11.372+0000][1][safepoint    ] Entering safepoint region: Cleanup
[2019-12-08T11:35:11.372+0000][1][safepoint    ] Leaving safepoint region
[2019-12-08T11:35:11.372+0000][1][safepoint    ] Total time for which application threads were stopped: 0.0000807 seconds, Stopping threads took: 0.0000167 seconds
[2019-12-08T11:35:12.372+0000][1][safepoint    ] Application time: 1.0000757 seconds
[2019-12-08T11:35:12.372+0000][1][safepoint    ] Entering safepoint region: Cleanup
[2019-12-08T11:35:12.373+0000][1][safepoint    ] Leaving safepoint region
[2019-12-08T11:35:12.373+0000][1][safepoint    ] Total time for which application threads were stopped: 0.0000906 seconds, Stopping threads took: 0.0000174 seconds
[2019-12-08T11:35:16.373+0000][1][safepoint    ] Application time: 4.0002710 seconds
[2019-12-08T11:35:16.373+0000][1][safepoint    ] Entering safepoint region: Cleanup
[2019-12-08T11:35:16.373+0000][1][safepoint    ] Leaving safepoint region
[2019-12-08T11:35:16.373+0000][1][safepoint    ] Total time for which application threads were stopped: 0.0000850 seconds, Stopping threads took: 0.0000169 seconds
[2019-12-08T11:35:18.373+0000][1][safepoint    ] Application time: 2.0001465 seconds
[2019-12-08T11:35:18.373+0000][1][safepoint    ] Entering safepoint region: Cleanup
[2019-12-08T11:35:18.373+0000][1][safepoint    ] Leaving safepoint region
[2019-12-08T11:35:18.373+0000][1][safepoint    ] Total time for which application threads were stopped: 0.0000857 seconds, Stopping threads took: 0.0000171 seconds
[2019-12-08T11:35:19.373+0000][1][safepoint    ] Application time: 1.0000790 seconds
[2019-12-08T11:35:19.373+0000][1][safepoint    ] Entering safepoint region: Cleanup
[2019-12-08T11:35:19.373+0000][1][safepoint    ] Leaving safepoint region
[2019-12-08T11:35:19.373+0000][1][safepoint    ] Total time for which application threads were stopped: 0.0000817 seconds, Stopping threads took: 0.0000169 seconds
[2019-12-08T11:35:20.374+0000][1][safepoint    ] Application time: 1.0000767 seconds
[2019-12-08T11:35:20.374+0000][1][safepoint    ] Entering safepoint region: Cleanup
[2019-12-08T11:35:20.374+0000][1][safepoint    ] Leaving safepoint region
[2019-12-08T11:35:20.374+0000][1][safepoint    ] Total time for which application threads were stopped: 0.0000865 seconds, Stopping threads took: 0.0000168 seconds
[2019-12-08T11:35:24.374+0000][1][safepoint    ] Application time: 4.0002826 seconds
[2019-12-08T11:35:24.374+0000][1][safepoint    ] Entering safepoint region: Cleanup
[2019-12-08T11:35:24.374+0000][1][safepoint    ] Leaving safepoint region
[2019-12-08T11:35:24.374+0000][1][safepoint    ] Total time for which application threads were stopped: 0.0000947 seconds, Stopping threads took: 0.0000229 seconds
[2019-12-08T11:35:32.375+0000][1][safepoint    ] Application time: 8.0006954 seconds
[2019-12-08T11:35:32.375+0000][1][safepoint    ] Entering safepoint region: Cleanup
[2019-12-08T11:35:32.375+0000][1][safepoint    ] Leaving safepoint region
[2019-12-08T11:35:32.375+0000][1][safepoint    ] Total time for which application threads were stopped: 0.0001125 seconds, Stopping threads took: 0.0000238 seconds
[2019-12-08T11:35:34.375+0000][1][safepoint    ] Application time: 2.0001430 seconds
[2019-12-08T11:35:34.375+0000][1][safepoint    ] Entering safepoint region: Cleanup
[2019-12-08T11:35:34.375+0000][1][safepoint    ] Leaving safepoint region
[2019-12-08T11:35:34.375+0000][1][safepoint    ] Total time for which application threads were stopped: 0.0000975 seconds, Stopping threads took: 0.0000266 seconds
[2019-12-08T11:35:37.375+0000][1][safepoint    ] Application time: 3.0002106 seconds
[2019-12-08T11:35:37.375+0000][1][safepoint    ] Entering safepoint region: Cleanup
[2019-12-08T11:35:37.376+0000][1][safepoint    ] Leaving safepoint region
[2019-12-08T11:35:37.376+0000][1][safepoint    ] Total time for which application threads were stopped: 0.0000873 seconds, Stopping threads took: 0.0000182 seconds
[2019-12-08T11:35:38.376+0000][1][safepoint    ] Application time: 1.0000802 seconds
[2019-12-08T11:35:38.376+0000][1][safepoint    ] Entering safepoint region: Cleanup
[2019-12-08T11:35:38.376+0000][1][safepoint    ] Leaving safepoint region
[2019-12-08T11:35:38.376+0000][1][safepoint    ] Total time for which application threads were stopped: 0.0001256 seconds, Stopping threads took: 0.0000238 seconds
[2019-12-08T11:35:40.376+0000][1][safepoint    ] Application time: 2.0001438 seconds
[2019-12-08T11:35:40.376+0000][1][safepoint    ] Entering safepoint region: Cleanup
[2019-12-08T11:35:40.376+0000][1][safepoint    ] Leaving safepoint region
[2019-12-08T11:35:40.376+0000][1][safepoint    ] Total time for which application threads were stopped: 0.0000910 seconds, Stopping threads took: 0.0000170 seconds
[2019-12-08T11:35:42.376+0000][1][safepoint    ] Application time: 2.0001409 seconds
[2019-12-08T11:35:42.376+0000][1][safepoint    ] Entering safepoint region: Cleanup
[2019-12-08T11:35:42.376+0000][1][safepoint    ] Leaving safepoint region
[2019-12-08T11:35:42.376+0000][1][safepoint    ] Total time for which application threads were stopped: 0.0001039 seconds, Stopping threads took: 0.0000173 seconds
[2019-12-08T11:35:47.377+0000][1][safepoint    ] Application time: 5.0003518 seconds
[2019-12-08T11:35:47.377+0000][1][safepoint    ] Entering safepoint region: Cleanup
[2019-12-08T11:35:47.377+0000][1][safepoint    ] Leaving safepoint region
[2019-12-08T11:35:47.377+0000][1][safepoint    ] Total time for which application threads were stopped: 0.0000953 seconds, Stopping threads took: 0.0000235 seconds
[2019-12-08T11:35:48.377+0000][1][safepoint    ] Application time: 1.0000769 seconds
[2019-12-08T11:35:48.377+0000][1][safepoint    ] Entering safepoint region: Cleanup
[2019-12-08T11:35:48.377+0000][1][safepoint    ] Leaving safepoint region
[2019-12-08T11:35:48.377+0000][1][safepoint    ] Total time for which application threads were stopped: 0.0000862 seconds, Stopping threads took: 0.0000158 seconds
[2019-12-08T11:35:49.377+0000][1][safepoint    ] Application time: 1.0000761 seconds
[2019-12-08T11:35:49.377+0000][1][safepoint    ] Entering safepoint region: Cleanup
[2019-12-08T11:35:49.377+0000][1][safepoint    ] Leaving safepoint region
[2019-12-08T11:35:49.377+0000][1][safepoint    ] Total time for which application threads were stopped: 0.0000832 seconds, Stopping threads took: 0.0000162 seconds
[2019-12-08T11:35:51.377+0000][1][safepoint    ] Application time: 2.0001441 seconds
[2019-12-08T11:35:51.377+0000][1][safepoint    ] Entering safepoint region: Cleanup
[2019-12-08T11:35:51.377+0000][1][safepoint    ] Leaving safepoint region
[2019-12-08T11:35:51.377+0000][1][safepoint    ] Total time for which application threads were stopped: 0.0000870 seconds, Stopping threads took: 0.0000176 seconds
[2019-12-08T11:35:55.378+0000][1][safepoint    ] Application time: 4.0002672 seconds
[2019-12-08T11:35:55.378+0000][1][safepoint    ] Entering safepoint region: Cleanup
[2019-12-08T11:35:55.378+0000][1][safepoint    ] Leaving safepoint region
[2019-12-08T11:35:55.378+0000][1][safepoint    ] Total time for which application threads were stopped: 0.0000919 seconds, Stopping threads took: 0.0000227 seconds
[2019-12-08T11:36:06.379+0000][1][safepoint    ] Application time: 11.0008083 seconds
[2019-12-08T11:36:06.379+0000][1][safepoint    ] Entering safepoint region: Cleanup
[2019-12-08T11:36:06.379+0000][1][safepoint    ] Leaving safepoint region
[2019-12-08T11:36:06.379+0000][1][safepoint    ] Total time for which application threads were stopped: 0.0001151 seconds, Stopping threads took: 0.0000241 seconds
[2019-12-08T11:36:09.379+0000][1][safepoint    ] Application time: 3.0002891 seconds
[2019-12-08T11:36:09.379+0000][1][safepoint    ] Entering safepoint region: Cleanup
[2019-12-08T11:36:09.379+0000][1][safepoint    ] Leaving safepoint region
[2019-12-08T11:36:09.379+0000][1][safepoint    ] Total time for which application threads were stopped: 0.0001211 seconds, Stopping threads took: 0.0000227 seconds
[2019-12-08T11:36:11.379+0000][1][safepoint    ] Application time: 2.0001495 seconds
[2019-12-08T11:36:11.380+0000][1][safepoint    ] Entering safepoint region: Cleanup
[2019-12-08T11:36:11.380+0000][1][safepoint    ] Leaving safepoint region
[2019-12-08T11:36:11.380+0000][1][safepoint    ] Total time for which application threads were stopped: 0.0000815 seconds, Stopping threads took: 0.0000169 seconds
[2019-12-08T11:36:12.380+0000][1][safepoint    ] Application time: 1.0000766 seconds
[2019-12-08T11:36:12.380+0000][1][safepoint    ] Entering safepoint region: Cleanup
[2019-12-08T11:36:12.380+0000][1][safepoint    ] Leaving safepoint region
[2019-12-08T11:36:12.380+0000][1][safepoint    ] Total time for which application threads were stopped: 0.0000850 seconds, Stopping threads took: 0.0000177 seconds
[2019-12-08T11:36:13.380+0000][1][safepoint    ] Application time: 1.0000794 seconds
[2019-12-08T11:36:13.380+0000][1][safepoint    ] Entering safepoint region: Cleanup
[2019-12-08T11:36:13.380+0000][1][safepoint    ] Leaving safepoint region
[2019-12-08T11:36:13.380+0000][1][safepoint    ] Total time for which application threads were stopped: 0.0000867 seconds, Stopping threads took: 0.0000186 seconds
[2019-12-08T11:36:14.380+0000][1][safepoint    ] Application time: 1.0000796 seconds
[2019-12-08T11:36:14.380+0000][1][safepoint    ] Entering safepoint region: Cleanup
[2019-12-08T11:36:14.380+0000][1][safepoint    ] Leaving safepoint region
[2019-12-08T11:36:14.380+0000][1][safepoint    ] Total time for which application threads were stopped: 0.0000877 seconds, Stopping threads took: 0.0000184 seconds
[2019-12-08T11:36:15.380+0000][1][safepoint    ] Application time: 1.0000774 seconds
[2019-12-08T11:36:15.380+0000][1][safepoint    ] Entering safepoint region: Cleanup
[2019-12-08T11:36:15.380+0000][1][safepoint    ] Leaving safepoint region
[2019-12-08T11:36:15.380+0000][1][safepoint    ] Total time for which application threads were stopped: 0.0000875 seconds, Stopping threads took: 0.0000202 seconds
[2019-12-08T11:36:16.381+0000][1][safepoint    ] Application time: 1.0000780 seconds
[2019-12-08T11:36:16.381+0000][1][safepoint    ] Entering safepoint region: Cleanup
[2019-12-08T11:36:16.381+0000][1][safepoint    ] Leaving safepoint region
[2019-12-08T11:36:16.381+0000][1][safepoint    ] Total time for which application threads were stopped: 0.0000852 seconds, Stopping threads took: 0.0000184 seconds
[2019-12-08T11:36:17.381+0000][1][safepoint    ] Application time: 1.0000827 seconds
[2019-12-08T11:36:17.381+0000][1][safepoint    ] Entering safepoint region: Cleanup
[2019-12-08T11:36:17.381+0000][1][safepoint    ] Leaving safepoint region
[2019-12-08T11:36:17.381+0000][1][safepoint    ] Total time for which application threads were stopped: 0.0000834 seconds, Stopping threads took: 0.0000191 seconds
[2019-12-08T11:36:17.386+0000][1][safepoint    ] Application time: 0.0052407 seconds
[2019-12-08T11:36:17.386+0000][1][safepoint    ] Entering safepoint region: GenCollectForAllocation
[2019-12-08T11:36:17.386+0000][1][gc,start     ] GC(25) Pause Young (Allocation Failure)
[2019-12-08T11:36:17.386+0000][1][gc,task      ] GC(25) Using 4 workers of 4 for evacuation
[2019-12-08T11:36:17.390+0000][1][gc,age       ] GC(25) Desired survivor size 4456448 bytes, new threshold 6 (max threshold 6)
[2019-12-08T11:36:17.390+0000][1][gc,age       ] GC(25) Age table with threshold 6 (max threshold 6)
[2019-12-08T11:36:17.390+0000][1][gc,age       ] GC(25) - age   1:      46040 bytes,      46040 total
[2019-12-08T11:36:17.390+0000][1][gc,age       ] GC(25) - age   2:      16392 bytes,      62432 total
[2019-12-08T11:36:17.390+0000][1][gc,age       ] GC(25) - age   3:    2140216 bytes,    2202648 total
[2019-12-08T11:36:17.390+0000][1][gc,heap      ] GC(25) ParNew: 75828K->3010K(78656K)
[2019-12-08T11:36:17.390+0000][1][gc,heap      ] GC(25) CMS: 68796K->68796K(174784K)
[2019-12-08T11:36:17.390+0000][1][gc,metaspace ] GC(25) Metaspace: 69648K->69648K(1114112K)
[2019-12-08T11:36:17.390+0000][1][gc           ] GC(25) Pause Young (Allocation Failure) 141M->70M(247M) 3.430ms
[2019-12-08T11:36:17.390+0000][1][gc,cpu       ] GC(25) User=0.01s Sys=0.00s Real=0.00s
[2019-12-08T11:36:17.390+0000][1][safepoint    ] Leaving safepoint region
[2019-12-08T11:36:17.390+0000][1][safepoint    ] Total time for which application threads were stopped: 0.0036016 seconds, Stopping threads took: 0.0000196 seconds
[2019-12-08T11:36:18.390+0000][1][safepoint    ] Application time: 1.0000921 seconds
[2019-12-08T11:36:18.390+0000][1][safepoint    ] Entering safepoint region: Cleanup
[2019-12-08T11:36:18.390+0000][1][safepoint    ] Leaving safepoint region
[2019-12-08T11:36:18.390+0000][1][safepoint    ] Total time for which application threads were stopped: 0.0000940 seconds, Stopping threads took: 0.0000215 seconds
[2019-12-08T11:36:19.390+0000][1][safepoint    ] Application time: 1.0000861 seconds
[2019-12-08T11:36:19.390+0000][1][safepoint    ] Entering safepoint region: Cleanup
[2019-12-08T11:36:19.390+0000][1][safepoint    ] Leaving safepoint region
[2019-12-08T11:36:19.390+0000][1][safepoint    ] Total time for which application threads were stopped: 0.0000924 seconds, Stopping threads took: 0.0000261 seconds
[2019-12-08T11:36:20.390+0000][1][safepoint    ] Application time: 1.0000773 seconds
[2019-12-08T11:36:20.390+0000][1][safepoint    ] Entering safepoint region: Cleanup
[2019-12-08T11:36:20.390+0000][1][safepoint    ] Leaving safepoint region
[2019-12-08T11:36:20.390+0000][1][safepoint    ] Total time for which application threads were stopped: 0.0000875 seconds, Stopping threads took: 0.0000182 seconds
[2019-12-08T11:36:21.390+0000][1][safepoint    ] Application time: 1.0000757 seconds
[2019-12-08T11:36:21.390+0000][1][safepoint    ] Entering safepoint region: Cleanup
[2019-12-08T11:36:21.391+0000][1][safepoint    ] Leaving safepoint region
[2019-12-08T11:36:21.391+0000][1][safepoint    ] Total time for which application threads were stopped: 0.0000876 seconds, Stopping threads took: 0.0000169 seconds
[2019-12-08T11:36:22.391+0000][1][safepoint    ] Application time: 1.0000769 seconds
[2019-12-08T11:36:22.391+0000][1][safepoint    ] Entering safepoint region: Cleanup
[2019-12-08T11:36:22.391+0000][1][safepoint    ] Leaving safepoint region
[2019-12-08T11:36:22.391+0000][1][safepoint    ] Total time for which application threads were stopped: 0.0000859 seconds, Stopping threads took: 0.0000216 seconds
[2019-12-08T11:36:23.391+0000][1][safepoint    ] Application time: 1.0000773 seconds
[2019-12-08T11:36:23.391+0000][1][safepoint    ] Entering safepoint region: Cleanup
[2019-12-08T11:36:23.391+0000][1][safepoint    ] Leaving safepoint region
[2019-12-08T11:36:23.391+0000][1][safepoint    ] Total time for which application threads were stopped: 0.0000813 seconds, Stopping threads took: 0.0000171 seconds
[2019-12-08T11:36:24.391+0000][1][safepoint    ] Application time: 1.0000798 seconds
[2019-12-08T11:36:24.391+0000][1][safepoint    ] Entering safepoint region: Cleanup
[2019-12-08T11:36:24.391+0000][1][safepoint    ] Leaving safepoint region
[2019-12-08T11:36:24.391+0000][1][safepoint    ] Total time for which application threads were stopped: 0.0000931 seconds, Stopping threads took: 0.0000267 seconds
[2019-12-08T11:36:25.391+0000][1][safepoint    ] Application time: 1.0000811 seconds
[2019-12-08T11:36:25.391+0000][1][safepoint    ] Entering safepoint region: Cleanup
[2019-12-08T11:36:25.391+0000][1][safepoint    ] Leaving safepoint region
[2019-12-08T11:36:25.391+0000][1][safepoint    ] Total time for which application threads were stopped: 0.0000939 seconds, Stopping threads took: 0.0000198 seconds
[2019-12-08T11:36:26.392+0000][1][safepoint    ] Application time: 1.0000835 seconds
[2019-12-08T11:36:26.392+0000][1][safepoint    ] Entering safepoint region: Cleanup
[2019-12-08T11:36:26.392+0000][1][safepoint    ] Leaving safepoint region
[2019-12-08T11:36:26.392+0000][1][safepoint    ] Total time for which application threads were stopped: 0.0000851 seconds, Stopping threads took: 0.0000188 seconds
[2019-12-08T11:36:27.392+0000][1][safepoint    ] Application time: 1.0000787 seconds
[2019-12-08T11:36:27.392+0000][1][safepoint    ] Entering safepoint region: Cleanup
[2019-12-08T11:36:27.392+0000][1][safepoint    ] Leaving safepoint region
[2019-12-08T11:36:27.392+0000][1][safepoint    ] Total time for which application threads were stopped: 0.0000816 seconds, Stopping threads took: 0.0000185 seconds
[2019-12-08T11:36:28.392+0000][1][safepoint    ] Application time: 1.0000328 seconds
[2019-12-08T11:36:28.392+0000][1][safepoint    ] Entering safepoint region: Cleanup
[2019-12-08T11:36:28.392+0000][1][safepoint    ] Leaving safepoint region
[2019-12-08T11:36:28.392+0000][1][safepoint    ] Total time for which application threads were stopped: 0.0000831 seconds, Stopping threads took: 0.0000175 seconds
[2019-12-08T11:36:29.392+0000][1][safepoint    ] Application time: 1.0000784 seconds
[2019-12-08T11:36:29.392+0000][1][safepoint    ] Entering safepoint region: Cleanup
[2019-12-08T11:36:29.392+0000][1][safepoint    ] Leaving safepoint region
[2019-12-08T11:36:29.392+0000][1][safepoint    ] Total time for which application threads were stopped: 0.0000964 seconds, Stopping threads took: 0.0000253 seconds
[2019-12-08T11:36:30.392+0000][1][safepoint    ] Application time: 1.0000812 seconds
[2019-12-08T11:36:30.392+0000][1][safepoint    ] Entering safepoint region: Cleanup
[2019-12-08T11:36:30.392+0000][1][safepoint    ] Leaving safepoint region
[2019-12-08T11:36:30.392+0000][1][safepoint    ] Total time for which application threads were stopped: 0.0000814 seconds, Stopping threads took: 0.0000166 seconds
[2019-12-08T11:36:31.392+0000][1][safepoint    ] Application time: 1.0000756 seconds
[2019-12-08T11:36:31.393+0000][1][safepoint    ] Entering safepoint region: Cleanup
[2019-12-08T11:36:31.393+0000][1][safepoint    ] Leaving safepoint region
[2019-12-08T11:36:31.393+0000][1][safepoint    ] Total time for which application threads were stopped: 0.0000940 seconds, Stopping threads took: 0.0000180 seconds
[2019-12-08T11:36:32.393+0000][1][safepoint    ] Application time: 1.0000838 seconds
[2019-12-08T11:36:32.393+0000][1][safepoint    ] Entering safepoint region: Cleanup
[2019-12-08T11:36:32.393+0000][1][safepoint    ] Leaving safepoint region
[2019-12-08T11:36:32.393+0000][1][safepoint    ] Total time for which application threads were stopped: 0.0000841 seconds, Stopping threads took: 0.0000190 seconds
[2019-12-08T11:36:33.393+0000][1][safepoint    ] Application time: 1.0000798 seconds
[2019-12-08T11:36:33.393+0000][1][safepoint    ] Entering safepoint region: Cleanup
[2019-12-08T11:36:33.393+0000][1][safepoint    ] Leaving safepoint region
[2019-12-08T11:36:33.393+0000][1][safepoint    ] Total time for which application threads were stopped: 0.0000894 seconds, Stopping threads took: 0.0000184 seconds
[2019-12-08T11:36:34.393+0000][1][safepoint    ] Application time: 1.0000752 seconds
[2019-12-08T11:36:34.393+0000][1][safepoint    ] Entering safepoint region: Cleanup
[2019-12-08T11:36:34.393+0000][1][safepoint    ] Leaving safepoint region
[2019-12-08T11:36:34.393+0000][1][safepoint    ] Total time for which application threads were stopped: 0.0000846 seconds, Stopping threads took: 0.0000223 seconds
[2019-12-08T11:36:35.393+0000][1][safepoint    ] Application time: 1.0000821 seconds
[2019-12-08T11:36:35.393+0000][1][safepoint    ] Entering safepoint region: Cleanup
[2019-12-08T11:36:35.393+0000][1][safepoint    ] Leaving safepoint region
[2019-12-08T11:36:35.393+0000][1][safepoint    ] Total time for which application threads were stopped: 0.0000802 seconds, Stopping threads took: 0.0000168 seconds
[2019-12-08T11:36:36.394+0000][1][safepoint    ] Application time: 1.0000750 seconds
[2019-12-08T11:36:36.394+0000][1][safepoint    ] Entering safepoint region: Cleanup
[2019-12-08T11:36:36.394+0000][1][safepoint    ] Leaving safepoint region
[2019-12-08T11:36:36.394+0000][1][safepoint    ] Total time for which application threads were stopped: 0.0000807 seconds, Stopping threads took: 0.0000176 seconds
[2019-12-08T11:36:37.394+0000][1][safepoint    ] Application time: 1.0000594 seconds
[2019-12-08T11:36:37.394+0000][1][safepoint    ] Entering safepoint region: Cleanup
[2019-12-08T11:36:37.394+0000][1][safepoint    ] Leaving safepoint region
[2019-12-08T11:36:37.394+0000][1][safepoint    ] Total time for which application threads were stopped: 0.0000832 seconds, Stopping threads took: 0.0000171 seconds
[2019-12-08T11:36:38.394+0000][1][safepoint    ] Application time: 1.0000808 seconds
[2019-12-08T11:36:38.394+0000][1][safepoint    ] Entering safepoint region: Cleanup
[2019-12-08T11:36:38.394+0000][1][safepoint    ] Leaving safepoint region
[2019-12-08T11:36:38.394+0000][1][safepoint    ] Total time for which application threads were stopped: 0.0000842 seconds, Stopping threads took: 0.0000175 seconds
[2019-12-08T11:36:39.394+0000][1][safepoint    ] Application time: 1.0000761 seconds
[2019-12-08T11:36:39.394+0000][1][safepoint    ] Entering safepoint region: Cleanup
[2019-12-08T11:36:39.394+0000][1][safepoint    ] Leaving safepoint region
[2019-12-08T11:36:39.394+0000][1][safepoint    ] Total time for which application threads were stopped: 0.0000867 seconds, Stopping threads took: 0.0000210 seconds
[2019-12-08T11:36:40.394+0000][1][safepoint    ] Application time: 1.0000814 seconds
[2019-12-08T11:36:40.394+0000][1][safepoint    ] Entering safepoint region: Cleanup
[2019-12-08T11:36:40.394+0000][1][safepoint    ] Leaving safepoint region
[2019-12-08T11:36:40.394+0000][1][safepoint    ] Total time for which application threads were stopped: 0.0000842 seconds, Stopping threads took: 0.0000182 seconds
[2019-12-08T11:36:41.395+0000][1][safepoint    ] Application time: 1.0000826 seconds
[2019-12-08T11:36:41.395+0000][1][safepoint    ] Entering safepoint region: Cleanup
[2019-12-08T11:36:41.395+0000][1][safepoint    ] Leaving safepoint region
[2019-12-08T11:36:41.395+0000][1][safepoint    ] Total time for which application threads were stopped: 0.0000864 seconds, Stopping threads took: 0.0000186 seconds
[2019-12-08T11:36:42.395+0000][1][safepoint    ] Application time: 1.0004733 seconds
[2019-12-08T11:36:42.395+0000][1][safepoint    ] Entering safepoint region: Cleanup
[2019-12-08T11:36:42.395+0000][1][safepoint    ] Leaving safepoint region
[2019-12-08T11:36:42.395+0000][1][safepoint    ] Total time for which application threads were stopped: 0.0001068 seconds, Stopping threads took: 0.0000188 seconds
[2019-12-08T11:36:43.395+0000][1][safepoint    ] Application time: 1.0000918 seconds
[2019-12-08T11:36:43.395+0000][1][safepoint    ] Entering safepoint region: Cleanup
[2019-12-08T11:36:43.396+0000][1][safepoint    ] Leaving safepoint region
[2019-12-08T11:36:43.396+0000][1][safepoint    ] Total time for which application threads were stopped: 0.0001673 seconds, Stopping threads took: 0.0000494 seconds
[2019-12-08T11:36:44.396+0000][1][safepoint    ] Application time: 1.0000847 seconds
[2019-12-08T11:36:44.396+0000][1][safepoint    ] Entering safepoint region: Cleanup
[2019-12-08T11:36:44.396+0000][1][safepoint    ] Leaving safepoint region
[2019-12-08T11:36:44.396+0000][1][safepoint    ] Total time for which application threads were stopped: 0.0000924 seconds, Stopping threads took: 0.0000220 seconds
[2019-12-08T11:36:45.396+0000][1][safepoint    ] Application time: 1.0000774 seconds
[2019-12-08T11:36:45.396+0000][1][safepoint    ] Entering safepoint region: Cleanup
[2019-12-08T11:36:45.396+0000][1][safepoint    ] Leaving safepoint region
[2019-12-08T11:36:45.396+0000][1][safepoint    ] Total time for which application threads were stopped: 0.0000961 seconds, Stopping threads took: 0.0000196 seconds
[2019-12-08T11:36:46.396+0000][1][safepoint    ] Application time: 1.0000776 seconds
[2019-12-08T11:36:46.396+0000][1][safepoint    ] Entering safepoint region: Cleanup
[2019-12-08T11:36:46.396+0000][1][safepoint    ] Leaving safepoint region
[2019-12-08T11:36:46.396+0000][1][safepoint    ] Total time for which application threads were stopped: 0.0000920 seconds, Stopping threads took: 0.0000213 seconds
[2019-12-08T11:36:47.396+0000][1][safepoint    ] Application time: 1.0000795 seconds
[2019-12-08T11:36:47.396+0000][1][safepoint    ] Entering safepoint region: Cleanup
[2019-12-08T11:36:47.396+0000][1][safepoint    ] Leaving safepoint region
[2019-12-08T11:36:47.396+0000][1][safepoint    ] Total time for which application threads were stopped: 0.0000926 seconds, Stopping threads took: 0.0000205 seconds
[2019-12-08T11:36:48.397+0000][1][safepoint    ] Application time: 1.0000768 seconds
[2019-12-08T11:36:48.397+0000][1][safepoint    ] Entering safepoint region: Cleanup
[2019-12-08T11:36:48.397+0000][1][safepoint    ] Leaving safepoint region
[2019-12-08T11:36:48.397+0000][1][safepoint    ] Total time for which application threads were stopped: 0.0000834 seconds, Stopping threads took: 0.0000190 seconds
[2019-12-08T11:36:49.397+0000][1][safepoint    ] Application time: 1.0000762 seconds
[2019-12-08T11:36:49.397+0000][1][safepoint    ] Entering safepoint region: Cleanup
[2019-12-08T11:36:49.397+0000][1][safepoint    ] Leaving safepoint region
[2019-12-08T11:36:49.397+0000][1][safepoint    ] Total time for which application threads were stopped: 0.0000941 seconds, Stopping threads took: 0.0000289 seconds
[2019-12-08T11:36:50.397+0000][1][safepoint    ] Application time: 1.0000747 seconds
[2019-12-08T11:36:50.397+0000][1][safepoint    ] Entering safepoint region: Cleanup
[2019-12-08T11:36:50.397+0000][1][safepoint    ] Leaving safepoint region
[2019-12-08T11:36:50.397+0000][1][safepoint    ] Total time for which application threads were stopped: 0.0000823 seconds, Stopping threads took: 0.0000176 seconds
[2019-12-08T11:36:51.397+0000][1][safepoint    ] Application time: 1.0000784 seconds
[2019-12-08T11:36:51.397+0000][1][safepoint    ] Entering safepoint region: Cleanup
[2019-12-08T11:36:51.397+0000][1][safepoint    ] Leaving safepoint region
[2019-12-08T11:36:51.397+0000][1][safepoint    ] Total time for which application threads were stopped: 0.0000868 seconds, Stopping threads took: 0.0000199 seconds
[2019-12-08T11:36:52.397+0000][1][safepoint    ] Application time: 1.0000853 seconds
[2019-12-08T11:36:52.397+0000][1][safepoint    ] Entering safepoint region: Cleanup
[2019-12-08T11:36:52.397+0000][1][safepoint    ] Leaving safepoint region
[2019-12-08T11:36:52.397+0000][1][safepoint    ] Total time for which application threads were stopped: 0.0001035 seconds, Stopping threads took: 0.0000282 seconds
[2019-12-08T11:36:53.398+0000][1][safepoint    ] Application time: 1.0000832 seconds
[2019-12-08T11:36:53.398+0000][1][safepoint    ] Entering safepoint region: Cleanup
[2019-12-08T11:36:53.398+0000][1][safepoint    ] Leaving safepoint region
[2019-12-08T11:36:53.398+0000][1][safepoint    ] Total time for which application threads were stopped: 0.0001295 seconds, Stopping threads took: 0.0000252 seconds
[2019-12-08T11:36:54.398+0000][1][safepoint    ] Application time: 1.0000839 seconds
[2019-12-08T11:36:54.398+0000][1][safepoint    ] Entering safepoint region: Cleanup
[2019-12-08T11:36:54.398+0000][1][safepoint    ] Leaving safepoint region
[2019-12-08T11:36:54.398+0000][1][safepoint    ] Total time for which application threads were stopped: 0.0000899 seconds, Stopping threads took: 0.0000211 seconds
[2019-12-08T11:36:55.398+0000][1][safepoint    ] Application time: 1.0000763 seconds
[2019-12-08T11:36:55.398+0000][1][safepoint    ] Entering safepoint region: Cleanup
[2019-12-08T11:36:55.398+0000][1][safepoint    ] Leaving safepoint region
[2019-12-08T11:36:55.398+0000][1][safepoint    ] Total time for which application threads were stopped: 0.0000954 seconds, Stopping threads took: 0.0000270 seconds
[2019-12-08T11:36:56.398+0000][1][safepoint    ] Application time: 1.0000752 seconds
[2019-12-08T11:36:56.398+0000][1][safepoint    ] Entering safepoint region: Cleanup
[2019-12-08T11:36:56.398+0000][1][safepoint    ] Leaving safepoint region
[2019-12-08T11:36:56.398+0000][1][safepoint    ] Total time for which application threads were stopped: 0.0000931 seconds, Stopping threads took: 0.0000212 seconds
[2019-12-08T11:36:57.398+0000][1][safepoint    ] Application time: 1.0000772 seconds
[2019-12-08T11:36:57.399+0000][1][safepoint    ] Entering safepoint region: Cleanup
[2019-12-08T11:36:57.399+0000][1][safepoint    ] Leaving safepoint region
[2019-12-08T11:36:57.399+0000][1][safepoint    ] Total time for which application threads were stopped: 0.0000829 seconds, Stopping threads took: 0.0000189 seconds
[2019-12-08T11:36:58.399+0000][1][safepoint    ] Application time: 1.0000870 seconds
[2019-12-08T11:36:58.399+0000][1][safepoint    ] Entering safepoint region: Cleanup
[2019-12-08T11:36:58.399+0000][1][safepoint    ] Leaving safepoint region
[2019-12-08T11:36:58.399+0000][1][safepoint    ] Total time for which application threads were stopped: 0.0000860 seconds, Stopping threads took: 0.0000217 seconds
[2019-12-08T11:36:59.399+0000][1][safepoint    ] Application time: 1.0000771 seconds
[2019-12-08T11:36:59.399+0000][1][safepoint    ] Entering safepoint region: Cleanup
[2019-12-08T11:36:59.399+0000][1][safepoint    ] Leaving safepoint region
[2019-12-08T11:36:59.399+0000][1][safepoint    ] Total time for which application threads were stopped: 0.0000930 seconds, Stopping threads took: 0.0000197 seconds
[2019-12-08T11:37:00.399+0000][1][safepoint    ] Application time: 1.0000859 seconds
[2019-12-08T11:37:00.399+0000][1][safepoint    ] Entering safepoint region: Cleanup
[2019-12-08T11:37:00.399+0000][1][safepoint    ] Leaving safepoint region
[2019-12-08T11:37:00.399+0000][1][safepoint    ] Total time for which application threads were stopped: 0.0001181 seconds, Stopping threads took: 0.0000266 seconds
[2019-12-08T11:37:01.399+0000][1][safepoint    ] Application time: 1.0000838 seconds
[2019-12-08T11:37:01.399+0000][1][safepoint    ] Entering safepoint region: Cleanup
[2019-12-08T11:37:01.399+0000][1][safepoint    ] Leaving safepoint region
[2019-12-08T11:37:01.399+0000][1][safepoint    ] Total time for which application threads were stopped: 0.0000870 seconds, Stopping threads took: 0.0000214 seconds
[2019-12-08T11:37:02.400+0000][1][safepoint    ] Application time: 1.0000941 seconds
[2019-12-08T11:37:02.400+0000][1][safepoint    ] Entering safepoint region: Cleanup
[2019-12-08T11:37:02.400+0000][1][safepoint    ] Leaving safepoint region
[2019-12-08T11:37:02.400+0000][1][safepoint    ] Total time for which application threads were stopped: 0.0001115 seconds, Stopping threads took: 0.0000212 seconds
[2019-12-08T11:37:03.400+0000][1][safepoint    ] Application time: 1.0000902 seconds
[2019-12-08T11:37:03.400+0000][1][safepoint    ] Entering safepoint region: Cleanup
[2019-12-08T11:37:03.400+0000][1][safepoint    ] Leaving safepoint region
[2019-12-08T11:37:03.400+0000][1][safepoint    ] Total time for which application threads were stopped: 0.0000809 seconds, Stopping threads took: 0.0000184 seconds
[2019-12-08T11:37:04.400+0000][1][safepoint    ] Application time: 1.0000788 seconds
[2019-12-08T11:37:04.400+0000][1][safepoint    ] Entering safepoint region: Cleanup
[2019-12-08T11:37:04.400+0000][1][safepoint    ] Leaving safepoint region
[2019-12-08T11:37:04.400+0000][1][safepoint    ] Total time for which application threads were stopped: 0.0000900 seconds, Stopping threads took: 0.0000192 seconds
[2019-12-08T11:37:05.400+0000][1][safepoint    ] Application time: 1.0000920 seconds
[2019-12-08T11:37:05.400+0000][1][safepoint    ] Entering safepoint region: Cleanup
[2019-12-08T11:37:05.400+0000][1][safepoint    ] Leaving safepoint region
[2019-12-08T11:37:05.400+0000][1][safepoint    ] Total time for which application threads were stopped: 0.0000861 seconds, Stopping threads took: 0.0000192 seconds
[2019-12-08T11:37:06.400+0000][1][safepoint    ] Application time: 1.0000858 seconds
[2019-12-08T11:37:06.401+0000][1][safepoint    ] Entering safepoint region: Cleanup
[2019-12-08T11:37:06.401+0000][1][safepoint    ] Leaving safepoint region
[2019-12-08T11:37:06.401+0000][1][safepoint    ] Total time for which application threads were stopped: 0.0000861 seconds, Stopping threads took: 0.0000208 seconds
[2019-12-08T11:37:07.401+0000][1][safepoint    ] Application time: 1.0000875 seconds
[2019-12-08T11:37:07.401+0000][1][safepoint    ] Entering safepoint region: Cleanup
[2019-12-08T11:37:07.401+0000][1][safepoint    ] Leaving safepoint region
[2019-12-08T11:37:07.401+0000][1][safepoint    ] Total time for which application threads were stopped: 0.0000917 seconds, Stopping threads took: 0.0000204 seconds
[2019-12-08T11:37:08.401+0000][1][safepoint    ] Application time: 1.0000798 seconds
[2019-12-08T11:37:08.401+0000][1][safepoint    ] Entering safepoint region: Cleanup
[2019-12-08T11:37:08.401+0000][1][safepoint    ] Leaving safepoint region
[2019-12-08T11:37:08.401+0000][1][safepoint    ] Total time for which application threads were stopped: 0.0000921 seconds, Stopping threads took: 0.0000216 seconds
[2019-12-08T11:37:09.401+0000][1][safepoint    ] Application time: 1.0000776 seconds
[2019-12-08T11:37:09.401+0000][1][safepoint    ] Entering safepoint region: Cleanup
[2019-12-08T11:37:09.401+0000][1][safepoint    ] Leaving safepoint region
[2019-12-08T11:37:09.401+0000][1][safepoint    ] Total time for which application threads were stopped: 0.0000946 seconds, Stopping threads took: 0.0000213 seconds
[2019-12-08T11:37:10.401+0000][1][safepoint    ] Application time: 1.0000819 seconds
[2019-12-08T11:37:10.401+0000][1][safepoint    ] Entering safepoint region: Cleanup
[2019-12-08T11:37:10.401+0000][1][safepoint    ] Leaving safepoint region
[2019-12-08T11:37:10.401+0000][1][safepoint    ] Total time for which application threads were stopped: 0.0000842 seconds, Stopping threads took: 0.0000170 seconds
[2019-12-08T11:37:11.402+0000][1][safepoint    ] Application time: 1.0000772 seconds
[2019-12-08T11:37:11.402+0000][1][safepoint    ] Entering safepoint region: Cleanup
[2019-12-08T11:37:11.402+0000][1][safepoint    ] Leaving safepoint region
[2019-12-08T11:37:11.402+0000][1][safepoint    ] Total time for which application threads were stopped: 0.0000961 seconds, Stopping threads took: 0.0000192 seconds
[2019-12-08T11:37:12.402+0000][1][safepoint    ] Application time: 1.0000777 seconds
[2019-12-08T11:37:12.402+0000][1][safepoint    ] Entering safepoint region: Cleanup
[2019-12-08T11:37:12.402+0000][1][safepoint    ] Leaving safepoint region
[2019-12-08T11:37:12.402+0000][1][safepoint    ] Total time for which application threads were stopped: 0.0001030 seconds, Stopping threads took: 0.0000206 seconds
[2019-12-08T11:37:13.402+0000][1][safepoint    ] Application time: 1.0000757 seconds
[2019-12-08T11:37:13.402+0000][1][safepoint    ] Entering safepoint region: Cleanup
[2019-12-08T11:37:13.402+0000][1][safepoint    ] Leaving safepoint region
[2019-12-08T11:37:13.402+0000][1][safepoint    ] Total time for which application threads were stopped: 0.0000855 seconds, Stopping threads took: 0.0000186 seconds
[2019-12-08T11:37:14.402+0000][1][safepoint    ] Application time: 1.0000746 seconds
[2019-12-08T11:37:14.402+0000][1][safepoint    ] Entering safepoint region: Cleanup
[2019-12-08T11:37:14.402+0000][1][safepoint    ] Leaving safepoint region
[2019-12-08T11:37:14.402+0000][1][safepoint    ] Total time for which application threads were stopped: 0.0000873 seconds, Stopping threads took: 0.0000174 seconds
[2019-12-08T11:37:15.402+0000][1][safepoint    ] Application time: 1.0000760 seconds
[2019-12-08T11:37:15.402+0000][1][safepoint    ] Entering safepoint region: Cleanup
[2019-12-08T11:37:15.403+0000][1][safepoint    ] Leaving safepoint region
[2019-12-08T11:37:15.403+0000][1][safepoint    ] Total time for which application threads were stopped: 0.0000908 seconds, Stopping threads took: 0.0000191 seconds
[2019-12-08T11:37:16.403+0000][1][safepoint    ] Application time: 1.0000922 seconds
[2019-12-08T11:37:16.403+0000][1][safepoint    ] Entering safepoint region: Cleanup
[2019-12-08T11:37:16.403+0000][1][safepoint    ] Leaving safepoint region
[2019-12-08T11:37:16.403+0000][1][safepoint    ] Total time for which application threads were stopped: 0.0001168 seconds, Stopping threads took: 0.0000375 seconds
[2019-12-08T11:37:17.403+0000][1][safepoint    ] Application time: 1.0000823 seconds
[2019-12-08T11:37:17.403+0000][1][safepoint    ] Entering safepoint region: Cleanup
[2019-12-08T11:37:17.403+0000][1][safepoint    ] Leaving safepoint region
[2019-12-08T11:37:17.403+0000][1][safepoint    ] Total time for which application threads were stopped: 0.0000820 seconds, Stopping threads took: 0.0000182 seconds
[2019-12-08T11:37:18.403+0000][1][safepoint    ] Application time: 1.0000794 seconds
[2019-12-08T11:37:18.403+0000][1][safepoint    ] Entering safepoint region: Cleanup
[2019-12-08T11:37:18.403+0000][1][safepoint    ] Leaving safepoint region
[2019-12-08T11:37:18.403+0000][1][safepoint    ] Total time for which application threads were stopped: 0.0000907 seconds, Stopping threads took: 0.0000190 seconds
[2019-12-08T11:37:19.403+0000][1][safepoint    ] Application time: 1.0000790 seconds
[2019-12-08T11:37:19.403+0000][1][safepoint    ] Entering safepoint region: Cleanup
[2019-12-08T11:37:19.403+0000][1][safepoint    ] Leaving safepoint region
[2019-12-08T11:37:19.403+0000][1][safepoint    ] Total time for which application threads were stopped: 0.0000850 seconds, Stopping threads took: 0.0000216 seconds
[2019-12-08T11:37:20.403+0000][1][safepoint    ] Application time: 1.0000827 seconds
[2019-12-08T11:37:20.404+0000][1][safepoint    ] Entering safepoint region: Cleanup
[2019-12-08T11:37:20.404+0000][1][safepoint    ] Leaving safepoint region
[2019-12-08T11:37:20.404+0000][1][safepoint    ] Total time for which application threads were stopped: 0.0000816 seconds, Stopping threads took: 0.0000187 seconds
[2019-12-08T11:37:21.404+0000][1][safepoint    ] Application time: 1.0000847 seconds
[2019-12-08T11:37:21.404+0000][1][safepoint    ] Entering safepoint region: Cleanup
[2019-12-08T11:37:21.404+0000][1][safepoint    ] Leaving safepoint region
[2019-12-08T11:37:21.404+0000][1][safepoint    ] Total time for which application threads were stopped: 0.0001146 seconds, Stopping threads took: 0.0000248 seconds
[2019-12-08T11:37:22.404+0000][1][safepoint    ] Application time: 1.0000908 seconds
[2019-12-08T11:37:22.404+0000][1][safepoint    ] Entering safepoint region: Cleanup
[2019-12-08T11:37:22.404+0000][1][safepoint    ] Leaving safepoint region
[2019-12-08T11:37:22.404+0000][1][safepoint    ] Total time for which application threads were stopped: 0.0000870 seconds, Stopping threads took: 0.0000201 seconds
[2019-12-08T11:37:23.404+0000][1][safepoint    ] Application time: 1.0000576 seconds
[2019-12-08T11:37:23.404+0000][1][safepoint    ] Entering safepoint region: Cleanup
[2019-12-08T11:37:23.404+0000][1][safepoint    ] Leaving safepoint region
[2019-12-08T11:37:23.404+0000][1][safepoint    ] Total time for which application threads were stopped: 0.0000945 seconds, Stopping threads took: 0.0000218 seconds
[2019-12-08T11:37:24.404+0000][1][safepoint    ] Application time: 1.0000813 seconds
[2019-12-08T11:37:24.404+0000][1][safepoint    ] Entering safepoint region: Cleanup
[2019-12-08T11:37:24.404+0000][1][safepoint    ] Leaving safepoint region
[2019-12-08T11:37:24.404+0000][1][safepoint    ] Total time for which application threads were stopped: 0.0000925 seconds, Stopping threads took: 0.0000201 seconds
[2019-12-08T11:37:25.405+0000][1][safepoint    ] Application time: 1.0000802 seconds
[2019-12-08T11:37:25.405+0000][1][safepoint    ] Entering safepoint region: Cleanup
[2019-12-08T11:37:25.405+0000][1][safepoint    ] Leaving safepoint region
[2019-12-08T11:37:25.405+0000][1][safepoint    ] Total time for which application threads were stopped: 0.0000890 seconds, Stopping threads took: 0.0000192 seconds
[2019-12-08T11:37:26.405+0000][1][safepoint    ] Application time: 1.0000932 seconds
[2019-12-08T11:37:26.405+0000][1][safepoint    ] Entering safepoint region: Cleanup
[2019-12-08T11:37:26.405+0000][1][safepoint    ] Leaving safepoint region
[2019-12-08T11:37:26.405+0000][1][safepoint    ] Total time for which application threads were stopped: 0.0000888 seconds, Stopping threads took: 0.0000199 seconds
[2019-12-08T11:37:27.405+0000][1][safepoint    ] Application time: 1.0000817 seconds
[2019-12-08T11:37:27.405+0000][1][safepoint    ] Entering safepoint region: Cleanup
[2019-12-08T11:37:27.405+0000][1][safepoint    ] Leaving safepoint region
[2019-12-08T11:37:27.405+0000][1][safepoint    ] Total time for which application threads were stopped: 0.0000801 seconds, Stopping threads took: 0.0000172 seconds
[2019-12-08T11:37:28.405+0000][1][safepoint    ] Application time: 1.0000816 seconds
[2019-12-08T11:37:28.405+0000][1][safepoint    ] Entering safepoint region: Cleanup
[2019-12-08T11:37:28.405+0000][1][safepoint    ] Leaving safepoint region
[2019-12-08T11:37:28.405+0000][1][safepoint    ] Total time for which application threads were stopped: 0.0000854 seconds, Stopping threads took: 0.0000185 seconds
[2019-12-08T11:37:29.405+0000][1][safepoint    ] Application time: 1.0000778 seconds
[2019-12-08T11:37:29.405+0000][1][safepoint    ] Entering safepoint region: Cleanup
[2019-12-08T11:37:29.405+0000][1][safepoint    ] Leaving safepoint region
[2019-12-08T11:37:29.405+0000][1][safepoint    ] Total time for which application threads were stopped: 0.0000903 seconds, Stopping threads took: 0.0000216 seconds
[2019-12-08T11:37:30.406+0000][1][safepoint    ] Application time: 1.0000765 seconds
[2019-12-08T11:37:30.406+0000][1][safepoint    ] Entering safepoint region: Cleanup
[2019-12-08T11:37:30.406+0000][1][safepoint    ] Leaving safepoint region
[2019-12-08T11:37:30.406+0000][1][safepoint    ] Total time for which application threads were stopped: 0.0001004 seconds, Stopping threads took: 0.0000201 seconds
[2019-12-08T11:37:30.424+0000][1][safepoint    ] Application time: 0.0187506 seconds
[2019-12-08T11:37:30.425+0000][1][safepoint    ] Entering safepoint region: GenCollectForAllocation
[2019-12-08T11:37:30.425+0000][1][gc,start     ] GC(26) Pause Young (Allocation Failure)
[2019-12-08T11:37:30.425+0000][1][gc,task      ] GC(26) Using 4 workers of 4 for evacuation
[2019-12-08T11:37:30.428+0000][1][gc,age       ] GC(26) Desired survivor size 4456448 bytes, new threshold 6 (max threshold 6)
[2019-12-08T11:37:30.428+0000][1][gc,age       ] GC(26) Age table with threshold 6 (max threshold 6)
[2019-12-08T11:37:30.428+0000][1][gc,age       ] GC(26) - age   1:      10688 bytes,      10688 total
[2019-12-08T11:37:30.428+0000][1][gc,age       ] GC(26) - age   2:      41096 bytes,      51784 total
[2019-12-08T11:37:30.428+0000][1][gc,age       ] GC(26) - age   3:      16392 bytes,      68176 total
[2019-12-08T11:37:30.428+0000][1][gc,age       ] GC(26) - age   4:    2140088 bytes,    2208264 total
[2019-12-08T11:37:30.428+0000][1][gc,heap      ] GC(26) ParNew: 72962K->2643K(78656K)
[2019-12-08T11:37:30.428+0000][1][gc,heap      ] GC(26) CMS: 68796K->68796K(174784K)
[2019-12-08T11:37:30.428+0000][1][gc,metaspace ] GC(26) Metaspace: 69667K->69667K(1114112K)
[2019-12-08T11:37:30.428+0000][1][gc           ] GC(26) Pause Young (Allocation Failure) 138M->69M(247M) 3.163ms
[2019-12-08T11:37:30.428+0000][1][gc,cpu       ] GC(26) User=0.01s Sys=0.00s Real=0.00s
[2019-12-08T11:37:30.428+0000][1][safepoint    ] Leaving safepoint region
[2019-12-08T11:37:30.428+0000][1][safepoint    ] Total time for which application threads were stopped: 0.0033150 seconds, Stopping threads took: 0.0000274 seconds
[2019-12-08T11:37:31.428+0000][1][safepoint    ] Application time: 1.0001023 seconds
[2019-12-08T11:37:31.428+0000][1][safepoint    ] Entering safepoint region: Cleanup
[2019-12-08T11:37:31.428+0000][1][safepoint    ] Leaving safepoint region
[2019-12-08T11:37:31.428+0000][1][safepoint    ] Total time for which application threads were stopped: 0.0000931 seconds, Stopping threads took: 0.0000213 seconds
[2019-12-08T11:37:32.428+0000][1][safepoint    ] Application time: 1.0000809 seconds
[2019-12-08T11:37:32.428+0000][1][safepoint    ] Entering safepoint region: Cleanup
[2019-12-08T11:37:32.428+0000][1][safepoint    ] Leaving safepoint region
[2019-12-08T11:37:32.428+0000][1][safepoint    ] Total time for which application threads were stopped: 0.0000896 seconds, Stopping threads took: 0.0000205 seconds
[2019-12-08T11:37:33.428+0000][1][safepoint    ] Application time: 1.0000833 seconds
[2019-12-08T11:37:33.428+0000][1][safepoint    ] Entering safepoint region: Cleanup
[2019-12-08T11:37:33.428+0000][1][safepoint    ] Leaving safepoint region
[2019-12-08T11:37:33.428+0000][1][safepoint    ] Total time for which application threads were stopped: 0.0000833 seconds, Stopping threads took: 0.0000184 seconds
[2019-12-08T11:37:34.429+0000][1][safepoint    ] Application time: 1.0000779 seconds
[2019-12-08T11:37:34.429+0000][1][safepoint    ] Entering safepoint region: Cleanup
[2019-12-08T11:37:34.429+0000][1][safepoint    ] Leaving safepoint region
[2019-12-08T11:37:34.429+0000][1][safepoint    ] Total time for which application threads were stopped: 0.0000864 seconds, Stopping threads took: 0.0000185 seconds
[2019-12-08T11:37:35.429+0000][1][safepoint    ] Application time: 1.0000835 seconds
[2019-12-08T11:37:35.429+0000][1][safepoint    ] Entering safepoint region: Cleanup
[2019-12-08T11:37:35.429+0000][1][safepoint    ] Leaving safepoint region
[2019-12-08T11:37:35.429+0000][1][safepoint    ] Total time for which application threads were stopped: 0.0000954 seconds, Stopping threads took: 0.0000196 seconds
[2019-12-08T11:37:36.429+0000][1][safepoint    ] Application time: 1.0000826 seconds
[2019-12-08T11:37:36.429+0000][1][safepoint    ] Entering safepoint region: Cleanup
[2019-12-08T11:37:36.429+0000][1][safepoint    ] Leaving safepoint region
[2019-12-08T11:37:36.429+0000][1][safepoint    ] Total time for which application threads were stopped: 0.0000933 seconds, Stopping threads took: 0.0000205 seconds
[2019-12-08T11:37:37.429+0000][1][safepoint    ] Application time: 1.0000859 seconds
[2019-12-08T11:37:37.429+0000][1][safepoint    ] Entering safepoint region: Cleanup
[2019-12-08T11:37:37.429+0000][1][safepoint    ] Leaving safepoint region
[2019-12-08T11:37:37.429+0000][1][safepoint    ] Total time for which application threads were stopped: 0.0000840 seconds, Stopping threads took: 0.0000189 seconds
[2019-12-08T11:37:38.429+0000][1][safepoint    ] Application time: 1.0000771 seconds
[2019-12-08T11:37:38.429+0000][1][safepoint    ] Entering safepoint region: Cleanup
[2019-12-08T11:37:38.430+0000][1][safepoint    ] Leaving safepoint region
[2019-12-08T11:37:38.430+0000][1][safepoint    ] Total time for which application threads were stopped: 0.0000891 seconds, Stopping threads took: 0.0000208 seconds
[2019-12-08T11:37:39.430+0000][1][safepoint    ] Application time: 1.0000884 seconds
[2019-12-08T11:37:39.430+0000][1][safepoint    ] Entering safepoint region: Cleanup
[2019-12-08T11:37:39.430+0000][1][safepoint    ] Leaving safepoint region
[2019-12-08T11:37:39.430+0000][1][safepoint    ] Total time for which application threads were stopped: 0.0001000 seconds, Stopping threads took: 0.0000192 seconds
[2019-12-08T11:37:40.430+0000][1][safepoint    ] Application time: 1.0000803 seconds
[2019-12-08T11:37:40.430+0000][1][safepoint    ] Entering safepoint region: Cleanup
[2019-12-08T11:37:40.430+0000][1][safepoint    ] Leaving safepoint region
[2019-12-08T11:37:40.430+0000][1][safepoint    ] Total time for which application threads were stopped: 0.0000862 seconds, Stopping threads took: 0.0000201 seconds
[2019-12-08T11:37:41.430+0000][1][safepoint    ] Application time: 1.0000798 seconds
[2019-12-08T11:37:41.430+0000][1][safepoint    ] Entering safepoint region: Cleanup
[2019-12-08T11:37:41.430+0000][1][safepoint    ] Leaving safepoint region
[2019-12-08T11:37:41.430+0000][1][safepoint    ] Total time for which application threads were stopped: 0.0000893 seconds, Stopping threads took: 0.0000198 seconds
[2019-12-08T11:37:42.430+0000][1][safepoint    ] Application time: 1.0000786 seconds
[2019-12-08T11:37:42.430+0000][1][safepoint    ] Entering safepoint region: Cleanup
[2019-12-08T11:37:42.430+0000][1][safepoint    ] Leaving safepoint region
[2019-12-08T11:37:42.430+0000][1][safepoint    ] Total time for which application threads were stopped: 0.0000831 seconds, Stopping threads took: 0.0000189 seconds
[2019-12-08T11:37:43.430+0000][1][safepoint    ] Application time: 1.0000802 seconds
[2019-12-08T11:37:43.431+0000][1][safepoint    ] Entering safepoint region: Cleanup
[2019-12-08T11:37:43.431+0000][1][safepoint    ] Leaving safepoint region
[2019-12-08T11:37:43.431+0000][1][safepoint    ] Total time for which application threads were stopped: 0.0000911 seconds, Stopping threads took: 0.0000217 seconds
[2019-12-08T11:37:44.431+0000][1][safepoint    ] Application time: 1.0000853 seconds
[2019-12-08T11:37:44.431+0000][1][safepoint    ] Entering safepoint region: Cleanup
[2019-12-08T11:37:44.431+0000][1][safepoint    ] Leaving safepoint region
[2019-12-08T11:37:44.431+0000][1][safepoint    ] Total time for which application threads were stopped: 0.0000874 seconds, Stopping threads took: 0.0000201 seconds
[2019-12-08T11:37:45.431+0000][1][safepoint    ] Application time: 1.0000773 seconds
[2019-12-08T11:37:45.431+0000][1][safepoint    ] Entering safepoint region: Cleanup
[2019-12-08T11:37:45.431+0000][1][safepoint    ] Leaving safepoint region
[2019-12-08T11:37:45.431+0000][1][safepoint    ] Total time for which application threads were stopped: 0.0000882 seconds, Stopping threads took: 0.0000194 seconds
[2019-12-08T11:37:46.431+0000][1][safepoint    ] Application time: 1.0000830 seconds
[2019-12-08T11:37:46.431+0000][1][safepoint    ] Entering safepoint region: Cleanup
[2019-12-08T11:37:46.431+0000][1][safepoint    ] Leaving safepoint region
[2019-12-08T11:37:46.431+0000][1][safepoint    ] Total time for which application threads were stopped: 0.0000862 seconds, Stopping threads took: 0.0000202 seconds
[2019-12-08T11:37:47.431+0000][1][safepoint    ] Application time: 1.0000840 seconds
[2019-12-08T11:37:47.431+0000][1][safepoint    ] Entering safepoint region: Cleanup
[2019-12-08T11:37:47.431+0000][1][safepoint    ] Leaving safepoint region
[2019-12-08T11:37:47.431+0000][1][safepoint    ] Total time for which application threads were stopped: 0.0000921 seconds, Stopping threads took: 0.0000224 seconds
[2019-12-08T11:37:48.432+0000][1][safepoint    ] Application time: 1.0000801 seconds
[2019-12-08T11:37:48.432+0000][1][safepoint    ] Entering safepoint region: Cleanup
[2019-12-08T11:37:48.432+0000][1][safepoint    ] Leaving safepoint region
[2019-12-08T11:37:48.432+0000][1][safepoint    ] Total time for which application threads were stopped: 0.0001029 seconds, Stopping threads took: 0.0000202 seconds
[2019-12-08T11:37:49.432+0000][1][safepoint    ] Application time: 1.0000801 seconds
[2019-12-08T11:37:49.432+0000][1][safepoint    ] Entering safepoint region: Cleanup
[2019-12-08T11:37:49.432+0000][1][safepoint    ] Leaving safepoint region
[2019-12-08T11:37:49.432+0000][1][safepoint    ] Total time for which application threads were stopped: 0.0001149 seconds, Stopping threads took: 0.0000222 seconds
[2019-12-08T11:37:50.432+0000][1][safepoint    ] Application time: 1.0000769 seconds
[2019-12-08T11:37:50.432+0000][1][safepoint    ] Entering safepoint region: Cleanup
[2019-12-08T11:37:50.432+0000][1][safepoint    ] Leaving safepoint region
[2019-12-08T11:37:50.432+0000][1][safepoint    ] Total time for which application threads were stopped: 0.0000881 seconds, Stopping threads took: 0.0000192 seconds
[2019-12-08T11:37:51.432+0000][1][safepoint    ] Application time: 1.0000753 seconds
[2019-12-08T11:37:51.432+0000][1][safepoint    ] Entering safepoint region: Cleanup
[2019-12-08T11:37:51.432+0000][1][safepoint    ] Leaving safepoint region
[2019-12-08T11:37:51.432+0000][1][safepoint    ] Total time for which application threads were stopped: 0.0000850 seconds, Stopping threads took: 0.0000194 seconds
[2019-12-08T11:37:52.432+0000][1][safepoint    ] Application time: 1.0000747 seconds
[2019-12-08T11:37:52.433+0000][1][safepoint    ] Entering safepoint region: Cleanup
[2019-12-08T11:37:52.433+0000][1][safepoint    ] Leaving safepoint region
[2019-12-08T11:37:52.433+0000][1][safepoint    ] Total time for which application threads were stopped: 0.0000932 seconds, Stopping threads took: 0.0000268 seconds
[2019-12-08T11:37:53.433+0000][1][safepoint    ] Application time: 1.0000775 seconds
[2019-12-08T11:37:53.433+0000][1][safepoint    ] Entering safepoint region: Cleanup
[2019-12-08T11:37:53.433+0000][1][safepoint    ] Leaving safepoint region
[2019-12-08T11:37:53.433+0000][1][safepoint    ] Total time for which application threads were stopped: 0.0000883 seconds, Stopping threads took: 0.0000201 seconds
[2019-12-08T11:37:54.433+0000][1][safepoint    ] Application time: 1.0000766 seconds
[2019-12-08T11:37:54.433+0000][1][safepoint    ] Entering safepoint region: Cleanup
[2019-12-08T11:37:54.433+0000][1][safepoint    ] Leaving safepoint region
[2019-12-08T11:37:54.433+0000][1][safepoint    ] Total time for which application threads were stopped: 0.0000853 seconds, Stopping threads took: 0.0000187 seconds
[2019-12-08T11:37:55.433+0000][1][safepoint    ] Application time: 1.0000776 seconds
[2019-12-08T11:37:55.433+0000][1][safepoint    ] Entering safepoint region: Cleanup
[2019-12-08T11:37:55.433+0000][1][safepoint    ] Leaving safepoint region
[2019-12-08T11:37:55.433+0000][1][safepoint    ] Total time for which application threads were stopped: 0.0000965 seconds, Stopping threads took: 0.0000285 seconds
[2019-12-08T11:37:56.433+0000][1][safepoint    ] Application time: 1.0000839 seconds
[2019-12-08T11:37:56.433+0000][1][safepoint    ] Entering safepoint region: Cleanup
[2019-12-08T11:37:56.433+0000][1][safepoint    ] Leaving safepoint region
[2019-12-08T11:37:56.433+0000][1][safepoint    ] Total time for which application threads were stopped: 0.0000929 seconds, Stopping threads took: 0.0000211 seconds
[2019-12-08T11:37:57.434+0000][1][safepoint    ] Application time: 1.0000817 seconds
[2019-12-08T11:37:57.434+0000][1][safepoint    ] Entering safepoint region: Cleanup
[2019-12-08T11:37:57.434+0000][1][safepoint    ] Leaving safepoint region
[2019-12-08T11:37:57.434+0000][1][safepoint    ] Total time for which application threads were stopped: 0.0000845 seconds, Stopping threads took: 0.0000188 seconds
[2019-12-08T11:37:58.434+0000][1][safepoint    ] Application time: 1.0000807 seconds
[2019-12-08T11:37:58.434+0000][1][safepoint    ] Entering safepoint region: Cleanup
[2019-12-08T11:37:58.434+0000][1][safepoint    ] Leaving safepoint region
[2019-12-08T11:37:58.434+0000][1][safepoint    ] Total time for which application threads were stopped: 0.0000900 seconds, Stopping threads took: 0.0000210 seconds
[2019-12-08T11:37:59.434+0000][1][safepoint    ] Application time: 1.0000841 seconds
[2019-12-08T11:37:59.434+0000][1][safepoint    ] Entering safepoint region: Cleanup
[2019-12-08T11:37:59.434+0000][1][safepoint    ] Leaving safepoint region
[2019-12-08T11:37:59.434+0000][1][safepoint    ] Total time for which application threads were stopped: 0.0000807 seconds, Stopping threads took: 0.0000181 seconds
[2019-12-08T11:38:00.434+0000][1][safepoint    ] Application time: 1.0000865 seconds
[2019-12-08T11:38:00.434+0000][1][safepoint    ] Entering safepoint region: Cleanup
[2019-12-08T11:38:00.434+0000][1][safepoint    ] Leaving safepoint region
[2019-12-08T11:38:00.434+0000][1][safepoint    ] Total time for which application threads were stopped: 0.0000895 seconds, Stopping threads took: 0.0000198 seconds
[2019-12-08T11:38:01.434+0000][1][safepoint    ] Application time: 1.0000986 seconds
[2019-12-08T11:38:01.434+0000][1][safepoint    ] Entering safepoint region: Cleanup
[2019-12-08T11:38:01.434+0000][1][safepoint    ] Leaving safepoint region
[2019-12-08T11:38:01.435+0000][1][safepoint    ] Total time for which application threads were stopped: 0.0000867 seconds, Stopping threads took: 0.0000207 seconds
[2019-12-08T11:38:02.435+0000][1][safepoint    ] Application time: 1.0000847 seconds
[2019-12-08T11:38:02.435+0000][1][safepoint    ] Entering safepoint region: Cleanup
[2019-12-08T11:38:02.435+0000][1][safepoint    ] Leaving safepoint region
[2019-12-08T11:38:02.435+0000][1][safepoint    ] Total time for which application threads were stopped: 0.0001029 seconds, Stopping threads took: 0.0000205 seconds
[2019-12-08T11:38:03.435+0000][1][safepoint    ] Application time: 1.0000790 seconds
[2019-12-08T11:38:03.435+0000][1][safepoint    ] Entering safepoint region: Cleanup
[2019-12-08T11:38:03.435+0000][1][safepoint    ] Leaving safepoint region
[2019-12-08T11:38:03.435+0000][1][safepoint    ] Total time for which application threads were stopped: 0.0000869 seconds, Stopping threads took: 0.0000210 seconds
[2019-12-08T11:38:04.435+0000][1][safepoint    ] Application time: 1.0000751 seconds
[2019-12-08T11:38:04.435+0000][1][safepoint    ] Entering safepoint region: Cleanup
[2019-12-08T11:38:04.435+0000][1][safepoint    ] Leaving safepoint region
[2019-12-08T11:38:04.435+0000][1][safepoint    ] Total time for which application threads were stopped: 0.0000848 seconds, Stopping threads took: 0.0000203 seconds
[2019-12-08T11:38:05.435+0000][1][safepoint    ] Application time: 1.0000784 seconds
[2019-12-08T11:38:05.435+0000][1][safepoint    ] Entering safepoint region: Cleanup
[2019-12-08T11:38:05.435+0000][1][safepoint    ] Leaving safepoint region
[2019-12-08T11:38:05.435+0000][1][safepoint    ] Total time for which application threads were stopped: 0.0000858 seconds, Stopping threads took: 0.0000187 seconds
[2019-12-08T11:38:06.435+0000][1][safepoint    ] Application time: 1.0000752 seconds
[2019-12-08T11:38:06.435+0000][1][safepoint    ] Entering safepoint region: Cleanup
[2019-12-08T11:38:06.436+0000][1][safepoint    ] Leaving safepoint region
[2019-12-08T11:38:06.436+0000][1][safepoint    ] Total time for which application threads were stopped: 0.0000842 seconds, Stopping threads took: 0.0000202 seconds
[2019-12-08T11:38:07.436+0000][1][safepoint    ] Application time: 1.0000876 seconds
[2019-12-08T11:38:07.436+0000][1][safepoint    ] Entering safepoint region: Cleanup
[2019-12-08T11:38:07.436+0000][1][safepoint    ] Leaving safepoint region
[2019-12-08T11:38:07.436+0000][1][safepoint    ] Total time for which application threads were stopped: 0.0000883 seconds, Stopping threads took: 0.0000191 seconds
[2019-12-08T11:38:08.436+0000][1][safepoint    ] Application time: 1.0000779 seconds
[2019-12-08T11:38:08.436+0000][1][safepoint    ] Entering safepoint region: Cleanup
[2019-12-08T11:38:08.436+0000][1][safepoint    ] Leaving safepoint region
[2019-12-08T11:38:08.436+0000][1][safepoint    ] Total time for which application threads were stopped: 0.0000936 seconds, Stopping threads took: 0.0000197 seconds
[2019-12-08T11:38:09.436+0000][1][safepoint    ] Application time: 1.0000761 seconds
[2019-12-08T11:38:09.436+0000][1][safepoint    ] Entering safepoint region: Cleanup
[2019-12-08T11:38:09.436+0000][1][safepoint    ] Leaving safepoint region
[2019-12-08T11:38:09.436+0000][1][safepoint    ] Total time for which application threads were stopped: 0.0000908 seconds, Stopping threads took: 0.0000203 seconds
[2019-12-08T11:38:10.436+0000][1][safepoint    ] Application time: 1.0000801 seconds
[2019-12-08T11:38:10.436+0000][1][safepoint    ] Entering safepoint region: Cleanup
[2019-12-08T11:38:10.436+0000][1][safepoint    ] Leaving safepoint region
[2019-12-08T11:38:10.436+0000][1][safepoint    ] Total time for which application threads were stopped: 0.0000870 seconds, Stopping threads took: 0.0000206 seconds
[2019-12-08T11:38:11.437+0000][1][safepoint    ] Application time: 1.0000829 seconds
[2019-12-08T11:38:11.437+0000][1][safepoint    ] Entering safepoint region: Cleanup
[2019-12-08T11:38:11.437+0000][1][safepoint    ] Leaving safepoint region
[2019-12-08T11:38:11.437+0000][1][safepoint    ] Total time for which application threads were stopped: 0.0000853 seconds, Stopping threads took: 0.0000195 seconds
[2019-12-08T11:38:12.437+0000][1][safepoint    ] Application time: 1.0000793 seconds
[2019-12-08T11:38:12.437+0000][1][safepoint    ] Entering safepoint region: Cleanup
[2019-12-08T11:38:12.437+0000][1][safepoint    ] Leaving safepoint region
[2019-12-08T11:38:12.437+0000][1][safepoint    ] Total time for which application threads were stopped: 0.0000877 seconds, Stopping threads took: 0.0000197 seconds
[2019-12-08T11:38:13.437+0000][1][safepoint    ] Application time: 1.0000852 seconds
[2019-12-08T11:38:13.437+0000][1][safepoint    ] Entering safepoint region: Cleanup
[2019-12-08T11:38:13.437+0000][1][safepoint    ] Leaving safepoint region
[2019-12-08T11:38:13.437+0000][1][safepoint    ] Total time for which application threads were stopped: 0.0001134 seconds, Stopping threads took: 0.0000255 seconds
[2019-12-08T11:38:14.437+0000][1][safepoint    ] Application time: 1.0000807 seconds
[2019-12-08T11:38:14.437+0000][1][safepoint    ] Entering safepoint region: Cleanup
[2019-12-08T11:38:14.437+0000][1][safepoint    ] Leaving safepoint region
[2019-12-08T11:38:14.437+0000][1][safepoint    ] Total time for which application threads were stopped: 0.0000837 seconds, Stopping threads took: 0.0000182 seconds
[2019-12-08T11:38:15.437+0000][1][safepoint    ] Application time: 1.0000778 seconds
[2019-12-08T11:38:15.437+0000][1][safepoint    ] Entering safepoint region: Cleanup
[2019-12-08T11:38:15.438+0000][1][safepoint    ] Leaving safepoint region
[2019-12-08T11:38:15.438+0000][1][safepoint    ] Total time for which application threads were stopped: 0.0000908 seconds, Stopping threads took: 0.0000216 seconds
[2019-12-08T11:38:16.438+0000][1][safepoint    ] Application time: 1.0000802 seconds
[2019-12-08T11:38:16.438+0000][1][safepoint    ] Entering safepoint region: Cleanup
[2019-12-08T11:38:16.438+0000][1][safepoint    ] Leaving safepoint region
[2019-12-08T11:38:16.438+0000][1][safepoint    ] Total time for which application threads were stopped: 0.0001035 seconds, Stopping threads took: 0.0000206 seconds
[2019-12-08T11:38:17.438+0000][1][safepoint    ] Application time: 1.0000799 seconds
[2019-12-08T11:38:17.438+0000][1][safepoint    ] Entering safepoint region: Cleanup
[2019-12-08T11:38:17.438+0000][1][safepoint    ] Leaving safepoint region
[2019-12-08T11:38:17.438+0000][1][safepoint    ] Total time for which application threads were stopped: 0.0000841 seconds, Stopping threads took: 0.0000198 seconds
[2019-12-08T11:38:18.438+0000][1][safepoint    ] Application time: 1.0000800 seconds
[2019-12-08T11:38:18.438+0000][1][safepoint    ] Entering safepoint region: Cleanup
[2019-12-08T11:38:18.438+0000][1][safepoint    ] Leaving safepoint region
[2019-12-08T11:38:18.438+0000][1][safepoint    ] Total time for which application threads were stopped: 0.0000848 seconds, Stopping threads took: 0.0000198 seconds
[2019-12-08T11:38:19.438+0000][1][safepoint    ] Application time: 1.0000773 seconds
[2019-12-08T11:38:19.438+0000][1][safepoint    ] Entering safepoint region: Cleanup
[2019-12-08T11:38:19.438+0000][1][safepoint    ] Leaving safepoint region
[2019-12-08T11:38:19.438+0000][1][safepoint    ] Total time for which application threads were stopped: 0.0000853 seconds, Stopping threads took: 0.0000206 seconds
[2019-12-08T11:38:20.438+0000][1][safepoint    ] Application time: 1.0000790 seconds
[2019-12-08T11:38:20.439+0000][1][safepoint    ] Entering safepoint region: Cleanup
[2019-12-08T11:38:20.439+0000][1][safepoint    ] Leaving safepoint region
[2019-12-08T11:38:20.439+0000][1][safepoint    ] Total time for which application threads were stopped: 0.0000817 seconds, Stopping threads took: 0.0000188 seconds
[2019-12-08T11:38:21.439+0000][1][safepoint    ] Application time: 1.0000762 seconds
[2019-12-08T11:38:21.439+0000][1][safepoint    ] Entering safepoint region: Cleanup
[2019-12-08T11:38:21.439+0000][1][safepoint    ] Leaving safepoint region
[2019-12-08T11:38:21.439+0000][1][safepoint    ] Total time for which application threads were stopped: 0.0000873 seconds, Stopping threads took: 0.0000220 seconds
[2019-12-08T11:38:22.439+0000][1][safepoint    ] Application time: 1.0000758 seconds
[2019-12-08T11:38:22.439+0000][1][safepoint    ] Entering safepoint region: Cleanup
[2019-12-08T11:38:22.439+0000][1][safepoint    ] Leaving safepoint region
[2019-12-08T11:38:22.439+0000][1][safepoint    ] Total time for which application threads were stopped: 0.0000862 seconds, Stopping threads took: 0.0000191 seconds
[2019-12-08T11:38:23.439+0000][1][safepoint    ] Application time: 1.0000751 seconds
[2019-12-08T11:38:23.439+0000][1][safepoint    ] Entering safepoint region: Cleanup
[2019-12-08T11:38:23.439+0000][1][safepoint    ] Leaving safepoint region
[2019-12-08T11:38:23.439+0000][1][safepoint    ] Total time for which application threads were stopped: 0.0000823 seconds, Stopping threads took: 0.0000186 seconds
[2019-12-08T11:38:24.439+0000][1][safepoint    ] Application time: 1.0000748 seconds
[2019-12-08T11:38:24.439+0000][1][safepoint    ] Entering safepoint region: Cleanup
[2019-12-08T11:38:24.439+0000][1][safepoint    ] Leaving safepoint region
[2019-12-08T11:38:24.439+0000][1][safepoint    ] Total time for which application threads were stopped: 0.0000880 seconds, Stopping threads took: 0.0000202 seconds
[2019-12-08T11:38:25.439+0000][1][safepoint    ] Application time: 1.0000757 seconds
[2019-12-08T11:38:25.440+0000][1][safepoint    ] Entering safepoint region: Cleanup
[2019-12-08T11:38:25.440+0000][1][safepoint    ] Leaving safepoint region
[2019-12-08T11:38:25.440+0000][1][safepoint    ] Total time for which application threads were stopped: 0.0000875 seconds, Stopping threads took: 0.0000211 seconds
[2019-12-08T11:38:26.440+0000][1][safepoint    ] Application time: 1.0000870 seconds
[2019-12-08T11:38:26.440+0000][1][safepoint    ] Entering safepoint region: Cleanup
[2019-12-08T11:38:26.440+0000][1][safepoint    ] Leaving safepoint region
[2019-12-08T11:38:26.440+0000][1][safepoint    ] Total time for which application threads were stopped: 0.0000889 seconds, Stopping threads took: 0.0000206 seconds
[2019-12-08T11:38:27.440+0000][1][safepoint    ] Application time: 1.0000744 seconds
[2019-12-08T11:38:27.440+0000][1][safepoint    ] Entering safepoint region: Cleanup
[2019-12-08T11:38:27.440+0000][1][safepoint    ] Leaving safepoint region
[2019-12-08T11:38:27.440+0000][1][safepoint    ] Total time for which application threads were stopped: 0.0000851 seconds, Stopping threads took: 0.0000198 seconds
[2019-12-08T11:38:28.440+0000][1][safepoint    ] Application time: 1.0000759 seconds
[2019-12-08T11:38:28.440+0000][1][safepoint    ] Entering safepoint region: Cleanup
[2019-12-08T11:38:28.440+0000][1][safepoint    ] Leaving safepoint region
[2019-12-08T11:38:28.440+0000][1][safepoint    ] Total time for which application threads were stopped: 0.0000802 seconds, Stopping threads took: 0.0000159 seconds
[2019-12-08T11:38:29.440+0000][1][safepoint    ] Application time: 1.0000763 seconds
[2019-12-08T11:38:29.440+0000][1][safepoint    ] Entering safepoint region: Cleanup
[2019-12-08T11:38:29.440+0000][1][safepoint    ] Leaving safepoint region
[2019-12-08T11:38:29.440+0000][1][safepoint    ] Total time for which application threads were stopped: 0.0000867 seconds, Stopping threads took: 0.0000204 seconds
[2019-12-08T11:38:30.441+0000][1][safepoint    ] Application time: 1.0000794 seconds
[2019-12-08T11:38:30.441+0000][1][safepoint    ] Entering safepoint region: Cleanup
[2019-12-08T11:38:30.441+0000][1][safepoint    ] Leaving safepoint region
[2019-12-08T11:38:30.441+0000][1][safepoint    ] Total time for which application threads were stopped: 0.0000822 seconds, Stopping threads took: 0.0000201 seconds
[2019-12-08T11:38:31.441+0000][1][safepoint    ] Application time: 1.0000999 seconds
[2019-12-08T11:38:31.441+0000][1][safepoint    ] Entering safepoint region: Cleanup
[2019-12-08T11:38:31.441+0000][1][safepoint    ] Leaving safepoint region
[2019-12-08T11:38:31.441+0000][1][safepoint    ] Total time for which application threads were stopped: 0.0000977 seconds, Stopping threads took: 0.0000218 seconds
[2019-12-08T11:38:32.441+0000][1][safepoint    ] Application time: 1.0000841 seconds
[2019-12-08T11:38:32.441+0000][1][safepoint    ] Entering safepoint region: Cleanup
[2019-12-08T11:38:32.441+0000][1][safepoint    ] Leaving safepoint region
[2019-12-08T11:38:32.441+0000][1][safepoint    ] Total time for which application threads were stopped: 0.0000867 seconds, Stopping threads took: 0.0000213 seconds
[2019-12-08T11:38:33.441+0000][1][safepoint    ] Application time: 1.0000780 seconds
[2019-12-08T11:38:33.441+0000][1][safepoint    ] Entering safepoint region: Cleanup
[2019-12-08T11:38:33.441+0000][1][safepoint    ] Leaving safepoint region
[2019-12-08T11:38:33.441+0000][1][safepoint    ] Total time for which application threads were stopped: 0.0000987 seconds, Stopping threads took: 0.0000192 seconds
[2019-12-08T11:38:34.441+0000][1][safepoint    ] Application time: 1.0000838 seconds
[2019-12-08T11:38:34.441+0000][1][safepoint    ] Entering safepoint region: Cleanup
[2019-12-08T11:38:34.442+0000][1][safepoint    ] Leaving safepoint region
[2019-12-08T11:38:34.442+0000][1][safepoint    ] Total time for which application threads were stopped: 0.0000845 seconds, Stopping threads took: 0.0000201 seconds
[2019-12-08T11:38:35.442+0000][1][safepoint    ] Application time: 1.0000845 seconds
[2019-12-08T11:38:35.442+0000][1][safepoint    ] Entering safepoint region: Cleanup
[2019-12-08T11:38:35.442+0000][1][safepoint    ] Leaving safepoint region
[2019-12-08T11:38:35.442+0000][1][safepoint    ] Total time for which application threads were stopped: 0.0001057 seconds, Stopping threads took: 0.0000194 seconds
[2019-12-08T11:38:36.442+0000][1][safepoint    ] Application time: 1.0000826 seconds
[2019-12-08T11:38:36.442+0000][1][safepoint    ] Entering safepoint region: Cleanup
[2019-12-08T11:38:36.442+0000][1][safepoint    ] Leaving safepoint region
[2019-12-08T11:38:36.442+0000][1][safepoint    ] Total time for which application threads were stopped: 0.0000988 seconds, Stopping threads took: 0.0000193 seconds
[2019-12-08T11:38:37.442+0000][1][safepoint    ] Application time: 1.0000825 seconds
[2019-12-08T11:38:37.442+0000][1][safepoint    ] Entering safepoint region: Cleanup
[2019-12-08T11:38:37.442+0000][1][safepoint    ] Leaving safepoint region
[2019-12-08T11:38:37.442+0000][1][safepoint    ] Total time for which application threads were stopped: 0.0000881 seconds, Stopping threads took: 0.0000207 seconds
[2019-12-08T11:38:38.442+0000][1][safepoint    ] Application time: 1.0000781 seconds
[2019-12-08T11:38:38.442+0000][1][safepoint    ] Entering safepoint region: Cleanup
[2019-12-08T11:38:38.442+0000][1][safepoint    ] Leaving safepoint region
[2019-12-08T11:38:38.442+0000][1][safepoint    ] Total time for which application threads were stopped: 0.0000826 seconds, Stopping threads took: 0.0000182 seconds
[2019-12-08T11:38:39.442+0000][1][safepoint    ] Application time: 1.0000760 seconds
[2019-12-08T11:38:39.443+0000][1][safepoint    ] Entering safepoint region: Cleanup
[2019-12-08T11:38:39.443+0000][1][safepoint    ] Leaving safepoint region
[2019-12-08T11:38:39.443+0000][1][safepoint    ] Total time for which application threads were stopped: 0.0000937 seconds, Stopping threads took: 0.0000191 seconds
[2019-12-08T11:38:40.443+0000][1][safepoint    ] Application time: 1.0000926 seconds
[2019-12-08T11:38:40.443+0000][1][safepoint    ] Entering safepoint region: Cleanup
[2019-12-08T11:38:40.443+0000][1][safepoint    ] Leaving safepoint region
[2019-12-08T11:38:40.443+0000][1][safepoint    ] Total time for which application threads were stopped: 0.0000883 seconds, Stopping threads took: 0.0000199 seconds
[2019-12-08T11:38:41.443+0000][1][safepoint    ] Application time: 1.0000799 seconds
[2019-12-08T11:38:41.443+0000][1][safepoint    ] Entering safepoint region: Cleanup
[2019-12-08T11:38:41.443+0000][1][safepoint    ] Leaving safepoint region
[2019-12-08T11:38:41.443+0000][1][safepoint    ] Total time for which application threads were stopped: 0.0000861 seconds, Stopping threads took: 0.0000205 seconds
[2019-12-08T11:38:41.506+0000][1][safepoint    ] Application time: 0.0634580 seconds
[2019-12-08T11:38:41.507+0000][1][safepoint    ] Entering safepoint region: GenCollectForAllocation
[2019-12-08T11:38:41.507+0000][1][gc,start     ] GC(27) Pause Young (Allocation Failure)
[2019-12-08T11:38:41.507+0000][1][gc,task      ] GC(27) Using 4 workers of 4 for evacuation
[2019-12-08T11:38:41.510+0000][1][gc,age       ] GC(27) Desired survivor size 4456448 bytes, new threshold 6 (max threshold 6)
[2019-12-08T11:38:41.510+0000][1][gc,age       ] GC(27) Age table with threshold 6 (max threshold 6)
[2019-12-08T11:38:41.510+0000][1][gc,age       ] GC(27) - age   1:      77328 bytes,      77328 total
[2019-12-08T11:38:41.510+0000][1][gc,age       ] GC(27) - age   2:       5992 bytes,      83320 total
[2019-12-08T11:38:41.510+0000][1][gc,age       ] GC(27) - age   3:      40968 bytes,     124288 total
[2019-12-08T11:38:41.510+0000][1][gc,age       ] GC(27) - age   4:      16168 bytes,     140456 total
[2019-12-08T11:38:41.510+0000][1][gc,age       ] GC(27) - age   5:    1985952 bytes,    2126408 total
[2019-12-08T11:38:41.510+0000][1][gc,heap      ] GC(27) ParNew: 72549K->3219K(78656K)
[2019-12-08T11:38:41.510+0000][1][gc,heap      ] GC(27) CMS: 68796K->68796K(174784K)
[2019-12-08T11:38:41.510+0000][1][gc,metaspace ] GC(27) Metaspace: 69694K->69694K(1114112K)
[2019-12-08T11:38:41.510+0000][1][gc           ] GC(27) Pause Young (Allocation Failure) 138M->70M(247M) 3.705ms
[2019-12-08T11:38:41.510+0000][1][gc,cpu       ] GC(27) User=0.01s Sys=0.00s Real=0.00s
[2019-12-08T11:38:41.510+0000][1][safepoint    ] Leaving safepoint region
[2019-12-08T11:38:41.510+0000][1][safepoint    ] Total time for which application threads were stopped: 0.0039288 seconds, Stopping threads took: 0.0000228 seconds
[2019-12-08T11:38:42.511+0000][1][safepoint    ] Application time: 1.0001000 seconds
[2019-12-08T11:38:42.511+0000][1][safepoint    ] Entering safepoint region: Cleanup
[2019-12-08T11:38:42.511+0000][1][safepoint    ] Leaving safepoint region
[2019-12-08T11:38:42.511+0000][1][safepoint    ] Total time for which application threads were stopped: 0.0000994 seconds, Stopping threads took: 0.0000169 seconds
[2019-12-08T11:38:46.511+0000][1][safepoint    ] Application time: 4.0003136 seconds
[2019-12-08T11:38:46.511+0000][1][safepoint    ] Entering safepoint region: Cleanup
[2019-12-08T11:38:46.511+0000][1][safepoint    ] Leaving safepoint region
[2019-12-08T11:38:46.511+0000][1][safepoint    ] Total time for which application threads were stopped: 0.0001202 seconds, Stopping threads took: 0.0000259 seconds
[2019-12-08T11:39:00.512+0000][1][safepoint    ] Application time: 14.0010001 seconds
[2019-12-08T11:39:00.512+0000][1][safepoint    ] Entering safepoint region: Cleanup
[2019-12-08T11:39:00.512+0000][1][safepoint    ] Leaving safepoint region
[2019-12-08T11:39:00.512+0000][1][safepoint    ] Total time for which application threads were stopped: 0.0001002 seconds, Stopping threads took: 0.0000287 seconds
[2019-12-08T11:39:04.513+0000][1][safepoint    ] Application time: 4.0002999 seconds
[2019-12-08T11:39:04.513+0000][1][safepoint    ] Entering safepoint region: Cleanup
[2019-12-08T11:39:04.513+0000][1][safepoint    ] Leaving safepoint region
[2019-12-08T11:39:04.513+0000][1][safepoint    ] Total time for which application threads were stopped: 0.0000991 seconds, Stopping threads took: 0.0000295 seconds
[2019-12-08T11:39:06.513+0000][1][safepoint    ] Application time: 2.0001443 seconds
[2019-12-08T11:39:06.513+0000][1][safepoint    ] Entering safepoint region: Cleanup
[2019-12-08T11:39:06.513+0000][1][safepoint    ] Leaving safepoint region
[2019-12-08T11:39:06.513+0000][1][safepoint    ] Total time for which application threads were stopped: 0.0000901 seconds, Stopping threads took: 0.0000196 seconds
[2019-12-08T11:39:07.513+0000][1][safepoint    ] Application time: 1.0000773 seconds
[2019-12-08T11:39:07.513+0000][1][safepoint    ] Entering safepoint region: Cleanup
[2019-12-08T11:39:07.513+0000][1][safepoint    ] Leaving safepoint region
[2019-12-08T11:39:07.513+0000][1][safepoint    ] Total time for which application threads were stopped: 0.0001081 seconds, Stopping threads took: 0.0000189 seconds
[2019-12-08T11:39:08.513+0000][1][safepoint    ] Application time: 1.0000781 seconds
[2019-12-08T11:39:08.513+0000][1][safepoint    ] Entering safepoint region: Cleanup
[2019-12-08T11:39:08.513+0000][1][safepoint    ] Leaving safepoint region
[2019-12-08T11:39:08.513+0000][1][safepoint    ] Total time for which application threads were stopped: 0.0000935 seconds, Stopping threads took: 0.0000180 seconds
[2019-12-08T11:39:09.514+0000][1][safepoint    ] Application time: 1.0000796 seconds
[2019-12-08T11:39:09.514+0000][1][safepoint    ] Entering safepoint region: Cleanup
[2019-12-08T11:39:09.514+0000][1][safepoint    ] Leaving safepoint region
[2019-12-08T11:39:09.514+0000][1][safepoint    ] Total time for which application threads were stopped: 0.0000958 seconds, Stopping threads took: 0.0000185 seconds
[2019-12-08T11:39:14.514+0000][1][safepoint    ] Application time: 5.0003456 seconds
[2019-12-08T11:39:14.514+0000][1][safepoint    ] Entering safepoint region: Cleanup
[2019-12-08T11:39:14.514+0000][1][safepoint    ] Leaving safepoint region
[2019-12-08T11:39:14.514+0000][1][safepoint    ] Total time for which application threads were stopped: 0.0000865 seconds, Stopping threads took: 0.0000184 seconds
[2019-12-08T11:39:16.514+0000][1][safepoint    ] Application time: 2.0001444 seconds
[2019-12-08T11:39:16.514+0000][1][safepoint    ] Entering safepoint region: Cleanup
[2019-12-08T11:39:16.514+0000][1][safepoint    ] Leaving safepoint region
[2019-12-08T11:39:16.514+0000][1][safepoint    ] Total time for which application threads were stopped: 0.0000893 seconds, Stopping threads took: 0.0000189 seconds
[2019-12-08T11:39:24.515+0000][1][safepoint    ] Application time: 8.0005783 seconds
[2019-12-08T11:39:24.515+0000][1][safepoint    ] Entering safepoint region: Cleanup
[2019-12-08T11:39:24.515+0000][1][safepoint    ] Leaving safepoint region
[2019-12-08T11:39:24.515+0000][1][safepoint    ] Total time for which application threads were stopped: 0.0000880 seconds, Stopping threads took: 0.0000185 seconds
[2019-12-08T11:39:25.515+0000][1][safepoint    ] Application time: 1.0000826 seconds
[2019-12-08T11:39:25.515+0000][1][safepoint    ] Entering safepoint region: Cleanup
[2019-12-08T11:39:25.515+0000][1][safepoint    ] Leaving safepoint region
[2019-12-08T11:39:25.515+0000][1][safepoint    ] Total time for which application threads were stopped: 0.0000847 seconds, Stopping threads took: 0.0000180 seconds
[2019-12-08T11:39:34.516+0000][1][safepoint    ] Application time: 9.0006605 seconds
[2019-12-08T11:39:34.516+0000][1][safepoint    ] Entering safepoint region: Cleanup
[2019-12-08T11:39:34.516+0000][1][safepoint    ] Leaving safepoint region
[2019-12-08T11:39:34.516+0000][1][safepoint    ] Total time for which application threads were stopped: 0.0000898 seconds, Stopping threads took: 0.0000185 seconds
[2019-12-08T11:39:42.517+0000][1][safepoint    ] Application time: 8.0005806 seconds
[2019-12-08T11:39:42.517+0000][1][safepoint    ] Entering safepoint region: Cleanup
[2019-12-08T11:39:42.517+0000][1][safepoint    ] Leaving safepoint region
[2019-12-08T11:39:42.517+0000][1][safepoint    ] Total time for which application threads were stopped: 0.0000896 seconds, Stopping threads took: 0.0000208 seconds
[2019-12-08T11:39:49.517+0000][1][safepoint    ] Application time: 7.0004808 seconds
[2019-12-08T11:39:49.517+0000][1][safepoint    ] Entering safepoint region: Cleanup
[2019-12-08T11:39:49.517+0000][1][safepoint    ] Leaving safepoint region
[2019-12-08T11:39:49.518+0000][1][safepoint    ] Total time for which application threads were stopped: 0.0000833 seconds, Stopping threads took: 0.0000168 seconds
[2019-12-08T11:39:55.483+0000][1][safepoint    ] Application time: 5.9655131 seconds
[2019-12-08T11:39:55.483+0000][1][safepoint    ] Entering safepoint region: GenCollectForAllocation
[2019-12-08T11:39:55.483+0000][1][gc,start     ] GC(28) Pause Young (Allocation Failure)
[2019-12-08T11:39:55.483+0000][1][gc,task      ] GC(28) Using 4 workers of 4 for evacuation
[2019-12-08T11:39:55.486+0000][1][gc,age       ] GC(28) Desired survivor size 4456448 bytes, new threshold 6 (max threshold 6)
[2019-12-08T11:39:55.486+0000][1][gc,age       ] GC(28) Age table with threshold 6 (max threshold 6)
[2019-12-08T11:39:55.486+0000][1][gc,age       ] GC(28) - age   1:       7688 bytes,       7688 total
[2019-12-08T11:39:55.486+0000][1][gc,age       ] GC(28) - age   2:       3592 bytes,      11280 total
[2019-12-08T11:39:55.486+0000][1][gc,age       ] GC(28) - age   3:       5896 bytes,      17176 total
[2019-12-08T11:39:55.486+0000][1][gc,age       ] GC(28) - age   4:      40968 bytes,      58144 total
[2019-12-08T11:39:55.486+0000][1][gc,age       ] GC(28) - age   5:      16168 bytes,      74312 total
[2019-12-08T11:39:55.486+0000][1][gc,age       ] GC(28) - age   6:    1985952 bytes,    2060264 total
[2019-12-08T11:39:55.486+0000][1][gc,heap      ] GC(28) ParNew: 73171K->3140K(78656K)
[2019-12-08T11:39:55.486+0000][1][gc,heap      ] GC(28) CMS: 68796K->68796K(174784K)
[2019-12-08T11:39:55.486+0000][1][gc,metaspace ] GC(28) Metaspace: 69697K->69697K(1114112K)
[2019-12-08T11:39:55.486+0000][1][gc           ] GC(28) Pause Young (Allocation Failure) 138M->70M(247M) 3.038ms
[2019-12-08T11:39:55.486+0000][1][gc,cpu       ] GC(28) User=0.01s Sys=0.00s Real=0.00s
[2019-12-08T11:39:55.486+0000][1][safepoint    ] Leaving safepoint region
[2019-12-08T11:39:55.486+0000][1][safepoint    ] Total time for which application threads were stopped: 0.0032006 seconds, Stopping threads took: 0.0000274 seconds
[2019-12-08T11:39:57.486+0000][1][safepoint    ] Application time: 2.0001532 seconds
[2019-12-08T11:39:57.486+0000][1][safepoint    ] Entering safepoint region: Cleanup
[2019-12-08T11:39:57.487+0000][1][safepoint    ] Leaving safepoint region
[2019-12-08T11:39:57.487+0000][1][safepoint    ] Total time for which application threads were stopped: 0.0001029 seconds, Stopping threads took: 0.0000297 seconds
[2019-12-08T11:40:03.487+0000][1][safepoint    ] Application time: 6.0004117 seconds
[2019-12-08T11:40:03.487+0000][1][safepoint    ] Entering safepoint region: Cleanup
[2019-12-08T11:40:03.487+0000][1][safepoint    ] Leaving safepoint region
[2019-12-08T11:40:03.487+0000][1][safepoint    ] Total time for which application threads were stopped: 0.0000920 seconds, Stopping threads took: 0.0000222 seconds
[2019-12-08T11:40:06.487+0000][1][safepoint    ] Application time: 3.0002193 seconds
[2019-12-08T11:40:06.487+0000][1][safepoint    ] Entering safepoint region: Cleanup
[2019-12-08T11:40:06.487+0000][1][safepoint    ] Leaving safepoint region
[2019-12-08T11:40:06.487+0000][1][safepoint    ] Total time for which application threads were stopped: 0.0000908 seconds, Stopping threads took: 0.0000185 seconds
[2019-12-08T11:40:08.488+0000][1][safepoint    ] Application time: 2.0001538 seconds
[2019-12-08T11:40:08.488+0000][1][safepoint    ] Entering safepoint region: Cleanup
[2019-12-08T11:40:08.488+0000][1][safepoint    ] Leaving safepoint region
[2019-12-08T11:40:08.488+0000][1][safepoint    ] Total time for which application threads were stopped: 0.0000989 seconds, Stopping threads took: 0.0000309 seconds
[2019-12-08T11:40:09.488+0000][1][safepoint    ] Application time: 1.0000778 seconds
[2019-12-08T11:40:09.488+0000][1][safepoint    ] Entering safepoint region: Cleanup
[2019-12-08T11:40:09.488+0000][1][safepoint    ] Leaving safepoint region
[2019-12-08T11:40:09.488+0000][1][safepoint    ] Total time for which application threads were stopped: 0.0000901 seconds, Stopping threads took: 0.0000215 seconds
[2019-12-08T11:40:11.488+0000][1][safepoint    ] Application time: 2.0001532 seconds
[2019-12-08T11:40:11.488+0000][1][safepoint    ] Entering safepoint region: Cleanup
[2019-12-08T11:40:11.488+0000][1][safepoint    ] Leaving safepoint region
[2019-12-08T11:40:11.488+0000][1][safepoint    ] Total time for which application threads were stopped: 0.0000903 seconds, Stopping threads took: 0.0000208 seconds
[2019-12-08T11:40:12.488+0000][1][safepoint    ] Application time: 1.0000797 seconds
[2019-12-08T11:40:12.488+0000][1][safepoint    ] Entering safepoint region: Cleanup
[2019-12-08T11:40:12.488+0000][1][safepoint    ] Leaving safepoint region
[2019-12-08T11:40:12.488+0000][1][safepoint    ] Total time for which application threads were stopped: 0.0001007 seconds, Stopping threads took: 0.0000211 seconds
[2019-12-08T11:40:13.489+0000][1][safepoint    ] Application time: 1.0000785 seconds
[2019-12-08T11:40:13.489+0000][1][safepoint    ] Entering safepoint region: Cleanup
[2019-12-08T11:40:13.489+0000][1][safepoint    ] Leaving safepoint region
[2019-12-08T11:40:13.489+0000][1][safepoint    ] Total time for which application threads were stopped: 0.0000998 seconds, Stopping threads took: 0.0000193 seconds
[2019-12-08T11:40:16.489+0000][1][safepoint    ] Application time: 3.0002173 seconds
[2019-12-08T11:40:16.489+0000][1][safepoint    ] Entering safepoint region: Cleanup
[2019-12-08T11:40:16.489+0000][1][safepoint    ] Leaving safepoint region
[2019-12-08T11:40:16.489+0000][1][safepoint    ] Total time for which application threads were stopped: 0.0000958 seconds, Stopping threads took: 0.0000266 seconds
[2019-12-08T11:40:42.491+0000][1][safepoint    ] Application time: 26.0018665 seconds
[2019-12-08T11:40:42.491+0000][1][safepoint    ] Entering safepoint region: Cleanup
[2019-12-08T11:40:42.491+0000][1][safepoint    ] Leaving safepoint region
[2019-12-08T11:40:42.491+0000][1][safepoint    ] Total time for which application threads were stopped: 0.0000919 seconds, Stopping threads took: 0.0000197 seconds
[2019-12-08T11:40:51.492+0000][1][safepoint    ] Application time: 9.0006476 seconds
[2019-12-08T11:40:51.492+0000][1][safepoint    ] Entering safepoint region: Cleanup
[2019-12-08T11:40:51.492+0000][1][safepoint    ] Leaving safepoint region
[2019-12-08T11:40:51.492+0000][1][safepoint    ] Total time for which application threads were stopped: 0.0000905 seconds, Stopping threads took: 0.0000194 seconds
[2019-12-08T11:40:57.492+0000][1][safepoint    ] Application time: 6.0004479 seconds
[2019-12-08T11:40:57.492+0000][1][safepoint    ] Entering safepoint region: Cleanup
[2019-12-08T11:40:57.492+0000][1][safepoint    ] Leaving safepoint region
[2019-12-08T11:40:57.492+0000][1][safepoint    ] Total time for which application threads were stopped: 0.0000972 seconds, Stopping threads took: 0.0000265 seconds
[2019-12-08T11:40:58.493+0000][1][safepoint    ] Application time: 1.0000967 seconds
[2019-12-08T11:40:58.493+0000][1][safepoint    ] Entering safepoint region: Cleanup
[2019-12-08T11:40:58.493+0000][1][safepoint    ] Leaving safepoint region
[2019-12-08T11:40:58.493+0000][1][safepoint    ] Total time for which application threads were stopped: 0.0000852 seconds, Stopping threads took: 0.0000184 seconds
[2019-12-08T11:40:59.493+0000][1][safepoint    ] Application time: 1.0000801 seconds
[2019-12-08T11:40:59.493+0000][1][safepoint    ] Entering safepoint region: Cleanup
[2019-12-08T11:40:59.493+0000][1][safepoint    ] Leaving safepoint region
[2019-12-08T11:40:59.493+0000][1][safepoint    ] Total time for which application threads were stopped: 0.0000908 seconds, Stopping threads took: 0.0000208 seconds
[2019-12-08T11:41:07.493+0000][1][safepoint    ] Application time: 8.0005627 seconds
[2019-12-08T11:41:07.494+0000][1][safepoint    ] Entering safepoint region: Cleanup
[2019-12-08T11:41:07.494+0000][1][safepoint    ] Leaving safepoint region
[2019-12-08T11:41:07.494+0000][1][safepoint    ] Total time for which application threads were stopped: 0.0000890 seconds, Stopping threads took: 0.0000198 seconds
[2019-12-08T11:41:07.616+0000][1][safepoint    ] Application time: 0.1219683 seconds
[2019-12-08T11:41:07.616+0000][1][safepoint    ] Entering safepoint region: GenCollectForAllocation
[2019-12-08T11:41:07.616+0000][1][gc,start     ] GC(29) Pause Young (Allocation Failure)
[2019-12-08T11:41:07.616+0000][1][gc,task      ] GC(29) Using 4 workers of 4 for evacuation
[2019-12-08T11:41:07.620+0000][1][gc,age       ] GC(29) Desired survivor size 4456448 bytes, new threshold 6 (max threshold 6)
[2019-12-08T11:41:07.620+0000][1][gc,age       ] GC(29) Age table with threshold 6 (max threshold 6)
[2019-12-08T11:41:07.620+0000][1][gc,age       ] GC(29) - age   1:       7624 bytes,       7624 total
[2019-12-08T11:41:07.620+0000][1][gc,age       ] GC(29) - age   2:       2032 bytes,       9656 total
[2019-12-08T11:41:07.620+0000][1][gc,age       ] GC(29) - age   3:       3592 bytes,      13248 total
[2019-12-08T11:41:07.620+0000][1][gc,age       ] GC(29) - age   4:       5896 bytes,      19144 total
[2019-12-08T11:41:07.620+0000][1][gc,age       ] GC(29) - age   5:      40968 bytes,      60112 total
[2019-12-08T11:41:07.620+0000][1][gc,age       ] GC(29) - age   6:      16168 bytes,      76280 total
[2019-12-08T11:41:07.620+0000][1][gc,heap      ] GC(29) ParNew: 73047K->2032K(78656K)
[2019-12-08T11:41:07.620+0000][1][gc,heap      ] GC(29) CMS: 68796K->70779K(174784K)
[2019-12-08T11:41:07.620+0000][1][gc,metaspace ] GC(29) Metaspace: 69719K->69719K(1114112K)
[2019-12-08T11:41:07.620+0000][1][gc           ] GC(29) Pause Young (Allocation Failure) 138M->71M(247M) 4.316ms
[2019-12-08T11:41:07.620+0000][1][gc,cpu       ] GC(29) User=0.01s Sys=0.00s Real=0.00s
[2019-12-08T11:41:07.620+0000][1][safepoint    ] Leaving safepoint region
[2019-12-08T11:41:07.620+0000][1][safepoint    ] Total time for which application threads were stopped: 0.0045170 seconds, Stopping threads took: 0.0000196 seconds
[2019-12-08T11:41:16.621+0000][1][safepoint    ] Application time: 9.0006291 seconds
[2019-12-08T11:41:16.621+0000][1][safepoint    ] Entering safepoint region: Cleanup
[2019-12-08T11:41:16.621+0000][1][safepoint    ] Leaving safepoint region
[2019-12-08T11:41:16.621+0000][1][safepoint    ] Total time for which application threads were stopped: 0.0000924 seconds, Stopping threads took: 0.0000193 seconds
[2019-12-08T11:41:42.623+0000][1][safepoint    ] Application time: 26.0018465 seconds
[2019-12-08T11:41:42.623+0000][1][safepoint    ] Entering safepoint region: Cleanup
[2019-12-08T11:41:42.623+0000][1][safepoint    ] Leaving safepoint region
[2019-12-08T11:41:42.623+0000][1][safepoint    ] Total time for which application threads were stopped: 0.0000862 seconds, Stopping threads took: 0.0000200 seconds
[2019-12-08T11:41:50.623+0000][1][safepoint    ] Application time: 8.0005638 seconds
[2019-12-08T11:41:50.623+0000][1][safepoint    ] Entering safepoint region: Cleanup
[2019-12-08T11:41:50.624+0000][1][safepoint    ] Leaving safepoint region
[2019-12-08T11:41:50.624+0000][1][safepoint    ] Total time for which application threads were stopped: 0.0000803 seconds, Stopping threads took: 0.0000169 seconds
[2019-12-08T11:42:20.539+0000][1][safepoint    ] Application time: 29.9156065 seconds
[2019-12-08T11:42:20.539+0000][1][safepoint    ] Entering safepoint region: GenCollectForAllocation
[2019-12-08T11:42:20.539+0000][1][gc,start     ] GC(30) Pause Young (Allocation Failure)
[2019-12-08T11:42:20.539+0000][1][gc,task      ] GC(30) Using 4 workers of 4 for evacuation
[2019-12-08T11:42:20.541+0000][1][gc,age       ] GC(30) Desired survivor size 4456448 bytes, new threshold 6 (max threshold 6)
[2019-12-08T11:42:20.541+0000][1][gc,age       ] GC(30) Age table with threshold 6 (max threshold 6)
[2019-12-08T11:42:20.541+0000][1][gc,age       ] GC(30) - age   1:       6648 bytes,       6648 total
[2019-12-08T11:42:20.541+0000][1][gc,age       ] GC(30) - age   2:       2920 bytes,       9568 total
[2019-12-08T11:42:20.541+0000][1][gc,age       ] GC(30) - age   3:       1904 bytes,      11472 total
[2019-12-08T11:42:20.541+0000][1][gc,age       ] GC(30) - age   4:       3592 bytes,      15064 total
[2019-12-08T11:42:20.541+0000][1][gc,age       ] GC(30) - age   5:       5896 bytes,      20960 total
[2019-12-08T11:42:20.541+0000][1][gc,age       ] GC(30) - age   6:      40968 bytes,      61928 total
[2019-12-08T11:42:20.541+0000][1][gc,heap      ] GC(30) ParNew: 71984K->522K(78656K)
[2019-12-08T11:42:20.541+0000][1][gc,heap      ] GC(30) CMS: 70779K->70795K(174784K)
[2019-12-08T11:42:20.541+0000][1][gc,metaspace ] GC(30) Metaspace: 69733K->69733K(1114112K)
[2019-12-08T11:42:20.541+0000][1][gc           ] GC(30) Pause Young (Allocation Failure) 139M->69M(247M) 1.355ms
[2019-12-08T11:42:20.541+0000][1][gc,cpu       ] GC(30) User=0.00s Sys=0.00s Real=0.00s
[2019-12-08T11:42:20.541+0000][1][safepoint    ] Leaving safepoint region
[2019-12-08T11:42:20.541+0000][1][safepoint    ] Total time for which application threads were stopped: 0.0015151 seconds, Stopping threads took: 0.0000180 seconds
[2019-12-08T11:42:30.541+0000][1][safepoint    ] Application time: 10.0007151 seconds
[2019-12-08T11:42:30.541+0000][1][safepoint    ] Entering safepoint region: Cleanup
[2019-12-08T11:42:30.542+0000][1][safepoint    ] Leaving safepoint region
[2019-12-08T11:42:30.542+0000][1][safepoint    ] Total time for which application threads were stopped: 0.0000927 seconds, Stopping threads took: 0.0000203 seconds
[2019-12-08T11:42:32.543+0000][1][safepoint    ] Application time: 2.0013409 seconds
[2019-12-08T11:42:32.543+0000][1][safepoint    ] Entering safepoint region: Cleanup
[2019-12-08T11:42:32.543+0000][1][safepoint    ] Leaving safepoint region
[2019-12-08T11:42:32.543+0000][1][safepoint    ] Total time for which application threads were stopped: 0.0000922 seconds, Stopping threads took: 0.0000207 seconds
[2019-12-08T11:42:36.543+0000][1][safepoint    ] Application time: 4.0002863 seconds
[2019-12-08T11:42:36.543+0000][1][safepoint    ] Entering safepoint region: Cleanup
[2019-12-08T11:42:36.543+0000][1][safepoint    ] Leaving safepoint region
[2019-12-08T11:42:36.543+0000][1][safepoint    ] Total time for which application threads were stopped: 0.0000875 seconds, Stopping threads took: 0.0000207 seconds
[2019-12-08T11:42:38.544+0000][1][safepoint    ] Application time: 2.0001528 seconds
[2019-12-08T11:42:38.544+0000][1][safepoint    ] Entering safepoint region: Cleanup
[2019-12-08T11:42:38.544+0000][1][safepoint    ] Leaving safepoint region
[2019-12-08T11:42:38.544+0000][1][safepoint    ] Total time for which application threads were stopped: 0.0001027 seconds, Stopping threads took: 0.0000208 seconds
[2019-12-08T11:42:46.544+0000][1][safepoint    ] Application time: 8.0005558 seconds
[2019-12-08T11:42:46.544+0000][1][safepoint    ] Entering safepoint region: Cleanup
[2019-12-08T11:42:46.544+0000][1][safepoint    ] Leaving safepoint region
[2019-12-08T11:42:46.544+0000][1][safepoint    ] Total time for which application threads were stopped: 0.0000833 seconds, Stopping threads took: 0.0000187 seconds
[2019-12-08T11:42:51.545+0000][1][safepoint    ] Application time: 5.0003537 seconds
[2019-12-08T11:42:51.545+0000][1][safepoint    ] Entering safepoint region: Cleanup
[2019-12-08T11:42:51.545+0000][1][safepoint    ] Leaving safepoint region
[2019-12-08T11:42:51.545+0000][1][safepoint    ] Total time for which application threads were stopped: 0.0000850 seconds, Stopping threads took: 0.0000199 seconds
[2019-12-08T11:42:59.545+0000][1][safepoint    ] Application time: 8.0005563 seconds
[2019-12-08T11:42:59.546+0000][1][safepoint    ] Entering safepoint region: Cleanup
[2019-12-08T11:42:59.546+0000][1][safepoint    ] Leaving safepoint region
[2019-12-08T11:42:59.546+0000][1][safepoint    ] Total time for which application threads were stopped: 0.0000782 seconds, Stopping threads took: 0.0000201 seconds
[2019-12-08T11:43:00.546+0000][1][safepoint    ] Application time: 1.0000739 seconds
[2019-12-08T11:43:00.546+0000][1][safepoint    ] Entering safepoint region: Cleanup
[2019-12-08T11:43:00.546+0000][1][safepoint    ] Leaving safepoint region
[2019-12-08T11:43:00.546+0000][1][safepoint    ] Total time for which application threads were stopped: 0.0000808 seconds, Stopping threads took: 0.0000219 seconds
[2019-12-08T11:43:01.546+0000][1][safepoint    ] Application time: 1.0000785 seconds
[2019-12-08T11:43:01.546+0000][1][safepoint    ] Entering safepoint region: Cleanup
[2019-12-08T11:43:01.546+0000][1][safepoint    ] Leaving safepoint region
[2019-12-08T11:43:01.546+0000][1][safepoint    ] Total time for which application threads were stopped: 0.0000830 seconds, Stopping threads took: 0.0000215 seconds
[2019-12-08T11:43:02.546+0000][1][safepoint    ] Application time: 1.0000769 seconds
[2019-12-08T11:43:02.546+0000][1][safepoint    ] Entering safepoint region: Cleanup
[2019-12-08T11:43:02.546+0000][1][safepoint    ] Leaving safepoint region
[2019-12-08T11:43:02.546+0000][1][safepoint    ] Total time for which application threads were stopped: 0.0000782 seconds, Stopping threads took: 0.0000188 seconds
[2019-12-08T11:43:03.546+0000][1][safepoint    ] Application time: 1.0000783 seconds
[2019-12-08T11:43:03.546+0000][1][safepoint    ] Entering safepoint region: Cleanup
[2019-12-08T11:43:03.546+0000][1][safepoint    ] Leaving safepoint region
[2019-12-08T11:43:03.546+0000][1][safepoint    ] Total time for which application threads were stopped: 0.0000812 seconds, Stopping threads took: 0.0000203 seconds
[2019-12-08T11:43:04.546+0000][1][safepoint    ] Application time: 1.0000765 seconds
[2019-12-08T11:43:04.547+0000][1][safepoint    ] Entering safepoint region: Cleanup
[2019-12-08T11:43:04.547+0000][1][safepoint    ] Leaving safepoint region
[2019-12-08T11:43:04.547+0000][1][safepoint    ] Total time for which application threads were stopped: 0.0000806 seconds, Stopping threads took: 0.0000207 seconds
[2019-12-08T11:43:05.547+0000][1][safepoint    ] Application time: 1.0000748 seconds
[2019-12-08T11:43:05.547+0000][1][safepoint    ] Entering safepoint region: Cleanup
[2019-12-08T11:43:05.547+0000][1][safepoint    ] Leaving safepoint region
[2019-12-08T11:43:05.547+0000][1][safepoint    ] Total time for which application threads were stopped: 0.0000801 seconds, Stopping threads took: 0.0000194 seconds
[2019-12-08T11:43:06.547+0000][1][safepoint    ] Application time: 1.0000770 seconds
[2019-12-08T11:43:06.547+0000][1][safepoint    ] Entering safepoint region: Cleanup
[2019-12-08T11:43:06.547+0000][1][safepoint    ] Leaving safepoint region
[2019-12-08T11:43:06.547+0000][1][safepoint    ] Total time for which application threads were stopped: 0.0000804 seconds, Stopping threads took: 0.0000200 seconds
[2019-12-08T11:43:07.547+0000][1][safepoint    ] Application time: 1.0000837 seconds
[2019-12-08T11:43:07.547+0000][1][safepoint    ] Entering safepoint region: Cleanup
[2019-12-08T11:43:07.547+0000][1][safepoint    ] Leaving safepoint region
[2019-12-08T11:43:07.547+0000][1][safepoint    ] Total time for which application threads were stopped: 0.0000855 seconds, Stopping threads took: 0.0000216 seconds
[2019-12-08T11:43:08.547+0000][1][safepoint    ] Application time: 1.0000780 seconds
[2019-12-08T11:43:08.547+0000][1][safepoint    ] Entering safepoint region: Cleanup
[2019-12-08T11:43:08.547+0000][1][safepoint    ] Leaving safepoint region
[2019-12-08T11:43:08.547+0000][1][safepoint    ] Total time for which application threads were stopped: 0.0000850 seconds, Stopping threads took: 0.0000192 seconds
[2019-12-08T11:43:09.548+0000][1][safepoint    ] Application time: 1.0000777 seconds
[2019-12-08T11:43:09.548+0000][1][safepoint    ] Entering safepoint region: Cleanup
[2019-12-08T11:43:09.548+0000][1][safepoint    ] Leaving safepoint region
[2019-12-08T11:43:09.548+0000][1][safepoint    ] Total time for which application threads were stopped: 0.0000822 seconds, Stopping threads took: 0.0000198 seconds
[2019-12-08T11:43:10.548+0000][1][safepoint    ] Application time: 1.0000800 seconds
[2019-12-08T11:43:10.548+0000][1][safepoint    ] Entering safepoint region: Cleanup
[2019-12-08T11:43:10.548+0000][1][safepoint    ] Leaving safepoint region
[2019-12-08T11:43:10.548+0000][1][safepoint    ] Total time for which application threads were stopped: 0.0000820 seconds, Stopping threads took: 0.0000204 seconds
[2019-12-08T11:43:11.548+0000][1][safepoint    ] Application time: 1.0000800 seconds
[2019-12-08T11:43:11.548+0000][1][safepoint    ] Entering safepoint region: Cleanup
[2019-12-08T11:43:11.548+0000][1][safepoint    ] Leaving safepoint region
[2019-12-08T11:43:11.548+0000][1][safepoint    ] Total time for which application threads were stopped: 0.0000794 seconds, Stopping threads took: 0.0000210 seconds
[2019-12-08T11:43:12.548+0000][1][safepoint    ] Application time: 1.0000776 seconds
[2019-12-08T11:43:12.548+0000][1][safepoint    ] Entering safepoint region: Cleanup
[2019-12-08T11:43:12.548+0000][1][safepoint    ] Leaving safepoint region
[2019-12-08T11:43:12.548+0000][1][safepoint    ] Total time for which application threads were stopped: 0.0000796 seconds, Stopping threads took: 0.0000193 seconds
[2019-12-08T11:43:13.548+0000][1][safepoint    ] Application time: 1.0000787 seconds
[2019-12-08T11:43:13.548+0000][1][safepoint    ] Entering safepoint region: Cleanup
[2019-12-08T11:43:13.548+0000][1][safepoint    ] Leaving safepoint region
[2019-12-08T11:43:13.548+0000][1][safepoint    ] Total time for which application threads were stopped: 0.0000792 seconds, Stopping threads took: 0.0000197 seconds
[2019-12-08T11:43:14.549+0000][1][safepoint    ] Application time: 1.0000774 seconds
[2019-12-08T11:43:14.549+0000][1][safepoint    ] Entering safepoint region: Cleanup
[2019-12-08T11:43:14.549+0000][1][safepoint    ] Leaving safepoint region
[2019-12-08T11:43:14.549+0000][1][safepoint    ] Total time for which application threads were stopped: 0.0000810 seconds, Stopping threads took: 0.0000193 seconds
[2019-12-08T11:43:15.549+0000][1][safepoint    ] Application time: 1.0000766 seconds
[2019-12-08T11:43:15.549+0000][1][safepoint    ] Entering safepoint region: Cleanup
[2019-12-08T11:43:15.549+0000][1][safepoint    ] Leaving safepoint region
[2019-12-08T11:43:15.549+0000][1][safepoint    ] Total time for which application threads were stopped: 0.0000803 seconds, Stopping threads took: 0.0000207 seconds
[2019-12-08T11:43:16.549+0000][1][safepoint    ] Application time: 1.0000803 seconds
[2019-12-08T11:43:16.549+0000][1][safepoint    ] Entering safepoint region: Cleanup
[2019-12-08T11:43:16.549+0000][1][safepoint    ] Leaving safepoint region
[2019-12-08T11:43:16.549+0000][1][safepoint    ] Total time for which application threads were stopped: 0.0000845 seconds, Stopping threads took: 0.0000194 seconds
[2019-12-08T11:43:17.549+0000][1][safepoint    ] Application time: 1.0000765 seconds
[2019-12-08T11:43:17.549+0000][1][safepoint    ] Entering safepoint region: Cleanup
[2019-12-08T11:43:17.549+0000][1][safepoint    ] Leaving safepoint region
[2019-12-08T11:43:17.549+0000][1][safepoint    ] Total time for which application threads were stopped: 0.0000869 seconds, Stopping threads took: 0.0000267 seconds
[2019-12-08T11:43:18.549+0000][1][safepoint    ] Application time: 1.0000786 seconds
[2019-12-08T11:43:18.549+0000][1][safepoint    ] Entering safepoint region: Cleanup
[2019-12-08T11:43:18.549+0000][1][safepoint    ] Leaving safepoint region
[2019-12-08T11:43:18.549+0000][1][safepoint    ] Total time for which application threads were stopped: 0.0000829 seconds, Stopping threads took: 0.0000218 seconds
[2019-12-08T11:43:19.550+0000][1][safepoint    ] Application time: 1.0000769 seconds
[2019-12-08T11:43:19.550+0000][1][safepoint    ] Entering safepoint region: Cleanup
[2019-12-08T11:43:19.550+0000][1][safepoint    ] Leaving safepoint region
[2019-12-08T11:43:19.550+0000][1][safepoint    ] Total time for which application threads were stopped: 0.0000787 seconds, Stopping threads took: 0.0000198 seconds
[2019-12-08T11:43:20.550+0000][1][safepoint    ] Application time: 1.0000837 seconds
[2019-12-08T11:43:20.550+0000][1][safepoint    ] Entering safepoint region: Cleanup
[2019-12-08T11:43:20.550+0000][1][safepoint    ] Leaving safepoint region
[2019-12-08T11:43:20.550+0000][1][safepoint    ] Total time for which application threads were stopped: 0.0000794 seconds, Stopping threads took: 0.0000185 seconds
[2019-12-08T11:43:21.550+0000][1][safepoint    ] Application time: 1.0000785 seconds
[2019-12-08T11:43:21.550+0000][1][safepoint    ] Entering safepoint region: Cleanup
[2019-12-08T11:43:21.550+0000][1][safepoint    ] Leaving safepoint region
[2019-12-08T11:43:21.550+0000][1][safepoint    ] Total time for which application threads were stopped: 0.0000785 seconds, Stopping threads took: 0.0000187 seconds
[2019-12-08T11:43:22.550+0000][1][safepoint    ] Application time: 1.0000765 seconds
[2019-12-08T11:43:22.550+0000][1][safepoint    ] Entering safepoint region: Cleanup
[2019-12-08T11:43:22.550+0000][1][safepoint    ] Leaving safepoint region
[2019-12-08T11:43:22.550+0000][1][safepoint    ] Total time for which application threads were stopped: 0.0000952 seconds, Stopping threads took: 0.0000189 seconds
[2019-12-08T11:43:23.550+0000][1][safepoint    ] Application time: 1.0000803 seconds
[2019-12-08T11:43:23.550+0000][1][safepoint    ] Entering safepoint region: Cleanup
[2019-12-08T11:43:23.550+0000][1][safepoint    ] Leaving safepoint region
[2019-12-08T11:43:23.550+0000][1][safepoint    ] Total time for which application threads were stopped: 0.0000807 seconds, Stopping threads took: 0.0000204 seconds
[2019-12-08T11:43:24.551+0000][1][safepoint    ] Application time: 1.0000793 seconds
[2019-12-08T11:43:24.551+0000][1][safepoint    ] Entering safepoint region: Cleanup
[2019-12-08T11:43:24.551+0000][1][safepoint    ] Leaving safepoint region
[2019-12-08T11:43:24.551+0000][1][safepoint    ] Total time for which application threads were stopped: 0.0000923 seconds, Stopping threads took: 0.0000198 seconds
[2019-12-08T11:43:25.551+0000][1][safepoint    ] Application time: 1.0000782 seconds
[2019-12-08T11:43:25.551+0000][1][safepoint    ] Entering safepoint region: Cleanup
[2019-12-08T11:43:25.551+0000][1][safepoint    ] Leaving safepoint region
[2019-12-08T11:43:25.551+0000][1][safepoint    ] Total time for which application threads were stopped: 0.0000816 seconds, Stopping threads took: 0.0000204 seconds
[2019-12-08T11:43:26.551+0000][1][safepoint    ] Application time: 1.0000778 seconds
[2019-12-08T11:43:26.551+0000][1][safepoint    ] Entering safepoint region: Cleanup
[2019-12-08T11:43:26.551+0000][1][safepoint    ] Leaving safepoint region
[2019-12-08T11:43:26.551+0000][1][safepoint    ] Total time for which application threads were stopped: 0.0000810 seconds, Stopping threads took: 0.0000200 seconds
[2019-12-08T11:43:27.551+0000][1][safepoint    ] Application time: 1.0000787 seconds
[2019-12-08T11:43:27.551+0000][1][safepoint    ] Entering safepoint region: Cleanup
[2019-12-08T11:43:27.551+0000][1][safepoint    ] Leaving safepoint region
[2019-12-08T11:43:27.551+0000][1][safepoint    ] Total time for which application threads were stopped: 0.0000808 seconds, Stopping threads took: 0.0000185 seconds
[2019-12-08T11:43:28.551+0000][1][safepoint    ] Application time: 1.0000795 seconds
[2019-12-08T11:43:28.551+0000][1][safepoint    ] Entering safepoint region: Cleanup
[2019-12-08T11:43:28.552+0000][1][safepoint    ] Leaving safepoint region
[2019-12-08T11:43:28.552+0000][1][safepoint    ] Total time for which application threads were stopped: 0.0000787 seconds, Stopping threads took: 0.0000194 seconds
[2019-12-08T11:43:29.552+0000][1][safepoint    ] Application time: 1.0000779 seconds
[2019-12-08T11:43:29.552+0000][1][safepoint    ] Entering safepoint region: Cleanup
[2019-12-08T11:43:29.552+0000][1][safepoint    ] Leaving safepoint region
[2019-12-08T11:43:29.552+0000][1][safepoint    ] Total time for which application threads were stopped: 0.0000887 seconds, Stopping threads took: 0.0000198 seconds
[2019-12-08T11:43:30.552+0000][1][safepoint    ] Application time: 1.0000781 seconds
[2019-12-08T11:43:30.552+0000][1][safepoint    ] Entering safepoint region: Cleanup
[2019-12-08T11:43:30.552+0000][1][safepoint    ] Leaving safepoint region
[2019-12-08T11:43:30.552+0000][1][safepoint    ] Total time for which application threads were stopped: 0.0000791 seconds, Stopping threads took: 0.0000199 seconds
[2019-12-08T11:43:31.552+0000][1][safepoint    ] Application time: 1.0000774 seconds
[2019-12-08T11:43:31.552+0000][1][safepoint    ] Entering safepoint region: Cleanup
[2019-12-08T11:43:31.552+0000][1][safepoint    ] Leaving safepoint region
[2019-12-08T11:43:31.552+0000][1][safepoint    ] Total time for which application threads were stopped: 0.0000836 seconds, Stopping threads took: 0.0000187 seconds
[2019-12-08T11:43:31.764+0000][1][safepoint    ] Application time: 0.2121886 seconds
[2019-12-08T11:43:31.764+0000][1][safepoint    ] Entering safepoint region: GenCollectForAllocation
[2019-12-08T11:43:31.764+0000][1][gc,start     ] GC(31) Pause Young (Allocation Failure)
[2019-12-08T11:43:31.765+0000][1][gc,task      ] GC(31) Using 4 workers of 4 for evacuation
[2019-12-08T11:43:31.766+0000][1][gc,age       ] GC(31) Desired survivor size 4456448 bytes, new threshold 6 (max threshold 6)
[2019-12-08T11:43:31.766+0000][1][gc,age       ] GC(31) Age table with threshold 6 (max threshold 6)
[2019-12-08T11:43:31.766+0000][1][gc,age       ] GC(31) - age   1:       4976 bytes,       4976 total
[2019-12-08T11:43:31.766+0000][1][gc,age       ] GC(31) - age   2:        920 bytes,       5896 total
[2019-12-08T11:43:31.766+0000][1][gc,age       ] GC(31) - age   3:       2920 bytes,       8816 total
[2019-12-08T11:43:31.766+0000][1][gc,age       ] GC(31) - age   4:       1904 bytes,      10720 total
[2019-12-08T11:43:31.766+0000][1][gc,age       ] GC(31) - age   5:       3592 bytes,      14312 total
[2019-12-08T11:43:31.766+0000][1][gc,age       ] GC(31) - age   6:       5896 bytes,      20208 total
[2019-12-08T11:43:31.766+0000][1][gc,heap      ] GC(31) ParNew: 70427K->141K(78656K)
[2019-12-08T11:43:31.766+0000][1][gc,heap      ] GC(31) CMS: 70795K->70835K(174784K)
[2019-12-08T11:43:31.766+0000][1][gc,metaspace ] GC(31) Metaspace: 69737K->69737K(1114112K)
[2019-12-08T11:43:31.766+0000][1][gc           ] GC(31) Pause Young (Allocation Failure) 137M->69M(247M) 1.140ms
[2019-12-08T11:43:31.766+0000][1][gc,cpu       ] GC(31) User=0.00s Sys=0.00s Real=0.00s
[2019-12-08T11:43:31.766+0000][1][safepoint    ] Leaving safepoint region
[2019-12-08T11:43:31.766+0000][1][safepoint    ] Total time for which application threads were stopped: 0.0012954 seconds, Stopping threads took: 0.0000210 seconds
[2019-12-08T11:43:32.766+0000][1][safepoint    ] Application time: 1.0000941 seconds
[2019-12-08T11:43:32.766+0000][1][safepoint    ] Entering safepoint region: Cleanup
[2019-12-08T11:43:32.766+0000][1][safepoint    ] Leaving safepoint region
[2019-12-08T11:43:32.766+0000][1][safepoint    ] Total time for which application threads were stopped: 0.0000822 seconds, Stopping threads took: 0.0000197 seconds
[2019-12-08T11:43:33.766+0000][1][safepoint    ] Application time: 1.0000841 seconds
[2019-12-08T11:43:33.766+0000][1][safepoint    ] Entering safepoint region: Cleanup
[2019-12-08T11:43:33.766+0000][1][safepoint    ] Leaving safepoint region
[2019-12-08T11:43:33.766+0000][1][safepoint    ] Total time for which application threads were stopped: 0.0000754 seconds, Stopping threads took: 0.0000190 seconds
[2019-12-08T11:43:34.766+0000][1][safepoint    ] Application time: 1.0000755 seconds
[2019-12-08T11:43:34.766+0000][1][safepoint    ] Entering safepoint region: Cleanup
[2019-12-08T11:43:34.766+0000][1][safepoint    ] Leaving safepoint region
[2019-12-08T11:43:34.766+0000][1][safepoint    ] Total time for which application threads were stopped: 0.0000717 seconds, Stopping threads took: 0.0000179 seconds
[2019-12-08T11:43:35.766+0000][1][safepoint    ] Application time: 1.0000760 seconds
[2019-12-08T11:43:35.766+0000][1][safepoint    ] Entering safepoint region: Cleanup
[2019-12-08T11:43:35.766+0000][1][safepoint    ] Leaving safepoint region
[2019-12-08T11:43:35.766+0000][1][safepoint    ] Total time for which application threads were stopped: 0.0000802 seconds, Stopping threads took: 0.0000185 seconds
[2019-12-08T11:43:36.767+0000][1][safepoint    ] Application time: 1.0000780 seconds
[2019-12-08T11:43:36.767+0000][1][safepoint    ] Entering safepoint region: Cleanup
[2019-12-08T11:43:36.767+0000][1][safepoint    ] Leaving safepoint region
[2019-12-08T11:43:36.767+0000][1][safepoint    ] Total time for which application threads were stopped: 0.0000708 seconds, Stopping threads took: 0.0000166 seconds
[2019-12-08T11:43:37.767+0000][1][safepoint    ] Application time: 1.0000771 seconds
[2019-12-08T11:43:37.767+0000][1][safepoint    ] Entering safepoint region: Cleanup
[2019-12-08T11:43:37.767+0000][1][safepoint    ] Leaving safepoint region
[2019-12-08T11:43:37.767+0000][1][safepoint    ] Total time for which application threads were stopped: 0.0000731 seconds, Stopping threads took: 0.0000175 seconds
[2019-12-08T11:43:38.767+0000][1][safepoint    ] Application time: 1.0000748 seconds
[2019-12-08T11:43:38.767+0000][1][safepoint    ] Entering safepoint region: Cleanup
[2019-12-08T11:43:38.767+0000][1][safepoint    ] Leaving safepoint region
[2019-12-08T11:43:38.767+0000][1][safepoint    ] Total time for which application threads were stopped: 0.0000734 seconds, Stopping threads took: 0.0000186 seconds
[2019-12-08T11:43:39.767+0000][1][safepoint    ] Application time: 1.0000767 seconds
[2019-12-08T11:43:39.767+0000][1][safepoint    ] Entering safepoint region: Cleanup
[2019-12-08T11:43:39.767+0000][1][safepoint    ] Leaving safepoint region
[2019-12-08T11:43:39.767+0000][1][safepoint    ] Total time for which application threads were stopped: 0.0000695 seconds, Stopping threads took: 0.0000161 seconds
[2019-12-08T11:43:40.767+0000][1][safepoint    ] Application time: 1.0000758 seconds
[2019-12-08T11:43:40.767+0000][1][safepoint    ] Entering safepoint region: Cleanup
[2019-12-08T11:43:40.767+0000][1][safepoint    ] Leaving safepoint region
[2019-12-08T11:43:40.767+0000][1][safepoint    ] Total time for which application threads were stopped: 0.0000671 seconds, Stopping threads took: 0.0000159 seconds
[2019-12-08T11:43:41.767+0000][1][safepoint    ] Application time: 1.0000796 seconds
[2019-12-08T11:43:41.768+0000][1][safepoint    ] Entering safepoint region: Cleanup
[2019-12-08T11:43:41.768+0000][1][safepoint    ] Leaving safepoint region
[2019-12-08T11:43:41.768+0000][1][safepoint    ] Total time for which application threads were stopped: 0.0000844 seconds, Stopping threads took: 0.0000189 seconds
[2019-12-08T11:43:42.768+0000][1][safepoint    ] Application time: 1.0000779 seconds
[2019-12-08T11:43:42.768+0000][1][safepoint    ] Entering safepoint region: Cleanup
[2019-12-08T11:43:42.768+0000][1][safepoint    ] Leaving safepoint region
[2019-12-08T11:43:42.768+0000][1][safepoint    ] Total time for which application threads were stopped: 0.0000825 seconds, Stopping threads took: 0.0000177 seconds
[2019-12-08T11:43:43.768+0000][1][safepoint    ] Application time: 1.0000760 seconds
[2019-12-08T11:43:43.768+0000][1][safepoint    ] Entering safepoint region: Cleanup
[2019-12-08T11:43:43.768+0000][1][safepoint    ] Leaving safepoint region
[2019-12-08T11:43:43.768+0000][1][safepoint    ] Total time for which application threads were stopped: 0.0000677 seconds, Stopping threads took: 0.0000165 seconds
[2019-12-08T11:43:44.768+0000][1][safepoint    ] Application time: 1.0000768 seconds
[2019-12-08T11:43:44.768+0000][1][safepoint    ] Entering safepoint region: Cleanup
[2019-12-08T11:43:44.768+0000][1][safepoint    ] Leaving safepoint region
[2019-12-08T11:43:44.768+0000][1][safepoint    ] Total time for which application threads were stopped: 0.0000676 seconds, Stopping threads took: 0.0000180 seconds
[2019-12-08T11:43:45.768+0000][1][safepoint    ] Application time: 1.0000770 seconds
[2019-12-08T11:43:45.768+0000][1][safepoint    ] Entering safepoint region: Cleanup
[2019-12-08T11:43:45.768+0000][1][safepoint    ] Leaving safepoint region
[2019-12-08T11:43:45.768+0000][1][safepoint    ] Total time for which application threads were stopped: 0.0000703 seconds, Stopping threads took: 0.0000164 seconds
[2019-12-08T11:43:46.768+0000][1][safepoint    ] Application time: 1.0000780 seconds
[2019-12-08T11:43:46.768+0000][1][safepoint    ] Entering safepoint region: Cleanup
[2019-12-08T11:43:46.769+0000][1][safepoint    ] Leaving safepoint region
[2019-12-08T11:43:46.769+0000][1][safepoint    ] Total time for which application threads were stopped: 0.0000702 seconds, Stopping threads took: 0.0000177 seconds
[2019-12-08T11:43:47.769+0000][1][safepoint    ] Application time: 1.0000776 seconds
[2019-12-08T11:43:47.769+0000][1][safepoint    ] Entering safepoint region: Cleanup
[2019-12-08T11:43:47.769+0000][1][safepoint    ] Leaving safepoint region
[2019-12-08T11:43:47.769+0000][1][safepoint    ] Total time for which application threads were stopped: 0.0000802 seconds, Stopping threads took: 0.0000173 seconds
[2019-12-08T11:43:48.769+0000][1][safepoint    ] Application time: 1.0000782 seconds
[2019-12-08T11:43:48.769+0000][1][safepoint    ] Entering safepoint region: Cleanup
[2019-12-08T11:43:48.769+0000][1][safepoint    ] Leaving safepoint region
[2019-12-08T11:43:48.769+0000][1][safepoint    ] Total time for which application threads were stopped: 0.0000694 seconds, Stopping threads took: 0.0000182 seconds
[2019-12-08T11:43:49.769+0000][1][safepoint    ] Application time: 1.0000870 seconds
[2019-12-08T11:43:49.769+0000][1][safepoint    ] Entering safepoint region: Cleanup
[2019-12-08T11:43:49.769+0000][1][safepoint    ] Leaving safepoint region
[2019-12-08T11:43:49.769+0000][1][safepoint    ] Total time for which application threads were stopped: 0.0000775 seconds, Stopping threads took: 0.0000198 seconds
[2019-12-08T11:43:50.769+0000][1][safepoint    ] Application time: 1.0000793 seconds
[2019-12-08T11:43:50.769+0000][1][safepoint    ] Entering safepoint region: Cleanup
[2019-12-08T11:43:50.769+0000][1][safepoint    ] Leaving safepoint region
[2019-12-08T11:43:50.769+0000][1][safepoint    ] Total time for which application threads were stopped: 0.0000735 seconds, Stopping threads took: 0.0000194 seconds
[2019-12-08T11:43:51.769+0000][1][safepoint    ] Application time: 1.0000781 seconds
[2019-12-08T11:43:51.769+0000][1][safepoint    ] Entering safepoint region: Cleanup
[2019-12-08T11:43:51.769+0000][1][safepoint    ] Leaving safepoint region
[2019-12-08T11:43:51.769+0000][1][safepoint    ] Total time for which application threads were stopped: 0.0000768 seconds, Stopping threads took: 0.0000178 seconds
[2019-12-08T11:43:52.770+0000][1][safepoint    ] Application time: 1.0000902 seconds
[2019-12-08T11:43:52.770+0000][1][safepoint    ] Entering safepoint region: Cleanup
[2019-12-08T11:43:52.770+0000][1][safepoint    ] Leaving safepoint region
[2019-12-08T11:43:52.770+0000][1][safepoint    ] Total time for which application threads were stopped: 0.0001283 seconds, Stopping threads took: 0.0000285 seconds
[2019-12-08T11:43:53.770+0000][1][safepoint    ] Application time: 1.0000775 seconds
[2019-12-08T11:43:53.770+0000][1][safepoint    ] Entering safepoint region: Cleanup
[2019-12-08T11:43:53.770+0000][1][safepoint    ] Leaving safepoint region
[2019-12-08T11:43:53.770+0000][1][safepoint    ] Total time for which application threads were stopped: 0.0000730 seconds, Stopping threads took: 0.0000188 seconds
[2019-12-08T11:43:54.770+0000][1][safepoint    ] Application time: 1.0000764 seconds
[2019-12-08T11:43:54.770+0000][1][safepoint    ] Entering safepoint region: Cleanup
[2019-12-08T11:43:54.770+0000][1][safepoint    ] Leaving safepoint region
[2019-12-08T11:43:54.770+0000][1][safepoint    ] Total time for which application threads were stopped: 0.0000844 seconds, Stopping threads took: 0.0000293 seconds
[2019-12-08T11:43:55.770+0000][1][safepoint    ] Application time: 1.0000758 seconds
[2019-12-08T11:43:55.770+0000][1][safepoint    ] Entering safepoint region: Cleanup
[2019-12-08T11:43:55.770+0000][1][safepoint    ] Leaving safepoint region
[2019-12-08T11:43:55.770+0000][1][safepoint    ] Total time for which application threads were stopped: 0.0000757 seconds, Stopping threads took: 0.0000198 seconds
[2019-12-08T11:43:56.770+0000][1][safepoint    ] Application time: 1.0000787 seconds
[2019-12-08T11:43:56.770+0000][1][safepoint    ] Entering safepoint region: Cleanup
[2019-12-08T11:43:56.770+0000][1][safepoint    ] Leaving safepoint region
[2019-12-08T11:43:56.770+0000][1][safepoint    ] Total time for which application threads were stopped: 0.0000673 seconds, Stopping threads took: 0.0000169 seconds
[2019-12-08T11:43:57.773+0000][1][safepoint    ] Application time: 1.0029896 seconds
[2019-12-08T11:43:57.774+0000][1][safepoint    ] Entering safepoint region: Cleanup
[2019-12-08T11:43:57.774+0000][1][safepoint    ] Leaving safepoint region
[2019-12-08T11:43:57.774+0000][1][safepoint    ] Total time for which application threads were stopped: 0.0000697 seconds, Stopping threads took: 0.0000189 seconds
[2019-12-08T11:43:58.774+0000][1][safepoint    ] Application time: 1.0000775 seconds
[2019-12-08T11:43:58.774+0000][1][safepoint    ] Entering safepoint region: Cleanup
[2019-12-08T11:43:58.774+0000][1][safepoint    ] Leaving safepoint region
[2019-12-08T11:43:58.774+0000][1][safepoint    ] Total time for which application threads were stopped: 0.0000742 seconds, Stopping threads took: 0.0000224 seconds
[2019-12-08T11:43:59.774+0000][1][safepoint    ] Application time: 1.0000744 seconds
[2019-12-08T11:43:59.774+0000][1][safepoint    ] Entering safepoint region: Cleanup
[2019-12-08T11:43:59.774+0000][1][safepoint    ] Leaving safepoint region
[2019-12-08T11:43:59.774+0000][1][safepoint    ] Total time for which application threads were stopped: 0.0000664 seconds, Stopping threads took: 0.0000167 seconds
[2019-12-08T11:44:00.774+0000][1][safepoint    ] Application time: 1.0000729 seconds
[2019-12-08T11:44:00.774+0000][1][safepoint    ] Entering safepoint region: Cleanup
[2019-12-08T11:44:00.774+0000][1][safepoint    ] Leaving safepoint region
[2019-12-08T11:44:00.774+0000][1][safepoint    ] Total time for which application threads were stopped: 0.0000696 seconds, Stopping threads took: 0.0000169 seconds
[2019-12-08T11:44:01.774+0000][1][safepoint    ] Application time: 1.0000753 seconds
[2019-12-08T11:44:01.774+0000][1][safepoint    ] Entering safepoint region: Cleanup
[2019-12-08T11:44:01.774+0000][1][safepoint    ] Leaving safepoint region
[2019-12-08T11:44:01.774+0000][1][safepoint    ] Total time for which application threads were stopped: 0.0000746 seconds, Stopping threads took: 0.0000174 seconds
[2019-12-08T11:44:02.774+0000][1][safepoint    ] Application time: 1.0000778 seconds
[2019-12-08T11:44:02.774+0000][1][safepoint    ] Entering safepoint region: Cleanup
[2019-12-08T11:44:02.774+0000][1][safepoint    ] Leaving safepoint region
[2019-12-08T11:44:02.775+0000][1][safepoint    ] Total time for which application threads were stopped: 0.0000754 seconds, Stopping threads took: 0.0000209 seconds
[2019-12-08T11:44:03.775+0000][1][safepoint    ] Application time: 1.0000830 seconds
[2019-12-08T11:44:03.775+0000][1][safepoint    ] Entering safepoint region: Cleanup
[2019-12-08T11:44:03.775+0000][1][safepoint    ] Leaving safepoint region
[2019-12-08T11:44:03.775+0000][1][safepoint    ] Total time for which application threads were stopped: 0.0000830 seconds, Stopping threads took: 0.0000183 seconds
[2019-12-08T11:44:04.775+0000][1][safepoint    ] Application time: 1.0000797 seconds
[2019-12-08T11:44:04.775+0000][1][safepoint    ] Entering safepoint region: Cleanup
[2019-12-08T11:44:04.775+0000][1][safepoint    ] Leaving safepoint region
[2019-12-08T11:44:04.775+0000][1][safepoint    ] Total time for which application threads were stopped: 0.0000762 seconds, Stopping threads took: 0.0000202 seconds
[2019-12-08T11:44:05.775+0000][1][safepoint    ] Application time: 1.0000822 seconds
[2019-12-08T11:44:05.775+0000][1][safepoint    ] Entering safepoint region: Cleanup
[2019-12-08T11:44:05.775+0000][1][safepoint    ] Leaving safepoint region
[2019-12-08T11:44:05.775+0000][1][safepoint    ] Total time for which application threads were stopped: 0.0000748 seconds, Stopping threads took: 0.0000176 seconds
[2019-12-08T11:44:06.775+0000][1][safepoint    ] Application time: 1.0000786 seconds
[2019-12-08T11:44:06.775+0000][1][safepoint    ] Entering safepoint region: Cleanup
[2019-12-08T11:44:06.775+0000][1][safepoint    ] Leaving safepoint region
[2019-12-08T11:44:06.775+0000][1][safepoint    ] Total time for which application threads were stopped: 0.0000722 seconds, Stopping threads took: 0.0000185 seconds
[2019-12-08T11:44:07.775+0000][1][safepoint    ] Application time: 1.0000788 seconds
[2019-12-08T11:44:07.775+0000][1][safepoint    ] Entering safepoint region: Cleanup
[2019-12-08T11:44:07.775+0000][1][safepoint    ] Leaving safepoint region
[2019-12-08T11:44:07.775+0000][1][safepoint    ] Total time for which application threads were stopped: 0.0000695 seconds, Stopping threads took: 0.0000177 seconds
[2019-12-08T11:44:08.776+0000][1][safepoint    ] Application time: 1.0000773 seconds
[2019-12-08T11:44:08.776+0000][1][safepoint    ] Entering safepoint region: Cleanup
[2019-12-08T11:44:08.776+0000][1][safepoint    ] Leaving safepoint region
[2019-12-08T11:44:08.776+0000][1][safepoint    ] Total time for which application threads were stopped: 0.0000718 seconds, Stopping threads took: 0.0000181 seconds
[2019-12-08T11:44:09.776+0000][1][safepoint    ] Application time: 1.0000917 seconds
[2019-12-08T11:44:09.776+0000][1][safepoint    ] Entering safepoint region: Cleanup
[2019-12-08T11:44:09.776+0000][1][safepoint    ] Leaving safepoint region
[2019-12-08T11:44:09.776+0000][1][safepoint    ] Total time for which application threads were stopped: 0.0000696 seconds, Stopping threads took: 0.0000182 seconds
[2019-12-08T11:44:10.776+0000][1][safepoint    ] Application time: 1.0000753 seconds
[2019-12-08T11:44:10.776+0000][1][safepoint    ] Entering safepoint region: Cleanup
[2019-12-08T11:44:10.776+0000][1][safepoint    ] Leaving safepoint region
[2019-12-08T11:44:10.776+0000][1][safepoint    ] Total time for which application threads were stopped: 0.0000795 seconds, Stopping threads took: 0.0000197 seconds
[2019-12-08T11:44:11.776+0000][1][safepoint    ] Application time: 1.0000855 seconds
[2019-12-08T11:44:11.776+0000][1][safepoint    ] Entering safepoint region: Cleanup
[2019-12-08T11:44:11.776+0000][1][safepoint    ] Leaving safepoint region
[2019-12-08T11:44:11.776+0000][1][safepoint    ] Total time for which application threads were stopped: 0.0000699 seconds, Stopping threads took: 0.0000183 seconds
[2019-12-08T11:44:12.776+0000][1][safepoint    ] Application time: 1.0000786 seconds
[2019-12-08T11:44:12.776+0000][1][safepoint    ] Entering safepoint region: Cleanup
[2019-12-08T11:44:12.776+0000][1][safepoint    ] Leaving safepoint region
[2019-12-08T11:44:12.776+0000][1][safepoint    ] Total time for which application threads were stopped: 0.0000723 seconds, Stopping threads took: 0.0000184 seconds
[2019-12-08T11:44:13.777+0000][1][safepoint    ] Application time: 1.0000781 seconds
[2019-12-08T11:44:13.777+0000][1][safepoint    ] Entering safepoint region: Cleanup
[2019-12-08T11:44:13.777+0000][1][safepoint    ] Leaving safepoint region
[2019-12-08T11:44:13.777+0000][1][safepoint    ] Total time for which application threads were stopped: 0.0000679 seconds, Stopping threads took: 0.0000162 seconds
[2019-12-08T11:44:14.777+0000][1][safepoint    ] Application time: 1.0000801 seconds
[2019-12-08T11:44:14.777+0000][1][safepoint    ] Entering safepoint region: Cleanup
[2019-12-08T11:44:14.777+0000][1][safepoint    ] Leaving safepoint region
[2019-12-08T11:44:14.777+0000][1][safepoint    ] Total time for which application threads were stopped: 0.0000732 seconds, Stopping threads took: 0.0000178 seconds
[2019-12-08T11:44:15.777+0000][1][safepoint    ] Application time: 1.0000781 seconds
[2019-12-08T11:44:15.777+0000][1][safepoint    ] Entering safepoint region: Cleanup
[2019-12-08T11:44:15.777+0000][1][safepoint    ] Leaving safepoint region
[2019-12-08T11:44:15.777+0000][1][safepoint    ] Total time for which application threads were stopped: 0.0000695 seconds, Stopping threads took: 0.0000182 seconds
[2019-12-08T11:44:16.777+0000][1][safepoint    ] Application time: 1.0000751 seconds
[2019-12-08T11:44:16.777+0000][1][safepoint    ] Entering safepoint region: Cleanup
[2019-12-08T11:44:16.777+0000][1][safepoint    ] Leaving safepoint region
[2019-12-08T11:44:16.777+0000][1][safepoint    ] Total time for which application threads were stopped: 0.0000691 seconds, Stopping threads took: 0.0000179 seconds
[2019-12-08T11:44:17.777+0000][1][safepoint    ] Application time: 1.0000797 seconds
[2019-12-08T11:44:17.777+0000][1][safepoint    ] Entering safepoint region: Cleanup
[2019-12-08T11:44:17.777+0000][1][safepoint    ] Leaving safepoint region
[2019-12-08T11:44:17.777+0000][1][safepoint    ] Total time for which application threads were stopped: 0.0000693 seconds, Stopping threads took: 0.0000172 seconds
[2019-12-08T11:44:18.777+0000][1][safepoint    ] Application time: 1.0000795 seconds
[2019-12-08T11:44:18.778+0000][1][safepoint    ] Entering safepoint region: Cleanup
[2019-12-08T11:44:18.778+0000][1][safepoint    ] Leaving safepoint region
[2019-12-08T11:44:18.778+0000][1][safepoint    ] Total time for which application threads were stopped: 0.0000708 seconds, Stopping threads took: 0.0000185 seconds
[2019-12-08T11:44:19.778+0000][1][safepoint    ] Application time: 1.0000808 seconds
[2019-12-08T11:44:19.778+0000][1][safepoint    ] Entering safepoint region: Cleanup
[2019-12-08T11:44:19.778+0000][1][safepoint    ] Leaving safepoint region
[2019-12-08T11:44:19.778+0000][1][safepoint    ] Total time for which application threads were stopped: 0.0000715 seconds, Stopping threads took: 0.0000187 seconds
[2019-12-08T11:44:20.778+0000][1][safepoint    ] Application time: 1.0000782 seconds
[2019-12-08T11:44:20.778+0000][1][safepoint    ] Entering safepoint region: Cleanup
[2019-12-08T11:44:20.778+0000][1][safepoint    ] Leaving safepoint region
[2019-12-08T11:44:20.778+0000][1][safepoint    ] Total time for which application threads were stopped: 0.0000693 seconds, Stopping threads took: 0.0000160 seconds
[2019-12-08T11:44:21.778+0000][1][safepoint    ] Application time: 1.0000773 seconds
[2019-12-08T11:44:21.778+0000][1][safepoint    ] Entering safepoint region: Cleanup
[2019-12-08T11:44:21.778+0000][1][safepoint    ] Leaving safepoint region
[2019-12-08T11:44:21.778+0000][1][safepoint    ] Total time for which application threads were stopped: 0.0000710 seconds, Stopping threads took: 0.0000157 seconds
[2019-12-08T11:44:22.778+0000][1][safepoint    ] Application time: 1.0000833 seconds
[2019-12-08T11:44:22.778+0000][1][safepoint    ] Entering safepoint region: Cleanup
[2019-12-08T11:44:22.778+0000][1][safepoint    ] Leaving safepoint region
[2019-12-08T11:44:22.778+0000][1][safepoint    ] Total time for which application threads were stopped: 0.0000717 seconds, Stopping threads took: 0.0000179 seconds
[2019-12-08T11:44:23.778+0000][1][safepoint    ] Application time: 1.0000763 seconds
[2019-12-08T11:44:23.778+0000][1][safepoint    ] Entering safepoint region: Cleanup
[2019-12-08T11:44:23.779+0000][1][safepoint    ] Leaving safepoint region
[2019-12-08T11:44:23.779+0000][1][safepoint    ] Total time for which application threads were stopped: 0.0000702 seconds, Stopping threads took: 0.0000178 seconds
[2019-12-08T11:44:24.779+0000][1][safepoint    ] Application time: 1.0000761 seconds
[2019-12-08T11:44:24.779+0000][1][safepoint    ] Entering safepoint region: Cleanup
[2019-12-08T11:44:24.779+0000][1][safepoint    ] Leaving safepoint region
[2019-12-08T11:44:24.779+0000][1][safepoint    ] Total time for which application threads were stopped: 0.0000811 seconds, Stopping threads took: 0.0000186 seconds
[2019-12-08T11:44:25.779+0000][1][safepoint    ] Application time: 1.0000756 seconds
[2019-12-08T11:44:25.779+0000][1][safepoint    ] Entering safepoint region: Cleanup
[2019-12-08T11:44:25.779+0000][1][safepoint    ] Leaving safepoint region
[2019-12-08T11:44:25.779+0000][1][safepoint    ] Total time for which application threads were stopped: 0.0000698 seconds, Stopping threads took: 0.0000167 seconds
[2019-12-08T11:44:26.779+0000][1][safepoint    ] Application time: 1.0000780 seconds
[2019-12-08T11:44:26.779+0000][1][safepoint    ] Entering safepoint region: Cleanup
[2019-12-08T11:44:26.779+0000][1][safepoint    ] Leaving safepoint region
[2019-12-08T11:44:26.779+0000][1][safepoint    ] Total time for which application threads were stopped: 0.0000669 seconds, Stopping threads took: 0.0000166 seconds
[2019-12-08T11:44:27.779+0000][1][safepoint    ] Application time: 1.0000783 seconds
[2019-12-08T11:44:27.779+0000][1][safepoint    ] Entering safepoint region: Cleanup
[2019-12-08T11:44:27.779+0000][1][safepoint    ] Leaving safepoint region
[2019-12-08T11:44:27.779+0000][1][safepoint    ] Total time for which application threads were stopped: 0.0000713 seconds, Stopping threads took: 0.0000174 seconds
[2019-12-08T11:44:28.779+0000][1][safepoint    ] Application time: 1.0000771 seconds
[2019-12-08T11:44:28.779+0000][1][safepoint    ] Entering safepoint region: Cleanup
[2019-12-08T11:44:28.779+0000][1][safepoint    ] Leaving safepoint region
[2019-12-08T11:44:28.779+0000][1][safepoint    ] Total time for which application threads were stopped: 0.0000702 seconds, Stopping threads took: 0.0000173 seconds
[2019-12-08T11:44:29.780+0000][1][safepoint    ] Application time: 1.0000771 seconds
[2019-12-08T11:44:29.780+0000][1][safepoint    ] Entering safepoint region: Cleanup
[2019-12-08T11:44:29.780+0000][1][safepoint    ] Leaving safepoint region
[2019-12-08T11:44:29.780+0000][1][safepoint    ] Total time for which application threads were stopped: 0.0000686 seconds, Stopping threads took: 0.0000178 seconds
[2019-12-08T11:44:30.780+0000][1][safepoint    ] Application time: 1.0000757 seconds
[2019-12-08T11:44:30.780+0000][1][safepoint    ] Entering safepoint region: Cleanup
[2019-12-08T11:44:30.780+0000][1][safepoint    ] Leaving safepoint region
[2019-12-08T11:44:30.780+0000][1][safepoint    ] Total time for which application threads were stopped: 0.0000681 seconds, Stopping threads took: 0.0000169 seconds
[2019-12-08T11:44:31.780+0000][1][safepoint    ] Application time: 1.0000735 seconds
[2019-12-08T11:44:31.780+0000][1][safepoint    ] Entering safepoint region: Cleanup
[2019-12-08T11:44:31.780+0000][1][safepoint    ] Leaving safepoint region
[2019-12-08T11:44:31.780+0000][1][safepoint    ] Total time for which application threads were stopped: 0.0000697 seconds, Stopping threads took: 0.0000162 seconds
[2019-12-08T11:44:32.780+0000][1][safepoint    ] Application time: 1.0000773 seconds
[2019-12-08T11:44:32.780+0000][1][safepoint    ] Entering safepoint region: Cleanup
[2019-12-08T11:44:32.780+0000][1][safepoint    ] Leaving safepoint region
[2019-12-08T11:44:32.780+0000][1][safepoint    ] Total time for which application threads were stopped: 0.0000762 seconds, Stopping threads took: 0.0000170 seconds
[2019-12-08T11:44:33.780+0000][1][safepoint    ] Application time: 1.0000748 seconds
[2019-12-08T11:44:33.780+0000][1][safepoint    ] Entering safepoint region: Cleanup
[2019-12-08T11:44:33.780+0000][1][safepoint    ] Leaving safepoint region
[2019-12-08T11:44:33.780+0000][1][safepoint    ] Total time for which application threads were stopped: 0.0000701 seconds, Stopping threads took: 0.0000179 seconds
[2019-12-08T11:44:34.780+0000][1][safepoint    ] Application time: 1.0000727 seconds
[2019-12-08T11:44:34.780+0000][1][safepoint    ] Entering safepoint region: Cleanup
[2019-12-08T11:44:34.781+0000][1][safepoint    ] Leaving safepoint region
[2019-12-08T11:44:34.781+0000][1][safepoint    ] Total time for which application threads were stopped: 0.0000687 seconds, Stopping threads took: 0.0000175 seconds
[2019-12-08T11:44:35.781+0000][1][safepoint    ] Application time: 1.0000738 seconds
[2019-12-08T11:44:35.781+0000][1][safepoint    ] Entering safepoint region: Cleanup
[2019-12-08T11:44:35.781+0000][1][safepoint    ] Leaving safepoint region
[2019-12-08T11:44:35.781+0000][1][safepoint    ] Total time for which application threads were stopped: 0.0000778 seconds, Stopping threads took: 0.0000163 seconds
[2019-12-08T11:44:36.781+0000][1][safepoint    ] Application time: 1.0000802 seconds
[2019-12-08T11:44:36.781+0000][1][safepoint    ] Entering safepoint region: Cleanup
[2019-12-08T11:44:36.781+0000][1][safepoint    ] Leaving safepoint region
[2019-12-08T11:44:36.781+0000][1][safepoint    ] Total time for which application threads were stopped: 0.0000771 seconds, Stopping threads took: 0.0000186 seconds
[2019-12-08T11:44:37.781+0000][1][safepoint    ] Application time: 1.0000767 seconds
[2019-12-08T11:44:37.781+0000][1][safepoint    ] Entering safepoint region: Cleanup
[2019-12-08T11:44:37.781+0000][1][safepoint    ] Leaving safepoint region
[2019-12-08T11:44:37.781+0000][1][safepoint    ] Total time for which application threads were stopped: 0.0000683 seconds, Stopping threads took: 0.0000170 seconds
[2019-12-08T11:44:38.781+0000][1][safepoint    ] Application time: 1.0000791 seconds
[2019-12-08T11:44:38.781+0000][1][safepoint    ] Entering safepoint region: Cleanup
[2019-12-08T11:44:38.781+0000][1][safepoint    ] Leaving safepoint region
[2019-12-08T11:44:38.781+0000][1][safepoint    ] Total time for which application threads were stopped: 0.0000740 seconds, Stopping threads took: 0.0000172 seconds
[2019-12-08T11:44:39.781+0000][1][safepoint    ] Application time: 1.0000744 seconds
[2019-12-08T11:44:39.781+0000][1][safepoint    ] Entering safepoint region: Cleanup
[2019-12-08T11:44:39.781+0000][1][safepoint    ] Leaving safepoint region
[2019-12-08T11:44:39.781+0000][1][safepoint    ] Total time for which application threads were stopped: 0.0000706 seconds, Stopping threads took: 0.0000171 seconds
[2019-12-08T11:44:40.782+0000][1][safepoint    ] Application time: 1.0000766 seconds
[2019-12-08T11:44:40.782+0000][1][safepoint    ] Entering safepoint region: Cleanup
[2019-12-08T11:44:40.782+0000][1][safepoint    ] Leaving safepoint region
[2019-12-08T11:44:40.782+0000][1][safepoint    ] Total time for which application threads were stopped: 0.0000720 seconds, Stopping threads took: 0.0000166 seconds
[2019-12-08T11:44:41.782+0000][1][safepoint    ] Application time: 1.0000628 seconds
[2019-12-08T11:44:41.782+0000][1][safepoint    ] Entering safepoint region: Cleanup
[2019-12-08T11:44:41.782+0000][1][safepoint    ] Leaving safepoint region
[2019-12-08T11:44:41.782+0000][1][safepoint    ] Total time for which application threads were stopped: 0.0000676 seconds, Stopping threads took: 0.0000162 seconds
[2019-12-08T11:44:42.782+0000][1][safepoint    ] Application time: 1.0000804 seconds
[2019-12-08T11:44:42.782+0000][1][safepoint    ] Entering safepoint region: Cleanup
[2019-12-08T11:44:42.782+0000][1][safepoint    ] Leaving safepoint region
[2019-12-08T11:44:42.782+0000][1][safepoint    ] Total time for which application threads were stopped: 0.0000885 seconds, Stopping threads took: 0.0000291 seconds
[2019-12-08T11:44:43.782+0000][1][safepoint    ] Application time: 1.0000739 seconds
[2019-12-08T11:44:43.782+0000][1][safepoint    ] Entering safepoint region: Cleanup
[2019-12-08T11:44:43.782+0000][1][safepoint    ] Leaving safepoint region
[2019-12-08T11:44:43.782+0000][1][safepoint    ] Total time for which application threads were stopped: 0.0000682 seconds, Stopping threads took: 0.0000163 seconds
[2019-12-08T11:44:44.782+0000][1][safepoint    ] Application time: 1.0000802 seconds
[2019-12-08T11:44:44.782+0000][1][safepoint    ] Entering safepoint region: Cleanup
[2019-12-08T11:44:44.782+0000][1][safepoint    ] Leaving safepoint region
[2019-12-08T11:44:44.782+0000][1][safepoint    ] Total time for which application threads were stopped: 0.0000747 seconds, Stopping threads took: 0.0000164 seconds
[2019-12-08T11:44:45.589+0000][1][safepoint    ] Application time: 0.8065471 seconds
[2019-12-08T11:44:45.589+0000][1][safepoint    ] Entering safepoint region: GenCollectForAllocation
[2019-12-08T11:44:45.589+0000][1][gc,start     ] GC(32) Pause Young (Allocation Failure)
[2019-12-08T11:44:45.589+0000][1][gc,task      ] GC(32) Using 4 workers of 4 for evacuation
[2019-12-08T11:44:45.590+0000][1][gc,age       ] GC(32) Desired survivor size 4456448 bytes, new threshold 6 (max threshold 6)
[2019-12-08T11:44:45.590+0000][1][gc,age       ] GC(32) Age table with threshold 6 (max threshold 6)
[2019-12-08T11:44:45.590+0000][1][gc,age       ] GC(32) - age   1:      10608 bytes,      10608 total
[2019-12-08T11:44:45.590+0000][1][gc,age       ] GC(32) - age   2:         32 bytes,      10640 total
[2019-12-08T11:44:45.590+0000][1][gc,age       ] GC(32) - age   3:        824 bytes,      11464 total
[2019-12-08T11:44:45.590+0000][1][gc,age       ] GC(32) - age   4:       2920 bytes,      14384 total
[2019-12-08T11:44:45.590+0000][1][gc,age       ] GC(32) - age   5:       1904 bytes,      16288 total
[2019-12-08T11:44:45.590+0000][1][gc,age       ] GC(32) - age   6:       3592 bytes,      19880 total
[2019-12-08T11:44:45.590+0000][1][gc,heap      ] GC(32) ParNew: 70093K->48K(78656K)
[2019-12-08T11:44:45.590+0000][1][gc,heap      ] GC(32) CMS: 70835K->70841K(174784K)
[2019-12-08T11:44:45.590+0000][1][gc,metaspace ] GC(32) Metaspace: 69748K->69748K(1114112K)
[2019-12-08T11:44:45.590+0000][1][gc           ] GC(32) Pause Young (Allocation Failure) 137M->69M(247M) 1.112ms
[2019-12-08T11:44:45.590+0000][1][gc,cpu       ] GC(32) User=0.00s Sys=0.00s Real=0.00s
[2019-12-08T11:44:45.590+0000][1][safepoint    ] Leaving safepoint region
[2019-12-08T11:44:45.590+0000][1][safepoint    ] Total time for which application threads were stopped: 0.0012611 seconds, Stopping threads took: 0.0000191 seconds
[2019-12-08T11:44:46.590+0000][1][safepoint    ] Application time: 1.0000902 seconds
[2019-12-08T11:44:46.590+0000][1][safepoint    ] Entering safepoint region: Cleanup
[2019-12-08T11:44:46.590+0000][1][safepoint    ] Leaving safepoint region
[2019-12-08T11:44:46.590+0000][1][safepoint    ] Total time for which application threads were stopped: 0.0000761 seconds, Stopping threads took: 0.0000204 seconds
[2019-12-08T11:44:47.591+0000][1][safepoint    ] Application time: 1.0000798 seconds
[2019-12-08T11:44:47.591+0000][1][safepoint    ] Entering safepoint region: Cleanup
[2019-12-08T11:44:47.591+0000][1][safepoint    ] Leaving safepoint region
[2019-12-08T11:44:47.591+0000][1][safepoint    ] Total time for which application threads were stopped: 0.0000833 seconds, Stopping threads took: 0.0000197 seconds
[2019-12-08T11:44:48.785+0000][1][safepoint    ] Application time: 1.1944414 seconds
[2019-12-08T11:44:48.785+0000][1][safepoint    ] Entering safepoint region: Cleanup
[2019-12-08T11:44:48.785+0000][1][safepoint    ] Leaving safepoint region
[2019-12-08T11:44:48.785+0000][1][safepoint    ] Total time for which application threads were stopped: 0.0001902 seconds, Stopping threads took: 0.0000173 seconds
[2019-12-08T11:44:50.775+0000][1][safepoint    ] Application time: 1.9900897 seconds
[2019-12-08T11:44:50.776+0000][1][safepoint    ] Entering safepoint region: Cleanup
[2019-12-08T11:44:50.776+0000][1][safepoint    ] Leaving safepoint region
[2019-12-08T11:44:50.776+0000][1][safepoint    ] Total time for which application threads were stopped: 0.0001580 seconds, Stopping threads took: 0.0000758 seconds
[2019-12-08T11:44:51.776+0000][1][safepoint    ] Application time: 1.0000613 seconds
[2019-12-08T11:44:51.776+0000][1][safepoint    ] Entering safepoint region: Cleanup
[2019-12-08T11:44:51.776+0000][1][safepoint    ] Leaving safepoint region
[2019-12-08T11:44:51.776+0000][1][safepoint    ] Total time for which application threads were stopped: 0.0000987 seconds, Stopping threads took: 0.0000217 seconds
[2019-12-08T11:44:55.776+0000][1][safepoint    ] Application time: 4.0003005 seconds
[2019-12-08T11:44:55.776+0000][1][safepoint    ] Entering safepoint region: Cleanup
[2019-12-08T11:44:55.776+0000][1][safepoint    ] Leaving safepoint region
[2019-12-08T11:44:55.776+0000][1][safepoint    ] Total time for which application threads were stopped: 0.0000836 seconds, Stopping threads took: 0.0000196 seconds
[2019-12-08T11:44:59.777+0000][1][safepoint    ] Application time: 4.0002854 seconds
[2019-12-08T11:44:59.777+0000][1][safepoint    ] Entering safepoint region: Cleanup
[2019-12-08T11:44:59.777+0000][1][safepoint    ] Leaving safepoint region
[2019-12-08T11:44:59.777+0000][1][safepoint    ] Total time for which application threads were stopped: 0.0000816 seconds, Stopping threads took: 0.0000209 seconds
[2019-12-08T11:45:06.777+0000][1][safepoint    ] Application time: 7.0005055 seconds
[2019-12-08T11:45:06.777+0000][1][safepoint    ] Entering safepoint region: Cleanup
[2019-12-08T11:45:06.777+0000][1][safepoint    ] Leaving safepoint region
[2019-12-08T11:45:06.777+0000][1][safepoint    ] Total time for which application threads were stopped: 0.0000801 seconds, Stopping threads took: 0.0000196 seconds
[2019-12-08T11:45:07.777+0000][1][safepoint    ] Application time: 1.0000786 seconds
[2019-12-08T11:45:07.777+0000][1][safepoint    ] Entering safepoint region: Cleanup
[2019-12-08T11:45:07.778+0000][1][safepoint    ] Leaving safepoint region
[2019-12-08T11:45:07.778+0000][1][safepoint    ] Total time for which application threads were stopped: 0.0000808 seconds, Stopping threads took: 0.0000198 seconds
[2019-12-08T11:45:11.778+0000][1][safepoint    ] Application time: 4.0002624 seconds
[2019-12-08T11:45:11.778+0000][1][safepoint    ] Entering safepoint region: Cleanup
[2019-12-08T11:45:11.778+0000][1][safepoint    ] Leaving safepoint region
[2019-12-08T11:45:11.778+0000][1][safepoint    ] Total time for which application threads were stopped: 0.0000846 seconds, Stopping threads took: 0.0000219 seconds
[2019-12-08T11:45:12.778+0000][1][safepoint    ] Application time: 1.0000815 seconds
[2019-12-08T11:45:12.778+0000][1][safepoint    ] Entering safepoint region: Cleanup
[2019-12-08T11:45:12.778+0000][1][safepoint    ] Leaving safepoint region
[2019-12-08T11:45:12.778+0000][1][safepoint    ] Total time for which application threads were stopped: 0.0000869 seconds, Stopping threads took: 0.0000206 seconds
[2019-12-08T11:45:13.778+0000][1][safepoint    ] Application time: 1.0000899 seconds
[2019-12-08T11:45:13.778+0000][1][safepoint    ] Entering safepoint region: Cleanup
[2019-12-08T11:45:13.778+0000][1][safepoint    ] Leaving safepoint region
[2019-12-08T11:45:13.778+0000][1][safepoint    ] Total time for which application threads were stopped: 0.0000847 seconds, Stopping threads took: 0.0000202 seconds
[2019-12-08T11:45:17.779+0000][1][safepoint    ] Application time: 4.0003121 seconds
[2019-12-08T11:45:17.779+0000][1][safepoint    ] Entering safepoint region: Cleanup
[2019-12-08T11:45:17.779+0000][1][safepoint    ] Leaving safepoint region
[2019-12-08T11:45:17.779+0000][1][safepoint    ] Total time for which application threads were stopped: 0.0000870 seconds, Stopping threads took: 0.0000260 seconds
[2019-12-08T11:45:18.779+0000][1][safepoint    ] Application time: 1.0000772 seconds
[2019-12-08T11:45:18.779+0000][1][safepoint    ] Entering safepoint region: Cleanup
[2019-12-08T11:45:18.779+0000][1][safepoint    ] Leaving safepoint region
[2019-12-08T11:45:18.779+0000][1][safepoint    ] Total time for which application threads were stopped: 0.0000824 seconds, Stopping threads took: 0.0000206 seconds
[2019-12-08T11:45:24.779+0000][1][safepoint    ] Application time: 6.0004342 seconds
[2019-12-08T11:45:24.780+0000][1][safepoint    ] Entering safepoint region: Cleanup
[2019-12-08T11:45:24.780+0000][1][safepoint    ] Leaving safepoint region
[2019-12-08T11:45:24.780+0000][1][safepoint    ] Total time for which application threads were stopped: 0.0000816 seconds, Stopping threads took: 0.0000196 seconds
[2019-12-08T11:45:40.781+0000][1][safepoint    ] Application time: 16.0010813 seconds
[2019-12-08T11:45:40.781+0000][1][safepoint    ] Entering safepoint region: Cleanup
[2019-12-08T11:45:40.781+0000][1][safepoint    ] Leaving safepoint region
[2019-12-08T11:45:40.781+0000][1][safepoint    ] Total time for which application threads were stopped: 0.0001059 seconds, Stopping threads took: 0.0000259 seconds
[2019-12-08T11:45:41.781+0000][1][safepoint    ] Application time: 1.0000771 seconds
[2019-12-08T11:45:41.781+0000][1][safepoint    ] Entering safepoint region: Cleanup
[2019-12-08T11:45:41.781+0000][1][safepoint    ] Leaving safepoint region
[2019-12-08T11:45:41.781+0000][1][safepoint    ] Total time for which application threads were stopped: 0.0000819 seconds, Stopping threads took: 0.0000198 seconds
[2019-12-08T11:45:43.781+0000][1][safepoint    ] Application time: 2.0001459 seconds
[2019-12-08T11:45:43.781+0000][1][safepoint    ] Entering safepoint region: Cleanup
[2019-12-08T11:45:43.781+0000][1][safepoint    ] Leaving safepoint region
[2019-12-08T11:45:43.781+0000][1][safepoint    ] Total time for which application threads were stopped: 0.0000811 seconds, Stopping threads took: 0.0000199 seconds
[2019-12-08T11:45:57.817+0000][1][safepoint    ] Application time: 14.0356701 seconds
[2019-12-08T11:45:57.817+0000][1][safepoint    ] Entering safepoint region: GenCollectForAllocation
[2019-12-08T11:45:57.817+0000][1][gc,start     ] GC(33) Pause Young (Allocation Failure)
[2019-12-08T11:45:57.817+0000][1][gc,task      ] GC(33) Using 4 workers of 4 for evacuation
[2019-12-08T11:45:57.818+0000][1][gc,age       ] GC(33) Desired survivor size 4456448 bytes, new threshold 6 (max threshold 6)
[2019-12-08T11:45:57.818+0000][1][gc,age       ] GC(33) Age table with threshold 6 (max threshold 6)
[2019-12-08T11:45:57.818+0000][1][gc,age       ] GC(33) - age   1:       8288 bytes,       8288 total
[2019-12-08T11:45:57.818+0000][1][gc,age       ] GC(33) - age   2:       5744 bytes,      14032 total
[2019-12-08T11:45:57.818+0000][1][gc,age       ] GC(33) - age   3:         32 bytes,      14064 total
[2019-12-08T11:45:57.818+0000][1][gc,age       ] GC(33) - age   4:        824 bytes,      14888 total
[2019-12-08T11:45:57.818+0000][1][gc,age       ] GC(33) - age   5:       2920 bytes,      17808 total
[2019-12-08T11:45:57.818+0000][1][gc,age       ] GC(33) - age   6:       1904 bytes,      19712 total
[2019-12-08T11:45:57.818+0000][1][gc,heap      ] GC(33) ParNew: 69999K->25K(78656K)
[2019-12-08T11:45:57.818+0000][1][gc,heap      ] GC(33) CMS: 70841K->70844K(174784K)
[2019-12-08T11:45:57.818+0000][1][gc,metaspace ] GC(33) Metaspace: 69750K->69750K(1114112K)
[2019-12-08T11:45:57.818+0000][1][gc           ] GC(33) Pause Young (Allocation Failure) 137M->69M(247M) 1.120ms
[2019-12-08T11:45:57.818+0000][1][gc,cpu       ] GC(33) User=0.00s Sys=0.00s Real=0.00s
[2019-12-08T11:45:57.818+0000][1][safepoint    ] Leaving safepoint region
[2019-12-08T11:45:57.818+0000][1][safepoint    ] Total time for which application threads were stopped: 0.0013041 seconds, Stopping threads took: 0.0000434 seconds
[2019-12-08T11:46:12.822+0000][1][safepoint    ] Application time: 15.0041517 seconds
[2019-12-08T11:46:12.823+0000][1][safepoint    ] Entering safepoint region: Cleanup
[2019-12-08T11:46:12.823+0000][1][safepoint    ] Leaving safepoint region
[2019-12-08T11:46:12.823+0000][1][safepoint    ] Total time for which application threads were stopped: 0.0000859 seconds, Stopping threads took: 0.0000192 seconds
[2019-12-08T11:46:31.824+0000][1][safepoint    ] Application time: 19.0013666 seconds
[2019-12-08T11:46:31.824+0000][1][safepoint    ] Entering safepoint region: Cleanup
[2019-12-08T11:46:31.824+0000][1][safepoint    ] Leaving safepoint region
[2019-12-08T11:46:31.824+0000][1][safepoint    ] Total time for which application threads were stopped: 0.0000815 seconds, Stopping threads took: 0.0000200 seconds
[2019-12-08T11:46:40.825+0000][1][safepoint    ] Application time: 9.0006360 seconds
[2019-12-08T11:46:40.825+0000][1][safepoint    ] Entering safepoint region: Cleanup
[2019-12-08T11:46:40.825+0000][1][safepoint    ] Leaving safepoint region
[2019-12-08T11:46:40.825+0000][1][safepoint    ] Total time for which application threads were stopped: 0.0000802 seconds, Stopping threads took: 0.0000182 seconds
[2019-12-08T11:46:50.826+0000][1][safepoint    ] Application time: 10.0006802 seconds
[2019-12-08T11:46:50.826+0000][1][safepoint    ] Entering safepoint region: Cleanup
[2019-12-08T11:46:50.826+0000][1][safepoint    ] Leaving safepoint region
[2019-12-08T11:46:50.826+0000][1][safepoint    ] Total time for which application threads were stopped: 0.0000826 seconds, Stopping threads took: 0.0000197 seconds
[2019-12-08T11:47:01.826+0000][1][safepoint    ] Application time: 11.0007740 seconds
[2019-12-08T11:47:01.826+0000][1][safepoint    ] Entering safepoint region: Cleanup
[2019-12-08T11:47:01.827+0000][1][safepoint    ] Leaving safepoint region
[2019-12-08T11:47:01.827+0000][1][safepoint    ] Total time for which application threads were stopped: 0.0000838 seconds, Stopping threads took: 0.0000191 seconds
[2019-12-08T11:47:10.639+0000][1][safepoint    ] Application time: 8.8120604 seconds
[2019-12-08T11:47:10.639+0000][1][safepoint    ] Entering safepoint region: GenCollectForAllocation
[2019-12-08T11:47:10.639+0000][1][gc,start     ] GC(34) Pause Young (Allocation Failure)
[2019-12-08T11:47:10.639+0000][1][gc,task      ] GC(34) Using 4 workers of 4 for evacuation
[2019-12-08T11:47:10.640+0000][1][gc,age       ] GC(34) Desired survivor size 4456448 bytes, new threshold 6 (max threshold 6)
[2019-12-08T11:47:10.640+0000][1][gc,age       ] GC(34) Age table with threshold 6 (max threshold 6)
[2019-12-08T11:47:10.640+0000][1][gc,age       ] GC(34) - age   1:       6712 bytes,       6712 total
[2019-12-08T11:47:10.640+0000][1][gc,age       ] GC(34) - age   2:       2584 bytes,       9296 total
[2019-12-08T11:47:10.640+0000][1][gc,age       ] GC(34) - age   3:       5648 bytes,      14944 total
[2019-12-08T11:47:10.640+0000][1][gc,age       ] GC(34) - age   4:         32 bytes,      14976 total
[2019-12-08T11:47:10.640+0000][1][gc,age       ] GC(34) - age   5:        824 bytes,      15800 total
[2019-12-08T11:47:10.640+0000][1][gc,age       ] GC(34) - age   6:       2920 bytes,      18720 total
[2019-12-08T11:47:10.640+0000][1][gc,heap      ] GC(34) ParNew: 69977K->27K(78656K)
[2019-12-08T11:47:10.640+0000][1][gc,heap      ] GC(34) CMS: 70844K->70846K(174784K)
[2019-12-08T11:47:10.640+0000][1][gc,metaspace ] GC(34) Metaspace: 69753K->69753K(1114112K)
[2019-12-08T11:47:10.640+0000][1][gc           ] GC(34) Pause Young (Allocation Failure) 137M->69M(247M) 1.078ms
[2019-12-08T11:47:10.640+0000][1][gc,cpu       ] GC(34) User=0.00s Sys=0.00s Real=0.00s
[2019-12-08T11:47:10.640+0000][1][safepoint    ] Leaving safepoint region
[2019-12-08T11:47:10.640+0000][1][safepoint    ] Total time for which application threads were stopped: 0.0012340 seconds, Stopping threads took: 0.0000161 seconds
[2019-12-08T11:47:19.641+0000][1][safepoint    ] Application time: 9.0006237 seconds
[2019-12-08T11:47:19.641+0000][1][safepoint    ] Entering safepoint region: Cleanup
[2019-12-08T11:47:19.641+0000][1][safepoint    ] Leaving safepoint region
[2019-12-08T11:47:19.641+0000][1][safepoint    ] Total time for which application threads were stopped: 0.0000806 seconds, Stopping threads took: 0.0000196 seconds
[2019-12-08T11:47:20.641+0000][1][safepoint    ] Application time: 1.0000820 seconds
[2019-12-08T11:47:20.641+0000][1][safepoint    ] Entering safepoint region: Cleanup
[2019-12-08T11:47:20.641+0000][1][safepoint    ] Leaving safepoint region
[2019-12-08T11:47:20.641+0000][1][safepoint    ] Total time for which application threads were stopped: 0.0000842 seconds, Stopping threads took: 0.0000198 seconds
[2019-12-08T11:47:21.641+0000][1][safepoint    ] Application time: 1.0000894 seconds
[2019-12-08T11:47:21.641+0000][1][safepoint    ] Entering safepoint region: Cleanup
[2019-12-08T11:47:21.641+0000][1][safepoint    ] Leaving safepoint region
[2019-12-08T11:47:21.641+0000][1][safepoint    ] Total time for which application threads were stopped: 0.0000864 seconds, Stopping threads took: 0.0000206 seconds
[2019-12-08T11:47:46.643+0000][1][safepoint    ] Application time: 25.0017939 seconds
[2019-12-08T11:47:46.643+0000][1][safepoint    ] Entering safepoint region: Cleanup
[2019-12-08T11:47:46.643+0000][1][safepoint    ] Leaving safepoint region
[2019-12-08T11:47:46.643+0000][1][safepoint    ] Total time for which application threads were stopped: 0.0000781 seconds, Stopping threads took: 0.0000187 seconds
[2019-12-08T11:47:47.643+0000][1][safepoint    ] Application time: 1.0000849 seconds
[2019-12-08T11:47:47.643+0000][1][safepoint    ] Entering safepoint region: Cleanup
[2019-12-08T11:47:47.643+0000][1][safepoint    ] Leaving safepoint region
[2019-12-08T11:47:47.643+0000][1][safepoint    ] Total time for which application threads were stopped: 0.0000821 seconds, Stopping threads took: 0.0000199 seconds
[2019-12-08T11:47:57.644+0000][1][safepoint    ] Application time: 10.0006700 seconds
[2019-12-08T11:47:57.644+0000][1][safepoint    ] Entering safepoint region: Cleanup
[2019-12-08T11:47:57.644+0000][1][safepoint    ] Leaving safepoint region
[2019-12-08T11:47:57.644+0000][1][safepoint    ] Total time for which application threads were stopped: 0.0000932 seconds, Stopping threads took: 0.0000290 seconds
[2019-12-08T11:48:05.645+0000][1][safepoint    ] Application time: 8.0005539 seconds
[2019-12-08T11:48:05.645+0000][1][safepoint    ] Entering safepoint region: Cleanup
[2019-12-08T11:48:05.645+0000][1][safepoint    ] Leaving safepoint region
[2019-12-08T11:48:05.645+0000][1][safepoint    ] Total time for which application threads were stopped: 0.0000929 seconds, Stopping threads took: 0.0000208 seconds
[2019-12-08T11:48:06.645+0000][1][safepoint    ] Application time: 1.0000782 seconds
[2019-12-08T11:48:06.645+0000][1][safepoint    ] Entering safepoint region: Cleanup
[2019-12-08T11:48:06.645+0000][1][safepoint    ] Leaving safepoint region
[2019-12-08T11:48:06.645+0000][1][safepoint    ] Total time for which application threads were stopped: 0.0000804 seconds, Stopping threads took: 0.0000208 seconds
[2019-12-08T11:48:07.645+0000][1][safepoint    ] Application time: 1.0000780 seconds
[2019-12-08T11:48:07.645+0000][1][safepoint    ] Entering safepoint region: Cleanup
[2019-12-08T11:48:07.645+0000][1][safepoint    ] Leaving safepoint region
[2019-12-08T11:48:07.645+0000][1][safepoint    ] Total time for which application threads were stopped: 0.0000782 seconds, Stopping threads took: 0.0000205 seconds
[2019-12-08T11:48:08.645+0000][1][safepoint    ] Application time: 1.0000773 seconds
[2019-12-08T11:48:08.645+0000][1][safepoint    ] Entering safepoint region: Cleanup
[2019-12-08T11:48:08.645+0000][1][safepoint    ] Leaving safepoint region
[2019-12-08T11:48:08.645+0000][1][safepoint    ] Total time for which application threads were stopped: 0.0000750 seconds, Stopping threads took: 0.0000190 seconds
[2019-12-08T11:48:09.645+0000][1][safepoint    ] Application time: 1.0000789 seconds
[2019-12-08T11:48:09.645+0000][1][safepoint    ] Entering safepoint region: Cleanup
[2019-12-08T11:48:09.646+0000][1][safepoint    ] Leaving safepoint region
[2019-12-08T11:48:09.646+0000][1][safepoint    ] Total time for which application threads were stopped: 0.0000783 seconds, Stopping threads took: 0.0000194 seconds
[2019-12-08T11:48:10.646+0000][1][safepoint    ] Application time: 1.0000773 seconds
[2019-12-08T11:48:10.646+0000][1][safepoint    ] Entering safepoint region: Cleanup
[2019-12-08T11:48:10.646+0000][1][safepoint    ] Leaving safepoint region
[2019-12-08T11:48:10.646+0000][1][safepoint    ] Total time for which application threads were stopped: 0.0000870 seconds, Stopping threads took: 0.0000193 seconds
[2019-12-08T11:48:11.646+0000][1][safepoint    ] Application time: 1.0000764 seconds
[2019-12-08T11:48:11.646+0000][1][safepoint    ] Entering safepoint region: Cleanup
[2019-12-08T11:48:11.646+0000][1][safepoint    ] Leaving safepoint region
[2019-12-08T11:48:11.646+0000][1][safepoint    ] Total time for which application threads were stopped: 0.0000782 seconds, Stopping threads took: 0.0000199 seconds
[2019-12-08T11:48:12.646+0000][1][safepoint    ] Application time: 1.0000785 seconds
[2019-12-08T11:48:12.646+0000][1][safepoint    ] Entering safepoint region: Cleanup
[2019-12-08T11:48:12.646+0000][1][safepoint    ] Leaving safepoint region
[2019-12-08T11:48:12.646+0000][1][safepoint    ] Total time for which application threads were stopped: 0.0000780 seconds, Stopping threads took: 0.0000196 seconds
[2019-12-08T11:48:13.646+0000][1][safepoint    ] Application time: 1.0000756 seconds
[2019-12-08T11:48:13.646+0000][1][safepoint    ] Entering safepoint region: Cleanup
[2019-12-08T11:48:13.646+0000][1][safepoint    ] Leaving safepoint region
[2019-12-08T11:48:13.646+0000][1][safepoint    ] Total time for which application threads were stopped: 0.0000783 seconds, Stopping threads took: 0.0000201 seconds
[2019-12-08T11:48:14.646+0000][1][safepoint    ] Application time: 1.0000794 seconds
[2019-12-08T11:48:14.646+0000][1][safepoint    ] Entering safepoint region: Cleanup
[2019-12-08T11:48:14.647+0000][1][safepoint    ] Leaving safepoint region
[2019-12-08T11:48:14.647+0000][1][safepoint    ] Total time for which application threads were stopped: 0.0000752 seconds, Stopping threads took: 0.0000198 seconds
[2019-12-08T11:48:15.647+0000][1][safepoint    ] Application time: 1.0000767 seconds
[2019-12-08T11:48:15.647+0000][1][safepoint    ] Entering safepoint region: Cleanup
[2019-12-08T11:48:15.647+0000][1][safepoint    ] Leaving safepoint region
[2019-12-08T11:48:15.647+0000][1][safepoint    ] Total time for which application threads were stopped: 0.0000906 seconds, Stopping threads took: 0.0000333 seconds
[2019-12-08T11:48:16.647+0000][1][safepoint    ] Application time: 1.0000788 seconds
[2019-12-08T11:48:16.647+0000][1][safepoint    ] Entering safepoint region: Cleanup
[2019-12-08T11:48:16.647+0000][1][safepoint    ] Leaving safepoint region
[2019-12-08T11:48:16.647+0000][1][safepoint    ] Total time for which application threads were stopped: 0.0000756 seconds, Stopping threads took: 0.0000203 seconds
[2019-12-08T11:48:17.647+0000][1][safepoint    ] Application time: 1.0000772 seconds
[2019-12-08T11:48:17.647+0000][1][safepoint    ] Entering safepoint region: Cleanup
[2019-12-08T11:48:17.647+0000][1][safepoint    ] Leaving safepoint region
[2019-12-08T11:48:17.647+0000][1][safepoint    ] Total time for which application threads were stopped: 0.0000825 seconds, Stopping threads took: 0.0000210 seconds
[2019-12-08T11:48:18.647+0000][1][safepoint    ] Application time: 1.0000749 seconds
[2019-12-08T11:48:18.647+0000][1][safepoint    ] Entering safepoint region: Cleanup
[2019-12-08T11:48:18.647+0000][1][safepoint    ] Leaving safepoint region
[2019-12-08T11:48:18.647+0000][1][safepoint    ] Total time for which application threads were stopped: 0.0000745 seconds, Stopping threads took: 0.0000192 seconds
[2019-12-08T11:48:19.647+0000][1][safepoint    ] Application time: 1.0000763 seconds
[2019-12-08T11:48:19.647+0000][1][safepoint    ] Entering safepoint region: Cleanup
[2019-12-08T11:48:19.648+0000][1][safepoint    ] Leaving safepoint region
[2019-12-08T11:48:19.648+0000][1][safepoint    ] Total time for which application threads were stopped: 0.0000754 seconds, Stopping threads took: 0.0000203 seconds
[2019-12-08T11:48:20.648+0000][1][safepoint    ] Application time: 1.0000374 seconds
[2019-12-08T11:48:20.648+0000][1][safepoint    ] Entering safepoint region: Cleanup
[2019-12-08T11:48:20.648+0000][1][safepoint    ] Leaving safepoint region
[2019-12-08T11:48:20.648+0000][1][safepoint    ] Total time for which application threads were stopped: 0.0000942 seconds, Stopping threads took: 0.0000209 seconds
[2019-12-08T11:48:21.648+0000][1][safepoint    ] Application time: 1.0000772 seconds
[2019-12-08T11:48:21.648+0000][1][safepoint    ] Entering safepoint region: Cleanup
[2019-12-08T11:48:21.648+0000][1][safepoint    ] Leaving safepoint region
[2019-12-08T11:48:21.648+0000][1][safepoint    ] Total time for which application threads were stopped: 0.0000782 seconds, Stopping threads took: 0.0000210 seconds
[2019-12-08T11:48:22.648+0000][1][safepoint    ] Application time: 1.0000794 seconds
[2019-12-08T11:48:22.648+0000][1][safepoint    ] Entering safepoint region: Cleanup
[2019-12-08T11:48:22.648+0000][1][safepoint    ] Leaving safepoint region
[2019-12-08T11:48:22.648+0000][1][safepoint    ] Total time for which application threads were stopped: 0.0000829 seconds, Stopping threads took: 0.0000206 seconds
[2019-12-08T11:48:23.648+0000][1][safepoint    ] Application time: 1.0000788 seconds
[2019-12-08T11:48:23.648+0000][1][safepoint    ] Entering safepoint region: Cleanup
[2019-12-08T11:48:23.648+0000][1][safepoint    ] Leaving safepoint region
[2019-12-08T11:48:23.648+0000][1][safepoint    ] Total time for which application threads were stopped: 0.0000848 seconds, Stopping threads took: 0.0000226 seconds
[2019-12-08T11:48:24.648+0000][1][safepoint    ] Application time: 1.0000809 seconds
[2019-12-08T11:48:24.648+0000][1][safepoint    ] Entering safepoint region: Cleanup
[2019-12-08T11:48:24.649+0000][1][safepoint    ] Leaving safepoint region
[2019-12-08T11:48:24.649+0000][1][safepoint    ] Total time for which application threads were stopped: 0.0000792 seconds, Stopping threads took: 0.0000206 seconds
[2019-12-08T11:48:24.903+0000][1][safepoint    ] Application time: 0.2547615 seconds
[2019-12-08T11:48:24.903+0000][1][safepoint    ] Entering safepoint region: GenCollectForAllocation
[2019-12-08T11:48:24.903+0000][1][gc,start     ] GC(35) Pause Young (Allocation Failure)
[2019-12-08T11:48:24.903+0000][1][gc,task      ] GC(35) Using 4 workers of 4 for evacuation
[2019-12-08T11:48:24.904+0000][1][gc,age       ] GC(35) Desired survivor size 4456448 bytes, new threshold 6 (max threshold 6)
[2019-12-08T11:48:24.904+0000][1][gc,age       ] GC(35) Age table with threshold 6 (max threshold 6)
[2019-12-08T11:48:24.904+0000][1][gc,age       ] GC(35) - age   1:       5464 bytes,       5464 total
[2019-12-08T11:48:24.904+0000][1][gc,age       ] GC(35) - age   2:        960 bytes,       6424 total
[2019-12-08T11:48:24.905+0000][1][gc,age       ] GC(35) - age   3:       2488 bytes,       8912 total
[2019-12-08T11:48:24.905+0000][1][gc,age       ] GC(35) - age   4:       5648 bytes,      14560 total
[2019-12-08T11:48:24.905+0000][1][gc,age       ] GC(35) - age   5:         32 bytes,      14592 total
[2019-12-08T11:48:24.905+0000][1][gc,age       ] GC(35) - age   6:        824 bytes,      15416 total
[2019-12-08T11:48:24.905+0000][1][gc,heap      ] GC(35) ParNew: 69970K->22K(78656K)
[2019-12-08T11:48:24.905+0000][1][gc,heap      ] GC(35) CMS: 70846K->70849K(174784K)
[2019-12-08T11:48:24.905+0000][1][gc,metaspace ] GC(35) Metaspace: 69755K->69755K(1114112K)
[2019-12-08T11:48:24.905+0000][1][gc           ] GC(35) Pause Young (Allocation Failure) 137M->69M(247M) 1.102ms
[2019-12-08T11:48:24.905+0000][1][gc,cpu       ] GC(35) User=0.01s Sys=0.00s Real=0.00s
[2019-12-08T11:48:24.905+0000][1][safepoint    ] Leaving safepoint region
[2019-12-08T11:48:24.905+0000][1][safepoint    ] Total time for which application threads were stopped: 0.0012668 seconds, Stopping threads took: 0.0000224 seconds
[2019-12-08T11:48:25.905+0000][1][safepoint    ] Application time: 1.0000951 seconds
[2019-12-08T11:48:25.905+0000][1][safepoint    ] Entering safepoint region: Cleanup
[2019-12-08T11:48:25.905+0000][1][safepoint    ] Leaving safepoint region
[2019-12-08T11:48:25.905+0000][1][safepoint    ] Total time for which application threads were stopped: 0.0000716 seconds, Stopping threads took: 0.0000185 seconds
[2019-12-08T11:48:26.905+0000][1][safepoint    ] Application time: 1.0000872 seconds
[2019-12-08T11:48:26.905+0000][1][safepoint    ] Entering safepoint region: Cleanup
[2019-12-08T11:48:26.905+0000][1][safepoint    ] Leaving safepoint region
[2019-12-08T11:48:26.905+0000][1][safepoint    ] Total time for which application threads were stopped: 0.0000697 seconds, Stopping threads took: 0.0000177 seconds
[2019-12-08T11:48:27.905+0000][1][safepoint    ] Application time: 1.0000812 seconds
[2019-12-08T11:48:27.905+0000][1][safepoint    ] Entering safepoint region: Cleanup
[2019-12-08T11:48:27.905+0000][1][safepoint    ] Leaving safepoint region
[2019-12-08T11:48:27.905+0000][1][safepoint    ] Total time for which application threads were stopped: 0.0000707 seconds, Stopping threads took: 0.0000181 seconds
[2019-12-08T11:48:28.905+0000][1][safepoint    ] Application time: 1.0000872 seconds
[2019-12-08T11:48:28.905+0000][1][safepoint    ] Entering safepoint region: Cleanup
[2019-12-08T11:48:28.905+0000][1][safepoint    ] Leaving safepoint region
[2019-12-08T11:48:28.905+0000][1][safepoint    ] Total time for which application threads were stopped: 0.0000839 seconds, Stopping threads took: 0.0000238 seconds
[2019-12-08T11:48:29.905+0000][1][safepoint    ] Application time: 1.0000837 seconds
[2019-12-08T11:48:29.906+0000][1][safepoint    ] Entering safepoint region: Cleanup
[2019-12-08T11:48:29.906+0000][1][safepoint    ] Leaving safepoint region
[2019-12-08T11:48:29.906+0000][1][safepoint    ] Total time for which application threads were stopped: 0.0000981 seconds, Stopping threads took: 0.0000259 seconds
[2019-12-08T11:48:30.906+0000][1][safepoint    ] Application time: 1.0000883 seconds
[2019-12-08T11:48:30.906+0000][1][safepoint    ] Entering safepoint region: Cleanup
[2019-12-08T11:48:30.906+0000][1][safepoint    ] Leaving safepoint region
[2019-12-08T11:48:30.906+0000][1][safepoint    ] Total time for which application threads were stopped: 0.0000730 seconds, Stopping threads took: 0.0000191 seconds
[2019-12-08T11:48:31.906+0000][1][safepoint    ] Application time: 1.0000759 seconds
[2019-12-08T11:48:31.906+0000][1][safepoint    ] Entering safepoint region: Cleanup
[2019-12-08T11:48:31.906+0000][1][safepoint    ] Leaving safepoint region
[2019-12-08T11:48:31.906+0000][1][safepoint    ] Total time for which application threads were stopped: 0.0000722 seconds, Stopping threads took: 0.0000182 seconds
[2019-12-08T11:48:32.906+0000][1][safepoint    ] Application time: 1.0000787 seconds
[2019-12-08T11:48:32.906+0000][1][safepoint    ] Entering safepoint region: Cleanup
[2019-12-08T11:48:32.906+0000][1][safepoint    ] Leaving safepoint region
[2019-12-08T11:48:32.906+0000][1][safepoint    ] Total time for which application threads were stopped: 0.0000752 seconds, Stopping threads took: 0.0000191 seconds
[2019-12-08T11:48:33.906+0000][1][safepoint    ] Application time: 1.0000758 seconds
[2019-12-08T11:48:33.906+0000][1][safepoint    ] Entering safepoint region: Cleanup
[2019-12-08T11:48:33.906+0000][1][safepoint    ] Leaving safepoint region
[2019-12-08T11:48:33.906+0000][1][safepoint    ] Total time for which application threads were stopped: 0.0000739 seconds, Stopping threads took: 0.0000185 seconds
[2019-12-08T11:48:34.906+0000][1][safepoint    ] Application time: 1.0000784 seconds
[2019-12-08T11:48:34.906+0000][1][safepoint    ] Entering safepoint region: Cleanup
[2019-12-08T11:48:34.907+0000][1][safepoint    ] Leaving safepoint region
[2019-12-08T11:48:34.907+0000][1][safepoint    ] Total time for which application threads were stopped: 0.0000828 seconds, Stopping threads took: 0.0000211 seconds
[2019-12-08T11:48:35.907+0000][1][safepoint    ] Application time: 1.0000764 seconds
[2019-12-08T11:48:35.907+0000][1][safepoint    ] Entering safepoint region: Cleanup
[2019-12-08T11:48:35.907+0000][1][safepoint    ] Leaving safepoint region
[2019-12-08T11:48:35.907+0000][1][safepoint    ] Total time for which application threads were stopped: 0.0000856 seconds, Stopping threads took: 0.0000320 seconds
[2019-12-08T11:48:36.907+0000][1][safepoint    ] Application time: 1.0000755 seconds
[2019-12-08T11:48:36.907+0000][1][safepoint    ] Entering safepoint region: Cleanup
[2019-12-08T11:48:36.907+0000][1][safepoint    ] Leaving safepoint region
[2019-12-08T11:48:36.907+0000][1][safepoint    ] Total time for which application threads were stopped: 0.0000725 seconds, Stopping threads took: 0.0000185 seconds
[2019-12-08T11:48:37.907+0000][1][safepoint    ] Application time: 1.0000764 seconds
[2019-12-08T11:48:37.907+0000][1][safepoint    ] Entering safepoint region: Cleanup
[2019-12-08T11:48:37.907+0000][1][safepoint    ] Leaving safepoint region
[2019-12-08T11:48:37.907+0000][1][safepoint    ] Total time for which application threads were stopped: 0.0000726 seconds, Stopping threads took: 0.0000192 seconds
[2019-12-08T11:48:38.907+0000][1][safepoint    ] Application time: 1.0000782 seconds
[2019-12-08T11:48:38.907+0000][1][safepoint    ] Entering safepoint region: Cleanup
[2019-12-08T11:48:38.907+0000][1][safepoint    ] Leaving safepoint region
[2019-12-08T11:48:38.907+0000][1][safepoint    ] Total time for which application threads were stopped: 0.0000832 seconds, Stopping threads took: 0.0000291 seconds
[2019-12-08T11:48:39.907+0000][1][safepoint    ] Application time: 1.0000761 seconds
[2019-12-08T11:48:39.907+0000][1][safepoint    ] Entering safepoint region: Cleanup
[2019-12-08T11:48:39.907+0000][1][safepoint    ] Leaving safepoint region
[2019-12-08T11:48:39.908+0000][1][safepoint    ] Total time for which application threads were stopped: 0.0000766 seconds, Stopping threads took: 0.0000208 seconds
[2019-12-08T11:48:40.908+0000][1][safepoint    ] Application time: 1.0000794 seconds
[2019-12-08T11:48:40.908+0000][1][safepoint    ] Entering safepoint region: Cleanup
[2019-12-08T11:48:40.908+0000][1][safepoint    ] Leaving safepoint region
[2019-12-08T11:48:40.908+0000][1][safepoint    ] Total time for which application threads were stopped: 0.0000850 seconds, Stopping threads took: 0.0000181 seconds
[2019-12-08T11:48:41.908+0000][1][safepoint    ] Application time: 1.0000792 seconds
[2019-12-08T11:48:41.908+0000][1][safepoint    ] Entering safepoint region: Cleanup
[2019-12-08T11:48:41.908+0000][1][safepoint    ] Leaving safepoint region
[2019-12-08T11:48:41.908+0000][1][safepoint    ] Total time for which application threads were stopped: 0.0000735 seconds, Stopping threads took: 0.0000190 seconds
[2019-12-08T11:48:42.908+0000][1][safepoint    ] Application time: 1.0000742 seconds
[2019-12-08T11:48:42.908+0000][1][safepoint    ] Entering safepoint region: Cleanup
[2019-12-08T11:48:42.908+0000][1][safepoint    ] Leaving safepoint region
[2019-12-08T11:48:42.908+0000][1][safepoint    ] Total time for which application threads were stopped: 0.0000711 seconds, Stopping threads took: 0.0000184 seconds
[2019-12-08T11:48:43.908+0000][1][safepoint    ] Application time: 1.0000772 seconds
[2019-12-08T11:48:43.908+0000][1][safepoint    ] Entering safepoint region: Cleanup
[2019-12-08T11:48:43.908+0000][1][safepoint    ] Leaving safepoint region
[2019-12-08T11:48:43.908+0000][1][safepoint    ] Total time for which application threads were stopped: 0.0000720 seconds, Stopping threads took: 0.0000187 seconds
[2019-12-08T11:48:44.908+0000][1][safepoint    ] Application time: 1.0000793 seconds
[2019-12-08T11:48:44.908+0000][1][safepoint    ] Entering safepoint region: Cleanup
[2019-12-08T11:48:44.908+0000][1][safepoint    ] Leaving safepoint region
[2019-12-08T11:48:44.908+0000][1][safepoint    ] Total time for which application threads were stopped: 0.0000758 seconds, Stopping threads took: 0.0000199 seconds
[2019-12-08T11:48:45.909+0000][1][safepoint    ] Application time: 1.0000803 seconds
[2019-12-08T11:48:45.909+0000][1][safepoint    ] Entering safepoint region: Cleanup
[2019-12-08T11:48:45.909+0000][1][safepoint    ] Leaving safepoint region
[2019-12-08T11:48:45.909+0000][1][safepoint    ] Total time for which application threads were stopped: 0.0000736 seconds, Stopping threads took: 0.0000181 seconds
[2019-12-08T11:48:46.909+0000][1][safepoint    ] Application time: 1.0000794 seconds
[2019-12-08T11:48:46.909+0000][1][safepoint    ] Entering safepoint region: Cleanup
[2019-12-08T11:48:46.909+0000][1][safepoint    ] Leaving safepoint region
[2019-12-08T11:48:46.909+0000][1][safepoint    ] Total time for which application threads were stopped: 0.0000732 seconds, Stopping threads took: 0.0000192 seconds
[2019-12-08T11:48:47.915+0000][1][safepoint    ] Application time: 1.0063279 seconds
[2019-12-08T11:48:47.915+0000][1][safepoint    ] Entering safepoint region: Cleanup
[2019-12-08T11:48:47.915+0000][1][safepoint    ] Leaving safepoint region
[2019-12-08T11:48:47.915+0000][1][safepoint    ] Total time for which application threads were stopped: 0.0000828 seconds, Stopping threads took: 0.0000187 seconds
[2019-12-08T11:48:48.915+0000][1][safepoint    ] Application time: 1.0001158 seconds
[2019-12-08T11:48:48.915+0000][1][safepoint    ] Entering safepoint region: Cleanup
[2019-12-08T11:48:48.916+0000][1][safepoint    ] Leaving safepoint region
[2019-12-08T11:48:48.916+0000][1][safepoint    ] Total time for which application threads were stopped: 0.0001260 seconds, Stopping threads took: 0.0000261 seconds
[2019-12-08T11:48:49.916+0000][1][safepoint    ] Application time: 1.0000895 seconds
[2019-12-08T11:48:49.916+0000][1][safepoint    ] Entering safepoint region: Cleanup
[2019-12-08T11:48:49.916+0000][1][safepoint    ] Leaving safepoint region
[2019-12-08T11:48:49.916+0000][1][safepoint    ] Total time for which application threads were stopped: 0.0001011 seconds, Stopping threads took: 0.0000258 seconds
[2019-12-08T11:48:50.916+0000][1][safepoint    ] Application time: 1.0000901 seconds
[2019-12-08T11:48:50.916+0000][1][safepoint    ] Entering safepoint region: Cleanup
[2019-12-08T11:48:50.916+0000][1][safepoint    ] Leaving safepoint region
[2019-12-08T11:48:50.916+0000][1][safepoint    ] Total time for which application threads were stopped: 0.0000870 seconds, Stopping threads took: 0.0000196 seconds
[2019-12-08T11:48:51.916+0000][1][safepoint    ] Application time: 1.0000743 seconds
[2019-12-08T11:48:51.916+0000][1][safepoint    ] Entering safepoint region: Cleanup
[2019-12-08T11:48:51.916+0000][1][safepoint    ] Leaving safepoint region
[2019-12-08T11:48:51.916+0000][1][safepoint    ] Total time for which application threads were stopped: 0.0000771 seconds, Stopping threads took: 0.0000197 seconds
[2019-12-08T11:48:52.916+0000][1][safepoint    ] Application time: 1.0000789 seconds
[2019-12-08T11:48:52.916+0000][1][safepoint    ] Entering safepoint region: Cleanup
[2019-12-08T11:48:52.916+0000][1][safepoint    ] Leaving safepoint region
[2019-12-08T11:48:52.916+0000][1][safepoint    ] Total time for which application threads were stopped: 0.0000791 seconds, Stopping threads took: 0.0000196 seconds
[2019-12-08T11:48:53.917+0000][1][safepoint    ] Application time: 1.0000809 seconds
[2019-12-08T11:48:53.917+0000][1][safepoint    ] Entering safepoint region: Cleanup
[2019-12-08T11:48:53.917+0000][1][safepoint    ] Leaving safepoint region
[2019-12-08T11:48:53.917+0000][1][safepoint    ] Total time for which application threads were stopped: 0.0000764 seconds, Stopping threads took: 0.0000194 seconds
[2019-12-08T11:48:54.917+0000][1][safepoint    ] Application time: 1.0000607 seconds
[2019-12-08T11:48:54.917+0000][1][safepoint    ] Entering safepoint region: Cleanup
[2019-12-08T11:48:54.917+0000][1][safepoint    ] Leaving safepoint region
[2019-12-08T11:48:54.917+0000][1][safepoint    ] Total time for which application threads were stopped: 0.0000778 seconds, Stopping threads took: 0.0000207 seconds
[2019-12-08T11:48:55.917+0000][1][safepoint    ] Application time: 1.0000813 seconds
[2019-12-08T11:48:55.917+0000][1][safepoint    ] Entering safepoint region: Cleanup
[2019-12-08T11:48:55.917+0000][1][safepoint    ] Leaving safepoint region
[2019-12-08T11:48:55.917+0000][1][safepoint    ] Total time for which application threads were stopped: 0.0000840 seconds, Stopping threads took: 0.0000271 seconds
[2019-12-08T11:48:56.917+0000][1][safepoint    ] Application time: 1.0000768 seconds
[2019-12-08T11:48:56.917+0000][1][safepoint    ] Entering safepoint region: Cleanup
[2019-12-08T11:48:56.917+0000][1][safepoint    ] Leaving safepoint region
[2019-12-08T11:48:56.917+0000][1][safepoint    ] Total time for which application threads were stopped: 0.0000775 seconds, Stopping threads took: 0.0000201 seconds
[2019-12-08T11:48:57.917+0000][1][safepoint    ] Application time: 1.0000812 seconds
[2019-12-08T11:48:57.917+0000][1][safepoint    ] Entering safepoint region: Cleanup
[2019-12-08T11:48:57.917+0000][1][safepoint    ] Leaving safepoint region
[2019-12-08T11:48:57.917+0000][1][safepoint    ] Total time for which application threads were stopped: 0.0000777 seconds, Stopping threads took: 0.0000218 seconds
[2019-12-08T11:48:58.918+0000][1][safepoint    ] Application time: 1.0000778 seconds
[2019-12-08T11:48:58.918+0000][1][safepoint    ] Entering safepoint region: Cleanup
[2019-12-08T11:48:58.918+0000][1][safepoint    ] Leaving safepoint region
[2019-12-08T11:48:58.918+0000][1][safepoint    ] Total time for which application threads were stopped: 0.0000802 seconds, Stopping threads took: 0.0000213 seconds
[2019-12-08T11:48:59.918+0000][1][safepoint    ] Application time: 1.0000719 seconds
[2019-12-08T11:48:59.918+0000][1][safepoint    ] Entering safepoint region: Cleanup
[2019-12-08T11:48:59.918+0000][1][safepoint    ] Leaving safepoint region
[2019-12-08T11:48:59.918+0000][1][safepoint    ] Total time for which application threads were stopped: 0.0000783 seconds, Stopping threads took: 0.0000206 seconds
[2019-12-08T11:49:00.918+0000][1][safepoint    ] Application time: 1.0000774 seconds
[2019-12-08T11:49:00.918+0000][1][safepoint    ] Entering safepoint region: Cleanup
[2019-12-08T11:49:00.918+0000][1][safepoint    ] Leaving safepoint region
[2019-12-08T11:49:00.918+0000][1][safepoint    ] Total time for which application threads were stopped: 0.0000837 seconds, Stopping threads took: 0.0000271 seconds
[2019-12-08T11:49:01.918+0000][1][safepoint    ] Application time: 1.0000782 seconds
[2019-12-08T11:49:01.918+0000][1][safepoint    ] Entering safepoint region: Cleanup
[2019-12-08T11:49:01.918+0000][1][safepoint    ] Leaving safepoint region
[2019-12-08T11:49:01.918+0000][1][safepoint    ] Total time for which application threads were stopped: 0.0000779 seconds, Stopping threads took: 0.0000206 seconds
[2019-12-08T11:49:02.918+0000][1][safepoint    ] Application time: 1.0000822 seconds
[2019-12-08T11:49:02.918+0000][1][safepoint    ] Entering safepoint region: Cleanup
[2019-12-08T11:49:02.918+0000][1][safepoint    ] Leaving safepoint region
[2019-12-08T11:49:02.918+0000][1][safepoint    ] Total time for which application threads were stopped: 0.0000766 seconds, Stopping threads took: 0.0000203 seconds
[2019-12-08T11:49:03.919+0000][1][safepoint    ] Application time: 1.0000789 seconds
[2019-12-08T11:49:03.919+0000][1][safepoint    ] Entering safepoint region: Cleanup
[2019-12-08T11:49:03.919+0000][1][safepoint    ] Leaving safepoint region
[2019-12-08T11:49:03.919+0000][1][safepoint    ] Total time for which application threads were stopped: 0.0000787 seconds, Stopping threads took: 0.0000196 seconds
[2019-12-08T11:49:04.919+0000][1][safepoint    ] Application time: 1.0000828 seconds
[2019-12-08T11:49:04.919+0000][1][safepoint    ] Entering safepoint region: Cleanup
[2019-12-08T11:49:04.919+0000][1][safepoint    ] Leaving safepoint region
[2019-12-08T11:49:04.919+0000][1][safepoint    ] Total time for which application threads were stopped: 0.0000787 seconds, Stopping threads took: 0.0000204 seconds
[2019-12-08T11:49:05.919+0000][1][safepoint    ] Application time: 1.0000796 seconds
[2019-12-08T11:49:05.919+0000][1][safepoint    ] Entering safepoint region: Cleanup
[2019-12-08T11:49:05.919+0000][1][safepoint    ] Leaving safepoint region
[2019-12-08T11:49:05.919+0000][1][safepoint    ] Total time for which application threads were stopped: 0.0000760 seconds, Stopping threads took: 0.0000193 seconds
[2019-12-08T11:49:06.919+0000][1][safepoint    ] Application time: 1.0000847 seconds
[2019-12-08T11:49:06.919+0000][1][safepoint    ] Entering safepoint region: Cleanup
[2019-12-08T11:49:06.919+0000][1][safepoint    ] Leaving safepoint region
[2019-12-08T11:49:06.919+0000][1][safepoint    ] Total time for which application threads were stopped: 0.0000801 seconds, Stopping threads took: 0.0000211 seconds
[2019-12-08T11:49:07.919+0000][1][safepoint    ] Application time: 1.0000825 seconds
[2019-12-08T11:49:07.919+0000][1][safepoint    ] Entering safepoint region: Cleanup
[2019-12-08T11:49:07.919+0000][1][safepoint    ] Leaving safepoint region
[2019-12-08T11:49:07.919+0000][1][safepoint    ] Total time for which application threads were stopped: 0.0000789 seconds, Stopping threads took: 0.0000211 seconds
[2019-12-08T11:49:08.920+0000][1][safepoint    ] Application time: 1.0000865 seconds
[2019-12-08T11:49:08.920+0000][1][safepoint    ] Entering safepoint region: Cleanup
[2019-12-08T11:49:08.920+0000][1][safepoint    ] Leaving safepoint region
[2019-12-08T11:49:08.920+0000][1][safepoint    ] Total time for which application threads were stopped: 0.0000775 seconds, Stopping threads took: 0.0000208 seconds
[2019-12-08T11:49:09.920+0000][1][safepoint    ] Application time: 1.0000786 seconds
[2019-12-08T11:49:09.920+0000][1][safepoint    ] Entering safepoint region: Cleanup
[2019-12-08T11:49:09.920+0000][1][safepoint    ] Leaving safepoint region
[2019-12-08T11:49:09.920+0000][1][safepoint    ] Total time for which application threads were stopped: 0.0000763 seconds, Stopping threads took: 0.0000210 seconds
[2019-12-08T11:49:10.920+0000][1][safepoint    ] Application time: 1.0000786 seconds
[2019-12-08T11:49:10.920+0000][1][safepoint    ] Entering safepoint region: Cleanup
[2019-12-08T11:49:10.920+0000][1][safepoint    ] Leaving safepoint region
[2019-12-08T11:49:10.920+0000][1][safepoint    ] Total time for which application threads were stopped: 0.0000760 seconds, Stopping threads took: 0.0000199 seconds
[2019-12-08T11:49:11.920+0000][1][safepoint    ] Application time: 1.0000810 seconds
[2019-12-08T11:49:11.920+0000][1][safepoint    ] Entering safepoint region: Cleanup
[2019-12-08T11:49:11.920+0000][1][safepoint    ] Leaving safepoint region
[2019-12-08T11:49:11.920+0000][1][safepoint    ] Total time for which application threads were stopped: 0.0000786 seconds, Stopping threads took: 0.0000213 seconds
[2019-12-08T11:49:12.920+0000][1][safepoint    ] Application time: 1.0000793 seconds
[2019-12-08T11:49:12.920+0000][1][safepoint    ] Entering safepoint region: Cleanup
[2019-12-08T11:49:12.920+0000][1][safepoint    ] Leaving safepoint region
[2019-12-08T11:49:12.921+0000][1][safepoint    ] Total time for which application threads were stopped: 0.0000843 seconds, Stopping threads took: 0.0000208 seconds
[2019-12-08T11:49:13.921+0000][1][safepoint    ] Application time: 1.0000784 seconds
[2019-12-08T11:49:13.921+0000][1][safepoint    ] Entering safepoint region: Cleanup
[2019-12-08T11:49:13.921+0000][1][safepoint    ] Leaving safepoint region
[2019-12-08T11:49:13.921+0000][1][safepoint    ] Total time for which application threads were stopped: 0.0000932 seconds, Stopping threads took: 0.0000214 seconds
[2019-12-08T11:49:14.921+0000][1][safepoint    ] Application time: 1.0000975 seconds
[2019-12-08T11:49:14.921+0000][1][safepoint    ] Entering safepoint region: Cleanup
[2019-12-08T11:49:14.921+0000][1][safepoint    ] Leaving safepoint region
[2019-12-08T11:49:14.921+0000][1][safepoint    ] Total time for which application threads were stopped: 0.0000799 seconds, Stopping threads took: 0.0000207 seconds
[2019-12-08T11:49:15.921+0000][1][safepoint    ] Application time: 1.0000806 seconds
[2019-12-08T11:49:15.921+0000][1][safepoint    ] Entering safepoint region: Cleanup
[2019-12-08T11:49:15.921+0000][1][safepoint    ] Leaving safepoint region
[2019-12-08T11:49:15.921+0000][1][safepoint    ] Total time for which application threads were stopped: 0.0000803 seconds, Stopping threads took: 0.0000202 seconds
[2019-12-08T11:49:16.921+0000][1][safepoint    ] Application time: 1.0000802 seconds
[2019-12-08T11:49:16.921+0000][1][safepoint    ] Entering safepoint region: Cleanup
[2019-12-08T11:49:16.921+0000][1][safepoint    ] Leaving safepoint region
[2019-12-08T11:49:16.921+0000][1][safepoint    ] Total time for which application threads were stopped: 0.0000800 seconds, Stopping threads took: 0.0000213 seconds
[2019-12-08T11:49:17.921+0000][1][safepoint    ] Application time: 1.0000796 seconds
[2019-12-08T11:49:17.922+0000][1][safepoint    ] Entering safepoint region: Cleanup
[2019-12-08T11:49:17.922+0000][1][safepoint    ] Leaving safepoint region
[2019-12-08T11:49:17.922+0000][1][safepoint    ] Total time for which application threads were stopped: 0.0000793 seconds, Stopping threads took: 0.0000205 seconds
[2019-12-08T11:49:18.922+0000][1][safepoint    ] Application time: 1.0000797 seconds
[2019-12-08T11:49:18.922+0000][1][safepoint    ] Entering safepoint region: Cleanup
[2019-12-08T11:49:18.922+0000][1][safepoint    ] Leaving safepoint region
[2019-12-08T11:49:18.922+0000][1][safepoint    ] Total time for which application threads were stopped: 0.0000807 seconds, Stopping threads took: 0.0000228 seconds
[2019-12-08T11:49:19.922+0000][1][safepoint    ] Application time: 1.0000794 seconds
[2019-12-08T11:49:19.922+0000][1][safepoint    ] Entering safepoint region: Cleanup
[2019-12-08T11:49:19.922+0000][1][safepoint    ] Leaving safepoint region
[2019-12-08T11:49:19.922+0000][1][safepoint    ] Total time for which application threads were stopped: 0.0000933 seconds, Stopping threads took: 0.0000214 seconds
[2019-12-08T11:49:20.922+0000][1][safepoint    ] Application time: 1.0000768 seconds
[2019-12-08T11:49:20.922+0000][1][safepoint    ] Entering safepoint region: Cleanup
[2019-12-08T11:49:20.922+0000][1][safepoint    ] Leaving safepoint region
[2019-12-08T11:49:20.922+0000][1][safepoint    ] Total time for which application threads were stopped: 0.0000784 seconds, Stopping threads took: 0.0000202 seconds
[2019-12-08T11:49:21.922+0000][1][safepoint    ] Application time: 1.0000791 seconds
[2019-12-08T11:49:21.922+0000][1][safepoint    ] Entering safepoint region: Cleanup
[2019-12-08T11:49:21.922+0000][1][safepoint    ] Leaving safepoint region
[2019-12-08T11:49:21.922+0000][1][safepoint    ] Total time for which application threads were stopped: 0.0000784 seconds, Stopping threads took: 0.0000197 seconds
[2019-12-08T11:49:22.922+0000][1][safepoint    ] Application time: 1.0000789 seconds
[2019-12-08T11:49:22.923+0000][1][safepoint    ] Entering safepoint region: Cleanup
[2019-12-08T11:49:22.923+0000][1][safepoint    ] Leaving safepoint region
[2019-12-08T11:49:22.923+0000][1][safepoint    ] Total time for which application threads were stopped: 0.0000774 seconds, Stopping threads took: 0.0000193 seconds
[2019-12-08T11:49:23.923+0000][1][safepoint    ] Application time: 1.0000877 seconds
[2019-12-08T11:49:23.923+0000][1][safepoint    ] Entering safepoint region: Cleanup
[2019-12-08T11:49:23.923+0000][1][safepoint    ] Leaving safepoint region
[2019-12-08T11:49:23.923+0000][1][safepoint    ] Total time for which application threads were stopped: 0.0000799 seconds, Stopping threads took: 0.0000214 seconds
[2019-12-08T11:49:24.923+0000][1][safepoint    ] Application time: 1.0000783 seconds
[2019-12-08T11:49:24.923+0000][1][safepoint    ] Entering safepoint region: Cleanup
[2019-12-08T11:49:24.923+0000][1][safepoint    ] Leaving safepoint region
[2019-12-08T11:49:24.923+0000][1][safepoint    ] Total time for which application threads were stopped: 0.0000782 seconds, Stopping threads took: 0.0000194 seconds
[2019-12-08T11:49:25.923+0000][1][safepoint    ] Application time: 1.0000766 seconds
[2019-12-08T11:49:25.923+0000][1][safepoint    ] Entering safepoint region: Cleanup
[2019-12-08T11:49:25.923+0000][1][safepoint    ] Leaving safepoint region
[2019-12-08T11:49:25.923+0000][1][safepoint    ] Total time for which application threads were stopped: 0.0000791 seconds, Stopping threads took: 0.0000204 seconds
[2019-12-08T11:49:26.923+0000][1][safepoint    ] Application time: 1.0000827 seconds
[2019-12-08T11:49:26.923+0000][1][safepoint    ] Entering safepoint region: Cleanup
[2019-12-08T11:49:26.923+0000][1][safepoint    ] Leaving safepoint region
[2019-12-08T11:49:26.923+0000][1][safepoint    ] Total time for which application threads were stopped: 0.0000773 seconds, Stopping threads took: 0.0000208 seconds
[2019-12-08T11:49:27.924+0000][1][safepoint    ] Application time: 1.0000860 seconds
[2019-12-08T11:49:27.924+0000][1][safepoint    ] Entering safepoint region: Cleanup
[2019-12-08T11:49:27.924+0000][1][safepoint    ] Leaving safepoint region
[2019-12-08T11:49:27.924+0000][1][safepoint    ] Total time for which application threads were stopped: 0.0000797 seconds, Stopping threads took: 0.0000204 seconds
[2019-12-08T11:49:28.924+0000][1][safepoint    ] Application time: 1.0000804 seconds
[2019-12-08T11:49:28.924+0000][1][safepoint    ] Entering safepoint region: Cleanup
[2019-12-08T11:49:28.924+0000][1][safepoint    ] Leaving safepoint region
[2019-12-08T11:49:28.924+0000][1][safepoint    ] Total time for which application threads were stopped: 0.0000783 seconds, Stopping threads took: 0.0000203 seconds
[2019-12-08T11:49:29.924+0000][1][safepoint    ] Application time: 1.0000796 seconds
[2019-12-08T11:49:29.924+0000][1][safepoint    ] Entering safepoint region: Cleanup
[2019-12-08T11:49:29.924+0000][1][safepoint    ] Leaving safepoint region
[2019-12-08T11:49:29.924+0000][1][safepoint    ] Total time for which application threads were stopped: 0.0000779 seconds, Stopping threads took: 0.0000211 seconds
[2019-12-08T11:49:31.722+0000][1][safepoint    ] Application time: 1.7984284 seconds
[2019-12-08T11:49:31.723+0000][1][safepoint    ] Entering safepoint region: Cleanup
[2019-12-08T11:49:31.723+0000][1][safepoint    ] Leaving safepoint region
[2019-12-08T11:49:31.723+0000][1][safepoint    ] Total time for which application threads were stopped: 0.0000853 seconds, Stopping threads took: 0.0000210 seconds
[2019-12-08T11:49:32.723+0000][1][safepoint    ] Application time: 1.0000922 seconds
[2019-12-08T11:49:32.723+0000][1][safepoint    ] Entering safepoint region: Cleanup
[2019-12-08T11:49:32.723+0000][1][safepoint    ] Leaving safepoint region
[2019-12-08T11:49:32.723+0000][1][safepoint    ] Total time for which application threads were stopped: 0.0000797 seconds, Stopping threads took: 0.0000187 seconds
[2019-12-08T11:49:33.723+0000][1][safepoint    ] Application time: 1.0000780 seconds
[2019-12-08T11:49:33.723+0000][1][safepoint    ] Entering safepoint region: Cleanup
[2019-12-08T11:49:33.723+0000][1][safepoint    ] Leaving safepoint region
[2019-12-08T11:49:33.723+0000][1][safepoint    ] Total time for which application threads were stopped: 0.0000823 seconds, Stopping threads took: 0.0000195 seconds
[2019-12-08T11:49:34.723+0000][1][safepoint    ] Application time: 1.0000828 seconds
[2019-12-08T11:49:34.723+0000][1][safepoint    ] Entering safepoint region: Cleanup
[2019-12-08T11:49:34.723+0000][1][safepoint    ] Leaving safepoint region
[2019-12-08T11:49:34.723+0000][1][safepoint    ] Total time for which application threads were stopped: 0.0000836 seconds, Stopping threads took: 0.0000202 seconds
[2019-12-08T11:49:35.723+0000][1][safepoint    ] Application time: 1.0000840 seconds
[2019-12-08T11:49:35.723+0000][1][safepoint    ] Entering safepoint region: Cleanup
[2019-12-08T11:49:35.723+0000][1][safepoint    ] Leaving safepoint region
[2019-12-08T11:49:35.723+0000][1][safepoint    ] Total time for which application threads were stopped: 0.0000789 seconds, Stopping threads took: 0.0000186 seconds
[2019-12-08T11:49:35.942+0000][1][safepoint    ] Application time: 0.2189376 seconds
[2019-12-08T11:49:35.942+0000][1][safepoint    ] Entering safepoint region: GenCollectForAllocation
[2019-12-08T11:49:35.943+0000][1][gc,start     ] GC(36) Pause Young (Allocation Failure)
[2019-12-08T11:49:35.943+0000][1][gc,task      ] GC(36) Using 4 workers of 4 for evacuation
[2019-12-08T11:49:35.944+0000][1][gc,age       ] GC(36) Desired survivor size 4456448 bytes, new threshold 6 (max threshold 6)
[2019-12-08T11:49:35.944+0000][1][gc,age       ] GC(36) Age table with threshold 6 (max threshold 6)
[2019-12-08T11:49:35.944+0000][1][gc,age       ] GC(36) - age   1:       5264 bytes,       5264 total
[2019-12-08T11:49:35.944+0000][1][gc,age       ] GC(36) - age   2:        552 bytes,       5816 total
[2019-12-08T11:49:35.944+0000][1][gc,age       ] GC(36) - age   3:        864 bytes,       6680 total
[2019-12-08T11:49:35.944+0000][1][gc,age       ] GC(36) - age   4:       2488 bytes,       9168 total
[2019-12-08T11:49:35.944+0000][1][gc,age       ] GC(36) - age   5:       5648 bytes,      14816 total
[2019-12-08T11:49:35.944+0000][1][gc,heap      ] GC(36) ParNew: 69938K->27K(78656K)
[2019-12-08T11:49:35.944+0000][1][gc,heap      ] GC(36) CMS: 70849K->70850K(174784K)
[2019-12-08T11:49:35.944+0000][1][gc,metaspace ] GC(36) Metaspace: 69757K->69757K(1114112K)
[2019-12-08T11:49:35.944+0000][1][gc           ] GC(36) Pause Young (Allocation Failure) 137M->69M(247M) 1.109ms
[2019-12-08T11:49:35.944+0000][1][gc,cpu       ] GC(36) User=0.00s Sys=0.00s Real=0.00s
[2019-12-08T11:49:35.944+0000][1][safepoint    ] Leaving safepoint region
[2019-12-08T11:49:35.944+0000][1][safepoint    ] Total time for which application threads were stopped: 0.0012507 seconds, Stopping threads took: 0.0000193 seconds
[2019-12-08T11:49:36.944+0000][1][safepoint    ] Application time: 1.0001009 seconds
[2019-12-08T11:49:36.944+0000][1][safepoint    ] Entering safepoint region: Cleanup
[2019-12-08T11:49:36.944+0000][1][safepoint    ] Leaving safepoint region
[2019-12-08T11:49:36.944+0000][1][safepoint    ] Total time for which application threads were stopped: 0.0000758 seconds, Stopping threads took: 0.0000183 seconds
[2019-12-08T11:49:37.944+0000][1][safepoint    ] Application time: 1.0000748 seconds
[2019-12-08T11:49:37.944+0000][1][safepoint    ] Entering safepoint region: Cleanup
[2019-12-08T11:49:37.944+0000][1][safepoint    ] Leaving safepoint region
[2019-12-08T11:49:37.944+0000][1][safepoint    ] Total time for which application threads were stopped: 0.0000769 seconds, Stopping threads took: 0.0000182 seconds
[2019-12-08T11:49:38.944+0000][1][safepoint    ] Application time: 1.0000789 seconds
[2019-12-08T11:49:38.944+0000][1][safepoint    ] Entering safepoint region: Cleanup
[2019-12-08T11:49:38.944+0000][1][safepoint    ] Leaving safepoint region
[2019-12-08T11:49:38.944+0000][1][safepoint    ] Total time for which application threads were stopped: 0.0000783 seconds, Stopping threads took: 0.0000175 seconds
[2019-12-08T11:49:39.944+0000][1][safepoint    ] Application time: 1.0000750 seconds
[2019-12-08T11:49:39.944+0000][1][safepoint    ] Entering safepoint region: Cleanup
[2019-12-08T11:49:39.944+0000][1][safepoint    ] Leaving safepoint region
[2019-12-08T11:49:39.944+0000][1][safepoint    ] Total time for which application threads were stopped: 0.0000789 seconds, Stopping threads took: 0.0000178 seconds
[2019-12-08T11:49:40.945+0000][1][safepoint    ] Application time: 1.0000843 seconds
[2019-12-08T11:49:40.945+0000][1][safepoint    ] Entering safepoint region: Cleanup
[2019-12-08T11:49:40.945+0000][1][safepoint    ] Leaving safepoint region
[2019-12-08T11:49:40.945+0000][1][safepoint    ] Total time for which application threads were stopped: 0.0000796 seconds, Stopping threads took: 0.0000184 seconds
[2019-12-08T11:49:41.945+0000][1][safepoint    ] Application time: 1.0000746 seconds
[2019-12-08T11:49:41.945+0000][1][safepoint    ] Entering safepoint region: Cleanup
[2019-12-08T11:49:41.945+0000][1][safepoint    ] Leaving safepoint region
[2019-12-08T11:49:41.945+0000][1][safepoint    ] Total time for which application threads were stopped: 0.0001151 seconds, Stopping threads took: 0.0000256 seconds
[2019-12-08T11:49:42.945+0000][1][safepoint    ] Application time: 1.0000918 seconds
[2019-12-08T11:49:42.945+0000][1][safepoint    ] Entering safepoint region: Cleanup
[2019-12-08T11:49:42.945+0000][1][safepoint    ] Leaving safepoint region
[2019-12-08T11:49:42.945+0000][1][safepoint    ] Total time for which application threads were stopped: 0.0000806 seconds, Stopping threads took: 0.0000195 seconds
[2019-12-08T11:49:43.945+0000][1][safepoint    ] Application time: 1.0000931 seconds
[2019-12-08T11:49:43.945+0000][1][safepoint    ] Entering safepoint region: Cleanup
[2019-12-08T11:49:43.945+0000][1][safepoint    ] Leaving safepoint region
[2019-12-08T11:49:43.945+0000][1][safepoint    ] Total time for which application threads were stopped: 0.0000797 seconds, Stopping threads took: 0.0000183 seconds
[2019-12-08T11:49:44.945+0000][1][safepoint    ] Application time: 1.0000814 seconds
[2019-12-08T11:49:44.945+0000][1][safepoint    ] Entering safepoint region: Cleanup
[2019-12-08T11:49:44.945+0000][1][safepoint    ] Leaving safepoint region
[2019-12-08T11:49:44.945+0000][1][safepoint    ] Total time for which application threads were stopped: 0.0000834 seconds, Stopping threads took: 0.0000211 seconds
[2019-12-08T11:49:45.946+0000][1][safepoint    ] Application time: 1.0000816 seconds
[2019-12-08T11:49:45.946+0000][1][safepoint    ] Entering safepoint region: Cleanup
[2019-12-08T11:49:45.946+0000][1][safepoint    ] Leaving safepoint region
[2019-12-08T11:49:45.946+0000][1][safepoint    ] Total time for which application threads were stopped: 0.0000838 seconds, Stopping threads took: 0.0000197 seconds
[2019-12-08T11:49:46.946+0000][1][safepoint    ] Application time: 1.0000790 seconds
[2019-12-08T11:49:46.946+0000][1][safepoint    ] Entering safepoint region: Cleanup
[2019-12-08T11:49:46.946+0000][1][safepoint    ] Leaving safepoint region
[2019-12-08T11:49:46.946+0000][1][safepoint    ] Total time for which application threads were stopped: 0.0000837 seconds, Stopping threads took: 0.0000200 seconds
[2019-12-08T11:49:47.946+0000][1][safepoint    ] Application time: 1.0000787 seconds
[2019-12-08T11:49:47.946+0000][1][safepoint    ] Entering safepoint region: Cleanup
[2019-12-08T11:49:47.946+0000][1][safepoint    ] Leaving safepoint region
[2019-12-08T11:49:47.946+0000][1][safepoint    ] Total time for which application threads were stopped: 0.0000818 seconds, Stopping threads took: 0.0000179 seconds
[2019-12-08T11:49:48.946+0000][1][safepoint    ] Application time: 1.0000793 seconds
[2019-12-08T11:49:48.946+0000][1][safepoint    ] Entering safepoint region: Cleanup
[2019-12-08T11:49:48.946+0000][1][safepoint    ] Leaving safepoint region
[2019-12-08T11:49:48.946+0000][1][safepoint    ] Total time for which application threads were stopped: 0.0000816 seconds, Stopping threads took: 0.0000184 seconds
[2019-12-08T11:49:49.946+0000][1][safepoint    ] Application time: 1.0000785 seconds
[2019-12-08T11:49:49.946+0000][1][safepoint    ] Entering safepoint region: Cleanup
[2019-12-08T11:49:49.946+0000][1][safepoint    ] Leaving safepoint region
[2019-12-08T11:49:49.946+0000][1][safepoint    ] Total time for which application threads were stopped: 0.0000818 seconds, Stopping threads took: 0.0000197 seconds
[2019-12-08T11:49:50.947+0000][1][safepoint    ] Application time: 1.0000785 seconds
[2019-12-08T11:49:50.947+0000][1][safepoint    ] Entering safepoint region: Cleanup
[2019-12-08T11:49:50.947+0000][1][safepoint    ] Leaving safepoint region
[2019-12-08T11:49:50.947+0000][1][safepoint    ] Total time for which application threads were stopped: 0.0000812 seconds, Stopping threads took: 0.0000188 seconds
[2019-12-08T11:49:51.947+0000][1][safepoint    ] Application time: 1.0000919 seconds
[2019-12-08T11:49:51.947+0000][1][safepoint    ] Entering safepoint region: Cleanup
[2019-12-08T11:49:51.947+0000][1][safepoint    ] Leaving safepoint region
[2019-12-08T11:49:51.947+0000][1][safepoint    ] Total time for which application threads were stopped: 0.0000833 seconds, Stopping threads took: 0.0000196 seconds
[2019-12-08T11:49:52.947+0000][1][safepoint    ] Application time: 1.0000829 seconds
[2019-12-08T11:49:52.947+0000][1][safepoint    ] Entering safepoint region: Cleanup
[2019-12-08T11:49:52.947+0000][1][safepoint    ] Leaving safepoint region
[2019-12-08T11:49:52.947+0000][1][safepoint    ] Total time for which application threads were stopped: 0.0000802 seconds, Stopping threads took: 0.0000197 seconds
[2019-12-08T11:49:53.947+0000][1][safepoint    ] Application time: 1.0000854 seconds
[2019-12-08T11:49:53.947+0000][1][safepoint    ] Entering safepoint region: Cleanup
[2019-12-08T11:49:53.947+0000][1][safepoint    ] Leaving safepoint region
[2019-12-08T11:49:53.947+0000][1][safepoint    ] Total time for which application threads were stopped: 0.0000854 seconds, Stopping threads took: 0.0000198 seconds
[2019-12-08T11:49:54.947+0000][1][safepoint    ] Application time: 1.0000923 seconds
[2019-12-08T11:49:54.947+0000][1][safepoint    ] Entering safepoint region: Cleanup
[2019-12-08T11:49:54.947+0000][1][safepoint    ] Leaving safepoint region
[2019-12-08T11:49:54.947+0000][1][safepoint    ] Total time for which application threads were stopped: 0.0000847 seconds, Stopping threads took: 0.0000202 seconds
[2019-12-08T11:49:55.948+0000][1][safepoint    ] Application time: 1.0000802 seconds
[2019-12-08T11:49:55.948+0000][1][safepoint    ] Entering safepoint region: Cleanup
[2019-12-08T11:49:55.948+0000][1][safepoint    ] Leaving safepoint region
[2019-12-08T11:49:55.948+0000][1][safepoint    ] Total time for which application threads were stopped: 0.0000897 seconds, Stopping threads took: 0.0000257 seconds
[2019-12-08T11:49:56.948+0000][1][safepoint    ] Application time: 1.0000808 seconds
[2019-12-08T11:49:56.948+0000][1][safepoint    ] Entering safepoint region: Cleanup
[2019-12-08T11:49:56.948+0000][1][safepoint    ] Leaving safepoint region
[2019-12-08T11:49:56.948+0000][1][safepoint    ] Total time for which application threads were stopped: 0.0000822 seconds, Stopping threads took: 0.0000192 seconds
[2019-12-08T11:49:57.948+0000][1][safepoint    ] Application time: 1.0000819 seconds
[2019-12-08T11:49:57.948+0000][1][safepoint    ] Entering safepoint region: Cleanup
[2019-12-08T11:49:57.948+0000][1][safepoint    ] Leaving safepoint region
[2019-12-08T11:49:57.948+0000][1][safepoint    ] Total time for which application threads were stopped: 0.0000844 seconds, Stopping threads took: 0.0000194 seconds
[2019-12-08T11:49:58.948+0000][1][safepoint    ] Application time: 1.0000814 seconds
[2019-12-08T11:49:58.948+0000][1][safepoint    ] Entering safepoint region: Cleanup
[2019-12-08T11:49:58.948+0000][1][safepoint    ] Leaving safepoint region
[2019-12-08T11:49:58.948+0000][1][safepoint    ] Total time for which application threads were stopped: 0.0000844 seconds, Stopping threads took: 0.0000195 seconds
[2019-12-08T11:49:59.964+0000][1][safepoint    ] Application time: 1.0154694 seconds
[2019-12-08T11:49:59.964+0000][1][safepoint    ] Entering safepoint region: Cleanup
[2019-12-08T11:49:59.964+0000][1][safepoint    ] Leaving safepoint region
[2019-12-08T11:49:59.964+0000][1][safepoint    ] Total time for which application threads were stopped: 0.0000755 seconds, Stopping threads took: 0.0000183 seconds
[2019-12-08T11:50:00.964+0000][1][safepoint    ] Application time: 1.0000814 seconds
[2019-12-08T11:50:00.964+0000][1][safepoint    ] Entering safepoint region: Cleanup
[2019-12-08T11:50:00.964+0000][1][safepoint    ] Leaving safepoint region
[2019-12-08T11:50:00.964+0000][1][safepoint    ] Total time for which application threads were stopped: 0.0000852 seconds, Stopping threads took: 0.0000248 seconds
[2019-12-08T11:50:01.964+0000][1][safepoint    ] Application time: 1.0000642 seconds
[2019-12-08T11:50:01.964+0000][1][safepoint    ] Entering safepoint region: Cleanup
[2019-12-08T11:50:01.964+0000][1][safepoint    ] Leaving safepoint region
[2019-12-08T11:50:01.964+0000][1][safepoint    ] Total time for which application threads were stopped: 0.0000940 seconds, Stopping threads took: 0.0000225 seconds
[2019-12-08T11:50:02.964+0000][1][safepoint    ] Application time: 1.0000772 seconds
[2019-12-08T11:50:02.964+0000][1][safepoint    ] Entering safepoint region: Cleanup
[2019-12-08T11:50:02.964+0000][1][safepoint    ] Leaving safepoint region
[2019-12-08T11:50:02.964+0000][1][safepoint    ] Total time for which application threads were stopped: 0.0000814 seconds, Stopping threads took: 0.0000196 seconds
[2019-12-08T11:50:03.965+0000][1][safepoint    ] Application time: 1.0000813 seconds
[2019-12-08T11:50:03.965+0000][1][safepoint    ] Entering safepoint region: Cleanup
[2019-12-08T11:50:03.965+0000][1][safepoint    ] Leaving safepoint region
[2019-12-08T11:50:03.965+0000][1][safepoint    ] Total time for which application threads were stopped: 0.0000744 seconds, Stopping threads took: 0.0000171 seconds
[2019-12-08T11:50:04.965+0000][1][safepoint    ] Application time: 1.0000745 seconds
[2019-12-08T11:50:04.965+0000][1][safepoint    ] Entering safepoint region: Cleanup
[2019-12-08T11:50:04.965+0000][1][safepoint    ] Leaving safepoint region
[2019-12-08T11:50:04.965+0000][1][safepoint    ] Total time for which application threads were stopped: 0.0000763 seconds, Stopping threads took: 0.0000165 seconds
[2019-12-08T11:50:05.965+0000][1][safepoint    ] Application time: 1.0000792 seconds
[2019-12-08T11:50:05.965+0000][1][safepoint    ] Entering safepoint region: Cleanup
[2019-12-08T11:50:05.965+0000][1][safepoint    ] Leaving safepoint region
[2019-12-08T11:50:05.965+0000][1][safepoint    ] Total time for which application threads were stopped: 0.0000723 seconds, Stopping threads took: 0.0000168 seconds
[2019-12-08T11:50:06.965+0000][1][safepoint    ] Application time: 1.0000734 seconds
[2019-12-08T11:50:06.965+0000][1][safepoint    ] Entering safepoint region: Cleanup
[2019-12-08T11:50:06.965+0000][1][safepoint    ] Leaving safepoint region
[2019-12-08T11:50:06.965+0000][1][safepoint    ] Total time for which application threads were stopped: 0.0000762 seconds, Stopping threads took: 0.0000173 seconds
[2019-12-08T11:50:07.965+0000][1][safepoint    ] Application time: 1.0000738 seconds
[2019-12-08T11:50:07.965+0000][1][safepoint    ] Entering safepoint region: Cleanup
[2019-12-08T11:50:07.965+0000][1][safepoint    ] Leaving safepoint region
[2019-12-08T11:50:07.965+0000][1][safepoint    ] Total time for which application threads were stopped: 0.0000742 seconds, Stopping threads took: 0.0000162 seconds
[2019-12-08T11:50:08.965+0000][1][safepoint    ] Application time: 1.0000828 seconds
[2019-12-08T11:50:08.966+0000][1][safepoint    ] Entering safepoint region: Cleanup
[2019-12-08T11:50:08.966+0000][1][safepoint    ] Leaving safepoint region
[2019-12-08T11:50:08.966+0000][1][safepoint    ] Total time for which application threads were stopped: 0.0000800 seconds, Stopping threads took: 0.0000187 seconds
[2019-12-08T11:50:09.966+0000][1][safepoint    ] Application time: 1.0000783 seconds
[2019-12-08T11:50:09.966+0000][1][safepoint    ] Entering safepoint region: Cleanup
[2019-12-08T11:50:09.966+0000][1][safepoint    ] Leaving safepoint region
[2019-12-08T11:50:09.966+0000][1][safepoint    ] Total time for which application threads were stopped: 0.0000758 seconds, Stopping threads took: 0.0000176 seconds
[2019-12-08T11:50:15.966+0000][1][safepoint    ] Application time: 6.0005805 seconds
[2019-12-08T11:50:15.966+0000][1][safepoint    ] Entering safepoint region: Cleanup
[2019-12-08T11:50:15.967+0000][1][safepoint    ] Leaving safepoint region
[2019-12-08T11:50:15.967+0000][1][safepoint    ] Total time for which application threads were stopped: 0.0001144 seconds, Stopping threads took: 0.0000233 seconds
[2019-12-08T11:50:40.968+0000][1][safepoint    ] Application time: 25.0018507 seconds
[2019-12-08T11:50:40.968+0000][1][safepoint    ] Entering safepoint region: Cleanup
[2019-12-08T11:50:40.968+0000][1][safepoint    ] Leaving safepoint region
[2019-12-08T11:50:40.968+0000][1][safepoint    ] Total time for which application threads were stopped: 0.0000868 seconds, Stopping threads took: 0.0000182 seconds
[2019-12-08T11:50:49.986+0000][1][safepoint    ] Application time: 9.0179445 seconds
[2019-12-08T11:50:49.987+0000][1][safepoint    ] Entering safepoint region: GenCollectForAllocation
[2019-12-08T11:50:49.987+0000][1][gc,start     ] GC(37) Pause Young (Allocation Failure)
[2019-12-08T11:50:49.987+0000][1][gc,task      ] GC(37) Using 4 workers of 4 for evacuation
[2019-12-08T11:50:49.988+0000][1][gc,age       ] GC(37) Desired survivor size 4456448 bytes, new threshold 6 (max threshold 6)
[2019-12-08T11:50:49.988+0000][1][gc,age       ] GC(37) Age table with threshold 6 (max threshold 6)
[2019-12-08T11:50:49.988+0000][1][gc,age       ] GC(37) - age   1:       6840 bytes,       6840 total
[2019-12-08T11:50:49.988+0000][1][gc,age       ] GC(37) - age   2:        512 bytes,       7352 total
[2019-12-08T11:50:49.988+0000][1][gc,age       ] GC(37) - age   3:        424 bytes,       7776 total
[2019-12-08T11:50:49.988+0000][1][gc,age       ] GC(37) - age   4:        864 bytes,       8640 total
[2019-12-08T11:50:49.988+0000][1][gc,age       ] GC(37) - age   5:       2488 bytes,      11128 total
[2019-12-08T11:50:49.988+0000][1][gc,age       ] GC(37) - age   6:       5648 bytes,      16776 total
[2019-12-08T11:50:49.988+0000][1][gc,heap      ] GC(37) ParNew: 69932K->21K(78656K)
[2019-12-08T11:50:49.988+0000][1][gc,heap      ] GC(37) CMS: 70850K->70850K(174784K)
[2019-12-08T11:50:49.988+0000][1][gc,metaspace ] GC(37) Metaspace: 69759K->69759K(1114112K)
[2019-12-08T11:50:49.988+0000][1][gc           ] GC(37) Pause Young (Allocation Failure) 137M->69M(247M) 1.205ms
[2019-12-08T11:50:49.988+0000][1][gc,cpu       ] GC(37) User=0.00s Sys=0.00s Real=0.00s
[2019-12-08T11:50:49.988+0000][1][safepoint    ] Leaving safepoint region
[2019-12-08T11:50:49.988+0000][1][safepoint    ] Total time for which application threads were stopped: 0.0014222 seconds, Stopping threads took: 0.0000588 seconds
[2019-12-08T11:50:50.988+0000][1][safepoint    ] Application time: 1.0000898 seconds
[2019-12-08T11:50:50.988+0000][1][safepoint    ] Entering safepoint region: Cleanup
[2019-12-08T11:50:50.988+0000][1][safepoint    ] Leaving safepoint region
[2019-12-08T11:50:50.988+0000][1][safepoint    ] Total time for which application threads were stopped: 0.0000919 seconds, Stopping threads took: 0.0000245 seconds
[2019-12-08T11:51:04.995+0000][1][safepoint    ] Application time: 14.0070066 seconds
[2019-12-08T11:51:04.995+0000][1][safepoint    ] Entering safepoint region: RevokeBias
[2019-12-08T11:51:04.995+0000][1][safepoint    ] Leaving safepoint region
[2019-12-08T11:51:04.995+0000][1][safepoint    ] Total time for which application threads were stopped: 0.0001453 seconds, Stopping threads took: 0.0000334 seconds
[2019-12-08T11:51:05.995+0000][1][safepoint    ] Application time: 1.0000955 seconds
[2019-12-08T11:51:05.996+0000][1][safepoint    ] Entering safepoint region: Cleanup
[2019-12-08T11:51:05.996+0000][1][safepoint    ] Leaving safepoint region
[2019-12-08T11:51:05.996+0000][1][safepoint    ] Total time for which application threads were stopped: 0.0001366 seconds, Stopping threads took: 0.0000639 seconds
[2019-12-08T11:51:25.997+0000][1][safepoint    ] Application time: 20.0014637 seconds
[2019-12-08T11:51:25.997+0000][1][safepoint    ] Entering safepoint region: Cleanup
[2019-12-08T11:51:25.997+0000][1][safepoint    ] Leaving safepoint region
[2019-12-08T11:51:25.997+0000][1][safepoint    ] Total time for which application threads were stopped: 0.0000912 seconds, Stopping threads took: 0.0000197 seconds
[2019-12-08T11:51:42.998+0000][1][safepoint    ] Application time: 17.0011906 seconds
[2019-12-08T11:51:42.998+0000][1][safepoint    ] Entering safepoint region: Cleanup
[2019-12-08T11:51:42.998+0000][1][safepoint    ] Leaving safepoint region
[2019-12-08T11:51:42.998+0000][1][safepoint    ] Total time for which application threads were stopped: 0.0000884 seconds, Stopping threads took: 0.0000183 seconds
[2019-12-08T11:52:02.031+0000][1][safepoint    ] Application time: 19.0322236 seconds
[2019-12-08T11:52:02.031+0000][1][safepoint    ] Entering safepoint region: GenCollectForAllocation
[2019-12-08T11:52:02.031+0000][1][gc,start     ] GC(38) Pause Young (Allocation Failure)
[2019-12-08T11:52:02.031+0000][1][gc,task      ] GC(38) Using 4 workers of 4 for evacuation
[2019-12-08T11:52:02.033+0000][1][gc,age       ] GC(38) Desired survivor size 4456448 bytes, new threshold 6 (max threshold 6)
[2019-12-08T11:52:02.033+0000][1][gc,age       ] GC(38) Age table with threshold 6 (max threshold 6)
[2019-12-08T11:52:02.033+0000][1][gc,age       ] GC(38) - age   1:      23608 bytes,      23608 total
[2019-12-08T11:52:02.033+0000][1][gc,age       ] GC(38) - age   2:       1032 bytes,      24640 total
[2019-12-08T11:52:02.033+0000][1][gc,age       ] GC(38) - age   3:        512 bytes,      25152 total
[2019-12-08T11:52:02.033+0000][1][gc,age       ] GC(38) - age   4:        424 bytes,      25576 total
[2019-12-08T11:52:02.033+0000][1][gc,age       ] GC(38) - age   5:        864 bytes,      26440 total
[2019-12-08T11:52:02.033+0000][1][gc,age       ] GC(38) - age   6:       2488 bytes,      28928 total
[2019-12-08T11:52:02.033+0000][1][gc,heap      ] GC(38) ParNew: 69973K->34K(78656K)
[2019-12-08T11:52:02.033+0000][1][gc,heap      ] GC(38) CMS: 70850K->70855K(174784K)
[2019-12-08T11:52:02.033+0000][1][gc,metaspace ] GC(38) Metaspace: 69759K->69759K(1114112K)
[2019-12-08T11:52:02.033+0000][1][gc           ] GC(38) Pause Young (Allocation Failure) 137M->69M(247M) 2.026ms
[2019-12-08T11:52:02.033+0000][1][gc,cpu       ] GC(38) User=0.00s Sys=0.00s Real=0.00s
[2019-12-08T11:52:02.033+0000][1][safepoint    ] Leaving safepoint region
[2019-12-08T11:52:02.033+0000][1][safepoint    ] Total time for which application threads were stopped: 0.0022414 seconds, Stopping threads took: 0.0000382 seconds
[2019-12-08T11:52:21.034+0000][1][safepoint    ] Application time: 19.0013553 seconds
[2019-12-08T11:52:21.034+0000][1][safepoint    ] Entering safepoint region: Cleanup
[2019-12-08T11:52:21.034+0000][1][safepoint    ] Leaving safepoint region
[2019-12-08T11:52:21.034+0000][1][safepoint    ] Total time for which application threads were stopped: 0.0001013 seconds, Stopping threads took: 0.0000239 seconds
[2019-12-08T11:52:31.035+0000][1][safepoint    ] Application time: 10.0007008 seconds
[2019-12-08T11:52:31.035+0000][1][safepoint    ] Entering safepoint region: Cleanup
[2019-12-08T11:52:31.035+0000][1][safepoint    ] Leaving safepoint region
[2019-12-08T11:52:31.035+0000][1][safepoint    ] Total time for which application threads were stopped: 0.0000841 seconds, Stopping threads took: 0.0000179 seconds
[2019-12-08T11:52:49.037+0000][1][safepoint    ] Application time: 18.0012338 seconds
[2019-12-08T11:52:49.037+0000][1][safepoint    ] Entering safepoint region: Cleanup
[2019-12-08T11:52:49.037+0000][1][safepoint    ] Leaving safepoint region
[2019-12-08T11:52:49.037+0000][1][safepoint    ] Total time for which application threads were stopped: 0.0000969 seconds, Stopping threads took: 0.0000207 seconds
[2019-12-08T11:52:54.037+0000][1][safepoint    ] Application time: 5.0003756 seconds
[2019-12-08T11:52:54.037+0000][1][safepoint    ] Entering safepoint region: Cleanup
[2019-12-08T11:52:54.037+0000][1][safepoint    ] Leaving safepoint region
[2019-12-08T11:52:54.037+0000][1][safepoint    ] Total time for which application threads were stopped: 0.0000999 seconds, Stopping threads took: 0.0000215 seconds
[2019-12-08T11:53:15.761+0000][1][safepoint    ] Application time: 21.7241644 seconds
[2019-12-08T11:53:15.761+0000][1][safepoint    ] Entering safepoint region: GenCollectForAllocation
[2019-12-08T11:53:15.762+0000][1][gc,start     ] GC(39) Pause Young (Allocation Failure)
[2019-12-08T11:53:15.762+0000][1][gc,task      ] GC(39) Using 4 workers of 4 for evacuation
[2019-12-08T11:53:15.763+0000][1][gc,age       ] GC(39) Desired survivor size 4456448 bytes, new threshold 6 (max threshold 6)
[2019-12-08T11:53:15.763+0000][1][gc,age       ] GC(39) Age table with threshold 6 (max threshold 6)
[2019-12-08T11:53:15.763+0000][1][gc,age       ] GC(39) - age   1:       5168 bytes,       5168 total
[2019-12-08T11:53:15.763+0000][1][gc,age       ] GC(39) - age   2:      16432 bytes,      21600 total
[2019-12-08T11:53:15.763+0000][1][gc,age       ] GC(39) - age   3:        936 bytes,      22536 total
[2019-12-08T11:53:15.763+0000][1][gc,age       ] GC(39) - age   4:        512 bytes,      23048 total
[2019-12-08T11:53:15.763+0000][1][gc,age       ] GC(39) - age   5:        424 bytes,      23472 total
[2019-12-08T11:53:15.763+0000][1][gc,age       ] GC(39) - age   6:        864 bytes,      24336 total
[2019-12-08T11:53:15.763+0000][1][gc,heap      ] GC(39) ParNew: 69986K->32K(78656K)
[2019-12-08T11:53:15.763+0000][1][gc,heap      ] GC(39) CMS: 70855K->70858K(174784K)
[2019-12-08T11:53:15.763+0000][1][gc,metaspace ] GC(39) Metaspace: 69760K->69760K(1114112K)
[2019-12-08T11:53:15.763+0000][1][gc           ] GC(39) Pause Young (Allocation Failure) 137M->69M(247M) 1.159ms
[2019-12-08T11:53:15.763+0000][1][gc,cpu       ] GC(39) User=0.00s Sys=0.00s Real=0.00s
[2019-12-08T11:53:15.763+0000][1][safepoint    ] Leaving safepoint region
[2019-12-08T11:53:15.763+0000][1][safepoint    ] Total time for which application threads were stopped: 0.0013307 seconds, Stopping threads took: 0.0000183 seconds
[2019-12-08T11:53:42.765+0000][1][safepoint    ] Application time: 27.0019765 seconds
[2019-12-08T11:53:42.765+0000][1][safepoint    ] Entering safepoint region: Cleanup
[2019-12-08T11:53:42.765+0000][1][safepoint    ] Leaving safepoint region
[2019-12-08T11:53:42.765+0000][1][safepoint    ] Total time for which application threads were stopped: 0.0001040 seconds, Stopping threads took: 0.0000304 seconds
[2019-12-08T11:53:58.766+0000][1][safepoint    ] Application time: 16.0011491 seconds
[2019-12-08T11:53:58.766+0000][1][safepoint    ] Entering safepoint region: Cleanup
[2019-12-08T11:53:58.766+0000][1][safepoint    ] Leaving safepoint region
[2019-12-08T11:53:58.766+0000][1][safepoint    ] Total time for which application threads were stopped: 0.0001054 seconds, Stopping threads took: 0.0000308 seconds
[2019-12-08T11:54:18.768+0000][1][safepoint    ] Application time: 20.0015459 seconds
[2019-12-08T11:54:18.768+0000][1][safepoint    ] Entering safepoint region: Cleanup
[2019-12-08T11:54:18.768+0000][1][safepoint    ] Leaving safepoint region
[2019-12-08T11:54:18.768+0000][1][safepoint    ] Total time for which application threads were stopped: 0.0000933 seconds, Stopping threads took: 0.0000215 seconds
[2019-12-08T11:54:20.768+0000][1][safepoint    ] Application time: 2.0001760 seconds
[2019-12-08T11:54:20.768+0000][1][safepoint    ] Entering safepoint region: Cleanup
[2019-12-08T11:54:20.768+0000][1][safepoint    ] Leaving safepoint region
[2019-12-08T11:54:20.768+0000][1][safepoint    ] Total time for which application threads were stopped: 0.0000878 seconds, Stopping threads took: 0.0000214 seconds
[2019-12-08T11:54:21.768+0000][1][safepoint    ] Application time: 1.0000936 seconds
[2019-12-08T11:54:21.768+0000][1][safepoint    ] Entering safepoint region: Cleanup
[2019-12-08T11:54:21.768+0000][1][safepoint    ] Leaving safepoint region
[2019-12-08T11:54:21.768+0000][1][safepoint    ] Total time for which application threads were stopped: 0.0000876 seconds, Stopping threads took: 0.0000192 seconds
[2019-12-08T11:54:22.768+0000][1][safepoint    ] Application time: 1.0000872 seconds
[2019-12-08T11:54:22.769+0000][1][safepoint    ] Entering safepoint region: Cleanup
[2019-12-08T11:54:22.769+0000][1][safepoint    ] Leaving safepoint region
[2019-12-08T11:54:22.769+0000][1][safepoint    ] Total time for which application threads were stopped: 0.0000901 seconds, Stopping threads took: 0.0000210 seconds
[2019-12-08T11:54:23.769+0000][1][safepoint    ] Application time: 1.0000919 seconds
[2019-12-08T11:54:23.769+0000][1][safepoint    ] Entering safepoint region: Cleanup
[2019-12-08T11:54:23.769+0000][1][safepoint    ] Leaving safepoint region
[2019-12-08T11:54:23.769+0000][1][safepoint    ] Total time for which application threads were stopped: 0.0000858 seconds, Stopping threads took: 0.0000196 seconds
[2019-12-08T11:54:24.769+0000][1][safepoint    ] Application time: 1.0000921 seconds
[2019-12-08T11:54:24.769+0000][1][safepoint    ] Entering safepoint region: Cleanup
[2019-12-08T11:54:24.769+0000][1][safepoint    ] Leaving safepoint region
[2019-12-08T11:54:24.769+0000][1][safepoint    ] Total time for which application threads were stopped: 0.0000872 seconds, Stopping threads took: 0.0000197 seconds
[2019-12-08T11:54:25.769+0000][1][safepoint    ] Application time: 1.0000935 seconds
[2019-12-08T11:54:25.769+0000][1][safepoint    ] Entering safepoint region: Cleanup
[2019-12-08T11:54:25.769+0000][1][safepoint    ] Leaving safepoint region
[2019-12-08T11:54:25.769+0000][1][safepoint    ] Total time for which application threads were stopped: 0.0000861 seconds, Stopping threads took: 0.0000198 seconds
[2019-12-08T11:54:26.769+0000][1][safepoint    ] Application time: 1.0000809 seconds
[2019-12-08T11:54:26.769+0000][1][safepoint    ] Entering safepoint region: Cleanup
[2019-12-08T11:54:26.769+0000][1][safepoint    ] Leaving safepoint region
[2019-12-08T11:54:26.770+0000][1][safepoint    ] Total time for which application threads were stopped: 0.0000868 seconds, Stopping threads took: 0.0000201 seconds
[2019-12-08T11:54:27.770+0000][1][safepoint    ] Application time: 1.0000821 seconds
[2019-12-08T11:54:27.770+0000][1][safepoint    ] Entering safepoint region: Cleanup
[2019-12-08T11:54:27.770+0000][1][safepoint    ] Leaving safepoint region
[2019-12-08T11:54:27.770+0000][1][safepoint    ] Total time for which application threads were stopped: 0.0000939 seconds, Stopping threads took: 0.0000190 seconds
[2019-12-08T11:54:28.116+0000][1][safepoint    ] Application time: 0.3458520 seconds
[2019-12-08T11:54:28.116+0000][1][safepoint    ] Entering safepoint region: GenCollectForAllocation
[2019-12-08T11:54:28.116+0000][1][gc,start     ] GC(40) Pause Young (Allocation Failure)
[2019-12-08T11:54:28.116+0000][1][gc,task      ] GC(40) Using 4 workers of 4 for evacuation
[2019-12-08T11:54:28.117+0000][1][gc,age       ] GC(40) Desired survivor size 4456448 bytes, new threshold 6 (max threshold 6)
[2019-12-08T11:54:28.117+0000][1][gc,age       ] GC(40) Age table with threshold 6 (max threshold 6)
[2019-12-08T11:54:28.117+0000][1][gc,age       ] GC(40) - age   1:       5584 bytes,       5584 total
[2019-12-08T11:54:28.117+0000][1][gc,age       ] GC(40) - age   2:        384 bytes,       5968 total
[2019-12-08T11:54:28.117+0000][1][gc,age       ] GC(40) - age   3:      16400 bytes,      22368 total
[2019-12-08T11:54:28.117+0000][1][gc,age       ] GC(40) - age   4:        936 bytes,      23304 total
[2019-12-08T11:54:28.117+0000][1][gc,age       ] GC(40) - age   5:        512 bytes,      23816 total
[2019-12-08T11:54:28.117+0000][1][gc,age       ] GC(40) - age   6:        424 bytes,      24240 total
[2019-12-08T11:54:28.117+0000][1][gc,heap      ] GC(40) ParNew: 69970K->30K(78656K)
[2019-12-08T11:54:28.117+0000][1][gc,heap      ] GC(40) CMS: 70858K->70859K(174784K)
[2019-12-08T11:54:28.117+0000][1][gc,metaspace ] GC(40) Metaspace: 69764K->69764K(1114112K)
[2019-12-08T11:54:28.117+0000][1][gc           ] GC(40) Pause Young (Allocation Failure) 137M->69M(247M) 1.189ms
[2019-12-08T11:54:28.117+0000][1][gc,cpu       ] GC(40) User=0.01s Sys=0.00s Real=0.00s
[2019-12-08T11:54:28.117+0000][1][safepoint    ] Leaving safepoint region
[2019-12-08T11:54:28.117+0000][1][safepoint    ] Total time for which application threads were stopped: 0.0013708 seconds, Stopping threads took: 0.0000230 seconds
[2019-12-08T11:54:29.117+0000][1][safepoint    ] Application time: 1.0000972 seconds
[2019-12-08T11:54:29.117+0000][1][safepoint    ] Entering safepoint region: Cleanup
[2019-12-08T11:54:29.117+0000][1][safepoint    ] Leaving safepoint region
[2019-12-08T11:54:29.117+0000][1][safepoint    ] Total time for which application threads were stopped: 0.0000843 seconds, Stopping threads took: 0.0000184 seconds
[2019-12-08T11:54:30.117+0000][1][safepoint    ] Application time: 1.0000898 seconds
[2019-12-08T11:54:30.117+0000][1][safepoint    ] Entering safepoint region: Cleanup
[2019-12-08T11:54:30.117+0000][1][safepoint    ] Leaving safepoint region
[2019-12-08T11:54:30.117+0000][1][safepoint    ] Total time for which application threads were stopped: 0.0000903 seconds, Stopping threads took: 0.0000258 seconds
[2019-12-08T11:54:31.118+0000][1][safepoint    ] Application time: 1.0000807 seconds
[2019-12-08T11:54:31.118+0000][1][safepoint    ] Entering safepoint region: Cleanup
[2019-12-08T11:54:31.118+0000][1][safepoint    ] Leaving safepoint region
[2019-12-08T11:54:31.118+0000][1][safepoint    ] Total time for which application threads were stopped: 0.0000870 seconds, Stopping threads took: 0.0000196 seconds
[2019-12-08T11:54:32.118+0000][1][safepoint    ] Application time: 1.0000973 seconds
[2019-12-08T11:54:32.118+0000][1][safepoint    ] Entering safepoint region: Cleanup
[2019-12-08T11:54:32.118+0000][1][safepoint    ] Leaving safepoint region
[2019-12-08T11:54:32.118+0000][1][safepoint    ] Total time for which application threads were stopped: 0.0000858 seconds, Stopping threads took: 0.0000183 seconds
[2019-12-08T11:54:33.118+0000][1][safepoint    ] Application time: 1.0000846 seconds
[2019-12-08T11:54:33.118+0000][1][safepoint    ] Entering safepoint region: Cleanup
[2019-12-08T11:54:33.118+0000][1][safepoint    ] Leaving safepoint region
[2019-12-08T11:54:33.118+0000][1][safepoint    ] Total time for which application threads were stopped: 0.0001223 seconds, Stopping threads took: 0.0000490 seconds
[2019-12-08T11:54:34.118+0000][1][safepoint    ] Application time: 1.0000848 seconds
[2019-12-08T11:54:34.118+0000][1][safepoint    ] Entering safepoint region: Cleanup
[2019-12-08T11:54:34.118+0000][1][safepoint    ] Leaving safepoint region
[2019-12-08T11:54:34.118+0000][1][safepoint    ] Total time for which application threads were stopped: 0.0000903 seconds, Stopping threads took: 0.0000200 seconds
[2019-12-08T11:54:35.118+0000][1][safepoint    ] Application time: 1.0000862 seconds
[2019-12-08T11:54:35.118+0000][1][safepoint    ] Entering safepoint region: Cleanup
[2019-12-08T11:54:35.119+0000][1][safepoint    ] Leaving safepoint region
[2019-12-08T11:54:35.119+0000][1][safepoint    ] Total time for which application threads were stopped: 0.0000850 seconds, Stopping threads took: 0.0000194 seconds
[2019-12-08T11:54:36.119+0000][1][safepoint    ] Application time: 1.0000759 seconds
[2019-12-08T11:54:36.119+0000][1][safepoint    ] Entering safepoint region: Cleanup
[2019-12-08T11:54:36.119+0000][1][safepoint    ] Leaving safepoint region
[2019-12-08T11:54:36.119+0000][1][safepoint    ] Total time for which application threads were stopped: 0.0001169 seconds, Stopping threads took: 0.0000199 seconds
[2019-12-08T11:54:37.119+0000][1][safepoint    ] Application time: 1.0000766 seconds
[2019-12-08T11:54:37.119+0000][1][safepoint    ] Entering safepoint region: Cleanup
[2019-12-08T11:54:37.119+0000][1][safepoint    ] Leaving safepoint region
[2019-12-08T11:54:37.119+0000][1][safepoint    ] Total time for which application threads were stopped: 0.0000829 seconds, Stopping threads took: 0.0000199 seconds
[2019-12-08T11:54:38.119+0000][1][safepoint    ] Application time: 1.0000415 seconds
[2019-12-08T11:54:38.119+0000][1][safepoint    ] Entering safepoint region: Cleanup
[2019-12-08T11:54:38.119+0000][1][safepoint    ] Leaving safepoint region
[2019-12-08T11:54:38.119+0000][1][safepoint    ] Total time for which application threads were stopped: 0.0000912 seconds, Stopping threads took: 0.0000213 seconds
[2019-12-08T11:54:39.119+0000][1][safepoint    ] Application time: 1.0000808 seconds
[2019-12-08T11:54:39.119+0000][1][safepoint    ] Entering safepoint region: Cleanup
[2019-12-08T11:54:39.119+0000][1][safepoint    ] Leaving safepoint region
[2019-12-08T11:54:39.119+0000][1][safepoint    ] Total time for which application threads were stopped: 0.0000805 seconds, Stopping threads took: 0.0000183 seconds
[2019-12-08T11:54:40.130+0000][1][safepoint    ] Application time: 1.0103269 seconds
[2019-12-08T11:54:40.130+0000][1][safepoint    ] Entering safepoint region: Cleanup
[2019-12-08T11:54:40.130+0000][1][safepoint    ] Leaving safepoint region
[2019-12-08T11:54:40.130+0000][1][safepoint    ] Total time for which application threads were stopped: 0.0001082 seconds, Stopping threads took: 0.0000270 seconds
[2019-12-08T11:54:41.130+0000][1][safepoint    ] Application time: 1.0000746 seconds
[2019-12-08T11:54:41.130+0000][1][safepoint    ] Entering safepoint region: Cleanup
[2019-12-08T11:54:41.130+0000][1][safepoint    ] Leaving safepoint region
[2019-12-08T11:54:41.130+0000][1][safepoint    ] Total time for which application threads were stopped: 0.0000779 seconds, Stopping threads took: 0.0000178 seconds
[2019-12-08T11:54:42.130+0000][1][safepoint    ] Application time: 1.0000796 seconds
[2019-12-08T11:54:42.130+0000][1][safepoint    ] Entering safepoint region: Cleanup
[2019-12-08T11:54:42.130+0000][1][safepoint    ] Leaving safepoint region
[2019-12-08T11:54:42.130+0000][1][safepoint    ] Total time for which application threads were stopped: 0.0000788 seconds, Stopping threads took: 0.0000167 seconds
[2019-12-08T11:54:43.130+0000][1][safepoint    ] Application time: 1.0000780 seconds
[2019-12-08T11:54:43.130+0000][1][safepoint    ] Entering safepoint region: Cleanup
[2019-12-08T11:54:43.130+0000][1][safepoint    ] Leaving safepoint region
[2019-12-08T11:54:43.130+0000][1][safepoint    ] Total time for which application threads were stopped: 0.0000752 seconds, Stopping threads took: 0.0000170 seconds
[2019-12-08T11:54:44.130+0000][1][safepoint    ] Application time: 1.0000786 seconds
[2019-12-08T11:54:44.130+0000][1][safepoint    ] Entering safepoint region: Cleanup
[2019-12-08T11:54:44.130+0000][1][safepoint    ] Leaving safepoint region
[2019-12-08T11:54:44.131+0000][1][safepoint    ] Total time for which application threads were stopped: 0.0000803 seconds, Stopping threads took: 0.0000157 seconds
[2019-12-08T11:54:45.131+0000][1][safepoint    ] Application time: 1.0000781 seconds
[2019-12-08T11:54:45.131+0000][1][safepoint    ] Entering safepoint region: Cleanup
[2019-12-08T11:54:45.131+0000][1][safepoint    ] Leaving safepoint region
[2019-12-08T11:54:45.131+0000][1][safepoint    ] Total time for which application threads were stopped: 0.0000922 seconds, Stopping threads took: 0.0000170 seconds
[2019-12-08T11:54:46.131+0000][1][safepoint    ] Application time: 1.0000874 seconds
[2019-12-08T11:54:46.131+0000][1][safepoint    ] Entering safepoint region: Cleanup
[2019-12-08T11:54:46.131+0000][1][safepoint    ] Leaving safepoint region
[2019-12-08T11:54:46.131+0000][1][safepoint    ] Total time for which application threads were stopped: 0.0000793 seconds, Stopping threads took: 0.0000175 seconds
[2019-12-08T11:54:47.131+0000][1][safepoint    ] Application time: 1.0000779 seconds
[2019-12-08T11:54:47.131+0000][1][safepoint    ] Entering safepoint region: Cleanup
[2019-12-08T11:54:47.131+0000][1][safepoint    ] Leaving safepoint region
[2019-12-08T11:54:47.131+0000][1][safepoint    ] Total time for which application threads were stopped: 0.0000815 seconds, Stopping threads took: 0.0000176 seconds
[2019-12-08T11:54:48.131+0000][1][safepoint    ] Application time: 1.0000901 seconds
[2019-12-08T11:54:48.131+0000][1][safepoint    ] Entering safepoint region: Cleanup
[2019-12-08T11:54:48.131+0000][1][safepoint    ] Leaving safepoint region
[2019-12-08T11:54:48.131+0000][1][safepoint    ] Total time for which application threads were stopped: 0.0000797 seconds, Stopping threads took: 0.0000161 seconds
[2019-12-08T11:54:49.131+0000][1][safepoint    ] Application time: 1.0000819 seconds
[2019-12-08T11:54:49.131+0000][1][safepoint    ] Entering safepoint region: Cleanup
[2019-12-08T11:54:49.132+0000][1][safepoint    ] Leaving safepoint region
[2019-12-08T11:54:49.132+0000][1][safepoint    ] Total time for which application threads were stopped: 0.0000861 seconds, Stopping threads took: 0.0000177 seconds
[2019-12-08T11:54:50.132+0000][1][safepoint    ] Application time: 1.0000879 seconds
[2019-12-08T11:54:50.132+0000][1][safepoint    ] Entering safepoint region: Cleanup
[2019-12-08T11:54:50.132+0000][1][safepoint    ] Leaving safepoint region
[2019-12-08T11:54:50.132+0000][1][safepoint    ] Total time for which application threads were stopped: 0.0001458 seconds, Stopping threads took: 0.0000323 seconds
[2019-12-08T11:54:51.132+0000][1][safepoint    ] Application time: 1.0000831 seconds
[2019-12-08T11:54:51.132+0000][1][safepoint    ] Entering safepoint region: Cleanup
[2019-12-08T11:54:51.132+0000][1][safepoint    ] Leaving safepoint region
[2019-12-08T11:54:51.132+0000][1][safepoint    ] Total time for which application threads were stopped: 0.0000868 seconds, Stopping threads took: 0.0000214 seconds
[2019-12-08T11:54:52.132+0000][1][safepoint    ] Application time: 1.0000779 seconds
[2019-12-08T11:54:52.132+0000][1][safepoint    ] Entering safepoint region: Cleanup
[2019-12-08T11:54:52.132+0000][1][safepoint    ] Leaving safepoint region
[2019-12-08T11:54:52.132+0000][1][safepoint    ] Total time for which application threads were stopped: 0.0000804 seconds, Stopping threads took: 0.0000183 seconds
[2019-12-08T11:54:53.134+0000][1][safepoint    ] Application time: 1.0017499 seconds
[2019-12-08T11:54:53.134+0000][1][safepoint    ] Entering safepoint region: Cleanup
[2019-12-08T11:54:53.134+0000][1][safepoint    ] Leaving safepoint region
[2019-12-08T11:54:53.134+0000][1][safepoint    ] Total time for which application threads were stopped: 0.0001124 seconds, Stopping threads took: 0.0000242 seconds
[2019-12-08T11:54:54.134+0000][1][safepoint    ] Application time: 1.0000823 seconds
[2019-12-08T11:54:54.134+0000][1][safepoint    ] Entering safepoint region: Cleanup
[2019-12-08T11:54:54.134+0000][1][safepoint    ] Leaving safepoint region
[2019-12-08T11:54:54.134+0000][1][safepoint    ] Total time for which application threads were stopped: 0.0000782 seconds, Stopping threads took: 0.0000190 seconds
[2019-12-08T11:54:55.134+0000][1][safepoint    ] Application time: 1.0000760 seconds
[2019-12-08T11:54:55.134+0000][1][safepoint    ] Entering safepoint region: Cleanup
[2019-12-08T11:54:55.134+0000][1][safepoint    ] Leaving safepoint region
[2019-12-08T11:54:55.134+0000][1][safepoint    ] Total time for which application threads were stopped: 0.0000781 seconds, Stopping threads took: 0.0000172 seconds
[2019-12-08T11:54:56.135+0000][1][safepoint    ] Application time: 1.0000788 seconds
[2019-12-08T11:54:56.135+0000][1][safepoint    ] Entering safepoint region: Cleanup
[2019-12-08T11:54:56.135+0000][1][safepoint    ] Leaving safepoint region
[2019-12-08T11:54:56.135+0000][1][safepoint    ] Total time for which application threads were stopped: 0.0000787 seconds, Stopping threads took: 0.0000174 seconds
[2019-12-08T11:54:57.138+0000][1][safepoint    ] Application time: 1.0035135 seconds
[2019-12-08T11:54:57.138+0000][1][safepoint    ] Entering safepoint region: Cleanup
[2019-12-08T11:54:57.138+0000][1][safepoint    ] Leaving safepoint region
[2019-12-08T11:54:57.138+0000][1][safepoint    ] Total time for which application threads were stopped: 0.0001365 seconds, Stopping threads took: 0.0000662 seconds
[2019-12-08T11:54:58.138+0000][1][safepoint    ] Application time: 1.0000824 seconds
[2019-12-08T11:54:58.138+0000][1][safepoint    ] Entering safepoint region: Cleanup
[2019-12-08T11:54:58.139+0000][1][safepoint    ] Leaving safepoint region
[2019-12-08T11:54:58.139+0000][1][safepoint    ] Total time for which application threads were stopped: 0.0000799 seconds, Stopping threads took: 0.0000169 seconds
[2019-12-08T11:54:59.139+0000][1][safepoint    ] Application time: 1.0000760 seconds
[2019-12-08T11:54:59.139+0000][1][safepoint    ] Entering safepoint region: Cleanup
[2019-12-08T11:54:59.139+0000][1][safepoint    ] Leaving safepoint region
[2019-12-08T11:54:59.139+0000][1][safepoint    ] Total time for which application threads were stopped: 0.0001021 seconds, Stopping threads took: 0.0000384 seconds
[2019-12-08T11:55:00.139+0000][1][safepoint    ] Application time: 1.0000775 seconds
[2019-12-08T11:55:00.139+0000][1][safepoint    ] Entering safepoint region: Cleanup
[2019-12-08T11:55:00.139+0000][1][safepoint    ] Leaving safepoint region
[2019-12-08T11:55:00.139+0000][1][safepoint    ] Total time for which application threads were stopped: 0.0000911 seconds, Stopping threads took: 0.0000183 seconds
[2019-12-08T11:55:01.139+0000][1][safepoint    ] Application time: 1.0000808 seconds
[2019-12-08T11:55:01.139+0000][1][safepoint    ] Entering safepoint region: Cleanup
[2019-12-08T11:55:01.139+0000][1][safepoint    ] Leaving safepoint region
[2019-12-08T11:55:01.139+0000][1][safepoint    ] Total time for which application threads were stopped: 0.0000849 seconds, Stopping threads took: 0.0000183 seconds
[2019-12-08T11:55:02.139+0000][1][safepoint    ] Application time: 1.0000901 seconds
[2019-12-08T11:55:02.139+0000][1][safepoint    ] Entering safepoint region: Cleanup
[2019-12-08T11:55:02.139+0000][1][safepoint    ] Leaving safepoint region
[2019-12-08T11:55:02.139+0000][1][safepoint    ] Total time for which application threads were stopped: 0.0001158 seconds, Stopping threads took: 0.0000253 seconds
[2019-12-08T11:55:03.140+0000][1][safepoint    ] Application time: 1.0000905 seconds
[2019-12-08T11:55:03.140+0000][1][safepoint    ] Entering safepoint region: Cleanup
[2019-12-08T11:55:03.140+0000][1][safepoint    ] Leaving safepoint region
[2019-12-08T11:55:03.140+0000][1][safepoint    ] Total time for which application threads were stopped: 0.0000972 seconds, Stopping threads took: 0.0000309 seconds
[2019-12-08T11:55:04.140+0000][1][safepoint    ] Application time: 1.0000427 seconds
[2019-12-08T11:55:04.140+0000][1][safepoint    ] Entering safepoint region: Cleanup
[2019-12-08T11:55:04.140+0000][1][safepoint    ] Leaving safepoint region
[2019-12-08T11:55:04.140+0000][1][safepoint    ] Total time for which application threads were stopped: 0.0000893 seconds, Stopping threads took: 0.0000224 seconds
[2019-12-08T11:55:05.140+0000][1][safepoint    ] Application time: 1.0000873 seconds
[2019-12-08T11:55:05.140+0000][1][safepoint    ] Entering safepoint region: Cleanup
[2019-12-08T11:55:05.140+0000][1][safepoint    ] Leaving safepoint region
[2019-12-08T11:55:05.140+0000][1][safepoint    ] Total time for which application threads were stopped: 0.0001133 seconds, Stopping threads took: 0.0000258 seconds
[2019-12-08T11:55:06.140+0000][1][safepoint    ] Application time: 1.0000816 seconds
[2019-12-08T11:55:06.140+0000][1][safepoint    ] Entering safepoint region: Cleanup
[2019-12-08T11:55:06.140+0000][1][safepoint    ] Leaving safepoint region
[2019-12-08T11:55:06.140+0000][1][safepoint    ] Total time for which application threads were stopped: 0.0000863 seconds, Stopping threads took: 0.0000208 seconds
[2019-12-08T11:55:07.140+0000][1][safepoint    ] Application time: 1.0000803 seconds
[2019-12-08T11:55:07.140+0000][1][safepoint    ] Entering safepoint region: Cleanup
[2019-12-08T11:55:07.140+0000][1][safepoint    ] Leaving safepoint region
[2019-12-08T11:55:07.140+0000][1][safepoint    ] Total time for which application threads were stopped: 0.0000920 seconds, Stopping threads took: 0.0000181 seconds
[2019-12-08T11:55:08.141+0000][1][safepoint    ] Application time: 1.0000836 seconds
[2019-12-08T11:55:08.141+0000][1][safepoint    ] Entering safepoint region: Cleanup
[2019-12-08T11:55:08.141+0000][1][safepoint    ] Leaving safepoint region
[2019-12-08T11:55:08.141+0000][1][safepoint    ] Total time for which application threads were stopped: 0.0001067 seconds, Stopping threads took: 0.0000237 seconds
[2019-12-08T11:55:09.141+0000][1][safepoint    ] Application time: 1.0000894 seconds
[2019-12-08T11:55:09.141+0000][1][safepoint    ] Entering safepoint region: Cleanup
[2019-12-08T11:55:09.141+0000][1][safepoint    ] Leaving safepoint region
[2019-12-08T11:55:09.141+0000][1][safepoint    ] Total time for which application threads were stopped: 0.0000983 seconds, Stopping threads took: 0.0000360 seconds
[2019-12-08T11:55:10.141+0000][1][safepoint    ] Application time: 1.0000811 seconds
[2019-12-08T11:55:10.141+0000][1][safepoint    ] Entering safepoint region: Cleanup
[2019-12-08T11:55:10.141+0000][1][safepoint    ] Leaving safepoint region
[2019-12-08T11:55:10.141+0000][1][safepoint    ] Total time for which application threads were stopped: 0.0000904 seconds, Stopping threads took: 0.0000185 seconds
[2019-12-08T11:55:11.141+0000][1][safepoint    ] Application time: 1.0000763 seconds
[2019-12-08T11:55:11.141+0000][1][safepoint    ] Entering safepoint region: Cleanup
[2019-12-08T11:55:11.141+0000][1][safepoint    ] Leaving safepoint region
[2019-12-08T11:55:11.141+0000][1][safepoint    ] Total time for which application threads were stopped: 0.0000809 seconds, Stopping threads took: 0.0000181 seconds
[2019-12-08T11:55:12.141+0000][1][safepoint    ] Application time: 1.0000763 seconds
[2019-12-08T11:55:12.141+0000][1][safepoint    ] Entering safepoint region: Cleanup
[2019-12-08T11:55:12.141+0000][1][safepoint    ] Leaving safepoint region
[2019-12-08T11:55:12.141+0000][1][safepoint    ] Total time for which application threads were stopped: 0.0000785 seconds, Stopping threads took: 0.0000175 seconds
[2019-12-08T11:55:13.142+0000][1][safepoint    ] Application time: 1.0000800 seconds
[2019-12-08T11:55:13.142+0000][1][safepoint    ] Entering safepoint region: Cleanup
[2019-12-08T11:55:13.142+0000][1][safepoint    ] Leaving safepoint region
[2019-12-08T11:55:13.142+0000][1][safepoint    ] Total time for which application threads were stopped: 0.0000863 seconds, Stopping threads took: 0.0000204 seconds
[2019-12-08T11:55:14.142+0000][1][safepoint    ] Application time: 1.0000807 seconds
[2019-12-08T11:55:14.142+0000][1][safepoint    ] Entering safepoint region: Cleanup
[2019-12-08T11:55:14.142+0000][1][safepoint    ] Leaving safepoint region
[2019-12-08T11:55:14.142+0000][1][safepoint    ] Total time for which application threads were stopped: 0.0000851 seconds, Stopping threads took: 0.0000192 seconds
[2019-12-08T11:55:15.146+0000][1][safepoint    ] Application time: 1.0037294 seconds
[2019-12-08T11:55:15.146+0000][1][safepoint    ] Entering safepoint region: Cleanup
[2019-12-08T11:55:15.146+0000][1][safepoint    ] Leaving safepoint region
[2019-12-08T11:55:15.146+0000][1][safepoint    ] Total time for which application threads were stopped: 0.0001069 seconds, Stopping threads took: 0.0000190 seconds
[2019-12-08T11:55:16.146+0000][1][safepoint    ] Application time: 1.0000814 seconds
[2019-12-08T11:55:16.146+0000][1][safepoint    ] Entering safepoint region: Cleanup
[2019-12-08T11:55:16.146+0000][1][safepoint    ] Leaving safepoint region
[2019-12-08T11:55:16.146+0000][1][safepoint    ] Total time for which application threads were stopped: 0.0000867 seconds, Stopping threads took: 0.0000186 seconds
[2019-12-08T11:55:17.146+0000][1][safepoint    ] Application time: 1.0000815 seconds
[2019-12-08T11:55:17.146+0000][1][safepoint    ] Entering safepoint region: Cleanup
[2019-12-08T11:55:17.146+0000][1][safepoint    ] Leaving safepoint region
[2019-12-08T11:55:17.146+0000][1][safepoint    ] Total time for which application threads were stopped: 0.0001182 seconds, Stopping threads took: 0.0000252 seconds
[2019-12-08T11:55:18.146+0000][1][safepoint    ] Application time: 1.0001023 seconds
[2019-12-08T11:55:18.146+0000][1][safepoint    ] Entering safepoint region: Cleanup
[2019-12-08T11:55:18.146+0000][1][safepoint    ] Leaving safepoint region
[2019-12-08T11:55:18.146+0000][1][safepoint    ] Total time for which application threads were stopped: 0.0001592 seconds, Stopping threads took: 0.0000597 seconds
[2019-12-08T11:55:19.147+0000][1][safepoint    ] Application time: 1.0000874 seconds
[2019-12-08T11:55:19.147+0000][1][safepoint    ] Entering safepoint region: Cleanup
[2019-12-08T11:55:19.147+0000][1][safepoint    ] Leaving safepoint region
[2019-12-08T11:55:19.147+0000][1][safepoint    ] Total time for which application threads were stopped: 0.0001128 seconds, Stopping threads took: 0.0000196 seconds
[2019-12-08T11:55:20.147+0000][1][safepoint    ] Application time: 1.0000844 seconds
[2019-12-08T11:55:20.147+0000][1][safepoint    ] Entering safepoint region: Cleanup
[2019-12-08T11:55:20.147+0000][1][safepoint    ] Leaving safepoint region
[2019-12-08T11:55:20.147+0000][1][safepoint    ] Total time for which application threads were stopped: 0.0001177 seconds, Stopping threads took: 0.0000258 seconds
[2019-12-08T11:55:21.147+0000][1][safepoint    ] Application time: 1.0000803 seconds
[2019-12-08T11:55:21.147+0000][1][safepoint    ] Entering safepoint region: Cleanup
[2019-12-08T11:55:21.147+0000][1][safepoint    ] Leaving safepoint region
[2019-12-08T11:55:21.147+0000][1][safepoint    ] Total time for which application threads were stopped: 0.0000832 seconds, Stopping threads took: 0.0000189 seconds
[2019-12-08T11:55:22.147+0000][1][safepoint    ] Application time: 1.0000823 seconds
[2019-12-08T11:55:22.147+0000][1][safepoint    ] Entering safepoint region: Cleanup
[2019-12-08T11:55:22.147+0000][1][safepoint    ] Leaving safepoint region
[2019-12-08T11:55:22.147+0000][1][safepoint    ] Total time for which application threads were stopped: 0.0000777 seconds, Stopping threads took: 0.0000171 seconds
[2019-12-08T11:55:23.147+0000][1][safepoint    ] Application time: 1.0000846 seconds
[2019-12-08T11:55:23.148+0000][1][safepoint    ] Entering safepoint region: Cleanup
[2019-12-08T11:55:23.148+0000][1][safepoint    ] Leaving safepoint region
[2019-12-08T11:55:23.148+0000][1][safepoint    ] Total time for which application threads were stopped: 0.0001300 seconds, Stopping threads took: 0.0000659 seconds
[2019-12-08T11:55:24.148+0000][1][safepoint    ] Application time: 1.0000865 seconds
[2019-12-08T11:55:24.148+0000][1][safepoint    ] Entering safepoint region: Cleanup
[2019-12-08T11:55:24.148+0000][1][safepoint    ] Leaving safepoint region
[2019-12-08T11:55:24.148+0000][1][safepoint    ] Total time for which application threads were stopped: 0.0000853 seconds, Stopping threads took: 0.0000184 seconds
[2019-12-08T11:55:25.155+0000][1][safepoint    ] Application time: 1.0070247 seconds
[2019-12-08T11:55:25.155+0000][1][safepoint    ] Entering safepoint region: Cleanup
[2019-12-08T11:55:25.155+0000][1][safepoint    ] Leaving safepoint region
[2019-12-08T11:55:25.155+0000][1][safepoint    ] Total time for which application threads were stopped: 0.0001329 seconds, Stopping threads took: 0.0000459 seconds
[2019-12-08T11:55:26.155+0000][1][safepoint    ] Application time: 1.0000865 seconds
[2019-12-08T11:55:26.155+0000][1][safepoint    ] Entering safepoint region: Cleanup
[2019-12-08T11:55:26.155+0000][1][safepoint    ] Leaving safepoint region
[2019-12-08T11:55:26.155+0000][1][safepoint    ] Total time for which application threads were stopped: 0.0000784 seconds, Stopping threads took: 0.0000165 seconds
[2019-12-08T11:55:27.155+0000][1][safepoint    ] Application time: 1.0000778 seconds
[2019-12-08T11:55:27.155+0000][1][safepoint    ] Entering safepoint region: Cleanup
[2019-12-08T11:55:27.155+0000][1][safepoint    ] Leaving safepoint region
[2019-12-08T11:55:27.155+0000][1][safepoint    ] Total time for which application threads were stopped: 0.0000918 seconds, Stopping threads took: 0.0000185 seconds
[2019-12-08T11:55:28.156+0000][1][safepoint    ] Application time: 1.0000771 seconds
[2019-12-08T11:55:28.156+0000][1][safepoint    ] Entering safepoint region: Cleanup
[2019-12-08T11:55:28.156+0000][1][safepoint    ] Leaving safepoint region
[2019-12-08T11:55:28.156+0000][1][safepoint    ] Total time for which application threads were stopped: 0.0000834 seconds, Stopping threads took: 0.0000183 seconds
[2019-12-08T11:55:29.156+0000][1][safepoint    ] Application time: 1.0000790 seconds
[2019-12-08T11:55:29.156+0000][1][safepoint    ] Entering safepoint region: Cleanup
[2019-12-08T11:55:29.156+0000][1][safepoint    ] Leaving safepoint region
[2019-12-08T11:55:29.156+0000][1][safepoint    ] Total time for which application threads were stopped: 0.0000816 seconds, Stopping threads took: 0.0000176 seconds
[2019-12-08T11:55:30.156+0000][1][safepoint    ] Application time: 1.0000820 seconds
[2019-12-08T11:55:30.156+0000][1][safepoint    ] Entering safepoint region: Cleanup
[2019-12-08T11:55:30.156+0000][1][safepoint    ] Leaving safepoint region
[2019-12-08T11:55:30.156+0000][1][safepoint    ] Total time for which application threads were stopped: 0.0000789 seconds, Stopping threads took: 0.0000173 seconds
[2019-12-08T11:55:31.156+0000][1][safepoint    ] Application time: 1.0000792 seconds
[2019-12-08T11:55:31.156+0000][1][safepoint    ] Entering safepoint region: Cleanup
[2019-12-08T11:55:31.156+0000][1][safepoint    ] Leaving safepoint region
[2019-12-08T11:55:31.156+0000][1][safepoint    ] Total time for which application threads were stopped: 0.0000777 seconds, Stopping threads took: 0.0000179 seconds
[2019-12-08T11:55:32.156+0000][1][safepoint    ] Application time: 1.0000773 seconds
[2019-12-08T11:55:32.156+0000][1][safepoint    ] Entering safepoint region: Cleanup
[2019-12-08T11:55:32.156+0000][1][safepoint    ] Leaving safepoint region
[2019-12-08T11:55:32.156+0000][1][safepoint    ] Total time for which application threads were stopped: 0.0000763 seconds, Stopping threads took: 0.0000166 seconds
[2019-12-08T11:55:33.156+0000][1][safepoint    ] Application time: 1.0000825 seconds
[2019-12-08T11:55:33.157+0000][1][safepoint    ] Entering safepoint region: Cleanup
[2019-12-08T11:55:33.157+0000][1][safepoint    ] Leaving safepoint region
[2019-12-08T11:55:33.157+0000][1][safepoint    ] Total time for which application threads were stopped: 0.0000795 seconds, Stopping threads took: 0.0000169 seconds
[2019-12-08T11:55:34.157+0000][1][safepoint    ] Application time: 1.0000780 seconds
[2019-12-08T11:55:34.157+0000][1][safepoint    ] Entering safepoint region: Cleanup
[2019-12-08T11:55:34.157+0000][1][safepoint    ] Leaving safepoint region
[2019-12-08T11:55:34.157+0000][1][safepoint    ] Total time for which application threads were stopped: 0.0000847 seconds, Stopping threads took: 0.0000184 seconds
[2019-12-08T11:55:35.157+0000][1][safepoint    ] Application time: 1.0000804 seconds
[2019-12-08T11:55:35.157+0000][1][safepoint    ] Entering safepoint region: Cleanup
[2019-12-08T11:55:35.157+0000][1][safepoint    ] Leaving safepoint region
[2019-12-08T11:55:35.157+0000][1][safepoint    ] Total time for which application threads were stopped: 0.0000789 seconds, Stopping threads took: 0.0000178 seconds
[2019-12-08T11:55:36.157+0000][1][safepoint    ] Application time: 1.0000873 seconds
[2019-12-08T11:55:36.157+0000][1][safepoint    ] Entering safepoint region: Cleanup
[2019-12-08T11:55:36.157+0000][1][safepoint    ] Leaving safepoint region
[2019-12-08T11:55:36.157+0000][1][safepoint    ] Total time for which application threads were stopped: 0.0001098 seconds, Stopping threads took: 0.0000241 seconds
[2019-12-08T11:55:37.157+0000][1][safepoint    ] Application time: 1.0000785 seconds
[2019-12-08T11:55:37.157+0000][1][safepoint    ] Entering safepoint region: Cleanup
[2019-12-08T11:55:37.157+0000][1][safepoint    ] Leaving safepoint region
[2019-12-08T11:55:37.157+0000][1][safepoint    ] Total time for which application threads were stopped: 0.0000794 seconds, Stopping threads took: 0.0000180 seconds
[2019-12-08T11:55:38.158+0000][1][safepoint    ] Application time: 1.0000859 seconds
[2019-12-08T11:55:38.158+0000][1][safepoint    ] Entering safepoint region: Cleanup
[2019-12-08T11:55:38.158+0000][1][safepoint    ] Leaving safepoint region
[2019-12-08T11:55:38.158+0000][1][safepoint    ] Total time for which application threads were stopped: 0.0001075 seconds, Stopping threads took: 0.0000238 seconds
[2019-12-08T11:55:39.158+0000][1][safepoint    ] Application time: 1.0000764 seconds
[2019-12-08T11:55:39.158+0000][1][safepoint    ] Entering safepoint region: Cleanup
[2019-12-08T11:55:39.158+0000][1][safepoint    ] Leaving safepoint region
[2019-12-08T11:55:39.158+0000][1][safepoint    ] Total time for which application threads were stopped: 0.0000778 seconds, Stopping threads took: 0.0000172 seconds
[2019-12-08T11:55:40.158+0000][1][safepoint    ] Application time: 1.0000749 seconds
[2019-12-08T11:55:40.158+0000][1][safepoint    ] Entering safepoint region: Cleanup
[2019-12-08T11:55:40.158+0000][1][safepoint    ] Leaving safepoint region
[2019-12-08T11:55:40.158+0000][1][safepoint    ] Total time for which application threads were stopped: 0.0000779 seconds, Stopping threads took: 0.0000179 seconds
[2019-12-08T11:55:40.811+0000][1][safepoint    ] Application time: 0.6532702 seconds
[2019-12-08T11:55:40.811+0000][1][safepoint    ] Entering safepoint region: GenCollectForAllocation
[2019-12-08T11:55:40.811+0000][1][gc,start     ] GC(41) Pause Young (Allocation Failure)
[2019-12-08T11:55:40.811+0000][1][gc,task      ] GC(41) Using 4 workers of 4 for evacuation
[2019-12-08T11:55:40.812+0000][1][gc,age       ] GC(41) Desired survivor size 4456448 bytes, new threshold 6 (max threshold 6)
[2019-12-08T11:55:40.812+0000][1][gc,age       ] GC(41) Age table with threshold 6 (max threshold 6)
[2019-12-08T11:55:40.812+0000][1][gc,age       ] GC(41) - age   1:       6664 bytes,       6664 total
[2019-12-08T11:55:40.812+0000][1][gc,age       ] GC(41) - age   2:        288 bytes,       6952 total
[2019-12-08T11:55:40.812+0000][1][gc,age       ] GC(41) - age   3:        288 bytes,       7240 total
[2019-12-08T11:55:40.812+0000][1][gc,age       ] GC(41) - age   4:      16400 bytes,      23640 total
[2019-12-08T11:55:40.812+0000][1][gc,age       ] GC(41) - age   5:        936 bytes,      24576 total
[2019-12-08T11:55:40.812+0000][1][gc,age       ] GC(41) - age   6:        512 bytes,      25088 total
[2019-12-08T11:55:40.813+0000][1][gc,heap      ] GC(41) ParNew: 69982K->28K(78656K)
[2019-12-08T11:55:40.813+0000][1][gc,heap      ] GC(41) CMS: 70859K->70859K(174784K)
[2019-12-08T11:55:40.813+0000][1][gc,metaspace ] GC(41) Metaspace: 69782K->69782K(1114112K)
[2019-12-08T11:55:40.813+0000][1][gc           ] GC(41) Pause Young (Allocation Failure) 137M->69M(247M) 1.093ms
[2019-12-08T11:55:40.813+0000][1][gc,cpu       ] GC(41) User=0.00s Sys=0.00s Real=0.00s
[2019-12-08T11:55:40.813+0000][1][safepoint    ] Leaving safepoint region
[2019-12-08T11:55:40.813+0000][1][safepoint    ] Total time for which application threads were stopped: 0.0012529 seconds, Stopping threads took: 0.0000190 seconds
[2019-12-08T11:55:41.813+0000][1][safepoint    ] Application time: 1.0000882 seconds
[2019-12-08T11:55:41.813+0000][1][safepoint    ] Entering safepoint region: Cleanup
[2019-12-08T11:55:41.813+0000][1][safepoint    ] Leaving safepoint region
[2019-12-08T11:55:41.813+0000][1][safepoint    ] Total time for which application threads were stopped: 0.0000831 seconds, Stopping threads took: 0.0000197 seconds
[2019-12-08T11:55:42.813+0000][1][safepoint    ] Application time: 1.0000797 seconds
[2019-12-08T11:55:42.813+0000][1][safepoint    ] Entering safepoint region: Cleanup
[2019-12-08T11:55:42.813+0000][1][safepoint    ] Leaving safepoint region
[2019-12-08T11:55:42.813+0000][1][safepoint    ] Total time for which application threads were stopped: 0.0000893 seconds, Stopping threads took: 0.0000197 seconds
[2019-12-08T11:55:43.813+0000][1][safepoint    ] Application time: 1.0000844 seconds
[2019-12-08T11:55:43.813+0000][1][safepoint    ] Entering safepoint region: Cleanup
[2019-12-08T11:55:43.813+0000][1][safepoint    ] Leaving safepoint region
[2019-12-08T11:55:43.813+0000][1][safepoint    ] Total time for which application threads were stopped: 0.0000914 seconds, Stopping threads took: 0.0000207 seconds
[2019-12-08T11:55:44.813+0000][1][safepoint    ] Application time: 1.0000798 seconds
[2019-12-08T11:55:44.813+0000][1][safepoint    ] Entering safepoint region: Cleanup
[2019-12-08T11:55:44.813+0000][1][safepoint    ] Leaving safepoint region
[2019-12-08T11:55:44.813+0000][1][safepoint    ] Total time for which application threads were stopped: 0.0000855 seconds, Stopping threads took: 0.0000200 seconds
[2019-12-08T11:55:45.814+0000][1][safepoint    ] Application time: 1.0000804 seconds
[2019-12-08T11:55:45.814+0000][1][safepoint    ] Entering safepoint region: Cleanup
[2019-12-08T11:55:45.814+0000][1][safepoint    ] Leaving safepoint region
[2019-12-08T11:55:45.814+0000][1][safepoint    ] Total time for which application threads were stopped: 0.0000911 seconds, Stopping threads took: 0.0000199 seconds
[2019-12-08T11:55:46.814+0000][1][safepoint    ] Application time: 1.0000826 seconds
[2019-12-08T11:55:46.814+0000][1][safepoint    ] Entering safepoint region: Cleanup
[2019-12-08T11:55:46.814+0000][1][safepoint    ] Leaving safepoint region
[2019-12-08T11:55:46.814+0000][1][safepoint    ] Total time for which application threads were stopped: 0.0000850 seconds, Stopping threads took: 0.0000198 seconds
[2019-12-08T11:55:47.814+0000][1][safepoint    ] Application time: 1.0000743 seconds
[2019-12-08T11:55:47.814+0000][1][safepoint    ] Entering safepoint region: Cleanup
[2019-12-08T11:55:47.814+0000][1][safepoint    ] Leaving safepoint region
[2019-12-08T11:55:47.814+0000][1][safepoint    ] Total time for which application threads were stopped: 0.0000868 seconds, Stopping threads took: 0.0000210 seconds
[2019-12-08T11:55:48.814+0000][1][safepoint    ] Application time: 1.0000767 seconds
[2019-12-08T11:55:48.814+0000][1][safepoint    ] Entering safepoint region: Cleanup
[2019-12-08T11:55:48.814+0000][1][safepoint    ] Leaving safepoint region
[2019-12-08T11:55:48.814+0000][1][safepoint    ] Total time for which application threads were stopped: 0.0000847 seconds, Stopping threads took: 0.0000187 seconds
[2019-12-08T11:55:49.814+0000][1][safepoint    ] Application time: 1.0000761 seconds
[2019-12-08T11:55:49.814+0000][1][safepoint    ] Entering safepoint region: Cleanup
[2019-12-08T11:55:49.814+0000][1][safepoint    ] Leaving safepoint region
[2019-12-08T11:55:49.814+0000][1][safepoint    ] Total time for which application threads were stopped: 0.0000834 seconds, Stopping threads took: 0.0000187 seconds
[2019-12-08T11:55:50.815+0000][1][safepoint    ] Application time: 1.0000763 seconds
[2019-12-08T11:55:50.815+0000][1][safepoint    ] Entering safepoint region: Cleanup
[2019-12-08T11:55:50.815+0000][1][safepoint    ] Leaving safepoint region
[2019-12-08T11:55:50.815+0000][1][safepoint    ] Total time for which application threads were stopped: 0.0000980 seconds, Stopping threads took: 0.0000196 seconds
[2019-12-08T11:55:51.815+0000][1][safepoint    ] Application time: 1.0000767 seconds
[2019-12-08T11:55:51.815+0000][1][safepoint    ] Entering safepoint region: Cleanup
[2019-12-08T11:55:51.815+0000][1][safepoint    ] Leaving safepoint region
[2019-12-08T11:55:51.815+0000][1][safepoint    ] Total time for which application threads were stopped: 0.0000871 seconds, Stopping threads took: 0.0000210 seconds
[2019-12-08T11:55:52.815+0000][1][safepoint    ] Application time: 1.0000758 seconds
[2019-12-08T11:55:52.815+0000][1][safepoint    ] Entering safepoint region: Cleanup
[2019-12-08T11:55:52.815+0000][1][safepoint    ] Leaving safepoint region
[2019-12-08T11:55:52.815+0000][1][safepoint    ] Total time for which application threads were stopped: 0.0000882 seconds, Stopping threads took: 0.0000202 seconds
[2019-12-08T11:55:53.815+0000][1][safepoint    ] Application time: 1.0000783 seconds
[2019-12-08T11:55:53.815+0000][1][safepoint    ] Entering safepoint region: Cleanup
[2019-12-08T11:55:53.815+0000][1][safepoint    ] Leaving safepoint region
[2019-12-08T11:55:53.815+0000][1][safepoint    ] Total time for which application threads were stopped: 0.0000953 seconds, Stopping threads took: 0.0000279 seconds
[2019-12-08T11:55:54.815+0000][1][safepoint    ] Application time: 1.0000812 seconds
[2019-12-08T11:55:54.815+0000][1][safepoint    ] Entering safepoint region: Cleanup
[2019-12-08T11:55:54.816+0000][1][safepoint    ] Leaving safepoint region
[2019-12-08T11:55:54.816+0000][1][safepoint    ] Total time for which application threads were stopped: 0.0000838 seconds, Stopping threads took: 0.0000184 seconds
[2019-12-08T11:55:55.816+0000][1][safepoint    ] Application time: 1.0000772 seconds
[2019-12-08T11:55:55.816+0000][1][safepoint    ] Entering safepoint region: Cleanup
[2019-12-08T11:55:55.816+0000][1][safepoint    ] Leaving safepoint region
[2019-12-08T11:55:55.816+0000][1][safepoint    ] Total time for which application threads were stopped: 0.0000988 seconds, Stopping threads took: 0.0000314 seconds
[2019-12-08T11:55:56.816+0000][1][safepoint    ] Application time: 1.0000784 seconds
[2019-12-08T11:55:56.816+0000][1][safepoint    ] Entering safepoint region: Cleanup
[2019-12-08T11:55:56.816+0000][1][safepoint    ] Leaving safepoint region
[2019-12-08T11:55:56.816+0000][1][safepoint    ] Total time for which application threads were stopped: 0.0000926 seconds, Stopping threads took: 0.0000237 seconds
[2019-12-08T11:55:57.816+0000][1][safepoint    ] Application time: 1.0000748 seconds
[2019-12-08T11:55:57.816+0000][1][safepoint    ] Entering safepoint region: Cleanup
[2019-12-08T11:55:57.816+0000][1][safepoint    ] Leaving safepoint region
[2019-12-08T11:55:57.816+0000][1][safepoint    ] Total time for which application threads were stopped: 0.0000915 seconds, Stopping threads took: 0.0000262 seconds
[2019-12-08T11:55:58.816+0000][1][safepoint    ] Application time: 1.0000780 seconds
[2019-12-08T11:55:58.816+0000][1][safepoint    ] Entering safepoint region: Cleanup
[2019-12-08T11:55:58.816+0000][1][safepoint    ] Leaving safepoint region
[2019-12-08T11:55:58.816+0000][1][safepoint    ] Total time for which application threads were stopped: 0.0000851 seconds, Stopping threads took: 0.0000186 seconds
[2019-12-08T11:55:59.817+0000][1][safepoint    ] Application time: 1.0000800 seconds
[2019-12-08T11:55:59.817+0000][1][safepoint    ] Entering safepoint region: Cleanup
[2019-12-08T11:55:59.817+0000][1][safepoint    ] Leaving safepoint region
[2019-12-08T11:55:59.817+0000][1][safepoint    ] Total time for which application threads were stopped: 0.0000827 seconds, Stopping threads took: 0.0000183 seconds
[2019-12-08T11:56:00.817+0000][1][safepoint    ] Application time: 1.0000744 seconds
[2019-12-08T11:56:00.817+0000][1][safepoint    ] Entering safepoint region: Cleanup
[2019-12-08T11:56:00.817+0000][1][safepoint    ] Leaving safepoint region
[2019-12-08T11:56:00.817+0000][1][safepoint    ] Total time for which application threads were stopped: 0.0000858 seconds, Stopping threads took: 0.0000200 seconds
[2019-12-08T11:56:01.818+0000][1][safepoint    ] Application time: 1.0009106 seconds
[2019-12-08T11:56:01.818+0000][1][safepoint    ] Entering safepoint region: Cleanup
[2019-12-08T11:56:01.818+0000][1][safepoint    ] Leaving safepoint region
[2019-12-08T11:56:01.818+0000][1][safepoint    ] Total time for which application threads were stopped: 0.0001356 seconds, Stopping threads took: 0.0000289 seconds
[2019-12-08T11:56:02.818+0000][1][safepoint    ] Application time: 1.0000936 seconds
[2019-12-08T11:56:02.818+0000][1][safepoint    ] Entering safepoint region: Cleanup
[2019-12-08T11:56:02.818+0000][1][safepoint    ] Leaving safepoint region
[2019-12-08T11:56:02.818+0000][1][safepoint    ] Total time for which application threads were stopped: 0.0001348 seconds, Stopping threads took: 0.0000291 seconds
[2019-12-08T11:56:03.818+0000][1][safepoint    ] Application time: 1.0000813 seconds
[2019-12-08T11:56:03.818+0000][1][safepoint    ] Entering safepoint region: Cleanup
[2019-12-08T11:56:03.818+0000][1][safepoint    ] Leaving safepoint region
[2019-12-08T11:56:03.818+0000][1][safepoint    ] Total time for which application threads were stopped: 0.0000906 seconds, Stopping threads took: 0.0000254 seconds
[2019-12-08T11:56:04.819+0000][1][safepoint    ] Application time: 1.0000773 seconds
[2019-12-08T11:56:04.819+0000][1][safepoint    ] Entering safepoint region: Cleanup
[2019-12-08T11:56:04.819+0000][1][safepoint    ] Leaving safepoint region
[2019-12-08T11:56:04.819+0000][1][safepoint    ] Total time for which application threads were stopped: 0.0000837 seconds, Stopping threads took: 0.0000188 seconds
[2019-12-08T11:56:05.819+0000][1][safepoint    ] Application time: 1.0000778 seconds
[2019-12-08T11:56:05.819+0000][1][safepoint    ] Entering safepoint region: Cleanup
[2019-12-08T11:56:05.819+0000][1][safepoint    ] Leaving safepoint region
[2019-12-08T11:56:05.819+0000][1][safepoint    ] Total time for which application threads were stopped: 0.0000826 seconds, Stopping threads took: 0.0000191 seconds
[2019-12-08T11:56:06.819+0000][1][safepoint    ] Application time: 1.0000800 seconds
[2019-12-08T11:56:06.819+0000][1][safepoint    ] Entering safepoint region: Cleanup
[2019-12-08T11:56:06.819+0000][1][safepoint    ] Leaving safepoint region
[2019-12-08T11:56:06.819+0000][1][safepoint    ] Total time for which application threads were stopped: 0.0000933 seconds, Stopping threads took: 0.0000283 seconds
[2019-12-08T11:56:07.819+0000][1][safepoint    ] Application time: 1.0000796 seconds
[2019-12-08T11:56:07.819+0000][1][safepoint    ] Entering safepoint region: Cleanup
[2019-12-08T11:56:07.819+0000][1][safepoint    ] Leaving safepoint region
[2019-12-08T11:56:07.819+0000][1][safepoint    ] Total time for which application threads were stopped: 0.0000880 seconds, Stopping threads took: 0.0000208 seconds
[2019-12-08T11:56:08.819+0000][1][safepoint    ] Application time: 1.0000809 seconds
[2019-12-08T11:56:08.819+0000][1][safepoint    ] Entering safepoint region: Cleanup
[2019-12-08T11:56:08.819+0000][1][safepoint    ] Leaving safepoint region
[2019-12-08T11:56:08.819+0000][1][safepoint    ] Total time for which application threads were stopped: 0.0000927 seconds, Stopping threads took: 0.0000219 seconds
[2019-12-08T11:56:09.820+0000][1][safepoint    ] Application time: 1.0000797 seconds
[2019-12-08T11:56:09.820+0000][1][safepoint    ] Entering safepoint region: Cleanup
[2019-12-08T11:56:09.820+0000][1][safepoint    ] Leaving safepoint region
[2019-12-08T11:56:09.820+0000][1][safepoint    ] Total time for which application threads were stopped: 0.0001057 seconds, Stopping threads took: 0.0000195 seconds
[2019-12-08T11:56:10.820+0000][1][safepoint    ] Application time: 1.0000785 seconds
[2019-12-08T11:56:10.820+0000][1][safepoint    ] Entering safepoint region: Cleanup
[2019-12-08T11:56:10.820+0000][1][safepoint    ] Leaving safepoint region
[2019-12-08T11:56:10.820+0000][1][safepoint    ] Total time for which application threads were stopped: 0.0000853 seconds, Stopping threads took: 0.0000202 seconds
[2019-12-08T11:56:11.820+0000][1][safepoint    ] Application time: 1.0000737 seconds
[2019-12-08T11:56:11.820+0000][1][safepoint    ] Entering safepoint region: Cleanup
[2019-12-08T11:56:11.820+0000][1][safepoint    ] Leaving safepoint region
[2019-12-08T11:56:11.820+0000][1][safepoint    ] Total time for which application threads were stopped: 0.0001051 seconds, Stopping threads took: 0.0000203 seconds
[2019-12-08T11:56:12.820+0000][1][safepoint    ] Application time: 1.0000808 seconds
[2019-12-08T11:56:12.820+0000][1][safepoint    ] Entering safepoint region: Cleanup
[2019-12-08T11:56:12.820+0000][1][safepoint    ] Leaving safepoint region
[2019-12-08T11:56:12.820+0000][1][safepoint    ] Total time for which application threads were stopped: 0.0000908 seconds, Stopping threads took: 0.0000198 seconds
[2019-12-08T11:56:13.820+0000][1][safepoint    ] Application time: 1.0000738 seconds
[2019-12-08T11:56:13.820+0000][1][safepoint    ] Entering safepoint region: Cleanup
[2019-12-08T11:56:13.821+0000][1][safepoint    ] Leaving safepoint region
[2019-12-08T11:56:13.821+0000][1][safepoint    ] Total time for which application threads were stopped: 0.0000840 seconds, Stopping threads took: 0.0000206 seconds
[2019-12-08T11:56:14.821+0000][1][safepoint    ] Application time: 1.0000835 seconds
[2019-12-08T11:56:14.821+0000][1][safepoint    ] Entering safepoint region: Cleanup
[2019-12-08T11:56:14.821+0000][1][safepoint    ] Leaving safepoint region
[2019-12-08T11:56:14.821+0000][1][safepoint    ] Total time for which application threads were stopped: 0.0000872 seconds, Stopping threads took: 0.0000216 seconds
[2019-12-08T11:56:15.821+0000][1][safepoint    ] Application time: 1.0000834 seconds
[2019-12-08T11:56:15.821+0000][1][safepoint    ] Entering safepoint region: Cleanup
[2019-12-08T11:56:15.821+0000][1][safepoint    ] Leaving safepoint region
[2019-12-08T11:56:15.821+0000][1][safepoint    ] Total time for which application threads were stopped: 0.0000866 seconds, Stopping threads took: 0.0000203 seconds
[2019-12-08T11:56:16.821+0000][1][safepoint    ] Application time: 1.0000805 seconds
[2019-12-08T11:56:16.821+0000][1][safepoint    ] Entering safepoint region: Cleanup
[2019-12-08T11:56:16.821+0000][1][safepoint    ] Leaving safepoint region
[2019-12-08T11:56:16.821+0000][1][safepoint    ] Total time for which application threads were stopped: 0.0000936 seconds, Stopping threads took: 0.0000263 seconds
[2019-12-08T11:56:17.821+0000][1][safepoint    ] Application time: 1.0000769 seconds
[2019-12-08T11:56:17.821+0000][1][safepoint    ] Entering safepoint region: Cleanup
[2019-12-08T11:56:17.821+0000][1][safepoint    ] Leaving safepoint region
[2019-12-08T11:56:17.821+0000][1][safepoint    ] Total time for which application threads were stopped: 0.0000861 seconds, Stopping threads took: 0.0000205 seconds
[2019-12-08T11:56:18.822+0000][1][safepoint    ] Application time: 1.0000791 seconds
[2019-12-08T11:56:18.822+0000][1][safepoint    ] Entering safepoint region: Cleanup
[2019-12-08T11:56:18.822+0000][1][safepoint    ] Leaving safepoint region
[2019-12-08T11:56:18.822+0000][1][safepoint    ] Total time for which application threads were stopped: 0.0000942 seconds, Stopping threads took: 0.0000280 seconds
[2019-12-08T11:56:19.822+0000][1][safepoint    ] Application time: 1.0000801 seconds
[2019-12-08T11:56:19.822+0000][1][safepoint    ] Entering safepoint region: Cleanup
[2019-12-08T11:56:19.822+0000][1][safepoint    ] Leaving safepoint region
[2019-12-08T11:56:19.822+0000][1][safepoint    ] Total time for which application threads were stopped: 0.0000874 seconds, Stopping threads took: 0.0000207 seconds
[2019-12-08T11:56:20.822+0000][1][safepoint    ] Application time: 1.0000812 seconds
[2019-12-08T11:56:20.822+0000][1][safepoint    ] Entering safepoint region: Cleanup
[2019-12-08T11:56:20.822+0000][1][safepoint    ] Leaving safepoint region
[2019-12-08T11:56:20.822+0000][1][safepoint    ] Total time for which application threads were stopped: 0.0000989 seconds, Stopping threads took: 0.0000211 seconds
[2019-12-08T11:56:21.822+0000][1][safepoint    ] Application time: 1.0000817 seconds
[2019-12-08T11:56:21.822+0000][1][safepoint    ] Entering safepoint region: Cleanup
[2019-12-08T11:56:21.822+0000][1][safepoint    ] Leaving safepoint region
[2019-12-08T11:56:21.822+0000][1][safepoint    ] Total time for which application threads were stopped: 0.0000839 seconds, Stopping threads took: 0.0000201 seconds
[2019-12-08T11:56:22.822+0000][1][safepoint    ] Application time: 1.0000794 seconds
[2019-12-08T11:56:22.822+0000][1][safepoint    ] Entering safepoint region: Cleanup
[2019-12-08T11:56:22.822+0000][1][safepoint    ] Leaving safepoint region
[2019-12-08T11:56:22.822+0000][1][safepoint    ] Total time for which application threads were stopped: 0.0000874 seconds, Stopping threads took: 0.0000202 seconds
[2019-12-08T11:56:23.823+0000][1][safepoint    ] Application time: 1.0000896 seconds
[2019-12-08T11:56:23.823+0000][1][safepoint    ] Entering safepoint region: Cleanup
[2019-12-08T11:56:23.823+0000][1][safepoint    ] Leaving safepoint region
[2019-12-08T11:56:23.823+0000][1][safepoint    ] Total time for which application threads were stopped: 0.0001016 seconds, Stopping threads took: 0.0000196 seconds
[2019-12-08T11:56:24.823+0000][1][safepoint    ] Application time: 1.0000892 seconds
[2019-12-08T11:56:24.823+0000][1][safepoint    ] Entering safepoint region: Cleanup
[2019-12-08T11:56:24.823+0000][1][safepoint    ] Leaving safepoint region
[2019-12-08T11:56:24.823+0000][1][safepoint    ] Total time for which application threads were stopped: 0.0000895 seconds, Stopping threads took: 0.0000208 seconds
[2019-12-08T11:56:25.823+0000][1][safepoint    ] Application time: 1.0000923 seconds
[2019-12-08T11:56:25.823+0000][1][safepoint    ] Entering safepoint region: Cleanup
[2019-12-08T11:56:25.823+0000][1][safepoint    ] Leaving safepoint region
[2019-12-08T11:56:25.823+0000][1][safepoint    ] Total time for which application threads were stopped: 0.0000876 seconds, Stopping threads took: 0.0000217 seconds
[2019-12-08T11:56:26.823+0000][1][safepoint    ] Application time: 1.0000944 seconds
[2019-12-08T11:56:26.823+0000][1][safepoint    ] Entering safepoint region: Cleanup
[2019-12-08T11:56:26.823+0000][1][safepoint    ] Leaving safepoint region
[2019-12-08T11:56:26.823+0000][1][safepoint    ] Total time for which application threads were stopped: 0.0000965 seconds, Stopping threads took: 0.0000297 seconds
[2019-12-08T11:56:27.824+0000][1][safepoint    ] Application time: 1.0001010 seconds
[2019-12-08T11:56:27.824+0000][1][safepoint    ] Entering safepoint region: Cleanup
[2019-12-08T11:56:27.824+0000][1][safepoint    ] Leaving safepoint region
[2019-12-08T11:56:27.824+0000][1][safepoint    ] Total time for which application threads were stopped: 0.0000901 seconds, Stopping threads took: 0.0000211 seconds
[2019-12-08T11:56:28.824+0000][1][safepoint    ] Application time: 1.0000986 seconds
[2019-12-08T11:56:28.824+0000][1][safepoint    ] Entering safepoint region: Cleanup
[2019-12-08T11:56:28.824+0000][1][safepoint    ] Leaving safepoint region
[2019-12-08T11:56:28.824+0000][1][safepoint    ] Total time for which application threads were stopped: 0.0000878 seconds, Stopping threads took: 0.0000209 seconds
[2019-12-08T11:56:29.824+0000][1][safepoint    ] Application time: 1.0000867 seconds
[2019-12-08T11:56:29.824+0000][1][safepoint    ] Entering safepoint region: Cleanup
[2019-12-08T11:56:29.824+0000][1][safepoint    ] Leaving safepoint region
[2019-12-08T11:56:29.824+0000][1][safepoint    ] Total time for which application threads were stopped: 0.0000890 seconds, Stopping threads took: 0.0000213 seconds
[2019-12-08T11:56:30.824+0000][1][safepoint    ] Application time: 1.0000885 seconds
[2019-12-08T11:56:30.824+0000][1][safepoint    ] Entering safepoint region: Cleanup
[2019-12-08T11:56:30.824+0000][1][safepoint    ] Leaving safepoint region
[2019-12-08T11:56:30.824+0000][1][safepoint    ] Total time for which application threads were stopped: 0.0000886 seconds, Stopping threads took: 0.0000197 seconds
[2019-12-08T11:56:31.824+0000][1][safepoint    ] Application time: 1.0000847 seconds
[2019-12-08T11:56:31.824+0000][1][safepoint    ] Entering safepoint region: Cleanup
[2019-12-08T11:56:31.825+0000][1][safepoint    ] Leaving safepoint region
[2019-12-08T11:56:31.825+0000][1][safepoint    ] Total time for which application threads were stopped: 0.0000863 seconds, Stopping threads took: 0.0000211 seconds
[2019-12-08T11:56:32.825+0000][1][safepoint    ] Application time: 1.0000906 seconds
[2019-12-08T11:56:32.825+0000][1][safepoint    ] Entering safepoint region: Cleanup
[2019-12-08T11:56:32.825+0000][1][safepoint    ] Leaving safepoint region
[2019-12-08T11:56:32.825+0000][1][safepoint    ] Total time for which application threads were stopped: 0.0000899 seconds, Stopping threads took: 0.0000215 seconds
[2019-12-08T11:56:33.825+0000][1][safepoint    ] Application time: 1.0000820 seconds
[2019-12-08T11:56:33.825+0000][1][safepoint    ] Entering safepoint region: Cleanup
[2019-12-08T11:56:33.825+0000][1][safepoint    ] Leaving safepoint region
[2019-12-08T11:56:33.825+0000][1][safepoint    ] Total time for which application threads were stopped: 0.0000974 seconds, Stopping threads took: 0.0000296 seconds
[2019-12-08T11:56:34.825+0000][1][safepoint    ] Application time: 1.0000835 seconds
[2019-12-08T11:56:34.825+0000][1][safepoint    ] Entering safepoint region: Cleanup
[2019-12-08T11:56:34.825+0000][1][safepoint    ] Leaving safepoint region
[2019-12-08T11:56:34.825+0000][1][safepoint    ] Total time for which application threads were stopped: 0.0000870 seconds, Stopping threads took: 0.0000209 seconds
[2019-12-08T11:56:35.825+0000][1][safepoint    ] Application time: 1.0000947 seconds
[2019-12-08T11:56:35.825+0000][1][safepoint    ] Entering safepoint region: Cleanup
[2019-12-08T11:56:35.825+0000][1][safepoint    ] Leaving safepoint region
[2019-12-08T11:56:35.825+0000][1][safepoint    ] Total time for which application threads were stopped: 0.0000857 seconds, Stopping threads took: 0.0000205 seconds
[2019-12-08T11:56:36.826+0000][1][safepoint    ] Application time: 1.0000999 seconds
[2019-12-08T11:56:36.826+0000][1][safepoint    ] Entering safepoint region: Cleanup
[2019-12-08T11:56:36.826+0000][1][safepoint    ] Leaving safepoint region
[2019-12-08T11:56:36.826+0000][1][safepoint    ] Total time for which application threads were stopped: 0.0001149 seconds, Stopping threads took: 0.0000296 seconds
[2019-12-08T11:56:38.221+0000][1][safepoint    ] Application time: 1.3951163 seconds
[2019-12-08T11:56:38.221+0000][1][safepoint    ] Entering safepoint region: Cleanup
[2019-12-08T11:56:38.221+0000][1][safepoint    ] Leaving safepoint region
[2019-12-08T11:56:38.221+0000][1][safepoint    ] Total time for which application threads were stopped: 0.0000915 seconds, Stopping threads took: 0.0000169 seconds
[2019-12-08T11:56:39.221+0000][1][safepoint    ] Application time: 1.0000771 seconds
[2019-12-08T11:56:39.221+0000][1][safepoint    ] Entering safepoint region: Cleanup
[2019-12-08T11:56:39.221+0000][1][safepoint    ] Leaving safepoint region
[2019-12-08T11:56:39.221+0000][1][safepoint    ] Total time for which application threads were stopped: 0.0000894 seconds, Stopping threads took: 0.0000249 seconds
[2019-12-08T11:56:40.221+0000][1][safepoint    ] Application time: 1.0000782 seconds
[2019-12-08T11:56:40.221+0000][1][safepoint    ] Entering safepoint region: Cleanup
[2019-12-08T11:56:40.221+0000][1][safepoint    ] Leaving safepoint region
[2019-12-08T11:56:40.221+0000][1][safepoint    ] Total time for which application threads were stopped: 0.0000835 seconds, Stopping threads took: 0.0000177 seconds
[2019-12-08T11:56:41.221+0000][1][safepoint    ] Application time: 1.0000813 seconds
[2019-12-08T11:56:41.222+0000][1][safepoint    ] Entering safepoint region: Cleanup
[2019-12-08T11:56:41.222+0000][1][safepoint    ] Leaving safepoint region
[2019-12-08T11:56:41.222+0000][1][safepoint    ] Total time for which application threads were stopped: 0.0000808 seconds, Stopping threads took: 0.0000188 seconds
[2019-12-08T11:56:42.222+0000][1][safepoint    ] Application time: 1.0000765 seconds
[2019-12-08T11:56:42.222+0000][1][safepoint    ] Entering safepoint region: Cleanup
[2019-12-08T11:56:42.222+0000][1][safepoint    ] Leaving safepoint region
[2019-12-08T11:56:42.222+0000][1][safepoint    ] Total time for which application threads were stopped: 0.0000833 seconds, Stopping threads took: 0.0000212 seconds
[2019-12-08T11:56:43.222+0000][1][safepoint    ] Application time: 1.0000809 seconds
[2019-12-08T11:56:43.222+0000][1][safepoint    ] Entering safepoint region: Cleanup
[2019-12-08T11:56:43.222+0000][1][safepoint    ] Leaving safepoint region
[2019-12-08T11:56:43.222+0000][1][safepoint    ] Total time for which application threads were stopped: 0.0000834 seconds, Stopping threads took: 0.0000184 seconds
[2019-12-08T11:56:44.222+0000][1][safepoint    ] Application time: 1.0000764 seconds
[2019-12-08T11:56:44.222+0000][1][safepoint    ] Entering safepoint region: Cleanup
[2019-12-08T11:56:44.222+0000][1][safepoint    ] Leaving safepoint region
[2019-12-08T11:56:44.222+0000][1][safepoint    ] Total time for which application threads were stopped: 0.0000842 seconds, Stopping threads took: 0.0000227 seconds
[2019-12-08T11:56:45.222+0000][1][safepoint    ] Application time: 1.0000766 seconds
[2019-12-08T11:56:45.222+0000][1][safepoint    ] Entering safepoint region: Cleanup
[2019-12-08T11:56:45.222+0000][1][safepoint    ] Leaving safepoint region
[2019-12-08T11:56:45.222+0000][1][safepoint    ] Total time for which application threads were stopped: 0.0000758 seconds, Stopping threads took: 0.0000173 seconds
[2019-12-08T11:56:46.222+0000][1][safepoint    ] Application time: 1.0000779 seconds
[2019-12-08T11:56:46.222+0000][1][safepoint    ] Entering safepoint region: Cleanup
[2019-12-08T11:56:46.223+0000][1][safepoint    ] Leaving safepoint region
[2019-12-08T11:56:46.223+0000][1][safepoint    ] Total time for which application threads were stopped: 0.0000792 seconds, Stopping threads took: 0.0000187 seconds
[2019-12-08T11:56:47.223+0000][1][safepoint    ] Application time: 1.0000780 seconds
[2019-12-08T11:56:47.223+0000][1][safepoint    ] Entering safepoint region: Cleanup
[2019-12-08T11:56:47.223+0000][1][safepoint    ] Leaving safepoint region
[2019-12-08T11:56:47.223+0000][1][safepoint    ] Total time for which application threads were stopped: 0.0000926 seconds, Stopping threads took: 0.0000172 seconds
[2019-12-08T11:56:48.223+0000][1][safepoint    ] Application time: 1.0000763 seconds
[2019-12-08T11:56:48.223+0000][1][safepoint    ] Entering safepoint region: Cleanup
[2019-12-08T11:56:48.223+0000][1][safepoint    ] Leaving safepoint region
[2019-12-08T11:56:48.223+0000][1][safepoint    ] Total time for which application threads were stopped: 0.0000743 seconds, Stopping threads took: 0.0000150 seconds
[2019-12-08T11:56:49.223+0000][1][safepoint    ] Application time: 1.0000773 seconds
[2019-12-08T11:56:49.223+0000][1][safepoint    ] Entering safepoint region: Cleanup
[2019-12-08T11:56:49.223+0000][1][safepoint    ] Leaving safepoint region
[2019-12-08T11:56:49.223+0000][1][safepoint    ] Total time for which application threads were stopped: 0.0000770 seconds, Stopping threads took: 0.0000167 seconds
[2019-12-08T11:56:50.223+0000][1][safepoint    ] Application time: 1.0000763 seconds
[2019-12-08T11:56:50.223+0000][1][safepoint    ] Entering safepoint region: Cleanup
[2019-12-08T11:56:50.223+0000][1][safepoint    ] Leaving safepoint region
[2019-12-08T11:56:50.223+0000][1][safepoint    ] Total time for which application threads were stopped: 0.0000752 seconds, Stopping threads took: 0.0000159 seconds
[2019-12-08T11:56:51.223+0000][1][safepoint    ] Application time: 1.0000774 seconds
[2019-12-08T11:56:51.223+0000][1][safepoint    ] Entering safepoint region: Cleanup
[2019-12-08T11:56:51.223+0000][1][safepoint    ] Leaving safepoint region
[2019-12-08T11:56:51.223+0000][1][safepoint    ] Total time for which application threads were stopped: 0.0000787 seconds, Stopping threads took: 0.0000174 seconds
[2019-12-08T11:56:52.224+0000][1][safepoint    ] Application time: 1.0000775 seconds
[2019-12-08T11:56:52.224+0000][1][safepoint    ] Entering safepoint region: Cleanup
[2019-12-08T11:56:52.224+0000][1][safepoint    ] Leaving safepoint region
[2019-12-08T11:56:52.224+0000][1][safepoint    ] Total time for which application threads were stopped: 0.0000951 seconds, Stopping threads took: 0.0000182 seconds
[2019-12-08T11:56:53.224+0000][1][safepoint    ] Application time: 1.0000728 seconds
[2019-12-08T11:56:53.224+0000][1][safepoint    ] Entering safepoint region: Cleanup
[2019-12-08T11:56:53.224+0000][1][safepoint    ] Leaving safepoint region
[2019-12-08T11:56:53.224+0000][1][safepoint    ] Total time for which application threads were stopped: 0.0000771 seconds, Stopping threads took: 0.0000158 seconds
[2019-12-08T11:56:54.224+0000][1][safepoint    ] Application time: 1.0000744 seconds
[2019-12-08T11:56:54.224+0000][1][safepoint    ] Entering safepoint region: Cleanup
[2019-12-08T11:56:54.224+0000][1][safepoint    ] Leaving safepoint region
[2019-12-08T11:56:54.224+0000][1][safepoint    ] Total time for which application threads were stopped: 0.0000733 seconds, Stopping threads took: 0.0000163 seconds
[2019-12-08T11:56:55.194+0000][1][safepoint    ] Application time: 0.9695047 seconds
[2019-12-08T11:56:55.194+0000][1][safepoint    ] Entering safepoint region: GenCollectForAllocation
[2019-12-08T11:56:55.194+0000][1][gc,start     ] GC(42) Pause Young (Allocation Failure)
[2019-12-08T11:56:55.194+0000][1][gc,task      ] GC(42) Using 4 workers of 4 for evacuation
[2019-12-08T11:56:55.195+0000][1][gc,age       ] GC(42) Desired survivor size 4456448 bytes, new threshold 6 (max threshold 6)
[2019-12-08T11:56:55.195+0000][1][gc,age       ] GC(42) Age table with threshold 6 (max threshold 6)
[2019-12-08T11:56:55.195+0000][1][gc,age       ] GC(42) - age   1:      14120 bytes,      14120 total
[2019-12-08T11:56:55.195+0000][1][gc,age       ] GC(42) - age   2:       1904 bytes,      16024 total
[2019-12-08T11:56:55.195+0000][1][gc,age       ] GC(42) - age   3:        192 bytes,      16216 total
[2019-12-08T11:56:55.195+0000][1][gc,age       ] GC(42) - age   4:        288 bytes,      16504 total
[2019-12-08T11:56:55.195+0000][1][gc,age       ] GC(42) - age   5:      16400 bytes,      32904 total
[2019-12-08T11:56:55.195+0000][1][gc,age       ] GC(42) - age   6:        936 bytes,      33840 total
[2019-12-08T11:56:55.195+0000][1][gc,heap      ] GC(42) ParNew: 69974K->38K(78656K)
[2019-12-08T11:56:55.195+0000][1][gc,heap      ] GC(42) CMS: 70859K->70860K(174784K)
[2019-12-08T11:56:55.195+0000][1][gc,metaspace ] GC(42) Metaspace: 69782K->69782K(1114112K)
[2019-12-08T11:56:55.195+0000][1][gc           ] GC(42) Pause Young (Allocation Failure) 137M->69M(247M) 1.102ms
[2019-12-08T11:56:55.195+0000][1][gc,cpu       ] GC(42) User=0.00s Sys=0.00s Real=0.00s
[2019-12-08T11:56:55.195+0000][1][safepoint    ] Leaving safepoint region
[2019-12-08T11:56:55.195+0000][1][safepoint    ] Total time for which application threads were stopped: 0.0012587 seconds, Stopping threads took: 0.0000177 seconds
[2019-12-08T11:56:56.195+0000][1][safepoint    ] Application time: 1.0000902 seconds
[2019-12-08T11:56:56.195+0000][1][safepoint    ] Entering safepoint region: Cleanup
[2019-12-08T11:56:56.195+0000][1][safepoint    ] Leaving safepoint region
[2019-12-08T11:56:56.195+0000][1][safepoint    ] Total time for which application threads were stopped: 0.0000799 seconds, Stopping threads took: 0.0000187 seconds
[2019-12-08T11:56:57.195+0000][1][safepoint    ] Application time: 1.0000744 seconds
[2019-12-08T11:56:57.195+0000][1][safepoint    ] Entering safepoint region: Cleanup
[2019-12-08T11:56:57.195+0000][1][safepoint    ] Leaving safepoint region
[2019-12-08T11:56:57.195+0000][1][safepoint    ] Total time for which application threads were stopped: 0.0000803 seconds, Stopping threads took: 0.0000186 seconds
[2019-12-08T11:56:58.195+0000][1][safepoint    ] Application time: 1.0000742 seconds
[2019-12-08T11:56:58.195+0000][1][safepoint    ] Entering safepoint region: Cleanup
[2019-12-08T11:56:58.195+0000][1][safepoint    ] Leaving safepoint region
[2019-12-08T11:56:58.195+0000][1][safepoint    ] Total time for which application threads were stopped: 0.0000841 seconds, Stopping threads took: 0.0000231 seconds
[2019-12-08T11:56:59.195+0000][1][safepoint    ] Application time: 1.0000766 seconds
[2019-12-08T11:56:59.196+0000][1][safepoint    ] Entering safepoint region: Cleanup
[2019-12-08T11:56:59.196+0000][1][safepoint    ] Leaving safepoint region
[2019-12-08T11:56:59.196+0000][1][safepoint    ] Total time for which application threads were stopped: 0.0000836 seconds, Stopping threads took: 0.0000221 seconds
[2019-12-08T11:57:00.196+0000][1][safepoint    ] Application time: 1.0000762 seconds
[2019-12-08T11:57:00.196+0000][1][safepoint    ] Entering safepoint region: Cleanup
[2019-12-08T11:57:00.196+0000][1][safepoint    ] Leaving safepoint region
[2019-12-08T11:57:00.196+0000][1][safepoint    ] Total time for which application threads were stopped: 0.0000794 seconds, Stopping threads took: 0.0000186 seconds
[2019-12-08T11:57:01.196+0000][1][safepoint    ] Application time: 1.0000752 seconds
[2019-12-08T11:57:01.196+0000][1][safepoint    ] Entering safepoint region: Cleanup
[2019-12-08T11:57:01.196+0000][1][safepoint    ] Leaving safepoint region
[2019-12-08T11:57:01.196+0000][1][safepoint    ] Total time for which application threads were stopped: 0.0000816 seconds, Stopping threads took: 0.0000194 seconds
[2019-12-08T11:57:02.196+0000][1][safepoint    ] Application time: 1.0000866 seconds
[2019-12-08T11:57:02.196+0000][1][safepoint    ] Entering safepoint region: Cleanup
[2019-12-08T11:57:02.196+0000][1][safepoint    ] Leaving safepoint region
[2019-12-08T11:57:02.196+0000][1][safepoint    ] Total time for which application threads were stopped: 0.0000882 seconds, Stopping threads took: 0.0000205 seconds
[2019-12-08T11:57:03.196+0000][1][safepoint    ] Application time: 1.0000755 seconds
[2019-12-08T11:57:03.196+0000][1][safepoint    ] Entering safepoint region: Cleanup
[2019-12-08T11:57:03.196+0000][1][safepoint    ] Leaving safepoint region
[2019-12-08T11:57:03.196+0000][1][safepoint    ] Total time for which application threads were stopped: 0.0000874 seconds, Stopping threads took: 0.0000237 seconds
[2019-12-08T11:57:04.196+0000][1][safepoint    ] Application time: 1.0000838 seconds
[2019-12-08T11:57:04.197+0000][1][safepoint    ] Entering safepoint region: Cleanup
[2019-12-08T11:57:04.197+0000][1][safepoint    ] Leaving safepoint region
[2019-12-08T11:57:04.197+0000][1][safepoint    ] Total time for which application threads were stopped: 0.0000983 seconds, Stopping threads took: 0.0000285 seconds
[2019-12-08T11:57:05.197+0000][1][safepoint    ] Application time: 1.0000817 seconds
[2019-12-08T11:57:05.197+0000][1][safepoint    ] Entering safepoint region: Cleanup
[2019-12-08T11:57:05.197+0000][1][safepoint    ] Leaving safepoint region
[2019-12-08T11:57:05.197+0000][1][safepoint    ] Total time for which application threads were stopped: 0.0000841 seconds, Stopping threads took: 0.0000196 seconds
[2019-12-08T11:57:06.197+0000][1][safepoint    ] Application time: 1.0000797 seconds
[2019-12-08T11:57:06.197+0000][1][safepoint    ] Entering safepoint region: Cleanup
[2019-12-08T11:57:06.197+0000][1][safepoint    ] Leaving safepoint region
[2019-12-08T11:57:06.197+0000][1][safepoint    ] Total time for which application threads were stopped: 0.0000851 seconds, Stopping threads took: 0.0000201 seconds
[2019-12-08T11:57:07.197+0000][1][safepoint    ] Application time: 1.0000823 seconds
[2019-12-08T11:57:07.197+0000][1][safepoint    ] Entering safepoint region: Cleanup
[2019-12-08T11:57:07.197+0000][1][safepoint    ] Leaving safepoint region
[2019-12-08T11:57:07.197+0000][1][safepoint    ] Total time for which application threads were stopped: 0.0000863 seconds, Stopping threads took: 0.0000198 seconds
[2019-12-08T11:57:08.197+0000][1][safepoint    ] Application time: 1.0000793 seconds
[2019-12-08T11:57:08.197+0000][1][safepoint    ] Entering safepoint region: Cleanup
[2019-12-08T11:57:08.197+0000][1][safepoint    ] Leaving safepoint region
[2019-12-08T11:57:08.197+0000][1][safepoint    ] Total time for which application threads were stopped: 0.0000978 seconds, Stopping threads took: 0.0000189 seconds
[2019-12-08T11:57:09.863+0000][1][safepoint    ] Application time: 1.6654167 seconds
[2019-12-08T11:57:09.863+0000][1][safepoint    ] Entering safepoint region: Cleanup
[2019-12-08T11:57:09.863+0000][1][safepoint    ] Leaving safepoint region
[2019-12-08T11:57:09.863+0000][1][safepoint    ] Total time for which application threads were stopped: 0.0000864 seconds, Stopping threads took: 0.0000172 seconds
[2019-12-08T11:57:10.863+0000][1][safepoint    ] Application time: 1.0000790 seconds
[2019-12-08T11:57:10.863+0000][1][safepoint    ] Entering safepoint region: Cleanup
[2019-12-08T11:57:10.863+0000][1][safepoint    ] Leaving safepoint region
[2019-12-08T11:57:10.863+0000][1][safepoint    ] Total time for which application threads were stopped: 0.0000843 seconds, Stopping threads took: 0.0000196 seconds
[2019-12-08T11:57:11.863+0000][1][safepoint    ] Application time: 1.0000757 seconds
[2019-12-08T11:57:11.863+0000][1][safepoint    ] Entering safepoint region: Cleanup
[2019-12-08T11:57:11.863+0000][1][safepoint    ] Leaving safepoint region
[2019-12-08T11:57:11.863+0000][1][safepoint    ] Total time for which application threads were stopped: 0.0000835 seconds, Stopping threads took: 0.0000186 seconds
[2019-12-08T11:57:12.863+0000][1][safepoint    ] Application time: 1.0000809 seconds
[2019-12-08T11:57:12.864+0000][1][safepoint    ] Entering safepoint region: Cleanup
[2019-12-08T11:57:12.864+0000][1][safepoint    ] Leaving safepoint region
[2019-12-08T11:57:12.864+0000][1][safepoint    ] Total time for which application threads were stopped: 0.0000821 seconds, Stopping threads took: 0.0000189 seconds
[2019-12-08T11:57:13.864+0000][1][safepoint    ] Application time: 1.0000914 seconds
[2019-12-08T11:57:13.864+0000][1][safepoint    ] Entering safepoint region: Cleanup
[2019-12-08T11:57:13.864+0000][1][safepoint    ] Leaving safepoint region
[2019-12-08T11:57:13.864+0000][1][safepoint    ] Total time for which application threads were stopped: 0.0000862 seconds, Stopping threads took: 0.0000196 seconds
[2019-12-08T11:57:14.864+0000][1][safepoint    ] Application time: 1.0000799 seconds
[2019-12-08T11:57:14.864+0000][1][safepoint    ] Entering safepoint region: Cleanup
[2019-12-08T11:57:14.864+0000][1][safepoint    ] Leaving safepoint region
[2019-12-08T11:57:14.864+0000][1][safepoint    ] Total time for which application threads were stopped: 0.0000854 seconds, Stopping threads took: 0.0000191 seconds
[2019-12-08T11:57:15.864+0000][1][safepoint    ] Application time: 1.0000781 seconds
[2019-12-08T11:57:15.864+0000][1][safepoint    ] Entering safepoint region: Cleanup
[2019-12-08T11:57:15.864+0000][1][safepoint    ] Leaving safepoint region
[2019-12-08T11:57:15.864+0000][1][safepoint    ] Total time for which application threads were stopped: 0.0000837 seconds, Stopping threads took: 0.0000195 seconds
[2019-12-08T11:57:16.864+0000][1][safepoint    ] Application time: 1.0000855 seconds
[2019-12-08T11:57:16.864+0000][1][safepoint    ] Entering safepoint region: Cleanup
[2019-12-08T11:57:16.864+0000][1][safepoint    ] Leaving safepoint region
[2019-12-08T11:57:16.864+0000][1][safepoint    ] Total time for which application threads were stopped: 0.0000871 seconds, Stopping threads took: 0.0000201 seconds
[2019-12-08T11:57:17.865+0000][1][safepoint    ] Application time: 1.0000835 seconds
[2019-12-08T11:57:17.865+0000][1][safepoint    ] Entering safepoint region: Cleanup
[2019-12-08T11:57:17.865+0000][1][safepoint    ] Leaving safepoint region
[2019-12-08T11:57:17.865+0000][1][safepoint    ] Total time for which application threads were stopped: 0.0000834 seconds, Stopping threads took: 0.0000183 seconds
[2019-12-08T11:57:18.865+0000][1][safepoint    ] Application time: 1.0000805 seconds
[2019-12-08T11:57:18.865+0000][1][safepoint    ] Entering safepoint region: Cleanup
[2019-12-08T11:57:18.865+0000][1][safepoint    ] Leaving safepoint region
[2019-12-08T11:57:18.865+0000][1][safepoint    ] Total time for which application threads were stopped: 0.0000840 seconds, Stopping threads took: 0.0000204 seconds
[2019-12-08T11:57:19.865+0000][1][safepoint    ] Application time: 1.0000872 seconds
[2019-12-08T11:57:19.865+0000][1][safepoint    ] Entering safepoint region: Cleanup
[2019-12-08T11:57:19.865+0000][1][safepoint    ] Leaving safepoint region
[2019-12-08T11:57:19.865+0000][1][safepoint    ] Total time for which application threads were stopped: 0.0000829 seconds, Stopping threads took: 0.0000184 seconds
[2019-12-08T11:57:20.865+0000][1][safepoint    ] Application time: 1.0000861 seconds
[2019-12-08T11:57:20.865+0000][1][safepoint    ] Entering safepoint region: Cleanup
[2019-12-08T11:57:20.865+0000][1][safepoint    ] Leaving safepoint region
[2019-12-08T11:57:20.865+0000][1][safepoint    ] Total time for which application threads were stopped: 0.0000854 seconds, Stopping threads took: 0.0000205 seconds
[2019-12-08T11:57:21.865+0000][1][safepoint    ] Application time: 1.0000895 seconds
[2019-12-08T11:57:21.865+0000][1][safepoint    ] Entering safepoint region: Cleanup
[2019-12-08T11:57:21.866+0000][1][safepoint    ] Leaving safepoint region
[2019-12-08T11:57:21.866+0000][1][safepoint    ] Total time for which application threads were stopped: 0.0000859 seconds, Stopping threads took: 0.0000215 seconds
[2019-12-08T11:58:06.236+0000][1][safepoint    ] Application time: 44.3706306 seconds
[2019-12-08T11:58:06.236+0000][1][safepoint    ] Entering safepoint region: GenCollectForAllocation
[2019-12-08T11:58:06.236+0000][1][gc,start     ] GC(43) Pause Young (Allocation Failure)
[2019-12-08T11:58:06.236+0000][1][gc,task      ] GC(43) Using 4 workers of 4 for evacuation
[2019-12-08T11:58:06.237+0000][1][gc,age       ] GC(43) Desired survivor size 4456448 bytes, new threshold 6 (max threshold 6)
[2019-12-08T11:58:06.237+0000][1][gc,age       ] GC(43) Age table with threshold 6 (max threshold 6)
[2019-12-08T11:58:06.237+0000][1][gc,age       ] GC(43) - age   1:      74560 bytes,      74560 total
[2019-12-08T11:58:06.237+0000][1][gc,age       ] GC(43) - age   2:       9176 bytes,      83736 total
[2019-12-08T11:58:06.237+0000][1][gc,age       ] GC(43) - age   3:       1872 bytes,      85608 total
[2019-12-08T11:58:06.237+0000][1][gc,age       ] GC(43) - age   4:        192 bytes,      85800 total
[2019-12-08T11:58:06.237+0000][1][gc,age       ] GC(43) - age   5:        288 bytes,      86088 total
[2019-12-08T11:58:06.237+0000][1][gc,age       ] GC(43) - age   6:      16400 bytes,     102488 total
[2019-12-08T11:58:06.237+0000][1][gc,heap      ] GC(43) ParNew: 69964K->105K(78656K)
[2019-12-08T11:58:06.237+0000][1][gc,heap      ] GC(43) CMS: 70860K->70860K(174784K)
[2019-12-08T11:58:06.237+0000][1][gc,metaspace ] GC(43) Metaspace: 69783K->69783K(1114112K)
[2019-12-08T11:58:06.238+0000][1][gc           ] GC(43) Pause Young (Allocation Failure) 137M->69M(247M) 1.129ms
[2019-12-08T11:58:06.238+0000][1][gc,cpu       ] GC(43) User=0.00s Sys=0.00s Real=0.00s
[2019-12-08T11:58:06.238+0000][1][safepoint    ] Leaving safepoint region
[2019-12-08T11:58:06.238+0000][1][safepoint    ] Total time for which application threads were stopped: 0.0013186 seconds, Stopping threads took: 0.0000246 seconds
[2019-12-08T11:59:20.275+0000][1][safepoint    ] Application time: 74.0373801 seconds
[2019-12-08T11:59:20.275+0000][1][safepoint    ] Entering safepoint region: GenCollectForAllocation
[2019-12-08T11:59:20.275+0000][1][gc,start     ] GC(44) Pause Young (Allocation Failure)
[2019-12-08T11:59:20.275+0000][1][gc,task      ] GC(44) Using 4 workers of 4 for evacuation
[2019-12-08T11:59:20.276+0000][1][gc,age       ] GC(44) Desired survivor size 4456448 bytes, new threshold 6 (max threshold 6)
[2019-12-08T11:59:20.276+0000][1][gc,age       ] GC(44) Age table with threshold 6 (max threshold 6)
[2019-12-08T11:59:20.276+0000][1][gc,age       ] GC(44) - age   1:      22832 bytes,      22832 total
[2019-12-08T11:59:20.276+0000][1][gc,age       ] GC(44) - age   2:        144 bytes,      22976 total
[2019-12-08T11:59:20.276+0000][1][gc,age       ] GC(44) - age   3:       9080 bytes,      32056 total
[2019-12-08T11:59:20.276+0000][1][gc,age       ] GC(44) - age   4:       1872 bytes,      33928 total
[2019-12-08T11:59:20.276+0000][1][gc,age       ] GC(44) - age   5:        192 bytes,      34120 total
[2019-12-08T11:59:20.276+0000][1][gc,age       ] GC(44) - age   6:        288 bytes,      34408 total
[2019-12-08T11:59:20.276+0000][1][gc,heap      ] GC(44) ParNew: 70001K->44K(78656K)
[2019-12-08T11:59:20.276+0000][1][gc,heap      ] GC(44) CMS: 70860K->70877K(174784K)
[2019-12-08T11:59:20.276+0000][1][gc,metaspace ] GC(44) Metaspace: 69783K->69783K(1114112K)
[2019-12-08T11:59:20.276+0000][1][gc           ] GC(44) Pause Young (Allocation Failure) 137M->69M(247M) 1.102ms
[2019-12-08T11:59:20.276+0000][1][gc,cpu       ] GC(44) User=0.01s Sys=0.00s Real=0.00s
[2019-12-08T11:59:20.276+0000][1][safepoint    ] Leaving safepoint region
[2019-12-08T11:59:20.276+0000][1][safepoint    ] Total time for which application threads were stopped: 0.0012533 seconds, Stopping threads took: 0.0000238 seconds
[2019-12-08T11:59:30.277+0000][1][safepoint    ] Application time: 10.0007203 seconds
[2019-12-08T11:59:30.277+0000][1][safepoint    ] Entering safepoint region: Cleanup
[2019-12-08T11:59:30.277+0000][1][safepoint    ] Leaving safepoint region
[2019-12-08T11:59:30.277+0000][1][safepoint    ] Total time for which application threads were stopped: 0.0000860 seconds, Stopping threads took: 0.0000198 seconds
[2019-12-08T12:00:00.283+0000][1][safepoint    ] Application time: 30.0061304 seconds
[2019-12-08T12:00:00.283+0000][1][safepoint    ] Entering safepoint region: Cleanup
[2019-12-08T12:00:00.283+0000][1][safepoint    ] Leaving safepoint region
[2019-12-08T12:00:00.283+0000][1][safepoint    ] Total time for which application threads were stopped: 0.0000942 seconds, Stopping threads took: 0.0000257 seconds
[2019-12-08T12:00:32.314+0000][1][safepoint    ] Application time: 32.0303120 seconds
[2019-12-08T12:00:32.314+0000][1][safepoint    ] Entering safepoint region: GenCollectForAllocation
[2019-12-08T12:00:32.314+0000][1][gc,start     ] GC(45) Pause Young (Allocation Failure)
[2019-12-08T12:00:32.314+0000][1][gc,task      ] GC(45) Using 4 workers of 4 for evacuation
[2019-12-08T12:00:32.315+0000][1][gc,age       ] GC(45) Desired survivor size 4456448 bytes, new threshold 6 (max threshold 6)
[2019-12-08T12:00:32.315+0000][1][gc,age       ] GC(45) Age table with threshold 6 (max threshold 6)
[2019-12-08T12:00:32.315+0000][1][gc,age       ] GC(45) - age   1:       5848 bytes,       5848 total
[2019-12-08T12:00:32.315+0000][1][gc,age       ] GC(45) - age   2:      17888 bytes,      23736 total
[2019-12-08T12:00:32.315+0000][1][gc,age       ] GC(45) - age   3:        112 bytes,      23848 total
[2019-12-08T12:00:32.315+0000][1][gc,age       ] GC(45) - age   4:       9080 bytes,      32928 total
[2019-12-08T12:00:32.315+0000][1][gc,age       ] GC(45) - age   5:       1872 bytes,      34800 total
[2019-12-08T12:00:32.315+0000][1][gc,age       ] GC(45) - age   6:        192 bytes,      34992 total
[2019-12-08T12:00:32.315+0000][1][gc,heap      ] GC(45) ParNew: 69953K->42K(78656K)
[2019-12-08T12:00:32.315+0000][1][gc,heap      ] GC(45) CMS: 70877K->70877K(174784K)
[2019-12-08T12:00:32.315+0000][1][gc,metaspace ] GC(45) Metaspace: 69785K->69785K(1114112K)
[2019-12-08T12:00:32.315+0000][1][gc           ] GC(45) Pause Young (Allocation Failure) 137M->69M(247M) 1.115ms
[2019-12-08T12:00:32.315+0000][1][gc,cpu       ] GC(45) User=0.00s Sys=0.00s Real=0.00s
[2019-12-08T12:00:32.315+0000][1][safepoint    ] Leaving safepoint region
[2019-12-08T12:00:32.315+0000][1][safepoint    ] Total time for which application threads were stopped: 0.0012741 seconds, Stopping threads took: 0.0000192 seconds
[2019-12-08T12:01:45.933+0000][1][safepoint    ] Application time: 73.6184550 seconds
[2019-12-08T12:01:45.933+0000][1][safepoint    ] Entering safepoint region: GenCollectForAllocation
[2019-12-08T12:01:45.934+0000][1][gc,start     ] GC(46) Pause Young (Allocation Failure)
[2019-12-08T12:01:45.934+0000][1][gc,task      ] GC(46) Using 4 workers of 4 for evacuation
[2019-12-08T12:01:45.935+0000][1][gc,age       ] GC(46) Desired survivor size 4456448 bytes, new threshold 6 (max threshold 6)
[2019-12-08T12:01:45.935+0000][1][gc,age       ] GC(46) Age table with threshold 6 (max threshold 6)
[2019-12-08T12:01:45.935+0000][1][gc,age       ] GC(46) - age   1:       4792 bytes,       4792 total
[2019-12-08T12:01:45.935+0000][1][gc,age       ] GC(46) - age   2:        640 bytes,       5432 total
[2019-12-08T12:01:45.935+0000][1][gc,age       ] GC(46) - age   3:      17792 bytes,      23224 total
[2019-12-08T12:01:45.935+0000][1][gc,age       ] GC(46) - age   4:         80 bytes,      23304 total
[2019-12-08T12:01:45.935+0000][1][gc,age       ] GC(46) - age   5:       9080 bytes,      32384 total
[2019-12-08T12:01:45.935+0000][1][gc,age       ] GC(46) - age   6:       1872 bytes,      34256 total
[2019-12-08T12:01:45.935+0000][1][gc,heap      ] GC(46) ParNew: 69994K->47K(78656K)
[2019-12-08T12:01:45.935+0000][1][gc,heap      ] GC(46) CMS: 70877K->70877K(174784K)
[2019-12-08T12:01:45.935+0000][1][gc,metaspace ] GC(46) Metaspace: 69786K->69786K(1114112K)
[2019-12-08T12:01:45.935+0000][1][gc           ] GC(46) Pause Young (Allocation Failure) 137M->69M(247M) 1.089ms
[2019-12-08T12:01:45.935+0000][1][gc,cpu       ] GC(46) User=0.01s Sys=0.00s Real=0.00s
[2019-12-08T12:01:45.935+0000][1][safepoint    ] Leaving safepoint region
[2019-12-08T12:01:45.935+0000][1][safepoint    ] Total time for which application threads were stopped: 0.0012509 seconds, Stopping threads took: 0.0000285 seconds
[2019-12-08T12:02:13.937+0000][1][safepoint    ] Application time: 28.0020421 seconds
[2019-12-08T12:02:13.937+0000][1][safepoint    ] Entering safepoint region: Cleanup
[2019-12-08T12:02:13.937+0000][1][safepoint    ] Leaving safepoint region
[2019-12-08T12:02:13.937+0000][1][safepoint    ] Total time for which application threads were stopped: 0.0001014 seconds, Stopping threads took: 0.0000305 seconds
[2019-12-08T12:02:41.939+0000][1][safepoint    ] Application time: 28.0020820 seconds
[2019-12-08T12:02:41.939+0000][1][safepoint    ] Entering safepoint region: Cleanup
[2019-12-08T12:02:41.939+0000][1][safepoint    ] Leaving safepoint region
[2019-12-08T12:02:41.939+0000][1][safepoint    ] Total time for which application threads were stopped: 0.0000938 seconds, Stopping threads took: 0.0000208 seconds
[2019-12-08T12:02:42.939+0000][1][safepoint    ] Application time: 1.0000859 seconds
[2019-12-08T12:02:42.939+0000][1][safepoint    ] Entering safepoint region: Cleanup
[2019-12-08T12:02:42.939+0000][1][safepoint    ] Leaving safepoint region
[2019-12-08T12:02:42.939+0000][1][safepoint    ] Total time for which application threads were stopped: 0.0000866 seconds, Stopping threads took: 0.0000221 seconds
[2019-12-08T12:02:43.939+0000][1][safepoint    ] Application time: 1.0000800 seconds
[2019-12-08T12:02:43.939+0000][1][safepoint    ] Entering safepoint region: Cleanup
[2019-12-08T12:02:43.940+0000][1][safepoint    ] Leaving safepoint region
[2019-12-08T12:02:43.940+0000][1][safepoint    ] Total time for which application threads were stopped: 0.0000855 seconds, Stopping threads took: 0.0000219 seconds
[2019-12-08T12:02:44.940+0000][1][safepoint    ] Application time: 1.0000799 seconds
[2019-12-08T12:02:44.940+0000][1][safepoint    ] Entering safepoint region: Cleanup
[2019-12-08T12:02:44.940+0000][1][safepoint    ] Leaving safepoint region
[2019-12-08T12:02:44.940+0000][1][safepoint    ] Total time for which application threads were stopped: 0.0001024 seconds, Stopping threads took: 0.0000200 seconds
[2019-12-08T12:02:45.940+0000][1][safepoint    ] Application time: 1.0000828 seconds
[2019-12-08T12:02:45.940+0000][1][safepoint    ] Entering safepoint region: Cleanup
[2019-12-08T12:02:45.940+0000][1][safepoint    ] Leaving safepoint region
[2019-12-08T12:02:45.940+0000][1][safepoint    ] Total time for which application threads were stopped: 0.0000828 seconds, Stopping threads took: 0.0000198 seconds
[2019-12-08T12:02:46.940+0000][1][safepoint    ] Application time: 1.0000819 seconds
[2019-12-08T12:02:46.940+0000][1][safepoint    ] Entering safepoint region: Cleanup
[2019-12-08T12:02:46.940+0000][1][safepoint    ] Leaving safepoint region
[2019-12-08T12:02:46.940+0000][1][safepoint    ] Total time for which application threads were stopped: 0.0000850 seconds, Stopping threads took: 0.0000203 seconds
[2019-12-08T12:02:47.940+0000][1][safepoint    ] Application time: 1.0000966 seconds
[2019-12-08T12:02:47.940+0000][1][safepoint    ] Entering safepoint region: Cleanup
[2019-12-08T12:02:47.940+0000][1][safepoint    ] Leaving safepoint region
[2019-12-08T12:02:47.940+0000][1][safepoint    ] Total time for which application threads were stopped: 0.0000865 seconds, Stopping threads took: 0.0000216 seconds
[2019-12-08T12:02:48.941+0000][1][safepoint    ] Application time: 1.0000870 seconds
[2019-12-08T12:02:48.941+0000][1][safepoint    ] Entering safepoint region: Cleanup
[2019-12-08T12:02:48.941+0000][1][safepoint    ] Leaving safepoint region
[2019-12-08T12:02:48.941+0000][1][safepoint    ] Total time for which application threads were stopped: 0.0000857 seconds, Stopping threads took: 0.0000214 seconds
[2019-12-08T12:02:49.941+0000][1][safepoint    ] Application time: 1.0000871 seconds
[2019-12-08T12:02:49.941+0000][1][safepoint    ] Entering safepoint region: Cleanup
[2019-12-08T12:02:49.941+0000][1][safepoint    ] Leaving safepoint region
[2019-12-08T12:02:49.941+0000][1][safepoint    ] Total time for which application threads were stopped: 0.0000812 seconds, Stopping threads took: 0.0000188 seconds
[2019-12-08T12:02:50.941+0000][1][safepoint    ] Application time: 1.0000990 seconds
[2019-12-08T12:02:50.941+0000][1][safepoint    ] Entering safepoint region: Cleanup
[2019-12-08T12:02:50.941+0000][1][safepoint    ] Leaving safepoint region
[2019-12-08T12:02:50.941+0000][1][safepoint    ] Total time for which application threads were stopped: 0.0000873 seconds, Stopping threads took: 0.0000193 seconds
[2019-12-08T12:02:51.941+0000][1][safepoint    ] Application time: 1.0001022 seconds
[2019-12-08T12:02:51.941+0000][1][safepoint    ] Entering safepoint region: Cleanup
[2019-12-08T12:02:51.941+0000][1][safepoint    ] Leaving safepoint region
[2019-12-08T12:02:51.941+0000][1][safepoint    ] Total time for which application threads were stopped: 0.0000949 seconds, Stopping threads took: 0.0000211 seconds
[2019-12-08T12:02:52.941+0000][1][safepoint    ] Application time: 1.0000866 seconds
[2019-12-08T12:02:52.941+0000][1][safepoint    ] Entering safepoint region: Cleanup
[2019-12-08T12:02:52.942+0000][1][safepoint    ] Leaving safepoint region
[2019-12-08T12:02:52.942+0000][1][safepoint    ] Total time for which application threads were stopped: 0.0000837 seconds, Stopping threads took: 0.0000197 seconds
[2019-12-08T12:02:53.942+0000][1][safepoint    ] Application time: 1.0000883 seconds
[2019-12-08T12:02:53.942+0000][1][safepoint    ] Entering safepoint region: Cleanup
[2019-12-08T12:02:53.942+0000][1][safepoint    ] Leaving safepoint region
[2019-12-08T12:02:53.942+0000][1][safepoint    ] Total time for which application threads were stopped: 0.0001027 seconds, Stopping threads took: 0.0000372 seconds
[2019-12-08T12:02:54.942+0000][1][safepoint    ] Application time: 1.0000823 seconds
[2019-12-08T12:02:54.942+0000][1][safepoint    ] Entering safepoint region: Cleanup
[2019-12-08T12:02:54.942+0000][1][safepoint    ] Leaving safepoint region
[2019-12-08T12:02:54.942+0000][1][safepoint    ] Total time for which application threads were stopped: 0.0000847 seconds, Stopping threads took: 0.0000218 seconds
[2019-12-08T12:02:55.942+0000][1][safepoint    ] Application time: 1.0001082 seconds
[2019-12-08T12:02:55.942+0000][1][safepoint    ] Entering safepoint region: Cleanup
[2019-12-08T12:02:55.942+0000][1][safepoint    ] Leaving safepoint region
[2019-12-08T12:02:55.942+0000][1][safepoint    ] Total time for which application threads were stopped: 0.0000827 seconds, Stopping threads took: 0.0000212 seconds
[2019-12-08T12:02:56.942+0000][1][safepoint    ] Application time: 1.0000783 seconds
[2019-12-08T12:02:56.942+0000][1][safepoint    ] Entering safepoint region: Cleanup
[2019-12-08T12:02:56.942+0000][1][safepoint    ] Leaving safepoint region
[2019-12-08T12:02:56.942+0000][1][safepoint    ] Total time for which application threads were stopped: 0.0000779 seconds, Stopping threads took: 0.0000187 seconds
[2019-12-08T12:02:57.943+0000][1][safepoint    ] Application time: 1.0000779 seconds
[2019-12-08T12:02:57.943+0000][1][safepoint    ] Entering safepoint region: Cleanup
[2019-12-08T12:02:57.943+0000][1][safepoint    ] Leaving safepoint region
[2019-12-08T12:02:57.943+0000][1][safepoint    ] Total time for which application threads were stopped: 0.0000811 seconds, Stopping threads took: 0.0000193 seconds
[2019-12-08T12:02:58.465+0000][1][safepoint    ] Application time: 0.5220513 seconds
[2019-12-08T12:02:58.465+0000][1][safepoint    ] Entering safepoint region: GenCollectForAllocation
[2019-12-08T12:02:58.465+0000][1][gc,start     ] GC(47) Pause Young (Allocation Failure)
[2019-12-08T12:02:58.465+0000][1][gc,task      ] GC(47) Using 4 workers of 4 for evacuation
[2019-12-08T12:02:58.466+0000][1][gc,age       ] GC(47) Desired survivor size 4456448 bytes, new threshold 6 (max threshold 6)
[2019-12-08T12:02:58.466+0000][1][gc,age       ] GC(47) Age table with threshold 6 (max threshold 6)
[2019-12-08T12:02:58.466+0000][1][gc,age       ] GC(47) - age   1:       5184 bytes,       5184 total
[2019-12-08T12:02:58.466+0000][1][gc,age       ] GC(47) - age   2:        184 bytes,       5368 total
[2019-12-08T12:02:58.466+0000][1][gc,age       ] GC(47) - age   3:        640 bytes,       6008 total
[2019-12-08T12:02:58.466+0000][1][gc,age       ] GC(47) - age   4:      17792 bytes,      23800 total
[2019-12-08T12:02:58.466+0000][1][gc,age       ] GC(47) - age   5:         80 bytes,      23880 total
[2019-12-08T12:02:58.466+0000][1][gc,age       ] GC(47) - age   6:       9080 bytes,      32960 total
[2019-12-08T12:02:58.466+0000][1][gc,heap      ] GC(47) ParNew: 69962K->35K(78656K)
[2019-12-08T12:02:58.466+0000][1][gc,heap      ] GC(47) CMS: 70877K->70879K(174784K)
[2019-12-08T12:02:58.466+0000][1][gc,metaspace ] GC(47) Metaspace: 69788K->69788K(1114112K)
[2019-12-08T12:02:58.466+0000][1][gc           ] GC(47) Pause Young (Allocation Failure) 137M->69M(247M) 1.250ms
[2019-12-08T12:02:58.466+0000][1][gc,cpu       ] GC(47) User=0.00s Sys=0.00s Real=0.00s
[2019-12-08T12:02:58.466+0000][1][safepoint    ] Leaving safepoint region
[2019-12-08T12:02:58.466+0000][1][safepoint    ] Total time for which application threads were stopped: 0.0014111 seconds, Stopping threads took: 0.0000258 seconds
[2019-12-08T12:02:59.466+0000][1][safepoint    ] Application time: 1.0000925 seconds
[2019-12-08T12:02:59.466+0000][1][safepoint    ] Entering safepoint region: Cleanup
[2019-12-08T12:02:59.466+0000][1][safepoint    ] Leaving safepoint region
[2019-12-08T12:02:59.466+0000][1][safepoint    ] Total time for which application threads were stopped: 0.0000915 seconds, Stopping threads took: 0.0000312 seconds
[2019-12-08T12:03:00.466+0000][1][safepoint    ] Application time: 1.0000865 seconds
[2019-12-08T12:03:00.466+0000][1][safepoint    ] Entering safepoint region: Cleanup
[2019-12-08T12:03:00.467+0000][1][safepoint    ] Leaving safepoint region
[2019-12-08T12:03:00.467+0000][1][safepoint    ] Total time for which application threads were stopped: 0.0000770 seconds, Stopping threads took: 0.0000190 seconds
[2019-12-08T12:03:01.467+0000][1][safepoint    ] Application time: 1.0000968 seconds
[2019-12-08T12:03:01.467+0000][1][safepoint    ] Entering safepoint region: Cleanup
[2019-12-08T12:03:01.467+0000][1][safepoint    ] Leaving safepoint region
[2019-12-08T12:03:01.467+0000][1][safepoint    ] Total time for which application threads were stopped: 0.0001267 seconds, Stopping threads took: 0.0000441 seconds
[2019-12-08T12:03:02.467+0000][1][safepoint    ] Application time: 1.0000772 seconds
[2019-12-08T12:03:02.467+0000][1][safepoint    ] Entering safepoint region: Cleanup
[2019-12-08T12:03:02.467+0000][1][safepoint    ] Leaving safepoint region
[2019-12-08T12:03:02.467+0000][1][safepoint    ] Total time for which application threads were stopped: 0.0000876 seconds, Stopping threads took: 0.0000178 seconds
[2019-12-08T12:03:03.467+0000][1][safepoint    ] Application time: 1.0000786 seconds
[2019-12-08T12:03:03.467+0000][1][safepoint    ] Entering safepoint region: Cleanup
[2019-12-08T12:03:03.467+0000][1][safepoint    ] Leaving safepoint region
[2019-12-08T12:03:03.467+0000][1][safepoint    ] Total time for which application threads were stopped: 0.0000826 seconds, Stopping threads took: 0.0000191 seconds
[2019-12-08T12:03:04.467+0000][1][safepoint    ] Application time: 1.0000786 seconds
[2019-12-08T12:03:04.467+0000][1][safepoint    ] Entering safepoint region: Cleanup
[2019-12-08T12:03:04.467+0000][1][safepoint    ] Leaving safepoint region
[2019-12-08T12:03:04.467+0000][1][safepoint    ] Total time for which application threads were stopped: 0.0001205 seconds, Stopping threads took: 0.0000537 seconds
[2019-12-08T12:03:05.468+0000][1][safepoint    ] Application time: 1.0000866 seconds
[2019-12-08T12:03:05.468+0000][1][safepoint    ] Entering safepoint region: Cleanup
[2019-12-08T12:03:05.468+0000][1][safepoint    ] Leaving safepoint region
[2019-12-08T12:03:05.468+0000][1][safepoint    ] Total time for which application threads were stopped: 0.0000778 seconds, Stopping threads took: 0.0000177 seconds
[2019-12-08T12:03:06.468+0000][1][safepoint    ] Application time: 1.0000536 seconds
[2019-12-08T12:03:06.468+0000][1][safepoint    ] Entering safepoint region: Cleanup
[2019-12-08T12:03:06.468+0000][1][safepoint    ] Leaving safepoint region
[2019-12-08T12:03:06.468+0000][1][safepoint    ] Total time for which application threads were stopped: 0.0000866 seconds, Stopping threads took: 0.0000265 seconds
[2019-12-08T12:03:07.468+0000][1][safepoint    ] Application time: 1.0000836 seconds
[2019-12-08T12:03:07.468+0000][1][safepoint    ] Entering safepoint region: Cleanup
[2019-12-08T12:03:07.468+0000][1][safepoint    ] Leaving safepoint region
[2019-12-08T12:03:07.468+0000][1][safepoint    ] Total time for which application threads were stopped: 0.0000846 seconds, Stopping threads took: 0.0000204 seconds
[2019-12-08T12:03:08.468+0000][1][safepoint    ] Application time: 1.0000778 seconds
[2019-12-08T12:03:08.468+0000][1][safepoint    ] Entering safepoint region: Cleanup
[2019-12-08T12:03:08.468+0000][1][safepoint    ] Leaving safepoint region
[2019-12-08T12:03:08.468+0000][1][safepoint    ] Total time for which application threads were stopped: 0.0000811 seconds, Stopping threads took: 0.0000188 seconds
[2019-12-08T12:03:09.468+0000][1][safepoint    ] Application time: 1.0000769 seconds
[2019-12-08T12:03:09.468+0000][1][safepoint    ] Entering safepoint region: Cleanup
[2019-12-08T12:03:09.468+0000][1][safepoint    ] Leaving safepoint region
[2019-12-08T12:03:09.468+0000][1][safepoint    ] Total time for which application threads were stopped: 0.0000788 seconds, Stopping threads took: 0.0000176 seconds
[2019-12-08T12:03:10.469+0000][1][safepoint    ] Application time: 1.0000778 seconds
[2019-12-08T12:03:10.469+0000][1][safepoint    ] Entering safepoint region: Cleanup
[2019-12-08T12:03:10.469+0000][1][safepoint    ] Leaving safepoint region
[2019-12-08T12:03:10.469+0000][1][safepoint    ] Total time for which application threads were stopped: 0.0000792 seconds, Stopping threads took: 0.0000181 seconds
[2019-12-08T12:03:11.965+0000][1][safepoint    ] Application time: 1.4958653 seconds
[2019-12-08T12:03:11.965+0000][1][safepoint    ] Entering safepoint region: Cleanup
[2019-12-08T12:03:11.965+0000][1][safepoint    ] Leaving safepoint region
[2019-12-08T12:03:11.965+0000][1][safepoint    ] Total time for which application threads were stopped: 0.0000859 seconds, Stopping threads took: 0.0000177 seconds
[2019-12-08T12:03:12.965+0000][1][safepoint    ] Application time: 1.0000757 seconds
[2019-12-08T12:03:12.965+0000][1][safepoint    ] Entering safepoint region: Cleanup
[2019-12-08T12:03:12.965+0000][1][safepoint    ] Leaving safepoint region
[2019-12-08T12:03:12.965+0000][1][safepoint    ] Total time for which application threads were stopped: 0.0000836 seconds, Stopping threads took: 0.0000189 seconds
[2019-12-08T12:03:13.965+0000][1][safepoint    ] Application time: 1.0000793 seconds
[2019-12-08T12:03:13.965+0000][1][safepoint    ] Entering safepoint region: Cleanup
[2019-12-08T12:03:13.965+0000][1][safepoint    ] Leaving safepoint region
[2019-12-08T12:03:13.965+0000][1][safepoint    ] Total time for which application threads were stopped: 0.0000825 seconds, Stopping threads took: 0.0000193 seconds
[2019-12-08T12:03:14.965+0000][1][safepoint    ] Application time: 1.0000762 seconds
[2019-12-08T12:03:14.965+0000][1][safepoint    ] Entering safepoint region: Cleanup
[2019-12-08T12:03:14.965+0000][1][safepoint    ] Leaving safepoint region
[2019-12-08T12:03:14.965+0000][1][safepoint    ] Total time for which application threads were stopped: 0.0000813 seconds, Stopping threads took: 0.0000205 seconds
[2019-12-08T12:03:15.965+0000][1][safepoint    ] Application time: 1.0000783 seconds
[2019-12-08T12:03:15.965+0000][1][safepoint    ] Entering safepoint region: Cleanup
[2019-12-08T12:03:15.965+0000][1][safepoint    ] Leaving safepoint region
[2019-12-08T12:03:15.965+0000][1][safepoint    ] Total time for which application threads were stopped: 0.0001124 seconds, Stopping threads took: 0.0000516 seconds
[2019-12-08T12:03:16.966+0000][1][safepoint    ] Application time: 1.0000826 seconds
[2019-12-08T12:03:16.966+0000][1][safepoint    ] Entering safepoint region: Cleanup
[2019-12-08T12:03:16.966+0000][1][safepoint    ] Leaving safepoint region
[2019-12-08T12:03:16.966+0000][1][safepoint    ] Total time for which application threads were stopped: 0.0000808 seconds, Stopping threads took: 0.0000207 seconds
[2019-12-08T12:03:17.966+0000][1][safepoint    ] Application time: 1.0000787 seconds
[2019-12-08T12:03:17.966+0000][1][safepoint    ] Entering safepoint region: Cleanup
[2019-12-08T12:03:17.966+0000][1][safepoint    ] Leaving safepoint region
[2019-12-08T12:03:17.966+0000][1][safepoint    ] Total time for which application threads were stopped: 0.0001052 seconds, Stopping threads took: 0.0000446 seconds
[2019-12-08T12:03:18.966+0000][1][safepoint    ] Application time: 1.0000903 seconds
[2019-12-08T12:03:18.966+0000][1][safepoint    ] Entering safepoint region: Cleanup
[2019-12-08T12:03:18.966+0000][1][safepoint    ] Leaving safepoint region
[2019-12-08T12:03:18.966+0000][1][safepoint    ] Total time for which application threads were stopped: 0.0000800 seconds, Stopping threads took: 0.0000197 seconds
[2019-12-08T12:03:19.966+0000][1][safepoint    ] Application time: 1.0000808 seconds
[2019-12-08T12:03:19.966+0000][1][safepoint    ] Entering safepoint region: Cleanup
[2019-12-08T12:03:19.966+0000][1][safepoint    ] Leaving safepoint region
[2019-12-08T12:03:19.966+0000][1][safepoint    ] Total time for which application threads were stopped: 0.0000807 seconds, Stopping threads took: 0.0000183 seconds
[2019-12-08T12:03:20.966+0000][1][safepoint    ] Application time: 1.0000906 seconds
[2019-12-08T12:03:20.967+0000][1][safepoint    ] Entering safepoint region: Cleanup
[2019-12-08T12:03:20.967+0000][1][safepoint    ] Leaving safepoint region
[2019-12-08T12:03:20.967+0000][1][safepoint    ] Total time for which application threads were stopped: 0.0001279 seconds, Stopping threads took: 0.0000572 seconds
[2019-12-08T12:03:21.967+0000][1][safepoint    ] Application time: 1.0001015 seconds
[2019-12-08T12:03:21.967+0000][1][safepoint    ] Entering safepoint region: Cleanup
[2019-12-08T12:03:21.967+0000][1][safepoint    ] Leaving safepoint region
[2019-12-08T12:03:21.967+0000][1][safepoint    ] Total time for which application threads were stopped: 0.0000795 seconds, Stopping threads took: 0.0000185 seconds
[2019-12-08T12:03:22.967+0000][1][safepoint    ] Application time: 1.0000767 seconds
[2019-12-08T12:03:22.967+0000][1][safepoint    ] Entering safepoint region: Cleanup
[2019-12-08T12:03:22.967+0000][1][safepoint    ] Leaving safepoint region
[2019-12-08T12:03:22.967+0000][1][safepoint    ] Total time for which application threads were stopped: 0.0000800 seconds, Stopping threads took: 0.0000187 seconds
[2019-12-08T12:03:23.967+0000][1][safepoint    ] Application time: 1.0000791 seconds
[2019-12-08T12:03:23.967+0000][1][safepoint    ] Entering safepoint region: Cleanup
[2019-12-08T12:03:23.967+0000][1][safepoint    ] Leaving safepoint region
[2019-12-08T12:03:23.967+0000][1][safepoint    ] Total time for which application threads were stopped: 0.0000829 seconds, Stopping threads took: 0.0000207 seconds
[2019-12-08T12:03:24.967+0000][1][safepoint    ] Application time: 1.0000802 seconds
[2019-12-08T12:03:24.967+0000][1][safepoint    ] Entering safepoint region: Cleanup
[2019-12-08T12:03:24.967+0000][1][safepoint    ] Leaving safepoint region
[2019-12-08T12:03:24.967+0000][1][safepoint    ] Total time for which application threads were stopped: 0.0000806 seconds, Stopping threads took: 0.0000203 seconds
[2019-12-08T12:03:25.968+0000][1][safepoint    ] Application time: 1.0000854 seconds
[2019-12-08T12:03:25.968+0000][1][safepoint    ] Entering safepoint region: Cleanup
[2019-12-08T12:03:25.968+0000][1][safepoint    ] Leaving safepoint region
[2019-12-08T12:03:25.968+0000][1][safepoint    ] Total time for which application threads were stopped: 0.0001536 seconds, Stopping threads took: 0.0000627 seconds
[2019-12-08T12:03:26.968+0000][1][safepoint    ] Application time: 1.0000871 seconds
[2019-12-08T12:03:26.968+0000][1][safepoint    ] Entering safepoint region: Cleanup
[2019-12-08T12:03:26.968+0000][1][safepoint    ] Leaving safepoint region
[2019-12-08T12:03:26.968+0000][1][safepoint    ] Total time for which application threads were stopped: 0.0000816 seconds, Stopping threads took: 0.0000197 seconds
[2019-12-08T12:03:27.971+0000][1][safepoint    ] Application time: 1.0027962 seconds
[2019-12-08T12:03:27.971+0000][1][safepoint    ] Entering safepoint region: Cleanup
[2019-12-08T12:03:27.971+0000][1][safepoint    ] Leaving safepoint region
[2019-12-08T12:03:27.971+0000][1][safepoint    ] Total time for which application threads were stopped: 0.0000799 seconds, Stopping threads took: 0.0000192 seconds
[2019-12-08T12:03:28.971+0000][1][safepoint    ] Application time: 1.0000844 seconds
[2019-12-08T12:03:28.971+0000][1][safepoint    ] Entering safepoint region: Cleanup
[2019-12-08T12:03:28.971+0000][1][safepoint    ] Leaving safepoint region
[2019-12-08T12:03:28.971+0000][1][safepoint    ] Total time for which application threads were stopped: 0.0000839 seconds, Stopping threads took: 0.0000182 seconds
[2019-12-08T12:03:29.971+0000][1][safepoint    ] Application time: 1.0000746 seconds
[2019-12-08T12:03:29.971+0000][1][safepoint    ] Entering safepoint region: Cleanup
[2019-12-08T12:03:29.971+0000][1][safepoint    ] Leaving safepoint region
[2019-12-08T12:03:29.971+0000][1][safepoint    ] Total time for which application threads were stopped: 0.0000777 seconds, Stopping threads took: 0.0000174 seconds
[2019-12-08T12:03:30.971+0000][1][safepoint    ] Application time: 1.0000733 seconds
[2019-12-08T12:03:30.971+0000][1][safepoint    ] Entering safepoint region: Cleanup
[2019-12-08T12:03:30.971+0000][1][safepoint    ] Leaving safepoint region
[2019-12-08T12:03:30.971+0000][1][safepoint    ] Total time for which application threads were stopped: 0.0000785 seconds, Stopping threads took: 0.0000176 seconds
[2019-12-08T12:03:31.972+0000][1][safepoint    ] Application time: 1.0000753 seconds
[2019-12-08T12:03:31.972+0000][1][safepoint    ] Entering safepoint region: Cleanup
[2019-12-08T12:03:31.972+0000][1][safepoint    ] Leaving safepoint region
[2019-12-08T12:03:31.972+0000][1][safepoint    ] Total time for which application threads were stopped: 0.0000790 seconds, Stopping threads took: 0.0000180 seconds
[2019-12-08T12:03:32.972+0000][1][safepoint    ] Application time: 1.0000753 seconds
[2019-12-08T12:03:32.972+0000][1][safepoint    ] Entering safepoint region: Cleanup
[2019-12-08T12:03:32.972+0000][1][safepoint    ] Leaving safepoint region
[2019-12-08T12:03:32.972+0000][1][safepoint    ] Total time for which application threads were stopped: 0.0000803 seconds, Stopping threads took: 0.0000176 seconds
[2019-12-08T12:03:33.972+0000][1][safepoint    ] Application time: 1.0000767 seconds
[2019-12-08T12:03:33.972+0000][1][safepoint    ] Entering safepoint region: Cleanup
[2019-12-08T12:03:33.972+0000][1][safepoint    ] Leaving safepoint region
[2019-12-08T12:03:33.972+0000][1][safepoint    ] Total time for which application threads were stopped: 0.0000766 seconds, Stopping threads took: 0.0000177 seconds
[2019-12-08T12:03:34.972+0000][1][safepoint    ] Application time: 1.0000805 seconds
[2019-12-08T12:03:34.972+0000][1][safepoint    ] Entering safepoint region: Cleanup
[2019-12-08T12:03:34.972+0000][1][safepoint    ] Leaving safepoint region
[2019-12-08T12:03:34.972+0000][1][safepoint    ] Total time for which application threads were stopped: 0.0000768 seconds, Stopping threads took: 0.0000187 seconds
[2019-12-08T12:03:35.972+0000][1][safepoint    ] Application time: 1.0000763 seconds
[2019-12-08T12:03:35.972+0000][1][safepoint    ] Entering safepoint region: Cleanup
[2019-12-08T12:03:35.972+0000][1][safepoint    ] Leaving safepoint region
[2019-12-08T12:03:35.972+0000][1][safepoint    ] Total time for which application threads were stopped: 0.0000807 seconds, Stopping threads took: 0.0000180 seconds
[2019-12-08T12:03:36.973+0000][1][safepoint    ] Application time: 1.0000802 seconds
[2019-12-08T12:03:36.973+0000][1][safepoint    ] Entering safepoint region: Cleanup
[2019-12-08T12:03:36.973+0000][1][safepoint    ] Leaving safepoint region
[2019-12-08T12:03:36.973+0000][1][safepoint    ] Total time for which application threads were stopped: 0.0000811 seconds, Stopping threads took: 0.0000195 seconds
[2019-12-08T12:03:37.973+0000][1][safepoint    ] Application time: 1.0000812 seconds
[2019-12-08T12:03:37.973+0000][1][safepoint    ] Entering safepoint region: Cleanup
[2019-12-08T12:03:37.973+0000][1][safepoint    ] Leaving safepoint region
[2019-12-08T12:03:37.973+0000][1][safepoint    ] Total time for which application threads were stopped: 0.0000814 seconds, Stopping threads took: 0.0000193 seconds
[2019-12-08T12:03:38.973+0000][1][safepoint    ] Application time: 1.0000814 seconds
[2019-12-08T12:03:38.973+0000][1][safepoint    ] Entering safepoint region: Cleanup
[2019-12-08T12:03:38.973+0000][1][safepoint    ] Leaving safepoint region
[2019-12-08T12:03:38.973+0000][1][safepoint    ] Total time for which application threads were stopped: 0.0000827 seconds, Stopping threads took: 0.0000196 seconds
[2019-12-08T12:03:39.973+0000][1][safepoint    ] Application time: 1.0000803 seconds
[2019-12-08T12:03:39.973+0000][1][safepoint    ] Entering safepoint region: Cleanup
[2019-12-08T12:03:39.973+0000][1][safepoint    ] Leaving safepoint region
[2019-12-08T12:03:39.973+0000][1][safepoint    ] Total time for which application threads were stopped: 0.0000858 seconds, Stopping threads took: 0.0000234 seconds
[2019-12-08T12:03:40.973+0000][1][safepoint    ] Application time: 1.0000919 seconds
[2019-12-08T12:03:40.973+0000][1][safepoint    ] Entering safepoint region: Cleanup
[2019-12-08T12:03:40.974+0000][1][safepoint    ] Leaving safepoint region
[2019-12-08T12:03:40.974+0000][1][safepoint    ] Total time for which application threads were stopped: 0.0000912 seconds, Stopping threads took: 0.0000247 seconds
[2019-12-08T12:03:41.974+0000][1][safepoint    ] Application time: 1.0000910 seconds
[2019-12-08T12:03:41.974+0000][1][safepoint    ] Entering safepoint region: Cleanup
[2019-12-08T12:03:41.974+0000][1][safepoint    ] Leaving safepoint region
[2019-12-08T12:03:41.974+0000][1][safepoint    ] Total time for which application threads were stopped: 0.0000923 seconds, Stopping threads took: 0.0000197 seconds
[2019-12-08T12:03:42.974+0000][1][safepoint    ] Application time: 1.0000780 seconds
[2019-12-08T12:03:42.974+0000][1][safepoint    ] Entering safepoint region: Cleanup
[2019-12-08T12:03:42.974+0000][1][safepoint    ] Leaving safepoint region
[2019-12-08T12:03:42.974+0000][1][safepoint    ] Total time for which application threads were stopped: 0.0000774 seconds, Stopping threads took: 0.0000196 seconds
[2019-12-08T12:03:43.974+0000][1][safepoint    ] Application time: 1.0000806 seconds
[2019-12-08T12:03:43.974+0000][1][safepoint    ] Entering safepoint region: Cleanup
[2019-12-08T12:03:43.974+0000][1][safepoint    ] Leaving safepoint region
[2019-12-08T12:03:43.974+0000][1][safepoint    ] Total time for which application threads were stopped: 0.0000820 seconds, Stopping threads took: 0.0000207 seconds
[2019-12-08T12:03:44.974+0000][1][safepoint    ] Application time: 1.0000853 seconds
[2019-12-08T12:03:44.974+0000][1][safepoint    ] Entering safepoint region: Cleanup
[2019-12-08T12:03:44.974+0000][1][safepoint    ] Leaving safepoint region
[2019-12-08T12:03:44.974+0000][1][safepoint    ] Total time for which application threads were stopped: 0.0000798 seconds, Stopping threads took: 0.0000208 seconds
[2019-12-08T12:03:45.974+0000][1][safepoint    ] Application time: 1.0000814 seconds
[2019-12-08T12:03:45.975+0000][1][safepoint    ] Entering safepoint region: Cleanup
[2019-12-08T12:03:45.975+0000][1][safepoint    ] Leaving safepoint region
[2019-12-08T12:03:45.975+0000][1][safepoint    ] Total time for which application threads were stopped: 0.0001157 seconds, Stopping threads took: 0.0000486 seconds
[2019-12-08T12:03:46.975+0000][1][safepoint    ] Application time: 1.0000955 seconds
[2019-12-08T12:03:46.975+0000][1][safepoint    ] Entering safepoint region: Cleanup
[2019-12-08T12:03:46.975+0000][1][safepoint    ] Leaving safepoint region
[2019-12-08T12:03:46.975+0000][1][safepoint    ] Total time for which application threads were stopped: 0.0000796 seconds, Stopping threads took: 0.0000209 seconds
[2019-12-08T12:03:47.975+0000][1][safepoint    ] Application time: 1.0000792 seconds
[2019-12-08T12:03:47.975+0000][1][safepoint    ] Entering safepoint region: Cleanup
[2019-12-08T12:03:47.975+0000][1][safepoint    ] Leaving safepoint region
[2019-12-08T12:03:47.975+0000][1][safepoint    ] Total time for which application threads were stopped: 0.0000782 seconds, Stopping threads took: 0.0000194 seconds
[2019-12-08T12:03:48.975+0000][1][safepoint    ] Application time: 1.0000790 seconds
[2019-12-08T12:03:48.975+0000][1][safepoint    ] Entering safepoint region: Cleanup
[2019-12-08T12:03:48.975+0000][1][safepoint    ] Leaving safepoint region
[2019-12-08T12:03:48.975+0000][1][safepoint    ] Total time for which application threads were stopped: 0.0000809 seconds, Stopping threads took: 0.0000197 seconds
[2019-12-08T12:03:49.975+0000][1][safepoint    ] Application time: 1.0000814 seconds
[2019-12-08T12:03:49.975+0000][1][safepoint    ] Entering safepoint region: Cleanup
[2019-12-08T12:03:49.975+0000][1][safepoint    ] Leaving safepoint region
[2019-12-08T12:03:49.975+0000][1][safepoint    ] Total time for which application threads were stopped: 0.0000776 seconds, Stopping threads took: 0.0000198 seconds
[2019-12-08T12:03:50.976+0000][1][safepoint    ] Application time: 1.0000798 seconds
[2019-12-08T12:03:50.976+0000][1][safepoint    ] Entering safepoint region: Cleanup
[2019-12-08T12:03:50.976+0000][1][safepoint    ] Leaving safepoint region
[2019-12-08T12:03:50.976+0000][1][safepoint    ] Total time for which application threads were stopped: 0.0000778 seconds, Stopping threads took: 0.0000197 seconds
[2019-12-08T12:03:51.976+0000][1][safepoint    ] Application time: 1.0000794 seconds
[2019-12-08T12:03:51.976+0000][1][safepoint    ] Entering safepoint region: Cleanup
[2019-12-08T12:03:51.976+0000][1][safepoint    ] Leaving safepoint region
[2019-12-08T12:03:51.976+0000][1][safepoint    ] Total time for which application threads were stopped: 0.0000759 seconds, Stopping threads took: 0.0000186 seconds
[2019-12-08T12:03:52.976+0000][1][safepoint    ] Application time: 1.0000870 seconds
[2019-12-08T12:03:52.976+0000][1][safepoint    ] Entering safepoint region: Cleanup
[2019-12-08T12:03:52.976+0000][1][safepoint    ] Leaving safepoint region
[2019-12-08T12:03:52.976+0000][1][safepoint    ] Total time for which application threads were stopped: 0.0000818 seconds, Stopping threads took: 0.0000194 seconds
[2019-12-08T12:03:53.976+0000][1][safepoint    ] Application time: 1.0000815 seconds
[2019-12-08T12:03:53.976+0000][1][safepoint    ] Entering safepoint region: Cleanup
[2019-12-08T12:03:53.976+0000][1][safepoint    ] Leaving safepoint region
[2019-12-08T12:03:53.976+0000][1][safepoint    ] Total time for which application threads were stopped: 0.0000806 seconds, Stopping threads took: 0.0000205 seconds
[2019-12-08T12:03:54.976+0000][1][safepoint    ] Application time: 1.0000794 seconds
[2019-12-08T12:03:54.976+0000][1][safepoint    ] Entering safepoint region: Cleanup
[2019-12-08T12:03:54.976+0000][1][safepoint    ] Leaving safepoint region
[2019-12-08T12:03:54.976+0000][1][safepoint    ] Total time for which application threads were stopped: 0.0000849 seconds, Stopping threads took: 0.0000198 seconds
[2019-12-08T12:03:55.977+0000][1][safepoint    ] Application time: 1.0000829 seconds
[2019-12-08T12:03:55.977+0000][1][safepoint    ] Entering safepoint region: Cleanup
[2019-12-08T12:03:55.977+0000][1][safepoint    ] Leaving safepoint region
[2019-12-08T12:03:55.977+0000][1][safepoint    ] Total time for which application threads were stopped: 0.0000790 seconds, Stopping threads took: 0.0000210 seconds
[2019-12-08T12:03:56.977+0000][1][safepoint    ] Application time: 1.0000894 seconds
[2019-12-08T12:03:56.977+0000][1][safepoint    ] Entering safepoint region: Cleanup
[2019-12-08T12:03:56.977+0000][1][safepoint    ] Leaving safepoint region
[2019-12-08T12:03:56.977+0000][1][safepoint    ] Total time for which application threads were stopped: 0.0000780 seconds, Stopping threads took: 0.0000194 seconds
[2019-12-08T12:03:57.977+0000][1][safepoint    ] Application time: 1.0000787 seconds
[2019-12-08T12:03:57.977+0000][1][safepoint    ] Entering safepoint region: Cleanup
[2019-12-08T12:03:57.977+0000][1][safepoint    ] Leaving safepoint region
[2019-12-08T12:03:57.977+0000][1][safepoint    ] Total time for which application threads were stopped: 0.0000802 seconds, Stopping threads took: 0.0000214 seconds
[2019-12-08T12:03:58.978+0000][1][safepoint    ] Application time: 1.0008229 seconds
[2019-12-08T12:03:58.978+0000][1][safepoint    ] Entering safepoint region: Cleanup
[2019-12-08T12:03:58.978+0000][1][safepoint    ] Leaving safepoint region
[2019-12-08T12:03:58.978+0000][1][safepoint    ] Total time for which application threads were stopped: 0.0001173 seconds, Stopping threads took: 0.0000351 seconds
[2019-12-08T12:03:59.978+0000][1][safepoint    ] Application time: 1.0000820 seconds
[2019-12-08T12:03:59.978+0000][1][safepoint    ] Entering safepoint region: Cleanup
[2019-12-08T12:03:59.978+0000][1][safepoint    ] Leaving safepoint region
[2019-12-08T12:03:59.978+0000][1][safepoint    ] Total time for which application threads were stopped: 0.0000949 seconds, Stopping threads took: 0.0000291 seconds
[2019-12-08T12:04:00.978+0000][1][safepoint    ] Application time: 1.0000759 seconds
[2019-12-08T12:04:00.978+0000][1][safepoint    ] Entering safepoint region: Cleanup
[2019-12-08T12:04:00.979+0000][1][safepoint    ] Leaving safepoint region
[2019-12-08T12:04:00.979+0000][1][safepoint    ] Total time for which application threads were stopped: 0.0000823 seconds, Stopping threads took: 0.0000217 seconds
[2019-12-08T12:04:01.979+0000][1][safepoint    ] Application time: 1.0000750 seconds
[2019-12-08T12:04:01.979+0000][1][safepoint    ] Entering safepoint region: Cleanup
[2019-12-08T12:04:01.979+0000][1][safepoint    ] Leaving safepoint region
[2019-12-08T12:04:01.979+0000][1][safepoint    ] Total time for which application threads were stopped: 0.0001015 seconds, Stopping threads took: 0.0000195 seconds
[2019-12-08T12:04:02.979+0000][1][safepoint    ] Application time: 1.0000804 seconds
[2019-12-08T12:04:02.979+0000][1][safepoint    ] Entering safepoint region: Cleanup
[2019-12-08T12:04:02.979+0000][1][safepoint    ] Leaving safepoint region
[2019-12-08T12:04:02.979+0000][1][safepoint    ] Total time for which application threads were stopped: 0.0000795 seconds, Stopping threads took: 0.0000208 seconds
[2019-12-08T12:04:03.979+0000][1][safepoint    ] Application time: 1.0000772 seconds
[2019-12-08T12:04:03.979+0000][1][safepoint    ] Entering safepoint region: Cleanup
[2019-12-08T12:04:03.979+0000][1][safepoint    ] Leaving safepoint region
[2019-12-08T12:04:03.979+0000][1][safepoint    ] Total time for which application threads were stopped: 0.0000818 seconds, Stopping threads took: 0.0000216 seconds
[2019-12-08T12:04:04.979+0000][1][safepoint    ] Application time: 1.0000820 seconds
[2019-12-08T12:04:04.979+0000][1][safepoint    ] Entering safepoint region: Cleanup
[2019-12-08T12:04:04.979+0000][1][safepoint    ] Leaving safepoint region
[2019-12-08T12:04:04.979+0000][1][safepoint    ] Total time for which application threads were stopped: 0.0000828 seconds, Stopping threads took: 0.0000219 seconds
[2019-12-08T12:04:05.979+0000][1][safepoint    ] Application time: 1.0000830 seconds
[2019-12-08T12:04:05.979+0000][1][safepoint    ] Entering safepoint region: Cleanup
[2019-12-08T12:04:05.980+0000][1][safepoint    ] Leaving safepoint region
[2019-12-08T12:04:05.980+0000][1][safepoint    ] Total time for which application threads were stopped: 0.0000934 seconds, Stopping threads took: 0.0000190 seconds
[2019-12-08T12:04:06.980+0000][1][safepoint    ] Application time: 1.0000790 seconds
[2019-12-08T12:04:06.980+0000][1][safepoint    ] Entering safepoint region: Cleanup
[2019-12-08T12:04:06.980+0000][1][safepoint    ] Leaving safepoint region
[2019-12-08T12:04:06.980+0000][1][safepoint    ] Total time for which application threads were stopped: 0.0000879 seconds, Stopping threads took: 0.0000285 seconds
[2019-12-08T12:04:07.980+0000][1][safepoint    ] Application time: 1.0000781 seconds
[2019-12-08T12:04:07.980+0000][1][safepoint    ] Entering safepoint region: Cleanup
[2019-12-08T12:04:07.980+0000][1][safepoint    ] Leaving safepoint region
[2019-12-08T12:04:07.980+0000][1][safepoint    ] Total time for which application threads were stopped: 0.0000830 seconds, Stopping threads took: 0.0000210 seconds
[2019-12-08T12:04:08.980+0000][1][safepoint    ] Application time: 1.0000755 seconds
[2019-12-08T12:04:08.980+0000][1][safepoint    ] Entering safepoint region: Cleanup
[2019-12-08T12:04:08.980+0000][1][safepoint    ] Leaving safepoint region
[2019-12-08T12:04:08.980+0000][1][safepoint    ] Total time for which application threads were stopped: 0.0000897 seconds, Stopping threads took: 0.0000288 seconds
[2019-12-08T12:04:09.980+0000][1][safepoint    ] Application time: 1.0000784 seconds
[2019-12-08T12:04:09.980+0000][1][safepoint    ] Entering safepoint region: Cleanup
[2019-12-08T12:04:09.980+0000][1][safepoint    ] Leaving safepoint region
[2019-12-08T12:04:09.980+0000][1][safepoint    ] Total time for which application threads were stopped: 0.0000834 seconds, Stopping threads took: 0.0000203 seconds
[2019-12-08T12:04:10.981+0000][1][safepoint    ] Application time: 1.0000841 seconds
[2019-12-08T12:04:10.981+0000][1][safepoint    ] Entering safepoint region: Cleanup
[2019-12-08T12:04:10.981+0000][1][safepoint    ] Leaving safepoint region
[2019-12-08T12:04:10.981+0000][1][safepoint    ] Total time for which application threads were stopped: 0.0000810 seconds, Stopping threads took: 0.0000202 seconds
[2019-12-08T12:04:10.984+0000][1][safepoint    ] Application time: 0.0031216 seconds
[2019-12-08T12:04:10.984+0000][1][safepoint    ] Entering safepoint region: GenCollectForAllocation
[2019-12-08T12:04:10.984+0000][1][gc,start     ] GC(48) Pause Young (Allocation Failure)
[2019-12-08T12:04:10.984+0000][1][gc,task      ] GC(48) Using 4 workers of 4 for evacuation
[2019-12-08T12:04:10.985+0000][1][gc,age       ] GC(48) Desired survivor size 4456448 bytes, new threshold 6 (max threshold 6)
[2019-12-08T12:04:10.985+0000][1][gc,age       ] GC(48) Age table with threshold 6 (max threshold 6)
[2019-12-08T12:04:10.985+0000][1][gc,age       ] GC(48) - age   1:       5904 bytes,       5904 total
[2019-12-08T12:04:10.985+0000][1][gc,age       ] GC(48) - age   2:        128 bytes,       6032 total
[2019-12-08T12:04:10.985+0000][1][gc,age       ] GC(48) - age   3:         88 bytes,       6120 total
[2019-12-08T12:04:10.985+0000][1][gc,age       ] GC(48) - age   4:        640 bytes,       6760 total
[2019-12-08T12:04:10.985+0000][1][gc,age       ] GC(48) - age   5:      17792 bytes,      24552 total
[2019-12-08T12:04:10.985+0000][1][gc,age       ] GC(48) - age   6:         80 bytes,      24632 total
[2019-12-08T12:04:10.985+0000][1][gc,heap      ] GC(48) ParNew: 69987K->30K(78656K)
[2019-12-08T12:04:10.985+0000][1][gc,heap      ] GC(48) CMS: 70879K->70888K(174784K)
[2019-12-08T12:04:10.985+0000][1][gc,metaspace ] GC(48) Metaspace: 69789K->69789K(1114112K)
[2019-12-08T12:04:10.985+0000][1][gc           ] GC(48) Pause Young (Allocation Failure) 137M->69M(247M) 1.140ms
[2019-12-08T12:04:10.985+0000][1][gc,cpu       ] GC(48) User=0.00s Sys=0.00s Real=0.00s
[2019-12-08T12:04:10.985+0000][1][safepoint    ] Leaving safepoint region
[2019-12-08T12:04:10.985+0000][1][safepoint    ] Total time for which application threads were stopped: 0.0012462 seconds, Stopping threads took: 0.0000075 seconds
[2019-12-08T12:04:11.985+0000][1][safepoint    ] Application time: 1.0000836 seconds
[2019-12-08T12:04:11.985+0000][1][safepoint    ] Entering safepoint region: Cleanup
[2019-12-08T12:04:11.985+0000][1][safepoint    ] Leaving safepoint region
[2019-12-08T12:04:11.985+0000][1][safepoint    ] Total time for which application threads were stopped: 0.0000796 seconds, Stopping threads took: 0.0000205 seconds
[2019-12-08T12:04:13.200+0000][1][safepoint    ] Application time: 1.2149193 seconds
[2019-12-08T12:04:13.200+0000][1][safepoint    ] Entering safepoint region: Cleanup
[2019-12-08T12:04:13.200+0000][1][safepoint    ] Leaving safepoint region
[2019-12-08T12:04:13.200+0000][1][safepoint    ] Total time for which application threads were stopped: 0.0000845 seconds, Stopping threads took: 0.0000207 seconds
[2019-12-08T12:04:14.200+0000][1][safepoint    ] Application time: 1.0000885 seconds
[2019-12-08T12:04:14.200+0000][1][safepoint    ] Entering safepoint region: Cleanup
[2019-12-08T12:04:14.200+0000][1][safepoint    ] Leaving safepoint region
[2019-12-08T12:04:14.201+0000][1][safepoint    ] Total time for which application threads were stopped: 0.0000811 seconds, Stopping threads took: 0.0000205 seconds
[2019-12-08T12:04:15.201+0000][1][safepoint    ] Application time: 1.0000895 seconds
[2019-12-08T12:04:15.201+0000][1][safepoint    ] Entering safepoint region: Cleanup
[2019-12-08T12:04:15.201+0000][1][safepoint    ] Leaving safepoint region
[2019-12-08T12:04:15.201+0000][1][safepoint    ] Total time for which application threads were stopped: 0.0000954 seconds, Stopping threads took: 0.0000198 seconds
[2019-12-08T12:04:16.201+0000][1][safepoint    ] Application time: 1.0000859 seconds
[2019-12-08T12:04:16.201+0000][1][safepoint    ] Entering safepoint region: Cleanup
[2019-12-08T12:04:16.201+0000][1][safepoint    ] Leaving safepoint region
[2019-12-08T12:04:16.201+0000][1][safepoint    ] Total time for which application threads were stopped: 0.0001017 seconds, Stopping threads took: 0.0000393 seconds
[2019-12-08T12:04:17.201+0000][1][safepoint    ] Application time: 1.0000788 seconds
[2019-12-08T12:04:17.201+0000][1][safepoint    ] Entering safepoint region: Cleanup
[2019-12-08T12:04:17.201+0000][1][safepoint    ] Leaving safepoint region
[2019-12-08T12:04:17.201+0000][1][safepoint    ] Total time for which application threads were stopped: 0.0000831 seconds, Stopping threads took: 0.0000208 seconds
[2019-12-08T12:04:18.201+0000][1][safepoint    ] Application time: 1.0000825 seconds
[2019-12-08T12:04:18.201+0000][1][safepoint    ] Entering safepoint region: Cleanup
[2019-12-08T12:04:18.201+0000][1][safepoint    ] Leaving safepoint region
[2019-12-08T12:04:18.201+0000][1][safepoint    ] Total time for which application threads were stopped: 0.0000817 seconds, Stopping threads took: 0.0000199 seconds
[2019-12-08T12:04:19.201+0000][1][safepoint    ] Application time: 1.0000826 seconds
[2019-12-08T12:04:19.202+0000][1][safepoint    ] Entering safepoint region: Cleanup
[2019-12-08T12:04:19.202+0000][1][safepoint    ] Leaving safepoint region
[2019-12-08T12:04:19.202+0000][1][safepoint    ] Total time for which application threads were stopped: 0.0000810 seconds, Stopping threads took: 0.0000212 seconds
[2019-12-08T12:04:20.202+0000][1][safepoint    ] Application time: 1.0000944 seconds
[2019-12-08T12:04:20.202+0000][1][safepoint    ] Entering safepoint region: Cleanup
[2019-12-08T12:04:20.202+0000][1][safepoint    ] Leaving safepoint region
[2019-12-08T12:04:20.202+0000][1][safepoint    ] Total time for which application threads were stopped: 0.0000813 seconds, Stopping threads took: 0.0000205 seconds
[2019-12-08T12:04:21.202+0000][1][safepoint    ] Application time: 1.0000775 seconds
[2019-12-08T12:04:21.202+0000][1][safepoint    ] Entering safepoint region: Cleanup
[2019-12-08T12:04:21.202+0000][1][safepoint    ] Leaving safepoint region
[2019-12-08T12:04:21.202+0000][1][safepoint    ] Total time for which application threads were stopped: 0.0000815 seconds, Stopping threads took: 0.0000219 seconds
[2019-12-08T12:04:22.202+0000][1][safepoint    ] Application time: 1.0000805 seconds
[2019-12-08T12:04:22.202+0000][1][safepoint    ] Entering safepoint region: Cleanup
[2019-12-08T12:04:22.202+0000][1][safepoint    ] Leaving safepoint region
[2019-12-08T12:04:22.202+0000][1][safepoint    ] Total time for which application threads were stopped: 0.0000861 seconds, Stopping threads took: 0.0000216 seconds
[2019-12-08T12:04:23.202+0000][1][safepoint    ] Application time: 1.0000776 seconds
[2019-12-08T12:04:23.202+0000][1][safepoint    ] Entering safepoint region: Cleanup
[2019-12-08T12:04:23.202+0000][1][safepoint    ] Leaving safepoint region
[2019-12-08T12:04:23.202+0000][1][safepoint    ] Total time for which application threads were stopped: 0.0000785 seconds, Stopping threads took: 0.0000189 seconds
[2019-12-08T12:04:24.203+0000][1][safepoint    ] Application time: 1.0000852 seconds
[2019-12-08T12:04:24.203+0000][1][safepoint    ] Entering safepoint region: Cleanup
[2019-12-08T12:04:24.203+0000][1][safepoint    ] Leaving safepoint region
[2019-12-08T12:04:24.203+0000][1][safepoint    ] Total time for which application threads were stopped: 0.0000810 seconds, Stopping threads took: 0.0000210 seconds
[2019-12-08T12:04:25.203+0000][1][safepoint    ] Application time: 1.0000491 seconds
[2019-12-08T12:04:25.203+0000][1][safepoint    ] Entering safepoint region: Cleanup
[2019-12-08T12:04:25.203+0000][1][safepoint    ] Leaving safepoint region
[2019-12-08T12:04:25.203+0000][1][safepoint    ] Total time for which application threads were stopped: 0.0000796 seconds, Stopping threads took: 0.0000210 seconds
[2019-12-08T12:04:26.203+0000][1][safepoint    ] Application time: 1.0000825 seconds
[2019-12-08T12:04:26.203+0000][1][safepoint    ] Entering safepoint region: Cleanup
[2019-12-08T12:04:26.203+0000][1][safepoint    ] Leaving safepoint region
[2019-12-08T12:04:26.203+0000][1][safepoint    ] Total time for which application threads were stopped: 0.0000799 seconds, Stopping threads took: 0.0000194 seconds
[2019-12-08T12:04:27.203+0000][1][safepoint    ] Application time: 1.0000802 seconds
[2019-12-08T12:04:27.203+0000][1][safepoint    ] Entering safepoint region: Cleanup
[2019-12-08T12:04:27.203+0000][1][safepoint    ] Leaving safepoint region
[2019-12-08T12:04:27.203+0000][1][safepoint    ] Total time for which application threads were stopped: 0.0000807 seconds, Stopping threads took: 0.0000194 seconds
[2019-12-08T12:04:28.203+0000][1][safepoint    ] Application time: 1.0000892 seconds
[2019-12-08T12:04:28.203+0000][1][safepoint    ] Entering safepoint region: Cleanup
[2019-12-08T12:04:28.203+0000][1][safepoint    ] Leaving safepoint region
[2019-12-08T12:04:28.203+0000][1][safepoint    ] Total time for which application threads were stopped: 0.0000824 seconds, Stopping threads took: 0.0000212 seconds
[2019-12-08T12:04:29.204+0000][1][safepoint    ] Application time: 1.0000800 seconds
[2019-12-08T12:04:29.204+0000][1][safepoint    ] Entering safepoint region: Cleanup
[2019-12-08T12:04:29.204+0000][1][safepoint    ] Leaving safepoint region
[2019-12-08T12:04:29.204+0000][1][safepoint    ] Total time for which application threads were stopped: 0.0000812 seconds, Stopping threads took: 0.0000211 seconds
[2019-12-08T12:04:30.204+0000][1][safepoint    ] Application time: 1.0000788 seconds
[2019-12-08T12:04:30.204+0000][1][safepoint    ] Entering safepoint region: Cleanup
[2019-12-08T12:04:30.204+0000][1][safepoint    ] Leaving safepoint region
[2019-12-08T12:04:30.204+0000][1][safepoint    ] Total time for which application threads were stopped: 0.0000814 seconds, Stopping threads took: 0.0000198 seconds
[2019-12-08T12:04:31.204+0000][1][safepoint    ] Application time: 1.0000791 seconds
[2019-12-08T12:04:31.204+0000][1][safepoint    ] Entering safepoint region: Cleanup
[2019-12-08T12:04:31.204+0000][1][safepoint    ] Leaving safepoint region
[2019-12-08T12:04:31.204+0000][1][safepoint    ] Total time for which application threads were stopped: 0.0000790 seconds, Stopping threads took: 0.0000197 seconds
[2019-12-08T12:04:32.204+0000][1][safepoint    ] Application time: 1.0000850 seconds
[2019-12-08T12:04:32.204+0000][1][safepoint    ] Entering safepoint region: Cleanup
[2019-12-08T12:04:32.204+0000][1][safepoint    ] Leaving safepoint region
[2019-12-08T12:04:32.204+0000][1][safepoint    ] Total time for which application threads were stopped: 0.0000844 seconds, Stopping threads took: 0.0000220 seconds
[2019-12-08T12:04:33.204+0000][1][safepoint    ] Application time: 1.0000859 seconds
[2019-12-08T12:04:33.204+0000][1][safepoint    ] Entering safepoint region: Cleanup
[2019-12-08T12:04:33.204+0000][1][safepoint    ] Leaving safepoint region
[2019-12-08T12:04:33.204+0000][1][safepoint    ] Total time for which application threads were stopped: 0.0000805 seconds, Stopping threads took: 0.0000203 seconds
[2019-12-08T12:04:34.205+0000][1][safepoint    ] Application time: 1.0000889 seconds
[2019-12-08T12:04:34.205+0000][1][safepoint    ] Entering safepoint region: Cleanup
[2019-12-08T12:04:34.205+0000][1][safepoint    ] Leaving safepoint region
[2019-12-08T12:04:34.205+0000][1][safepoint    ] Total time for which application threads were stopped: 0.0000967 seconds, Stopping threads took: 0.0000219 seconds
[2019-12-08T12:04:35.205+0000][1][safepoint    ] Application time: 1.0000857 seconds
[2019-12-08T12:04:35.205+0000][1][safepoint    ] Entering safepoint region: Cleanup
[2019-12-08T12:04:35.205+0000][1][safepoint    ] Leaving safepoint region
[2019-12-08T12:04:35.205+0000][1][safepoint    ] Total time for which application threads were stopped: 0.0000850 seconds, Stopping threads took: 0.0000218 seconds
[2019-12-08T12:04:36.205+0000][1][safepoint    ] Application time: 1.0000868 seconds
[2019-12-08T12:04:36.205+0000][1][safepoint    ] Entering safepoint region: Cleanup
[2019-12-08T12:04:36.205+0000][1][safepoint    ] Leaving safepoint region
[2019-12-08T12:04:36.205+0000][1][safepoint    ] Total time for which application threads were stopped: 0.0000820 seconds, Stopping threads took: 0.0000206 seconds
[2019-12-08T12:04:37.205+0000][1][safepoint    ] Application time: 1.0000785 seconds
[2019-12-08T12:04:37.205+0000][1][safepoint    ] Entering safepoint region: Cleanup
[2019-12-08T12:04:37.205+0000][1][safepoint    ] Leaving safepoint region
[2019-12-08T12:04:37.205+0000][1][safepoint    ] Total time for which application threads were stopped: 0.0000833 seconds, Stopping threads took: 0.0000210 seconds
[2019-12-08T12:04:38.205+0000][1][safepoint    ] Application time: 1.0000840 seconds
[2019-12-08T12:04:38.206+0000][1][safepoint    ] Entering safepoint region: Cleanup
[2019-12-08T12:04:38.206+0000][1][safepoint    ] Leaving safepoint region
[2019-12-08T12:04:38.206+0000][1][safepoint    ] Total time for which application threads were stopped: 0.0000815 seconds, Stopping threads took: 0.0000203 seconds
[2019-12-08T12:04:39.206+0000][1][safepoint    ] Application time: 1.0000829 seconds
[2019-12-08T12:04:39.206+0000][1][safepoint    ] Entering safepoint region: Cleanup
[2019-12-08T12:04:39.206+0000][1][safepoint    ] Leaving safepoint region
[2019-12-08T12:04:39.206+0000][1][safepoint    ] Total time for which application threads were stopped: 0.0000808 seconds, Stopping threads took: 0.0000205 seconds
[2019-12-08T12:04:40.206+0000][1][safepoint    ] Application time: 1.0000785 seconds
[2019-12-08T12:04:40.206+0000][1][safepoint    ] Entering safepoint region: Cleanup
[2019-12-08T12:04:40.206+0000][1][safepoint    ] Leaving safepoint region
[2019-12-08T12:04:40.206+0000][1][safepoint    ] Total time for which application threads were stopped: 0.0000835 seconds, Stopping threads took: 0.0000209 seconds
[2019-12-08T12:04:41.206+0000][1][safepoint    ] Application time: 1.0000899 seconds
[2019-12-08T12:04:41.206+0000][1][safepoint    ] Entering safepoint region: Cleanup
[2019-12-08T12:04:41.206+0000][1][safepoint    ] Leaving safepoint region
[2019-12-08T12:04:41.206+0000][1][safepoint    ] Total time for which application threads were stopped: 0.0000828 seconds, Stopping threads took: 0.0000205 seconds
[2019-12-08T12:04:42.206+0000][1][safepoint    ] Application time: 1.0000811 seconds
[2019-12-08T12:04:42.206+0000][1][safepoint    ] Entering safepoint region: Cleanup
[2019-12-08T12:04:42.206+0000][1][safepoint    ] Leaving safepoint region
[2019-12-08T12:04:42.206+0000][1][safepoint    ] Total time for which application threads were stopped: 0.0000971 seconds, Stopping threads took: 0.0000240 seconds
[2019-12-08T12:04:43.207+0000][1][safepoint    ] Application time: 1.0000851 seconds
[2019-12-08T12:04:43.207+0000][1][safepoint    ] Entering safepoint region: Cleanup
[2019-12-08T12:04:43.207+0000][1][safepoint    ] Leaving safepoint region
[2019-12-08T12:04:43.207+0000][1][safepoint    ] Total time for which application threads were stopped: 0.0000810 seconds, Stopping threads took: 0.0000210 seconds
[2019-12-08T12:04:44.207+0000][1][safepoint    ] Application time: 1.0000838 seconds
[2019-12-08T12:04:44.207+0000][1][safepoint    ] Entering safepoint region: Cleanup
[2019-12-08T12:04:44.207+0000][1][safepoint    ] Leaving safepoint region
[2019-12-08T12:04:44.207+0000][1][safepoint    ] Total time for which application threads were stopped: 0.0000796 seconds, Stopping threads took: 0.0000212 seconds
[2019-12-08T12:04:45.207+0000][1][safepoint    ] Application time: 1.0000858 seconds
[2019-12-08T12:04:45.207+0000][1][safepoint    ] Entering safepoint region: Cleanup
[2019-12-08T12:04:45.207+0000][1][safepoint    ] Leaving safepoint region
[2019-12-08T12:04:45.207+0000][1][safepoint    ] Total time for which application threads were stopped: 0.0000799 seconds, Stopping threads took: 0.0000208 seconds
[2019-12-08T12:04:46.207+0000][1][safepoint    ] Application time: 1.0000793 seconds
[2019-12-08T12:04:46.207+0000][1][safepoint    ] Entering safepoint region: Cleanup
[2019-12-08T12:04:46.207+0000][1][safepoint    ] Leaving safepoint region
[2019-12-08T12:04:46.207+0000][1][safepoint    ] Total time for which application threads were stopped: 0.0000787 seconds, Stopping threads took: 0.0000207 seconds
[2019-12-08T12:04:47.207+0000][1][safepoint    ] Application time: 1.0000767 seconds
[2019-12-08T12:04:47.207+0000][1][safepoint    ] Entering safepoint region: Cleanup
[2019-12-08T12:04:47.207+0000][1][safepoint    ] Leaving safepoint region
[2019-12-08T12:04:47.207+0000][1][safepoint    ] Total time for which application threads were stopped: 0.0000751 seconds, Stopping threads took: 0.0000189 seconds
[2019-12-08T12:04:48.208+0000][1][safepoint    ] Application time: 1.0000768 seconds
[2019-12-08T12:04:48.208+0000][1][safepoint    ] Entering safepoint region: Cleanup
[2019-12-08T12:04:48.208+0000][1][safepoint    ] Leaving safepoint region
[2019-12-08T12:04:48.208+0000][1][safepoint    ] Total time for which application threads were stopped: 0.0000779 seconds, Stopping threads took: 0.0000202 seconds
[2019-12-08T12:04:49.208+0000][1][safepoint    ] Application time: 1.0000853 seconds
[2019-12-08T12:04:49.208+0000][1][safepoint    ] Entering safepoint region: Cleanup
[2019-12-08T12:04:49.208+0000][1][safepoint    ] Leaving safepoint region
[2019-12-08T12:04:49.208+0000][1][safepoint    ] Total time for which application threads were stopped: 0.0000833 seconds, Stopping threads took: 0.0000186 seconds
[2019-12-08T12:04:50.208+0000][1][safepoint    ] Application time: 1.0000836 seconds
[2019-12-08T12:04:50.208+0000][1][safepoint    ] Entering safepoint region: Cleanup
[2019-12-08T12:04:50.208+0000][1][safepoint    ] Leaving safepoint region
[2019-12-08T12:04:50.208+0000][1][safepoint    ] Total time for which application threads were stopped: 0.0000797 seconds, Stopping threads took: 0.0000207 seconds
[2019-12-08T12:04:51.208+0000][1][safepoint    ] Application time: 1.0000774 seconds
[2019-12-08T12:04:51.208+0000][1][safepoint    ] Entering safepoint region: Cleanup
[2019-12-08T12:04:51.208+0000][1][safepoint    ] Leaving safepoint region
[2019-12-08T12:04:51.208+0000][1][safepoint    ] Total time for which application threads were stopped: 0.0000804 seconds, Stopping threads took: 0.0000206 seconds
[2019-12-08T12:04:52.208+0000][1][safepoint    ] Application time: 1.0000780 seconds
[2019-12-08T12:04:52.208+0000][1][safepoint    ] Entering safepoint region: Cleanup
[2019-12-08T12:04:52.208+0000][1][safepoint    ] Leaving safepoint region
[2019-12-08T12:04:52.208+0000][1][safepoint    ] Total time for which application threads were stopped: 0.0000786 seconds, Stopping threads took: 0.0000190 seconds
[2019-12-08T12:04:53.209+0000][1][safepoint    ] Application time: 1.0000767 seconds
[2019-12-08T12:04:53.209+0000][1][safepoint    ] Entering safepoint region: Cleanup
[2019-12-08T12:04:53.209+0000][1][safepoint    ] Leaving safepoint region
[2019-12-08T12:04:53.209+0000][1][safepoint    ] Total time for which application threads were stopped: 0.0000797 seconds, Stopping threads took: 0.0000188 seconds
[2019-12-08T12:04:54.209+0000][1][safepoint    ] Application time: 1.0000792 seconds
[2019-12-08T12:04:54.209+0000][1][safepoint    ] Entering safepoint region: Cleanup
[2019-12-08T12:04:54.209+0000][1][safepoint    ] Leaving safepoint region
[2019-12-08T12:04:54.209+0000][1][safepoint    ] Total time for which application threads were stopped: 0.0000848 seconds, Stopping threads took: 0.0000224 seconds
[2019-12-08T12:04:55.209+0000][1][safepoint    ] Application time: 1.0000784 seconds
[2019-12-08T12:04:55.209+0000][1][safepoint    ] Entering safepoint region: Cleanup
[2019-12-08T12:04:55.209+0000][1][safepoint    ] Leaving safepoint region
[2019-12-08T12:04:55.209+0000][1][safepoint    ] Total time for which application threads were stopped: 0.0000772 seconds, Stopping threads took: 0.0000183 seconds
[2019-12-08T12:04:56.209+0000][1][safepoint    ] Application time: 1.0000788 seconds
[2019-12-08T12:04:56.209+0000][1][safepoint    ] Entering safepoint region: Cleanup
[2019-12-08T12:04:56.209+0000][1][safepoint    ] Leaving safepoint region
[2019-12-08T12:04:56.209+0000][1][safepoint    ] Total time for which application threads were stopped: 0.0000768 seconds, Stopping threads took: 0.0000190 seconds
[2019-12-08T12:04:57.209+0000][1][safepoint    ] Application time: 1.0000793 seconds
[2019-12-08T12:04:57.209+0000][1][safepoint    ] Entering safepoint region: Cleanup
[2019-12-08T12:04:57.209+0000][1][safepoint    ] Leaving safepoint region
[2019-12-08T12:04:57.209+0000][1][safepoint    ] Total time for which application threads were stopped: 0.0000762 seconds, Stopping threads took: 0.0000210 seconds
[2019-12-08T12:04:58.209+0000][1][safepoint    ] Application time: 1.0000821 seconds
[2019-12-08T12:04:58.210+0000][1][safepoint    ] Entering safepoint region: Cleanup
[2019-12-08T12:04:58.210+0000][1][safepoint    ] Leaving safepoint region
[2019-12-08T12:04:58.210+0000][1][safepoint    ] Total time for which application threads were stopped: 0.0000779 seconds, Stopping threads took: 0.0000211 seconds
[2019-12-08T12:04:59.210+0000][1][safepoint    ] Application time: 1.0000875 seconds
[2019-12-08T12:04:59.210+0000][1][safepoint    ] Entering safepoint region: Cleanup
[2019-12-08T12:04:59.210+0000][1][safepoint    ] Leaving safepoint region
[2019-12-08T12:04:59.210+0000][1][safepoint    ] Total time for which application threads were stopped: 0.0000789 seconds, Stopping threads took: 0.0000203 seconds
[2019-12-08T12:05:00.210+0000][1][safepoint    ] Application time: 1.0000783 seconds
[2019-12-08T12:05:00.210+0000][1][safepoint    ] Entering safepoint region: Cleanup
[2019-12-08T12:05:00.210+0000][1][safepoint    ] Leaving safepoint region
[2019-12-08T12:05:00.210+0000][1][safepoint    ] Total time for which application threads were stopped: 0.0000764 seconds, Stopping threads took: 0.0000198 seconds
[2019-12-08T12:05:01.210+0000][1][safepoint    ] Application time: 1.0000792 seconds
[2019-12-08T12:05:01.210+0000][1][safepoint    ] Entering safepoint region: Cleanup
[2019-12-08T12:05:01.210+0000][1][safepoint    ] Leaving safepoint region
[2019-12-08T12:05:01.210+0000][1][safepoint    ] Total time for which application threads were stopped: 0.0000758 seconds, Stopping threads took: 0.0000188 seconds
[2019-12-08T12:05:02.210+0000][1][safepoint    ] Application time: 1.0000824 seconds
[2019-12-08T12:05:02.210+0000][1][safepoint    ] Entering safepoint region: Cleanup
[2019-12-08T12:05:02.210+0000][1][safepoint    ] Leaving safepoint region
[2019-12-08T12:05:02.210+0000][1][safepoint    ] Total time for which application threads were stopped: 0.0000770 seconds, Stopping threads took: 0.0000196 seconds
[2019-12-08T12:05:03.210+0000][1][safepoint    ] Application time: 1.0000803 seconds
[2019-12-08T12:05:03.211+0000][1][safepoint    ] Entering safepoint region: Cleanup
[2019-12-08T12:05:03.211+0000][1][safepoint    ] Leaving safepoint region
[2019-12-08T12:05:03.211+0000][1][safepoint    ] Total time for which application threads were stopped: 0.0000787 seconds, Stopping threads took: 0.0000207 seconds
[2019-12-08T12:05:04.211+0000][1][safepoint    ] Application time: 1.0000795 seconds
[2019-12-08T12:05:04.211+0000][1][safepoint    ] Entering safepoint region: Cleanup
[2019-12-08T12:05:04.211+0000][1][safepoint    ] Leaving safepoint region
[2019-12-08T12:05:04.211+0000][1][safepoint    ] Total time for which application threads were stopped: 0.0000784 seconds, Stopping threads took: 0.0000203 seconds
[2019-12-08T12:05:24.205+0000][1][safepoint    ] Application time: 19.9946489 seconds
[2019-12-08T12:05:24.205+0000][1][safepoint    ] Entering safepoint region: Cleanup
[2019-12-08T12:05:24.206+0000][1][safepoint    ] Leaving safepoint region
[2019-12-08T12:05:24.206+0000][1][safepoint    ] Total time for which application threads were stopped: 0.0000871 seconds, Stopping threads took: 0.0000213 seconds
[2019-12-08T12:05:24.538+0000][1][safepoint    ] Application time: 0.3324398 seconds
[2019-12-08T12:05:24.538+0000][1][safepoint    ] Entering safepoint region: GenCollectForAllocation
[2019-12-08T12:05:24.538+0000][1][gc,start     ] GC(49) Pause Young (Allocation Failure)
[2019-12-08T12:05:24.538+0000][1][gc,task      ] GC(49) Using 4 workers of 4 for evacuation
[2019-12-08T12:05:24.539+0000][1][gc,age       ] GC(49) Desired survivor size 4456448 bytes, new threshold 6 (max threshold 6)
[2019-12-08T12:05:24.539+0000][1][gc,age       ] GC(49) Age table with threshold 6 (max threshold 6)
[2019-12-08T12:05:24.539+0000][1][gc,age       ] GC(49) - age   1:       5800 bytes,       5800 total
[2019-12-08T12:05:24.539+0000][1][gc,age       ] GC(49) - age   2:        248 bytes,       6048 total
[2019-12-08T12:05:24.539+0000][1][gc,age       ] GC(49) - age   3:         32 bytes,       6080 total
[2019-12-08T12:05:24.539+0000][1][gc,age       ] GC(49) - age   4:         56 bytes,       6136 total
[2019-12-08T12:05:24.539+0000][1][gc,age       ] GC(49) - age   5:        640 bytes,       6776 total
[2019-12-08T12:05:24.539+0000][1][gc,age       ] GC(49) - age   6:      17792 bytes,      24568 total
[2019-12-08T12:05:24.539+0000][1][gc,heap      ] GC(49) ParNew: 69926K->28K(78656K)
[2019-12-08T12:05:24.539+0000][1][gc,heap      ] GC(49) CMS: 70888K->70888K(174784K)
[2019-12-08T12:05:24.539+0000][1][gc,metaspace ] GC(49) Metaspace: 69792K->69792K(1114112K)
[2019-12-08T12:05:24.539+0000][1][gc           ] GC(49) Pause Young (Allocation Failure) 137M->69M(247M) 1.038ms
[2019-12-08T12:05:24.539+0000][1][gc,cpu       ] GC(49) User=0.00s Sys=0.00s Real=0.00s
[2019-12-08T12:05:24.539+0000][1][safepoint    ] Leaving safepoint region
[2019-12-08T12:05:24.539+0000][1][safepoint    ] Total time for which application threads were stopped: 0.0011822 seconds, Stopping threads took: 0.0000186 seconds
[2019-12-08T12:05:48.541+0000][1][safepoint    ] Application time: 24.0016079 seconds
[2019-12-08T12:05:48.541+0000][1][safepoint    ] Entering safepoint region: Cleanup
[2019-12-08T12:05:48.541+0000][1][safepoint    ] Leaving safepoint region
[2019-12-08T12:05:48.541+0000][1][safepoint    ] Total time for which application threads were stopped: 0.0000987 seconds, Stopping threads took: 0.0000221 seconds
[2019-12-08T12:06:12.543+0000][1][safepoint    ] Application time: 24.0017384 seconds
[2019-12-08T12:06:12.543+0000][1][safepoint    ] Entering safepoint region: Cleanup
[2019-12-08T12:06:12.543+0000][1][safepoint    ] Leaving safepoint region
[2019-12-08T12:06:12.543+0000][1][safepoint    ] Total time for which application threads were stopped: 0.0000832 seconds, Stopping threads took: 0.0000192 seconds
[2019-12-08T12:06:36.575+0000][1][safepoint    ] Application time: 24.0316778 seconds
[2019-12-08T12:06:36.575+0000][1][safepoint    ] Entering safepoint region: GenCollectForAllocation
[2019-12-08T12:06:36.575+0000][1][gc,start     ] GC(50) Pause Young (Allocation Failure)
[2019-12-08T12:06:36.575+0000][1][gc,task      ] GC(50) Using 4 workers of 4 for evacuation
[2019-12-08T12:06:36.576+0000][1][gc,age       ] GC(50) Desired survivor size 4456448 bytes, new threshold 6 (max threshold 6)
[2019-12-08T12:06:36.576+0000][1][gc,age       ] GC(50) Age table with threshold 6 (max threshold 6)
[2019-12-08T12:06:36.576+0000][1][gc,age       ] GC(50) - age   1:       5600 bytes,       5600 total
[2019-12-08T12:06:36.576+0000][1][gc,age       ] GC(50) - age   2:        560 bytes,       6160 total
[2019-12-08T12:06:36.576+0000][1][gc,age       ] GC(50) - age   3:        248 bytes,       6408 total
[2019-12-08T12:06:36.576+0000][1][gc,age       ] GC(50) - age   5:         56 bytes,       6464 total
[2019-12-08T12:06:36.576+0000][1][gc,age       ] GC(50) - age   6:        640 bytes,       7104 total
[2019-12-08T12:06:36.576+0000][1][gc,heap      ] GC(50) ParNew: 69951K->12K(78656K)
[2019-12-08T12:06:36.576+0000][1][gc,heap      ] GC(50) CMS: 70888K->70905K(174784K)
[2019-12-08T12:06:36.576+0000][1][gc,metaspace ] GC(50) Metaspace: 69793K->69793K(1114112K)
[2019-12-08T12:06:36.576+0000][1][gc           ] GC(50) Pause Young (Allocation Failure) 137M->69M(247M) 1.272ms
[2019-12-08T12:06:36.576+0000][1][gc,cpu       ] GC(50) User=0.00s Sys=0.00s Real=0.00s
[2019-12-08T12:06:36.576+0000][1][safepoint    ] Leaving safepoint region
[2019-12-08T12:06:36.576+0000][1][safepoint    ] Total time for which application threads were stopped: 0.0014217 seconds, Stopping threads took: 0.0000179 seconds
[2019-12-08T12:07:50.613+0000][1][safepoint    ] Application time: 74.0370166 seconds
[2019-12-08T12:07:50.613+0000][1][safepoint    ] Entering safepoint region: GenCollectForAllocation
[2019-12-08T12:07:50.613+0000][1][gc,start     ] GC(51) Pause Young (Allocation Failure)
[2019-12-08T12:07:50.613+0000][1][gc,task      ] GC(51) Using 4 workers of 4 for evacuation
[2019-12-08T12:07:50.614+0000][1][gc,age       ] GC(51) Desired survivor size 4456448 bytes, new threshold 6 (max threshold 6)
[2019-12-08T12:07:50.614+0000][1][gc,age       ] GC(51) Age table with threshold 6 (max threshold 6)
[2019-12-08T12:07:50.614+0000][1][gc,age       ] GC(51) - age   1:       5744 bytes,       5744 total
[2019-12-08T12:07:50.614+0000][1][gc,age       ] GC(51) - age   2:         32 bytes,       5776 total
[2019-12-08T12:07:50.614+0000][1][gc,age       ] GC(51) - age   3:        432 bytes,       6208 total
[2019-12-08T12:07:50.614+0000][1][gc,age       ] GC(51) - age   4:        248 bytes,       6456 total
[2019-12-08T12:07:50.614+0000][1][gc,age       ] GC(51) - age   6:         56 bytes,       6512 total
[2019-12-08T12:07:50.614+0000][1][gc,heap      ] GC(51) ParNew: 69964K->10K(78656K)
[2019-12-08T12:07:50.614+0000][1][gc,heap      ] GC(51) CMS: 70905K->70906K(174784K)
[2019-12-08T12:07:50.614+0000][1][gc,metaspace ] GC(51) Metaspace: 69795K->69795K(1114112K)
[2019-12-08T12:07:50.614+0000][1][gc           ] GC(51) Pause Young (Allocation Failure) 137M->69M(247M) 1.083ms
[2019-12-08T12:07:50.614+0000][1][gc,cpu       ] GC(51) User=0.00s Sys=0.00s Real=0.00s
[2019-12-08T12:07:50.614+0000][1][safepoint    ] Leaving safepoint region
[2019-12-08T12:07:50.614+0000][1][safepoint    ] Total time for which application threads were stopped: 0.0012727 seconds, Stopping threads took: 0.0000541 seconds
[2019-12-08T12:08:12.616+0000][1][safepoint    ] Application time: 22.0015586 seconds
[2019-12-08T12:08:12.616+0000][1][safepoint    ] Entering safepoint region: Cleanup
[2019-12-08T12:08:12.616+0000][1][safepoint    ] Leaving safepoint region
[2019-12-08T12:08:12.616+0000][1][safepoint    ] Total time for which application threads were stopped: 0.0000806 seconds, Stopping threads took: 0.0000183 seconds
[2019-12-08T12:09:02.587+0000][1][safepoint    ] Application time: 49.9707744 seconds
[2019-12-08T12:09:02.587+0000][1][safepoint    ] Entering safepoint region: GenCollectForAllocation
[2019-12-08T12:09:02.587+0000][1][gc,start     ] GC(52) Pause Young (Allocation Failure)
[2019-12-08T12:09:02.587+0000][1][gc,task      ] GC(52) Using 4 workers of 4 for evacuation
[2019-12-08T12:09:02.588+0000][1][gc,age       ] GC(52) Desired survivor size 4456448 bytes, new threshold 6 (max threshold 6)
[2019-12-08T12:09:02.588+0000][1][gc,age       ] GC(52) Age table with threshold 6 (max threshold 6)
[2019-12-08T12:09:02.588+0000][1][gc,age       ] GC(52) - age   1:      73464 bytes,      73464 total
[2019-12-08T12:09:02.588+0000][1][gc,age       ] GC(52) - age   2:         96 bytes,      73560 total
[2019-12-08T12:09:02.588+0000][1][gc,age       ] GC(52) - age   3:         32 bytes,      73592 total
[2019-12-08T12:09:02.588+0000][1][gc,age       ] GC(52) - age   4:        432 bytes,      74024 total
[2019-12-08T12:09:02.588+0000][1][gc,age       ] GC(52) - age   5:        248 bytes,      74272 total
[2019-12-08T12:09:02.588+0000][1][gc,heap      ] GC(52) ParNew: 69952K->78K(78656K)
[2019-12-08T12:09:02.588+0000][1][gc,heap      ] GC(52) CMS: 70906K->70906K(174784K)
[2019-12-08T12:09:02.588+0000][1][gc,metaspace ] GC(52) Metaspace: 69795K->69795K(1114112K)
[2019-12-08T12:09:02.588+0000][1][gc           ] GC(52) Pause Young (Allocation Failure) 137M->69M(247M) 1.053ms
[2019-12-08T12:09:02.588+0000][1][gc,cpu       ] GC(52) User=0.00s Sys=0.00s Real=0.00s
[2019-12-08T12:09:02.588+0000][1][safepoint    ] Leaving safepoint region
[2019-12-08T12:09:02.588+0000][1][safepoint    ] Total time for which application threads were stopped: 0.0012148 seconds, Stopping threads took: 0.0000271 seconds
[2019-12-08T12:10:16.105+0000][1][safepoint    ] Application time: 73.5168039 seconds
[2019-12-08T12:10:16.105+0000][1][safepoint    ] Entering safepoint region: GenCollectForAllocation
[2019-12-08T12:10:16.105+0000][1][gc,start     ] GC(53) Pause Young (Allocation Failure)
[2019-12-08T12:10:16.105+0000][1][gc,task      ] GC(53) Using 4 workers of 4 for evacuation
[2019-12-08T12:10:16.106+0000][1][gc,age       ] GC(53) Desired survivor size 4456448 bytes, new threshold 6 (max threshold 6)
[2019-12-08T12:10:16.106+0000][1][gc,age       ] GC(53) Age table with threshold 6 (max threshold 6)
[2019-12-08T12:10:16.106+0000][1][gc,age       ] GC(53) - age   1:       5840 bytes,       5840 total
[2019-12-08T12:10:16.106+0000][1][gc,age       ] GC(53) - age   2:         32 bytes,       5872 total
[2019-12-08T12:10:16.106+0000][1][gc,age       ] GC(53) - age   5:        432 bytes,       6304 total
[2019-12-08T12:10:16.106+0000][1][gc,age       ] GC(53) - age   6:        248 bytes,       6552 total
[2019-12-08T12:10:16.106+0000][1][gc,heap      ] GC(53) ParNew: 70030K->10K(78656K)
[2019-12-08T12:10:16.106+0000][1][gc,heap      ] GC(53) CMS: 70906K->70906K(174784K)
[2019-12-08T12:10:16.106+0000][1][gc,metaspace ] GC(53) Metaspace: 69795K->69795K(1114112K)
[2019-12-08T12:10:16.106+0000][1][gc           ] GC(53) Pause Young (Allocation Failure) 137M->69M(247M) 1.046ms
[2019-12-08T12:10:16.106+0000][1][gc,cpu       ] GC(53) User=0.00s Sys=0.00s Real=0.00s
[2019-12-08T12:10:16.106+0000][1][safepoint    ] Leaving safepoint region
[2019-12-08T12:10:16.106+0000][1][safepoint    ] Total time for which application threads were stopped: 0.0012060 seconds, Stopping threads took: 0.0000271 seconds
[2019-12-08T12:11:28.725+0000][1][safepoint    ] Application time: 72.6194278 seconds
[2019-12-08T12:11:28.726+0000][1][safepoint    ] Entering safepoint region: GenCollectForAllocation
[2019-12-08T12:11:28.726+0000][1][gc,start     ] GC(54) Pause Young (Allocation Failure)
[2019-12-08T12:11:28.726+0000][1][gc,task      ] GC(54) Using 4 workers of 4 for evacuation
[2019-12-08T12:11:28.727+0000][1][gc,age       ] GC(54) Desired survivor size 4456448 bytes, new threshold 6 (max threshold 6)
[2019-12-08T12:11:28.727+0000][1][gc,age       ] GC(54) Age table with threshold 6 (max threshold 6)
[2019-12-08T12:11:28.727+0000][1][gc,age       ] GC(54) - age   1:       4976 bytes,       4976 total
[2019-12-08T12:11:28.727+0000][1][gc,age       ] GC(54) - age   2:         96 bytes,       5072 total
[2019-12-08T12:11:28.727+0000][1][gc,age       ] GC(54) - age   3:         32 bytes,       5104 total
[2019-12-08T12:11:28.727+0000][1][gc,age       ] GC(54) - age   6:        432 bytes,       5536 total
[2019-12-08T12:11:28.727+0000][1][gc,heap      ] GC(54) ParNew: 69962K->8K(78656K)
[2019-12-08T12:11:28.727+0000][1][gc,heap      ] GC(54) CMS: 70906K->70906K(174784K)
[2019-12-08T12:11:28.727+0000][1][gc,metaspace ] GC(54) Metaspace: 69796K->69796K(1114112K)
[2019-12-08T12:11:28.727+0000][1][gc           ] GC(54) Pause Young (Allocation Failure) 137M->69M(247M) 1.170ms
[2019-12-08T12:11:28.727+0000][1][gc,cpu       ] GC(54) User=0.01s Sys=0.00s Real=0.00s
[2019-12-08T12:11:28.727+0000][1][safepoint    ] Leaving safepoint region
[2019-12-08T12:11:28.727+0000][1][safepoint    ] Total time for which application threads were stopped: 0.0013819 seconds, Stopping threads took: 0.0000634 seconds
[2019-12-08T12:12:41.155+0000][1][safepoint    ] Application time: 72.4282233 seconds
[2019-12-08T12:12:41.155+0000][1][safepoint    ] Entering safepoint region: GenCollectForAllocation
[2019-12-08T12:12:41.155+0000][1][gc,start     ] GC(55) Pause Young (Allocation Failure)
[2019-12-08T12:12:41.155+0000][1][gc,task      ] GC(55) Using 4 workers of 4 for evacuation
[2019-12-08T12:12:41.156+0000][1][gc,age       ] GC(55) Desired survivor size 4456448 bytes, new threshold 6 (max threshold 6)
[2019-12-08T12:12:41.156+0000][1][gc,age       ] GC(55) Age table with threshold 6 (max threshold 6)
[2019-12-08T12:12:41.156+0000][1][gc,age       ] GC(55) - age   1:       5704 bytes,       5704 total
[2019-12-08T12:12:41.156+0000][1][gc,age       ] GC(55) - age   2:         96 bytes,       5800 total
[2019-12-08T12:12:41.156+0000][1][gc,heap      ] GC(55) ParNew: 69960K->8K(78656K)
[2019-12-08T12:12:41.156+0000][1][gc,heap      ] GC(55) CMS: 70906K->70907K(174784K)
[2019-12-08T12:12:41.156+0000][1][gc,metaspace ] GC(55) Metaspace: 69800K->69800K(1114112K)
[2019-12-08T12:12:41.156+0000][1][gc           ] GC(55) Pause Young (Allocation Failure) 137M->69M(247M) 1.025ms
[2019-12-08T12:12:41.156+0000][1][gc,cpu       ] GC(55) User=0.00s Sys=0.00s Real=0.00s
[2019-12-08T12:12:41.156+0000][1][safepoint    ] Leaving safepoint region
[2019-12-08T12:12:41.156+0000][1][safepoint    ] Total time for which application threads were stopped: 0.0011821 seconds, Stopping threads took: 0.0000246 seconds
[2019-12-08T12:13:54.797+0000][1][safepoint    ] Application time: 73.6404144 seconds
[2019-12-08T12:13:54.797+0000][1][safepoint    ] Entering safepoint region: GenCollectForAllocation
[2019-12-08T12:13:54.797+0000][1][gc,start     ] GC(56) Pause Young (Allocation Failure)
[2019-12-08T12:13:54.797+0000][1][gc,task      ] GC(56) Using 4 workers of 4 for evacuation
[2019-12-08T12:13:54.798+0000][1][gc,age       ] GC(56) Desired survivor size 4456448 bytes, new threshold 6 (max threshold 6)
[2019-12-08T12:13:54.798+0000][1][gc,age       ] GC(56) Age table with threshold 6 (max threshold 6)
[2019-12-08T12:13:54.798+0000][1][gc,age       ] GC(56) - age   1:       6688 bytes,       6688 total
[2019-12-08T12:13:54.798+0000][1][gc,heap      ] GC(56) ParNew: 69960K->10K(78656K)
[2019-12-08T12:13:54.798+0000][1][gc,heap      ] GC(56) CMS: 70907K->70907K(174784K)
[2019-12-08T12:13:54.798+0000][1][gc,metaspace ] GC(56) Metaspace: 69800K->69800K(1114112K)
[2019-12-08T12:13:54.798+0000][1][gc           ] GC(56) Pause Young (Allocation Failure) 137M->69M(247M) 1.147ms
[2019-12-08T12:13:54.798+0000][1][gc,cpu       ] GC(56) User=0.00s Sys=0.00s Real=0.00s
[2019-12-08T12:13:54.798+0000][1][safepoint    ] Leaving safepoint region
[2019-12-08T12:13:54.798+0000][1][safepoint    ] Total time for which application threads were stopped: 0.0013125 seconds, Stopping threads took: 0.0000263 seconds
[2019-12-08T12:14:02.801+0000][1][safepoint    ] Application time: 8.0026616 seconds
[2019-12-08T12:14:02.801+0000][1][safepoint    ] Entering safepoint region: Cleanup
[2019-12-08T12:14:02.801+0000][1][safepoint    ] Leaving safepoint region
[2019-12-08T12:14:02.801+0000][1][safepoint    ] Total time for which application threads were stopped: 0.0000872 seconds, Stopping threads took: 0.0000195 seconds
[2019-12-08T12:14:03.801+0000][1][safepoint    ] Application time: 1.0000871 seconds
[2019-12-08T12:14:03.801+0000][1][safepoint    ] Entering safepoint region: Cleanup
[2019-12-08T12:14:03.801+0000][1][safepoint    ] Leaving safepoint region
[2019-12-08T12:14:03.801+0000][1][safepoint    ] Total time for which application threads were stopped: 0.0000886 seconds, Stopping threads took: 0.0000198 seconds
[2019-12-08T12:14:04.801+0000][1][safepoint    ] Application time: 1.0000847 seconds
[2019-12-08T12:14:04.801+0000][1][safepoint    ] Entering safepoint region: Cleanup
[2019-12-08T12:14:04.801+0000][1][safepoint    ] Leaving safepoint region
[2019-12-08T12:14:04.801+0000][1][safepoint    ] Total time for which application threads were stopped: 0.0001156 seconds, Stopping threads took: 0.0000559 seconds
[2019-12-08T12:14:05.802+0000][1][safepoint    ] Application time: 1.0000954 seconds
[2019-12-08T12:14:05.802+0000][1][safepoint    ] Entering safepoint region: Cleanup
[2019-12-08T12:14:05.802+0000][1][safepoint    ] Leaving safepoint region
[2019-12-08T12:14:05.802+0000][1][safepoint    ] Total time for which application threads were stopped: 0.0000793 seconds, Stopping threads took: 0.0000196 seconds
[2019-12-08T12:14:06.802+0000][1][safepoint    ] Application time: 1.0000841 seconds
[2019-12-08T12:14:06.802+0000][1][safepoint    ] Entering safepoint region: Cleanup
[2019-12-08T12:14:06.802+0000][1][safepoint    ] Leaving safepoint region
[2019-12-08T12:14:06.802+0000][1][safepoint    ] Total time for which application threads were stopped: 0.0000827 seconds, Stopping threads took: 0.0000206 seconds
[2019-12-08T12:14:07.802+0000][1][safepoint    ] Application time: 1.0000886 seconds
[2019-12-08T12:14:07.802+0000][1][safepoint    ] Entering safepoint region: Cleanup
[2019-12-08T12:14:07.802+0000][1][safepoint    ] Leaving safepoint region
[2019-12-08T12:14:07.802+0000][1][safepoint    ] Total time for which application threads were stopped: 0.0000844 seconds, Stopping threads took: 0.0000232 seconds
[2019-12-08T12:14:08.802+0000][1][safepoint    ] Application time: 1.0000836 seconds
[2019-12-08T12:14:08.802+0000][1][safepoint    ] Entering safepoint region: Cleanup
[2019-12-08T12:14:08.802+0000][1][safepoint    ] Leaving safepoint region
[2019-12-08T12:14:08.802+0000][1][safepoint    ] Total time for which application threads were stopped: 0.0000788 seconds, Stopping threads took: 0.0000200 seconds
[2019-12-08T12:14:09.802+0000][1][safepoint    ] Application time: 1.0000907 seconds
[2019-12-08T12:14:09.802+0000][1][safepoint    ] Entering safepoint region: Cleanup
[2019-12-08T12:14:09.802+0000][1][safepoint    ] Leaving safepoint region
[2019-12-08T12:14:09.802+0000][1][safepoint    ] Total time for which application threads were stopped: 0.0000795 seconds, Stopping threads took: 0.0000200 seconds
[2019-12-08T12:14:10.803+0000][1][safepoint    ] Application time: 1.0000877 seconds
[2019-12-08T12:14:10.803+0000][1][safepoint    ] Entering safepoint region: Cleanup
[2019-12-08T12:14:10.803+0000][1][safepoint    ] Leaving safepoint region
[2019-12-08T12:14:10.803+0000][1][safepoint    ] Total time for which application threads were stopped: 0.0000952 seconds, Stopping threads took: 0.0000202 seconds
[2019-12-08T12:14:11.803+0000][1][safepoint    ] Application time: 1.0000830 seconds
[2019-12-08T12:14:11.803+0000][1][safepoint    ] Entering safepoint region: Cleanup
[2019-12-08T12:14:11.803+0000][1][safepoint    ] Leaving safepoint region
[2019-12-08T12:14:11.803+0000][1][safepoint    ] Total time for which application threads were stopped: 0.0000817 seconds, Stopping threads took: 0.0000208 seconds
[2019-12-08T12:14:12.803+0000][1][safepoint    ] Application time: 1.0000885 seconds
[2019-12-08T12:14:12.803+0000][1][safepoint    ] Entering safepoint region: Cleanup
[2019-12-08T12:14:12.803+0000][1][safepoint    ] Leaving safepoint region
[2019-12-08T12:14:12.803+0000][1][safepoint    ] Total time for which application threads were stopped: 0.0000816 seconds, Stopping threads took: 0.0000200 seconds
[2019-12-08T12:14:13.803+0000][1][safepoint    ] Application time: 1.0000861 seconds
[2019-12-08T12:14:13.803+0000][1][safepoint    ] Entering safepoint region: Cleanup
[2019-12-08T12:14:13.803+0000][1][safepoint    ] Leaving safepoint region
[2019-12-08T12:14:13.803+0000][1][safepoint    ] Total time for which application threads were stopped: 0.0000819 seconds, Stopping threads took: 0.0000220 seconds
[2019-12-08T12:14:14.803+0000][1][safepoint    ] Application time: 1.0000887 seconds
[2019-12-08T12:14:14.803+0000][1][safepoint    ] Entering safepoint region: Cleanup
[2019-12-08T12:14:14.804+0000][1][safepoint    ] Leaving safepoint region
[2019-12-08T12:14:14.804+0000][1][safepoint    ] Total time for which application threads were stopped: 0.0000810 seconds, Stopping threads took: 0.0000204 seconds
[2019-12-08T12:14:15.804+0000][1][safepoint    ] Application time: 1.0000823 seconds
[2019-12-08T12:14:15.804+0000][1][safepoint    ] Entering safepoint region: Cleanup
[2019-12-08T12:14:15.804+0000][1][safepoint    ] Leaving safepoint region
[2019-12-08T12:14:15.804+0000][1][safepoint    ] Total time for which application threads were stopped: 0.0000830 seconds, Stopping threads took: 0.0000223 seconds
[2019-12-08T12:14:16.804+0000][1][safepoint    ] Application time: 1.0000771 seconds
[2019-12-08T12:14:16.804+0000][1][safepoint    ] Entering safepoint region: Cleanup
[2019-12-08T12:14:16.804+0000][1][safepoint    ] Leaving safepoint region
[2019-12-08T12:14:16.804+0000][1][safepoint    ] Total time for which application threads were stopped: 0.0000787 seconds, Stopping threads took: 0.0000198 seconds
[2019-12-08T12:14:17.804+0000][1][safepoint    ] Application time: 1.0000800 seconds
[2019-12-08T12:14:17.804+0000][1][safepoint    ] Entering safepoint region: Cleanup
[2019-12-08T12:14:17.804+0000][1][safepoint    ] Leaving safepoint region
[2019-12-08T12:14:17.804+0000][1][safepoint    ] Total time for which application threads were stopped: 0.0000833 seconds, Stopping threads took: 0.0000212 seconds
[2019-12-08T12:14:18.804+0000][1][safepoint    ] Application time: 1.0000770 seconds
[2019-12-08T12:14:18.804+0000][1][safepoint    ] Entering safepoint region: Cleanup
[2019-12-08T12:14:18.804+0000][1][safepoint    ] Leaving safepoint region
[2019-12-08T12:14:18.804+0000][1][safepoint    ] Total time for which application threads were stopped: 0.0000788 seconds, Stopping threads took: 0.0000194 seconds
[2019-12-08T12:14:19.804+0000][1][safepoint    ] Application time: 1.0000839 seconds
[2019-12-08T12:14:19.805+0000][1][safepoint    ] Entering safepoint region: Cleanup
[2019-12-08T12:14:19.805+0000][1][safepoint    ] Leaving safepoint region
[2019-12-08T12:14:19.805+0000][1][safepoint    ] Total time for which application threads were stopped: 0.0000759 seconds, Stopping threads took: 0.0000184 seconds
[2019-12-08T12:14:20.805+0000][1][safepoint    ] Application time: 1.0000772 seconds
[2019-12-08T12:14:20.805+0000][1][safepoint    ] Entering safepoint region: Cleanup
[2019-12-08T12:14:20.805+0000][1][safepoint    ] Leaving safepoint region
[2019-12-08T12:14:20.805+0000][1][safepoint    ] Total time for which application threads were stopped: 0.0000745 seconds, Stopping threads took: 0.0000188 seconds
[2019-12-08T12:14:21.805+0000][1][safepoint    ] Application time: 1.0000778 seconds
[2019-12-08T12:14:21.805+0000][1][safepoint    ] Entering safepoint region: Cleanup
[2019-12-08T12:14:21.805+0000][1][safepoint    ] Leaving safepoint region
[2019-12-08T12:14:21.805+0000][1][safepoint    ] Total time for which application threads were stopped: 0.0000766 seconds, Stopping threads took: 0.0000208 seconds
[2019-12-08T12:14:22.805+0000][1][safepoint    ] Application time: 1.0000792 seconds
[2019-12-08T12:14:22.805+0000][1][safepoint    ] Entering safepoint region: Cleanup
[2019-12-08T12:14:22.805+0000][1][safepoint    ] Leaving safepoint region
[2019-12-08T12:14:22.805+0000][1][safepoint    ] Total time for which application threads were stopped: 0.0000765 seconds, Stopping threads took: 0.0000192 seconds
[2019-12-08T12:14:23.805+0000][1][safepoint    ] Application time: 1.0000758 seconds
[2019-12-08T12:14:23.805+0000][1][safepoint    ] Entering safepoint region: Cleanup
[2019-12-08T12:14:23.805+0000][1][safepoint    ] Leaving safepoint region
[2019-12-08T12:14:23.805+0000][1][safepoint    ] Total time for which application threads were stopped: 0.0000735 seconds, Stopping threads took: 0.0000189 seconds
[2019-12-08T12:14:24.805+0000][1][safepoint    ] Application time: 1.0000781 seconds
[2019-12-08T12:14:24.805+0000][1][safepoint    ] Entering safepoint region: Cleanup
[2019-12-08T12:14:24.806+0000][1][safepoint    ] Leaving safepoint region
[2019-12-08T12:14:24.806+0000][1][safepoint    ] Total time for which application threads were stopped: 0.0000751 seconds, Stopping threads took: 0.0000196 seconds
[2019-12-08T12:14:25.806+0000][1][safepoint    ] Application time: 1.0000841 seconds
[2019-12-08T12:14:25.806+0000][1][safepoint    ] Entering safepoint region: Cleanup
[2019-12-08T12:14:25.806+0000][1][safepoint    ] Leaving safepoint region
[2019-12-08T12:14:25.806+0000][1][safepoint    ] Total time for which application threads were stopped: 0.0000883 seconds, Stopping threads took: 0.0000324 seconds
[2019-12-08T12:14:26.806+0000][1][safepoint    ] Application time: 1.0000768 seconds
[2019-12-08T12:14:26.806+0000][1][safepoint    ] Entering safepoint region: Cleanup
[2019-12-08T12:14:26.806+0000][1][safepoint    ] Leaving safepoint region
[2019-12-08T12:14:26.806+0000][1][safepoint    ] Total time for which application threads were stopped: 0.0000812 seconds, Stopping threads took: 0.0000249 seconds
[2019-12-08T12:14:27.806+0000][1][safepoint    ] Application time: 1.0000801 seconds
[2019-12-08T12:14:27.806+0000][1][safepoint    ] Entering safepoint region: Cleanup
[2019-12-08T12:14:27.806+0000][1][safepoint    ] Leaving safepoint region
[2019-12-08T12:14:27.806+0000][1][safepoint    ] Total time for which application threads were stopped: 0.0000791 seconds, Stopping threads took: 0.0000197 seconds
[2019-12-08T12:14:28.806+0000][1][safepoint    ] Application time: 1.0000763 seconds
[2019-12-08T12:14:28.806+0000][1][safepoint    ] Entering safepoint region: Cleanup
[2019-12-08T12:14:28.806+0000][1][safepoint    ] Leaving safepoint region
[2019-12-08T12:14:28.806+0000][1][safepoint    ] Total time for which application threads were stopped: 0.0000714 seconds, Stopping threads took: 0.0000178 seconds
[2019-12-08T12:14:29.806+0000][1][safepoint    ] Application time: 1.0000401 seconds
[2019-12-08T12:14:29.806+0000][1][safepoint    ] Entering safepoint region: Cleanup
[2019-12-08T12:14:29.806+0000][1][safepoint    ] Leaving safepoint region
[2019-12-08T12:14:29.806+0000][1][safepoint    ] Total time for which application threads were stopped: 0.0000765 seconds, Stopping threads took: 0.0000199 seconds
[2019-12-08T12:14:30.807+0000][1][safepoint    ] Application time: 1.0000769 seconds
[2019-12-08T12:14:30.807+0000][1][safepoint    ] Entering safepoint region: Cleanup
[2019-12-08T12:14:30.807+0000][1][safepoint    ] Leaving safepoint region
[2019-12-08T12:14:30.807+0000][1][safepoint    ] Total time for which application threads were stopped: 0.0000758 seconds, Stopping threads took: 0.0000183 seconds
[2019-12-08T12:14:31.807+0000][1][safepoint    ] Application time: 1.0000858 seconds
[2019-12-08T12:14:31.807+0000][1][safepoint    ] Entering safepoint region: Cleanup
[2019-12-08T12:14:31.807+0000][1][safepoint    ] Leaving safepoint region
[2019-12-08T12:14:31.807+0000][1][safepoint    ] Total time for which application threads were stopped: 0.0000759 seconds, Stopping threads took: 0.0000190 seconds
[2019-12-08T12:14:32.807+0000][1][safepoint    ] Application time: 1.0000842 seconds
[2019-12-08T12:14:32.807+0000][1][safepoint    ] Entering safepoint region: Cleanup
[2019-12-08T12:14:32.807+0000][1][safepoint    ] Leaving safepoint region
[2019-12-08T12:14:32.807+0000][1][safepoint    ] Total time for which application threads were stopped: 0.0000794 seconds, Stopping threads took: 0.0000199 seconds
[2019-12-08T12:14:33.807+0000][1][safepoint    ] Application time: 1.0000925 seconds
[2019-12-08T12:14:33.807+0000][1][safepoint    ] Entering safepoint region: Cleanup
[2019-12-08T12:14:33.807+0000][1][safepoint    ] Leaving safepoint region
[2019-12-08T12:14:33.807+0000][1][safepoint    ] Total time for which application threads were stopped: 0.0000796 seconds, Stopping threads took: 0.0000196 seconds
[2019-12-08T12:14:34.807+0000][1][safepoint    ] Application time: 1.0000799 seconds
[2019-12-08T12:14:34.807+0000][1][safepoint    ] Entering safepoint region: Cleanup
[2019-12-08T12:14:34.807+0000][1][safepoint    ] Leaving safepoint region
[2019-12-08T12:14:34.807+0000][1][safepoint    ] Total time for which application threads were stopped: 0.0000752 seconds, Stopping threads took: 0.0000182 seconds
[2019-12-08T12:14:35.808+0000][1][safepoint    ] Application time: 1.0000767 seconds
[2019-12-08T12:14:35.808+0000][1][safepoint    ] Entering safepoint region: Cleanup
[2019-12-08T12:14:35.808+0000][1][safepoint    ] Leaving safepoint region
[2019-12-08T12:14:35.808+0000][1][safepoint    ] Total time for which application threads were stopped: 0.0000778 seconds, Stopping threads took: 0.0000206 seconds
[2019-12-08T12:14:36.808+0000][1][safepoint    ] Application time: 1.0000960 seconds
[2019-12-08T12:14:36.808+0000][1][safepoint    ] Entering safepoint region: Cleanup
[2019-12-08T12:14:36.808+0000][1][safepoint    ] Leaving safepoint region
[2019-12-08T12:14:36.808+0000][1][safepoint    ] Total time for which application threads were stopped: 0.0000821 seconds, Stopping threads took: 0.0000256 seconds
[2019-12-08T12:14:37.808+0000][1][safepoint    ] Application time: 1.0000968 seconds
[2019-12-08T12:14:37.808+0000][1][safepoint    ] Entering safepoint region: Cleanup
[2019-12-08T12:14:37.808+0000][1][safepoint    ] Leaving safepoint region
[2019-12-08T12:14:37.808+0000][1][safepoint    ] Total time for which application threads were stopped: 0.0000821 seconds, Stopping threads took: 0.0000202 seconds
[2019-12-08T12:14:38.808+0000][1][safepoint    ] Application time: 1.0000796 seconds
[2019-12-08T12:14:38.808+0000][1][safepoint    ] Entering safepoint region: Cleanup
[2019-12-08T12:14:38.808+0000][1][safepoint    ] Leaving safepoint region
[2019-12-08T12:14:38.808+0000][1][safepoint    ] Total time for which application threads were stopped: 0.0000763 seconds, Stopping threads took: 0.0000194 seconds
[2019-12-08T12:14:39.808+0000][1][safepoint    ] Application time: 1.0000785 seconds
[2019-12-08T12:14:39.808+0000][1][safepoint    ] Entering safepoint region: Cleanup
[2019-12-08T12:14:39.808+0000][1][safepoint    ] Leaving safepoint region
[2019-12-08T12:14:39.808+0000][1][safepoint    ] Total time for which application threads were stopped: 0.0000750 seconds, Stopping threads took: 0.0000189 seconds
[2019-12-08T12:14:40.809+0000][1][safepoint    ] Application time: 1.0000767 seconds
[2019-12-08T12:14:40.809+0000][1][safepoint    ] Entering safepoint region: Cleanup
[2019-12-08T12:14:40.809+0000][1][safepoint    ] Leaving safepoint region
[2019-12-08T12:14:40.809+0000][1][safepoint    ] Total time for which application threads were stopped: 0.0000772 seconds, Stopping threads took: 0.0000194 seconds
[2019-12-08T12:14:41.809+0000][1][safepoint    ] Application time: 1.0000859 seconds
[2019-12-08T12:14:41.809+0000][1][safepoint    ] Entering safepoint region: Cleanup
[2019-12-08T12:14:41.809+0000][1][safepoint    ] Leaving safepoint region
[2019-12-08T12:14:41.809+0000][1][safepoint    ] Total time for which application threads were stopped: 0.0000763 seconds, Stopping threads took: 0.0000185 seconds
[2019-12-08T12:14:42.809+0000][1][safepoint    ] Application time: 1.0000775 seconds
[2019-12-08T12:14:42.809+0000][1][safepoint    ] Entering safepoint region: Cleanup
[2019-12-08T12:14:42.809+0000][1][safepoint    ] Leaving safepoint region
[2019-12-08T12:14:42.809+0000][1][safepoint    ] Total time for which application threads were stopped: 0.0000765 seconds, Stopping threads took: 0.0000199 seconds
[2019-12-08T12:14:43.809+0000][1][safepoint    ] Application time: 1.0000808 seconds
[2019-12-08T12:14:43.809+0000][1][safepoint    ] Entering safepoint region: Cleanup
[2019-12-08T12:14:43.809+0000][1][safepoint    ] Leaving safepoint region
[2019-12-08T12:14:43.809+0000][1][safepoint    ] Total time for which application threads were stopped: 0.0000765 seconds, Stopping threads took: 0.0000191 seconds
[2019-12-08T12:14:44.809+0000][1][safepoint    ] Application time: 1.0000789 seconds
[2019-12-08T12:14:44.809+0000][1][safepoint    ] Entering safepoint region: Cleanup
[2019-12-08T12:14:44.809+0000][1][safepoint    ] Leaving safepoint region
[2019-12-08T12:14:44.809+0000][1][safepoint    ] Total time for which application threads were stopped: 0.0000756 seconds, Stopping threads took: 0.0000190 seconds
[2019-12-08T12:14:45.810+0000][1][safepoint    ] Application time: 1.0000818 seconds
[2019-12-08T12:14:45.810+0000][1][safepoint    ] Entering safepoint region: Cleanup
[2019-12-08T12:14:45.810+0000][1][safepoint    ] Leaving safepoint region
[2019-12-08T12:14:45.810+0000][1][safepoint    ] Total time for which application threads were stopped: 0.0000800 seconds, Stopping threads took: 0.0000207 seconds
[2019-12-08T12:14:46.810+0000][1][safepoint    ] Application time: 1.0000773 seconds
[2019-12-08T12:14:46.810+0000][1][safepoint    ] Entering safepoint region: Cleanup
[2019-12-08T12:14:46.810+0000][1][safepoint    ] Leaving safepoint region
[2019-12-08T12:14:46.810+0000][1][safepoint    ] Total time for which application threads were stopped: 0.0000814 seconds, Stopping threads took: 0.0000248 seconds
[2019-12-08T12:14:47.810+0000][1][safepoint    ] Application time: 1.0000775 seconds
[2019-12-08T12:14:47.810+0000][1][safepoint    ] Entering safepoint region: Cleanup
[2019-12-08T12:14:47.810+0000][1][safepoint    ] Leaving safepoint region
[2019-12-08T12:14:47.810+0000][1][safepoint    ] Total time for which application threads were stopped: 0.0000755 seconds, Stopping threads took: 0.0000190 seconds
[2019-12-08T12:14:48.810+0000][1][safepoint    ] Application time: 1.0000779 seconds
[2019-12-08T12:14:48.810+0000][1][safepoint    ] Entering safepoint region: Cleanup
[2019-12-08T12:14:48.810+0000][1][safepoint    ] Leaving safepoint region
[2019-12-08T12:14:48.810+0000][1][safepoint    ] Total time for which application threads were stopped: 0.0000781 seconds, Stopping threads took: 0.0000204 seconds
[2019-12-08T12:14:49.810+0000][1][safepoint    ] Application time: 1.0000761 seconds
[2019-12-08T12:14:49.810+0000][1][safepoint    ] Entering safepoint region: Cleanup
[2019-12-08T12:14:49.810+0000][1][safepoint    ] Leaving safepoint region
[2019-12-08T12:14:49.810+0000][1][safepoint    ] Total time for which application threads were stopped: 0.0000765 seconds, Stopping threads took: 0.0000200 seconds
[2019-12-08T12:14:50.810+0000][1][safepoint    ] Application time: 1.0000785 seconds
[2019-12-08T12:14:50.811+0000][1][safepoint    ] Entering safepoint region: Cleanup
[2019-12-08T12:14:50.811+0000][1][safepoint    ] Leaving safepoint region
[2019-12-08T12:14:50.811+0000][1][safepoint    ] Total time for which application threads were stopped: 0.0000735 seconds, Stopping threads took: 0.0000174 seconds
[2019-12-08T12:14:51.811+0000][1][safepoint    ] Application time: 1.0000780 seconds
[2019-12-08T12:14:51.811+0000][1][safepoint    ] Entering safepoint region: Cleanup
[2019-12-08T12:14:51.811+0000][1][safepoint    ] Leaving safepoint region
[2019-12-08T12:14:51.811+0000][1][safepoint    ] Total time for which application threads were stopped: 0.0000786 seconds, Stopping threads took: 0.0000237 seconds
[2019-12-08T12:14:52.811+0000][1][safepoint    ] Application time: 1.0000739 seconds
[2019-12-08T12:14:52.811+0000][1][safepoint    ] Entering safepoint region: Cleanup
[2019-12-08T12:14:52.811+0000][1][safepoint    ] Leaving safepoint region
[2019-12-08T12:14:52.811+0000][1][safepoint    ] Total time for which application threads were stopped: 0.0000997 seconds, Stopping threads took: 0.0000192 seconds
[2019-12-08T12:14:53.811+0000][1][safepoint    ] Application time: 1.0000777 seconds
[2019-12-08T12:14:53.811+0000][1][safepoint    ] Entering safepoint region: Cleanup
[2019-12-08T12:14:53.811+0000][1][safepoint    ] Leaving safepoint region
[2019-12-08T12:14:53.811+0000][1][safepoint    ] Total time for which application threads were stopped: 0.0000758 seconds, Stopping threads took: 0.0000177 seconds
[2019-12-08T12:14:54.811+0000][1][safepoint    ] Application time: 1.0000771 seconds
[2019-12-08T12:14:54.811+0000][1][safepoint    ] Entering safepoint region: Cleanup
[2019-12-08T12:14:54.811+0000][1][safepoint    ] Leaving safepoint region
[2019-12-08T12:14:54.811+0000][1][safepoint    ] Total time for which application threads were stopped: 0.0000766 seconds, Stopping threads took: 0.0000198 seconds
[2019-12-08T12:14:55.811+0000][1][safepoint    ] Application time: 1.0000794 seconds
[2019-12-08T12:14:55.812+0000][1][safepoint    ] Entering safepoint region: Cleanup
[2019-12-08T12:14:55.812+0000][1][safepoint    ] Leaving safepoint region
[2019-12-08T12:14:55.812+0000][1][safepoint    ] Total time for which application threads were stopped: 0.0000775 seconds, Stopping threads took: 0.0000196 seconds
[2019-12-08T12:14:56.812+0000][1][safepoint    ] Application time: 1.0000796 seconds
[2019-12-08T12:14:56.812+0000][1][safepoint    ] Entering safepoint region: Cleanup
[2019-12-08T12:14:56.812+0000][1][safepoint    ] Leaving safepoint region
[2019-12-08T12:14:56.812+0000][1][safepoint    ] Total time for which application threads were stopped: 0.0000795 seconds, Stopping threads took: 0.0000211 seconds
[2019-12-08T12:14:57.812+0000][1][safepoint    ] Application time: 1.0000745 seconds
[2019-12-08T12:14:57.812+0000][1][safepoint    ] Entering safepoint region: Cleanup
[2019-12-08T12:14:57.812+0000][1][safepoint    ] Leaving safepoint region
[2019-12-08T12:14:57.812+0000][1][safepoint    ] Total time for which application threads were stopped: 0.0000775 seconds, Stopping threads took: 0.0000195 seconds
[2019-12-08T12:14:58.812+0000][1][safepoint    ] Application time: 1.0000753 seconds
[2019-12-08T12:14:58.812+0000][1][safepoint    ] Entering safepoint region: Cleanup
[2019-12-08T12:14:58.812+0000][1][safepoint    ] Leaving safepoint region
[2019-12-08T12:14:58.812+0000][1][safepoint    ] Total time for which application threads were stopped: 0.0000896 seconds, Stopping threads took: 0.0000195 seconds
[2019-12-08T12:14:59.812+0000][1][safepoint    ] Application time: 1.0000723 seconds
[2019-12-08T12:14:59.812+0000][1][safepoint    ] Entering safepoint region: Cleanup
[2019-12-08T12:14:59.812+0000][1][safepoint    ] Leaving safepoint region
[2019-12-08T12:14:59.812+0000][1][safepoint    ] Total time for which application threads were stopped: 0.0000745 seconds, Stopping threads took: 0.0000202 seconds
[2019-12-08T12:15:00.812+0000][1][safepoint    ] Application time: 1.0000732 seconds
[2019-12-08T12:15:00.812+0000][1][safepoint    ] Entering safepoint region: Cleanup
[2019-12-08T12:15:00.813+0000][1][safepoint    ] Leaving safepoint region
[2019-12-08T12:15:00.813+0000][1][safepoint    ] Total time for which application threads were stopped: 0.0000772 seconds, Stopping threads took: 0.0000211 seconds
[2019-12-08T12:15:01.813+0000][1][safepoint    ] Application time: 1.0000846 seconds
[2019-12-08T12:15:01.813+0000][1][safepoint    ] Entering safepoint region: Cleanup
[2019-12-08T12:15:01.813+0000][1][safepoint    ] Leaving safepoint region
[2019-12-08T12:15:01.813+0000][1][safepoint    ] Total time for which application threads were stopped: 0.0001275 seconds, Stopping threads took: 0.0000464 seconds
[2019-12-08T12:15:02.813+0000][1][safepoint    ] Application time: 1.0000812 seconds
[2019-12-08T12:15:02.813+0000][1][safepoint    ] Entering safepoint region: Cleanup
[2019-12-08T12:15:02.813+0000][1][safepoint    ] Leaving safepoint region
[2019-12-08T12:15:02.813+0000][1][safepoint    ] Total time for which application threads were stopped: 0.0000985 seconds, Stopping threads took: 0.0000281 seconds
[2019-12-08T12:15:03.813+0000][1][safepoint    ] Application time: 1.0000818 seconds
[2019-12-08T12:15:03.813+0000][1][safepoint    ] Entering safepoint region: Cleanup
[2019-12-08T12:15:03.813+0000][1][safepoint    ] Leaving safepoint region
[2019-12-08T12:15:03.813+0000][1][safepoint    ] Total time for which application threads were stopped: 0.0000776 seconds, Stopping threads took: 0.0000199 seconds
[2019-12-08T12:15:04.813+0000][1][safepoint    ] Application time: 1.0000811 seconds
[2019-12-08T12:15:04.813+0000][1][safepoint    ] Entering safepoint region: Cleanup
[2019-12-08T12:15:04.813+0000][1][safepoint    ] Leaving safepoint region
[2019-12-08T12:15:04.813+0000][1][safepoint    ] Total time for which application threads were stopped: 0.0000752 seconds, Stopping threads took: 0.0000183 seconds
[2019-12-08T12:15:05.813+0000][1][safepoint    ] Application time: 1.0000775 seconds
[2019-12-08T12:15:05.814+0000][1][safepoint    ] Entering safepoint region: Cleanup
[2019-12-08T12:15:05.814+0000][1][safepoint    ] Leaving safepoint region
[2019-12-08T12:15:05.814+0000][1][safepoint    ] Total time for which application threads were stopped: 0.0000767 seconds, Stopping threads took: 0.0000207 seconds
[2019-12-08T12:15:06.814+0000][1][safepoint    ] Application time: 1.0000892 seconds
[2019-12-08T12:15:06.814+0000][1][safepoint    ] Entering safepoint region: Cleanup
[2019-12-08T12:15:06.814+0000][1][safepoint    ] Leaving safepoint region
[2019-12-08T12:15:06.814+0000][1][safepoint    ] Total time for which application threads were stopped: 0.0000744 seconds, Stopping threads took: 0.0000192 seconds
[2019-12-08T12:15:06.836+0000][1][safepoint    ] Application time: 0.0217204 seconds
[2019-12-08T12:15:06.836+0000][1][safepoint    ] Entering safepoint region: GenCollectForAllocation
[2019-12-08T12:15:06.836+0000][1][gc,start     ] GC(57) Pause Young (Allocation Failure)
[2019-12-08T12:15:06.836+0000][1][gc,task      ] GC(57) Using 4 workers of 4 for evacuation
[2019-12-08T12:15:06.837+0000][1][gc,age       ] GC(57) Desired survivor size 4456448 bytes, new threshold 6 (max threshold 6)
[2019-12-08T12:15:06.837+0000][1][gc,age       ] GC(57) Age table with threshold 6 (max threshold 6)
[2019-12-08T12:15:06.837+0000][1][gc,age       ] GC(57) - age   1:       5072 bytes,       5072 total
[2019-12-08T12:15:06.837+0000][1][gc,age       ] GC(57) - age   2:        288 bytes,       5360 total
[2019-12-08T12:15:06.837+0000][1][gc,heap      ] GC(57) ParNew: 69953K->10K(78656K)
[2019-12-08T12:15:06.837+0000][1][gc,heap      ] GC(57) CMS: 70907K->70907K(174784K)
[2019-12-08T12:15:06.837+0000][1][gc,metaspace ] GC(57) Metaspace: 69805K->69805K(1114112K)
[2019-12-08T12:15:06.837+0000][1][gc           ] GC(57) Pause Young (Allocation Failure) 137M->69M(247M) 1.012ms
[2019-12-08T12:15:06.837+0000][1][gc,cpu       ] GC(57) User=0.00s Sys=0.00s Real=0.00s
[2019-12-08T12:15:06.837+0000][1][safepoint    ] Leaving safepoint region
[2019-12-08T12:15:06.837+0000][1][safepoint    ] Total time for which application threads were stopped: 0.0011720 seconds, Stopping threads took: 0.0000183 seconds
[2019-12-08T12:15:07.837+0000][1][safepoint    ] Application time: 1.0000925 seconds
[2019-12-08T12:15:07.837+0000][1][safepoint    ] Entering safepoint region: Cleanup
[2019-12-08T12:15:07.837+0000][1][safepoint    ] Leaving safepoint region
[2019-12-08T12:15:07.837+0000][1][safepoint    ] Total time for which application threads were stopped: 0.0000731 seconds, Stopping threads took: 0.0000185 seconds
[2019-12-08T12:15:08.837+0000][1][safepoint    ] Application time: 1.0000817 seconds
[2019-12-08T12:15:08.837+0000][1][safepoint    ] Entering safepoint region: Cleanup
[2019-12-08T12:15:08.837+0000][1][safepoint    ] Leaving safepoint region
[2019-12-08T12:15:08.837+0000][1][safepoint    ] Total time for which application threads were stopped: 0.0000742 seconds, Stopping threads took: 0.0000180 seconds
[2019-12-08T12:15:09.837+0000][1][safepoint    ] Application time: 1.0000825 seconds
[2019-12-08T12:15:09.837+0000][1][safepoint    ] Entering safepoint region: Cleanup
[2019-12-08T12:15:09.837+0000][1][safepoint    ] Leaving safepoint region
[2019-12-08T12:15:09.837+0000][1][safepoint    ] Total time for which application threads were stopped: 0.0000776 seconds, Stopping threads took: 0.0000199 seconds
[2019-12-08T12:15:10.837+0000][1][safepoint    ] Application time: 1.0000934 seconds
[2019-12-08T12:15:10.837+0000][1][safepoint    ] Entering safepoint region: Cleanup
[2019-12-08T12:15:10.838+0000][1][safepoint    ] Leaving safepoint region
[2019-12-08T12:15:10.838+0000][1][safepoint    ] Total time for which application threads were stopped: 0.0000772 seconds, Stopping threads took: 0.0000188 seconds
[2019-12-08T12:15:11.838+0000][1][safepoint    ] Application time: 1.0000808 seconds
[2019-12-08T12:15:11.838+0000][1][safepoint    ] Entering safepoint region: Cleanup
[2019-12-08T12:15:11.838+0000][1][safepoint    ] Leaving safepoint region
[2019-12-08T12:15:11.838+0000][1][safepoint    ] Total time for which application threads were stopped: 0.0001051 seconds, Stopping threads took: 0.0000207 seconds
[2019-12-08T12:15:12.838+0000][1][safepoint    ] Application time: 1.0000915 seconds
[2019-12-08T12:15:12.838+0000][1][safepoint    ] Entering safepoint region: Cleanup
[2019-12-08T12:15:12.838+0000][1][safepoint    ] Leaving safepoint region
[2019-12-08T12:15:12.838+0000][1][safepoint    ] Total time for which application threads were stopped: 0.0000882 seconds, Stopping threads took: 0.0000284 seconds
[2019-12-08T12:15:13.838+0000][1][safepoint    ] Application time: 1.0000866 seconds
[2019-12-08T12:15:13.838+0000][1][safepoint    ] Entering safepoint region: Cleanup
[2019-12-08T12:15:13.838+0000][1][safepoint    ] Leaving safepoint region
[2019-12-08T12:15:13.838+0000][1][safepoint    ] Total time for which application threads were stopped: 0.0000780 seconds, Stopping threads took: 0.0000199 seconds
[2019-12-08T12:15:14.838+0000][1][safepoint    ] Application time: 1.0000844 seconds
[2019-12-08T12:15:14.838+0000][1][safepoint    ] Entering safepoint region: Cleanup
[2019-12-08T12:15:14.838+0000][1][safepoint    ] Leaving safepoint region
[2019-12-08T12:15:14.838+0000][1][safepoint    ] Total time for which application threads were stopped: 0.0000799 seconds, Stopping threads took: 0.0000199 seconds
[2019-12-08T12:15:15.838+0000][1][safepoint    ] Application time: 1.0000884 seconds
[2019-12-08T12:15:15.838+0000][1][safepoint    ] Entering safepoint region: Cleanup
[2019-12-08T12:15:15.839+0000][1][safepoint    ] Leaving safepoint region
[2019-12-08T12:15:15.839+0000][1][safepoint    ] Total time for which application threads were stopped: 0.0000783 seconds, Stopping threads took: 0.0000189 seconds
[2019-12-08T12:15:16.839+0000][1][safepoint    ] Application time: 1.0000895 seconds
[2019-12-08T12:15:16.839+0000][1][safepoint    ] Entering safepoint region: Cleanup
[2019-12-08T12:15:16.839+0000][1][safepoint    ] Leaving safepoint region
[2019-12-08T12:15:16.839+0000][1][safepoint    ] Total time for which application threads were stopped: 0.0000938 seconds, Stopping threads took: 0.0000361 seconds
[2019-12-08T12:15:17.839+0000][1][safepoint    ] Application time: 1.0000926 seconds
[2019-12-08T12:15:17.839+0000][1][safepoint    ] Entering safepoint region: Cleanup
[2019-12-08T12:15:17.839+0000][1][safepoint    ] Leaving safepoint region
[2019-12-08T12:15:17.839+0000][1][safepoint    ] Total time for which application threads were stopped: 0.0000776 seconds, Stopping threads took: 0.0000200 seconds
[2019-12-08T12:15:18.839+0000][1][safepoint    ] Application time: 1.0000844 seconds
[2019-12-08T12:15:18.839+0000][1][safepoint    ] Entering safepoint region: Cleanup
[2019-12-08T12:15:18.839+0000][1][safepoint    ] Leaving safepoint region
[2019-12-08T12:15:18.839+0000][1][safepoint    ] Total time for which application threads were stopped: 0.0000812 seconds, Stopping threads took: 0.0000205 seconds
[2019-12-08T12:15:19.839+0000][1][safepoint    ] Application time: 1.0000808 seconds
[2019-12-08T12:15:19.839+0000][1][safepoint    ] Entering safepoint region: Cleanup
[2019-12-08T12:15:19.839+0000][1][safepoint    ] Leaving safepoint region
[2019-12-08T12:15:19.839+0000][1][safepoint    ] Total time for which application threads were stopped: 0.0000777 seconds, Stopping threads took: 0.0000199 seconds
[2019-12-08T12:15:20.839+0000][1][safepoint    ] Application time: 1.0000933 seconds
[2019-12-08T12:15:20.840+0000][1][safepoint    ] Entering safepoint region: Cleanup
[2019-12-08T12:15:20.840+0000][1][safepoint    ] Leaving safepoint region
[2019-12-08T12:15:20.840+0000][1][safepoint    ] Total time for which application threads were stopped: 0.0000791 seconds, Stopping threads took: 0.0000201 seconds
[2019-12-08T12:15:21.840+0000][1][safepoint    ] Application time: 1.0000793 seconds
[2019-12-08T12:15:21.840+0000][1][safepoint    ] Entering safepoint region: Cleanup
[2019-12-08T12:15:21.840+0000][1][safepoint    ] Leaving safepoint region
[2019-12-08T12:15:21.840+0000][1][safepoint    ] Total time for which application threads were stopped: 0.0000763 seconds, Stopping threads took: 0.0000196 seconds
[2019-12-08T12:15:22.840+0000][1][safepoint    ] Application time: 1.0000871 seconds
[2019-12-08T12:15:22.840+0000][1][safepoint    ] Entering safepoint region: Cleanup
[2019-12-08T12:15:22.840+0000][1][safepoint    ] Leaving safepoint region
[2019-12-08T12:15:22.840+0000][1][safepoint    ] Total time for which application threads were stopped: 0.0000769 seconds, Stopping threads took: 0.0000180 seconds
[2019-12-08T12:15:23.840+0000][1][safepoint    ] Application time: 1.0000883 seconds
[2019-12-08T12:15:23.840+0000][1][safepoint    ] Entering safepoint region: Cleanup
[2019-12-08T12:15:23.840+0000][1][safepoint    ] Leaving safepoint region
[2019-12-08T12:15:23.840+0000][1][safepoint    ] Total time for which application threads were stopped: 0.0000802 seconds, Stopping threads took: 0.0000206 seconds
[2019-12-08T12:15:24.840+0000][1][safepoint    ] Application time: 1.0000865 seconds
[2019-12-08T12:15:24.840+0000][1][safepoint    ] Entering safepoint region: Cleanup
[2019-12-08T12:15:24.840+0000][1][safepoint    ] Leaving safepoint region
[2019-12-08T12:15:24.840+0000][1][safepoint    ] Total time for which application threads were stopped: 0.0000781 seconds, Stopping threads took: 0.0000188 seconds
[2019-12-08T12:15:25.840+0000][1][safepoint    ] Application time: 1.0000843 seconds
[2019-12-08T12:15:25.841+0000][1][safepoint    ] Entering safepoint region: Cleanup
[2019-12-08T12:15:25.841+0000][1][safepoint    ] Leaving safepoint region
[2019-12-08T12:15:25.841+0000][1][safepoint    ] Total time for which application threads were stopped: 0.0000790 seconds, Stopping threads took: 0.0000197 seconds
[2019-12-08T12:15:26.841+0000][1][safepoint    ] Application time: 1.0000784 seconds
[2019-12-08T12:15:26.841+0000][1][safepoint    ] Entering safepoint region: Cleanup
[2019-12-08T12:15:26.841+0000][1][safepoint    ] Leaving safepoint region
[2019-12-08T12:15:26.841+0000][1][safepoint    ] Total time for which application threads were stopped: 0.0000778 seconds, Stopping threads took: 0.0000189 seconds
[2019-12-08T12:15:27.841+0000][1][safepoint    ] Application time: 1.0000815 seconds
[2019-12-08T12:15:27.841+0000][1][safepoint    ] Entering safepoint region: Cleanup
[2019-12-08T12:15:27.841+0000][1][safepoint    ] Leaving safepoint region
[2019-12-08T12:15:27.841+0000][1][safepoint    ] Total time for which application threads were stopped: 0.0001054 seconds, Stopping threads took: 0.0000208 seconds
[2019-12-08T12:15:29.216+0000][1][safepoint    ] Application time: 1.3750807 seconds
[2019-12-08T12:15:29.216+0000][1][safepoint    ] Entering safepoint region: Cleanup
[2019-12-08T12:15:29.216+0000][1][safepoint    ] Leaving safepoint region
[2019-12-08T12:15:29.216+0000][1][safepoint    ] Total time for which application threads were stopped: 0.0000833 seconds, Stopping threads took: 0.0000183 seconds
[2019-12-08T12:15:30.216+0000][1][safepoint    ] Application time: 1.0000821 seconds
[2019-12-08T12:15:30.216+0000][1][safepoint    ] Entering safepoint region: Cleanup
[2019-12-08T12:15:30.216+0000][1][safepoint    ] Leaving safepoint region
[2019-12-08T12:15:30.216+0000][1][safepoint    ] Total time for which application threads were stopped: 0.0000749 seconds, Stopping threads took: 0.0000173 seconds
[2019-12-08T12:15:31.217+0000][1][safepoint    ] Application time: 1.0000777 seconds
[2019-12-08T12:15:31.217+0000][1][safepoint    ] Entering safepoint region: Cleanup
[2019-12-08T12:15:31.217+0000][1][safepoint    ] Leaving safepoint region
[2019-12-08T12:15:31.217+0000][1][safepoint    ] Total time for which application threads were stopped: 0.0000768 seconds, Stopping threads took: 0.0000192 seconds
[2019-12-08T12:15:32.217+0000][1][safepoint    ] Application time: 1.0000889 seconds
[2019-12-08T12:15:32.217+0000][1][safepoint    ] Entering safepoint region: Cleanup
[2019-12-08T12:15:32.217+0000][1][safepoint    ] Leaving safepoint region
[2019-12-08T12:15:32.217+0000][1][safepoint    ] Total time for which application threads were stopped: 0.0000754 seconds, Stopping threads took: 0.0000178 seconds
[2019-12-08T12:15:33.217+0000][1][safepoint    ] Application time: 1.0000771 seconds
[2019-12-08T12:15:33.217+0000][1][safepoint    ] Entering safepoint region: Cleanup
[2019-12-08T12:15:33.217+0000][1][safepoint    ] Leaving safepoint region
[2019-12-08T12:15:33.217+0000][1][safepoint    ] Total time for which application threads were stopped: 0.0000778 seconds, Stopping threads took: 0.0000192 seconds
[2019-12-08T12:15:34.217+0000][1][safepoint    ] Application time: 1.0000770 seconds
[2019-12-08T12:15:34.217+0000][1][safepoint    ] Entering safepoint region: Cleanup
[2019-12-08T12:15:34.217+0000][1][safepoint    ] Leaving safepoint region
[2019-12-08T12:15:34.217+0000][1][safepoint    ] Total time for which application threads were stopped: 0.0000747 seconds, Stopping threads took: 0.0000176 seconds
[2019-12-08T12:15:35.217+0000][1][safepoint    ] Application time: 1.0000777 seconds
[2019-12-08T12:15:35.217+0000][1][safepoint    ] Entering safepoint region: Cleanup
[2019-12-08T12:15:35.217+0000][1][safepoint    ] Leaving safepoint region
[2019-12-08T12:15:35.217+0000][1][safepoint    ] Total time for which application threads were stopped: 0.0000764 seconds, Stopping threads took: 0.0000205 seconds
[2019-12-08T12:15:36.218+0000][1][safepoint    ] Application time: 1.0000782 seconds
[2019-12-08T12:15:36.218+0000][1][safepoint    ] Entering safepoint region: Cleanup
[2019-12-08T12:15:36.218+0000][1][safepoint    ] Leaving safepoint region
[2019-12-08T12:15:36.218+0000][1][safepoint    ] Total time for which application threads were stopped: 0.0000786 seconds, Stopping threads took: 0.0000193 seconds
[2019-12-08T12:15:37.218+0000][1][safepoint    ] Application time: 1.0000792 seconds
[2019-12-08T12:15:37.218+0000][1][safepoint    ] Entering safepoint region: Cleanup
[2019-12-08T12:15:37.218+0000][1][safepoint    ] Leaving safepoint region
[2019-12-08T12:15:37.218+0000][1][safepoint    ] Total time for which application threads were stopped: 0.0000767 seconds, Stopping threads took: 0.0000194 seconds
[2019-12-08T12:15:38.218+0000][1][safepoint    ] Application time: 1.0000772 seconds
[2019-12-08T12:15:38.218+0000][1][safepoint    ] Entering safepoint region: Cleanup
[2019-12-08T12:15:38.218+0000][1][safepoint    ] Leaving safepoint region
[2019-12-08T12:15:38.218+0000][1][safepoint    ] Total time for which application threads were stopped: 0.0000759 seconds, Stopping threads took: 0.0000181 seconds
[2019-12-08T12:15:39.218+0000][1][safepoint    ] Application time: 1.0000838 seconds
[2019-12-08T12:15:39.218+0000][1][safepoint    ] Entering safepoint region: Cleanup
[2019-12-08T12:15:39.218+0000][1][safepoint    ] Leaving safepoint region
[2019-12-08T12:15:39.218+0000][1][safepoint    ] Total time for which application threads were stopped: 0.0000772 seconds, Stopping threads took: 0.0000185 seconds
[2019-12-08T12:15:40.218+0000][1][safepoint    ] Application time: 1.0000796 seconds
[2019-12-08T12:15:40.218+0000][1][safepoint    ] Entering safepoint region: Cleanup
[2019-12-08T12:15:40.218+0000][1][safepoint    ] Leaving safepoint region
[2019-12-08T12:15:40.218+0000][1][safepoint    ] Total time for which application threads were stopped: 0.0000769 seconds, Stopping threads took: 0.0000202 seconds
[2019-12-08T12:15:41.219+0000][1][safepoint    ] Application time: 1.0000782 seconds
[2019-12-08T12:15:41.219+0000][1][safepoint    ] Entering safepoint region: Cleanup
[2019-12-08T12:15:41.219+0000][1][safepoint    ] Leaving safepoint region
[2019-12-08T12:15:41.219+0000][1][safepoint    ] Total time for which application threads were stopped: 0.0000741 seconds, Stopping threads took: 0.0000185 seconds
[2019-12-08T12:15:42.219+0000][1][safepoint    ] Application time: 1.0000847 seconds
[2019-12-08T12:15:42.219+0000][1][safepoint    ] Entering safepoint region: Cleanup
[2019-12-08T12:15:42.219+0000][1][safepoint    ] Leaving safepoint region
[2019-12-08T12:15:42.219+0000][1][safepoint    ] Total time for which application threads were stopped: 0.0000737 seconds, Stopping threads took: 0.0000168 seconds
[2019-12-08T12:15:43.219+0000][1][safepoint    ] Application time: 1.0000756 seconds
[2019-12-08T12:15:43.219+0000][1][safepoint    ] Entering safepoint region: Cleanup
[2019-12-08T12:15:43.219+0000][1][safepoint    ] Leaving safepoint region
[2019-12-08T12:15:43.219+0000][1][safepoint    ] Total time for which application threads were stopped: 0.0000805 seconds, Stopping threads took: 0.0000178 seconds
[2019-12-08T12:15:44.219+0000][1][safepoint    ] Application time: 1.0000766 seconds
[2019-12-08T12:15:44.219+0000][1][safepoint    ] Entering safepoint region: Cleanup
[2019-12-08T12:15:44.219+0000][1][safepoint    ] Leaving safepoint region
[2019-12-08T12:15:44.219+0000][1][safepoint    ] Total time for which application threads were stopped: 0.0000745 seconds, Stopping threads took: 0.0000173 seconds
[2019-12-08T12:15:45.219+0000][1][safepoint    ] Application time: 1.0000767 seconds
[2019-12-08T12:15:45.219+0000][1][safepoint    ] Entering safepoint region: Cleanup
[2019-12-08T12:15:45.219+0000][1][safepoint    ] Leaving safepoint region
[2019-12-08T12:15:45.219+0000][1][safepoint    ] Total time for which application threads were stopped: 0.0000751 seconds, Stopping threads took: 0.0000197 seconds
[2019-12-08T12:15:46.219+0000][1][safepoint    ] Application time: 1.0000772 seconds
[2019-12-08T12:15:46.220+0000][1][safepoint    ] Entering safepoint region: Cleanup
[2019-12-08T12:15:46.220+0000][1][safepoint    ] Leaving safepoint region
[2019-12-08T12:15:46.220+0000][1][safepoint    ] Total time for which application threads were stopped: 0.0000739 seconds, Stopping threads took: 0.0000164 seconds
[2019-12-08T12:15:47.220+0000][1][safepoint    ] Application time: 1.0000881 seconds
[2019-12-08T12:15:47.220+0000][1][safepoint    ] Entering safepoint region: Cleanup
[2019-12-08T12:15:47.220+0000][1][safepoint    ] Leaving safepoint region
[2019-12-08T12:15:47.220+0000][1][safepoint    ] Total time for which application threads were stopped: 0.0000759 seconds, Stopping threads took: 0.0000180 seconds
[2019-12-08T12:15:48.220+0000][1][safepoint    ] Application time: 1.0000782 seconds
[2019-12-08T12:15:48.220+0000][1][safepoint    ] Entering safepoint region: Cleanup
[2019-12-08T12:15:48.220+0000][1][safepoint    ] Leaving safepoint region
[2019-12-08T12:15:48.220+0000][1][safepoint    ] Total time for which application threads were stopped: 0.0000764 seconds, Stopping threads took: 0.0000178 seconds
[2019-12-08T12:15:49.220+0000][1][safepoint    ] Application time: 1.0000780 seconds
[2019-12-08T12:15:49.220+0000][1][safepoint    ] Entering safepoint region: Cleanup
[2019-12-08T12:15:49.220+0000][1][safepoint    ] Leaving safepoint region
[2019-12-08T12:15:49.220+0000][1][safepoint    ] Total time for which application threads were stopped: 0.0000775 seconds, Stopping threads took: 0.0000189 seconds
[2019-12-08T12:15:50.220+0000][1][safepoint    ] Application time: 1.0000792 seconds
[2019-12-08T12:15:50.220+0000][1][safepoint    ] Entering safepoint region: Cleanup
[2019-12-08T12:15:50.220+0000][1][safepoint    ] Leaving safepoint region
[2019-12-08T12:15:50.220+0000][1][safepoint    ] Total time for which application threads were stopped: 0.0000788 seconds, Stopping threads took: 0.0000188 seconds
[2019-12-08T12:15:51.221+0000][1][safepoint    ] Application time: 1.0000842 seconds
[2019-12-08T12:15:51.221+0000][1][safepoint    ] Entering safepoint region: Cleanup
[2019-12-08T12:15:51.221+0000][1][safepoint    ] Leaving safepoint region
[2019-12-08T12:15:51.221+0000][1][safepoint    ] Total time for which application threads were stopped: 0.0000777 seconds, Stopping threads took: 0.0000206 seconds
[2019-12-08T12:15:52.221+0000][1][safepoint    ] Application time: 1.0000769 seconds
[2019-12-08T12:15:52.221+0000][1][safepoint    ] Entering safepoint region: Cleanup
[2019-12-08T12:15:52.221+0000][1][safepoint    ] Leaving safepoint region
[2019-12-08T12:15:52.221+0000][1][safepoint    ] Total time for which application threads were stopped: 0.0000770 seconds, Stopping threads took: 0.0000181 seconds
[2019-12-08T12:15:53.221+0000][1][safepoint    ] Application time: 1.0000759 seconds
[2019-12-08T12:15:53.221+0000][1][safepoint    ] Entering safepoint region: Cleanup
[2019-12-08T12:15:53.221+0000][1][safepoint    ] Leaving safepoint region
[2019-12-08T12:15:53.221+0000][1][safepoint    ] Total time for which application threads were stopped: 0.0000978 seconds, Stopping threads took: 0.0000365 seconds
[2019-12-08T12:15:54.221+0000][1][safepoint    ] Application time: 1.0000797 seconds
[2019-12-08T12:15:54.221+0000][1][safepoint    ] Entering safepoint region: Cleanup
[2019-12-08T12:15:54.221+0000][1][safepoint    ] Leaving safepoint region
[2019-12-08T12:15:54.221+0000][1][safepoint    ] Total time for which application threads were stopped: 0.0000799 seconds, Stopping threads took: 0.0000199 seconds
[2019-12-08T12:15:55.221+0000][1][safepoint    ] Application time: 1.0000783 seconds
[2019-12-08T12:15:55.221+0000][1][safepoint    ] Entering safepoint region: Cleanup
[2019-12-08T12:15:55.221+0000][1][safepoint    ] Leaving safepoint region
[2019-12-08T12:15:55.221+0000][1][safepoint    ] Total time for which application threads were stopped: 0.0000754 seconds, Stopping threads took: 0.0000171 seconds
[2019-12-08T12:15:56.222+0000][1][safepoint    ] Application time: 1.0000785 seconds
[2019-12-08T12:15:56.222+0000][1][safepoint    ] Entering safepoint region: Cleanup
[2019-12-08T12:15:56.222+0000][1][safepoint    ] Leaving safepoint region
[2019-12-08T12:15:56.222+0000][1][safepoint    ] Total time for which application threads were stopped: 0.0000744 seconds, Stopping threads took: 0.0000179 seconds
[2019-12-08T12:15:57.222+0000][1][safepoint    ] Application time: 1.0000788 seconds
[2019-12-08T12:15:57.222+0000][1][safepoint    ] Entering safepoint region: Cleanup
[2019-12-08T12:15:57.222+0000][1][safepoint    ] Leaving safepoint region
[2019-12-08T12:15:57.222+0000][1][safepoint    ] Total time for which application threads were stopped: 0.0000772 seconds, Stopping threads took: 0.0000174 seconds
[2019-12-08T12:15:58.222+0000][1][safepoint    ] Application time: 1.0000806 seconds
[2019-12-08T12:15:58.222+0000][1][safepoint    ] Entering safepoint region: Cleanup
[2019-12-08T12:15:58.222+0000][1][safepoint    ] Leaving safepoint region
[2019-12-08T12:15:58.222+0000][1][safepoint    ] Total time for which application threads were stopped: 0.0000765 seconds, Stopping threads took: 0.0000182 seconds
[2019-12-08T12:16:13.223+0000][1][safepoint    ] Application time: 15.0010795 seconds
[2019-12-08T12:16:13.223+0000][1][safepoint    ] Entering safepoint region: Cleanup
[2019-12-08T12:16:13.223+0000][1][safepoint    ] Leaving safepoint region
[2019-12-08T12:16:13.223+0000][1][safepoint    ] Total time for which application threads were stopped: 0.0000966 seconds, Stopping threads took: 0.0000285 seconds
[2019-12-08T12:16:20.874+0000][1][safepoint    ] Application time: 7.6507440 seconds
[2019-12-08T12:16:20.874+0000][1][safepoint    ] Entering safepoint region: GenCollectForAllocation
[2019-12-08T12:16:20.874+0000][1][gc,start     ] GC(58) Pause Young (Allocation Failure)
[2019-12-08T12:16:20.874+0000][1][gc,task      ] GC(58) Using 4 workers of 4 for evacuation
[2019-12-08T12:16:20.875+0000][1][gc,age       ] GC(58) Desired survivor size 4456448 bytes, new threshold 6 (max threshold 6)
[2019-12-08T12:16:20.875+0000][1][gc,age       ] GC(58) Age table with threshold 6 (max threshold 6)
[2019-12-08T12:16:20.875+0000][1][gc,age       ] GC(58) - age   1:       5840 bytes,       5840 total
[2019-12-08T12:16:20.875+0000][1][gc,age       ] GC(58) - age   2:        400 bytes,       6240 total
[2019-12-08T12:16:20.875+0000][1][gc,age       ] GC(58) - age   3:        128 bytes,       6368 total
[2019-12-08T12:16:20.875+0000][1][gc,heap      ] GC(58) ParNew: 69920K->10K(78656K)
[2019-12-08T12:16:20.875+0000][1][gc,heap      ] GC(58) CMS: 70907K->70907K(174784K)
[2019-12-08T12:16:20.875+0000][1][gc,metaspace ] GC(58) Metaspace: 69831K->69831K(1114112K)
[2019-12-08T12:16:20.875+0000][1][gc           ] GC(58) Pause Young (Allocation Failure) 137M->69M(247M) 1.049ms
[2019-12-08T12:16:20.875+0000][1][gc,cpu       ] GC(58) User=0.00s Sys=0.00s Real=0.00s
[2019-12-08T12:16:20.875+0000][1][safepoint    ] Leaving safepoint region
[2019-12-08T12:16:20.875+0000][1][safepoint    ] Total time for which application threads were stopped: 0.0012169 seconds, Stopping threads took: 0.0000259 seconds
[2019-12-08T12:16:24.876+0000][1][safepoint    ] Application time: 4.0003005 seconds
[2019-12-08T12:16:24.876+0000][1][safepoint    ] Entering safepoint region: Cleanup
[2019-12-08T12:16:24.876+0000][1][safepoint    ] Leaving safepoint region
[2019-12-08T12:16:24.876+0000][1][safepoint    ] Total time for which application threads were stopped: 0.0000978 seconds, Stopping threads took: 0.0000189 seconds
[2019-12-08T12:16:25.876+0000][1][safepoint    ] Application time: 1.0000902 seconds
[2019-12-08T12:16:25.876+0000][1][safepoint    ] Entering safepoint region: Cleanup
[2019-12-08T12:16:25.876+0000][1][safepoint    ] Leaving safepoint region
[2019-12-08T12:16:25.876+0000][1][safepoint    ] Total time for which application threads were stopped: 0.0000828 seconds, Stopping threads took: 0.0000202 seconds
[2019-12-08T12:16:26.876+0000][1][safepoint    ] Application time: 1.0000849 seconds
[2019-12-08T12:16:26.876+0000][1][safepoint    ] Entering safepoint region: Cleanup
[2019-12-08T12:16:26.876+0000][1][safepoint    ] Leaving safepoint region
[2019-12-08T12:16:26.876+0000][1][safepoint    ] Total time for which application threads were stopped: 0.0001405 seconds, Stopping threads took: 0.0000689 seconds
[2019-12-08T12:16:27.876+0000][1][safepoint    ] Application time: 1.0000949 seconds
[2019-12-08T12:16:27.876+0000][1][safepoint    ] Entering safepoint region: Cleanup
[2019-12-08T12:16:27.876+0000][1][safepoint    ] Leaving safepoint region
[2019-12-08T12:16:27.876+0000][1][safepoint    ] Total time for which application threads were stopped: 0.0000784 seconds, Stopping threads took: 0.0000203 seconds
[2019-12-08T12:16:28.877+0000][1][safepoint    ] Application time: 1.0000811 seconds
[2019-12-08T12:16:28.877+0000][1][safepoint    ] Entering safepoint region: Cleanup
[2019-12-08T12:16:28.877+0000][1][safepoint    ] Leaving safepoint region
[2019-12-08T12:16:28.877+0000][1][safepoint    ] Total time for which application threads were stopped: 0.0000786 seconds, Stopping threads took: 0.0000198 seconds
[2019-12-08T12:16:29.877+0000][1][safepoint    ] Application time: 1.0000908 seconds
[2019-12-08T12:16:29.877+0000][1][safepoint    ] Entering safepoint region: Cleanup
[2019-12-08T12:16:29.877+0000][1][safepoint    ] Leaving safepoint region
[2019-12-08T12:16:29.877+0000][1][safepoint    ] Total time for which application threads were stopped: 0.0000788 seconds, Stopping threads took: 0.0000191 seconds
[2019-12-08T12:16:30.877+0000][1][safepoint    ] Application time: 1.0000860 seconds
[2019-12-08T12:16:30.877+0000][1][safepoint    ] Entering safepoint region: Cleanup
[2019-12-08T12:16:30.877+0000][1][safepoint    ] Leaving safepoint region
[2019-12-08T12:16:30.877+0000][1][safepoint    ] Total time for which application threads were stopped: 0.0000834 seconds, Stopping threads took: 0.0000213 seconds
[2019-12-08T12:16:31.877+0000][1][safepoint    ] Application time: 1.0000812 seconds
[2019-12-08T12:16:31.877+0000][1][safepoint    ] Entering safepoint region: Cleanup
[2019-12-08T12:16:31.877+0000][1][safepoint    ] Leaving safepoint region
[2019-12-08T12:16:31.877+0000][1][safepoint    ] Total time for which application threads were stopped: 0.0000796 seconds, Stopping threads took: 0.0000205 seconds
[2019-12-08T12:16:32.877+0000][1][safepoint    ] Application time: 1.0000827 seconds
[2019-12-08T12:16:32.877+0000][1][safepoint    ] Entering safepoint region: Cleanup
[2019-12-08T12:16:32.878+0000][1][safepoint    ] Leaving safepoint region
[2019-12-08T12:16:32.878+0000][1][safepoint    ] Total time for which application threads were stopped: 0.0000837 seconds, Stopping threads took: 0.0000215 seconds
[2019-12-08T12:16:33.878+0000][1][safepoint    ] Application time: 1.0000799 seconds
[2019-12-08T12:16:33.878+0000][1][safepoint    ] Entering safepoint region: Cleanup
[2019-12-08T12:16:33.878+0000][1][safepoint    ] Leaving safepoint region
[2019-12-08T12:16:33.878+0000][1][safepoint    ] Total time for which application threads were stopped: 0.0000953 seconds, Stopping threads took: 0.0000209 seconds
[2019-12-08T12:16:34.878+0000][1][safepoint    ] Application time: 1.0000824 seconds
[2019-12-08T12:16:34.878+0000][1][safepoint    ] Entering safepoint region: Cleanup
[2019-12-08T12:16:34.878+0000][1][safepoint    ] Leaving safepoint region
[2019-12-08T12:16:34.878+0000][1][safepoint    ] Total time for which application threads were stopped: 0.0000796 seconds, Stopping threads took: 0.0000212 seconds
[2019-12-08T12:16:35.878+0000][1][safepoint    ] Application time: 1.0000785 seconds
[2019-12-08T12:16:35.878+0000][1][safepoint    ] Entering safepoint region: Cleanup
[2019-12-08T12:16:35.878+0000][1][safepoint    ] Leaving safepoint region
[2019-12-08T12:16:35.878+0000][1][safepoint    ] Total time for which application threads were stopped: 0.0000783 seconds, Stopping threads took: 0.0000198 seconds
[2019-12-08T12:16:36.878+0000][1][safepoint    ] Application time: 1.0000764 seconds
[2019-12-08T12:16:36.878+0000][1][safepoint    ] Entering safepoint region: Cleanup
[2019-12-08T12:16:36.878+0000][1][safepoint    ] Leaving safepoint region
[2019-12-08T12:16:36.878+0000][1][safepoint    ] Total time for which application threads were stopped: 0.0000757 seconds, Stopping threads took: 0.0000190 seconds
[2019-12-08T12:16:37.878+0000][1][safepoint    ] Application time: 1.0000781 seconds
[2019-12-08T12:16:37.878+0000][1][safepoint    ] Entering safepoint region: Cleanup
[2019-12-08T12:16:37.879+0000][1][safepoint    ] Leaving safepoint region
[2019-12-08T12:16:37.879+0000][1][safepoint    ] Total time for which application threads were stopped: 0.0000758 seconds, Stopping threads took: 0.0000179 seconds
[2019-12-08T12:16:38.879+0000][1][safepoint    ] Application time: 1.0000821 seconds
[2019-12-08T12:16:38.879+0000][1][safepoint    ] Entering safepoint region: Cleanup
[2019-12-08T12:16:38.879+0000][1][safepoint    ] Leaving safepoint region
[2019-12-08T12:16:38.879+0000][1][safepoint    ] Total time for which application threads were stopped: 0.0000903 seconds, Stopping threads took: 0.0000190 seconds
[2019-12-08T12:16:39.879+0000][1][safepoint    ] Application time: 1.0000768 seconds
[2019-12-08T12:16:39.879+0000][1][safepoint    ] Entering safepoint region: Cleanup
[2019-12-08T12:16:39.879+0000][1][safepoint    ] Leaving safepoint region
[2019-12-08T12:16:39.879+0000][1][safepoint    ] Total time for which application threads were stopped: 0.0000794 seconds, Stopping threads took: 0.0000200 seconds
[2019-12-08T12:16:40.879+0000][1][safepoint    ] Application time: 1.0000783 seconds
[2019-12-08T12:16:40.879+0000][1][safepoint    ] Entering safepoint region: Cleanup
[2019-12-08T12:16:40.879+0000][1][safepoint    ] Leaving safepoint region
[2019-12-08T12:16:40.879+0000][1][safepoint    ] Total time for which application threads were stopped: 0.0000769 seconds, Stopping threads took: 0.0000177 seconds
[2019-12-08T12:16:41.879+0000][1][safepoint    ] Application time: 1.0000765 seconds
[2019-12-08T12:16:41.879+0000][1][safepoint    ] Entering safepoint region: Cleanup
[2019-12-08T12:16:41.879+0000][1][safepoint    ] Leaving safepoint region
[2019-12-08T12:16:41.879+0000][1][safepoint    ] Total time for which application threads were stopped: 0.0000765 seconds, Stopping threads took: 0.0000177 seconds
[2019-12-08T12:16:42.879+0000][1][safepoint    ] Application time: 1.0000751 seconds
[2019-12-08T12:16:42.879+0000][1][safepoint    ] Entering safepoint region: Cleanup
[2019-12-08T12:16:42.880+0000][1][safepoint    ] Leaving safepoint region
[2019-12-08T12:16:42.880+0000][1][safepoint    ] Total time for which application threads were stopped: 0.0000861 seconds, Stopping threads took: 0.0000199 seconds
[2019-12-08T12:16:43.880+0000][1][safepoint    ] Application time: 1.0000775 seconds
[2019-12-08T12:16:43.880+0000][1][safepoint    ] Entering safepoint region: Cleanup
[2019-12-08T12:16:43.880+0000][1][safepoint    ] Leaving safepoint region
[2019-12-08T12:16:43.880+0000][1][safepoint    ] Total time for which application threads were stopped: 0.0000940 seconds, Stopping threads took: 0.0000334 seconds
[2019-12-08T12:16:44.880+0000][1][safepoint    ] Application time: 1.0000762 seconds
[2019-12-08T12:16:44.880+0000][1][safepoint    ] Entering safepoint region: Cleanup
[2019-12-08T12:16:44.880+0000][1][safepoint    ] Leaving safepoint region
[2019-12-08T12:16:44.880+0000][1][safepoint    ] Total time for which application threads were stopped: 0.0000770 seconds, Stopping threads took: 0.0000185 seconds
[2019-12-08T12:16:45.880+0000][1][safepoint    ] Application time: 1.0000777 seconds
[2019-12-08T12:16:45.880+0000][1][safepoint    ] Entering safepoint region: Cleanup
[2019-12-08T12:16:45.880+0000][1][safepoint    ] Leaving safepoint region
[2019-12-08T12:16:45.880+0000][1][safepoint    ] Total time for which application threads were stopped: 0.0000798 seconds, Stopping threads took: 0.0000201 seconds
[2019-12-08T12:16:46.880+0000][1][safepoint    ] Application time: 1.0000741 seconds
[2019-12-08T12:16:46.880+0000][1][safepoint    ] Entering safepoint region: Cleanup
[2019-12-08T12:16:46.880+0000][1][safepoint    ] Leaving safepoint region
[2019-12-08T12:16:46.880+0000][1][safepoint    ] Total time for which application threads were stopped: 0.0000792 seconds, Stopping threads took: 0.0000202 seconds
[2019-12-08T12:16:47.880+0000][1][safepoint    ] Application time: 1.0000742 seconds
[2019-12-08T12:16:47.880+0000][1][safepoint    ] Entering safepoint region: Cleanup
[2019-12-08T12:16:47.881+0000][1][safepoint    ] Leaving safepoint region
[2019-12-08T12:16:47.881+0000][1][safepoint    ] Total time for which application threads were stopped: 0.0000808 seconds, Stopping threads took: 0.0000202 seconds
[2019-12-08T12:16:48.881+0000][1][safepoint    ] Application time: 1.0000772 seconds
[2019-12-08T12:16:48.881+0000][1][safepoint    ] Entering safepoint region: Cleanup
[2019-12-08T12:16:48.881+0000][1][safepoint    ] Leaving safepoint region
[2019-12-08T12:16:48.881+0000][1][safepoint    ] Total time for which application threads were stopped: 0.0000830 seconds, Stopping threads took: 0.0000273 seconds
[2019-12-08T12:16:49.881+0000][1][safepoint    ] Application time: 1.0000766 seconds
[2019-12-08T12:16:49.881+0000][1][safepoint    ] Entering safepoint region: Cleanup
[2019-12-08T12:16:49.881+0000][1][safepoint    ] Leaving safepoint region
[2019-12-08T12:16:49.881+0000][1][safepoint    ] Total time for which application threads were stopped: 0.0000868 seconds, Stopping threads took: 0.0000205 seconds
[2019-12-08T12:16:50.881+0000][1][safepoint    ] Application time: 1.0000797 seconds
[2019-12-08T12:16:50.881+0000][1][safepoint    ] Entering safepoint region: Cleanup
[2019-12-08T12:16:50.881+0000][1][safepoint    ] Leaving safepoint region
[2019-12-08T12:16:50.881+0000][1][safepoint    ] Total time for which application threads were stopped: 0.0000774 seconds, Stopping threads took: 0.0000196 seconds
[2019-12-08T12:16:51.881+0000][1][safepoint    ] Application time: 1.0000812 seconds
[2019-12-08T12:16:51.881+0000][1][safepoint    ] Entering safepoint region: Cleanup
[2019-12-08T12:16:51.881+0000][1][safepoint    ] Leaving safepoint region
[2019-12-08T12:16:51.881+0000][1][safepoint    ] Total time for which application threads were stopped: 0.0000750 seconds, Stopping threads took: 0.0000191 seconds
[2019-12-08T12:16:52.881+0000][1][safepoint    ] Application time: 1.0000783 seconds
[2019-12-08T12:16:52.881+0000][1][safepoint    ] Entering safepoint region: Cleanup
[2019-12-08T12:16:52.882+0000][1][safepoint    ] Leaving safepoint region
[2019-12-08T12:16:52.882+0000][1][safepoint    ] Total time for which application threads were stopped: 0.0000857 seconds, Stopping threads took: 0.0000265 seconds
[2019-12-08T12:16:53.882+0000][1][safepoint    ] Application time: 1.0000850 seconds
[2019-12-08T12:16:53.882+0000][1][safepoint    ] Entering safepoint region: Cleanup
[2019-12-08T12:16:53.882+0000][1][safepoint    ] Leaving safepoint region
[2019-12-08T12:16:53.882+0000][1][safepoint    ] Total time for which application threads were stopped: 0.0000839 seconds, Stopping threads took: 0.0000213 seconds
[2019-12-08T12:16:54.882+0000][1][safepoint    ] Application time: 1.0000772 seconds
[2019-12-08T12:16:54.882+0000][1][safepoint    ] Entering safepoint region: Cleanup
[2019-12-08T12:16:54.882+0000][1][safepoint    ] Leaving safepoint region
[2019-12-08T12:16:54.882+0000][1][safepoint    ] Total time for which application threads were stopped: 0.0000761 seconds, Stopping threads took: 0.0000193 seconds
[2019-12-08T12:16:55.882+0000][1][safepoint    ] Application time: 1.0000760 seconds
[2019-12-08T12:16:55.882+0000][1][safepoint    ] Entering safepoint region: Cleanup
[2019-12-08T12:16:55.882+0000][1][safepoint    ] Leaving safepoint region
[2019-12-08T12:16:55.882+0000][1][safepoint    ] Total time for which application threads were stopped: 0.0000901 seconds, Stopping threads took: 0.0000188 seconds
[2019-12-08T12:16:56.882+0000][1][safepoint    ] Application time: 1.0000773 seconds
[2019-12-08T12:16:56.882+0000][1][safepoint    ] Entering safepoint region: Cleanup
[2019-12-08T12:16:56.882+0000][1][safepoint    ] Leaving safepoint region
[2019-12-08T12:16:56.882+0000][1][safepoint    ] Total time for which application threads were stopped: 0.0000779 seconds, Stopping threads took: 0.0000181 seconds
[2019-12-08T12:16:57.882+0000][1][safepoint    ] Application time: 1.0000774 seconds
[2019-12-08T12:16:57.883+0000][1][safepoint    ] Entering safepoint region: Cleanup
[2019-12-08T12:16:57.883+0000][1][safepoint    ] Leaving safepoint region
[2019-12-08T12:16:57.883+0000][1][safepoint    ] Total time for which application threads were stopped: 0.0000779 seconds, Stopping threads took: 0.0000198 seconds
[2019-12-08T12:16:58.883+0000][1][safepoint    ] Application time: 1.0000777 seconds
[2019-12-08T12:16:58.883+0000][1][safepoint    ] Entering safepoint region: Cleanup
[2019-12-08T12:16:58.883+0000][1][safepoint    ] Leaving safepoint region
[2019-12-08T12:16:58.883+0000][1][safepoint    ] Total time for which application threads were stopped: 0.0000796 seconds, Stopping threads took: 0.0000203 seconds
[2019-12-08T12:16:59.883+0000][1][safepoint    ] Application time: 1.0000764 seconds
[2019-12-08T12:16:59.883+0000][1][safepoint    ] Entering safepoint region: Cleanup
[2019-12-08T12:16:59.883+0000][1][safepoint    ] Leaving safepoint region
[2019-12-08T12:16:59.883+0000][1][safepoint    ] Total time for which application threads were stopped: 0.0000736 seconds, Stopping threads took: 0.0000182 seconds
[2019-12-08T12:17:00.883+0000][1][safepoint    ] Application time: 1.0000743 seconds
[2019-12-08T12:17:00.883+0000][1][safepoint    ] Entering safepoint region: Cleanup
[2019-12-08T12:17:00.883+0000][1][safepoint    ] Leaving safepoint region
[2019-12-08T12:17:00.883+0000][1][safepoint    ] Total time for which application threads were stopped: 0.0000764 seconds, Stopping threads took: 0.0000190 seconds
[2019-12-08T12:17:01.883+0000][1][safepoint    ] Application time: 1.0000499 seconds
[2019-12-08T12:17:01.883+0000][1][safepoint    ] Entering safepoint region: Cleanup
[2019-12-08T12:17:01.883+0000][1][safepoint    ] Leaving safepoint region
[2019-12-08T12:17:01.883+0000][1][safepoint    ] Total time for which application threads were stopped: 0.0000863 seconds, Stopping threads took: 0.0000208 seconds
[2019-12-08T12:17:02.883+0000][1][safepoint    ] Application time: 1.0000830 seconds
[2019-12-08T12:17:02.883+0000][1][safepoint    ] Entering safepoint region: Cleanup
[2019-12-08T12:17:02.884+0000][1][safepoint    ] Leaving safepoint region
[2019-12-08T12:17:02.884+0000][1][safepoint    ] Total time for which application threads were stopped: 0.0000865 seconds, Stopping threads took: 0.0000265 seconds
[2019-12-08T12:17:03.884+0000][1][safepoint    ] Application time: 1.0000832 seconds
[2019-12-08T12:17:03.884+0000][1][safepoint    ] Entering safepoint region: Cleanup
[2019-12-08T12:17:03.884+0000][1][safepoint    ] Leaving safepoint region
[2019-12-08T12:17:03.884+0000][1][safepoint    ] Total time for which application threads were stopped: 0.0000831 seconds, Stopping threads took: 0.0000223 seconds
[2019-12-08T12:17:04.884+0000][1][safepoint    ] Application time: 1.0000874 seconds
[2019-12-08T12:17:04.884+0000][1][safepoint    ] Entering safepoint region: Cleanup
[2019-12-08T12:17:04.884+0000][1][safepoint    ] Leaving safepoint region
[2019-12-08T12:17:04.884+0000][1][safepoint    ] Total time for which application threads were stopped: 0.0000814 seconds, Stopping threads took: 0.0000207 seconds
[2019-12-08T12:17:05.884+0000][1][safepoint    ] Application time: 1.0000867 seconds
[2019-12-08T12:17:05.884+0000][1][safepoint    ] Entering safepoint region: Cleanup
[2019-12-08T12:17:05.884+0000][1][safepoint    ] Leaving safepoint region
[2019-12-08T12:17:05.884+0000][1][safepoint    ] Total time for which application threads were stopped: 0.0000817 seconds, Stopping threads took: 0.0000211 seconds
[2019-12-08T12:17:06.884+0000][1][safepoint    ] Application time: 1.0000825 seconds
[2019-12-08T12:17:06.884+0000][1][safepoint    ] Entering safepoint region: Cleanup
[2019-12-08T12:17:06.884+0000][1][safepoint    ] Leaving safepoint region
[2019-12-08T12:17:06.884+0000][1][safepoint    ] Total time for which application threads were stopped: 0.0000770 seconds, Stopping threads took: 0.0000190 seconds
[2019-12-08T12:17:07.885+0000][1][safepoint    ] Application time: 1.0000815 seconds
[2019-12-08T12:17:07.885+0000][1][safepoint    ] Entering safepoint region: Cleanup
[2019-12-08T12:17:07.885+0000][1][safepoint    ] Leaving safepoint region
[2019-12-08T12:17:07.885+0000][1][safepoint    ] Total time for which application threads were stopped: 0.0000821 seconds, Stopping threads took: 0.0000197 seconds
[2019-12-08T12:17:08.885+0000][1][safepoint    ] Application time: 1.0000886 seconds
[2019-12-08T12:17:08.885+0000][1][safepoint    ] Entering safepoint region: Cleanup
[2019-12-08T12:17:08.885+0000][1][safepoint    ] Leaving safepoint region
[2019-12-08T12:17:08.885+0000][1][safepoint    ] Total time for which application threads were stopped: 0.0000815 seconds, Stopping threads took: 0.0000205 seconds
[2019-12-08T12:17:09.885+0000][1][safepoint    ] Application time: 1.0000867 seconds
[2019-12-08T12:17:09.885+0000][1][safepoint    ] Entering safepoint region: Cleanup
[2019-12-08T12:17:09.885+0000][1][safepoint    ] Leaving safepoint region
[2019-12-08T12:17:09.885+0000][1][safepoint    ] Total time for which application threads were stopped: 0.0000801 seconds, Stopping threads took: 0.0000197 seconds
[2019-12-08T12:17:10.885+0000][1][safepoint    ] Application time: 1.0000817 seconds
[2019-12-08T12:17:10.885+0000][1][safepoint    ] Entering safepoint region: Cleanup
[2019-12-08T12:17:10.885+0000][1][safepoint    ] Leaving safepoint region
[2019-12-08T12:17:10.885+0000][1][safepoint    ] Total time for which application threads were stopped: 0.0000784 seconds, Stopping threads took: 0.0000199 seconds
[2019-12-08T12:17:11.885+0000][1][safepoint    ] Application time: 1.0000802 seconds
[2019-12-08T12:17:11.885+0000][1][safepoint    ] Entering safepoint region: Cleanup
[2019-12-08T12:17:11.885+0000][1][safepoint    ] Leaving safepoint region
[2019-12-08T12:17:11.885+0000][1][safepoint    ] Total time for which application threads were stopped: 0.0000826 seconds, Stopping threads took: 0.0000215 seconds
[2019-12-08T12:17:12.886+0000][1][safepoint    ] Application time: 1.0000810 seconds
[2019-12-08T12:17:12.886+0000][1][safepoint    ] Entering safepoint region: Cleanup
[2019-12-08T12:17:12.886+0000][1][safepoint    ] Leaving safepoint region
[2019-12-08T12:17:12.886+0000][1][safepoint    ] Total time for which application threads were stopped: 0.0000864 seconds, Stopping threads took: 0.0000247 seconds
[2019-12-08T12:17:13.886+0000][1][safepoint    ] Application time: 1.0000910 seconds
[2019-12-08T12:17:13.886+0000][1][safepoint    ] Entering safepoint region: Cleanup
[2019-12-08T12:17:13.886+0000][1][safepoint    ] Leaving safepoint region
[2019-12-08T12:17:13.886+0000][1][safepoint    ] Total time for which application threads were stopped: 0.0000902 seconds, Stopping threads took: 0.0000277 seconds
[2019-12-08T12:17:14.260+0000][1][safepoint    ] Application time: 0.3745277 seconds
[2019-12-08T12:17:14.260+0000][1][safepoint    ] Entering safepoint region: RevokeBias
[2019-12-08T12:17:14.261+0000][1][safepoint    ] Leaving safepoint region
[2019-12-08T12:17:14.261+0000][1][safepoint    ] Total time for which application threads were stopped: 0.0001239 seconds, Stopping threads took: 0.0000245 seconds
[2019-12-08T12:17:14.261+0000][1][safepoint    ] Application time: 0.0001252 seconds
[2019-12-08T12:17:14.261+0000][1][safepoint    ] Entering safepoint region: RevokeBias
[2019-12-08T12:17:14.261+0000][1][safepoint    ] Leaving safepoint region
[2019-12-08T12:17:14.261+0000][1][safepoint    ] Total time for which application threads were stopped: 0.0000744 seconds, Stopping threads took: 0.0000163 seconds
[2019-12-08T12:17:14.262+0000][1][safepoint    ] Application time: 0.0009726 seconds
[2019-12-08T12:17:14.285+0000][1][safepoint    ] Entering safepoint region: RevokeBias
[2019-12-08T12:17:14.285+0000][1][safepoint    ] Leaving safepoint region
[2019-12-08T12:17:14.285+0000][1][safepoint    ] Total time for which application threads were stopped: 0.0231075 seconds, Stopping threads took: 0.0230164 seconds
[2019-12-08T12:17:14.285+0000][1][safepoint    ] Application time: 0.0002140 seconds
[2019-12-08T12:17:14.285+0000][1][safepoint    ] Entering safepoint region: RevokeBias
[2019-12-08T12:17:14.285+0000][1][safepoint    ] Leaving safepoint region
[2019-12-08T12:17:14.285+0000][1][safepoint    ] Total time for which application threads were stopped: 0.0000711 seconds, Stopping threads took: 0.0000167 seconds
[2019-12-08T12:17:14.286+0000][1][safepoint    ] Application time: 0.0003308 seconds
[2019-12-08T12:17:14.286+0000][1][safepoint    ] Entering safepoint region: RevokeBias
[2019-12-08T12:17:14.286+0000][1][safepoint    ] Leaving safepoint region
[2019-12-08T12:17:14.286+0000][1][safepoint    ] Total time for which application threads were stopped: 0.0000628 seconds, Stopping threads took: 0.0000148 seconds
[2019-12-08T12:17:14.286+0000][1][safepoint    ] Application time: 0.0007217 seconds
[2019-12-08T12:17:14.286+0000][1][safepoint    ] Entering safepoint region: RevokeBias
[2019-12-08T12:17:14.286+0000][1][safepoint    ] Leaving safepoint region
[2019-12-08T12:17:14.286+0000][1][safepoint    ] Total time for which application threads were stopped: 0.0000821 seconds, Stopping threads took: 0.0000193 seconds
[2019-12-08T12:17:14.287+0000][1][safepoint    ] Application time: 0.0001126 seconds
[2019-12-08T12:17:14.287+0000][1][safepoint    ] Entering safepoint region: RevokeBias
[2019-12-08T12:17:14.287+0000][1][safepoint    ] Leaving safepoint region
[2019-12-08T12:17:14.287+0000][1][safepoint    ] Total time for which application threads were stopped: 0.0000620 seconds, Stopping threads took: 0.0000122 seconds
[2019-12-08T12:17:14.299+0000][1][safepoint    ] Application time: 0.0120334 seconds
[2019-12-08T12:17:14.299+0000][1][safepoint    ] Entering safepoint region: RevokeBias
[2019-12-08T12:17:14.299+0000][1][safepoint    ] Leaving safepoint region
[2019-12-08T12:17:14.299+0000][1][safepoint    ] Total time for which application threads were stopped: 0.0000914 seconds, Stopping threads took: 0.0000203 seconds
[2019-12-08T12:17:14.304+0000][1][safepoint    ] Application time: 0.0051787 seconds
[2019-12-08T12:17:14.304+0000][1][safepoint    ] Entering safepoint region: RevokeBias
[2019-12-08T12:17:14.304+0000][1][safepoint    ] Leaving safepoint region
[2019-12-08T12:17:14.304+0000][1][safepoint    ] Total time for which application threads were stopped: 0.0000966 seconds, Stopping threads took: 0.0000195 seconds
[2019-12-08T12:17:14.318+0000][1][safepoint    ] Application time: 0.0139075 seconds
[2019-12-08T12:17:14.329+0000][1][safepoint    ] Entering safepoint region: RevokeBias
[2019-12-08T12:17:14.329+0000][1][safepoint    ] Leaving safepoint region
[2019-12-08T12:17:14.329+0000][1][safepoint    ] Total time for which application threads were stopped: 0.0112950 seconds, Stopping threads took: 0.0111897 seconds
[2019-12-08T12:17:14.334+0000][1][safepoint    ] Application time: 0.0048577 seconds
[2019-12-08T12:17:14.340+0000][1][safepoint    ] Entering safepoint region: RevokeBias
[2019-12-08T12:17:14.341+0000][1][safepoint    ] Leaving safepoint region
[2019-12-08T12:17:14.341+0000][1][safepoint    ] Total time for which application threads were stopped: 0.0064413 seconds, Stopping threads took: 0.0062602 seconds
[2019-12-08T12:17:14.350+0000][1][safepoint    ] Application time: 0.0090891 seconds
[2019-12-08T12:17:14.350+0000][1][safepoint    ] Entering safepoint region: RevokeBias
[2019-12-08T12:17:14.350+0000][1][safepoint    ] Leaving safepoint region
[2019-12-08T12:17:14.350+0000][1][safepoint    ] Total time for which application threads were stopped: 0.0001564 seconds, Stopping threads took: 0.0000654 seconds
[2019-12-08T12:17:14.404+0000][1][safepoint    ] Application time: 0.0535776 seconds
[2019-12-08T12:17:14.404+0000][1][safepoint    ] Entering safepoint region: RevokeBias
[2019-12-08T12:17:14.404+0000][1][safepoint    ] Leaving safepoint region
[2019-12-08T12:17:14.404+0000][1][safepoint    ] Total time for which application threads were stopped: 0.0002028 seconds, Stopping threads took: 0.0000194 seconds
[2019-12-08T12:17:14.408+0000][1][safepoint    ] Application time: 0.0043762 seconds
[2019-12-08T12:17:14.408+0000][1][safepoint    ] Entering safepoint region: RevokeBias
[2019-12-08T12:17:14.408+0000][1][safepoint    ] Leaving safepoint region
[2019-12-08T12:17:14.408+0000][1][safepoint    ] Total time for which application threads were stopped: 0.0001260 seconds, Stopping threads took: 0.0000164 seconds
[2019-12-08T12:17:14.409+0000][1][safepoint    ] Application time: 0.0007247 seconds
[2019-12-08T12:17:14.409+0000][1][safepoint    ] Entering safepoint region: RevokeBias
[2019-12-08T12:17:14.409+0000][1][safepoint    ] Leaving safepoint region
[2019-12-08T12:17:14.409+0000][1][safepoint    ] Total time for which application threads were stopped: 0.0001203 seconds, Stopping threads took: 0.0000139 seconds
[2019-12-08T12:17:14.441+0000][1][safepoint    ] Application time: 0.0320451 seconds
[2019-12-08T12:17:14.441+0000][1][safepoint    ] Entering safepoint region: RevokeBias
[2019-12-08T12:17:14.441+0000][1][safepoint    ] Leaving safepoint region
[2019-12-08T12:17:14.441+0000][1][safepoint    ] Total time for which application threads were stopped: 0.0002208 seconds, Stopping threads took: 0.0000211 seconds
[2019-12-08T12:17:14.442+0000][1][safepoint    ] Application time: 0.0001615 seconds
[2019-12-08T12:17:14.442+0000][1][safepoint    ] Entering safepoint region: RevokeBias
[2019-12-08T12:17:14.442+0000][1][safepoint    ] Leaving safepoint region
[2019-12-08T12:17:14.442+0000][1][safepoint    ] Total time for which application threads were stopped: 0.0001621 seconds, Stopping threads took: 0.0000228 seconds
[2019-12-08T12:17:14.444+0000][1][safepoint    ] Application time: 0.0018867 seconds
[2019-12-08T12:17:14.444+0000][1][safepoint    ] Entering safepoint region: RevokeBias
[2019-12-08T12:17:14.444+0000][1][safepoint    ] Leaving safepoint region
[2019-12-08T12:17:14.444+0000][1][safepoint    ] Total time for which application threads were stopped: 0.0001181 seconds, Stopping threads took: 0.0000268 seconds
[2019-12-08T12:17:14.476+0000][1][safepoint    ] Application time: 0.0324235 seconds
[2019-12-08T12:17:14.481+0000][1][safepoint    ] Entering safepoint region: RevokeBias
[2019-12-08T12:17:14.481+0000][1][safepoint    ] Leaving safepoint region
[2019-12-08T12:17:14.481+0000][1][safepoint    ] Total time for which application threads were stopped: 0.0046414 seconds, Stopping threads took: 0.0044699 seconds
[2019-12-08T12:17:14.482+0000][1][safepoint    ] Application time: 0.0007343 seconds
[2019-12-08T12:17:14.482+0000][1][safepoint    ] Entering safepoint region: BulkRevokeBias
[2019-12-08T12:17:14.482+0000][1][safepoint    ] Leaving safepoint region
[2019-12-08T12:17:14.482+0000][1][safepoint    ] Total time for which application threads were stopped: 0.0005058 seconds, Stopping threads took: 0.0000748 seconds
[2019-12-08T12:17:14.496+0000][1][safepoint    ] Application time: 0.0132199 seconds
[2019-12-08T12:17:14.496+0000][1][safepoint    ] Entering safepoint region: RevokeBias
[2019-12-08T12:17:14.496+0000][1][safepoint    ] Leaving safepoint region
[2019-12-08T12:17:14.496+0000][1][safepoint    ] Total time for which application threads were stopped: 0.0001686 seconds, Stopping threads took: 0.0000794 seconds
[2019-12-08T12:17:14.510+0000][1][safepoint    ] Application time: 0.0146335 seconds
[2019-12-08T12:17:14.510+0000][1][safepoint    ] Entering safepoint region: RevokeBias
[2019-12-08T12:17:14.511+0000][1][safepoint    ] Leaving safepoint region
[2019-12-08T12:17:14.511+0000][1][safepoint    ] Total time for which application threads were stopped: 0.0001570 seconds, Stopping threads took: 0.0000777 seconds
[2019-12-08T12:17:14.511+0000][1][safepoint    ] Application time: 0.0000927 seconds
[2019-12-08T12:17:14.511+0000][1][safepoint    ] Entering safepoint region: RevokeBias
[2019-12-08T12:17:14.511+0000][1][safepoint    ] Leaving safepoint region
[2019-12-08T12:17:14.511+0000][1][safepoint    ] Total time for which application threads were stopped: 0.0000765 seconds, Stopping threads took: 0.0000116 seconds
[2019-12-08T12:17:14.511+0000][1][safepoint    ] Application time: 0.0004465 seconds
[2019-12-08T12:17:14.511+0000][1][safepoint    ] Entering safepoint region: RevokeBias
[2019-12-08T12:17:14.511+0000][1][safepoint    ] Leaving safepoint region
[2019-12-08T12:17:14.511+0000][1][safepoint    ] Total time for which application threads were stopped: 0.0000793 seconds, Stopping threads took: 0.0000155 seconds
[2019-12-08T12:17:14.512+0000][1][safepoint    ] Application time: 0.0011841 seconds
[2019-12-08T12:17:14.512+0000][1][safepoint    ] Entering safepoint region: RevokeBias
[2019-12-08T12:17:14.513+0000][1][safepoint    ] Leaving safepoint region
[2019-12-08T12:17:14.513+0000][1][safepoint    ] Total time for which application threads were stopped: 0.0000711 seconds, Stopping threads took: 0.0000141 seconds
[2019-12-08T12:17:14.527+0000][1][safepoint    ] Application time: 0.0140164 seconds
[2019-12-08T12:17:14.527+0000][1][safepoint    ] Entering safepoint region: RevokeBias
[2019-12-08T12:17:14.527+0000][1][safepoint    ] Leaving safepoint region
[2019-12-08T12:17:14.527+0000][1][safepoint    ] Total time for which application threads were stopped: 0.0000829 seconds, Stopping threads took: 0.0000150 seconds
[2019-12-08T12:17:14.527+0000][1][safepoint    ] Application time: 0.0000664 seconds
[2019-12-08T12:17:14.527+0000][1][safepoint    ] Entering safepoint region: RevokeBias
[2019-12-08T12:17:14.527+0000][1][safepoint    ] Leaving safepoint region
[2019-12-08T12:17:14.527+0000][1][safepoint    ] Total time for which application threads were stopped: 0.0000568 seconds, Stopping threads took: 0.0000092 seconds
[2019-12-08T12:17:14.532+0000][1][safepoint    ] Application time: 0.0054719 seconds
[2019-12-08T12:17:14.541+0000][1][safepoint    ] Entering safepoint region: RevokeBias
[2019-12-08T12:17:14.542+0000][1][safepoint    ] Leaving safepoint region
[2019-12-08T12:17:14.542+0000][1][safepoint    ] Total time for which application threads were stopped: 0.0092165 seconds, Stopping threads took: 0.0091401 seconds
[2019-12-08T12:17:14.542+0000][1][safepoint    ] Application time: 0.0002300 seconds
[2019-12-08T12:17:14.542+0000][1][safepoint    ] Entering safepoint region: RevokeBias
[2019-12-08T12:17:14.542+0000][1][safepoint    ] Leaving safepoint region
[2019-12-08T12:17:14.542+0000][1][safepoint    ] Total time for which application threads were stopped: 0.0000746 seconds, Stopping threads took: 0.0000138 seconds
[2019-12-08T12:17:14.577+0000][1][safepoint    ] Application time: 0.0347584 seconds
[2019-12-08T12:17:14.577+0000][1][safepoint    ] Entering safepoint region: RevokeBias
[2019-12-08T12:17:14.577+0000][1][safepoint    ] Leaving safepoint region
[2019-12-08T12:17:14.577+0000][1][safepoint    ] Total time for which application threads were stopped: 0.0002894 seconds, Stopping threads took: 0.0001140 seconds
[2019-12-08T12:17:14.582+0000][1][safepoint    ] Application time: 0.0045612 seconds
[2019-12-08T12:17:14.582+0000][1][safepoint    ] Entering safepoint region: RevokeBias
[2019-12-08T12:17:14.582+0000][1][safepoint    ] Leaving safepoint region
[2019-12-08T12:17:14.582+0000][1][safepoint    ] Total time for which application threads were stopped: 0.0001592 seconds, Stopping threads took: 0.0000155 seconds
[2019-12-08T12:17:14.583+0000][1][safepoint    ] Application time: 0.0007686 seconds
[2019-12-08T12:17:14.583+0000][1][safepoint    ] Entering safepoint region: RevokeBias
[2019-12-08T12:17:14.583+0000][1][safepoint    ] Leaving safepoint region
[2019-12-08T12:17:14.583+0000][1][safepoint    ] Total time for which application threads were stopped: 0.0001259 seconds, Stopping threads took: 0.0000141 seconds
[2019-12-08T12:17:14.595+0000][1][safepoint    ] Application time: 0.0123967 seconds
[2019-12-08T12:17:14.646+0000][1][safepoint    ] Entering safepoint region: RevokeBias
[2019-12-08T12:17:14.646+0000][1][safepoint    ] Leaving safepoint region
[2019-12-08T12:17:14.646+0000][1][safepoint    ] Total time for which application threads were stopped: 0.0508258 seconds, Stopping threads took: 0.0506623 seconds
[2019-12-08T12:17:14.666+0000][1][safepoint    ] Application time: 0.0198397 seconds
[2019-12-08T12:17:14.666+0000][1][safepoint    ] Entering safepoint region: RevokeBias
[2019-12-08T12:17:14.666+0000][1][safepoint    ] Leaving safepoint region
[2019-12-08T12:17:14.666+0000][1][safepoint    ] Total time for which application threads were stopped: 0.0001853 seconds, Stopping threads took: 0.0000272 seconds
[2019-12-08T12:17:14.707+0000][1][safepoint    ] Application time: 0.0407255 seconds
[2019-12-08T12:17:14.709+0000][1][safepoint    ] Entering safepoint region: RevokeBias
[2019-12-08T12:17:14.709+0000][1][safepoint    ] Leaving safepoint region
[2019-12-08T12:17:14.709+0000][1][safepoint    ] Total time for which application threads were stopped: 0.0021657 seconds, Stopping threads took: 0.0020519 seconds
[2019-12-08T12:17:14.717+0000][1][safepoint    ] Application time: 0.0080732 seconds
[2019-12-08T12:17:14.717+0000][1][safepoint    ] Entering safepoint region: RevokeBias
[2019-12-08T12:17:14.717+0000][1][safepoint    ] Leaving safepoint region
[2019-12-08T12:17:14.717+0000][1][safepoint    ] Total time for which application threads were stopped: 0.0001476 seconds, Stopping threads took: 0.0000571 seconds
[2019-12-08T12:17:14.719+0000][1][safepoint    ] Application time: 0.0017308 seconds
[2019-12-08T12:17:14.720+0000][1][safepoint    ] Entering safepoint region: RevokeBias
[2019-12-08T12:17:14.720+0000][1][safepoint    ] Leaving safepoint region
[2019-12-08T12:17:14.720+0000][1][safepoint    ] Total time for which application threads were stopped: 0.0010308 seconds, Stopping threads took: 0.0009437 seconds
[2019-12-08T12:17:14.724+0000][1][safepoint    ] Application time: 0.0037692 seconds
[2019-12-08T12:17:14.724+0000][1][safepoint    ] Entering safepoint region: RevokeBias
[2019-12-08T12:17:14.724+0000][1][safepoint    ] Leaving safepoint region
[2019-12-08T12:17:14.724+0000][1][safepoint    ] Total time for which application threads were stopped: 0.0001060 seconds, Stopping threads took: 0.0000401 seconds
[2019-12-08T12:17:14.728+0000][1][safepoint    ] Application time: 0.0039470 seconds
[2019-12-08T12:17:14.741+0000][1][safepoint    ] Entering safepoint region: RevokeBias
[2019-12-08T12:17:14.741+0000][1][safepoint    ] Leaving safepoint region
[2019-12-08T12:17:14.741+0000][1][safepoint    ] Total time for which application threads were stopped: 0.0130576 seconds, Stopping threads took: 0.0129673 seconds
[2019-12-08T12:17:14.741+0000][1][safepoint    ] Application time: 0.0001564 seconds
[2019-12-08T12:17:14.741+0000][1][safepoint    ] Entering safepoint region: RevokeBias
[2019-12-08T12:17:14.741+0000][1][safepoint    ] Leaving safepoint region
[2019-12-08T12:17:14.741+0000][1][safepoint    ] Total time for which application threads were stopped: 0.0000794 seconds, Stopping threads took: 0.0000186 seconds
[2019-12-08T12:17:14.741+0000][1][safepoint    ] Application time: 0.0000859 seconds
[2019-12-08T12:17:14.741+0000][1][safepoint    ] Entering safepoint region: RevokeBias
[2019-12-08T12:17:14.741+0000][1][safepoint    ] Leaving safepoint region
[2019-12-08T12:17:14.741+0000][1][safepoint    ] Total time for which application threads were stopped: 0.0000456 seconds, Stopping threads took: 0.0000089 seconds
[2019-12-08T12:17:14.744+0000][1][safepoint    ] Application time: 0.0023110 seconds
[2019-12-08T12:17:14.744+0000][1][safepoint    ] Entering safepoint region: RevokeBias
[2019-12-08T12:17:14.744+0000][1][safepoint    ] Leaving safepoint region
[2019-12-08T12:17:14.744+0000][1][safepoint    ] Total time for which application threads were stopped: 0.0001102 seconds, Stopping threads took: 0.0000157 seconds
[2019-12-08T12:17:14.759+0000][1][safepoint    ] Application time: 0.0152444 seconds
[2019-12-08T12:17:14.759+0000][1][safepoint    ] Entering safepoint region: BulkRevokeBias
[2019-12-08T12:17:14.760+0000][1][safepoint    ] Leaving safepoint region
[2019-12-08T12:17:14.760+0000][1][safepoint    ] Total time for which application threads were stopped: 0.0008533 seconds, Stopping threads took: 0.0000473 seconds
[2019-12-08T12:17:14.795+0000][1][safepoint    ] Application time: 0.0347217 seconds
[2019-12-08T12:17:14.805+0000][1][safepoint    ] Entering safepoint region: RevokeBias
[2019-12-08T12:17:14.805+0000][1][safepoint    ] Leaving safepoint region
[2019-12-08T12:17:14.805+0000][1][safepoint    ] Total time for which application threads were stopped: 0.0105182 seconds, Stopping threads took: 0.0104195 seconds
[2019-12-08T12:17:14.837+0000][1][safepoint    ] Application time: 0.0320777 seconds
[2019-12-08T12:17:14.837+0000][1][safepoint    ] Entering safepoint region: RevokeBias
[2019-12-08T12:17:14.837+0000][1][safepoint    ] Leaving safepoint region
[2019-12-08T12:17:14.837+0000][1][safepoint    ] Total time for which application threads were stopped: 0.0000902 seconds, Stopping threads took: 0.0000179 seconds
[2019-12-08T12:17:14.851+0000][1][safepoint    ] Application time: 0.0139626 seconds
[2019-12-08T12:17:14.851+0000][1][safepoint    ] Entering safepoint region: RevokeBias
[2019-12-08T12:17:14.851+0000][1][safepoint    ] Leaving safepoint region
[2019-12-08T12:17:14.851+0000][1][safepoint    ] Total time for which application threads were stopped: 0.0000905 seconds, Stopping threads took: 0.0000166 seconds
[2019-12-08T12:17:14.867+0000][1][safepoint    ] Application time: 0.0156620 seconds
[2019-12-08T12:17:14.867+0000][1][safepoint    ] Entering safepoint region: RevokeBias
[2019-12-08T12:17:14.867+0000][1][safepoint    ] Leaving safepoint region
[2019-12-08T12:17:14.867+0000][1][safepoint    ] Total time for which application threads were stopped: 0.0000894 seconds, Stopping threads took: 0.0000140 seconds
[2019-12-08T12:17:14.872+0000][1][safepoint    ] Application time: 0.0044375 seconds
[2019-12-08T12:17:14.872+0000][1][safepoint    ] Entering safepoint region: RevokeBias
[2019-12-08T12:17:14.872+0000][1][safepoint    ] Leaving safepoint region
[2019-12-08T12:17:14.872+0000][1][safepoint    ] Total time for which application threads were stopped: 0.0000788 seconds, Stopping threads took: 0.0000129 seconds
[2019-12-08T12:17:14.873+0000][1][safepoint    ] Application time: 0.0008277 seconds
[2019-12-08T12:17:14.873+0000][1][safepoint    ] Entering safepoint region: RevokeBias
[2019-12-08T12:17:14.873+0000][1][safepoint    ] Leaving safepoint region
[2019-12-08T12:17:14.873+0000][1][safepoint    ] Total time for which application threads were stopped: 0.0000887 seconds, Stopping threads took: 0.0000137 seconds
[2019-12-08T12:17:14.875+0000][1][safepoint    ] Application time: 0.0020759 seconds
[2019-12-08T12:17:14.875+0000][1][safepoint    ] Entering safepoint region: RevokeBias
[2019-12-08T12:17:14.875+0000][1][safepoint    ] Leaving safepoint region
[2019-12-08T12:17:14.875+0000][1][safepoint    ] Total time for which application threads were stopped: 0.0000450 seconds, Stopping threads took: 0.0000113 seconds
[2019-12-08T12:17:14.875+0000][1][safepoint    ] Application time: 0.0003360 seconds
[2019-12-08T12:17:14.875+0000][1][safepoint    ] Entering safepoint region: RevokeBias
[2019-12-08T12:17:14.875+0000][1][safepoint    ] Leaving safepoint region
[2019-12-08T12:17:14.875+0000][1][safepoint    ] Total time for which application threads were stopped: 0.0000396 seconds, Stopping threads took: 0.0000084 seconds
[2019-12-08T12:17:14.877+0000][1][safepoint    ] Application time: 0.0012523 seconds
[2019-12-08T12:17:14.877+0000][1][safepoint    ] Entering safepoint region: RevokeBias
[2019-12-08T12:17:14.877+0000][1][safepoint    ] Leaving safepoint region
[2019-12-08T12:17:14.877+0000][1][safepoint    ] Total time for which application threads were stopped: 0.0000525 seconds, Stopping threads took: 0.0000118 seconds
[2019-12-08T12:17:14.891+0000][1][safepoint    ] Application time: 0.0143917 seconds
[2019-12-08T12:17:14.925+0000][1][safepoint    ] Entering safepoint region: RevokeBias
[2019-12-08T12:17:14.925+0000][1][safepoint    ] Leaving safepoint region
[2019-12-08T12:17:14.925+0000][1][safepoint    ] Total time for which application threads were stopped: 0.0338058 seconds, Stopping threads took: 0.0337489 seconds
[2019-12-08T12:17:14.932+0000][1][gc,heap,exit ] Heap
[2019-12-08T12:17:14.932+0000][1][gc,heap,exit ]  par new generation   total 78656K, used 64752K [0x00000000f0000000, 0x00000000f5550000, 0x00000000f5550000)
[2019-12-08T12:17:14.932+0000][1][gc,heap,exit ]   eden space 69952K,  92% used [0x00000000f0000000, 0x00000000f3f39a90, 0x00000000f4450000)
[2019-12-08T12:17:14.932+0000][1][gc,heap,exit ]   from space 8704K,   0% used [0x00000000f4cd0000, 0x00000000f4cd2850, 0x00000000f5550000)
[2019-12-08T12:17:14.932+0000][1][gc,heap,exit ]   to   space 8704K,   0% used [0x00000000f4450000, 0x00000000f4450000, 0x00000000f4cd0000)
[2019-12-08T12:17:14.932+0000][1][gc,heap,exit ]  concurrent mark-sweep generation total 174784K, used 70907K [0x00000000f5550000, 0x0000000100000000, 0x0000000100000000)
[2019-12-08T12:17:14.932+0000][1][gc,heap,exit ]  Metaspace       used 70123K, capacity 75422K, committed 75620K, reserved 1114112K
[2019-12-08T12:17:14.932+0000][1][gc,heap,exit ]   class space    used 9480K, capacity 11702K, committed 11812K, reserved 1048576K
[2019-12-08T12:17:14.932+0000][1][safepoint    ] Application time: 0.0074806 seconds
[2019-12-08T12:17:14.932+0000][1][safepoint    ] Entering safepoint region: Exit
