[2019-12-08T09:54:35.057+0000][1][gc] Using Concurrent Mark Sweep
[2019-12-08T09:54:35.057+0000][1][gc,heap,coops] Heap address: 0x00000000f0000000, size: 256 MB, Compressed Oops mode: 32-bit
[2019-12-08T09:54:35.187+0000][1][safepoint    ] Entering safepoint region: EnableBiasedLocking
[2019-12-08T09:54:35.187+0000][1][safepoint    ] Leaving safepoint region
[2019-12-08T09:54:35.187+0000][1][safepoint    ] Total time for which application threads were stopped: 0.0149888 seconds, Stopping threads took: 0.0149133 seconds
[2019-12-08T09:54:35.203+0000][1][safepoint    ] Application time: 0.0149858 seconds
[2019-12-08T09:54:35.203+0000][1][safepoint    ] Entering safepoint region: RevokeBias
[2019-12-08T09:54:35.203+0000][1][safepoint    ] Leaving safepoint region
[2019-12-08T09:54:35.203+0000][1][safepoint    ] Total time for which application threads were stopped: 0.0001427 seconds, Stopping threads took: 0.0000879 seconds
[2019-12-08T09:54:35.225+0000][1][safepoint    ] Application time: 0.0214445 seconds
[2019-12-08T09:54:35.225+0000][1][safepoint    ] Entering safepoint region: Deoptimize
[2019-12-08T09:54:35.225+0000][1][safepoint    ] Leaving safepoint region
[2019-12-08T09:54:35.225+0000][1][safepoint    ] Total time for which application threads were stopped: 0.0000460 seconds, Stopping threads took: 0.0000090 seconds
[2019-12-08T09:54:35.448+0000][1][safepoint    ] Application time: 0.2232840 seconds
[2019-12-08T09:54:35.448+0000][1][safepoint    ] Entering safepoint region: Deoptimize
[2019-12-08T09:54:35.448+0000][1][safepoint    ] Leaving safepoint region
[2019-12-08T09:54:35.448+0000][1][safepoint    ] Total time for which application threads were stopped: 0.0001363 seconds, Stopping threads took: 0.0000675 seconds
[2019-12-08T09:54:36.131+0000][1][safepoint    ] Application time: 0.6825170 seconds
[2019-12-08T09:54:36.131+0000][1][safepoint    ] Entering safepoint region: Deoptimize
[2019-12-08T09:54:36.131+0000][1][safepoint    ] Leaving safepoint region
[2019-12-08T09:54:36.131+0000][1][safepoint    ] Total time for which application threads were stopped: 0.0001781 seconds, Stopping threads took: 0.0000102 seconds
[2019-12-08T09:54:36.193+0000][1][safepoint    ] Application time: 0.0625874 seconds
[2019-12-08T09:54:36.193+0000][1][safepoint    ] Entering safepoint region: Deoptimize
[2019-12-08T09:54:36.193+0000][1][safepoint    ] Leaving safepoint region
[2019-12-08T09:54:36.193+0000][1][safepoint    ] Total time for which application threads were stopped: 0.0001220 seconds, Stopping threads took: 0.0000109 seconds
[2019-12-08T09:54:36.282+0000][1][safepoint    ] Application time: 0.0882118 seconds
[2019-12-08T09:54:36.282+0000][1][safepoint    ] Entering safepoint region: Deoptimize
[2019-12-08T09:54:36.282+0000][1][safepoint    ] Leaving safepoint region
[2019-12-08T09:54:36.282+0000][1][safepoint    ] Total time for which application threads were stopped: 0.0001890 seconds, Stopping threads took: 0.0000659 seconds
[2019-12-08T09:54:36.304+0000][1][safepoint    ] Application time: 0.0224669 seconds
[2019-12-08T09:54:36.304+0000][1][safepoint    ] Entering safepoint region: Deoptimize
[2019-12-08T09:54:36.305+0000][1][safepoint    ] Leaving safepoint region
[2019-12-08T09:54:36.305+0000][1][safepoint    ] Total time for which application threads were stopped: 0.0001724 seconds, Stopping threads took: 0.0000693 seconds
[2019-12-08T09:54:37.306+0000][1][safepoint    ] Application time: 1.0011049 seconds
[2019-12-08T09:54:37.306+0000][1][safepoint    ] Entering safepoint region: Cleanup
[2019-12-08T09:54:37.306+0000][1][safepoint    ] Leaving safepoint region
[2019-12-08T09:54:37.306+0000][1][safepoint    ] Total time for which application threads were stopped: 0.0001285 seconds, Stopping threads took: 0.0000356 seconds
[2019-12-08T09:54:37.586+0000][1][safepoint    ] Application time: 0.2801054 seconds
[2019-12-08T09:54:37.586+0000][1][safepoint    ] Entering safepoint region: Deoptimize
[2019-12-08T09:54:37.586+0000][1][safepoint    ] Leaving safepoint region
[2019-12-08T09:54:37.586+0000][1][safepoint    ] Total time for which application threads were stopped: 0.0002221 seconds, Stopping threads took: 0.0000111 seconds
[2019-12-08T09:54:38.117+0000][1][safepoint    ] Application time: 0.5306404 seconds
[2019-12-08T09:54:38.117+0000][1][safepoint    ] Entering safepoint region: RevokeBias
[2019-12-08T09:54:38.117+0000][1][safepoint    ] Leaving safepoint region
[2019-12-08T09:54:38.117+0000][1][safepoint    ] Total time for which application threads were stopped: 0.0001365 seconds, Stopping threads took: 0.0000122 seconds
[2019-12-08T09:54:38.361+0000][1][safepoint    ] Application time: 0.2434260 seconds
[2019-12-08T09:54:38.361+0000][1][safepoint    ] Entering safepoint region: Deoptimize
[2019-12-08T09:54:38.361+0000][1][safepoint    ] Leaving safepoint region
[2019-12-08T09:54:38.361+0000][1][safepoint    ] Total time for which application threads were stopped: 0.0002810 seconds, Stopping threads took: 0.0000117 seconds
[2019-12-08T09:54:38.765+0000][1][safepoint    ] Application time: 0.4043713 seconds
[2019-12-08T09:54:38.765+0000][1][safepoint    ] Entering safepoint region: Deoptimize
[2019-12-08T09:54:38.766+0000][1][safepoint    ] Leaving safepoint region
[2019-12-08T09:54:38.766+0000][1][safepoint    ] Total time for which application threads were stopped: 0.0002861 seconds, Stopping threads took: 0.0000116 seconds
[2019-12-08T09:54:38.772+0000][1][safepoint    ] Application time: 0.0061630 seconds
[2019-12-08T09:54:38.772+0000][1][safepoint    ] Entering safepoint region: Deoptimize
[2019-12-08T09:54:38.772+0000][1][safepoint    ] Leaving safepoint region
[2019-12-08T09:54:38.772+0000][1][safepoint    ] Total time for which application threads were stopped: 0.0002295 seconds, Stopping threads took: 0.0000103 seconds
[2019-12-08T09:54:38.872+0000][1][safepoint    ] Application time: 0.0997842 seconds
[2019-12-08T09:54:38.872+0000][1][safepoint    ] Entering safepoint region: Deoptimize
[2019-12-08T09:54:38.872+0000][1][safepoint    ] Leaving safepoint region
[2019-12-08T09:54:38.872+0000][1][safepoint    ] Total time for which application threads were stopped: 0.0002570 seconds, Stopping threads took: 0.0000120 seconds
[2019-12-08T09:54:38.902+0000][1][safepoint    ] Application time: 0.0298239 seconds
[2019-12-08T09:54:38.902+0000][1][safepoint    ] Entering safepoint region: RevokeBias
[2019-12-08T09:54:38.902+0000][1][safepoint    ] Leaving safepoint region
[2019-12-08T09:54:38.902+0000][1][safepoint    ] Total time for which application threads were stopped: 0.0000590 seconds, Stopping threads took: 0.0000229 seconds
[2019-12-08T09:54:38.922+0000][1][safepoint    ] Application time: 0.0203864 seconds
[2019-12-08T09:54:38.922+0000][1][safepoint    ] Entering safepoint region: RevokeBias
[2019-12-08T09:54:38.923+0000][1][safepoint    ] Leaving safepoint region
[2019-12-08T09:54:38.923+0000][1][safepoint    ] Total time for which application threads were stopped: 0.0001577 seconds, Stopping threads took: 0.0000913 seconds
[2019-12-08T09:54:38.923+0000][1][safepoint    ] Application time: 0.0000940 seconds
[2019-12-08T09:54:38.923+0000][1][safepoint    ] Entering safepoint region: RevokeBias
[2019-12-08T09:54:38.923+0000][1][safepoint    ] Leaving safepoint region
[2019-12-08T09:54:38.923+0000][1][safepoint    ] Total time for which application threads were stopped: 0.0000679 seconds, Stopping threads took: 0.0000087 seconds
[2019-12-08T09:54:38.923+0000][1][safepoint    ] Application time: 0.0001537 seconds
[2019-12-08T09:54:38.923+0000][1][safepoint    ] Entering safepoint region: RevokeBias
[2019-12-08T09:54:38.923+0000][1][safepoint    ] Leaving safepoint region
[2019-12-08T09:54:38.923+0000][1][safepoint    ] Total time for which application threads were stopped: 0.0000476 seconds, Stopping threads took: 0.0000082 seconds
[2019-12-08T09:54:39.256+0000][1][safepoint    ] Application time: 0.3326821 seconds
[2019-12-08T09:54:39.256+0000][1][safepoint    ] Entering safepoint region: GenCollectForAllocation
[2019-12-08T09:54:39.256+0000][1][gc,start     ] GC(0) Pause Young (Allocation Failure)
[2019-12-08T09:54:39.262+0000][1][gc,task      ] GC(0) Using 4 workers of 4 for evacuation
[2019-12-08T09:54:39.295+0000][1][gc,age       ] GC(0) Desired survivor size 4456448 bytes, new threshold 1 (max threshold 6)
[2019-12-08T09:54:39.295+0000][1][gc,age       ] GC(0) Age table with threshold 1 (max threshold 6)
[2019-12-08T09:54:39.295+0000][1][gc,age       ] GC(0) - age   1:    6479112 bytes,    6479112 total
[2019-12-08T09:54:39.295+0000][1][gc,heap      ] GC(0) ParNew: 69952K->6405K(78656K)
[2019-12-08T09:54:39.295+0000][1][gc,heap      ] GC(0) CMS: 0K->0K(174784K)
[2019-12-08T09:54:39.295+0000][1][gc,metaspace ] GC(0) Metaspace: 12712K->12712K(1060864K)
[2019-12-08T09:54:39.295+0000][1][gc           ] GC(0) Pause Young (Allocation Failure) 68M->6M(247M) 39.359ms
[2019-12-08T09:54:39.295+0000][1][gc,cpu       ] GC(0) User=0.02s Sys=0.00s Real=0.04s
[2019-12-08T09:54:39.295+0000][1][safepoint    ] Leaving safepoint region
[2019-12-08T09:54:39.295+0000][1][safepoint    ] Total time for which application threads were stopped: 0.0395296 seconds, Stopping threads took: 0.0000124 seconds
[2019-12-08T09:54:39.311+0000][1][safepoint    ] Application time: 0.0161679 seconds
[2019-12-08T09:54:39.319+0000][1][safepoint    ] Entering safepoint region: RevokeBias
[2019-12-08T09:54:39.319+0000][1][safepoint    ] Leaving safepoint region
[2019-12-08T09:54:39.319+0000][1][safepoint    ] Total time for which application threads were stopped: 0.0076151 seconds, Stopping threads took: 0.0075075 seconds
[2019-12-08T09:54:39.319+0000][1][safepoint    ] Application time: 0.0001202 seconds
[2019-12-08T09:54:39.319+0000][1][safepoint    ] Entering safepoint region: RevokeBias
[2019-12-08T09:54:39.319+0000][1][safepoint    ] Leaving safepoint region
[2019-12-08T09:54:39.319+0000][1][safepoint    ] Total time for which application threads were stopped: 0.0000647 seconds, Stopping threads took: 0.0000083 seconds
[2019-12-08T09:54:39.319+0000][1][safepoint    ] Application time: 0.0000603 seconds
[2019-12-08T09:54:39.319+0000][1][safepoint    ] Entering safepoint region: RevokeBias
[2019-12-08T09:54:39.319+0000][1][safepoint    ] Leaving safepoint region
[2019-12-08T09:54:39.319+0000][1][safepoint    ] Total time for which application threads were stopped: 0.0000495 seconds, Stopping threads took: 0.0000071 seconds
[2019-12-08T09:54:39.319+0000][1][safepoint    ] Application time: 0.0000460 seconds
[2019-12-08T09:54:39.319+0000][1][safepoint    ] Entering safepoint region: RevokeBias
[2019-12-08T09:54:39.319+0000][1][safepoint    ] Leaving safepoint region
[2019-12-08T09:54:39.319+0000][1][safepoint    ] Total time for which application threads were stopped: 0.0000458 seconds, Stopping threads took: 0.0000065 seconds
[2019-12-08T09:54:39.319+0000][1][safepoint    ] Application time: 0.0000563 seconds
[2019-12-08T09:54:39.320+0000][1][safepoint    ] Entering safepoint region: RevokeBias
[2019-12-08T09:54:39.320+0000][1][safepoint    ] Leaving safepoint region
[2019-12-08T09:54:39.320+0000][1][safepoint    ] Total time for which application threads were stopped: 0.0000491 seconds, Stopping threads took: 0.0000070 seconds
[2019-12-08T09:54:39.320+0000][1][safepoint    ] Application time: 0.0000465 seconds
[2019-12-08T09:54:39.320+0000][1][safepoint    ] Entering safepoint region: RevokeBias
[2019-12-08T09:54:39.320+0000][1][safepoint    ] Leaving safepoint region
[2019-12-08T09:54:39.320+0000][1][safepoint    ] Total time for which application threads were stopped: 0.0000457 seconds, Stopping threads took: 0.0000066 seconds
[2019-12-08T09:54:39.320+0000][1][safepoint    ] Application time: 0.0000683 seconds
[2019-12-08T09:54:39.320+0000][1][safepoint    ] Entering safepoint region: RevokeBias
[2019-12-08T09:54:39.320+0000][1][safepoint    ] Leaving safepoint region
[2019-12-08T09:54:39.320+0000][1][safepoint    ] Total time for which application threads were stopped: 0.0000493 seconds, Stopping threads took: 0.0000071 seconds
[2019-12-08T09:54:39.320+0000][1][safepoint    ] Application time: 0.0000548 seconds
[2019-12-08T09:54:39.320+0000][1][safepoint    ] Entering safepoint region: RevokeBias
[2019-12-08T09:54:39.320+0000][1][safepoint    ] Leaving safepoint region
[2019-12-08T09:54:39.320+0000][1][safepoint    ] Total time for which application threads were stopped: 0.0000562 seconds, Stopping threads took: 0.0000147 seconds
[2019-12-08T09:54:39.320+0000][1][safepoint    ] Application time: 0.0000579 seconds
[2019-12-08T09:54:39.320+0000][1][safepoint    ] Entering safepoint region: RevokeBias
[2019-12-08T09:54:39.320+0000][1][safepoint    ] Leaving safepoint region
[2019-12-08T09:54:39.320+0000][1][safepoint    ] Total time for which application threads were stopped: 0.0000453 seconds, Stopping threads took: 0.0000064 seconds
[2019-12-08T09:54:39.320+0000][1][safepoint    ] Application time: 0.0000468 seconds
[2019-12-08T09:54:39.320+0000][1][safepoint    ] Entering safepoint region: RevokeBias
[2019-12-08T09:54:39.320+0000][1][safepoint    ] Leaving safepoint region
[2019-12-08T09:54:39.320+0000][1][safepoint    ] Total time for which application threads were stopped: 0.0000420 seconds, Stopping threads took: 0.0000069 seconds
[2019-12-08T09:54:39.320+0000][1][safepoint    ] Application time: 0.0000519 seconds
[2019-12-08T09:54:39.320+0000][1][safepoint    ] Entering safepoint region: RevokeBias
[2019-12-08T09:54:39.320+0000][1][safepoint    ] Leaving safepoint region
[2019-12-08T09:54:39.320+0000][1][safepoint    ] Total time for which application threads were stopped: 0.0000441 seconds, Stopping threads took: 0.0000067 seconds
[2019-12-08T09:54:39.320+0000][1][safepoint    ] Application time: 0.0000454 seconds
[2019-12-08T09:54:39.320+0000][1][safepoint    ] Entering safepoint region: RevokeBias
[2019-12-08T09:54:39.320+0000][1][safepoint    ] Leaving safepoint region
[2019-12-08T09:54:39.320+0000][1][safepoint    ] Total time for which application threads were stopped: 0.0000437 seconds, Stopping threads took: 0.0000067 seconds
[2019-12-08T09:54:39.320+0000][1][safepoint    ] Application time: 0.0000535 seconds
[2019-12-08T09:54:39.320+0000][1][safepoint    ] Entering safepoint region: RevokeBias
[2019-12-08T09:54:39.320+0000][1][safepoint    ] Leaving safepoint region
[2019-12-08T09:54:39.320+0000][1][safepoint    ] Total time for which application threads were stopped: 0.0000453 seconds, Stopping threads took: 0.0000071 seconds
[2019-12-08T09:54:39.321+0000][1][safepoint    ] Application time: 0.0000466 seconds
[2019-12-08T09:54:39.321+0000][1][safepoint    ] Entering safepoint region: RevokeBias
[2019-12-08T09:54:39.321+0000][1][safepoint    ] Leaving safepoint region
[2019-12-08T09:54:39.321+0000][1][safepoint    ] Total time for which application threads were stopped: 0.0000431 seconds, Stopping threads took: 0.0000066 seconds
[2019-12-08T09:54:39.321+0000][1][safepoint    ] Application time: 0.0000528 seconds
[2019-12-08T09:54:39.321+0000][1][safepoint    ] Entering safepoint region: RevokeBias
[2019-12-08T09:54:39.321+0000][1][safepoint    ] Leaving safepoint region
[2019-12-08T09:54:39.321+0000][1][safepoint    ] Total time for which application threads were stopped: 0.0000653 seconds, Stopping threads took: 0.0000067 seconds
[2019-12-08T09:54:39.321+0000][1][safepoint    ] Application time: 0.0000585 seconds
[2019-12-08T09:54:39.321+0000][1][safepoint    ] Entering safepoint region: RevokeBias
[2019-12-08T09:54:39.321+0000][1][safepoint    ] Leaving safepoint region
[2019-12-08T09:54:39.321+0000][1][safepoint    ] Total time for which application threads were stopped: 0.0000518 seconds, Stopping threads took: 0.0000080 seconds
[2019-12-08T09:54:39.321+0000][1][safepoint    ] Application time: 0.0000647 seconds
[2019-12-08T09:54:39.321+0000][1][safepoint    ] Entering safepoint region: RevokeBias
[2019-12-08T09:54:39.321+0000][1][safepoint    ] Leaving safepoint region
[2019-12-08T09:54:39.321+0000][1][safepoint    ] Total time for which application threads were stopped: 0.0000496 seconds, Stopping threads took: 0.0000079 seconds
[2019-12-08T09:54:39.321+0000][1][safepoint    ] Application time: 0.0000522 seconds
[2019-12-08T09:54:39.321+0000][1][safepoint    ] Entering safepoint region: RevokeBias
[2019-12-08T09:54:39.321+0000][1][safepoint    ] Leaving safepoint region
[2019-12-08T09:54:39.321+0000][1][safepoint    ] Total time for which application threads were stopped: 0.0000665 seconds, Stopping threads took: 0.0000261 seconds
[2019-12-08T09:54:39.321+0000][1][safepoint    ] Application time: 0.0000858 seconds
[2019-12-08T09:54:39.321+0000][1][safepoint    ] Entering safepoint region: RevokeBias
[2019-12-08T09:54:39.321+0000][1][safepoint    ] Leaving safepoint region
[2019-12-08T09:54:39.321+0000][1][safepoint    ] Total time for which application threads were stopped: 0.0000512 seconds, Stopping threads took: 0.0000081 seconds
[2019-12-08T09:54:39.321+0000][1][safepoint    ] Application time: 0.0000513 seconds
[2019-12-08T09:54:39.321+0000][1][safepoint    ] Entering safepoint region: RevokeBias
[2019-12-08T09:54:39.321+0000][1][safepoint    ] Leaving safepoint region
[2019-12-08T09:54:39.321+0000][1][safepoint    ] Total time for which application threads were stopped: 0.0000491 seconds, Stopping threads took: 0.0000080 seconds
[2019-12-08T09:54:39.321+0000][1][safepoint    ] Application time: 0.0000574 seconds
[2019-12-08T09:54:39.321+0000][1][safepoint    ] Entering safepoint region: RevokeBias
[2019-12-08T09:54:39.321+0000][1][safepoint    ] Leaving safepoint region
[2019-12-08T09:54:39.321+0000][1][safepoint    ] Total time for which application threads were stopped: 0.0000477 seconds, Stopping threads took: 0.0000075 seconds
[2019-12-08T09:54:39.322+0000][1][safepoint    ] Application time: 0.0000509 seconds
[2019-12-08T09:54:39.322+0000][1][safepoint    ] Entering safepoint region: RevokeBias
[2019-12-08T09:54:39.322+0000][1][safepoint    ] Leaving safepoint region
[2019-12-08T09:54:39.322+0000][1][safepoint    ] Total time for which application threads were stopped: 0.0000483 seconds, Stopping threads took: 0.0000073 seconds
[2019-12-08T09:54:39.322+0000][1][safepoint    ] Application time: 0.0000585 seconds
[2019-12-08T09:54:39.322+0000][1][safepoint    ] Entering safepoint region: RevokeBias
[2019-12-08T09:54:39.322+0000][1][safepoint    ] Leaving safepoint region
[2019-12-08T09:54:39.322+0000][1][safepoint    ] Total time for which application threads were stopped: 0.0000505 seconds, Stopping threads took: 0.0000079 seconds
[2019-12-08T09:54:39.322+0000][1][safepoint    ] Application time: 0.0000516 seconds
[2019-12-08T09:54:39.322+0000][1][safepoint    ] Entering safepoint region: RevokeBias
[2019-12-08T09:54:39.322+0000][1][safepoint    ] Leaving safepoint region
[2019-12-08T09:54:39.322+0000][1][safepoint    ] Total time for which application threads were stopped: 0.0000490 seconds, Stopping threads took: 0.0000073 seconds
[2019-12-08T09:54:39.322+0000][1][safepoint    ] Application time: 0.0000794 seconds
[2019-12-08T09:54:39.322+0000][1][safepoint    ] Entering safepoint region: RevokeBias
[2019-12-08T09:54:39.322+0000][1][safepoint    ] Leaving safepoint region
[2019-12-08T09:54:39.322+0000][1][safepoint    ] Total time for which application threads were stopped: 0.0000502 seconds, Stopping threads took: 0.0000081 seconds
[2019-12-08T09:54:39.322+0000][1][safepoint    ] Application time: 0.0000508 seconds
[2019-12-08T09:54:39.322+0000][1][safepoint    ] Entering safepoint region: RevokeBias
[2019-12-08T09:54:39.322+0000][1][safepoint    ] Leaving safepoint region
[2019-12-08T09:54:39.322+0000][1][safepoint    ] Total time for which application threads were stopped: 0.0000495 seconds, Stopping threads took: 0.0000074 seconds
[2019-12-08T09:54:39.324+0000][1][safepoint    ] Application time: 0.0014971 seconds
[2019-12-08T09:54:39.324+0000][1][safepoint    ] Entering safepoint region: RevokeBias
[2019-12-08T09:54:39.324+0000][1][safepoint    ] Leaving safepoint region
[2019-12-08T09:54:39.324+0000][1][safepoint    ] Total time for which application threads were stopped: 0.0000863 seconds, Stopping threads took: 0.0000091 seconds
[2019-12-08T09:54:39.324+0000][1][safepoint    ] Application time: 0.0000507 seconds
[2019-12-08T09:54:39.324+0000][1][safepoint    ] Entering safepoint region: RevokeBias
[2019-12-08T09:54:39.324+0000][1][safepoint    ] Leaving safepoint region
[2019-12-08T09:54:39.324+0000][1][safepoint    ] Total time for which application threads were stopped: 0.0000670 seconds, Stopping threads took: 0.0000116 seconds
[2019-12-08T09:54:39.325+0000][1][safepoint    ] Application time: 0.0006982 seconds
[2019-12-08T09:54:39.325+0000][1][safepoint    ] Entering safepoint region: RevokeBias
[2019-12-08T09:54:39.325+0000][1][safepoint    ] Leaving safepoint region
[2019-12-08T09:54:39.325+0000][1][safepoint    ] Total time for which application threads were stopped: 0.0000645 seconds, Stopping threads took: 0.0000095 seconds
[2019-12-08T09:54:39.325+0000][1][safepoint    ] Application time: 0.0000704 seconds
[2019-12-08T09:54:39.325+0000][1][safepoint    ] Entering safepoint region: RevokeBias
[2019-12-08T09:54:39.325+0000][1][safepoint    ] Leaving safepoint region
[2019-12-08T09:54:39.325+0000][1][safepoint    ] Total time for which application threads were stopped: 0.0000554 seconds, Stopping threads took: 0.0000083 seconds
[2019-12-08T09:54:40.295+0000][1][safepoint    ] Application time: 0.9699923 seconds
[2019-12-08T09:54:40.295+0000][1][safepoint    ] Entering safepoint region: RevokeBias
[2019-12-08T09:54:40.295+0000][1][safepoint    ] Leaving safepoint region
[2019-12-08T09:54:40.295+0000][1][safepoint    ] Total time for which application threads were stopped: 0.0001774 seconds, Stopping threads took: 0.0000123 seconds
[2019-12-08T09:54:40.983+0000][1][safepoint    ] Application time: 0.6876925 seconds
[2019-12-08T09:54:40.983+0000][1][safepoint    ] Entering safepoint region: RevokeBias
[2019-12-08T09:54:40.983+0000][1][safepoint    ] Leaving safepoint region
[2019-12-08T09:54:40.983+0000][1][safepoint    ] Total time for which application threads were stopped: 0.0001200 seconds, Stopping threads took: 0.0000149 seconds
[2019-12-08T09:54:40.992+0000][1][safepoint    ] Application time: 0.0088284 seconds
[2019-12-08T09:54:40.992+0000][1][safepoint    ] Entering safepoint region: RevokeBias
[2019-12-08T09:54:40.992+0000][1][safepoint    ] Leaving safepoint region
[2019-12-08T09:54:40.992+0000][1][safepoint    ] Total time for which application threads were stopped: 0.0000989 seconds, Stopping threads took: 0.0000118 seconds
[2019-12-08T09:54:41.016+0000][1][safepoint    ] Application time: 0.0237666 seconds
[2019-12-08T09:54:41.016+0000][1][safepoint    ] Entering safepoint region: GenCollectForAllocation
[2019-12-08T09:54:41.016+0000][1][gc,start     ] GC(1) Pause Young (Allocation Failure)
[2019-12-08T09:54:41.016+0000][1][gc,task      ] GC(1) Using 4 workers of 4 for evacuation
[2019-12-08T09:54:41.107+0000][1][gc,age       ] GC(1) Desired survivor size 4456448 bytes, new threshold 6 (max threshold 6)
[2019-12-08T09:54:41.107+0000][1][gc,age       ] GC(1) Age table with threshold 6 (max threshold 6)
[2019-12-08T09:54:41.107+0000][1][gc,age       ] GC(1) - age   1:    1383032 bytes,    1383032 total
[2019-12-08T09:54:41.107+0000][1][gc,heap      ] GC(1) ParNew: 76357K->3899K(78656K)
[2019-12-08T09:54:41.107+0000][1][gc,heap      ] GC(1) CMS: 0K->6827K(174784K)
[2019-12-08T09:54:41.107+0000][1][gc,metaspace ] GC(1) Metaspace: 14818K->14818K(1062912K)
[2019-12-08T09:54:41.108+0000][1][gc           ] GC(1) Pause Young (Allocation Failure) 74M->10M(247M) 91.771ms
[2019-12-08T09:54:41.108+0000][1][gc,cpu       ] GC(1) User=0.07s Sys=0.00s Real=0.09s
[2019-12-08T09:54:41.108+0000][1][safepoint    ] Leaving safepoint region
[2019-12-08T09:54:41.108+0000][1][safepoint    ] Total time for which application threads were stopped: 0.0919186 seconds, Stopping threads took: 0.0000124 seconds
[2019-12-08T09:54:41.113+0000][1][safepoint    ] Application time: 0.0057011 seconds
[2019-12-08T09:54:41.123+0000][1][safepoint    ] Entering safepoint region: BulkRevokeBias
[2019-12-08T09:54:41.123+0000][1][safepoint    ] Leaving safepoint region
[2019-12-08T09:54:41.123+0000][1][safepoint    ] Total time for which application threads were stopped: 0.0095968 seconds, Stopping threads took: 0.0094984 seconds
[2019-12-08T09:54:41.123+0000][1][safepoint    ] Application time: 0.0001200 seconds
[2019-12-08T09:54:41.123+0000][1][safepoint    ] Entering safepoint region: RevokeBias
[2019-12-08T09:54:41.123+0000][1][safepoint    ] Leaving safepoint region
[2019-12-08T09:54:41.123+0000][1][safepoint    ] Total time for which application threads were stopped: 0.0000350 seconds, Stopping threads took: 0.0000083 seconds
[2019-12-08T09:54:41.123+0000][1][safepoint    ] Application time: 0.0000392 seconds
[2019-12-08T09:54:41.123+0000][1][safepoint    ] Entering safepoint region: RevokeBias
[2019-12-08T09:54:41.123+0000][1][safepoint    ] Leaving safepoint region
[2019-12-08T09:54:41.123+0000][1][safepoint    ] Total time for which application threads were stopped: 0.0000312 seconds, Stopping threads took: 0.0000072 seconds
[2019-12-08T09:54:41.123+0000][1][safepoint    ] Application time: 0.0000329 seconds
[2019-12-08T09:54:41.123+0000][1][safepoint    ] Entering safepoint region: RevokeBias
[2019-12-08T09:54:41.123+0000][1][safepoint    ] Leaving safepoint region
[2019-12-08T09:54:41.123+0000][1][safepoint    ] Total time for which application threads were stopped: 0.0000300 seconds, Stopping threads took: 0.0000068 seconds
[2019-12-08T09:54:41.123+0000][1][safepoint    ] Application time: 0.0000374 seconds
[2019-12-08T09:54:41.123+0000][1][safepoint    ] Entering safepoint region: RevokeBias
[2019-12-08T09:54:41.123+0000][1][safepoint    ] Leaving safepoint region
[2019-12-08T09:54:41.123+0000][1][safepoint    ] Total time for which application threads were stopped: 0.0000367 seconds, Stopping threads took: 0.0000068 seconds
[2019-12-08T09:54:41.123+0000][1][safepoint    ] Application time: 0.0000289 seconds
[2019-12-08T09:54:41.123+0000][1][safepoint    ] Entering safepoint region: RevokeBias
[2019-12-08T09:54:41.123+0000][1][safepoint    ] Leaving safepoint region
[2019-12-08T09:54:41.123+0000][1][safepoint    ] Total time for which application threads were stopped: 0.0000262 seconds, Stopping threads took: 0.0000060 seconds
[2019-12-08T09:54:41.123+0000][1][safepoint    ] Application time: 0.0000309 seconds
[2019-12-08T09:54:41.123+0000][1][safepoint    ] Entering safepoint region: BulkRevokeBias
[2019-12-08T09:54:41.123+0000][1][safepoint    ] Leaving safepoint region
[2019-12-08T09:54:41.123+0000][1][safepoint    ] Total time for which application threads were stopped: 0.0000510 seconds, Stopping threads took: 0.0000062 seconds
[2019-12-08T09:54:41.124+0000][1][safepoint    ] Application time: 0.0000297 seconds
[2019-12-08T09:54:41.124+0000][1][safepoint    ] Entering safepoint region: RevokeBias
[2019-12-08T09:54:41.124+0000][1][safepoint    ] Leaving safepoint region
[2019-12-08T09:54:41.124+0000][1][safepoint    ] Total time for which application threads were stopped: 0.0000274 seconds, Stopping threads took: 0.0000060 seconds
[2019-12-08T09:54:41.124+0000][1][safepoint    ] Application time: 0.0000308 seconds
[2019-12-08T09:54:41.124+0000][1][safepoint    ] Entering safepoint region: BulkRevokeBias
[2019-12-08T09:54:41.124+0000][1][safepoint    ] Leaving safepoint region
[2019-12-08T09:54:41.124+0000][1][safepoint    ] Total time for which application threads were stopped: 0.0000423 seconds, Stopping threads took: 0.0000059 seconds
[2019-12-08T09:54:41.318+0000][1][safepoint    ] Application time: 0.1943788 seconds
[2019-12-08T09:54:41.318+0000][1][safepoint    ] Entering safepoint region: RevokeBias
[2019-12-08T09:54:41.318+0000][1][safepoint    ] Leaving safepoint region
[2019-12-08T09:54:41.318+0000][1][safepoint    ] Total time for which application threads were stopped: 0.0001024 seconds, Stopping threads took: 0.0000132 seconds
[2019-12-08T09:54:41.360+0000][1][safepoint    ] Application time: 0.0417189 seconds
[2019-12-08T09:54:41.360+0000][1][safepoint    ] Entering safepoint region: RevokeBias
[2019-12-08T09:54:41.360+0000][1][safepoint    ] Leaving safepoint region
[2019-12-08T09:54:41.360+0000][1][safepoint    ] Total time for which application threads were stopped: 0.0000776 seconds, Stopping threads took: 0.0000131 seconds
[2019-12-08T09:54:41.769+0000][1][safepoint    ] Application time: 0.4093107 seconds
[2019-12-08T09:54:41.769+0000][1][safepoint    ] Entering safepoint region: GenCollectForAllocation
[2019-12-08T09:54:41.769+0000][1][gc,start     ] GC(2) Pause Young (Allocation Failure)
[2019-12-08T09:54:41.769+0000][1][gc,task      ] GC(2) Using 4 workers of 4 for evacuation
[2019-12-08T09:54:41.817+0000][1][gc,age       ] GC(2) Desired survivor size 4456448 bytes, new threshold 6 (max threshold 6)
[2019-12-08T09:54:41.817+0000][1][gc,age       ] GC(2) Age table with threshold 6 (max threshold 6)
[2019-12-08T09:54:41.817+0000][1][gc,age       ] GC(2) - age   1:     679448 bytes,     679448 total
[2019-12-08T09:54:41.817+0000][1][gc,age       ] GC(2) - age   2:    1120616 bytes,    1800064 total
[2019-12-08T09:54:41.817+0000][1][gc,heap      ] GC(2) ParNew: 73851K->2345K(78656K)
[2019-12-08T09:54:41.817+0000][1][gc,heap      ] GC(2) CMS: 6827K->6827K(174784K)
[2019-12-08T09:54:41.817+0000][1][gc,metaspace ] GC(2) Metaspace: 14930K->14930K(1062912K)
[2019-12-08T09:54:41.817+0000][1][gc           ] GC(2) Pause Young (Allocation Failure) 78M->8M(247M) 47.180ms
[2019-12-08T09:54:41.817+0000][1][gc,cpu       ] GC(2) User=0.03s Sys=0.00s Real=0.05s
[2019-12-08T09:54:41.817+0000][1][safepoint    ] Leaving safepoint region
[2019-12-08T09:54:41.817+0000][1][safepoint    ] Total time for which application threads were stopped: 0.0473626 seconds, Stopping threads took: 0.0000136 seconds
[2019-12-08T09:54:41.840+0000][1][safepoint    ] Application time: 0.0229888 seconds
[2019-12-08T09:54:41.840+0000][1][safepoint    ] Entering safepoint region: RevokeBias
[2019-12-08T09:54:41.840+0000][1][safepoint    ] Leaving safepoint region
[2019-12-08T09:54:41.840+0000][1][safepoint    ] Total time for which application threads were stopped: 0.0001198 seconds, Stopping threads took: 0.0000127 seconds
[2019-12-08T09:54:41.858+0000][1][safepoint    ] Application time: 0.0180790 seconds
[2019-12-08T09:54:41.858+0000][1][safepoint    ] Entering safepoint region: RevokeBias
[2019-12-08T09:54:41.858+0000][1][safepoint    ] Leaving safepoint region
[2019-12-08T09:54:41.858+0000][1][safepoint    ] Total time for which application threads were stopped: 0.0000904 seconds, Stopping threads took: 0.0000143 seconds
[2019-12-08T09:54:41.858+0000][1][safepoint    ] Application time: 0.0000662 seconds
[2019-12-08T09:54:41.858+0000][1][safepoint    ] Entering safepoint region: RevokeBias
[2019-12-08T09:54:41.858+0000][1][safepoint    ] Leaving safepoint region
[2019-12-08T09:54:41.858+0000][1][safepoint    ] Total time for which application threads were stopped: 0.0000408 seconds, Stopping threads took: 0.0000072 seconds
[2019-12-08T09:54:41.858+0000][1][safepoint    ] Application time: 0.0000456 seconds
[2019-12-08T09:54:41.858+0000][1][safepoint    ] Entering safepoint region: RevokeBias
[2019-12-08T09:54:41.858+0000][1][safepoint    ] Leaving safepoint region
[2019-12-08T09:54:41.858+0000][1][safepoint    ] Total time for which application threads were stopped: 0.0000410 seconds, Stopping threads took: 0.0000063 seconds
[2019-12-08T09:54:41.858+0000][1][safepoint    ] Application time: 0.0000489 seconds
[2019-12-08T09:54:41.858+0000][1][safepoint    ] Entering safepoint region: RevokeBias
[2019-12-08T09:54:41.858+0000][1][safepoint    ] Leaving safepoint region
[2019-12-08T09:54:41.858+0000][1][safepoint    ] Total time for which application threads were stopped: 0.0000429 seconds, Stopping threads took: 0.0000072 seconds
[2019-12-08T09:54:41.858+0000][1][safepoint    ] Application time: 0.0000445 seconds
[2019-12-08T09:54:41.858+0000][1][safepoint    ] Entering safepoint region: RevokeBias
[2019-12-08T09:54:41.859+0000][1][safepoint    ] Leaving safepoint region
[2019-12-08T09:54:41.859+0000][1][safepoint    ] Total time for which application threads were stopped: 0.0000354 seconds, Stopping threads took: 0.0000066 seconds
[2019-12-08T09:54:41.859+0000][1][safepoint    ] Application time: 0.0000483 seconds
[2019-12-08T09:54:41.859+0000][1][safepoint    ] Entering safepoint region: RevokeBias
[2019-12-08T09:54:41.859+0000][1][safepoint    ] Leaving safepoint region
[2019-12-08T09:54:41.859+0000][1][safepoint    ] Total time for which application threads were stopped: 0.0000489 seconds, Stopping threads took: 0.0000180 seconds
[2019-12-08T09:54:41.859+0000][1][safepoint    ] Application time: 0.0000430 seconds
[2019-12-08T09:54:41.859+0000][1][safepoint    ] Entering safepoint region: RevokeBias
[2019-12-08T09:54:41.859+0000][1][safepoint    ] Leaving safepoint region
[2019-12-08T09:54:41.859+0000][1][safepoint    ] Total time for which application threads were stopped: 0.0000518 seconds, Stopping threads took: 0.0000184 seconds
[2019-12-08T09:54:41.859+0000][1][safepoint    ] Application time: 0.0000463 seconds
[2019-12-08T09:54:41.859+0000][1][safepoint    ] Entering safepoint region: RevokeBias
[2019-12-08T09:54:41.859+0000][1][safepoint    ] Leaving safepoint region
[2019-12-08T09:54:41.859+0000][1][safepoint    ] Total time for which application threads were stopped: 0.0000355 seconds, Stopping threads took: 0.0000064 seconds
[2019-12-08T09:54:41.859+0000][1][safepoint    ] Application time: 0.0000439 seconds
[2019-12-08T09:54:41.859+0000][1][safepoint    ] Entering safepoint region: RevokeBias
[2019-12-08T09:54:41.859+0000][1][safepoint    ] Leaving safepoint region
[2019-12-08T09:54:41.859+0000][1][safepoint    ] Total time for which application threads were stopped: 0.0000353 seconds, Stopping threads took: 0.0000065 seconds
[2019-12-08T09:54:41.859+0000][1][safepoint    ] Application time: 0.0000461 seconds
[2019-12-08T09:54:41.859+0000][1][safepoint    ] Entering safepoint region: RevokeBias
[2019-12-08T09:54:41.859+0000][1][safepoint    ] Leaving safepoint region
[2019-12-08T09:54:41.859+0000][1][safepoint    ] Total time for which application threads were stopped: 0.0000366 seconds, Stopping threads took: 0.0000066 seconds
[2019-12-08T09:54:41.859+0000][1][safepoint    ] Application time: 0.0000429 seconds
[2019-12-08T09:54:41.859+0000][1][safepoint    ] Entering safepoint region: RevokeBias
[2019-12-08T09:54:41.859+0000][1][safepoint    ] Leaving safepoint region
[2019-12-08T09:54:41.859+0000][1][safepoint    ] Total time for which application threads were stopped: 0.0000360 seconds, Stopping threads took: 0.0000065 seconds
[2019-12-08T09:54:41.859+0000][1][safepoint    ] Application time: 0.0000470 seconds
[2019-12-08T09:54:41.859+0000][1][safepoint    ] Entering safepoint region: RevokeBias
[2019-12-08T09:54:41.859+0000][1][safepoint    ] Leaving safepoint region
[2019-12-08T09:54:41.859+0000][1][safepoint    ] Total time for which application threads were stopped: 0.0000364 seconds, Stopping threads took: 0.0000064 seconds
[2019-12-08T09:54:41.859+0000][1][safepoint    ] Application time: 0.0000485 seconds
[2019-12-08T09:54:41.859+0000][1][safepoint    ] Entering safepoint region: RevokeBias
[2019-12-08T09:54:41.859+0000][1][safepoint    ] Leaving safepoint region
[2019-12-08T09:54:41.859+0000][1][safepoint    ] Total time for which application threads were stopped: 0.0000369 seconds, Stopping threads took: 0.0000064 seconds
[2019-12-08T09:54:42.405+0000][1][safepoint    ] Application time: 0.5460586 seconds
[2019-12-08T09:54:42.405+0000][1][safepoint    ] Entering safepoint region: Deoptimize
[2019-12-08T09:54:42.406+0000][1][safepoint    ] Leaving safepoint region
[2019-12-08T09:54:42.406+0000][1][safepoint    ] Total time for which application threads were stopped: 0.0004162 seconds, Stopping threads took: 0.0000120 seconds
[2019-12-08T09:54:42.409+0000][1][safepoint    ] Application time: 0.0033920 seconds
[2019-12-08T09:54:42.409+0000][1][safepoint    ] Entering safepoint region: Deoptimize
[2019-12-08T09:54:42.410+0000][1][safepoint    ] Leaving safepoint region
[2019-12-08T09:54:42.410+0000][1][safepoint    ] Total time for which application threads were stopped: 0.0003128 seconds, Stopping threads took: 0.0000124 seconds
[2019-12-08T09:54:43.274+0000][1][safepoint    ] Application time: 0.8645742 seconds
[2019-12-08T09:54:43.274+0000][1][safepoint    ] Entering safepoint region: GenCollectForAllocation
[2019-12-08T09:54:43.274+0000][1][gc,start     ] GC(3) Pause Young (Allocation Failure)
[2019-12-08T09:54:43.274+0000][1][gc,task      ] GC(3) Using 4 workers of 4 for evacuation
[2019-12-08T09:54:43.295+0000][1][gc,age       ] GC(3) Desired survivor size 4456448 bytes, new threshold 3 (max threshold 6)
[2019-12-08T09:54:43.295+0000][1][gc,age       ] GC(3) Age table with threshold 3 (max threshold 6)
[2019-12-08T09:54:43.295+0000][1][gc,age       ] GC(3) - age   1:    3633776 bytes,    3633776 total
[2019-12-08T09:54:43.295+0000][1][gc,age       ] GC(3) - age   2:     665552 bytes,    4299328 total
[2019-12-08T09:54:43.295+0000][1][gc,age       ] GC(3) - age   3:    1118536 bytes,    5417864 total
[2019-12-08T09:54:43.295+0000][1][gc,heap      ] GC(3) ParNew: 72297K->5942K(78656K)
[2019-12-08T09:54:43.295+0000][1][gc,heap      ] GC(3) CMS: 6827K->6827K(174784K)
[2019-12-08T09:54:43.295+0000][1][gc,metaspace ] GC(3) Metaspace: 18428K->18428K(1067008K)
[2019-12-08T09:54:43.295+0000][1][gc           ] GC(3) Pause Young (Allocation Failure) 77M->12M(247M) 20.652ms
[2019-12-08T09:54:43.295+0000][1][gc,cpu       ] GC(3) User=0.01s Sys=0.00s Real=0.02s
[2019-12-08T09:54:43.295+0000][1][safepoint    ] Leaving safepoint region
[2019-12-08T09:54:43.295+0000][1][safepoint    ] Total time for which application threads were stopped: 0.0208298 seconds, Stopping threads took: 0.0000206 seconds
[2019-12-08T09:54:43.308+0000][1][safepoint    ] Application time: 0.0130855 seconds
[2019-12-08T09:54:43.308+0000][1][safepoint    ] Entering safepoint region: BulkRevokeBias
[2019-12-08T09:54:43.308+0000][1][safepoint    ] Leaving safepoint region
[2019-12-08T09:54:43.308+0000][1][safepoint    ] Total time for which application threads were stopped: 0.0001058 seconds, Stopping threads took: 0.0000124 seconds
[2019-12-08T09:54:43.308+0000][1][safepoint    ] Application time: 0.0000919 seconds
[2019-12-08T09:54:43.308+0000][1][safepoint    ] Entering safepoint region: RevokeBias
[2019-12-08T09:54:43.308+0000][1][safepoint    ] Leaving safepoint region
[2019-12-08T09:54:43.308+0000][1][safepoint    ] Total time for which application threads were stopped: 0.0000399 seconds, Stopping threads took: 0.0000080 seconds
[2019-12-08T09:54:43.308+0000][1][safepoint    ] Application time: 0.0000589 seconds
[2019-12-08T09:54:43.308+0000][1][safepoint    ] Entering safepoint region: RevokeBias
[2019-12-08T09:54:43.308+0000][1][safepoint    ] Leaving safepoint region
[2019-12-08T09:54:43.308+0000][1][safepoint    ] Total time for which application threads were stopped: 0.0000369 seconds, Stopping threads took: 0.0000074 seconds
[2019-12-08T09:54:43.309+0000][1][safepoint    ] Application time: 0.0000502 seconds
[2019-12-08T09:54:43.309+0000][1][safepoint    ] Entering safepoint region: RevokeBias
[2019-12-08T09:54:43.309+0000][1][safepoint    ] Leaving safepoint region
[2019-12-08T09:54:43.309+0000][1][safepoint    ] Total time for which application threads were stopped: 0.0000348 seconds, Stopping threads took: 0.0000072 seconds
[2019-12-08T09:54:43.309+0000][1][safepoint    ] Application time: 0.0000539 seconds
[2019-12-08T09:54:43.309+0000][1][safepoint    ] Entering safepoint region: RevokeBias
[2019-12-08T09:54:43.309+0000][1][safepoint    ] Leaving safepoint region
[2019-12-08T09:54:43.309+0000][1][safepoint    ] Total time for which application threads were stopped: 0.0000545 seconds, Stopping threads took: 0.0000074 seconds
[2019-12-08T09:54:43.309+0000][1][safepoint    ] Application time: 0.0000615 seconds
[2019-12-08T09:54:43.309+0000][1][safepoint    ] Entering safepoint region: RevokeBias
[2019-12-08T09:54:43.309+0000][1][safepoint    ] Leaving safepoint region
[2019-12-08T09:54:43.309+0000][1][safepoint    ] Total time for which application threads were stopped: 0.0000365 seconds, Stopping threads took: 0.0000072 seconds
[2019-12-08T09:54:43.309+0000][1][safepoint    ] Application time: 0.0000485 seconds
[2019-12-08T09:54:43.309+0000][1][safepoint    ] Entering safepoint region: RevokeBias
[2019-12-08T09:54:43.309+0000][1][safepoint    ] Leaving safepoint region
[2019-12-08T09:54:43.309+0000][1][safepoint    ] Total time for which application threads were stopped: 0.0000389 seconds, Stopping threads took: 0.0000121 seconds
[2019-12-08T09:54:43.309+0000][1][safepoint    ] Application time: 0.0000995 seconds
[2019-12-08T09:54:43.309+0000][1][safepoint    ] Entering safepoint region: RevokeBias
[2019-12-08T09:54:43.309+0000][1][safepoint    ] Leaving safepoint region
[2019-12-08T09:54:43.309+0000][1][safepoint    ] Total time for which application threads were stopped: 0.0000369 seconds, Stopping threads took: 0.0000075 seconds
[2019-12-08T09:54:43.309+0000][1][safepoint    ] Application time: 0.0000444 seconds
[2019-12-08T09:54:43.309+0000][1][safepoint    ] Entering safepoint region: RevokeBias
[2019-12-08T09:54:43.309+0000][1][safepoint    ] Leaving safepoint region
[2019-12-08T09:54:43.309+0000][1][safepoint    ] Total time for which application threads were stopped: 0.0000312 seconds, Stopping threads took: 0.0000065 seconds
[2019-12-08T09:54:43.309+0000][1][safepoint    ] Application time: 0.0000475 seconds
[2019-12-08T09:54:43.309+0000][1][safepoint    ] Entering safepoint region: RevokeBias
[2019-12-08T09:54:43.309+0000][1][safepoint    ] Leaving safepoint region
[2019-12-08T09:54:43.309+0000][1][safepoint    ] Total time for which application threads were stopped: 0.0000330 seconds, Stopping threads took: 0.0000068 seconds
[2019-12-08T09:54:43.309+0000][1][safepoint    ] Application time: 0.0000433 seconds
[2019-12-08T09:54:43.309+0000][1][safepoint    ] Entering safepoint region: RevokeBias
[2019-12-08T09:54:43.309+0000][1][safepoint    ] Leaving safepoint region
[2019-12-08T09:54:43.309+0000][1][safepoint    ] Total time for which application threads were stopped: 0.0000309 seconds, Stopping threads took: 0.0000069 seconds
[2019-12-08T09:54:43.323+0000][1][safepoint    ] Application time: 0.0134550 seconds
[2019-12-08T09:54:43.323+0000][1][safepoint    ] Entering safepoint region: RevokeBias
[2019-12-08T09:54:43.323+0000][1][safepoint    ] Leaving safepoint region
[2019-12-08T09:54:43.323+0000][1][safepoint    ] Total time for which application threads were stopped: 0.0000676 seconds, Stopping threads took: 0.0000111 seconds
[2019-12-08T09:54:43.787+0000][1][safepoint    ] Application time: 0.4645191 seconds
[2019-12-08T09:54:43.787+0000][1][safepoint    ] Entering safepoint region: GenCollectForAllocation
[2019-12-08T09:54:43.788+0000][1][gc,start     ] GC(4) Pause Young (Allocation Failure)
[2019-12-08T09:54:43.788+0000][1][gc,task      ] GC(4) Using 4 workers of 4 for evacuation
[2019-12-08T09:54:43.829+0000][1][gc,age       ] GC(4) Desired survivor size 4456448 bytes, new threshold 2 (max threshold 6)
[2019-12-08T09:54:43.829+0000][1][gc,age       ] GC(4) Age table with threshold 2 (max threshold 6)
[2019-12-08T09:54:43.829+0000][1][gc,age       ] GC(4) - age   1:    1953192 bytes,    1953192 total
[2019-12-08T09:54:43.829+0000][1][gc,age       ] GC(4) - age   2:    3071000 bytes,    5024192 total
[2019-12-08T09:54:43.829+0000][1][gc,age       ] GC(4) - age   3:     665552 bytes,    5689744 total
[2019-12-08T09:54:43.829+0000][1][gc,heap      ] GC(4) ParNew: 75894K->7418K(78656K)
[2019-12-08T09:54:43.829+0000][1][gc,heap      ] GC(4) CMS: 6827K->7935K(174784K)
[2019-12-08T09:54:43.829+0000][1][gc,metaspace ] GC(4) Metaspace: 18637K->18637K(1067008K)
[2019-12-08T09:54:43.829+0000][1][gc           ] GC(4) Pause Young (Allocation Failure) 80M->14M(247M) 41.664ms
[2019-12-08T09:54:43.829+0000][1][gc,cpu       ] GC(4) User=0.04s Sys=0.00s Real=0.04s
[2019-12-08T09:54:43.829+0000][1][safepoint    ] Leaving safepoint region
[2019-12-08T09:54:43.829+0000][1][safepoint    ] Total time for which application threads were stopped: 0.0418013 seconds, Stopping threads took: 0.0000142 seconds
[2019-12-08T09:54:43.831+0000][1][safepoint    ] Application time: 0.0015400 seconds
[2019-12-08T09:54:43.835+0000][1][safepoint    ] Entering safepoint region: RevokeBias
[2019-12-08T09:54:43.835+0000][1][safepoint    ] Leaving safepoint region
[2019-12-08T09:54:43.835+0000][1][safepoint    ] Total time for which application threads were stopped: 0.0040297 seconds, Stopping threads took: 0.0039595 seconds
[2019-12-08T09:54:43.835+0000][1][safepoint    ] Application time: 0.0000488 seconds
[2019-12-08T09:54:43.835+0000][1][safepoint    ] Entering safepoint region: RevokeBias
[2019-12-08T09:54:43.835+0000][1][safepoint    ] Leaving safepoint region
[2019-12-08T09:54:43.835+0000][1][safepoint    ] Total time for which application threads were stopped: 0.0000395 seconds, Stopping threads took: 0.0000070 seconds
[2019-12-08T09:54:43.835+0000][1][safepoint    ] Application time: 0.0000372 seconds
[2019-12-08T09:54:43.835+0000][1][safepoint    ] Entering safepoint region: RevokeBias
[2019-12-08T09:54:43.835+0000][1][safepoint    ] Leaving safepoint region
[2019-12-08T09:54:43.835+0000][1][safepoint    ] Total time for which application threads were stopped: 0.0000342 seconds, Stopping threads took: 0.0000059 seconds
[2019-12-08T09:54:43.835+0000][1][safepoint    ] Application time: 0.0000281 seconds
[2019-12-08T09:54:43.835+0000][1][safepoint    ] Entering safepoint region: RevokeBias
[2019-12-08T09:54:43.835+0000][1][safepoint    ] Leaving safepoint region
[2019-12-08T09:54:43.835+0000][1][safepoint    ] Total time for which application threads were stopped: 0.0000336 seconds, Stopping threads took: 0.0000060 seconds
[2019-12-08T09:54:43.863+0000][1][safepoint    ] Application time: 0.0278407 seconds
[2019-12-08T09:54:43.863+0000][1][safepoint    ] Entering safepoint region: Deoptimize
[2019-12-08T09:54:43.863+0000][1][safepoint    ] Leaving safepoint region
[2019-12-08T09:54:43.863+0000][1][safepoint    ] Total time for which application threads were stopped: 0.0003884 seconds, Stopping threads took: 0.0000125 seconds
[2019-12-08T09:54:43.957+0000][1][safepoint    ] Application time: 0.0935218 seconds
[2019-12-08T09:54:43.957+0000][1][safepoint    ] Entering safepoint region: Deoptimize
[2019-12-08T09:54:43.957+0000][1][safepoint    ] Leaving safepoint region
[2019-12-08T09:54:43.957+0000][1][safepoint    ] Total time for which application threads were stopped: 0.0004124 seconds, Stopping threads took: 0.0000105 seconds
[2019-12-08T09:54:43.961+0000][1][safepoint    ] Application time: 0.0039414 seconds
[2019-12-08T09:54:43.961+0000][1][safepoint    ] Entering safepoint region: RevokeBias
[2019-12-08T09:54:43.961+0000][1][safepoint    ] Leaving safepoint region
[2019-12-08T09:54:43.961+0000][1][safepoint    ] Total time for which application threads were stopped: 0.0000653 seconds, Stopping threads took: 0.0000118 seconds
[2019-12-08T09:54:44.204+0000][1][safepoint    ] Application time: 0.2427431 seconds
[2019-12-08T09:54:44.204+0000][1][safepoint    ] Entering safepoint region: GenCollectForAllocation
[2019-12-08T09:54:44.204+0000][1][gc,start     ] GC(5) Pause Young (Allocation Failure)
[2019-12-08T09:54:44.204+0000][1][gc,task      ] GC(5) Using 4 workers of 4 for evacuation
[2019-12-08T09:54:44.228+0000][1][gc,age       ] GC(5) Desired survivor size 4456448 bytes, new threshold 6 (max threshold 6)
[2019-12-08T09:54:44.228+0000][1][gc,age       ] GC(5) Age table with threshold 6 (max threshold 6)
[2019-12-08T09:54:44.228+0000][1][gc,age       ] GC(5) - age   1:    2861360 bytes,    2861360 total
[2019-12-08T09:54:44.228+0000][1][gc,age       ] GC(5) - age   2:     443368 bytes,    3304728 total
[2019-12-08T09:54:44.228+0000][1][gc,heap      ] GC(5) ParNew: 77370K->5072K(78656K)
[2019-12-08T09:54:44.228+0000][1][gc,heap      ] GC(5) CMS: 7935K->11614K(174784K)
[2019-12-08T09:54:44.228+0000][1][gc,metaspace ] GC(5) Metaspace: 18975K->18975K(1067008K)
[2019-12-08T09:54:44.228+0000][1][gc           ] GC(5) Pause Young (Allocation Failure) 83M->16M(247M) 24.158ms
[2019-12-08T09:54:44.228+0000][1][gc,cpu       ] GC(5) User=0.03s Sys=0.00s Real=0.02s
[2019-12-08T09:54:44.228+0000][1][safepoint    ] Leaving safepoint region
[2019-12-08T09:54:44.228+0000][1][safepoint    ] Total time for which application threads were stopped: 0.0242944 seconds, Stopping threads took: 0.0000139 seconds
[2019-12-08T09:54:44.232+0000][1][safepoint    ] Application time: 0.0033234 seconds
[2019-12-08T09:54:44.245+0000][1][safepoint    ] Entering safepoint region: RevokeBias
[2019-12-08T09:54:44.245+0000][1][safepoint    ] Leaving safepoint region
[2019-12-08T09:54:44.245+0000][1][safepoint    ] Total time for which application threads were stopped: 0.0129983 seconds, Stopping threads took: 0.0129269 seconds
[2019-12-08T09:54:44.245+0000][1][safepoint    ] Application time: 0.0000712 seconds
[2019-12-08T09:54:44.245+0000][1][safepoint    ] Entering safepoint region: RevokeBias
[2019-12-08T09:54:44.245+0000][1][safepoint    ] Leaving safepoint region
[2019-12-08T09:54:44.245+0000][1][safepoint    ] Total time for which application threads were stopped: 0.0000578 seconds, Stopping threads took: 0.0000095 seconds
[2019-12-08T09:54:44.245+0000][1][safepoint    ] Application time: 0.0000604 seconds
[2019-12-08T09:54:44.245+0000][1][safepoint    ] Entering safepoint region: RevokeBias
[2019-12-08T09:54:44.245+0000][1][safepoint    ] Leaving safepoint region
[2019-12-08T09:54:44.245+0000][1][safepoint    ] Total time for which application threads were stopped: 0.0000501 seconds, Stopping threads took: 0.0000076 seconds
[2019-12-08T09:54:44.245+0000][1][safepoint    ] Application time: 0.0000520 seconds
[2019-12-08T09:54:44.245+0000][1][safepoint    ] Entering safepoint region: RevokeBias
[2019-12-08T09:54:44.245+0000][1][safepoint    ] Leaving safepoint region
[2019-12-08T09:54:44.245+0000][1][safepoint    ] Total time for which application threads were stopped: 0.0000454 seconds, Stopping threads took: 0.0000073 seconds
[2019-12-08T09:54:44.245+0000][1][safepoint    ] Application time: 0.0000584 seconds
[2019-12-08T09:54:44.245+0000][1][safepoint    ] Entering safepoint region: RevokeBias
[2019-12-08T09:54:44.245+0000][1][safepoint    ] Leaving safepoint region
[2019-12-08T09:54:44.245+0000][1][safepoint    ] Total time for which application threads were stopped: 0.0000447 seconds, Stopping threads took: 0.0000072 seconds
[2019-12-08T09:54:44.245+0000][1][safepoint    ] Application time: 0.0000503 seconds
[2019-12-08T09:54:44.245+0000][1][safepoint    ] Entering safepoint region: RevokeBias
[2019-12-08T09:54:44.245+0000][1][safepoint    ] Leaving safepoint region
[2019-12-08T09:54:44.245+0000][1][safepoint    ] Total time for which application threads were stopped: 0.0000454 seconds, Stopping threads took: 0.0000071 seconds
[2019-12-08T09:54:44.440+0000][1][safepoint    ] Application time: 0.1943011 seconds
[2019-12-08T09:54:44.440+0000][1][safepoint    ] Entering safepoint region: RevokeBias
[2019-12-08T09:54:44.440+0000][1][safepoint    ] Leaving safepoint region
[2019-12-08T09:54:44.440+0000][1][safepoint    ] Total time for which application threads were stopped: 0.0000946 seconds, Stopping threads took: 0.0000124 seconds
[2019-12-08T09:54:44.445+0000][1][safepoint    ] Application time: 0.0053299 seconds
[2019-12-08T09:54:44.445+0000][1][safepoint    ] Entering safepoint region: RevokeBias
[2019-12-08T09:54:44.445+0000][1][safepoint    ] Leaving safepoint region
[2019-12-08T09:54:44.445+0000][1][safepoint    ] Total time for which application threads were stopped: 0.0000552 seconds, Stopping threads took: 0.0000115 seconds
[2019-12-08T09:54:44.512+0000][1][safepoint    ] Application time: 0.0670804 seconds
[2019-12-08T09:54:44.512+0000][1][safepoint    ] Entering safepoint region: GenCollectForAllocation
[2019-12-08T09:54:44.513+0000][1][gc,start     ] GC(6) Pause Young (Allocation Failure)
[2019-12-08T09:54:44.513+0000][1][gc,task      ] GC(6) Using 4 workers of 4 for evacuation
[2019-12-08T09:54:44.532+0000][1][gc,age       ] GC(6) Desired survivor size 4456448 bytes, new threshold 6 (max threshold 6)
[2019-12-08T09:54:44.532+0000][1][gc,age       ] GC(6) Age table with threshold 6 (max threshold 6)
[2019-12-08T09:54:44.532+0000][1][gc,age       ] GC(6) - age   1:    1570112 bytes,    1570112 total
[2019-12-08T09:54:44.532+0000][1][gc,age       ] GC(6) - age   2:    2191168 bytes,    3761280 total
[2019-12-08T09:54:44.532+0000][1][gc,age       ] GC(6) - age   3:     443368 bytes,    4204648 total
[2019-12-08T09:54:44.532+0000][1][gc,heap      ] GC(6) ParNew: 75024K->5205K(78656K)
[2019-12-08T09:54:44.532+0000][1][gc,heap      ] GC(6) CMS: 11614K->11614K(174784K)
[2019-12-08T09:54:44.532+0000][1][gc,metaspace ] GC(6) Metaspace: 19287K->19287K(1067008K)
[2019-12-08T09:54:44.532+0000][1][gc           ] GC(6) Pause Young (Allocation Failure) 84M->16M(247M) 19.417ms
[2019-12-08T09:54:44.532+0000][1][gc,cpu       ] GC(6) User=0.02s Sys=0.00s Real=0.02s
[2019-12-08T09:54:44.532+0000][1][safepoint    ] Leaving safepoint region
[2019-12-08T09:54:44.532+0000][1][safepoint    ] Total time for which application threads were stopped: 0.0195609 seconds, Stopping threads took: 0.0000366 seconds
[2019-12-08T09:54:44.534+0000][1][safepoint    ] Application time: 0.0018090 seconds
[2019-12-08T09:54:44.542+0000][1][safepoint    ] Entering safepoint region: RevokeBias
[2019-12-08T09:54:44.542+0000][1][safepoint    ] Leaving safepoint region
[2019-12-08T09:54:44.542+0000][1][safepoint    ] Total time for which application threads were stopped: 0.0080654 seconds, Stopping threads took: 0.0079265 seconds
[2019-12-08T09:54:44.542+0000][1][safepoint    ] Application time: 0.0000638 seconds
[2019-12-08T09:54:44.542+0000][1][safepoint    ] Entering safepoint region: BulkRevokeBias
[2019-12-08T09:54:44.542+0000][1][safepoint    ] Leaving safepoint region
[2019-12-08T09:54:44.542+0000][1][safepoint    ] Total time for which application threads were stopped: 0.0001812 seconds, Stopping threads took: 0.0000075 seconds
[2019-12-08T09:54:44.542+0000][1][safepoint    ] Application time: 0.0000584 seconds
[2019-12-08T09:54:44.542+0000][1][safepoint    ] Entering safepoint region: BulkRevokeBias
[2019-12-08T09:54:44.542+0000][1][safepoint    ] Leaving safepoint region
[2019-12-08T09:54:44.542+0000][1][safepoint    ] Total time for which application threads were stopped: 0.0000963 seconds, Stopping threads took: 0.0000073 seconds
[2019-12-08T09:54:44.918+0000][1][safepoint    ] Application time: 0.3753661 seconds
[2019-12-08T09:54:44.918+0000][1][safepoint    ] Entering safepoint region: GenCollectForAllocation
[2019-12-08T09:54:44.918+0000][1][gc,start     ] GC(7) Pause Young (Allocation Failure)
[2019-12-08T09:54:44.918+0000][1][gc,task      ] GC(7) Using 4 workers of 4 for evacuation
[2019-12-08T09:54:44.944+0000][1][gc,age       ] GC(7) Desired survivor size 4456448 bytes, new threshold 6 (max threshold 6)
[2019-12-08T09:54:44.944+0000][1][gc,age       ] GC(7) Age table with threshold 6 (max threshold 6)
[2019-12-08T09:54:44.944+0000][1][gc,age       ] GC(7) - age   1:     396568 bytes,     396568 total
[2019-12-08T09:54:44.944+0000][1][gc,age       ] GC(7) - age   2:    1128888 bytes,    1525456 total
[2019-12-08T09:54:44.944+0000][1][gc,age       ] GC(7) - age   3:    2191088 bytes,    3716544 total
[2019-12-08T09:54:44.944+0000][1][gc,age       ] GC(7) - age   4:     443368 bytes,    4159912 total
[2019-12-08T09:54:44.944+0000][1][gc,heap      ] GC(7) ParNew: 75157K->5333K(78656K)
[2019-12-08T09:54:44.944+0000][1][gc,heap      ] GC(7) CMS: 11614K->11614K(174784K)
[2019-12-08T09:54:44.944+0000][1][gc,metaspace ] GC(7) Metaspace: 19569K->19569K(1067008K)
[2019-12-08T09:54:44.944+0000][1][gc           ] GC(7) Pause Young (Allocation Failure) 84M->16M(247M) 25.757ms
[2019-12-08T09:54:44.944+0000][1][gc,cpu       ] GC(7) User=0.00s Sys=0.00s Real=0.03s
[2019-12-08T09:54:44.944+0000][1][safepoint    ] Leaving safepoint region
[2019-12-08T09:54:44.944+0000][1][safepoint    ] Total time for which application threads were stopped: 0.0259566 seconds, Stopping threads took: 0.0000121 seconds
[2019-12-08T09:54:45.200+0000][1][safepoint    ] Application time: 0.2559305 seconds
[2019-12-08T09:54:45.200+0000][1][safepoint    ] Entering safepoint region: CollectForMetadataAllocation
[2019-12-08T09:54:45.200+0000][1][safepoint    ] Leaving safepoint region
[2019-12-08T09:54:45.200+0000][1][safepoint    ] Total time for which application threads were stopped: 0.0003079 seconds, Stopping threads took: 0.0000314 seconds
[2019-12-08T09:54:45.344+0000][1][safepoint    ] Application time: 0.1441054 seconds
[2019-12-08T09:54:45.344+0000][1][safepoint    ] Entering safepoint region: CollectForMetadataAllocation
[2019-12-08T09:54:45.344+0000][1][safepoint    ] Leaving safepoint region
[2019-12-08T09:54:45.344+0000][1][safepoint    ] Total time for which application threads were stopped: 0.0002483 seconds, Stopping threads took: 0.0000145 seconds
[2019-12-08T09:54:45.622+0000][1][safepoint    ] Application time: 0.2772130 seconds
[2019-12-08T09:54:45.622+0000][1][safepoint    ] Entering safepoint region: GenCollectForAllocation
[2019-12-08T09:54:45.622+0000][1][gc,start     ] GC(8) Pause Young (Allocation Failure)
[2019-12-08T09:54:45.622+0000][1][gc,task      ] GC(8) Using 4 workers of 4 for evacuation
[2019-12-08T09:54:45.646+0000][1][gc,age       ] GC(8) Desired survivor size 4456448 bytes, new threshold 4 (max threshold 6)
[2019-12-08T09:54:45.646+0000][1][gc,age       ] GC(8) Age table with threshold 4 (max threshold 6)
[2019-12-08T09:54:45.646+0000][1][gc,age       ] GC(8) - age   1:     982192 bytes,     982192 total
[2019-12-08T09:54:45.646+0000][1][gc,age       ] GC(8) - age   2:     378272 bytes,    1360464 total
[2019-12-08T09:54:45.646+0000][1][gc,age       ] GC(8) - age   3:    1128744 bytes,    2489208 total
[2019-12-08T09:54:45.646+0000][1][gc,age       ] GC(8) - age   4:    2188872 bytes,    4678080 total
[2019-12-08T09:54:45.646+0000][1][gc,age       ] GC(8) - age   5:     443368 bytes,    5121448 total
[2019-12-08T09:54:45.646+0000][1][gc,heap      ] GC(8) ParNew: 75285K->5514K(78656K)
[2019-12-08T09:54:45.646+0000][1][gc,heap      ] GC(8) CMS: 11614K->11614K(174784K)
[2019-12-08T09:54:45.646+0000][1][gc,metaspace ] GC(8) Metaspace: 20376K->20376K(1069056K)
[2019-12-08T09:54:45.646+0000][1][gc           ] GC(8) Pause Young (Allocation Failure) 84M->16M(247M) 24.200ms
[2019-12-08T09:54:45.646+0000][1][gc,cpu       ] GC(8) User=0.02s Sys=0.00s Real=0.02s
[2019-12-08T09:54:45.646+0000][1][safepoint    ] Leaving safepoint region
[2019-12-08T09:54:45.646+0000][1][safepoint    ] Total time for which application threads were stopped: 0.0243366 seconds, Stopping threads took: 0.0000134 seconds
[2019-12-08T09:54:45.650+0000][1][safepoint    ] Application time: 0.0037521 seconds
[2019-12-08T09:54:45.650+0000][1][safepoint    ] Entering safepoint region: CMS_Initial_Mark
[2019-12-08T09:54:45.650+0000][1][gc,start     ] GC(9) Pause Initial Mark
[2019-12-08T09:54:45.656+0000][1][gc           ] GC(9) Pause Initial Mark 20M->20M(247M) 5.894ms
[2019-12-08T09:54:45.656+0000][1][gc,cpu       ] GC(9) User=0.01s Sys=0.00s Real=0.01s
[2019-12-08T09:54:45.656+0000][1][safepoint    ] Leaving safepoint region
[2019-12-08T09:54:45.656+0000][1][safepoint    ] Total time for which application threads were stopped: 0.0059929 seconds, Stopping threads took: 0.0000126 seconds
[2019-12-08T09:54:45.656+0000][1][gc           ] GC(9) Concurrent Mark
[2019-12-08T09:54:45.693+0000][1][gc           ] GC(9) Concurrent Mark 36.702ms
[2019-12-08T09:54:45.693+0000][1][gc,cpu       ] GC(9) User=0.05s Sys=0.00s Real=0.04s
[2019-12-08T09:54:45.693+0000][1][gc           ] GC(9) Concurrent Preclean
[2019-12-08T09:54:45.693+0000][1][gc           ] GC(9) Concurrent Preclean 0.428ms
[2019-12-08T09:54:45.693+0000][1][gc,cpu       ] GC(9) User=0.00s Sys=0.00s Real=0.00s
[2019-12-08T09:54:45.693+0000][1][gc           ] GC(9) Concurrent Abortable Preclean
[2019-12-08T09:54:46.017+0000][1][safepoint    ] Application time: 0.3609357 seconds
[2019-12-08T09:54:46.017+0000][1][safepoint    ] Entering safepoint region: GenCollectForAllocation
[2019-12-08T09:54:46.017+0000][1][gc,start     ] GC(10) Pause Young (Allocation Failure)
[2019-12-08T09:54:46.017+0000][1][gc,task      ] GC(10) Using 4 workers of 4 for evacuation
[2019-12-08T09:54:46.075+0000][1][gc,age       ] GC(10) Desired survivor size 4456448 bytes, new threshold 6 (max threshold 6)
[2019-12-08T09:54:46.075+0000][1][gc,age       ] GC(10) Age table with threshold 6 (max threshold 6)
[2019-12-08T09:54:46.076+0000][1][gc,age       ] GC(10) - age   1:    1247576 bytes,    1247576 total
[2019-12-08T09:54:46.076+0000][1][gc,age       ] GC(10) - age   2:     632760 bytes,    1880336 total
[2019-12-08T09:54:46.076+0000][1][gc,age       ] GC(10) - age   3:     378272 bytes,    2258608 total
[2019-12-08T09:54:46.076+0000][1][gc,age       ] GC(10) - age   4:    1128744 bytes,    3387352 total
[2019-12-08T09:54:46.076+0000][1][gc,heap      ] GC(10) ParNew: 75466K->5360K(78656K)
[2019-12-08T09:54:46.076+0000][1][gc,heap      ] GC(10) CMS: 11614K->14203K(174784K)
[2019-12-08T09:54:46.076+0000][1][gc,metaspace ] GC(10) Metaspace: 20482K->20482K(1069056K)
[2019-12-08T09:54:46.076+0000][1][gc           ] GC(10) Pause Young (Allocation Failure) 85M->19M(247M) 58.782ms
[2019-12-08T09:54:46.076+0000][1][gc,cpu       ] GC(10) User=0.04s Sys=0.00s Real=0.06s
[2019-12-08T09:54:46.076+0000][1][safepoint    ] Leaving safepoint region
[2019-12-08T09:54:46.076+0000][1][safepoint    ] Total time for which application threads were stopped: 0.0589120 seconds, Stopping threads took: 0.0000140 seconds
[2019-12-08T09:54:46.270+0000][1][gc           ] GC(9) Concurrent Abortable Preclean 577.046ms
[2019-12-08T09:54:46.270+0000][1][gc,cpu       ] GC(9) User=0.58s Sys=0.01s Real=0.57s
[2019-12-08T09:54:46.274+0000][1][safepoint    ] Application time: 0.1980531 seconds
[2019-12-08T09:54:46.298+0000][1][safepoint    ] Entering safepoint region: CMS_Final_Remark
[2019-12-08T09:54:46.298+0000][1][gc,start     ] GC(9) Pause Remark
[2019-12-08T09:54:46.380+0000][1][gc           ] GC(9) Pause Remark 72M->72M(247M) 82.059ms
[2019-12-08T09:54:46.380+0000][1][gc,cpu       ] GC(9) User=0.07s Sys=0.00s Real=0.08s
[2019-12-08T09:54:46.380+0000][1][safepoint    ] Leaving safepoint region
[2019-12-08T09:54:46.380+0000][1][safepoint    ] Total time for which application threads were stopped: 0.1062397 seconds, Stopping threads took: 0.0240600 seconds
[2019-12-08T09:54:46.389+0000][1][gc           ] GC(9) Concurrent Sweep
[2019-12-08T09:54:46.402+0000][1][gc           ] GC(9) Concurrent Sweep 13.119ms
[2019-12-08T09:54:46.402+0000][1][gc,cpu       ] GC(9) User=0.03s Sys=0.00s Real=0.02s
[2019-12-08T09:54:46.402+0000][1][gc           ] GC(9) Concurrent Reset
[2019-12-08T09:54:46.402+0000][1][gc           ] GC(9) Concurrent Reset 0.302ms
[2019-12-08T09:54:46.402+0000][1][gc,cpu       ] GC(9) User=0.00s Sys=0.00s Real=0.00s
[2019-12-08T09:54:46.402+0000][1][gc,heap      ] GC(9) Old: 11614K->14177K(174784K)
[2019-12-08T09:54:46.476+0000][1][safepoint    ] Application time: 0.0963751 seconds
[2019-12-08T09:54:46.476+0000][1][safepoint    ] Entering safepoint region: GenCollectForAllocation
[2019-12-08T09:54:46.477+0000][1][gc,start     ] GC(11) Pause Young (Allocation Failure)
[2019-12-08T09:54:46.477+0000][1][gc,task      ] GC(11) Using 4 workers of 4 for evacuation
[2019-12-08T09:54:46.501+0000][1][gc,age       ] GC(11) Desired survivor size 4456448 bytes, new threshold 6 (max threshold 6)
[2019-12-08T09:54:46.501+0000][1][gc,age       ] GC(11) Age table with threshold 6 (max threshold 6)
[2019-12-08T09:54:46.501+0000][1][gc,age       ] GC(11) - age   1:    1004816 bytes,    1004816 total
[2019-12-08T09:54:46.501+0000][1][gc,age       ] GC(11) - age   2:      97488 bytes,    1102304 total
[2019-12-08T09:54:46.501+0000][1][gc,age       ] GC(11) - age   3:     632712 bytes,    1735016 total
[2019-12-08T09:54:46.501+0000][1][gc,age       ] GC(11) - age   4:     378168 bytes,    2113184 total
[2019-12-08T09:54:46.501+0000][1][gc,age       ] GC(11) - age   5:    1128456 bytes,    3241640 total
[2019-12-08T09:54:46.501+0000][1][gc,heap      ] GC(11) ParNew: 75312K->5329K(78656K)
[2019-12-08T09:54:46.501+0000][1][gc,heap      ] GC(11) CMS: 14177K->14177K(174784K)
[2019-12-08T09:54:46.501+0000][1][gc,metaspace ] GC(11) Metaspace: 20573K->20573K(1069056K)
[2019-12-08T09:54:46.501+0000][1][gc           ] GC(11) Pause Young (Allocation Failure) 87M->19M(247M) 24.043ms
[2019-12-08T09:54:46.501+0000][1][gc,cpu       ] GC(11) User=0.02s Sys=0.00s Real=0.03s
[2019-12-08T09:54:46.501+0000][1][safepoint    ] Leaving safepoint region
[2019-12-08T09:54:46.501+0000][1][safepoint    ] Total time for which application threads were stopped: 0.0245967 seconds, Stopping threads took: 0.0000128 seconds
[2019-12-08T09:54:46.746+0000][1][safepoint    ] Application time: 0.2454870 seconds
[2019-12-08T09:54:46.747+0000][1][safepoint    ] Entering safepoint region: Deoptimize
[2019-12-08T09:54:46.747+0000][1][safepoint    ] Leaving safepoint region
[2019-12-08T09:54:46.747+0000][1][safepoint    ] Total time for which application threads were stopped: 0.0005042 seconds, Stopping threads took: 0.0000121 seconds
[2019-12-08T09:54:46.752+0000][1][safepoint    ] Application time: 0.0050325 seconds
[2019-12-08T09:54:46.752+0000][1][safepoint    ] Entering safepoint region: Deoptimize
[2019-12-08T09:54:46.752+0000][1][safepoint    ] Leaving safepoint region
[2019-12-08T09:54:46.752+0000][1][safepoint    ] Total time for which application threads were stopped: 0.0003473 seconds, Stopping threads took: 0.0000112 seconds
[2019-12-08T09:54:47.280+0000][1][safepoint    ] Application time: 0.5276857 seconds
[2019-12-08T09:54:47.280+0000][1][safepoint    ] Entering safepoint region: GenCollectForAllocation
[2019-12-08T09:54:47.280+0000][1][gc,start     ] GC(12) Pause Young (Allocation Failure)
[2019-12-08T09:54:47.280+0000][1][gc,task      ] GC(12) Using 4 workers of 4 for evacuation
[2019-12-08T09:54:47.307+0000][1][gc,age       ] GC(12) Desired survivor size 4456448 bytes, new threshold 6 (max threshold 6)
[2019-12-08T09:54:47.307+0000][1][gc,age       ] GC(12) Age table with threshold 6 (max threshold 6)
[2019-12-08T09:54:47.307+0000][1][gc,age       ] GC(12) - age   1:    1051024 bytes,    1051024 total
[2019-12-08T09:54:47.307+0000][1][gc,age       ] GC(12) - age   2:     305920 bytes,    1356944 total
[2019-12-08T09:54:47.307+0000][1][gc,age       ] GC(12) - age   3:      97488 bytes,    1454432 total
[2019-12-08T09:54:47.307+0000][1][gc,age       ] GC(12) - age   4:     632648 bytes,    2087080 total
[2019-12-08T09:54:47.307+0000][1][gc,age       ] GC(12) - age   5:     378168 bytes,    2465248 total
[2019-12-08T09:54:47.307+0000][1][gc,age       ] GC(12) - age   6:    1128456 bytes,    3593704 total
[2019-12-08T09:54:47.307+0000][1][gc,heap      ] GC(12) ParNew: 75281K->4077K(78656K)
[2019-12-08T09:54:47.307+0000][1][gc,heap      ] GC(12) CMS: 14177K->14177K(174784K)
[2019-12-08T09:54:47.307+0000][1][gc,metaspace ] GC(12) Metaspace: 22833K->22833K(1071104K)
[2019-12-08T09:54:47.307+0000][1][gc           ] GC(12) Pause Young (Allocation Failure) 87M->17M(247M) 26.599ms
[2019-12-08T09:54:47.307+0000][1][gc,cpu       ] GC(12) User=0.03s Sys=0.00s Real=0.03s
[2019-12-08T09:54:47.307+0000][1][safepoint    ] Leaving safepoint region
[2019-12-08T09:54:47.307+0000][1][safepoint    ] Total time for which application threads were stopped: 0.0268984 seconds, Stopping threads took: 0.0000138 seconds
[2019-12-08T09:54:47.981+0000][1][safepoint    ] Application time: 0.6737519 seconds
[2019-12-08T09:54:47.981+0000][1][safepoint    ] Entering safepoint region: Deoptimize
[2019-12-08T09:54:47.981+0000][1][safepoint    ] Leaving safepoint region
[2019-12-08T09:54:47.981+0000][1][safepoint    ] Total time for which application threads were stopped: 0.0004431 seconds, Stopping threads took: 0.0000214 seconds
[2019-12-08T09:54:48.021+0000][1][safepoint    ] Application time: 0.0394632 seconds
[2019-12-08T09:54:48.021+0000][1][safepoint    ] Entering safepoint region: Deoptimize
[2019-12-08T09:54:48.021+0000][1][safepoint    ] Leaving safepoint region
[2019-12-08T09:54:48.021+0000][1][safepoint    ] Total time for which application threads were stopped: 0.0004485 seconds, Stopping threads took: 0.0000141 seconds
[2019-12-08T09:54:48.042+0000][1][safepoint    ] Application time: 0.0209100 seconds
[2019-12-08T09:54:48.042+0000][1][safepoint    ] Entering safepoint region: Deoptimize
[2019-12-08T09:54:48.043+0000][1][safepoint    ] Leaving safepoint region
[2019-12-08T09:54:48.043+0000][1][safepoint    ] Total time for which application threads were stopped: 0.0004259 seconds, Stopping threads took: 0.0000123 seconds
[2019-12-08T09:54:49.378+0000][1][safepoint    ] Application time: 1.3350874 seconds
[2019-12-08T09:54:49.387+0000][1][safepoint    ] Entering safepoint region: Cleanup
[2019-12-08T09:54:49.387+0000][1][safepoint    ] Leaving safepoint region
[2019-12-08T09:54:49.387+0000][1][safepoint    ] Total time for which application threads were stopped: 0.0093044 seconds, Stopping threads took: 0.0090298 seconds
[2019-12-08T09:54:50.390+0000][1][safepoint    ] Application time: 1.0026484 seconds
[2019-12-08T09:54:50.390+0000][1][safepoint    ] Entering safepoint region: Cleanup
[2019-12-08T09:54:50.390+0000][1][safepoint    ] Leaving safepoint region
[2019-12-08T09:54:50.390+0000][1][safepoint    ] Total time for which application threads were stopped: 0.0001654 seconds, Stopping threads took: 0.0000515 seconds
[2019-12-08T09:54:50.876+0000][1][safepoint    ] Application time: 0.4860240 seconds
[2019-12-08T09:54:50.876+0000][1][safepoint    ] Entering safepoint region: GenCollectForAllocation
[2019-12-08T09:54:50.876+0000][1][gc,start     ] GC(13) Pause Young (Allocation Failure)
[2019-12-08T09:54:50.876+0000][1][gc,task      ] GC(13) Using 4 workers of 4 for evacuation
[2019-12-08T09:54:50.966+0000][1][gc,age       ] GC(13) Desired survivor size 4456448 bytes, new threshold 1 (max threshold 6)
[2019-12-08T09:54:50.966+0000][1][gc,age       ] GC(13) Age table with threshold 1 (max threshold 6)
[2019-12-08T09:54:50.966+0000][1][gc,age       ] GC(13) - age   1:    6475672 bytes,    6475672 total
[2019-12-08T09:54:50.966+0000][1][gc,age       ] GC(13) - age   2:    1026432 bytes,    7502104 total
[2019-12-08T09:54:50.966+0000][1][gc,age       ] GC(13) - age   3:     305656 bytes,    7807760 total
[2019-12-08T09:54:50.966+0000][1][gc,age       ] GC(13) - age   4:      97336 bytes,    7905096 total
[2019-12-08T09:54:50.966+0000][1][gc,age       ] GC(13) - age   5:     629464 bytes,    8534560 total
[2019-12-08T09:54:50.966+0000][1][gc,age       ] GC(13) - age   6:     375976 bytes,    8910536 total
[2019-12-08T09:54:50.966+0000][1][gc,heap      ] GC(13) ParNew: 74029K->8704K(78656K)
[2019-12-08T09:54:50.966+0000][1][gc,heap      ] GC(13) CMS: 14177K->21307K(174784K)
[2019-12-08T09:54:50.966+0000][1][gc,metaspace ] GC(13) Metaspace: 27180K->27180K(1075200K)
[2019-12-08T09:54:50.966+0000][1][gc           ] GC(13) Pause Young (Allocation Failure) 86M->29M(247M) 90.028ms
[2019-12-08T09:54:50.966+0000][1][gc,cpu       ] GC(13) User=0.09s Sys=0.00s Real=0.09s
[2019-12-08T09:54:50.966+0000][1][safepoint    ] Leaving safepoint region
[2019-12-08T09:54:50.966+0000][1][safepoint    ] Total time for which application threads were stopped: 0.0901778 seconds, Stopping threads took: 0.0000142 seconds
[2019-12-08T09:54:52.181+0000][1][safepoint    ] Application time: 1.2144254 seconds
[2019-12-08T09:54:52.181+0000][1][safepoint    ] Entering safepoint region: RevokeBias
[2019-12-08T09:54:52.181+0000][1][safepoint    ] Leaving safepoint region
[2019-12-08T09:54:52.181+0000][1][safepoint    ] Total time for which application threads were stopped: 0.0001047 seconds, Stopping threads took: 0.0000133 seconds
[2019-12-08T09:54:52.700+0000][1][safepoint    ] Application time: 0.5196919 seconds
[2019-12-08T09:54:52.700+0000][1][safepoint    ] Entering safepoint region: GenCollectForAllocation
[2019-12-08T09:54:52.701+0000][1][gc,start     ] GC(14) Pause Young (Allocation Failure)
[2019-12-08T09:54:52.701+0000][1][gc,task      ] GC(14) Using 4 workers of 4 for evacuation
[2019-12-08T09:54:52.872+0000][1][gc,age       ] GC(14) Desired survivor size 4456448 bytes, new threshold 1 (max threshold 6)
[2019-12-08T09:54:52.872+0000][1][gc,age       ] GC(14) Age table with threshold 1 (max threshold 6)
[2019-12-08T09:54:52.872+0000][1][gc,age       ] GC(14) - age   1:    8912688 bytes,    8912688 total
[2019-12-08T09:54:52.872+0000][1][gc,heap      ] GC(14) ParNew: 78656K->8704K(78656K)
[2019-12-08T09:54:52.872+0000][1][gc,heap      ] GC(14) CMS: 21307K->34829K(174784K)
[2019-12-08T09:54:52.872+0000][1][gc,metaspace ] GC(14) Metaspace: 27266K->27266K(1075200K)
[2019-12-08T09:54:52.872+0000][1][gc           ] GC(14) Pause Young (Allocation Failure) 97M->42M(247M) 171.776ms
[2019-12-08T09:54:52.872+0000][1][gc,cpu       ] GC(14) User=0.18s Sys=0.00s Real=0.18s
[2019-12-08T09:54:52.872+0000][1][safepoint    ] Leaving safepoint region
[2019-12-08T09:54:52.872+0000][1][safepoint    ] Total time for which application threads were stopped: 0.1719082 seconds, Stopping threads took: 0.0000123 seconds
[2019-12-08T09:54:54.874+0000][1][safepoint    ] Application time: 2.0013149 seconds
[2019-12-08T09:54:54.874+0000][1][safepoint    ] Entering safepoint region: GenCollectForAllocation
[2019-12-08T09:54:54.874+0000][1][gc,start     ] GC(15) Pause Young (Allocation Failure)
[2019-12-08T09:54:54.874+0000][1][gc,task      ] GC(15) Using 4 workers of 4 for evacuation
[2019-12-08T09:54:55.019+0000][1][gc,age       ] GC(15) Desired survivor size 4456448 bytes, new threshold 1 (max threshold 6)
[2019-12-08T09:54:55.019+0000][1][gc,age       ] GC(15) Age table with threshold 1 (max threshold 6)
[2019-12-08T09:54:55.019+0000][1][gc,age       ] GC(15) - age   1:    7504088 bytes,    7504088 total
[2019-12-08T09:54:55.019+0000][1][gc,heap      ] GC(15) ParNew: 78656K->8704K(78656K)
[2019-12-08T09:54:55.019+0000][1][gc,heap      ] GC(15) CMS: 34829K->47723K(174784K)
[2019-12-08T09:54:55.019+0000][1][gc,metaspace ] GC(15) Metaspace: 29488K->29488K(1077248K)
[2019-12-08T09:54:55.019+0000][1][gc           ] GC(15) Pause Young (Allocation Failure) 110M->55M(247M) 145.157ms
[2019-12-08T09:54:55.019+0000][1][gc,cpu       ] GC(15) User=0.11s Sys=0.00s Real=0.14s
[2019-12-08T09:54:55.019+0000][1][safepoint    ] Leaving safepoint region
[2019-12-08T09:54:55.019+0000][1][safepoint    ] Total time for which application threads were stopped: 0.1453559 seconds, Stopping threads took: 0.0000275 seconds
[2019-12-08T09:54:55.244+0000][1][safepoint    ] Application time: 0.2249164 seconds
[2019-12-08T09:54:55.244+0000][1][safepoint    ] Entering safepoint region: RevokeBias
[2019-12-08T09:54:55.244+0000][1][safepoint    ] Leaving safepoint region
[2019-12-08T09:54:55.244+0000][1][safepoint    ] Total time for which application threads were stopped: 0.0000749 seconds, Stopping threads took: 0.0000117 seconds
[2019-12-08T09:54:56.200+0000][1][safepoint    ] Application time: 0.9557522 seconds
[2019-12-08T09:54:56.200+0000][1][safepoint    ] Entering safepoint region: GenCollectForAllocation
[2019-12-08T09:54:56.200+0000][1][gc,start     ] GC(16) Pause Young (Allocation Failure)
[2019-12-08T09:54:56.200+0000][1][gc,task      ] GC(16) Using 4 workers of 4 for evacuation
[2019-12-08T09:54:56.282+0000][1][gc,age       ] GC(16) Desired survivor size 4456448 bytes, new threshold 6 (max threshold 6)
[2019-12-08T09:54:56.282+0000][1][gc,age       ] GC(16) Age table with threshold 6 (max threshold 6)
[2019-12-08T09:54:56.282+0000][1][gc,age       ] GC(16) - age   1:    1263480 bytes,    1263480 total
[2019-12-08T09:54:56.282+0000][1][gc,heap      ] GC(16) ParNew: 78656K->7580K(78656K)
[2019-12-08T09:54:56.282+0000][1][gc,heap      ] GC(16) CMS: 47723K->55114K(174784K)
[2019-12-08T09:54:56.282+0000][1][gc,metaspace ] GC(16) Metaspace: 32952K->32952K(1079296K)
[2019-12-08T09:54:56.282+0000][1][gc           ] GC(16) Pause Young (Allocation Failure) 123M->61M(247M) 82.392ms
[2019-12-08T09:54:56.282+0000][1][gc,cpu       ] GC(16) User=0.05s Sys=0.00s Real=0.09s
[2019-12-08T09:54:56.282+0000][1][safepoint    ] Leaving safepoint region
[2019-12-08T09:54:56.282+0000][1][safepoint    ] Total time for which application threads were stopped: 0.0825574 seconds, Stopping threads took: 0.0000144 seconds
[2019-12-08T09:54:57.264+0000][1][safepoint    ] Application time: 0.9814276 seconds
[2019-12-08T09:54:57.264+0000][1][safepoint    ] Entering safepoint region: CollectForMetadataAllocation
[2019-12-08T09:54:57.264+0000][1][safepoint    ] Leaving safepoint region
[2019-12-08T09:54:57.264+0000][1][safepoint    ] Total time for which application threads were stopped: 0.0002019 seconds, Stopping threads took: 0.0000115 seconds
[2019-12-08T09:54:57.422+0000][1][safepoint    ] Application time: 0.1575448 seconds
[2019-12-08T09:54:57.422+0000][1][safepoint    ] Entering safepoint region: CollectForMetadataAllocation
[2019-12-08T09:54:57.422+0000][1][safepoint    ] Leaving safepoint region
[2019-12-08T09:54:57.422+0000][1][safepoint    ] Total time for which application threads were stopped: 0.0001569 seconds, Stopping threads took: 0.0000134 seconds
[2019-12-08T09:54:57.535+0000][1][safepoint    ] Application time: 0.1127924 seconds
[2019-12-08T09:54:57.535+0000][1][safepoint    ] Entering safepoint region: CollectForMetadataAllocation
[2019-12-08T09:54:57.535+0000][1][safepoint    ] Leaving safepoint region
[2019-12-08T09:54:57.535+0000][1][safepoint    ] Total time for which application threads were stopped: 0.0002661 seconds, Stopping threads took: 0.0000142 seconds
[2019-12-08T09:54:57.571+0000][1][safepoint    ] Application time: 0.0357144 seconds
[2019-12-08T09:54:57.571+0000][1][safepoint    ] Entering safepoint region: CollectForMetadataAllocation
[2019-12-08T09:54:57.571+0000][1][safepoint    ] Leaving safepoint region
[2019-12-08T09:54:57.571+0000][1][safepoint    ] Total time for which application threads were stopped: 0.0002253 seconds, Stopping threads took: 0.0000137 seconds
[2019-12-08T09:54:57.593+0000][1][safepoint    ] Application time: 0.0217237 seconds
[2019-12-08T09:54:57.593+0000][1][safepoint    ] Entering safepoint region: CollectForMetadataAllocation
[2019-12-08T09:54:57.593+0000][1][safepoint    ] Leaving safepoint region
[2019-12-08T09:54:57.593+0000][1][safepoint    ] Total time for which application threads were stopped: 0.0002439 seconds, Stopping threads took: 0.0000132 seconds
[2019-12-08T09:54:57.619+0000][1][safepoint    ] Application time: 0.0255096 seconds
[2019-12-08T09:54:57.619+0000][1][safepoint    ] Entering safepoint region: CollectForMetadataAllocation
[2019-12-08T09:54:57.619+0000][1][safepoint    ] Leaving safepoint region
[2019-12-08T09:54:57.619+0000][1][safepoint    ] Total time for which application threads were stopped: 0.0002484 seconds, Stopping threads took: 0.0000129 seconds
[2019-12-08T09:54:57.657+0000][1][safepoint    ] Application time: 0.0386162 seconds
[2019-12-08T09:54:57.657+0000][1][safepoint    ] Entering safepoint region: GenCollectForAllocation
[2019-12-08T09:54:57.658+0000][1][gc,start     ] GC(17) Pause Young (Allocation Failure)
[2019-12-08T09:54:57.658+0000][1][gc,task      ] GC(17) Using 4 workers of 4 for evacuation
[2019-12-08T09:54:57.673+0000][1][gc,age       ] GC(17) Desired survivor size 4456448 bytes, new threshold 6 (max threshold 6)
[2019-12-08T09:54:57.673+0000][1][gc,age       ] GC(17) Age table with threshold 6 (max threshold 6)
[2019-12-08T09:54:57.673+0000][1][gc,age       ] GC(17) - age   1:    1971144 bytes,    1971144 total
[2019-12-08T09:54:57.673+0000][1][gc,age       ] GC(17) - age   2:    1196960 bytes,    3168104 total
[2019-12-08T09:54:57.673+0000][1][gc,heap      ] GC(17) ParNew: 77532K->3721K(78656K)
[2019-12-08T09:54:57.673+0000][1][gc,heap      ] GC(17) CMS: 55114K->55114K(174784K)
[2019-12-08T09:54:57.673+0000][1][gc,metaspace ] GC(17) Metaspace: 35412K->35412K(1081344K)
[2019-12-08T09:54:57.673+0000][1][gc           ] GC(17) Pause Young (Allocation Failure) 129M->57M(247M) 15.858ms
[2019-12-08T09:54:57.673+0000][1][gc,cpu       ] GC(17) User=0.01s Sys=0.00s Real=0.02s
[2019-12-08T09:54:57.673+0000][1][safepoint    ] Leaving safepoint region
[2019-12-08T09:54:57.673+0000][1][safepoint    ] Total time for which application threads were stopped: 0.0159702 seconds, Stopping threads took: 0.0000127 seconds
[2019-12-08T09:54:57.678+0000][1][safepoint    ] Application time: 0.0045232 seconds
[2019-12-08T09:54:57.678+0000][1][safepoint    ] Entering safepoint region: CMS_Initial_Mark
[2019-12-08T09:54:57.678+0000][1][gc,start     ] GC(18) Pause Initial Mark
[2019-12-08T09:54:57.695+0000][1][gc           ] GC(18) Pause Initial Mark 58M->58M(247M) 16.696ms
[2019-12-08T09:54:57.695+0000][1][gc,cpu       ] GC(18) User=0.00s Sys=0.00s Real=0.02s
[2019-12-08T09:54:57.695+0000][1][safepoint    ] Leaving safepoint region
[2019-12-08T09:54:57.695+0000][1][safepoint    ] Total time for which application threads were stopped: 0.0168887 seconds, Stopping threads took: 0.0000762 seconds
[2019-12-08T09:54:57.695+0000][1][gc           ] GC(18) Concurrent Mark
[2019-12-08T09:54:57.756+0000][1][safepoint    ] Application time: 0.0614374 seconds
[2019-12-08T09:54:57.756+0000][1][safepoint    ] Entering safepoint region: CollectForMetadataAllocation
[2019-12-08T09:54:57.757+0000][1][safepoint    ] Leaving safepoint region
[2019-12-08T09:54:57.757+0000][1][safepoint    ] Total time for which application threads were stopped: 0.0002454 seconds, Stopping threads took: 0.0000132 seconds
[2019-12-08T09:54:57.863+0000][1][safepoint    ] Application time: 0.1061278 seconds
[2019-12-08T09:54:57.863+0000][1][safepoint    ] Entering safepoint region: CollectForMetadataAllocation
[2019-12-08T09:54:57.863+0000][1][safepoint    ] Leaving safepoint region
[2019-12-08T09:54:57.863+0000][1][safepoint    ] Total time for which application threads were stopped: 0.0001451 seconds, Stopping threads took: 0.0000142 seconds
[2019-12-08T09:54:57.957+0000][1][gc           ] GC(18) Concurrent Mark 261.727ms
[2019-12-08T09:54:57.957+0000][1][gc,cpu       ] GC(18) User=0.26s Sys=0.01s Real=0.26s
[2019-12-08T09:54:57.957+0000][1][gc           ] GC(18) Concurrent Preclean
[2019-12-08T09:54:57.965+0000][1][gc           ] GC(18) Concurrent Preclean 8.155ms
[2019-12-08T09:54:57.965+0000][1][gc,cpu       ] GC(18) User=0.01s Sys=0.00s Real=0.01s
[2019-12-08T09:54:57.965+0000][1][safepoint    ] Application time: 0.1020257 seconds
[2019-12-08T09:54:57.965+0000][1][safepoint    ] Entering safepoint region: CollectForMetadataAllocation
[2019-12-08T09:54:57.965+0000][1][safepoint    ] Leaving safepoint region
[2019-12-08T09:54:57.965+0000][1][safepoint    ] Total time for which application threads were stopped: 0.0002627 seconds, Stopping threads took: 0.0000445 seconds
[2019-12-08T09:54:57.965+0000][1][gc           ] GC(18) Concurrent Abortable Preclean
[2019-12-08T09:54:58.055+0000][1][safepoint    ] Application time: 0.0895145 seconds
[2019-12-08T09:54:58.055+0000][1][safepoint    ] Entering safepoint region: CollectForMetadataAllocation
[2019-12-08T09:54:58.055+0000][1][safepoint    ] Leaving safepoint region
[2019-12-08T09:54:58.055+0000][1][safepoint    ] Total time for which application threads were stopped: 0.0002501 seconds, Stopping threads took: 0.0000149 seconds
[2019-12-08T09:54:58.057+0000][1][safepoint    ] Application time: 0.0018337 seconds
[2019-12-08T09:54:58.057+0000][1][safepoint    ] Entering safepoint region: RevokeBias
[2019-12-08T09:54:58.057+0000][1][safepoint    ] Leaving safepoint region
[2019-12-08T09:54:58.057+0000][1][safepoint    ] Total time for which application threads were stopped: 0.0001182 seconds, Stopping threads took: 0.0000136 seconds
[2019-12-08T09:54:58.058+0000][1][safepoint    ] Application time: 0.0010399 seconds
[2019-12-08T09:54:58.058+0000][1][safepoint    ] Entering safepoint region: CollectForMetadataAllocation
[2019-12-08T09:54:58.058+0000][1][safepoint    ] Leaving safepoint region
[2019-12-08T09:54:58.058+0000][1][safepoint    ] Total time for which application threads were stopped: 0.0000382 seconds, Stopping threads took: 0.0000105 seconds
[2019-12-08T09:54:58.146+0000][1][safepoint    ] Application time: 0.0879464 seconds
[2019-12-08T09:54:58.146+0000][1][safepoint    ] Entering safepoint region: CollectForMetadataAllocation
[2019-12-08T09:54:58.146+0000][1][safepoint    ] Leaving safepoint region
[2019-12-08T09:54:58.146+0000][1][safepoint    ] Total time for which application threads were stopped: 0.0002185 seconds, Stopping threads took: 0.0000125 seconds
[2019-12-08T09:54:58.249+0000][1][safepoint    ] Application time: 0.1024174 seconds
[2019-12-08T09:54:58.249+0000][1][safepoint    ] Entering safepoint region: CollectForMetadataAllocation
[2019-12-08T09:54:58.249+0000][1][safepoint    ] Leaving safepoint region
[2019-12-08T09:54:58.249+0000][1][safepoint    ] Total time for which application threads were stopped: 0.0002432 seconds, Stopping threads took: 0.0000200 seconds
[2019-12-08T09:54:58.341+0000][1][safepoint    ] Application time: 0.0917211 seconds
[2019-12-08T09:54:58.341+0000][1][safepoint    ] Entering safepoint region: CollectForMetadataAllocation
[2019-12-08T09:54:58.341+0000][1][safepoint    ] Leaving safepoint region
[2019-12-08T09:54:58.341+0000][1][safepoint    ] Total time for which application threads were stopped: 0.0002401 seconds, Stopping threads took: 0.0000157 seconds
[2019-12-08T09:54:58.434+0000][1][safepoint    ] Application time: 0.0927513 seconds
[2019-12-08T09:54:58.434+0000][1][safepoint    ] Entering safepoint region: CollectForMetadataAllocation
[2019-12-08T09:54:58.434+0000][1][safepoint    ] Leaving safepoint region
[2019-12-08T09:54:58.434+0000][1][safepoint    ] Total time for which application threads were stopped: 0.0001557 seconds, Stopping threads took: 0.0000135 seconds
[2019-12-08T09:54:58.549+0000][1][safepoint    ] Application time: 0.1147487 seconds
[2019-12-08T09:54:58.549+0000][1][safepoint    ] Entering safepoint region: CollectForMetadataAllocation
[2019-12-08T09:54:58.549+0000][1][safepoint    ] Leaving safepoint region
[2019-12-08T09:54:58.549+0000][1][safepoint    ] Total time for which application threads were stopped: 0.0002221 seconds, Stopping threads took: 0.0000126 seconds
[2019-12-08T09:54:58.658+0000][1][safepoint    ] Application time: 0.1087682 seconds
[2019-12-08T09:54:58.658+0000][1][safepoint    ] Entering safepoint region: CollectForMetadataAllocation
[2019-12-08T09:54:58.658+0000][1][safepoint    ] Leaving safepoint region
[2019-12-08T09:54:58.658+0000][1][safepoint    ] Total time for which application threads were stopped: 0.0002398 seconds, Stopping threads took: 0.0000158 seconds
[2019-12-08T09:54:58.744+0000][1][safepoint    ] Application time: 0.0857097 seconds
[2019-12-08T09:54:58.744+0000][1][safepoint    ] Entering safepoint region: CollectForMetadataAllocation
[2019-12-08T09:54:58.744+0000][1][safepoint    ] Leaving safepoint region
[2019-12-08T09:54:58.744+0000][1][safepoint    ] Total time for which application threads were stopped: 0.0002101 seconds, Stopping threads took: 0.0000139 seconds
[2019-12-08T09:54:58.791+0000][1][safepoint    ] Application time: 0.0469121 seconds
[2019-12-08T09:54:58.791+0000][1][safepoint    ] Entering safepoint region: CollectForMetadataAllocation
[2019-12-08T09:54:58.791+0000][1][safepoint    ] Leaving safepoint region
[2019-12-08T09:54:58.791+0000][1][safepoint    ] Total time for which application threads were stopped: 0.0002432 seconds, Stopping threads took: 0.0000141 seconds
[2019-12-08T09:54:58.817+0000][1][safepoint    ] Application time: 0.0258581 seconds
[2019-12-08T09:54:58.817+0000][1][safepoint    ] Entering safepoint region: CollectForMetadataAllocation
[2019-12-08T09:54:58.817+0000][1][safepoint    ] Leaving safepoint region
[2019-12-08T09:54:58.817+0000][1][safepoint    ] Total time for which application threads were stopped: 0.0002340 seconds, Stopping threads took: 0.0000138 seconds
[2019-12-08T09:54:58.896+0000][1][safepoint    ] Application time: 0.0784258 seconds
[2019-12-08T09:54:58.896+0000][1][safepoint    ] Entering safepoint region: CollectForMetadataAllocation
[2019-12-08T09:54:58.896+0000][1][safepoint    ] Leaving safepoint region
[2019-12-08T09:54:58.896+0000][1][safepoint    ] Total time for which application threads were stopped: 0.0002333 seconds, Stopping threads took: 0.0000140 seconds
[2019-12-08T09:54:58.955+0000][1][safepoint    ] Application time: 0.0587003 seconds
[2019-12-08T09:54:58.955+0000][1][safepoint    ] Entering safepoint region: CollectForMetadataAllocation
[2019-12-08T09:54:58.955+0000][1][safepoint    ] Leaving safepoint region
[2019-12-08T09:54:58.955+0000][1][safepoint    ] Total time for which application threads were stopped: 0.0002267 seconds, Stopping threads took: 0.0000136 seconds
[2019-12-08T09:54:58.990+0000][1][safepoint    ] Application time: 0.0350608 seconds
[2019-12-08T09:54:58.990+0000][1][safepoint    ] Entering safepoint region: CollectForMetadataAllocation
[2019-12-08T09:54:58.990+0000][1][safepoint    ] Leaving safepoint region
[2019-12-08T09:54:58.990+0000][1][safepoint    ] Total time for which application threads were stopped: 0.0002485 seconds, Stopping threads took: 0.0000144 seconds
[2019-12-08T09:54:59.152+0000][1][safepoint    ] Application time: 0.1613536 seconds
[2019-12-08T09:54:59.152+0000][1][safepoint    ] Entering safepoint region: CollectForMetadataAllocation
[2019-12-08T09:54:59.152+0000][1][safepoint    ] Leaving safepoint region
[2019-12-08T09:54:59.152+0000][1][safepoint    ] Total time for which application threads were stopped: 0.0002597 seconds, Stopping threads took: 0.0000563 seconds
[2019-12-08T09:54:59.227+0000][1][safepoint    ] Application time: 0.0748577 seconds
[2019-12-08T09:54:59.227+0000][1][safepoint    ] Entering safepoint region: CollectForMetadataAllocation
[2019-12-08T09:54:59.227+0000][1][safepoint    ] Leaving safepoint region
[2019-12-08T09:54:59.227+0000][1][safepoint    ] Total time for which application threads were stopped: 0.0001583 seconds, Stopping threads took: 0.0000140 seconds
[2019-12-08T09:54:59.331+0000][1][safepoint    ] Application time: 0.1036177 seconds
[2019-12-08T09:54:59.331+0000][1][safepoint    ] Entering safepoint region: CollectForMetadataAllocation
[2019-12-08T09:54:59.331+0000][1][safepoint    ] Leaving safepoint region
[2019-12-08T09:54:59.331+0000][1][safepoint    ] Total time for which application threads were stopped: 0.0002494 seconds, Stopping threads took: 0.0000131 seconds
[2019-12-08T09:54:59.405+0000][1][safepoint    ] Application time: 0.0739459 seconds
[2019-12-08T09:54:59.405+0000][1][safepoint    ] Entering safepoint region: RevokeBias
[2019-12-08T09:54:59.405+0000][1][safepoint    ] Leaving safepoint region
[2019-12-08T09:54:59.405+0000][1][safepoint    ] Total time for which application threads were stopped: 0.0000977 seconds, Stopping threads took: 0.0000182 seconds
[2019-12-08T09:54:59.406+0000][1][safepoint    ] Application time: 0.0008533 seconds
[2019-12-08T09:54:59.406+0000][1][safepoint    ] Entering safepoint region: CollectForMetadataAllocation
[2019-12-08T09:54:59.406+0000][1][safepoint    ] Leaving safepoint region
[2019-12-08T09:54:59.406+0000][1][safepoint    ] Total time for which application threads were stopped: 0.0002277 seconds, Stopping threads took: 0.0000124 seconds
[2019-12-08T09:54:59.505+0000][1][safepoint    ] Application time: 0.0988543 seconds
[2019-12-08T09:54:59.505+0000][1][safepoint    ] Entering safepoint region: CollectForMetadataAllocation
[2019-12-08T09:54:59.505+0000][1][safepoint    ] Leaving safepoint region
[2019-12-08T09:54:59.505+0000][1][safepoint    ] Total time for which application threads were stopped: 0.0002463 seconds, Stopping threads took: 0.0000143 seconds
[2019-12-08T09:54:59.618+0000][1][safepoint    ] Application time: 0.1126294 seconds
[2019-12-08T09:54:59.618+0000][1][safepoint    ] Entering safepoint region: CollectForMetadataAllocation
[2019-12-08T09:54:59.618+0000][1][safepoint    ] Leaving safepoint region
[2019-12-08T09:54:59.618+0000][1][safepoint    ] Total time for which application threads were stopped: 0.0002896 seconds, Stopping threads took: 0.0000148 seconds
[2019-12-08T09:54:59.645+0000][1][safepoint    ] Application time: 0.0264711 seconds
[2019-12-08T09:54:59.645+0000][1][safepoint    ] Entering safepoint region: RevokeBias
[2019-12-08T09:54:59.645+0000][1][safepoint    ] Leaving safepoint region
[2019-12-08T09:54:59.645+0000][1][safepoint    ] Total time for which application threads were stopped: 0.0000991 seconds, Stopping threads took: 0.0000128 seconds
[2019-12-08T09:55:00.377+0000][1][gc           ] GC(18) Concurrent Abortable Preclean 2411.451ms
[2019-12-08T09:55:00.377+0000][1][gc,cpu       ] GC(18) User=2.42s Sys=0.02s Real=2.41s
[2019-12-08T09:55:00.380+0000][1][safepoint    ] Application time: 0.7348666 seconds
[2019-12-08T09:55:00.415+0000][1][safepoint    ] Entering safepoint region: CMS_Final_Remark
[2019-12-08T09:55:00.415+0000][1][gc,start     ] GC(18) Pause Remark
[2019-12-08T09:55:00.520+0000][1][gc           ] GC(18) Pause Remark 92M->92M(247M) 104.795ms
[2019-12-08T09:55:00.520+0000][1][gc,cpu       ] GC(18) User=0.06s Sys=0.00s Real=0.10s
[2019-12-08T09:55:00.520+0000][1][safepoint    ] Leaving safepoint region
[2019-12-08T09:55:00.520+0000][1][safepoint    ] Total time for which application threads were stopped: 0.1398965 seconds, Stopping threads took: 0.0349317 seconds
[2019-12-08T09:55:00.542+0000][1][gc           ] GC(18) Concurrent Sweep
[2019-12-08T09:55:00.665+0000][1][gc           ] GC(18) Concurrent Sweep 123.174ms
[2019-12-08T09:55:00.665+0000][1][gc,cpu       ] GC(18) User=0.09s Sys=0.00s Real=0.12s
[2019-12-08T09:55:00.665+0000][1][gc           ] GC(18) Concurrent Reset
[2019-12-08T09:55:00.665+0000][1][gc           ] GC(18) Concurrent Reset 0.299ms
[2019-12-08T09:55:00.665+0000][1][gc,cpu       ] GC(18) User=0.00s Sys=0.00s Real=0.00s
[2019-12-08T09:55:00.665+0000][1][gc,heap      ] GC(18) Old: 55114K->54926K(174784K)
[2019-12-08T09:55:01.523+0000][1][safepoint    ] Application time: 1.0029820 seconds
[2019-12-08T09:55:01.523+0000][1][safepoint    ] Entering safepoint region: Cleanup
[2019-12-08T09:55:01.524+0000][1][safepoint    ] Leaving safepoint region
[2019-12-08T09:55:01.524+0000][1][safepoint    ] Total time for which application threads were stopped: 0.0009296 seconds, Stopping threads took: 0.0000819 seconds
[2019-12-08T09:55:02.529+0000][1][safepoint    ] Application time: 1.0056161 seconds
[2019-12-08T09:55:02.529+0000][1][safepoint    ] Entering safepoint region: Cleanup
[2019-12-08T09:55:02.529+0000][1][safepoint    ] Leaving safepoint region
[2019-12-08T09:55:02.530+0000][1][safepoint    ] Total time for which application threads were stopped: 0.0001579 seconds, Stopping threads took: 0.0000624 seconds
[2019-12-08T09:55:02.676+0000][1][safepoint    ] Application time: 0.1461978 seconds
[2019-12-08T09:55:02.676+0000][1][safepoint    ] Entering safepoint region: GenCollectForAllocation
[2019-12-08T09:55:02.676+0000][1][gc,start     ] GC(19) Pause Young (Allocation Failure)
[2019-12-08T09:55:02.676+0000][1][gc,task      ] GC(19) Using 4 workers of 4 for evacuation
[2019-12-08T09:55:02.772+0000][1][gc,age       ] GC(19) Desired survivor size 4456448 bytes, new threshold 2 (max threshold 6)
[2019-12-08T09:55:02.772+0000][1][gc,age       ] GC(19) Age table with threshold 2 (max threshold 6)
[2019-12-08T09:55:02.772+0000][1][gc,age       ] GC(19) - age   1:    2692944 bytes,    2692944 total
[2019-12-08T09:55:02.772+0000][1][gc,age       ] GC(19) - age   2:    1944976 bytes,    4637920 total
[2019-12-08T09:55:02.772+0000][1][gc,age       ] GC(19) - age   3:    1194880 bytes,    5832800 total
[2019-12-08T09:55:02.772+0000][1][gc,heap      ] GC(19) ParNew: 73673K->7129K(78656K)
[2019-12-08T09:55:02.772+0000][1][gc,heap      ] GC(19) CMS: 54926K->54926K(174784K)
[2019-12-08T09:55:02.772+0000][1][gc,metaspace ] GC(19) Metaspace: 42952K->42952K(1089536K)
[2019-12-08T09:55:02.772+0000][1][gc           ] GC(19) Pause Young (Allocation Failure) 125M->60M(247M) 96.396ms
[2019-12-08T09:55:02.772+0000][1][gc,cpu       ] GC(19) User=0.06s Sys=0.00s Real=0.10s
[2019-12-08T09:55:02.772+0000][1][safepoint    ] Leaving safepoint region
[2019-12-08T09:55:02.772+0000][1][safepoint    ] Total time for which application threads were stopped: 0.0965435 seconds, Stopping threads took: 0.0000156 seconds
[2019-12-08T09:55:03.450+0000][1][safepoint    ] Application time: 0.6776184 seconds
[2019-12-08T09:55:03.450+0000][1][safepoint    ] Entering safepoint region: RevokeBias
[2019-12-08T09:55:03.450+0000][1][safepoint    ] Leaving safepoint region
[2019-12-08T09:55:03.450+0000][1][safepoint    ] Total time for which application threads were stopped: 0.0001628 seconds, Stopping threads took: 0.0000133 seconds
[2019-12-08T09:55:03.459+0000][1][safepoint    ] Application time: 0.0092154 seconds
[2019-12-08T09:55:03.459+0000][1][safepoint    ] Entering safepoint region: RevokeBias
[2019-12-08T09:55:03.459+0000][1][safepoint    ] Leaving safepoint region
[2019-12-08T09:55:03.459+0000][1][safepoint    ] Total time for which application threads were stopped: 0.0000914 seconds, Stopping threads took: 0.0000193 seconds
[2019-12-08T09:55:03.810+0000][1][safepoint    ] Application time: 0.3502215 seconds
[2019-12-08T09:55:03.810+0000][1][safepoint    ] Entering safepoint region: RevokeBias
[2019-12-08T09:55:03.810+0000][1][safepoint    ] Leaving safepoint region
[2019-12-08T09:55:03.810+0000][1][safepoint    ] Total time for which application threads were stopped: 0.0001472 seconds, Stopping threads took: 0.0000152 seconds
[2019-12-08T09:55:04.048+0000][1][safepoint    ] Application time: 0.2379276 seconds
[2019-12-08T09:55:04.048+0000][1][safepoint    ] Entering safepoint region: RevokeBias
[2019-12-08T09:55:04.048+0000][1][safepoint    ] Leaving safepoint region
[2019-12-08T09:55:04.048+0000][1][safepoint    ] Total time for which application threads were stopped: 0.0004557 seconds, Stopping threads took: 0.0000128 seconds
[2019-12-08T09:55:04.166+0000][1][safepoint    ] Application time: 0.1173797 seconds
[2019-12-08T09:55:04.166+0000][1][safepoint    ] Entering safepoint region: RevokeBias
[2019-12-08T09:55:04.166+0000][1][safepoint    ] Leaving safepoint region
[2019-12-08T09:55:04.166+0000][1][safepoint    ] Total time for which application threads were stopped: 0.0001331 seconds, Stopping threads took: 0.0000477 seconds
[2019-12-08T09:55:04.166+0000][1][safepoint    ] Application time: 0.0005771 seconds
[2019-12-08T09:55:04.166+0000][1][safepoint    ] Entering safepoint region: RevokeBias
[2019-12-08T09:55:04.167+0000][1][safepoint    ] Leaving safepoint region
[2019-12-08T09:55:04.167+0000][1][safepoint    ] Total time for which application threads were stopped: 0.0000920 seconds, Stopping threads took: 0.0000105 seconds
[2019-12-08T09:55:04.167+0000][1][safepoint    ] Application time: 0.0000909 seconds
[2019-12-08T09:55:04.167+0000][1][safepoint    ] Entering safepoint region: RevokeBias
[2019-12-08T09:55:04.167+0000][1][safepoint    ] Leaving safepoint region
[2019-12-08T09:55:04.167+0000][1][safepoint    ] Total time for which application threads were stopped: 0.0000921 seconds, Stopping threads took: 0.0000288 seconds
[2019-12-08T09:55:04.167+0000][1][safepoint    ] Application time: 0.0001581 seconds
[2019-12-08T09:55:04.167+0000][1][safepoint    ] Entering safepoint region: RevokeBias
[2019-12-08T09:55:04.167+0000][1][safepoint    ] Leaving safepoint region
[2019-12-08T09:55:04.167+0000][1][safepoint    ] Total time for which application threads were stopped: 0.0000767 seconds, Stopping threads took: 0.0000100 seconds
[2019-12-08T09:55:04.168+0000][1][safepoint    ] Application time: 0.0005264 seconds
[2019-12-08T09:55:04.168+0000][1][safepoint    ] Entering safepoint region: RevokeBias
[2019-12-08T09:55:04.168+0000][1][safepoint    ] Leaving safepoint region
[2019-12-08T09:55:04.168+0000][1][safepoint    ] Total time for which application threads were stopped: 0.0000785 seconds, Stopping threads took: 0.0000100 seconds
[2019-12-08T09:55:04.168+0000][1][safepoint    ] Application time: 0.0000648 seconds
[2019-12-08T09:55:04.168+0000][1][safepoint    ] Entering safepoint region: RevokeBias
[2019-12-08T09:55:04.168+0000][1][safepoint    ] Leaving safepoint region
[2019-12-08T09:55:04.168+0000][1][safepoint    ] Total time for which application threads were stopped: 0.0000590 seconds, Stopping threads took: 0.0000081 seconds
[2019-12-08T09:55:04.168+0000][1][safepoint    ] Application time: 0.0001554 seconds
[2019-12-08T09:55:04.168+0000][1][safepoint    ] Entering safepoint region: RevokeBias
[2019-12-08T09:55:04.168+0000][1][safepoint    ] Leaving safepoint region
[2019-12-08T09:55:04.168+0000][1][safepoint    ] Total time for which application threads were stopped: 0.0000595 seconds, Stopping threads took: 0.0000082 seconds
[2019-12-08T09:55:04.168+0000][1][safepoint    ] Application time: 0.0000663 seconds
[2019-12-08T09:55:04.168+0000][1][safepoint    ] Entering safepoint region: RevokeBias
[2019-12-08T09:55:04.168+0000][1][safepoint    ] Leaving safepoint region
[2019-12-08T09:55:04.168+0000][1][safepoint    ] Total time for which application threads were stopped: 0.0000835 seconds, Stopping threads took: 0.0000244 seconds
[2019-12-08T09:55:04.168+0000][1][safepoint    ] Application time: 0.0000510 seconds
[2019-12-08T09:55:04.168+0000][1][safepoint    ] Entering safepoint region: RevokeBias
[2019-12-08T09:55:04.168+0000][1][safepoint    ] Leaving safepoint region
[2019-12-08T09:55:04.168+0000][1][safepoint    ] Total time for which application threads were stopped: 0.0000587 seconds, Stopping threads took: 0.0000077 seconds
[2019-12-08T09:55:04.168+0000][1][safepoint    ] Application time: 0.0000535 seconds
[2019-12-08T09:55:04.168+0000][1][safepoint    ] Entering safepoint region: RevokeBias
[2019-12-08T09:55:04.168+0000][1][safepoint    ] Leaving safepoint region
[2019-12-08T09:55:04.168+0000][1][safepoint    ] Total time for which application threads were stopped: 0.0000587 seconds, Stopping threads took: 0.0000077 seconds
[2019-12-08T09:55:04.169+0000][1][safepoint    ] Application time: 0.0000496 seconds
[2019-12-08T09:55:04.169+0000][1][safepoint    ] Entering safepoint region: RevokeBias
[2019-12-08T09:55:04.169+0000][1][safepoint    ] Leaving safepoint region
[2019-12-08T09:55:04.169+0000][1][safepoint    ] Total time for which application threads were stopped: 0.0000581 seconds, Stopping threads took: 0.0000079 seconds
[2019-12-08T09:55:04.169+0000][1][safepoint    ] Application time: 0.0000509 seconds
[2019-12-08T09:55:04.169+0000][1][safepoint    ] Entering safepoint region: RevokeBias
[2019-12-08T09:55:04.169+0000][1][safepoint    ] Leaving safepoint region
[2019-12-08T09:55:04.169+0000][1][safepoint    ] Total time for which application threads were stopped: 0.0000813 seconds, Stopping threads took: 0.0000077 seconds
[2019-12-08T09:55:04.169+0000][1][safepoint    ] Application time: 0.0000499 seconds
[2019-12-08T09:55:04.169+0000][1][safepoint    ] Entering safepoint region: RevokeBias
[2019-12-08T09:55:04.169+0000][1][safepoint    ] Leaving safepoint region
[2019-12-08T09:55:04.169+0000][1][safepoint    ] Total time for which application threads were stopped: 0.0000560 seconds, Stopping threads took: 0.0000073 seconds
[2019-12-08T09:55:04.169+0000][1][safepoint    ] Application time: 0.0000474 seconds
[2019-12-08T09:55:04.169+0000][1][safepoint    ] Entering safepoint region: RevokeBias
[2019-12-08T09:55:04.169+0000][1][safepoint    ] Leaving safepoint region
[2019-12-08T09:55:04.169+0000][1][safepoint    ] Total time for which application threads were stopped: 0.0000541 seconds, Stopping threads took: 0.0000073 seconds
[2019-12-08T09:55:04.169+0000][1][safepoint    ] Application time: 0.0000477 seconds
[2019-12-08T09:55:04.169+0000][1][safepoint    ] Entering safepoint region: RevokeBias
[2019-12-08T09:55:04.169+0000][1][safepoint    ] Leaving safepoint region
[2019-12-08T09:55:04.169+0000][1][safepoint    ] Total time for which application threads were stopped: 0.0000552 seconds, Stopping threads took: 0.0000072 seconds
[2019-12-08T09:55:04.169+0000][1][safepoint    ] Application time: 0.0000480 seconds
[2019-12-08T09:55:04.169+0000][1][safepoint    ] Entering safepoint region: RevokeBias
[2019-12-08T09:55:04.169+0000][1][safepoint    ] Leaving safepoint region
[2019-12-08T09:55:04.169+0000][1][safepoint    ] Total time for which application threads were stopped: 0.0000544 seconds, Stopping threads took: 0.0000070 seconds
[2019-12-08T09:55:04.169+0000][1][safepoint    ] Application time: 0.0000481 seconds
[2019-12-08T09:55:04.169+0000][1][safepoint    ] Entering safepoint region: RevokeBias
[2019-12-08T09:55:04.169+0000][1][safepoint    ] Leaving safepoint region
[2019-12-08T09:55:04.169+0000][1][safepoint    ] Total time for which application threads were stopped: 0.0000557 seconds, Stopping threads took: 0.0000072 seconds
[2019-12-08T09:55:04.169+0000][1][safepoint    ] Application time: 0.0000475 seconds
[2019-12-08T09:55:04.169+0000][1][safepoint    ] Entering safepoint region: RevokeBias
[2019-12-08T09:55:04.169+0000][1][safepoint    ] Leaving safepoint region
[2019-12-08T09:55:04.169+0000][1][safepoint    ] Total time for which application threads were stopped: 0.0000602 seconds, Stopping threads took: 0.0000117 seconds
[2019-12-08T09:55:04.169+0000][1][safepoint    ] Application time: 0.0000483 seconds
[2019-12-08T09:55:04.169+0000][1][safepoint    ] Entering safepoint region: RevokeBias
[2019-12-08T09:55:04.170+0000][1][safepoint    ] Leaving safepoint region
[2019-12-08T09:55:04.170+0000][1][safepoint    ] Total time for which application threads were stopped: 0.0000567 seconds, Stopping threads took: 0.0000072 seconds
[2019-12-08T09:55:04.170+0000][1][safepoint    ] Application time: 0.0000481 seconds
[2019-12-08T09:55:04.170+0000][1][safepoint    ] Entering safepoint region: RevokeBias
[2019-12-08T09:55:04.170+0000][1][safepoint    ] Leaving safepoint region
[2019-12-08T09:55:04.170+0000][1][safepoint    ] Total time for which application threads were stopped: 0.0000563 seconds, Stopping threads took: 0.0000072 seconds
[2019-12-08T09:55:04.170+0000][1][safepoint    ] Application time: 0.0000603 seconds
[2019-12-08T09:55:04.170+0000][1][safepoint    ] Entering safepoint region: RevokeBias
[2019-12-08T09:55:04.170+0000][1][safepoint    ] Leaving safepoint region
[2019-12-08T09:55:04.170+0000][1][safepoint    ] Total time for which application threads were stopped: 0.0000572 seconds, Stopping threads took: 0.0000074 seconds
[2019-12-08T09:55:04.170+0000][1][safepoint    ] Application time: 0.0000743 seconds
[2019-12-08T09:55:04.170+0000][1][safepoint    ] Entering safepoint region: RevokeBias
[2019-12-08T09:55:04.170+0000][1][safepoint    ] Leaving safepoint region
[2019-12-08T09:55:04.170+0000][1][safepoint    ] Total time for which application threads were stopped: 0.0000580 seconds, Stopping threads took: 0.0000073 seconds
[2019-12-08T09:55:04.170+0000][1][safepoint    ] Application time: 0.0000535 seconds
[2019-12-08T09:55:04.170+0000][1][safepoint    ] Entering safepoint region: RevokeBias
[2019-12-08T09:55:04.170+0000][1][safepoint    ] Leaving safepoint region
[2019-12-08T09:55:04.170+0000][1][safepoint    ] Total time for which application threads were stopped: 0.0000572 seconds, Stopping threads took: 0.0000073 seconds
[2019-12-08T09:55:04.170+0000][1][safepoint    ] Application time: 0.0000496 seconds
[2019-12-08T09:55:04.170+0000][1][safepoint    ] Entering safepoint region: RevokeBias
[2019-12-08T09:55:04.170+0000][1][safepoint    ] Leaving safepoint region
[2019-12-08T09:55:04.170+0000][1][safepoint    ] Total time for which application threads were stopped: 0.0000562 seconds, Stopping threads took: 0.0000072 seconds
[2019-12-08T09:55:04.170+0000][1][safepoint    ] Application time: 0.0000498 seconds
[2019-12-08T09:55:04.170+0000][1][safepoint    ] Entering safepoint region: RevokeBias
[2019-12-08T09:55:04.170+0000][1][safepoint    ] Leaving safepoint region
[2019-12-08T09:55:04.170+0000][1][safepoint    ] Total time for which application threads were stopped: 0.0000569 seconds, Stopping threads took: 0.0000072 seconds
[2019-12-08T09:55:04.170+0000][1][safepoint    ] Application time: 0.0000495 seconds
[2019-12-08T09:55:04.170+0000][1][safepoint    ] Entering safepoint region: RevokeBias
[2019-12-08T09:55:04.170+0000][1][safepoint    ] Leaving safepoint region
[2019-12-08T09:55:04.170+0000][1][safepoint    ] Total time for which application threads were stopped: 0.0000565 seconds, Stopping threads took: 0.0000072 seconds
[2019-12-08T09:55:04.170+0000][1][safepoint    ] Application time: 0.0000494 seconds
[2019-12-08T09:55:04.170+0000][1][safepoint    ] Entering safepoint region: BulkRevokeBias
[2019-12-08T09:55:04.171+0000][1][safepoint    ] Leaving safepoint region
[2019-12-08T09:55:04.171+0000][1][safepoint    ] Total time for which application threads were stopped: 0.0001312 seconds, Stopping threads took: 0.0000077 seconds
[2019-12-08T09:55:04.171+0000][1][safepoint    ] Application time: 0.0001636 seconds
[2019-12-08T09:55:04.171+0000][1][safepoint    ] Entering safepoint region: RevokeBias
[2019-12-08T09:55:04.171+0000][1][safepoint    ] Leaving safepoint region
[2019-12-08T09:55:04.171+0000][1][safepoint    ] Total time for which application threads were stopped: 0.0000762 seconds, Stopping threads took: 0.0000121 seconds
[2019-12-08T09:55:04.171+0000][1][safepoint    ] Application time: 0.0000724 seconds
[2019-12-08T09:55:04.171+0000][1][safepoint    ] Entering safepoint region: RevokeBias
[2019-12-08T09:55:04.171+0000][1][safepoint    ] Leaving safepoint region
[2019-12-08T09:55:04.171+0000][1][safepoint    ] Total time for which application threads were stopped: 0.0000603 seconds, Stopping threads took: 0.0000074 seconds
[2019-12-08T09:55:04.171+0000][1][safepoint    ] Application time: 0.0000987 seconds
[2019-12-08T09:55:04.171+0000][1][safepoint    ] Entering safepoint region: RevokeBias
[2019-12-08T09:55:04.171+0000][1][safepoint    ] Leaving safepoint region
[2019-12-08T09:55:04.171+0000][1][safepoint    ] Total time for which application threads were stopped: 0.0000589 seconds, Stopping threads took: 0.0000073 seconds
[2019-12-08T09:55:04.171+0000][1][safepoint    ] Application time: 0.0000595 seconds
[2019-12-08T09:55:04.171+0000][1][safepoint    ] Entering safepoint region: RevokeBias
[2019-12-08T09:55:04.171+0000][1][safepoint    ] Leaving safepoint region
[2019-12-08T09:55:04.171+0000][1][safepoint    ] Total time for which application threads were stopped: 0.0000552 seconds, Stopping threads took: 0.0000071 seconds
[2019-12-08T09:55:04.171+0000][1][safepoint    ] Application time: 0.0000643 seconds
[2019-12-08T09:55:04.171+0000][1][safepoint    ] Entering safepoint region: RevokeBias
[2019-12-08T09:55:04.171+0000][1][safepoint    ] Leaving safepoint region
[2019-12-08T09:55:04.171+0000][1][safepoint    ] Total time for which application threads were stopped: 0.0000558 seconds, Stopping threads took: 0.0000074 seconds
[2019-12-08T09:55:04.172+0000][1][safepoint    ] Application time: 0.0000524 seconds
[2019-12-08T09:55:04.172+0000][1][safepoint    ] Entering safepoint region: RevokeBias
[2019-12-08T09:55:04.172+0000][1][safepoint    ] Leaving safepoint region
[2019-12-08T09:55:04.172+0000][1][safepoint    ] Total time for which application threads were stopped: 0.0000575 seconds, Stopping threads took: 0.0000072 seconds
[2019-12-08T09:55:04.172+0000][1][safepoint    ] Application time: 0.0001665 seconds
[2019-12-08T09:55:04.172+0000][1][safepoint    ] Entering safepoint region: RevokeBias
[2019-12-08T09:55:04.172+0000][1][safepoint    ] Leaving safepoint region
[2019-12-08T09:55:04.172+0000][1][safepoint    ] Total time for which application threads were stopped: 0.0000592 seconds, Stopping threads took: 0.0000078 seconds
[2019-12-08T09:55:04.172+0000][1][safepoint    ] Application time: 0.0002522 seconds
[2019-12-08T09:55:04.172+0000][1][safepoint    ] Entering safepoint region: RevokeBias
[2019-12-08T09:55:04.172+0000][1][safepoint    ] Leaving safepoint region
[2019-12-08T09:55:04.172+0000][1][safepoint    ] Total time for which application threads were stopped: 0.0000676 seconds, Stopping threads took: 0.0000084 seconds
[2019-12-08T09:55:04.172+0000][1][safepoint    ] Application time: 0.0000723 seconds
[2019-12-08T09:55:04.172+0000][1][safepoint    ] Entering safepoint region: RevokeBias
[2019-12-08T09:55:04.172+0000][1][safepoint    ] Leaving safepoint region
[2019-12-08T09:55:04.172+0000][1][safepoint    ] Total time for which application threads were stopped: 0.0000581 seconds, Stopping threads took: 0.0000072 seconds
[2019-12-08T09:55:04.173+0000][1][safepoint    ] Application time: 0.0001584 seconds
[2019-12-08T09:55:04.173+0000][1][safepoint    ] Entering safepoint region: RevokeBias
[2019-12-08T09:55:04.173+0000][1][safepoint    ] Leaving safepoint region
[2019-12-08T09:55:04.173+0000][1][safepoint    ] Total time for which application threads were stopped: 0.0000627 seconds, Stopping threads took: 0.0000076 seconds
[2019-12-08T09:55:04.173+0000][1][safepoint    ] Application time: 0.0000593 seconds
[2019-12-08T09:55:04.173+0000][1][safepoint    ] Entering safepoint region: RevokeBias
[2019-12-08T09:55:04.173+0000][1][safepoint    ] Leaving safepoint region
[2019-12-08T09:55:04.173+0000][1][safepoint    ] Total time for which application threads were stopped: 0.0000807 seconds, Stopping threads took: 0.0000111 seconds
[2019-12-08T09:55:04.173+0000][1][safepoint    ] Application time: 0.0000573 seconds
[2019-12-08T09:55:04.173+0000][1][safepoint    ] Entering safepoint region: RevokeBias
[2019-12-08T09:55:04.173+0000][1][safepoint    ] Leaving safepoint region
[2019-12-08T09:55:04.173+0000][1][safepoint    ] Total time for which application threads were stopped: 0.0000511 seconds, Stopping threads took: 0.0000068 seconds
[2019-12-08T09:55:04.173+0000][1][safepoint    ] Application time: 0.0000419 seconds
[2019-12-08T09:55:04.173+0000][1][safepoint    ] Entering safepoint region: RevokeBias
[2019-12-08T09:55:04.173+0000][1][safepoint    ] Leaving safepoint region
[2019-12-08T09:55:04.173+0000][1][safepoint    ] Total time for which application threads were stopped: 0.0000492 seconds, Stopping threads took: 0.0000062 seconds
[2019-12-08T09:55:04.173+0000][1][safepoint    ] Application time: 0.0002811 seconds
[2019-12-08T09:55:04.173+0000][1][safepoint    ] Entering safepoint region: RevokeBias
[2019-12-08T09:55:04.173+0000][1][safepoint    ] Leaving safepoint region
[2019-12-08T09:55:04.173+0000][1][safepoint    ] Total time for which application threads were stopped: 0.0000617 seconds, Stopping threads took: 0.0000079 seconds
[2019-12-08T09:55:04.173+0000][1][safepoint    ] Application time: 0.0001078 seconds
[2019-12-08T09:55:04.173+0000][1][safepoint    ] Entering safepoint region: RevokeBias
[2019-12-08T09:55:04.173+0000][1][safepoint    ] Leaving safepoint region
[2019-12-08T09:55:04.173+0000][1][safepoint    ] Total time for which application threads were stopped: 0.0000544 seconds, Stopping threads took: 0.0000068 seconds
[2019-12-08T09:55:04.174+0000][1][safepoint    ] Application time: 0.0001025 seconds
[2019-12-08T09:55:04.174+0000][1][safepoint    ] Entering safepoint region: RevokeBias
[2019-12-08T09:55:04.174+0000][1][safepoint    ] Leaving safepoint region
[2019-12-08T09:55:04.174+0000][1][safepoint    ] Total time for which application threads were stopped: 0.0000550 seconds, Stopping threads took: 0.0000069 seconds
[2019-12-08T09:55:04.174+0000][1][safepoint    ] Application time: 0.0002931 seconds
[2019-12-08T09:55:04.174+0000][1][safepoint    ] Entering safepoint region: RevokeBias
[2019-12-08T09:55:04.174+0000][1][safepoint    ] Leaving safepoint region
[2019-12-08T09:55:04.174+0000][1][safepoint    ] Total time for which application threads were stopped: 0.0000706 seconds, Stopping threads took: 0.0000088 seconds
[2019-12-08T09:55:04.174+0000][1][safepoint    ] Application time: 0.0003842 seconds
[2019-12-08T09:55:04.174+0000][1][safepoint    ] Entering safepoint region: RevokeBias
[2019-12-08T09:55:04.175+0000][1][safepoint    ] Leaving safepoint region
[2019-12-08T09:55:04.175+0000][1][safepoint    ] Total time for which application threads were stopped: 0.0000688 seconds, Stopping threads took: 0.0000086 seconds
[2019-12-08T09:55:04.175+0000][1][safepoint    ] Application time: 0.0001093 seconds
[2019-12-08T09:55:04.175+0000][1][safepoint    ] Entering safepoint region: RevokeBias
[2019-12-08T09:55:04.175+0000][1][safepoint    ] Leaving safepoint region
[2019-12-08T09:55:04.175+0000][1][safepoint    ] Total time for which application threads were stopped: 0.0000843 seconds, Stopping threads took: 0.0000079 seconds
[2019-12-08T09:55:04.175+0000][1][safepoint    ] Application time: 0.0000573 seconds
[2019-12-08T09:55:04.175+0000][1][safepoint    ] Entering safepoint region: RevokeBias
[2019-12-08T09:55:04.175+0000][1][safepoint    ] Leaving safepoint region
[2019-12-08T09:55:04.175+0000][1][safepoint    ] Total time for which application threads were stopped: 0.0000583 seconds, Stopping threads took: 0.0000075 seconds
[2019-12-08T09:55:04.175+0000][1][safepoint    ] Application time: 0.0001986 seconds
[2019-12-08T09:55:04.175+0000][1][safepoint    ] Entering safepoint region: RevokeBias
[2019-12-08T09:55:04.175+0000][1][safepoint    ] Leaving safepoint region
[2019-12-08T09:55:04.175+0000][1][safepoint    ] Total time for which application threads were stopped: 0.0000701 seconds, Stopping threads took: 0.0000124 seconds
[2019-12-08T09:55:04.175+0000][1][safepoint    ] Application time: 0.0002765 seconds
[2019-12-08T09:55:04.175+0000][1][safepoint    ] Entering safepoint region: RevokeBias
[2019-12-08T09:55:04.176+0000][1][safepoint    ] Leaving safepoint region
[2019-12-08T09:55:04.176+0000][1][safepoint    ] Total time for which application threads were stopped: 0.0000655 seconds, Stopping threads took: 0.0000085 seconds
[2019-12-08T09:55:04.177+0000][1][safepoint    ] Application time: 0.0012492 seconds
[2019-12-08T09:55:04.177+0000][1][safepoint    ] Entering safepoint region: RevokeBias
[2019-12-08T09:55:04.177+0000][1][safepoint    ] Leaving safepoint region
[2019-12-08T09:55:04.177+0000][1][safepoint    ] Total time for which application threads were stopped: 0.0000775 seconds, Stopping threads took: 0.0000098 seconds
[2019-12-08T09:55:04.177+0000][1][safepoint    ] Application time: 0.0000587 seconds
[2019-12-08T09:55:04.177+0000][1][safepoint    ] Entering safepoint region: RevokeBias
[2019-12-08T09:55:04.177+0000][1][safepoint    ] Leaving safepoint region
[2019-12-08T09:55:04.177+0000][1][safepoint    ] Total time for which application threads were stopped: 0.0000598 seconds, Stopping threads took: 0.0000075 seconds
[2019-12-08T09:55:04.177+0000][1][safepoint    ] Application time: 0.0004352 seconds
[2019-12-08T09:55:04.177+0000][1][safepoint    ] Entering safepoint region: RevokeBias
[2019-12-08T09:55:04.178+0000][1][safepoint    ] Leaving safepoint region
[2019-12-08T09:55:04.178+0000][1][safepoint    ] Total time for which application threads were stopped: 0.0000706 seconds, Stopping threads took: 0.0000092 seconds
[2019-12-08T09:55:04.178+0000][1][safepoint    ] Application time: 0.0001293 seconds
[2019-12-08T09:55:04.178+0000][1][safepoint    ] Entering safepoint region: RevokeBias
[2019-12-08T09:55:04.178+0000][1][safepoint    ] Leaving safepoint region
[2019-12-08T09:55:04.178+0000][1][safepoint    ] Total time for which application threads were stopped: 0.0000746 seconds, Stopping threads took: 0.0000262 seconds
[2019-12-08T09:55:04.178+0000][1][safepoint    ] Application time: 0.0000869 seconds
[2019-12-08T09:55:04.178+0000][1][safepoint    ] Entering safepoint region: RevokeBias
[2019-12-08T09:55:04.178+0000][1][safepoint    ] Leaving safepoint region
[2019-12-08T09:55:04.178+0000][1][safepoint    ] Total time for which application threads were stopped: 0.0000618 seconds, Stopping threads took: 0.0000076 seconds
[2019-12-08T09:55:04.178+0000][1][safepoint    ] Application time: 0.0000545 seconds
[2019-12-08T09:55:04.178+0000][1][safepoint    ] Entering safepoint region: RevokeBias
[2019-12-08T09:55:04.178+0000][1][safepoint    ] Leaving safepoint region
[2019-12-08T09:55:04.178+0000][1][safepoint    ] Total time for which application threads were stopped: 0.0000502 seconds, Stopping threads took: 0.0000072 seconds
[2019-12-08T09:55:04.178+0000][1][safepoint    ] Application time: 0.0000532 seconds
[2019-12-08T09:55:04.178+0000][1][safepoint    ] Entering safepoint region: RevokeBias
[2019-12-08T09:55:04.178+0000][1][safepoint    ] Leaving safepoint region
[2019-12-08T09:55:04.178+0000][1][safepoint    ] Total time for which application threads were stopped: 0.0000529 seconds, Stopping threads took: 0.0000075 seconds
[2019-12-08T09:55:04.178+0000][1][safepoint    ] Application time: 0.0000519 seconds
[2019-12-08T09:55:04.178+0000][1][safepoint    ] Entering safepoint region: RevokeBias
[2019-12-08T09:55:04.178+0000][1][safepoint    ] Leaving safepoint region
[2019-12-08T09:55:04.178+0000][1][safepoint    ] Total time for which application threads were stopped: 0.0000485 seconds, Stopping threads took: 0.0000073 seconds
[2019-12-08T09:55:04.180+0000][1][safepoint    ] Application time: 0.0012806 seconds
[2019-12-08T09:55:04.180+0000][1][safepoint    ] Entering safepoint region: RevokeBias
[2019-12-08T09:55:04.180+0000][1][safepoint    ] Leaving safepoint region
[2019-12-08T09:55:04.180+0000][1][safepoint    ] Total time for which application threads were stopped: 0.0000554 seconds, Stopping threads took: 0.0000132 seconds
[2019-12-08T09:55:04.180+0000][1][safepoint    ] Application time: 0.0000683 seconds
[2019-12-08T09:55:04.180+0000][1][safepoint    ] Entering safepoint region: RevokeBias
[2019-12-08T09:55:04.180+0000][1][safepoint    ] Leaving safepoint region
[2019-12-08T09:55:04.180+0000][1][safepoint    ] Total time for which application threads were stopped: 0.0000370 seconds, Stopping threads took: 0.0000078 seconds
[2019-12-08T09:55:04.180+0000][1][safepoint    ] Application time: 0.0000585 seconds
[2019-12-08T09:55:04.180+0000][1][safepoint    ] Entering safepoint region: RevokeBias
[2019-12-08T09:55:04.180+0000][1][safepoint    ] Leaving safepoint region
[2019-12-08T09:55:04.180+0000][1][safepoint    ] Total time for which application threads were stopped: 0.0000518 seconds, Stopping threads took: 0.0000072 seconds
[2019-12-08T09:55:04.180+0000][1][safepoint    ] Application time: 0.0000498 seconds
[2019-12-08T09:55:04.180+0000][1][safepoint    ] Entering safepoint region: RevokeBias
[2019-12-08T09:55:04.180+0000][1][safepoint    ] Leaving safepoint region
[2019-12-08T09:55:04.180+0000][1][safepoint    ] Total time for which application threads were stopped: 0.0000332 seconds, Stopping threads took: 0.0000075 seconds
[2019-12-08T09:55:04.180+0000][1][safepoint    ] Application time: 0.0000499 seconds
[2019-12-08T09:55:04.180+0000][1][safepoint    ] Entering safepoint region: RevokeBias
[2019-12-08T09:55:04.180+0000][1][safepoint    ] Leaving safepoint region
[2019-12-08T09:55:04.180+0000][1][safepoint    ] Total time for which application threads were stopped: 0.0000330 seconds, Stopping threads took: 0.0000078 seconds
[2019-12-08T09:55:04.180+0000][1][safepoint    ] Application time: 0.0000492 seconds
[2019-12-08T09:55:04.180+0000][1][safepoint    ] Entering safepoint region: RevokeBias
[2019-12-08T09:55:04.180+0000][1][safepoint    ] Leaving safepoint region
[2019-12-08T09:55:04.180+0000][1][safepoint    ] Total time for which application threads were stopped: 0.0000420 seconds, Stopping threads took: 0.0000077 seconds
[2019-12-08T09:55:04.180+0000][1][safepoint    ] Application time: 0.0000513 seconds
[2019-12-08T09:55:04.180+0000][1][safepoint    ] Entering safepoint region: RevokeBias
[2019-12-08T09:55:04.180+0000][1][safepoint    ] Leaving safepoint region
[2019-12-08T09:55:04.180+0000][1][safepoint    ] Total time for which application threads were stopped: 0.0000331 seconds, Stopping threads took: 0.0000077 seconds
[2019-12-08T09:55:04.180+0000][1][safepoint    ] Application time: 0.0000541 seconds
[2019-12-08T09:55:04.180+0000][1][safepoint    ] Entering safepoint region: RevokeBias
[2019-12-08T09:55:04.180+0000][1][safepoint    ] Leaving safepoint region
[2019-12-08T09:55:04.180+0000][1][safepoint    ] Total time for which application threads were stopped: 0.0000331 seconds, Stopping threads took: 0.0000074 seconds
[2019-12-08T09:55:04.180+0000][1][safepoint    ] Application time: 0.0000496 seconds
[2019-12-08T09:55:04.180+0000][1][safepoint    ] Entering safepoint region: RevokeBias
[2019-12-08T09:55:04.180+0000][1][safepoint    ] Leaving safepoint region
[2019-12-08T09:55:04.180+0000][1][safepoint    ] Total time for which application threads were stopped: 0.0000322 seconds, Stopping threads took: 0.0000073 seconds
[2019-12-08T09:55:04.181+0000][1][safepoint    ] Application time: 0.0000496 seconds
[2019-12-08T09:55:04.181+0000][1][safepoint    ] Entering safepoint region: RevokeBias
[2019-12-08T09:55:04.181+0000][1][safepoint    ] Leaving safepoint region
[2019-12-08T09:55:04.181+0000][1][safepoint    ] Total time for which application threads were stopped: 0.0000326 seconds, Stopping threads took: 0.0000077 seconds
[2019-12-08T09:55:04.181+0000][1][safepoint    ] Application time: 0.0000508 seconds
[2019-12-08T09:55:04.181+0000][1][safepoint    ] Entering safepoint region: RevokeBias
[2019-12-08T09:55:04.181+0000][1][safepoint    ] Leaving safepoint region
[2019-12-08T09:55:04.181+0000][1][safepoint    ] Total time for which application threads were stopped: 0.0000521 seconds, Stopping threads took: 0.0000110 seconds
[2019-12-08T09:55:04.181+0000][1][safepoint    ] Application time: 0.0000522 seconds
[2019-12-08T09:55:04.181+0000][1][safepoint    ] Entering safepoint region: RevokeBias
[2019-12-08T09:55:04.181+0000][1][safepoint    ] Leaving safepoint region
[2019-12-08T09:55:04.181+0000][1][safepoint    ] Total time for which application threads were stopped: 0.0000344 seconds, Stopping threads took: 0.0000080 seconds
[2019-12-08T09:55:04.181+0000][1][safepoint    ] Application time: 0.0000504 seconds
[2019-12-08T09:55:04.181+0000][1][safepoint    ] Entering safepoint region: RevokeBias
[2019-12-08T09:55:04.181+0000][1][safepoint    ] Leaving safepoint region
[2019-12-08T09:55:04.181+0000][1][safepoint    ] Total time for which application threads were stopped: 0.0000333 seconds, Stopping threads took: 0.0000080 seconds
[2019-12-08T09:55:04.181+0000][1][safepoint    ] Application time: 0.0000509 seconds
[2019-12-08T09:55:04.181+0000][1][safepoint    ] Entering safepoint region: RevokeBias
[2019-12-08T09:55:04.181+0000][1][safepoint    ] Leaving safepoint region
[2019-12-08T09:55:04.181+0000][1][safepoint    ] Total time for which application threads were stopped: 0.0000317 seconds, Stopping threads took: 0.0000078 seconds
[2019-12-08T09:55:04.181+0000][1][safepoint    ] Application time: 0.0000635 seconds
[2019-12-08T09:55:04.181+0000][1][safepoint    ] Entering safepoint region: RevokeBias
[2019-12-08T09:55:04.181+0000][1][safepoint    ] Leaving safepoint region
[2019-12-08T09:55:04.181+0000][1][safepoint    ] Total time for which application threads were stopped: 0.0000323 seconds, Stopping threads took: 0.0000075 seconds
[2019-12-08T09:55:04.181+0000][1][safepoint    ] Application time: 0.0000486 seconds
[2019-12-08T09:55:04.181+0000][1][safepoint    ] Entering safepoint region: RevokeBias
[2019-12-08T09:55:04.181+0000][1][safepoint    ] Leaving safepoint region
[2019-12-08T09:55:04.181+0000][1][safepoint    ] Total time for which application threads were stopped: 0.0000321 seconds, Stopping threads took: 0.0000076 seconds
[2019-12-08T09:55:04.181+0000][1][safepoint    ] Application time: 0.0000490 seconds
[2019-12-08T09:55:04.181+0000][1][safepoint    ] Entering safepoint region: BulkRevokeBias
[2019-12-08T09:55:04.181+0000][1][safepoint    ] Leaving safepoint region
[2019-12-08T09:55:04.181+0000][1][safepoint    ] Total time for which application threads were stopped: 0.0000981 seconds, Stopping threads took: 0.0000080 seconds
[2019-12-08T09:55:04.202+0000][1][safepoint    ] Application time: 0.0203676 seconds
[2019-12-08T09:55:04.202+0000][1][safepoint    ] Entering safepoint region: RevokeBias
[2019-12-08T09:55:04.202+0000][1][safepoint    ] Leaving safepoint region
[2019-12-08T09:55:04.202+0000][1][safepoint    ] Total time for which application threads were stopped: 0.0000910 seconds, Stopping threads took: 0.0000124 seconds
[2019-12-08T09:55:04.203+0000][1][safepoint    ] Application time: 0.0014630 seconds
[2019-12-08T09:55:04.203+0000][1][safepoint    ] Entering safepoint region: RevokeBias
[2019-12-08T09:55:04.203+0000][1][safepoint    ] Leaving safepoint region
[2019-12-08T09:55:04.203+0000][1][safepoint    ] Total time for which application threads were stopped: 0.0000841 seconds, Stopping threads took: 0.0000117 seconds
[2019-12-08T09:55:04.204+0000][1][safepoint    ] Application time: 0.0000643 seconds
[2019-12-08T09:55:04.204+0000][1][safepoint    ] Entering safepoint region: RevokeBias
[2019-12-08T09:55:04.204+0000][1][safepoint    ] Leaving safepoint region
[2019-12-08T09:55:04.204+0000][1][safepoint    ] Total time for which application threads were stopped: 0.0000458 seconds, Stopping threads took: 0.0000070 seconds
[2019-12-08T09:55:04.204+0000][1][safepoint    ] Application time: 0.0002377 seconds
[2019-12-08T09:55:04.204+0000][1][safepoint    ] Entering safepoint region: RevokeBias
[2019-12-08T09:55:04.204+0000][1][safepoint    ] Leaving safepoint region
[2019-12-08T09:55:04.204+0000][1][safepoint    ] Total time for which application threads were stopped: 0.0000670 seconds, Stopping threads took: 0.0000181 seconds
[2019-12-08T09:55:04.589+0000][1][safepoint    ] Application time: 0.3850338 seconds
[2019-12-08T09:55:04.603+0000][1][safepoint    ] Entering safepoint region: RevokeBias
[2019-12-08T09:55:04.603+0000][1][safepoint    ] Leaving safepoint region
[2019-12-08T09:55:04.603+0000][1][safepoint    ] Total time for which application threads were stopped: 0.0139489 seconds, Stopping threads took: 0.0137712 seconds
[2019-12-08T09:55:04.603+0000][1][safepoint    ] Application time: 0.0001676 seconds
[2019-12-08T09:55:04.603+0000][1][safepoint    ] Entering safepoint region: RevokeBias
[2019-12-08T09:55:04.603+0000][1][safepoint    ] Leaving safepoint region
[2019-12-08T09:55:04.603+0000][1][safepoint    ] Total time for which application threads were stopped: 0.0000969 seconds, Stopping threads took: 0.0000100 seconds
[2019-12-08T09:55:04.603+0000][1][safepoint    ] Application time: 0.0002476 seconds
[2019-12-08T09:55:04.603+0000][1][safepoint    ] Entering safepoint region: RevokeBias
[2019-12-08T09:55:04.604+0000][1][safepoint    ] Leaving safepoint region
[2019-12-08T09:55:04.604+0000][1][safepoint    ] Total time for which application threads were stopped: 0.0000879 seconds, Stopping threads took: 0.0000099 seconds
[2019-12-08T09:55:04.604+0000][1][safepoint    ] Application time: 0.0000412 seconds
[2019-12-08T09:55:04.604+0000][1][safepoint    ] Entering safepoint region: RevokeBias
[2019-12-08T09:55:04.604+0000][1][safepoint    ] Leaving safepoint region
[2019-12-08T09:55:04.604+0000][1][safepoint    ] Total time for which application threads were stopped: 0.0000892 seconds, Stopping threads took: 0.0000073 seconds
[2019-12-08T09:55:04.604+0000][1][safepoint    ] Application time: 0.0003841 seconds
[2019-12-08T09:55:04.604+0000][1][safepoint    ] Entering safepoint region: RevokeBias
[2019-12-08T09:55:04.604+0000][1][safepoint    ] Leaving safepoint region
[2019-12-08T09:55:04.604+0000][1][safepoint    ] Total time for which application threads were stopped: 0.0000939 seconds, Stopping threads took: 0.0000109 seconds
[2019-12-08T09:55:04.605+0000][1][safepoint    ] Application time: 0.0003144 seconds
[2019-12-08T09:55:04.605+0000][1][safepoint    ] Entering safepoint region: RevokeBias
[2019-12-08T09:55:04.605+0000][1][safepoint    ] Leaving safepoint region
[2019-12-08T09:55:04.605+0000][1][safepoint    ] Total time for which application threads were stopped: 0.0000865 seconds, Stopping threads took: 0.0000098 seconds
[2019-12-08T09:55:04.605+0000][1][safepoint    ] Application time: 0.0000624 seconds
[2019-12-08T09:55:04.605+0000][1][safepoint    ] Entering safepoint region: RevokeBias
[2019-12-08T09:55:04.605+0000][1][safepoint    ] Leaving safepoint region
[2019-12-08T09:55:04.605+0000][1][safepoint    ] Total time for which application threads were stopped: 0.0000733 seconds, Stopping threads took: 0.0000081 seconds
[2019-12-08T09:55:04.709+0000][1][safepoint    ] Application time: 0.1039134 seconds
[2019-12-08T09:55:04.709+0000][1][safepoint    ] Entering safepoint region: GenCollectForAllocation
[2019-12-08T09:55:04.709+0000][1][gc,start     ] GC(20) Pause Young (Allocation Failure)
[2019-12-08T09:55:04.709+0000][1][gc,task      ] GC(20) Using 4 workers of 4 for evacuation
[2019-12-08T09:55:04.787+0000][1][gc,age       ] GC(20) Desired survivor size 4456448 bytes, new threshold 2 (max threshold 6)
[2019-12-08T09:55:04.787+0000][1][gc,age       ] GC(20) Age table with threshold 2 (max threshold 6)
[2019-12-08T09:55:04.787+0000][1][gc,age       ] GC(20) - age   1:    2752120 bytes,    2752120 total
[2019-12-08T09:55:04.787+0000][1][gc,age       ] GC(20) - age   2:    2536480 bytes,    5288600 total
[2019-12-08T09:55:04.787+0000][1][gc,heap      ] GC(20) ParNew: 77081K->8704K(78656K)
[2019-12-08T09:55:04.787+0000][1][gc,heap      ] GC(20) CMS: 54926K->58083K(174784K)
[2019-12-08T09:55:04.787+0000][1][gc,metaspace ] GC(20) Metaspace: 48457K->48457K(1093632K)
[2019-12-08T09:55:04.787+0000][1][gc           ] GC(20) Pause Young (Allocation Failure) 128M->65M(247M) 77.895ms
[2019-12-08T09:55:04.787+0000][1][gc,cpu       ] GC(20) User=0.07s Sys=0.00s Real=0.08s
[2019-12-08T09:55:04.787+0000][1][safepoint    ] Leaving safepoint region
[2019-12-08T09:55:04.787+0000][1][safepoint    ] Total time for which application threads were stopped: 0.0780275 seconds, Stopping threads took: 0.0000138 seconds
[2019-12-08T09:55:05.044+0000][1][safepoint    ] Application time: 0.2576842 seconds
[2019-12-08T09:55:05.065+0000][1][safepoint    ] Entering safepoint region: RevokeBias
[2019-12-08T09:55:05.065+0000][1][safepoint    ] Leaving safepoint region
[2019-12-08T09:55:05.065+0000][1][safepoint    ] Total time for which application threads were stopped: 0.0208741 seconds, Stopping threads took: 0.0202744 seconds
[2019-12-08T09:55:05.071+0000][1][safepoint    ] Application time: 0.0053497 seconds
[2019-12-08T09:55:05.071+0000][1][safepoint    ] Entering safepoint region: RevokeBias
[2019-12-08T09:55:05.071+0000][1][safepoint    ] Leaving safepoint region
[2019-12-08T09:55:05.071+0000][1][safepoint    ] Total time for which application threads were stopped: 0.0001523 seconds, Stopping threads took: 0.0001035 seconds
[2019-12-08T09:55:05.071+0000][1][safepoint    ] Application time: 0.0001276 seconds
[2019-12-08T09:55:05.071+0000][1][safepoint    ] Entering safepoint region: RevokeBias
[2019-12-08T09:55:05.071+0000][1][safepoint    ] Leaving safepoint region
[2019-12-08T09:55:05.071+0000][1][safepoint    ] Total time for which application threads were stopped: 0.0000838 seconds, Stopping threads took: 0.0000087 seconds
[2019-12-08T09:55:05.071+0000][1][safepoint    ] Application time: 0.0000564 seconds
[2019-12-08T09:55:05.071+0000][1][safepoint    ] Entering safepoint region: BulkRevokeBias
[2019-12-08T09:55:05.071+0000][1][safepoint    ] Leaving safepoint region
[2019-12-08T09:55:05.071+0000][1][safepoint    ] Total time for which application threads were stopped: 0.0002317 seconds, Stopping threads took: 0.0000077 seconds
[2019-12-08T09:55:06.040+0000][1][safepoint    ] Application time: 0.9681594 seconds
[2019-12-08T09:55:06.040+0000][1][safepoint    ] Entering safepoint region: RevokeBias
[2019-12-08T09:55:06.040+0000][1][safepoint    ] Leaving safepoint region
[2019-12-08T09:55:06.040+0000][1][safepoint    ] Total time for which application threads were stopped: 0.0005252 seconds, Stopping threads took: 0.0000324 seconds
[2019-12-08T09:55:06.098+0000][1][safepoint    ] Application time: 0.0581016 seconds
[2019-12-08T09:55:06.104+0000][1][safepoint    ] Entering safepoint region: RevokeBias
[2019-12-08T09:55:06.104+0000][1][safepoint    ] Leaving safepoint region
[2019-12-08T09:55:06.104+0000][1][safepoint    ] Total time for which application threads were stopped: 0.0055469 seconds, Stopping threads took: 0.0054855 seconds
[2019-12-08T09:55:06.105+0000][1][safepoint    ] Application time: 0.0008792 seconds
[2019-12-08T09:55:06.105+0000][1][safepoint    ] Entering safepoint region: RevokeBias
[2019-12-08T09:55:06.105+0000][1][safepoint    ] Leaving safepoint region
[2019-12-08T09:55:06.105+0000][1][safepoint    ] Total time for which application threads were stopped: 0.0001023 seconds, Stopping threads took: 0.0000521 seconds
[2019-12-08T09:55:06.105+0000][1][safepoint    ] Application time: 0.0002528 seconds
[2019-12-08T09:55:06.105+0000][1][safepoint    ] Entering safepoint region: RevokeBias
[2019-12-08T09:55:06.105+0000][1][safepoint    ] Leaving safepoint region
[2019-12-08T09:55:06.105+0000][1][safepoint    ] Total time for which application threads were stopped: 0.0000465 seconds, Stopping threads took: 0.0000085 seconds
[2019-12-08T09:55:06.121+0000][1][safepoint    ] Application time: 0.0154789 seconds
[2019-12-08T09:55:06.121+0000][1][safepoint    ] Entering safepoint region: RevokeBias
[2019-12-08T09:55:06.121+0000][1][safepoint    ] Leaving safepoint region
[2019-12-08T09:55:06.121+0000][1][safepoint    ] Total time for which application threads were stopped: 0.0000833 seconds, Stopping threads took: 0.0000152 seconds
[2019-12-08T09:55:06.631+0000][1][safepoint    ] Application time: 0.5105878 seconds
[2019-12-08T09:55:06.632+0000][1][safepoint    ] Entering safepoint region: RevokeBias
[2019-12-08T09:55:06.632+0000][1][safepoint    ] Leaving safepoint region
[2019-12-08T09:55:06.632+0000][1][safepoint    ] Total time for which application threads were stopped: 0.0001937 seconds, Stopping threads took: 0.0000824 seconds
[2019-12-08T09:55:06.676+0000][1][safepoint    ] Application time: 0.0442426 seconds
[2019-12-08T09:55:06.676+0000][1][safepoint    ] Entering safepoint region: RevokeBias
[2019-12-08T09:55:06.676+0000][1][safepoint    ] Leaving safepoint region
[2019-12-08T09:55:06.676+0000][1][safepoint    ] Total time for which application threads were stopped: 0.0001342 seconds, Stopping threads took: 0.0000385 seconds
[2019-12-08T09:55:07.124+0000][1][safepoint    ] Application time: 0.4476108 seconds
[2019-12-08T09:55:07.139+0000][1][safepoint    ] Entering safepoint region: RevokeBias
[2019-12-08T09:55:07.139+0000][1][safepoint    ] Leaving safepoint region
[2019-12-08T09:55:07.139+0000][1][safepoint    ] Total time for which application threads were stopped: 0.0150402 seconds, Stopping threads took: 0.0149646 seconds
[2019-12-08T09:55:07.216+0000][1][safepoint    ] Application time: 0.0773424 seconds
[2019-12-08T09:55:07.216+0000][1][safepoint    ] Entering safepoint region: GenCollectForAllocation
[2019-12-08T09:55:07.216+0000][1][gc,start     ] GC(21) Pause Young (Allocation Failure)
[2019-12-08T09:55:07.216+0000][1][gc,task      ] GC(21) Using 4 workers of 4 for evacuation
[2019-12-08T09:55:07.254+0000][1][gc,age       ] GC(21) Desired survivor size 4456448 bytes, new threshold 2 (max threshold 6)
[2019-12-08T09:55:07.254+0000][1][gc,age       ] GC(21) Age table with threshold 2 (max threshold 6)
[2019-12-08T09:55:07.254+0000][1][gc,age       ] GC(21) - age   1:    1916672 bytes,    1916672 total
[2019-12-08T09:55:07.254+0000][1][gc,age       ] GC(21) - age   2:    2676096 bytes,    4592768 total
[2019-12-08T09:55:07.254+0000][1][gc,heap      ] GC(21) ParNew: 78656K->5570K(78656K)
[2019-12-08T09:55:07.254+0000][1][gc,heap      ] GC(21) CMS: 58083K->60625K(174784K)
[2019-12-08T09:55:07.254+0000][1][gc,metaspace ] GC(21) Metaspace: 56565K->56565K(1101824K)
[2019-12-08T09:55:07.254+0000][1][gc           ] GC(21) Pause Young (Allocation Failure) 133M->64M(247M) 37.941ms
[2019-12-08T09:55:07.254+0000][1][gc,cpu       ] GC(21) User=0.04s Sys=0.00s Real=0.04s
[2019-12-08T09:55:07.254+0000][1][safepoint    ] Leaving safepoint region
[2019-12-08T09:55:07.254+0000][1][safepoint    ] Total time for which application threads were stopped: 0.0381018 seconds, Stopping threads took: 0.0000156 seconds
[2019-12-08T09:55:07.297+0000][1][safepoint    ] Application time: 0.0431025 seconds
[2019-12-08T09:55:07.297+0000][1][safepoint    ] Entering safepoint region: RevokeBias
[2019-12-08T09:55:07.297+0000][1][safepoint    ] Leaving safepoint region
[2019-12-08T09:55:07.298+0000][1][safepoint    ] Total time for which application threads were stopped: 0.0000738 seconds, Stopping threads took: 0.0000159 seconds
[2019-12-08T09:55:07.455+0000][1][safepoint    ] Application time: 0.1572679 seconds
[2019-12-08T09:55:07.455+0000][1][safepoint    ] Entering safepoint region: Deoptimize
[2019-12-08T09:55:07.455+0000][1][safepoint    ] Leaving safepoint region
[2019-12-08T09:55:07.455+0000][1][safepoint    ] Total time for which application threads were stopped: 0.0006628 seconds, Stopping threads took: 0.0000159 seconds
[2019-12-08T09:55:07.672+0000][1][safepoint    ] Application time: 0.2161164 seconds
[2019-12-08T09:55:07.672+0000][1][safepoint    ] Entering safepoint region: RevokeBias
[2019-12-08T09:55:07.672+0000][1][safepoint    ] Leaving safepoint region
[2019-12-08T09:55:07.672+0000][1][safepoint    ] Total time for which application threads were stopped: 0.0001388 seconds, Stopping threads took: 0.0000143 seconds
[2019-12-08T09:55:07.673+0000][1][safepoint    ] Application time: 0.0014636 seconds
[2019-12-08T09:55:07.673+0000][1][safepoint    ] Entering safepoint region: RevokeBias
[2019-12-08T09:55:07.673+0000][1][safepoint    ] Leaving safepoint region
[2019-12-08T09:55:07.673+0000][1][safepoint    ] Total time for which application threads were stopped: 0.0000696 seconds, Stopping threads took: 0.0000133 seconds
[2019-12-08T09:55:07.673+0000][1][safepoint    ] Application time: 0.0001221 seconds
[2019-12-08T09:55:07.673+0000][1][safepoint    ] Entering safepoint region: RevokeBias
[2019-12-08T09:55:07.674+0000][1][safepoint    ] Leaving safepoint region
[2019-12-08T09:55:07.674+0000][1][safepoint    ] Total time for which application threads were stopped: 0.0000482 seconds, Stopping threads took: 0.0000071 seconds
[2019-12-08T09:55:07.676+0000][1][safepoint    ] Application time: 0.0027987 seconds
[2019-12-08T09:55:07.676+0000][1][safepoint    ] Entering safepoint region: RevokeBias
[2019-12-08T09:55:07.676+0000][1][safepoint    ] Leaving safepoint region
[2019-12-08T09:55:07.676+0000][1][safepoint    ] Total time for which application threads were stopped: 0.0000618 seconds, Stopping threads took: 0.0000119 seconds
[2019-12-08T09:55:08.168+0000][1][safepoint    ] Application time: 0.4912671 seconds
[2019-12-08T09:55:08.168+0000][1][safepoint    ] Entering safepoint region: RevokeBias
[2019-12-08T09:55:08.169+0000][1][safepoint    ] Leaving safepoint region
[2019-12-08T09:55:08.169+0000][1][safepoint    ] Total time for which application threads were stopped: 0.0013556 seconds, Stopping threads took: 0.0001881 seconds
[2019-12-08T09:55:08.590+0000][1][safepoint    ] Application time: 0.4206141 seconds
[2019-12-08T09:55:08.590+0000][1][safepoint    ] Entering safepoint region: Deoptimize
[2019-12-08T09:55:08.590+0000][1][safepoint    ] Leaving safepoint region
[2019-12-08T09:55:08.590+0000][1][safepoint    ] Total time for which application threads were stopped: 0.0007041 seconds, Stopping threads took: 0.0000235 seconds
[2019-12-08T09:55:08.676+0000][1][safepoint    ] Application time: 0.0852718 seconds
[2019-12-08T09:55:08.676+0000][1][safepoint    ] Entering safepoint region: RevokeBias
[2019-12-08T09:55:08.676+0000][1][safepoint    ] Leaving safepoint region
[2019-12-08T09:55:08.676+0000][1][safepoint    ] Total time for which application threads were stopped: 0.0000823 seconds, Stopping threads took: 0.0000142 seconds
[2019-12-08T09:55:08.949+0000][1][safepoint    ] Application time: 0.2730783 seconds
[2019-12-08T09:55:08.949+0000][1][safepoint    ] Entering safepoint region: RevokeBias
[2019-12-08T09:55:08.949+0000][1][safepoint    ] Leaving safepoint region
[2019-12-08T09:55:08.949+0000][1][safepoint    ] Total time for which application threads were stopped: 0.0001285 seconds, Stopping threads took: 0.0000148 seconds
[2019-12-08T09:55:09.121+0000][1][safepoint    ] Application time: 0.1720401 seconds
[2019-12-08T09:55:09.121+0000][1][safepoint    ] Entering safepoint region: RevokeBias
[2019-12-08T09:55:09.121+0000][1][safepoint    ] Leaving safepoint region
[2019-12-08T09:55:09.121+0000][1][safepoint    ] Total time for which application threads were stopped: 0.0000914 seconds, Stopping threads took: 0.0000148 seconds
[2019-12-08T09:55:09.121+0000][1][safepoint    ] Application time: 0.0000659 seconds
[2019-12-08T09:55:09.121+0000][1][safepoint    ] Entering safepoint region: RevokeBias
[2019-12-08T09:55:09.121+0000][1][safepoint    ] Leaving safepoint region
[2019-12-08T09:55:09.121+0000][1][safepoint    ] Total time for which application threads were stopped: 0.0000444 seconds, Stopping threads took: 0.0000089 seconds
[2019-12-08T09:55:09.121+0000][1][safepoint    ] Application time: 0.0000786 seconds
[2019-12-08T09:55:09.121+0000][1][safepoint    ] Entering safepoint region: RevokeBias
[2019-12-08T09:55:09.122+0000][1][safepoint    ] Leaving safepoint region
[2019-12-08T09:55:09.122+0000][1][safepoint    ] Total time for which application threads were stopped: 0.0000372 seconds, Stopping threads took: 0.0000089 seconds
[2019-12-08T09:55:09.122+0000][1][safepoint    ] Application time: 0.0000508 seconds
[2019-12-08T09:55:09.122+0000][1][safepoint    ] Entering safepoint region: RevokeBias
[2019-12-08T09:55:09.122+0000][1][safepoint    ] Leaving safepoint region
[2019-12-08T09:55:09.122+0000][1][safepoint    ] Total time for which application threads were stopped: 0.0000341 seconds, Stopping threads took: 0.0000082 seconds
[2019-12-08T09:55:09.122+0000][1][safepoint    ] Application time: 0.0001264 seconds
[2019-12-08T09:55:09.122+0000][1][safepoint    ] Entering safepoint region: RevokeBias
[2019-12-08T09:55:09.122+0000][1][safepoint    ] Leaving safepoint region
[2019-12-08T09:55:09.122+0000][1][safepoint    ] Total time for which application threads were stopped: 0.0000358 seconds, Stopping threads took: 0.0000090 seconds
[2019-12-08T09:55:09.122+0000][1][safepoint    ] Application time: 0.0000823 seconds
[2019-12-08T09:55:09.122+0000][1][safepoint    ] Entering safepoint region: RevokeBias
[2019-12-08T09:55:09.122+0000][1][safepoint    ] Leaving safepoint region
[2019-12-08T09:55:09.122+0000][1][safepoint    ] Total time for which application threads were stopped: 0.0000311 seconds, Stopping threads took: 0.0000074 seconds
[2019-12-08T09:55:09.122+0000][1][safepoint    ] Application time: 0.0000567 seconds
[2019-12-08T09:55:09.122+0000][1][safepoint    ] Entering safepoint region: RevokeBias
[2019-12-08T09:55:09.122+0000][1][safepoint    ] Leaving safepoint region
[2019-12-08T09:55:09.122+0000][1][safepoint    ] Total time for which application threads were stopped: 0.0000308 seconds, Stopping threads took: 0.0000071 seconds
[2019-12-08T09:55:09.122+0000][1][safepoint    ] Application time: 0.0000961 seconds
[2019-12-08T09:55:09.122+0000][1][safepoint    ] Entering safepoint region: RevokeBias
[2019-12-08T09:55:09.122+0000][1][safepoint    ] Leaving safepoint region
[2019-12-08T09:55:09.122+0000][1][safepoint    ] Total time for which application threads were stopped: 0.0000308 seconds, Stopping threads took: 0.0000077 seconds
[2019-12-08T09:55:09.122+0000][1][safepoint    ] Application time: 0.0000796 seconds
[2019-12-08T09:55:09.122+0000][1][safepoint    ] Entering safepoint region: RevokeBias
[2019-12-08T09:55:09.122+0000][1][safepoint    ] Leaving safepoint region
[2019-12-08T09:55:09.122+0000][1][safepoint    ] Total time for which application threads were stopped: 0.0000334 seconds, Stopping threads took: 0.0000080 seconds
[2019-12-08T09:55:09.122+0000][1][safepoint    ] Application time: 0.0001010 seconds
[2019-12-08T09:55:09.122+0000][1][safepoint    ] Entering safepoint region: RevokeBias
[2019-12-08T09:55:09.122+0000][1][safepoint    ] Leaving safepoint region
[2019-12-08T09:55:09.122+0000][1][safepoint    ] Total time for which application threads were stopped: 0.0000355 seconds, Stopping threads took: 0.0000086 seconds
[2019-12-08T09:55:09.123+0000][1][safepoint    ] Application time: 0.0000572 seconds
[2019-12-08T09:55:09.123+0000][1][safepoint    ] Entering safepoint region: RevokeBias
[2019-12-08T09:55:09.123+0000][1][safepoint    ] Leaving safepoint region
[2019-12-08T09:55:09.123+0000][1][safepoint    ] Total time for which application threads were stopped: 0.0000330 seconds, Stopping threads took: 0.0000080 seconds
[2019-12-08T09:55:09.123+0000][1][safepoint    ] Application time: 0.0000833 seconds
[2019-12-08T09:55:09.123+0000][1][safepoint    ] Entering safepoint region: BulkRevokeBias
[2019-12-08T09:55:09.123+0000][1][safepoint    ] Leaving safepoint region
[2019-12-08T09:55:09.123+0000][1][safepoint    ] Total time for which application threads were stopped: 0.0001360 seconds, Stopping threads took: 0.0000090 seconds
[2019-12-08T09:55:09.483+0000][1][safepoint    ] Application time: 0.3605463 seconds
[2019-12-08T09:55:09.483+0000][1][safepoint    ] Entering safepoint region: RevokeBias
[2019-12-08T09:55:09.484+0000][1][safepoint    ] Leaving safepoint region
[2019-12-08T09:55:09.484+0000][1][safepoint    ] Total time for which application threads were stopped: 0.0000795 seconds, Stopping threads took: 0.0000149 seconds
[2019-12-08T09:55:09.699+0000][1][safepoint    ] Application time: 0.2152663 seconds
[2019-12-08T09:55:09.699+0000][1][safepoint    ] Entering safepoint region: Deoptimize
[2019-12-08T09:55:09.699+0000][1][safepoint    ] Leaving safepoint region
[2019-12-08T09:55:09.700+0000][1][safepoint    ] Total time for which application threads were stopped: 0.0006762 seconds, Stopping threads took: 0.0000145 seconds
[2019-12-08T09:55:09.732+0000][1][safepoint    ] Application time: 0.0321994 seconds
[2019-12-08T09:55:09.732+0000][1][safepoint    ] Entering safepoint region: RevokeBias
[2019-12-08T09:55:09.732+0000][1][safepoint    ] Leaving safepoint region
[2019-12-08T09:55:09.732+0000][1][safepoint    ] Total time for which application threads were stopped: 0.0000994 seconds, Stopping threads took: 0.0000147 seconds
[2019-12-08T09:55:09.738+0000][1][safepoint    ] Application time: 0.0058556 seconds
[2019-12-08T09:55:09.738+0000][1][safepoint    ] Entering safepoint region: BulkRevokeBias
[2019-12-08T09:55:09.738+0000][1][safepoint    ] Leaving safepoint region
[2019-12-08T09:55:09.738+0000][1][safepoint    ] Total time for which application threads were stopped: 0.0001614 seconds, Stopping threads took: 0.0000135 seconds
[2019-12-08T09:55:09.739+0000][1][safepoint    ] Application time: 0.0008263 seconds
[2019-12-08T09:55:09.739+0000][1][safepoint    ] Entering safepoint region: RevokeBias
[2019-12-08T09:55:09.739+0000][1][safepoint    ] Leaving safepoint region
[2019-12-08T09:55:09.739+0000][1][safepoint    ] Total time for which application threads were stopped: 0.0000628 seconds, Stopping threads took: 0.0000118 seconds
[2019-12-08T09:55:09.739+0000][1][safepoint    ] Application time: 0.0004491 seconds
[2019-12-08T09:55:09.739+0000][1][safepoint    ] Entering safepoint region: RevokeBias
[2019-12-08T09:55:09.739+0000][1][safepoint    ] Leaving safepoint region
[2019-12-08T09:55:09.739+0000][1][safepoint    ] Total time for which application threads were stopped: 0.0000600 seconds, Stopping threads took: 0.0000101 seconds
[2019-12-08T09:55:09.739+0000][1][safepoint    ] Application time: 0.0000574 seconds
[2019-12-08T09:55:09.739+0000][1][safepoint    ] Entering safepoint region: RevokeBias
[2019-12-08T09:55:09.739+0000][1][safepoint    ] Leaving safepoint region
[2019-12-08T09:55:09.739+0000][1][safepoint    ] Total time for which application threads were stopped: 0.0000424 seconds, Stopping threads took: 0.0000075 seconds
[2019-12-08T09:55:09.740+0000][1][safepoint    ] Application time: 0.0001821 seconds
[2019-12-08T09:55:09.740+0000][1][safepoint    ] Entering safepoint region: RevokeBias
[2019-12-08T09:55:09.740+0000][1][safepoint    ] Leaving safepoint region
[2019-12-08T09:55:09.740+0000][1][safepoint    ] Total time for which application threads were stopped: 0.0000722 seconds, Stopping threads took: 0.0000083 seconds
[2019-12-08T09:55:09.740+0000][1][safepoint    ] Application time: 0.0002988 seconds
[2019-12-08T09:55:09.740+0000][1][safepoint    ] Entering safepoint region: RevokeBias
[2019-12-08T09:55:09.740+0000][1][safepoint    ] Leaving safepoint region
[2019-12-08T09:55:09.740+0000][1][safepoint    ] Total time for which application threads were stopped: 0.0000532 seconds, Stopping threads took: 0.0000095 seconds
[2019-12-08T09:55:09.741+0000][1][safepoint    ] Application time: 0.0007988 seconds
[2019-12-08T09:55:09.741+0000][1][safepoint    ] Entering safepoint region: RevokeBias
[2019-12-08T09:55:09.741+0000][1][safepoint    ] Leaving safepoint region
[2019-12-08T09:55:09.741+0000][1][safepoint    ] Total time for which application threads were stopped: 0.0000596 seconds, Stopping threads took: 0.0000109 seconds
[2019-12-08T09:55:09.741+0000][1][safepoint    ] Application time: 0.0000695 seconds
[2019-12-08T09:55:09.741+0000][1][safepoint    ] Entering safepoint region: RevokeBias
[2019-12-08T09:55:09.741+0000][1][safepoint    ] Leaving safepoint region
[2019-12-08T09:55:09.741+0000][1][safepoint    ] Total time for which application threads were stopped: 0.0000438 seconds, Stopping threads took: 0.0000079 seconds
[2019-12-08T09:55:09.743+0000][1][safepoint    ] Application time: 0.0017567 seconds
[2019-12-08T09:55:09.743+0000][1][safepoint    ] Entering safepoint region: RevokeBias
[2019-12-08T09:55:09.743+0000][1][safepoint    ] Leaving safepoint region
[2019-12-08T09:55:09.743+0000][1][safepoint    ] Total time for which application threads were stopped: 0.0000656 seconds, Stopping threads took: 0.0000110 seconds
[2019-12-08T09:55:09.743+0000][1][safepoint    ] Application time: 0.0000992 seconds
[2019-12-08T09:55:09.743+0000][1][safepoint    ] Entering safepoint region: RevokeBias
[2019-12-08T09:55:09.743+0000][1][safepoint    ] Leaving safepoint region
[2019-12-08T09:55:09.743+0000][1][safepoint    ] Total time for which application threads were stopped: 0.0000499 seconds, Stopping threads took: 0.0000084 seconds
[2019-12-08T09:55:09.744+0000][1][safepoint    ] Application time: 0.0006747 seconds
[2019-12-08T09:55:09.744+0000][1][safepoint    ] Entering safepoint region: GenCollectForAllocation
[2019-12-08T09:55:09.744+0000][1][gc,start     ] GC(22) Pause Young (Allocation Failure)
[2019-12-08T09:55:09.744+0000][1][gc,task      ] GC(22) Using 4 workers of 4 for evacuation
[2019-12-08T09:55:09.799+0000][1][gc,age       ] GC(22) Desired survivor size 4456448 bytes, new threshold 2 (max threshold 6)
[2019-12-08T09:55:09.799+0000][1][gc,age       ] GC(22) Age table with threshold 2 (max threshold 6)
[2019-12-08T09:55:09.799+0000][1][gc,age       ] GC(22) - age   1:    3620704 bytes,    3620704 total
[2019-12-08T09:55:09.799+0000][1][gc,age       ] GC(22) - age   2:    1725152 bytes,    5345856 total
[2019-12-08T09:55:09.799+0000][1][gc,heap      ] GC(22) ParNew: 75522K->7279K(78656K)
[2019-12-08T09:55:09.799+0000][1][gc,heap      ] GC(22) CMS: 60625K->63268K(174784K)
[2019-12-08T09:55:09.799+0000][1][gc,metaspace ] GC(22) Metaspace: 64163K->64163K(1107968K)
[2019-12-08T09:55:09.799+0000][1][gc           ] GC(22) Pause Young (Allocation Failure) 132M->68M(247M) 55.306ms
[2019-12-08T09:55:09.799+0000][1][gc,cpu       ] GC(22) User=0.04s Sys=0.00s Real=0.05s
[2019-12-08T09:55:09.799+0000][1][safepoint    ] Leaving safepoint region
[2019-12-08T09:55:09.799+0000][1][safepoint    ] Total time for which application threads were stopped: 0.0554244 seconds, Stopping threads took: 0.0000104 seconds
[2019-12-08T09:55:09.804+0000][1][safepoint    ] Application time: 0.0049201 seconds
[2019-12-08T09:55:09.804+0000][1][safepoint    ] Entering safepoint region: Deoptimize
[2019-12-08T09:55:09.805+0000][1][safepoint    ] Leaving safepoint region
[2019-12-08T09:55:09.805+0000][1][safepoint    ] Total time for which application threads were stopped: 0.0006815 seconds, Stopping threads took: 0.0000154 seconds
[2019-12-08T09:55:09.806+0000][1][safepoint    ] Application time: 0.0005836 seconds
[2019-12-08T09:55:09.806+0000][1][safepoint    ] Entering safepoint region: RevokeBias
[2019-12-08T09:55:09.806+0000][1][safepoint    ] Leaving safepoint region
[2019-12-08T09:55:09.806+0000][1][safepoint    ] Total time for which application threads were stopped: 0.0000537 seconds, Stopping threads took: 0.0000119 seconds
[2019-12-08T09:55:09.929+0000][1][safepoint    ] Application time: 0.1231172 seconds
[2019-12-08T09:55:09.950+0000][1][safepoint    ] Entering safepoint region: RevokeBias
[2019-12-08T09:55:09.951+0000][1][safepoint    ] Leaving safepoint region
[2019-12-08T09:55:09.951+0000][1][safepoint    ] Total time for which application threads were stopped: 0.0218170 seconds, Stopping threads took: 0.0216923 seconds
[2019-12-08T09:55:09.969+0000][1][safepoint    ] Application time: 0.0184951 seconds
[2019-12-08T09:55:09.971+0000][1][safepoint    ] Entering safepoint region: RevokeBias
[2019-12-08T09:55:09.971+0000][1][safepoint    ] Leaving safepoint region
[2019-12-08T09:55:09.971+0000][1][safepoint    ] Total time for which application threads were stopped: 0.0023936 seconds, Stopping threads took: 0.0023072 seconds
[2019-12-08T09:55:09.972+0000][1][safepoint    ] Application time: 0.0001954 seconds
[2019-12-08T09:55:09.972+0000][1][safepoint    ] Entering safepoint region: RevokeBias
[2019-12-08T09:55:09.972+0000][1][safepoint    ] Leaving safepoint region
[2019-12-08T09:55:09.972+0000][1][safepoint    ] Total time for which application threads were stopped: 0.0000584 seconds, Stopping threads took: 0.0000139 seconds
[2019-12-08T09:55:09.982+0000][1][safepoint    ] Application time: 0.0105708 seconds
[2019-12-08T09:55:09.982+0000][1][safepoint    ] Entering safepoint region: RevokeBias
[2019-12-08T09:55:09.982+0000][1][safepoint    ] Leaving safepoint region
[2019-12-08T09:55:09.982+0000][1][safepoint    ] Total time for which application threads were stopped: 0.0000801 seconds, Stopping threads took: 0.0000121 seconds
[2019-12-08T09:55:09.983+0000][1][safepoint    ] Application time: 0.0004064 seconds
[2019-12-08T09:55:09.983+0000][1][safepoint    ] Entering safepoint region: RevokeBias
[2019-12-08T09:55:09.983+0000][1][safepoint    ] Leaving safepoint region
[2019-12-08T09:55:09.983+0000][1][safepoint    ] Total time for which application threads were stopped: 0.0000683 seconds, Stopping threads took: 0.0000113 seconds
[2019-12-08T09:55:09.983+0000][1][safepoint    ] Application time: 0.0000498 seconds
[2019-12-08T09:55:09.983+0000][1][safepoint    ] Entering safepoint region: RevokeBias
[2019-12-08T09:55:09.983+0000][1][safepoint    ] Leaving safepoint region
[2019-12-08T09:55:09.983+0000][1][safepoint    ] Total time for which application threads were stopped: 0.0000438 seconds, Stopping threads took: 0.0000080 seconds
[2019-12-08T09:55:09.991+0000][1][safepoint    ] Application time: 0.0079795 seconds
[2019-12-08T09:55:09.991+0000][1][safepoint    ] Entering safepoint region: RevokeBias
[2019-12-08T09:55:09.991+0000][1][safepoint    ] Leaving safepoint region
[2019-12-08T09:55:09.991+0000][1][safepoint    ] Total time for which application threads were stopped: 0.0001025 seconds, Stopping threads took: 0.0000281 seconds
[2019-12-08T09:55:09.999+0000][1][safepoint    ] Application time: 0.0075478 seconds
[2019-12-08T09:55:09.999+0000][1][safepoint    ] Entering safepoint region: RevokeBias
[2019-12-08T09:55:09.999+0000][1][safepoint    ] Leaving safepoint region
[2019-12-08T09:55:09.999+0000][1][safepoint    ] Total time for which application threads were stopped: 0.0000775 seconds, Stopping threads took: 0.0000123 seconds
[2019-12-08T09:55:10.007+0000][1][safepoint    ] Application time: 0.0079022 seconds
[2019-12-08T09:55:10.016+0000][1][safepoint    ] Entering safepoint region: RevokeBias
[2019-12-08T09:55:10.016+0000][1][safepoint    ] Leaving safepoint region
[2019-12-08T09:55:10.016+0000][1][safepoint    ] Total time for which application threads were stopped: 0.0097328 seconds, Stopping threads took: 0.0096584 seconds
[2019-12-08T09:55:10.017+0000][1][safepoint    ] Application time: 0.0004090 seconds
[2019-12-08T09:55:10.017+0000][1][safepoint    ] Entering safepoint region: RevokeBias
[2019-12-08T09:55:10.017+0000][1][safepoint    ] Leaving safepoint region
[2019-12-08T09:55:10.017+0000][1][safepoint    ] Total time for which application threads were stopped: 0.0000750 seconds, Stopping threads took: 0.0000115 seconds
[2019-12-08T09:55:10.018+0000][1][safepoint    ] Application time: 0.0009640 seconds
[2019-12-08T09:55:10.018+0000][1][safepoint    ] Entering safepoint region: RevokeBias
[2019-12-08T09:55:10.018+0000][1][safepoint    ] Leaving safepoint region
[2019-12-08T09:55:10.018+0000][1][safepoint    ] Total time for which application threads were stopped: 0.0000684 seconds, Stopping threads took: 0.0000112 seconds
[2019-12-08T09:55:10.018+0000][1][safepoint    ] Application time: 0.0001091 seconds
[2019-12-08T09:55:10.018+0000][1][safepoint    ] Entering safepoint region: RevokeBias
[2019-12-08T09:55:10.018+0000][1][safepoint    ] Leaving safepoint region
[2019-12-08T09:55:10.018+0000][1][safepoint    ] Total time for which application threads were stopped: 0.0000510 seconds, Stopping threads took: 0.0000083 seconds
[2019-12-08T09:55:10.018+0000][1][safepoint    ] Application time: 0.0000688 seconds
[2019-12-08T09:55:10.018+0000][1][safepoint    ] Entering safepoint region: RevokeBias
[2019-12-08T09:55:10.018+0000][1][safepoint    ] Leaving safepoint region
[2019-12-08T09:55:10.018+0000][1][safepoint    ] Total time for which application threads were stopped: 0.0000490 seconds, Stopping threads took: 0.0000080 seconds
[2019-12-08T09:55:10.021+0000][1][safepoint    ] Application time: 0.0024383 seconds
[2019-12-08T09:55:10.021+0000][1][safepoint    ] Entering safepoint region: RevokeBias
[2019-12-08T09:55:10.021+0000][1][safepoint    ] Leaving safepoint region
[2019-12-08T09:55:10.021+0000][1][safepoint    ] Total time for which application threads were stopped: 0.0000579 seconds, Stopping threads took: 0.0000117 seconds
[2019-12-08T09:55:10.021+0000][1][safepoint    ] Application time: 0.0003052 seconds
[2019-12-08T09:55:10.021+0000][1][safepoint    ] Entering safepoint region: RevokeBias
[2019-12-08T09:55:10.021+0000][1][safepoint    ] Leaving safepoint region
[2019-12-08T09:55:10.021+0000][1][safepoint    ] Total time for which application threads were stopped: 0.0000516 seconds, Stopping threads took: 0.0000100 seconds
[2019-12-08T09:55:10.021+0000][1][safepoint    ] Application time: 0.0000548 seconds
[2019-12-08T09:55:10.021+0000][1][safepoint    ] Entering safepoint region: RevokeBias
[2019-12-08T09:55:10.021+0000][1][safepoint    ] Leaving safepoint region
[2019-12-08T09:55:10.021+0000][1][safepoint    ] Total time for which application threads were stopped: 0.0000425 seconds, Stopping threads took: 0.0000079 seconds
[2019-12-08T09:55:10.091+0000][1][safepoint    ] Application time: 0.0693192 seconds
[2019-12-08T09:55:10.091+0000][1][safepoint    ] Entering safepoint region: RevokeBias
[2019-12-08T09:55:10.091+0000][1][safepoint    ] Leaving safepoint region
[2019-12-08T09:55:10.091+0000][1][safepoint    ] Total time for which application threads were stopped: 0.0005059 seconds, Stopping threads took: 0.0004056 seconds
[2019-12-08T09:55:10.099+0000][1][safepoint    ] Application time: 0.0074838 seconds
[2019-12-08T09:55:10.099+0000][1][safepoint    ] Entering safepoint region: RevokeBias
[2019-12-08T09:55:10.099+0000][1][safepoint    ] Leaving safepoint region
[2019-12-08T09:55:10.099+0000][1][safepoint    ] Total time for which application threads were stopped: 0.0001846 seconds, Stopping threads took: 0.0000589 seconds
[2019-12-08T09:55:10.108+0000][1][safepoint    ] Application time: 0.0086802 seconds
[2019-12-08T09:55:10.108+0000][1][safepoint    ] Entering safepoint region: RevokeBias
[2019-12-08T09:55:10.108+0000][1][safepoint    ] Leaving safepoint region
[2019-12-08T09:55:10.108+0000][1][safepoint    ] Total time for which application threads were stopped: 0.0002324 seconds, Stopping threads took: 0.0000325 seconds
[2019-12-08T09:55:10.127+0000][1][safepoint    ] Application time: 0.0188287 seconds
[2019-12-08T09:55:10.157+0000][1][safepoint    ] Entering safepoint region: RevokeBias
[2019-12-08T09:55:10.157+0000][1][safepoint    ] Leaving safepoint region
[2019-12-08T09:55:10.157+0000][1][safepoint    ] Total time for which application threads were stopped: 0.0305342 seconds, Stopping threads took: 0.0304392 seconds
[2019-12-08T09:55:10.180+0000][1][safepoint    ] Application time: 0.0229108 seconds
[2019-12-08T09:55:10.180+0000][1][safepoint    ] Entering safepoint region: RevokeBias
[2019-12-08T09:55:10.180+0000][1][safepoint    ] Leaving safepoint region
[2019-12-08T09:55:10.180+0000][1][safepoint    ] Total time for which application threads were stopped: 0.0001161 seconds, Stopping threads took: 0.0000155 seconds
[2019-12-08T09:55:10.181+0000][1][safepoint    ] Application time: 0.0004192 seconds
[2019-12-08T09:55:10.181+0000][1][safepoint    ] Entering safepoint region: RevokeBias
[2019-12-08T09:55:10.181+0000][1][safepoint    ] Leaving safepoint region
[2019-12-08T09:55:10.181+0000][1][safepoint    ] Total time for which application threads were stopped: 0.0001703 seconds, Stopping threads took: 0.0000713 seconds
[2019-12-08T09:55:10.191+0000][1][safepoint    ] Application time: 0.0098811 seconds
[2019-12-08T09:55:10.191+0000][1][safepoint    ] Entering safepoint region: RevokeBias
[2019-12-08T09:55:10.191+0000][1][safepoint    ] Leaving safepoint region
[2019-12-08T09:55:10.191+0000][1][safepoint    ] Total time for which application threads were stopped: 0.0000936 seconds, Stopping threads took: 0.0000143 seconds
[2019-12-08T09:55:10.192+0000][1][safepoint    ] Application time: 0.0007453 seconds
[2019-12-08T09:55:10.192+0000][1][safepoint    ] Entering safepoint region: RevokeBias
[2019-12-08T09:55:10.192+0000][1][safepoint    ] Leaving safepoint region
[2019-12-08T09:55:10.192+0000][1][safepoint    ] Total time for which application threads were stopped: 0.0000717 seconds, Stopping threads took: 0.0000130 seconds
[2019-12-08T09:55:10.202+0000][1][safepoint    ] Application time: 0.0097672 seconds
[2019-12-08T09:55:10.202+0000][1][safepoint    ] Entering safepoint region: RevokeBias
[2019-12-08T09:55:10.202+0000][1][safepoint    ] Leaving safepoint region
[2019-12-08T09:55:10.202+0000][1][safepoint    ] Total time for which application threads were stopped: 0.0004784 seconds, Stopping threads took: 0.0003972 seconds
[2019-12-08T09:55:10.210+0000][1][safepoint    ] Application time: 0.0079915 seconds
[2019-12-08T09:55:10.210+0000][1][safepoint    ] Entering safepoint region: RevokeBias
[2019-12-08T09:55:10.211+0000][1][safepoint    ] Leaving safepoint region
[2019-12-08T09:55:10.211+0000][1][safepoint    ] Total time for which application threads were stopped: 0.0004371 seconds, Stopping threads took: 0.0003538 seconds
[2019-12-08T09:55:10.218+0000][1][safepoint    ] Application time: 0.0075306 seconds
[2019-12-08T09:55:10.218+0000][1][safepoint    ] Entering safepoint region: RevokeBias
[2019-12-08T09:55:10.218+0000][1][safepoint    ] Leaving safepoint region
[2019-12-08T09:55:10.218+0000][1][safepoint    ] Total time for which application threads were stopped: 0.0001103 seconds, Stopping threads took: 0.0000140 seconds
[2019-12-08T09:55:10.218+0000][1][safepoint    ] Application time: 0.0001906 seconds
[2019-12-08T09:55:10.218+0000][1][safepoint    ] Entering safepoint region: RevokeBias
[2019-12-08T09:55:10.219+0000][1][safepoint    ] Leaving safepoint region
[2019-12-08T09:55:10.219+0000][1][safepoint    ] Total time for which application threads were stopped: 0.0004034 seconds, Stopping threads took: 0.0000088 seconds
[2019-12-08T09:55:10.230+0000][1][safepoint    ] Application time: 0.0107181 seconds
[2019-12-08T09:55:10.230+0000][1][safepoint    ] Entering safepoint region: RevokeBias
[2019-12-08T09:55:10.230+0000][1][safepoint    ] Leaving safepoint region
[2019-12-08T09:55:10.230+0000][1][safepoint    ] Total time for which application threads were stopped: 0.0001022 seconds, Stopping threads took: 0.0000122 seconds
[2019-12-08T09:55:10.230+0000][1][safepoint    ] Application time: 0.0005202 seconds
[2019-12-08T09:55:10.230+0000][1][safepoint    ] Entering safepoint region: RevokeBias
[2019-12-08T09:55:10.230+0000][1][safepoint    ] Leaving safepoint region
[2019-12-08T09:55:10.230+0000][1][safepoint    ] Total time for which application threads were stopped: 0.0001075 seconds, Stopping threads took: 0.0000126 seconds
[2019-12-08T09:55:10.230+0000][1][safepoint    ] Application time: 0.0001005 seconds
[2019-12-08T09:55:10.230+0000][1][safepoint    ] Entering safepoint region: RevokeBias
[2019-12-08T09:55:10.231+0000][1][safepoint    ] Leaving safepoint region
[2019-12-08T09:55:10.231+0000][1][safepoint    ] Total time for which application threads were stopped: 0.0000595 seconds, Stopping threads took: 0.0000094 seconds
[2019-12-08T09:55:10.231+0000][1][safepoint    ] Application time: 0.0000549 seconds
[2019-12-08T09:55:10.231+0000][1][safepoint    ] Entering safepoint region: RevokeBias
[2019-12-08T09:55:10.231+0000][1][safepoint    ] Leaving safepoint region
[2019-12-08T09:55:10.231+0000][1][safepoint    ] Total time for which application threads were stopped: 0.0000721 seconds, Stopping threads took: 0.0000092 seconds
[2019-12-08T09:55:10.234+0000][1][safepoint    ] Application time: 0.0034939 seconds
[2019-12-08T09:55:10.234+0000][1][safepoint    ] Entering safepoint region: RevokeBias
[2019-12-08T09:55:10.234+0000][1][safepoint    ] Leaving safepoint region
[2019-12-08T09:55:10.234+0000][1][safepoint    ] Total time for which application threads were stopped: 0.0000699 seconds, Stopping threads took: 0.0000127 seconds
[2019-12-08T09:55:10.234+0000][1][safepoint    ] Application time: 0.0001368 seconds
[2019-12-08T09:55:10.234+0000][1][safepoint    ] Entering safepoint region: RevokeBias
[2019-12-08T09:55:10.235+0000][1][safepoint    ] Leaving safepoint region
[2019-12-08T09:55:10.235+0000][1][safepoint    ] Total time for which application threads were stopped: 0.0000933 seconds, Stopping threads took: 0.0000375 seconds
[2019-12-08T09:55:10.237+0000][1][safepoint    ] Application time: 0.0024018 seconds
[2019-12-08T09:55:10.237+0000][1][safepoint    ] Entering safepoint region: RevokeBias
[2019-12-08T09:55:10.237+0000][1][safepoint    ] Leaving safepoint region
[2019-12-08T09:55:10.237+0000][1][safepoint    ] Total time for which application threads were stopped: 0.0000751 seconds, Stopping threads took: 0.0000125 seconds
[2019-12-08T09:55:10.237+0000][1][safepoint    ] Application time: 0.0002933 seconds
[2019-12-08T09:55:10.237+0000][1][safepoint    ] Entering safepoint region: RevokeBias
[2019-12-08T09:55:10.237+0000][1][safepoint    ] Leaving safepoint region
[2019-12-08T09:55:10.237+0000][1][safepoint    ] Total time for which application threads were stopped: 0.0000635 seconds, Stopping threads took: 0.0000114 seconds
[2019-12-08T09:55:10.241+0000][1][safepoint    ] Application time: 0.0034098 seconds
[2019-12-08T09:55:10.241+0000][1][safepoint    ] Entering safepoint region: RevokeBias
[2019-12-08T09:55:10.241+0000][1][safepoint    ] Leaving safepoint region
[2019-12-08T09:55:10.241+0000][1][safepoint    ] Total time for which application threads were stopped: 0.0001171 seconds, Stopping threads took: 0.0000570 seconds
[2019-12-08T09:55:10.248+0000][1][safepoint    ] Application time: 0.0065057 seconds
[2019-12-08T09:55:10.265+0000][1][safepoint    ] Entering safepoint region: RevokeBias
[2019-12-08T09:55:10.265+0000][1][safepoint    ] Leaving safepoint region
[2019-12-08T09:55:10.265+0000][1][safepoint    ] Total time for which application threads were stopped: 0.0175072 seconds, Stopping threads took: 0.0174143 seconds
[2019-12-08T09:55:10.265+0000][1][safepoint    ] Application time: 0.0001084 seconds
[2019-12-08T09:55:10.265+0000][1][safepoint    ] Entering safepoint region: RevokeBias
[2019-12-08T09:55:10.265+0000][1][safepoint    ] Leaving safepoint region
[2019-12-08T09:55:10.265+0000][1][safepoint    ] Total time for which application threads were stopped: 0.0000616 seconds, Stopping threads took: 0.0000096 seconds
[2019-12-08T09:55:10.266+0000][1][safepoint    ] Application time: 0.0003825 seconds
[2019-12-08T09:55:10.266+0000][1][safepoint    ] Entering safepoint region: RevokeBias
[2019-12-08T09:55:10.266+0000][1][safepoint    ] Leaving safepoint region
[2019-12-08T09:55:10.266+0000][1][safepoint    ] Total time for which application threads were stopped: 0.0001125 seconds, Stopping threads took: 0.0000130 seconds
[2019-12-08T09:55:10.273+0000][1][safepoint    ] Application time: 0.0074425 seconds
[2019-12-08T09:55:10.277+0000][1][safepoint    ] Entering safepoint region: RevokeBias
[2019-12-08T09:55:10.277+0000][1][safepoint    ] Leaving safepoint region
[2019-12-08T09:55:10.277+0000][1][safepoint    ] Total time for which application threads were stopped: 0.0036579 seconds, Stopping threads took: 0.0035680 seconds
[2019-12-08T09:55:10.295+0000][1][safepoint    ] Application time: 0.0185737 seconds
[2019-12-08T09:55:10.309+0000][1][safepoint    ] Entering safepoint region: RevokeBias
[2019-12-08T09:55:10.309+0000][1][safepoint    ] Leaving safepoint region
[2019-12-08T09:55:10.309+0000][1][safepoint    ] Total time for which application threads were stopped: 0.0133817 seconds, Stopping threads took: 0.0132814 seconds
[2019-12-08T09:55:10.328+0000][1][safepoint    ] Application time: 0.0186653 seconds
[2019-12-08T09:55:10.328+0000][1][safepoint    ] Entering safepoint region: RevokeBias
[2019-12-08T09:55:10.328+0000][1][safepoint    ] Leaving safepoint region
[2019-12-08T09:55:10.328+0000][1][safepoint    ] Total time for which application threads were stopped: 0.0002003 seconds, Stopping threads took: 0.0000692 seconds
[2019-12-08T09:55:10.328+0000][1][safepoint    ] Application time: 0.0002552 seconds
[2019-12-08T09:55:10.328+0000][1][safepoint    ] Entering safepoint region: RevokeBias
[2019-12-08T09:55:10.328+0000][1][safepoint    ] Leaving safepoint region
[2019-12-08T09:55:10.328+0000][1][safepoint    ] Total time for which application threads were stopped: 0.0000969 seconds, Stopping threads took: 0.0000138 seconds
[2019-12-08T09:55:10.329+0000][1][safepoint    ] Application time: 0.0009173 seconds
[2019-12-08T09:55:10.329+0000][1][safepoint    ] Entering safepoint region: RevokeBias
[2019-12-08T09:55:10.329+0000][1][safepoint    ] Leaving safepoint region
[2019-12-08T09:55:10.329+0000][1][safepoint    ] Total time for which application threads were stopped: 0.0001081 seconds, Stopping threads took: 0.0000136 seconds
[2019-12-08T09:55:10.337+0000][1][safepoint    ] Application time: 0.0074972 seconds
[2019-12-08T09:55:10.337+0000][1][safepoint    ] Entering safepoint region: RevokeBias
[2019-12-08T09:55:10.337+0000][1][safepoint    ] Leaving safepoint region
[2019-12-08T09:55:10.337+0000][1][safepoint    ] Total time for which application threads were stopped: 0.0001859 seconds, Stopping threads took: 0.0001118 seconds
[2019-12-08T09:55:10.338+0000][1][safepoint    ] Application time: 0.0007519 seconds
[2019-12-08T09:55:10.338+0000][1][safepoint    ] Entering safepoint region: RevokeBias
[2019-12-08T09:55:10.338+0000][1][safepoint    ] Leaving safepoint region
[2019-12-08T09:55:10.338+0000][1][safepoint    ] Total time for which application threads were stopped: 0.0000695 seconds, Stopping threads took: 0.0000117 seconds
[2019-12-08T09:55:10.350+0000][1][safepoint    ] Application time: 0.0121238 seconds
[2019-12-08T09:55:10.350+0000][1][safepoint    ] Entering safepoint region: RevokeBias
[2019-12-08T09:55:10.350+0000][1][safepoint    ] Leaving safepoint region
[2019-12-08T09:55:10.350+0000][1][safepoint    ] Total time for which application threads were stopped: 0.0004798 seconds, Stopping threads took: 0.0004027 seconds
[2019-12-08T09:55:10.356+0000][1][safepoint    ] Application time: 0.0058239 seconds
[2019-12-08T09:55:10.356+0000][1][safepoint    ] Entering safepoint region: RevokeBias
[2019-12-08T09:55:10.356+0000][1][safepoint    ] Leaving safepoint region
[2019-12-08T09:55:10.356+0000][1][safepoint    ] Total time for which application threads were stopped: 0.0000821 seconds, Stopping threads took: 0.0000138 seconds
[2019-12-08T09:55:10.358+0000][1][safepoint    ] Application time: 0.0018428 seconds
[2019-12-08T09:55:10.358+0000][1][safepoint    ] Entering safepoint region: RevokeBias
[2019-12-08T09:55:10.358+0000][1][safepoint    ] Leaving safepoint region
[2019-12-08T09:55:10.358+0000][1][safepoint    ] Total time for which application threads were stopped: 0.0000821 seconds, Stopping threads took: 0.0000136 seconds
[2019-12-08T09:55:10.370+0000][1][safepoint    ] Application time: 0.0113665 seconds
[2019-12-08T09:55:10.379+0000][1][safepoint    ] Entering safepoint region: RevokeBias
[2019-12-08T09:55:10.379+0000][1][safepoint    ] Leaving safepoint region
[2019-12-08T09:55:10.379+0000][1][safepoint    ] Total time for which application threads were stopped: 0.0091080 seconds, Stopping threads took: 0.0090251 seconds
[2019-12-08T09:55:10.384+0000][1][safepoint    ] Application time: 0.0053459 seconds
[2019-12-08T09:55:10.384+0000][1][safepoint    ] Entering safepoint region: RevokeBias
[2019-12-08T09:55:10.384+0000][1][safepoint    ] Leaving safepoint region
[2019-12-08T09:55:10.384+0000][1][safepoint    ] Total time for which application threads were stopped: 0.0001383 seconds, Stopping threads took: 0.0000680 seconds
[2019-12-08T09:55:10.402+0000][1][safepoint    ] Application time: 0.0181404 seconds
[2019-12-08T09:55:10.414+0000][1][safepoint    ] Entering safepoint region: RevokeBias
[2019-12-08T09:55:10.414+0000][1][safepoint    ] Leaving safepoint region
[2019-12-08T09:55:10.414+0000][1][safepoint    ] Total time for which application threads were stopped: 0.0113576 seconds, Stopping threads took: 0.0112595 seconds
[2019-12-08T09:55:10.451+0000][1][safepoint    ] Application time: 0.0370506 seconds
[2019-12-08T09:55:10.451+0000][1][safepoint    ] Entering safepoint region: RevokeBias
[2019-12-08T09:55:10.451+0000][1][safepoint    ] Leaving safepoint region
[2019-12-08T09:55:10.451+0000][1][safepoint    ] Total time for which application threads were stopped: 0.0001080 seconds, Stopping threads took: 0.0000173 seconds
[2019-12-08T09:55:10.463+0000][1][safepoint    ] Application time: 0.0114307 seconds
[2019-12-08T09:55:10.463+0000][1][safepoint    ] Entering safepoint region: RevokeBias
[2019-12-08T09:55:10.463+0000][1][safepoint    ] Leaving safepoint region
[2019-12-08T09:55:10.463+0000][1][safepoint    ] Total time for which application threads were stopped: 0.0002080 seconds, Stopping threads took: 0.0000149 seconds
[2019-12-08T09:55:10.463+0000][1][safepoint    ] Application time: 0.0003818 seconds
[2019-12-08T09:55:10.463+0000][1][safepoint    ] Entering safepoint region: RevokeBias
[2019-12-08T09:55:10.463+0000][1][safepoint    ] Leaving safepoint region
[2019-12-08T09:55:10.463+0000][1][safepoint    ] Total time for which application threads were stopped: 0.0000902 seconds, Stopping threads took: 0.0000146 seconds
[2019-12-08T09:55:10.475+0000][1][safepoint    ] Application time: 0.0118215 seconds
[2019-12-08T09:55:10.475+0000][1][safepoint    ] Entering safepoint region: RevokeBias
[2019-12-08T09:55:10.475+0000][1][safepoint    ] Leaving safepoint region
[2019-12-08T09:55:10.475+0000][1][safepoint    ] Total time for which application threads were stopped: 0.0001324 seconds, Stopping threads took: 0.0000156 seconds
[2019-12-08T09:55:10.475+0000][1][safepoint    ] Application time: 0.0001527 seconds
[2019-12-08T09:55:10.475+0000][1][safepoint    ] Entering safepoint region: RevokeBias
[2019-12-08T09:55:10.475+0000][1][safepoint    ] Leaving safepoint region
[2019-12-08T09:55:10.475+0000][1][safepoint    ] Total time for which application threads were stopped: 0.0000583 seconds, Stopping threads took: 0.0000111 seconds
[2019-12-08T09:55:10.483+0000][1][safepoint    ] Application time: 0.0072404 seconds
[2019-12-08T09:55:10.483+0000][1][safepoint    ] Entering safepoint region: RevokeBias
[2019-12-08T09:55:10.483+0000][1][safepoint    ] Leaving safepoint region
[2019-12-08T09:55:10.483+0000][1][safepoint    ] Total time for which application threads were stopped: 0.0000814 seconds, Stopping threads took: 0.0000138 seconds
[2019-12-08T09:55:10.483+0000][1][safepoint    ] Application time: 0.0003658 seconds
[2019-12-08T09:55:10.483+0000][1][safepoint    ] Entering safepoint region: RevokeBias
[2019-12-08T09:55:10.484+0000][1][safepoint    ] Leaving safepoint region
[2019-12-08T09:55:10.484+0000][1][safepoint    ] Total time for which application threads were stopped: 0.0003334 seconds, Stopping threads took: 0.0000106 seconds
[2019-12-08T09:55:10.499+0000][1][safepoint    ] Application time: 0.0151692 seconds
[2019-12-08T09:55:10.499+0000][1][safepoint    ] Entering safepoint region: RevokeBias
[2019-12-08T09:55:10.499+0000][1][safepoint    ] Leaving safepoint region
[2019-12-08T09:55:10.499+0000][1][safepoint    ] Total time for which application threads were stopped: 0.0001686 seconds, Stopping threads took: 0.0000990 seconds
[2019-12-08T09:55:10.501+0000][1][safepoint    ] Application time: 0.0020778 seconds
[2019-12-08T09:55:10.501+0000][1][safepoint    ] Entering safepoint region: BulkRevokeBias
[2019-12-08T09:55:10.501+0000][1][safepoint    ] Leaving safepoint region
[2019-12-08T09:55:10.501+0000][1][safepoint    ] Total time for which application threads were stopped: 0.0003791 seconds, Stopping threads took: 0.0000140 seconds
[2019-12-08T09:55:10.503+0000][1][safepoint    ] Application time: 0.0017032 seconds
[2019-12-08T09:55:10.503+0000][1][safepoint    ] Entering safepoint region: RevokeBias
[2019-12-08T09:55:10.503+0000][1][safepoint    ] Leaving safepoint region
[2019-12-08T09:55:10.503+0000][1][safepoint    ] Total time for which application threads were stopped: 0.0000642 seconds, Stopping threads took: 0.0000123 seconds
[2019-12-08T09:55:10.510+0000][1][safepoint    ] Application time: 0.0070891 seconds
[2019-12-08T09:55:10.510+0000][1][safepoint    ] Entering safepoint region: RevokeBias
[2019-12-08T09:55:10.510+0000][1][safepoint    ] Leaving safepoint region
[2019-12-08T09:55:10.510+0000][1][safepoint    ] Total time for which application threads were stopped: 0.0000755 seconds, Stopping threads took: 0.0000140 seconds
[2019-12-08T09:55:10.510+0000][1][safepoint    ] Application time: 0.0000787 seconds
[2019-12-08T09:55:10.510+0000][1][safepoint    ] Entering safepoint region: RevokeBias
[2019-12-08T09:55:10.511+0000][1][safepoint    ] Leaving safepoint region
[2019-12-08T09:55:10.511+0000][1][safepoint    ] Total time for which application threads were stopped: 0.0000563 seconds, Stopping threads took: 0.0000094 seconds
[2019-12-08T09:55:10.513+0000][1][safepoint    ] Application time: 0.0028768 seconds
[2019-12-08T09:55:10.513+0000][1][safepoint    ] Entering safepoint region: RevokeBias
[2019-12-08T09:55:10.514+0000][1][safepoint    ] Leaving safepoint region
[2019-12-08T09:55:10.514+0000][1][safepoint    ] Total time for which application threads were stopped: 0.0000642 seconds, Stopping threads took: 0.0000118 seconds
[2019-12-08T09:55:10.514+0000][1][safepoint    ] Application time: 0.0000562 seconds
[2019-12-08T09:55:10.514+0000][1][safepoint    ] Entering safepoint region: RevokeBias
[2019-12-08T09:55:10.514+0000][1][safepoint    ] Leaving safepoint region
[2019-12-08T09:55:10.514+0000][1][safepoint    ] Total time for which application threads were stopped: 0.0000416 seconds, Stopping threads took: 0.0000081 seconds
[2019-12-08T09:55:10.514+0000][1][safepoint    ] Application time: 0.0000627 seconds
[2019-12-08T09:55:10.514+0000][1][safepoint    ] Entering safepoint region: RevokeBias
[2019-12-08T09:55:10.514+0000][1][safepoint    ] Leaving safepoint region
[2019-12-08T09:55:10.514+0000][1][safepoint    ] Total time for which application threads were stopped: 0.0000445 seconds, Stopping threads took: 0.0000088 seconds
[2019-12-08T09:55:10.514+0000][1][safepoint    ] Application time: 0.0000544 seconds
[2019-12-08T09:55:10.514+0000][1][safepoint    ] Entering safepoint region: RevokeBias
[2019-12-08T09:55:10.514+0000][1][safepoint    ] Leaving safepoint region
[2019-12-08T09:55:10.514+0000][1][safepoint    ] Total time for which application threads were stopped: 0.0000414 seconds, Stopping threads took: 0.0000078 seconds
[2019-12-08T09:55:10.520+0000][1][safepoint    ] Application time: 0.0063937 seconds
[2019-12-08T09:55:10.543+0000][1][safepoint    ] Entering safepoint region: RevokeBias
[2019-12-08T09:55:10.543+0000][1][safepoint    ] Leaving safepoint region
[2019-12-08T09:55:10.543+0000][1][safepoint    ] Total time for which application threads were stopped: 0.0226778 seconds, Stopping threads took: 0.0225813 seconds
[2019-12-08T09:55:10.558+0000][1][safepoint    ] Application time: 0.0148662 seconds
[2019-12-08T09:55:10.558+0000][1][safepoint    ] Entering safepoint region: RevokeBias
[2019-12-08T09:55:10.558+0000][1][safepoint    ] Leaving safepoint region
[2019-12-08T09:55:10.558+0000][1][safepoint    ] Total time for which application threads were stopped: 0.0000804 seconds, Stopping threads took: 0.0000164 seconds
[2019-12-08T09:55:10.563+0000][1][safepoint    ] Application time: 0.0051144 seconds
[2019-12-08T09:55:10.563+0000][1][safepoint    ] Entering safepoint region: RevokeBias
[2019-12-08T09:55:10.563+0000][1][safepoint    ] Leaving safepoint region
[2019-12-08T09:55:10.563+0000][1][safepoint    ] Total time for which application threads were stopped: 0.0001176 seconds, Stopping threads took: 0.0000145 seconds
[2019-12-08T09:55:10.564+0000][1][safepoint    ] Application time: 0.0006513 seconds
[2019-12-08T09:55:10.564+0000][1][safepoint    ] Entering safepoint region: RevokeBias
[2019-12-08T09:55:10.564+0000][1][safepoint    ] Leaving safepoint region
[2019-12-08T09:55:10.564+0000][1][safepoint    ] Total time for which application threads were stopped: 0.0001138 seconds, Stopping threads took: 0.0000130 seconds
[2019-12-08T09:55:10.564+0000][1][safepoint    ] Application time: 0.0001590 seconds
[2019-12-08T09:55:10.564+0000][1][safepoint    ] Entering safepoint region: RevokeBias
[2019-12-08T09:55:10.564+0000][1][safepoint    ] Leaving safepoint region
[2019-12-08T09:55:10.564+0000][1][safepoint    ] Total time for which application threads were stopped: 0.0000586 seconds, Stopping threads took: 0.0000094 seconds
[2019-12-08T09:55:10.565+0000][1][safepoint    ] Application time: 0.0005964 seconds
[2019-12-08T09:55:10.565+0000][1][safepoint    ] Entering safepoint region: RevokeBias
[2019-12-08T09:55:10.565+0000][1][safepoint    ] Leaving safepoint region
[2019-12-08T09:55:10.565+0000][1][safepoint    ] Total time for which application threads were stopped: 0.0001006 seconds, Stopping threads took: 0.0000118 seconds
[2019-12-08T09:55:10.566+0000][1][safepoint    ] Application time: 0.0008561 seconds
[2019-12-08T09:55:10.566+0000][1][safepoint    ] Entering safepoint region: RevokeBias
[2019-12-08T09:55:10.566+0000][1][safepoint    ] Leaving safepoint region
[2019-12-08T09:55:10.566+0000][1][safepoint    ] Total time for which application threads were stopped: 0.0000868 seconds, Stopping threads took: 0.0000127 seconds
[2019-12-08T09:55:10.566+0000][1][safepoint    ] Application time: 0.0004990 seconds
[2019-12-08T09:55:10.566+0000][1][safepoint    ] Entering safepoint region: RevokeBias
[2019-12-08T09:55:10.567+0000][1][safepoint    ] Leaving safepoint region
[2019-12-08T09:55:10.567+0000][1][safepoint    ] Total time for which application threads were stopped: 0.0000697 seconds, Stopping threads took: 0.0000110 seconds
[2019-12-08T09:55:10.567+0000][1][safepoint    ] Application time: 0.0004210 seconds
[2019-12-08T09:55:10.567+0000][1][safepoint    ] Entering safepoint region: RevokeBias
[2019-12-08T09:55:10.567+0000][1][safepoint    ] Leaving safepoint region
[2019-12-08T09:55:10.567+0000][1][safepoint    ] Total time for which application threads were stopped: 0.0000884 seconds, Stopping threads took: 0.0000121 seconds
[2019-12-08T09:55:10.568+0000][1][safepoint    ] Application time: 0.0006467 seconds
[2019-12-08T09:55:10.568+0000][1][safepoint    ] Entering safepoint region: RevokeBias
[2019-12-08T09:55:10.568+0000][1][safepoint    ] Leaving safepoint region
[2019-12-08T09:55:10.568+0000][1][safepoint    ] Total time for which application threads were stopped: 0.0001012 seconds, Stopping threads took: 0.0000311 seconds
[2019-12-08T09:55:10.568+0000][1][safepoint    ] Application time: 0.0002632 seconds
[2019-12-08T09:55:10.568+0000][1][safepoint    ] Entering safepoint region: RevokeBias
[2019-12-08T09:55:10.568+0000][1][safepoint    ] Leaving safepoint region
[2019-12-08T09:55:10.568+0000][1][safepoint    ] Total time for which application threads were stopped: 0.0000727 seconds, Stopping threads took: 0.0000110 seconds
[2019-12-08T09:55:10.569+0000][1][safepoint    ] Application time: 0.0003679 seconds
[2019-12-08T09:55:10.569+0000][1][safepoint    ] Entering safepoint region: RevokeBias
[2019-12-08T09:55:10.569+0000][1][safepoint    ] Leaving safepoint region
[2019-12-08T09:55:10.569+0000][1][safepoint    ] Total time for which application threads were stopped: 0.0000748 seconds, Stopping threads took: 0.0000117 seconds
[2019-12-08T09:55:10.569+0000][1][safepoint    ] Application time: 0.0001745 seconds
[2019-12-08T09:55:10.569+0000][1][safepoint    ] Entering safepoint region: RevokeBias
[2019-12-08T09:55:10.569+0000][1][safepoint    ] Leaving safepoint region
[2019-12-08T09:55:10.569+0000][1][safepoint    ] Total time for which application threads were stopped: 0.0000611 seconds, Stopping threads took: 0.0000099 seconds
[2019-12-08T09:55:10.569+0000][1][safepoint    ] Application time: 0.0002805 seconds
[2019-12-08T09:55:10.569+0000][1][safepoint    ] Entering safepoint region: RevokeBias
[2019-12-08T09:55:10.569+0000][1][safepoint    ] Leaving safepoint region
[2019-12-08T09:55:10.569+0000][1][safepoint    ] Total time for which application threads were stopped: 0.0000806 seconds, Stopping threads took: 0.0000124 seconds
[2019-12-08T09:55:10.570+0000][1][safepoint    ] Application time: 0.0004245 seconds
[2019-12-08T09:55:10.570+0000][1][safepoint    ] Entering safepoint region: RevokeBias
[2019-12-08T09:55:10.570+0000][1][safepoint    ] Leaving safepoint region
[2019-12-08T09:55:10.570+0000][1][safepoint    ] Total time for which application threads were stopped: 0.0001005 seconds, Stopping threads took: 0.0000121 seconds
[2019-12-08T09:55:10.571+0000][1][safepoint    ] Application time: 0.0006850 seconds
[2019-12-08T09:55:10.571+0000][1][safepoint    ] Entering safepoint region: RevokeBias
[2019-12-08T09:55:10.571+0000][1][safepoint    ] Leaving safepoint region
[2019-12-08T09:55:10.571+0000][1][safepoint    ] Total time for which application threads were stopped: 0.0000803 seconds, Stopping threads took: 0.0000128 seconds
[2019-12-08T09:55:10.571+0000][1][safepoint    ] Application time: 0.0004824 seconds
[2019-12-08T09:55:10.571+0000][1][safepoint    ] Entering safepoint region: RevokeBias
[2019-12-08T09:55:10.574+0000][1][safepoint    ] Leaving safepoint region
[2019-12-08T09:55:10.574+0000][1][safepoint    ] Total time for which application threads were stopped: 0.0026893 seconds, Stopping threads took: 0.0000106 seconds
[2019-12-08T09:55:10.574+0000][1][safepoint    ] Application time: 0.0003126 seconds
[2019-12-08T09:55:10.574+0000][1][safepoint    ] Entering safepoint region: RevokeBias
[2019-12-08T09:55:10.574+0000][1][safepoint    ] Leaving safepoint region
[2019-12-08T09:55:10.574+0000][1][safepoint    ] Total time for which application threads were stopped: 0.0000658 seconds, Stopping threads took: 0.0000122 seconds
[2019-12-08T09:55:10.575+0000][1][safepoint    ] Application time: 0.0007190 seconds
[2019-12-08T09:55:10.575+0000][1][safepoint    ] Entering safepoint region: RevokeBias
[2019-12-08T09:55:10.575+0000][1][safepoint    ] Leaving safepoint region
[2019-12-08T09:55:10.575+0000][1][safepoint    ] Total time for which application threads were stopped: 0.0000615 seconds, Stopping threads took: 0.0000136 seconds
[2019-12-08T09:55:10.598+0000][1][safepoint    ] Application time: 0.0225747 seconds
[2019-12-08T09:55:10.598+0000][1][safepoint    ] Entering safepoint region: RevokeBias
[2019-12-08T09:55:10.598+0000][1][safepoint    ] Leaving safepoint region
[2019-12-08T09:55:10.598+0000][1][safepoint    ] Total time for which application threads were stopped: 0.0002782 seconds, Stopping threads took: 0.0001071 seconds
[2019-12-08T09:55:10.599+0000][1][safepoint    ] Application time: 0.0010109 seconds
[2019-12-08T09:55:10.599+0000][1][safepoint    ] Entering safepoint region: RevokeBias
[2019-12-08T09:55:10.599+0000][1][safepoint    ] Leaving safepoint region
[2019-12-08T09:55:10.599+0000][1][safepoint    ] Total time for which application threads were stopped: 0.0004448 seconds, Stopping threads took: 0.0000135 seconds
[2019-12-08T09:55:10.601+0000][1][safepoint    ] Application time: 0.0011017 seconds
[2019-12-08T09:55:10.601+0000][1][safepoint    ] Entering safepoint region: BulkRevokeBias
[2019-12-08T09:55:10.601+0000][1][safepoint    ] Leaving safepoint region
[2019-12-08T09:55:10.601+0000][1][safepoint    ] Total time for which application threads were stopped: 0.0007452 seconds, Stopping threads took: 0.0000131 seconds
[2019-12-08T09:55:10.613+0000][1][safepoint    ] Application time: 0.0117704 seconds
[2019-12-08T09:55:10.613+0000][1][safepoint    ] Entering safepoint region: BulkRevokeBias
[2019-12-08T09:55:10.613+0000][1][safepoint    ] Leaving safepoint region
[2019-12-08T09:55:10.614+0000][1][safepoint    ] Total time for which application threads were stopped: 0.0003864 seconds, Stopping threads took: 0.0000123 seconds
[2019-12-08T09:55:10.614+0000][1][safepoint    ] Application time: 0.0003604 seconds
[2019-12-08T09:55:10.614+0000][1][safepoint    ] Entering safepoint region: RevokeBias
[2019-12-08T09:55:10.614+0000][1][safepoint    ] Leaving safepoint region
[2019-12-08T09:55:10.614+0000][1][safepoint    ] Total time for which application threads were stopped: 0.0000682 seconds, Stopping threads took: 0.0000128 seconds
[2019-12-08T09:55:10.686+0000][1][safepoint    ] Application time: 0.0720532 seconds
[2019-12-08T09:55:10.686+0000][1][safepoint    ] Entering safepoint region: RevokeBias
[2019-12-08T09:55:10.686+0000][1][safepoint    ] Leaving safepoint region
[2019-12-08T09:55:10.686+0000][1][safepoint    ] Total time for which application threads were stopped: 0.0001080 seconds, Stopping threads took: 0.0000180 seconds
[2019-12-08T09:55:10.694+0000][1][safepoint    ] Application time: 0.0075908 seconds
[2019-12-08T09:55:10.694+0000][1][safepoint    ] Entering safepoint region: RevokeBias
[2019-12-08T09:55:10.694+0000][1][safepoint    ] Leaving safepoint region
[2019-12-08T09:55:10.694+0000][1][safepoint    ] Total time for which application threads were stopped: 0.0001443 seconds, Stopping threads took: 0.0000576 seconds
[2019-12-08T09:55:10.695+0000][1][safepoint    ] Application time: 0.0013385 seconds
[2019-12-08T09:55:10.695+0000][1][safepoint    ] Entering safepoint region: RevokeBias
[2019-12-08T09:55:10.695+0000][1][safepoint    ] Leaving safepoint region
[2019-12-08T09:55:10.695+0000][1][safepoint    ] Total time for which application threads were stopped: 0.0000842 seconds, Stopping threads took: 0.0000148 seconds
[2019-12-08T09:55:10.696+0000][1][safepoint    ] Application time: 0.0009671 seconds
[2019-12-08T09:55:10.696+0000][1][safepoint    ] Entering safepoint region: RevokeBias
[2019-12-08T09:55:10.696+0000][1][safepoint    ] Leaving safepoint region
[2019-12-08T09:55:10.696+0000][1][safepoint    ] Total time for which application threads were stopped: 0.0000731 seconds, Stopping threads took: 0.0000146 seconds
[2019-12-08T09:55:10.698+0000][1][safepoint    ] Application time: 0.0014032 seconds
[2019-12-08T09:55:10.698+0000][1][safepoint    ] Entering safepoint region: RevokeBias
[2019-12-08T09:55:10.698+0000][1][safepoint    ] Leaving safepoint region
[2019-12-08T09:55:10.698+0000][1][safepoint    ] Total time for which application threads were stopped: 0.0000692 seconds, Stopping threads took: 0.0000140 seconds
[2019-12-08T09:55:10.698+0000][1][safepoint    ] Application time: 0.0000601 seconds
[2019-12-08T09:55:10.698+0000][1][safepoint    ] Entering safepoint region: RevokeBias
[2019-12-08T09:55:10.698+0000][1][safepoint    ] Leaving safepoint region
[2019-12-08T09:55:10.698+0000][1][safepoint    ] Total time for which application threads were stopped: 0.0000508 seconds, Stopping threads took: 0.0000097 seconds
[2019-12-08T09:55:10.735+0000][1][safepoint    ] Application time: 0.0370397 seconds
[2019-12-08T09:55:10.741+0000][1][safepoint    ] Entering safepoint region: RevokeBias
[2019-12-08T09:55:10.741+0000][1][safepoint    ] Leaving safepoint region
[2019-12-08T09:55:10.741+0000][1][safepoint    ] Total time for which application threads were stopped: 0.0058750 seconds, Stopping threads took: 0.0057414 seconds
[2019-12-08T09:55:10.742+0000][1][safepoint    ] Application time: 0.0005004 seconds
[2019-12-08T09:55:10.742+0000][1][safepoint    ] Entering safepoint region: RevokeBias
[2019-12-08T09:55:10.742+0000][1][safepoint    ] Leaving safepoint region
[2019-12-08T09:55:10.742+0000][1][safepoint    ] Total time for which application threads were stopped: 0.0001062 seconds, Stopping threads took: 0.0000163 seconds
[2019-12-08T09:55:10.786+0000][1][safepoint    ] Application time: 0.0438812 seconds
[2019-12-08T09:55:10.794+0000][1][safepoint    ] Entering safepoint region: RevokeBias
[2019-12-08T09:55:10.794+0000][1][safepoint    ] Leaving safepoint region
[2019-12-08T09:55:10.794+0000][1][safepoint    ] Total time for which application threads were stopped: 0.0084861 seconds, Stopping threads took: 0.0083665 seconds
[2019-12-08T09:55:10.794+0000][1][safepoint    ] Application time: 0.0000715 seconds
[2019-12-08T09:55:10.794+0000][1][safepoint    ] Entering safepoint region: RevokeBias
[2019-12-08T09:55:10.794+0000][1][safepoint    ] Leaving safepoint region
[2019-12-08T09:55:10.794+0000][1][safepoint    ] Total time for which application threads were stopped: 0.0000737 seconds, Stopping threads took: 0.0000108 seconds
[2019-12-08T09:55:10.794+0000][1][safepoint    ] Application time: 0.0002236 seconds
[2019-12-08T09:55:10.794+0000][1][safepoint    ] Entering safepoint region: RevokeBias
[2019-12-08T09:55:10.795+0000][1][safepoint    ] Leaving safepoint region
[2019-12-08T09:55:10.795+0000][1][safepoint    ] Total time for which application threads were stopped: 0.0000789 seconds, Stopping threads took: 0.0000132 seconds
[2019-12-08T09:55:10.832+0000][1][safepoint    ] Application time: 0.0372190 seconds
[2019-12-08T09:55:10.838+0000][1][safepoint    ] Entering safepoint region: Deoptimize
[2019-12-08T09:55:10.839+0000][1][safepoint    ] Leaving safepoint region
[2019-12-08T09:55:10.839+0000][1][safepoint    ] Total time for which application threads were stopped: 0.0074892 seconds, Stopping threads took: 0.0067074 seconds
[2019-12-08T09:55:10.889+0000][1][safepoint    ] Application time: 0.0498366 seconds
[2019-12-08T09:55:10.890+0000][1][safepoint    ] Entering safepoint region: RevokeBias
[2019-12-08T09:55:10.890+0000][1][safepoint    ] Leaving safepoint region
[2019-12-08T09:55:10.890+0000][1][safepoint    ] Total time for which application threads were stopped: 0.0007767 seconds, Stopping threads took: 0.0005973 seconds
[2019-12-08T09:55:10.891+0000][1][safepoint    ] Application time: 0.0009678 seconds
[2019-12-08T09:55:10.891+0000][1][safepoint    ] Entering safepoint region: RevokeBias
[2019-12-08T09:55:10.891+0000][1][safepoint    ] Leaving safepoint region
[2019-12-08T09:55:10.891+0000][1][safepoint    ] Total time for which application threads were stopped: 0.0001713 seconds, Stopping threads took: 0.0000465 seconds
[2019-12-08T09:55:10.892+0000][1][safepoint    ] Application time: 0.0005974 seconds
[2019-12-08T09:55:10.892+0000][1][safepoint    ] Entering safepoint region: RevokeBias
[2019-12-08T09:55:10.892+0000][1][safepoint    ] Leaving safepoint region
[2019-12-08T09:55:10.892+0000][1][safepoint    ] Total time for which application threads were stopped: 0.0000836 seconds, Stopping threads took: 0.0000139 seconds
[2019-12-08T09:55:10.897+0000][1][safepoint    ] Application time: 0.0053431 seconds
[2019-12-08T09:55:10.897+0000][1][safepoint    ] Entering safepoint region: RevokeBias
[2019-12-08T09:55:10.897+0000][1][safepoint    ] Leaving safepoint region
[2019-12-08T09:55:10.897+0000][1][safepoint    ] Total time for which application threads were stopped: 0.0002022 seconds, Stopping threads took: 0.0001057 seconds
[2019-12-08T09:55:10.898+0000][1][safepoint    ] Application time: 0.0006358 seconds
[2019-12-08T09:55:10.898+0000][1][safepoint    ] Entering safepoint region: RevokeBias
[2019-12-08T09:55:10.898+0000][1][safepoint    ] Leaving safepoint region
[2019-12-08T09:55:10.898+0000][1][safepoint    ] Total time for which application threads were stopped: 0.0000766 seconds, Stopping threads took: 0.0000135 seconds
[2019-12-08T09:55:10.905+0000][1][safepoint    ] Application time: 0.0071930 seconds
[2019-12-08T09:55:10.905+0000][1][safepoint    ] Entering safepoint region: RevokeBias
[2019-12-08T09:55:10.905+0000][1][safepoint    ] Leaving safepoint region
[2019-12-08T09:55:10.905+0000][1][safepoint    ] Total time for which application threads were stopped: 0.0000827 seconds, Stopping threads took: 0.0000145 seconds
[2019-12-08T09:55:11.033+0000][1][safepoint    ] Application time: 0.1278875 seconds
[2019-12-08T09:55:11.033+0000][1][safepoint    ] Entering safepoint region: RevokeBias
[2019-12-08T09:55:11.033+0000][1][safepoint    ] Leaving safepoint region
[2019-12-08T09:55:11.033+0000][1][safepoint    ] Total time for which application threads were stopped: 0.0001277 seconds, Stopping threads took: 0.0000196 seconds
[2019-12-08T09:55:11.034+0000][1][safepoint    ] Application time: 0.0002631 seconds
[2019-12-08T09:55:11.034+0000][1][safepoint    ] Entering safepoint region: RevokeBias
[2019-12-08T09:55:11.034+0000][1][safepoint    ] Leaving safepoint region
[2019-12-08T09:55:11.034+0000][1][safepoint    ] Total time for which application threads were stopped: 0.0001225 seconds, Stopping threads took: 0.0000442 seconds
[2019-12-08T09:55:11.034+0000][1][safepoint    ] Application time: 0.0002126 seconds
[2019-12-08T09:55:11.034+0000][1][safepoint    ] Entering safepoint region: RevokeBias
[2019-12-08T09:55:11.034+0000][1][safepoint    ] Leaving safepoint region
[2019-12-08T09:55:11.034+0000][1][safepoint    ] Total time for which application threads were stopped: 0.0001061 seconds, Stopping threads took: 0.0000395 seconds
[2019-12-08T09:55:11.040+0000][1][safepoint    ] Application time: 0.0062008 seconds
[2019-12-08T09:55:11.041+0000][1][safepoint    ] Entering safepoint region: RevokeBias
[2019-12-08T09:55:11.041+0000][1][safepoint    ] Leaving safepoint region
[2019-12-08T09:55:11.041+0000][1][safepoint    ] Total time for which application threads were stopped: 0.0001274 seconds, Stopping threads took: 0.0000490 seconds
[2019-12-08T09:55:11.042+0000][1][safepoint    ] Application time: 0.0016339 seconds
[2019-12-08T09:55:11.043+0000][1][safepoint    ] Entering safepoint region: RevokeBias
[2019-12-08T09:55:11.043+0000][1][safepoint    ] Leaving safepoint region
[2019-12-08T09:55:11.043+0000][1][safepoint    ] Total time for which application threads were stopped: 0.0005897 seconds, Stopping threads took: 0.0005250 seconds
[2019-12-08T09:55:11.314+0000][1][safepoint    ] Application time: 0.2712211 seconds
[2019-12-08T09:55:11.349+0000][1][safepoint    ] Entering safepoint region: RevokeBias
[2019-12-08T09:55:11.349+0000][1][safepoint    ] Leaving safepoint region
[2019-12-08T09:55:11.349+0000][1][safepoint    ] Total time for which application threads were stopped: 0.0353726 seconds, Stopping threads took: 0.0352401 seconds
[2019-12-08T09:55:11.350+0000][1][safepoint    ] Application time: 0.0001807 seconds
[2019-12-08T09:55:11.350+0000][1][safepoint    ] Entering safepoint region: RevokeBias
[2019-12-08T09:55:11.350+0000][1][safepoint    ] Leaving safepoint region
[2019-12-08T09:55:11.350+0000][1][safepoint    ] Total time for which application threads were stopped: 0.0000988 seconds, Stopping threads took: 0.0000372 seconds
[2019-12-08T09:55:11.502+0000][1][safepoint    ] Application time: 0.1519118 seconds
[2019-12-08T09:55:11.528+0000][1][safepoint    ] Entering safepoint region: RevokeBias
[2019-12-08T09:55:11.528+0000][1][safepoint    ] Leaving safepoint region
[2019-12-08T09:55:11.528+0000][1][safepoint    ] Total time for which application threads were stopped: 0.0260836 seconds, Stopping threads took: 0.0259877 seconds
[2019-12-08T09:55:11.556+0000][1][safepoint    ] Application time: 0.0278289 seconds
[2019-12-08T09:55:11.564+0000][1][safepoint    ] Entering safepoint region: RevokeBias
[2019-12-08T09:55:11.564+0000][1][safepoint    ] Leaving safepoint region
[2019-12-08T09:55:11.564+0000][1][safepoint    ] Total time for which application threads were stopped: 0.0081417 seconds, Stopping threads took: 0.0080096 seconds
[2019-12-08T09:55:11.606+0000][1][safepoint    ] Application time: 0.0422153 seconds
[2019-12-08T09:55:11.606+0000][1][safepoint    ] Entering safepoint region: RevokeBias
[2019-12-08T09:55:11.606+0000][1][safepoint    ] Leaving safepoint region
[2019-12-08T09:55:11.606+0000][1][safepoint    ] Total time for which application threads were stopped: 0.0001124 seconds, Stopping threads took: 0.0000208 seconds
[2019-12-08T09:55:11.626+0000][1][safepoint    ] Application time: 0.0193532 seconds
[2019-12-08T09:55:11.626+0000][1][safepoint    ] Entering safepoint region: RevokeBias
[2019-12-08T09:55:11.626+0000][1][safepoint    ] Leaving safepoint region
[2019-12-08T09:55:11.626+0000][1][safepoint    ] Total time for which application threads were stopped: 0.0001195 seconds, Stopping threads took: 0.0000216 seconds
[2019-12-08T09:55:11.626+0000][1][safepoint    ] Application time: 0.0000781 seconds
[2019-12-08T09:55:11.626+0000][1][safepoint    ] Entering safepoint region: RevokeBias
[2019-12-08T09:55:11.626+0000][1][safepoint    ] Leaving safepoint region
[2019-12-08T09:55:11.626+0000][1][safepoint    ] Total time for which application threads were stopped: 0.0000543 seconds, Stopping threads took: 0.0000097 seconds
[2019-12-08T09:55:11.626+0000][1][safepoint    ] Application time: 0.0000602 seconds
[2019-12-08T09:55:11.626+0000][1][safepoint    ] Entering safepoint region: RevokeBias
[2019-12-08T09:55:11.626+0000][1][safepoint    ] Leaving safepoint region
[2019-12-08T09:55:11.626+0000][1][safepoint    ] Total time for which application threads were stopped: 0.0000460 seconds, Stopping threads took: 0.0000092 seconds
[2019-12-08T09:55:11.626+0000][1][safepoint    ] Application time: 0.0003149 seconds
[2019-12-08T09:55:11.626+0000][1][safepoint    ] Entering safepoint region: RevokeBias
[2019-12-08T09:55:11.626+0000][1][safepoint    ] Leaving safepoint region
[2019-12-08T09:55:11.626+0000][1][safepoint    ] Total time for which application threads were stopped: 0.0000623 seconds, Stopping threads took: 0.0000143 seconds
[2019-12-08T09:55:11.644+0000][1][safepoint    ] Application time: 0.0175934 seconds
[2019-12-08T09:55:11.644+0000][1][safepoint    ] Entering safepoint region: RevokeBias
[2019-12-08T09:55:11.644+0000][1][safepoint    ] Leaving safepoint region
[2019-12-08T09:55:11.644+0000][1][safepoint    ] Total time for which application threads were stopped: 0.0000855 seconds, Stopping threads took: 0.0000178 seconds
[2019-12-08T09:55:11.659+0000][1][safepoint    ] Application time: 0.0143609 seconds
[2019-12-08T09:55:11.659+0000][1][safepoint    ] Entering safepoint region: RevokeBias
[2019-12-08T09:55:11.659+0000][1][safepoint    ] Leaving safepoint region
[2019-12-08T09:55:11.659+0000][1][safepoint    ] Total time for which application threads were stopped: 0.0000906 seconds, Stopping threads took: 0.0000181 seconds
[2019-12-08T09:55:11.666+0000][1][safepoint    ] Application time: 0.0076776 seconds
[2019-12-08T09:55:11.671+0000][1][safepoint    ] Entering safepoint region: RevokeBias
[2019-12-08T09:55:11.671+0000][1][safepoint    ] Leaving safepoint region
[2019-12-08T09:55:11.671+0000][1][safepoint    ] Total time for which application threads were stopped: 0.0050381 seconds, Stopping threads took: 0.0049450 seconds
[2019-12-08T09:55:11.673+0000][1][safepoint    ] Application time: 0.0013464 seconds
[2019-12-08T09:55:11.673+0000][1][safepoint    ] Entering safepoint region: BulkRevokeBias
[2019-12-08T09:55:11.674+0000][1][safepoint    ] Leaving safepoint region
[2019-12-08T09:55:11.674+0000][1][safepoint    ] Total time for which application threads were stopped: 0.0012020 seconds, Stopping threads took: 0.0000153 seconds
[2019-12-08T09:55:11.674+0000][1][safepoint    ] Application time: 0.0000543 seconds
[2019-12-08T09:55:11.674+0000][1][safepoint    ] Entering safepoint region: RevokeBias
[2019-12-08T09:55:11.674+0000][1][safepoint    ] Leaving safepoint region
[2019-12-08T09:55:11.674+0000][1][safepoint    ] Total time for which application threads were stopped: 0.0000653 seconds, Stopping threads took: 0.0000094 seconds
[2019-12-08T09:55:11.674+0000][1][safepoint    ] Application time: 0.0001787 seconds
[2019-12-08T09:55:11.674+0000][1][safepoint    ] Entering safepoint region: RevokeBias
[2019-12-08T09:55:11.674+0000][1][safepoint    ] Leaving safepoint region
[2019-12-08T09:55:11.674+0000][1][safepoint    ] Total time for which application threads were stopped: 0.0000686 seconds, Stopping threads took: 0.0000117 seconds
[2019-12-08T09:55:11.676+0000][1][safepoint    ] Application time: 0.0014744 seconds
[2019-12-08T09:55:11.676+0000][1][safepoint    ] Entering safepoint region: RevokeBias
[2019-12-08T09:55:11.676+0000][1][safepoint    ] Leaving safepoint region
[2019-12-08T09:55:11.676+0000][1][safepoint    ] Total time for which application threads were stopped: 0.0000704 seconds, Stopping threads took: 0.0000130 seconds
[2019-12-08T09:55:11.676+0000][1][safepoint    ] Application time: 0.0002072 seconds
[2019-12-08T09:55:11.676+0000][1][safepoint    ] Entering safepoint region: RevokeBias
[2019-12-08T09:55:11.676+0000][1][safepoint    ] Leaving safepoint region
[2019-12-08T09:55:11.676+0000][1][safepoint    ] Total time for which application threads were stopped: 0.0000621 seconds, Stopping threads took: 0.0000110 seconds
[2019-12-08T09:55:11.682+0000][1][safepoint    ] Application time: 0.0060483 seconds
[2019-12-08T09:55:11.682+0000][1][safepoint    ] Entering safepoint region: BulkRevokeBias
[2019-12-08T09:55:11.683+0000][1][safepoint    ] Leaving safepoint region
[2019-12-08T09:55:11.683+0000][1][safepoint    ] Total time for which application threads were stopped: 0.0009517 seconds, Stopping threads took: 0.0000139 seconds
[2019-12-08T09:55:11.916+0000][1][safepoint    ] Application time: 0.2324432 seconds
[2019-12-08T09:55:11.916+0000][1][safepoint    ] Entering safepoint region: Deoptimize
[2019-12-08T09:55:11.917+0000][1][safepoint    ] Leaving safepoint region
[2019-12-08T09:55:11.917+0000][1][safepoint    ] Total time for which application threads were stopped: 0.0007873 seconds, Stopping threads took: 0.0000214 seconds
[2019-12-08T09:55:12.084+0000][1][safepoint    ] Application time: 0.1672057 seconds
[2019-12-08T09:55:12.084+0000][1][safepoint    ] Entering safepoint region: RevokeBias
[2019-12-08T09:55:12.084+0000][1][safepoint    ] Leaving safepoint region
[2019-12-08T09:55:12.084+0000][1][safepoint    ] Total time for which application threads were stopped: 0.0001355 seconds, Stopping threads took: 0.0000221 seconds
[2019-12-08T09:55:12.084+0000][1][safepoint    ] Application time: 0.0002705 seconds
[2019-12-08T09:55:12.084+0000][1][safepoint    ] Entering safepoint region: RevokeBias
[2019-12-08T09:55:12.084+0000][1][safepoint    ] Leaving safepoint region
[2019-12-08T09:55:12.084+0000][1][safepoint    ] Total time for which application threads were stopped: 0.0000634 seconds, Stopping threads took: 0.0000115 seconds
[2019-12-08T09:55:12.354+0000][1][safepoint    ] Application time: 0.2694349 seconds
[2019-12-08T09:55:12.354+0000][1][safepoint    ] Entering safepoint region: RevokeBias
[2019-12-08T09:55:12.354+0000][1][safepoint    ] Leaving safepoint region
[2019-12-08T09:55:12.354+0000][1][safepoint    ] Total time for which application threads were stopped: 0.0001430 seconds, Stopping threads took: 0.0000665 seconds
[2019-12-08T09:55:12.355+0000][1][safepoint    ] Application time: 0.0012005 seconds
[2019-12-08T09:55:12.355+0000][1][safepoint    ] Entering safepoint region: RevokeBias
[2019-12-08T09:55:12.355+0000][1][safepoint    ] Leaving safepoint region
[2019-12-08T09:55:12.355+0000][1][safepoint    ] Total time for which application threads were stopped: 0.0000688 seconds, Stopping threads took: 0.0000249 seconds
[2019-12-08T09:55:12.380+0000][1][safepoint    ] Application time: 0.0250479 seconds
[2019-12-08T09:55:12.380+0000][1][safepoint    ] Entering safepoint region: RevokeBias
[2019-12-08T09:55:12.380+0000][1][safepoint    ] Leaving safepoint region
[2019-12-08T09:55:12.380+0000][1][safepoint    ] Total time for which application threads were stopped: 0.0001156 seconds, Stopping threads took: 0.0000332 seconds
[2019-12-08T09:55:12.437+0000][1][safepoint    ] Application time: 0.0563850 seconds
[2019-12-08T09:55:12.437+0000][1][safepoint    ] Entering safepoint region: RevokeBias
[2019-12-08T09:55:12.437+0000][1][safepoint    ] Leaving safepoint region
[2019-12-08T09:55:12.437+0000][1][safepoint    ] Total time for which application threads were stopped: 0.0001210 seconds, Stopping threads took: 0.0000228 seconds
[2019-12-08T09:55:12.437+0000][1][safepoint    ] Application time: 0.0001937 seconds
[2019-12-08T09:55:12.437+0000][1][safepoint    ] Entering safepoint region: RevokeBias
[2019-12-08T09:55:12.437+0000][1][safepoint    ] Leaving safepoint region
[2019-12-08T09:55:12.437+0000][1][safepoint    ] Total time for which application threads were stopped: 0.0000781 seconds, Stopping threads took: 0.0000160 seconds
[2019-12-08T09:55:12.562+0000][1][safepoint    ] Application time: 0.1242359 seconds
[2019-12-08T09:55:12.562+0000][1][safepoint    ] Entering safepoint region: RevokeBias
[2019-12-08T09:55:12.562+0000][1][safepoint    ] Leaving safepoint region
[2019-12-08T09:55:12.562+0000][1][safepoint    ] Total time for which application threads were stopped: 0.0001290 seconds, Stopping threads took: 0.0000225 seconds
[2019-12-08T09:55:12.769+0000][1][safepoint    ] Application time: 0.2068609 seconds
[2019-12-08T09:55:12.769+0000][1][safepoint    ] Entering safepoint region: RevokeBias
[2019-12-08T09:55:12.769+0000][1][safepoint    ] Leaving safepoint region
[2019-12-08T09:55:12.769+0000][1][safepoint    ] Total time for which application threads were stopped: 0.0001705 seconds, Stopping threads took: 0.0000219 seconds
[2019-12-08T09:55:12.784+0000][1][safepoint    ] Application time: 0.0151530 seconds
[2019-12-08T09:55:12.784+0000][1][safepoint    ] Entering safepoint region: GenCollectForAllocation
[2019-12-08T09:55:12.784+0000][1][gc,start     ] GC(23) Pause Young (Allocation Failure)
[2019-12-08T09:55:12.784+0000][1][gc,task      ] GC(23) Using 4 workers of 4 for evacuation
[2019-12-08T09:55:12.813+0000][1][gc,age       ] GC(23) Desired survivor size 4456448 bytes, new threshold 2 (max threshold 6)
[2019-12-08T09:55:12.813+0000][1][gc,age       ] GC(23) Age table with threshold 2 (max threshold 6)
[2019-12-08T09:55:12.813+0000][1][gc,age       ] GC(23) - age   1:    2529840 bytes,    2529840 total
[2019-12-08T09:55:12.813+0000][1][gc,age       ] GC(23) - age   2:    3537528 bytes,    6067368 total
[2019-12-08T09:55:12.813+0000][1][gc,heap      ] GC(23) ParNew: 77231K->8671K(78656K)
[2019-12-08T09:55:12.813+0000][1][gc,heap      ] GC(23) CMS: 63268K->64972K(174784K)
[2019-12-08T09:55:12.813+0000][1][gc,metaspace ] GC(23) Metaspace: 70310K->70310K(1114112K)
[2019-12-08T09:55:12.813+0000][1][gc           ] GC(23) Pause Young (Allocation Failure) 137M->71M(247M) 28.705ms
[2019-12-08T09:55:12.813+0000][1][gc,cpu       ] GC(23) User=0.05s Sys=0.00s Real=0.03s
[2019-12-08T09:55:12.813+0000][1][safepoint    ] Leaving safepoint region
[2019-12-08T09:55:12.813+0000][1][safepoint    ] Total time for which application threads were stopped: 0.0289082 seconds, Stopping threads took: 0.0000213 seconds
[2019-12-08T09:55:12.940+0000][1][safepoint    ] Application time: 0.1269983 seconds
[2019-12-08T09:55:12.948+0000][1][safepoint    ] Entering safepoint region: RevokeBias
[2019-12-08T09:55:12.948+0000][1][safepoint    ] Leaving safepoint region
[2019-12-08T09:55:12.948+0000][1][safepoint    ] Total time for which application threads were stopped: 0.0079402 seconds, Stopping threads took: 0.0078355 seconds
[2019-12-08T09:55:13.112+0000][1][safepoint    ] Application time: 0.1643889 seconds
[2019-12-08T09:55:13.112+0000][1][safepoint    ] Entering safepoint region: RevokeBias
[2019-12-08T09:55:13.112+0000][1][safepoint    ] Leaving safepoint region
[2019-12-08T09:55:13.112+0000][1][safepoint    ] Total time for which application threads were stopped: 0.0001707 seconds, Stopping threads took: 0.0000648 seconds
[2019-12-08T09:55:13.232+0000][1][safepoint    ] Application time: 0.1194398 seconds
[2019-12-08T09:55:13.235+0000][1][safepoint    ] Entering safepoint region: RevokeBias
[2019-12-08T09:55:13.236+0000][1][safepoint    ] Leaving safepoint region
[2019-12-08T09:55:13.236+0000][1][safepoint    ] Total time for which application threads were stopped: 0.0036001 seconds, Stopping threads took: 0.0034586 seconds
[2019-12-08T09:55:13.378+0000][1][safepoint    ] Application time: 0.1423388 seconds
[2019-12-08T09:55:13.389+0000][1][safepoint    ] Entering safepoint region: RevokeBias
[2019-12-08T09:55:13.389+0000][1][safepoint    ] Leaving safepoint region
[2019-12-08T09:55:13.389+0000][1][safepoint    ] Total time for which application threads were stopped: 0.0109432 seconds, Stopping threads took: 0.0108290 seconds
[2019-12-08T09:55:13.594+0000][1][safepoint    ] Application time: 0.2051614 seconds
[2019-12-08T09:55:13.594+0000][1][safepoint    ] Entering safepoint region: RevokeBias
[2019-12-08T09:55:13.594+0000][1][safepoint    ] Leaving safepoint region
[2019-12-08T09:55:13.594+0000][1][safepoint    ] Total time for which application threads were stopped: 0.0001417 seconds, Stopping threads took: 0.0000278 seconds
[2019-12-08T09:55:13.726+0000][1][safepoint    ] Application time: 0.1317685 seconds
[2019-12-08T09:55:13.726+0000][1][safepoint    ] Entering safepoint region: RevokeBias
[2019-12-08T09:55:13.726+0000][1][safepoint    ] Leaving safepoint region
[2019-12-08T09:55:13.726+0000][1][safepoint    ] Total time for which application threads were stopped: 0.0001511 seconds, Stopping threads took: 0.0000214 seconds
[2019-12-08T09:55:13.849+0000][1][safepoint    ] Application time: 0.1232668 seconds
[2019-12-08T09:55:13.850+0000][1][safepoint    ] Entering safepoint region: RevokeBias
[2019-12-08T09:55:13.850+0000][1][safepoint    ] Leaving safepoint region
[2019-12-08T09:55:13.850+0000][1][safepoint    ] Total time for which application threads were stopped: 0.0001867 seconds, Stopping threads took: 0.0000682 seconds
[2019-12-08T09:55:14.063+0000][1][safepoint    ] Application time: 0.2133910 seconds
[2019-12-08T09:55:14.063+0000][1][safepoint    ] Entering safepoint region: RevokeBias
[2019-12-08T09:55:14.063+0000][1][safepoint    ] Leaving safepoint region
[2019-12-08T09:55:14.063+0000][1][safepoint    ] Total time for which application threads were stopped: 0.0001940 seconds, Stopping threads took: 0.0000577 seconds
[2019-12-08T09:55:14.070+0000][1][safepoint    ] Application time: 0.0064247 seconds
[2019-12-08T09:55:14.070+0000][1][safepoint    ] Entering safepoint region: RevokeBias
[2019-12-08T09:55:14.070+0000][1][safepoint    ] Leaving safepoint region
[2019-12-08T09:55:14.070+0000][1][safepoint    ] Total time for which application threads were stopped: 0.0001870 seconds, Stopping threads took: 0.0000871 seconds
[2019-12-08T09:55:14.070+0000][1][safepoint    ] Application time: 0.0003034 seconds
[2019-12-08T09:55:14.070+0000][1][safepoint    ] Entering safepoint region: RevokeBias
[2019-12-08T09:55:14.070+0000][1][safepoint    ] Leaving safepoint region
[2019-12-08T09:55:14.070+0000][1][safepoint    ] Total time for which application threads were stopped: 0.0001127 seconds, Stopping threads took: 0.0000469 seconds
[2019-12-08T09:55:14.070+0000][1][safepoint    ] Application time: 0.0000780 seconds
[2019-12-08T09:55:14.071+0000][1][safepoint    ] Entering safepoint region: RevokeBias
[2019-12-08T09:55:14.071+0000][1][safepoint    ] Leaving safepoint region
[2019-12-08T09:55:14.071+0000][1][safepoint    ] Total time for which application threads were stopped: 0.0000858 seconds, Stopping threads took: 0.0000389 seconds
[2019-12-08T09:55:14.071+0000][1][safepoint    ] Application time: 0.0000838 seconds
[2019-12-08T09:55:14.071+0000][1][safepoint    ] Entering safepoint region: RevokeBias
[2019-12-08T09:55:14.071+0000][1][safepoint    ] Leaving safepoint region
[2019-12-08T09:55:14.071+0000][1][safepoint    ] Total time for which application threads were stopped: 0.0000675 seconds, Stopping threads took: 0.0000248 seconds
[2019-12-08T09:55:14.071+0000][1][safepoint    ] Application time: 0.0000532 seconds
[2019-12-08T09:55:14.071+0000][1][safepoint    ] Entering safepoint region: RevokeBias
[2019-12-08T09:55:14.071+0000][1][safepoint    ] Leaving safepoint region
[2019-12-08T09:55:14.071+0000][1][safepoint    ] Total time for which application threads were stopped: 0.0000527 seconds, Stopping threads took: 0.0000087 seconds
[2019-12-08T09:55:14.071+0000][1][safepoint    ] Application time: 0.0000434 seconds
[2019-12-08T09:55:14.071+0000][1][safepoint    ] Entering safepoint region: RevokeBias
[2019-12-08T09:55:14.071+0000][1][safepoint    ] Leaving safepoint region
[2019-12-08T09:55:14.071+0000][1][safepoint    ] Total time for which application threads were stopped: 0.0000393 seconds, Stopping threads took: 0.0000080 seconds
[2019-12-08T09:55:14.071+0000][1][safepoint    ] Application time: 0.0000437 seconds
[2019-12-08T09:55:14.071+0000][1][safepoint    ] Entering safepoint region: RevokeBias
[2019-12-08T09:55:14.071+0000][1][safepoint    ] Leaving safepoint region
[2019-12-08T09:55:14.071+0000][1][safepoint    ] Total time for which application threads were stopped: 0.0000577 seconds, Stopping threads took: 0.0000141 seconds
[2019-12-08T09:55:14.439+0000][1][safepoint    ] Application time: 0.3676371 seconds
[2019-12-08T09:55:14.439+0000][1][safepoint    ] Entering safepoint region: RevokeBias
[2019-12-08T09:55:14.439+0000][1][safepoint    ] Leaving safepoint region
[2019-12-08T09:55:14.439+0000][1][safepoint    ] Total time for which application threads were stopped: 0.0001432 seconds, Stopping threads took: 0.0000232 seconds
[2019-12-08T09:55:14.455+0000][1][safepoint    ] Application time: 0.0160755 seconds
[2019-12-08T09:55:14.455+0000][1][safepoint    ] Entering safepoint region: RevokeBias
[2019-12-08T09:55:14.455+0000][1][safepoint    ] Leaving safepoint region
[2019-12-08T09:55:14.455+0000][1][safepoint    ] Total time for which application threads were stopped: 0.0001106 seconds, Stopping threads took: 0.0000201 seconds
[2019-12-08T09:55:14.590+0000][1][safepoint    ] Application time: 0.1352412 seconds
[2019-12-08T09:55:14.590+0000][1][safepoint    ] Entering safepoint region: RevokeBias
[2019-12-08T09:55:14.591+0000][1][safepoint    ] Leaving safepoint region
[2019-12-08T09:55:14.591+0000][1][safepoint    ] Total time for which application threads were stopped: 0.0001616 seconds, Stopping threads took: 0.0000216 seconds
[2019-12-08T09:55:15.591+0000][1][safepoint    ] Application time: 1.0000884 seconds
[2019-12-08T09:55:15.591+0000][1][safepoint    ] Entering safepoint region: Cleanup
[2019-12-08T09:55:15.591+0000][1][safepoint    ] Leaving safepoint region
[2019-12-08T09:55:15.591+0000][1][safepoint    ] Total time for which application threads were stopped: 0.0001115 seconds, Stopping threads took: 0.0000199 seconds
[2019-12-08T09:55:16.591+0000][1][safepoint    ] Application time: 1.0000792 seconds
[2019-12-08T09:55:16.591+0000][1][safepoint    ] Entering safepoint region: Cleanup
[2019-12-08T09:55:16.591+0000][1][safepoint    ] Leaving safepoint region
[2019-12-08T09:55:16.591+0000][1][safepoint    ] Total time for which application threads were stopped: 0.0000946 seconds, Stopping threads took: 0.0000260 seconds
[2019-12-08T09:55:16.844+0000][1][safepoint    ] Application time: 0.2527883 seconds
[2019-12-08T09:55:16.844+0000][1][safepoint    ] Entering safepoint region: CollectForMetadataAllocation
[2019-12-08T09:55:16.844+0000][1][safepoint    ] Leaving safepoint region
[2019-12-08T09:55:16.844+0000][1][safepoint    ] Total time for which application threads were stopped: 0.0003202 seconds, Stopping threads took: 0.0000258 seconds
[2019-12-08T09:55:17.844+0000][1][safepoint    ] Application time: 1.0000990 seconds
[2019-12-08T09:55:17.844+0000][1][safepoint    ] Entering safepoint region: Cleanup
[2019-12-08T09:55:17.844+0000][1][safepoint    ] Leaving safepoint region
[2019-12-08T09:55:17.844+0000][1][safepoint    ] Total time for which application threads were stopped: 0.0000900 seconds, Stopping threads took: 0.0000179 seconds
[2019-12-08T09:55:18.829+0000][1][safepoint    ] Application time: 0.9841375 seconds
[2019-12-08T09:55:18.829+0000][1][safepoint    ] Entering safepoint region: CMS_Initial_Mark
[2019-12-08T09:55:18.829+0000][1][gc,start     ] GC(24) Pause Initial Mark
[2019-12-08T09:55:18.839+0000][1][gc           ] GC(24) Pause Initial Mark 115M->115M(247M) 10.454ms
[2019-12-08T09:55:18.839+0000][1][gc,cpu       ] GC(24) User=0.04s Sys=0.00s Real=0.01s
[2019-12-08T09:55:18.839+0000][1][safepoint    ] Leaving safepoint region
[2019-12-08T09:55:18.839+0000][1][safepoint    ] Total time for which application threads were stopped: 0.0106349 seconds, Stopping threads took: 0.0000195 seconds
[2019-12-08T09:55:18.839+0000][1][gc           ] GC(24) Concurrent Mark
[2019-12-08T09:55:18.901+0000][1][gc           ] GC(24) Concurrent Mark 62.088ms
[2019-12-08T09:55:18.901+0000][1][gc,cpu       ] GC(24) User=0.07s Sys=0.01s Real=0.07s
[2019-12-08T09:55:18.901+0000][1][gc           ] GC(24) Concurrent Preclean
[2019-12-08T09:55:18.902+0000][1][gc           ] GC(24) Concurrent Preclean 1.000ms
[2019-12-08T09:55:18.902+0000][1][gc,cpu       ] GC(24) User=0.00s Sys=0.00s Real=0.00s
[2019-12-08T09:55:18.902+0000][1][gc           ] GC(24) Concurrent Abortable Preclean
[2019-12-08T09:55:19.839+0000][1][safepoint    ] Application time: 1.0000962 seconds
[2019-12-08T09:55:19.839+0000][1][safepoint    ] Entering safepoint region: Cleanup
[2019-12-08T09:55:19.839+0000][1][safepoint    ] Leaving safepoint region
[2019-12-08T09:55:19.839+0000][1][safepoint    ] Total time for which application threads were stopped: 0.0000862 seconds, Stopping threads took: 0.0000199 seconds
[2019-12-08T09:55:20.840+0000][1][safepoint    ] Application time: 1.0000750 seconds
[2019-12-08T09:55:20.840+0000][1][safepoint    ] Entering safepoint region: Cleanup
[2019-12-08T09:55:20.840+0000][1][safepoint    ] Leaving safepoint region
[2019-12-08T09:55:20.840+0000][1][safepoint    ] Total time for which application threads were stopped: 0.0000941 seconds, Stopping threads took: 0.0000206 seconds
[2019-12-08T09:55:21.840+0000][1][safepoint    ] Application time: 1.0000751 seconds
[2019-12-08T09:55:21.840+0000][1][safepoint    ] Entering safepoint region: Cleanup
[2019-12-08T09:55:21.840+0000][1][safepoint    ] Leaving safepoint region
[2019-12-08T09:55:21.840+0000][1][safepoint    ] Total time for which application threads were stopped: 0.0001137 seconds, Stopping threads took: 0.0000186 seconds
[2019-12-08T09:55:22.840+0000][1][safepoint    ] Application time: 1.0000771 seconds
[2019-12-08T09:55:22.840+0000][1][safepoint    ] Entering safepoint region: Cleanup
[2019-12-08T09:55:22.840+0000][1][safepoint    ] Leaving safepoint region
[2019-12-08T09:55:22.840+0000][1][safepoint    ] Total time for which application threads were stopped: 0.0000982 seconds, Stopping threads took: 0.0000198 seconds
[2019-12-08T09:55:23.840+0000][1][safepoint    ] Application time: 1.0000772 seconds
[2019-12-08T09:55:23.840+0000][1][safepoint    ] Entering safepoint region: Cleanup
[2019-12-08T09:55:23.840+0000][1][safepoint    ] Leaving safepoint region
[2019-12-08T09:55:23.840+0000][1][safepoint    ] Total time for which application threads were stopped: 0.0000942 seconds, Stopping threads took: 0.0000203 seconds
[2019-12-08T09:55:24.005+0000][1][gc           ] GC(24) Concurrent Abortable Preclean 5102.195ms
[2019-12-08T09:55:24.005+0000][1][gc,cpu       ] GC(24) User=1.40s Sys=0.00s Real=5.10s
[2019-12-08T09:55:24.005+0000][1][safepoint    ] Application time: 0.1644128 seconds
[2019-12-08T09:55:24.005+0000][1][safepoint    ] Entering safepoint region: CMS_Final_Remark
[2019-12-08T09:55:24.005+0000][1][gc,start     ] GC(24) Pause Remark
[2019-12-08T09:55:24.030+0000][1][gc           ] GC(24) Pause Remark 120M->120M(247M) 25.426ms
[2019-12-08T09:55:24.030+0000][1][gc,cpu       ] GC(24) User=0.06s Sys=0.00s Real=0.02s
[2019-12-08T09:55:24.030+0000][1][safepoint    ] Leaving safepoint region
[2019-12-08T09:55:24.030+0000][1][safepoint    ] Total time for which application threads were stopped: 0.0256303 seconds, Stopping threads took: 0.0000270 seconds
[2019-12-08T09:55:24.030+0000][1][gc           ] GC(24) Concurrent Sweep
[2019-12-08T09:55:24.055+0000][1][gc           ] GC(24) Concurrent Sweep 24.328ms
[2019-12-08T09:55:24.055+0000][1][gc,cpu       ] GC(24) User=0.03s Sys=0.00s Real=0.03s
[2019-12-08T09:55:24.055+0000][1][gc           ] GC(24) Concurrent Reset
[2019-12-08T09:55:24.055+0000][1][gc           ] GC(24) Concurrent Reset 0.274ms
[2019-12-08T09:55:24.055+0000][1][gc,cpu       ] GC(24) User=0.00s Sys=0.00s Real=0.00s
[2019-12-08T09:55:24.055+0000][1][gc,heap      ] GC(24) Old: 64972K->64384K(174784K)
[2019-12-08T09:55:25.030+0000][1][safepoint    ] Application time: 1.0000886 seconds
[2019-12-08T09:55:25.031+0000][1][safepoint    ] Entering safepoint region: Cleanup
[2019-12-08T09:55:25.031+0000][1][safepoint    ] Leaving safepoint region
[2019-12-08T09:55:25.031+0000][1][safepoint    ] Total time for which application threads were stopped: 0.0007159 seconds, Stopping threads took: 0.0000229 seconds
[2019-12-08T09:55:26.031+0000][1][safepoint    ] Application time: 1.0000820 seconds
[2019-12-08T09:55:26.031+0000][1][safepoint    ] Entering safepoint region: Cleanup
[2019-12-08T09:55:26.031+0000][1][safepoint    ] Leaving safepoint region
[2019-12-08T09:55:26.031+0000][1][safepoint    ] Total time for which application threads were stopped: 0.0000934 seconds, Stopping threads took: 0.0000244 seconds
[2019-12-08T09:55:27.032+0000][1][safepoint    ] Application time: 1.0000793 seconds
[2019-12-08T09:55:27.032+0000][1][safepoint    ] Entering safepoint region: Cleanup
[2019-12-08T09:55:27.032+0000][1][safepoint    ] Leaving safepoint region
[2019-12-08T09:55:27.032+0000][1][safepoint    ] Total time for which application threads were stopped: 0.0000954 seconds, Stopping threads took: 0.0000168 seconds
[2019-12-08T09:55:28.032+0000][1][safepoint    ] Application time: 1.0000815 seconds
[2019-12-08T09:55:28.032+0000][1][safepoint    ] Entering safepoint region: Cleanup
[2019-12-08T09:55:28.032+0000][1][safepoint    ] Leaving safepoint region
[2019-12-08T09:55:28.032+0000][1][safepoint    ] Total time for which application threads were stopped: 0.0000993 seconds, Stopping threads took: 0.0000209 seconds
[2019-12-08T09:55:29.032+0000][1][safepoint    ] Application time: 1.0000833 seconds
[2019-12-08T09:55:29.032+0000][1][safepoint    ] Entering safepoint region: Cleanup
[2019-12-08T09:55:29.032+0000][1][safepoint    ] Leaving safepoint region
[2019-12-08T09:55:29.032+0000][1][safepoint    ] Total time for which application threads were stopped: 0.0000989 seconds, Stopping threads took: 0.0000194 seconds
[2019-12-08T09:55:30.032+0000][1][safepoint    ] Application time: 1.0000820 seconds
[2019-12-08T09:55:30.032+0000][1][safepoint    ] Entering safepoint region: Cleanup
[2019-12-08T09:55:30.032+0000][1][safepoint    ] Leaving safepoint region
[2019-12-08T09:55:30.032+0000][1][safepoint    ] Total time for which application threads were stopped: 0.0000968 seconds, Stopping threads took: 0.0000199 seconds
[2019-12-08T09:55:31.032+0000][1][safepoint    ] Application time: 1.0000799 seconds
[2019-12-08T09:55:31.032+0000][1][safepoint    ] Entering safepoint region: Cleanup
[2019-12-08T09:55:31.033+0000][1][safepoint    ] Leaving safepoint region
[2019-12-08T09:55:31.033+0000][1][safepoint    ] Total time for which application threads were stopped: 0.0001044 seconds, Stopping threads took: 0.0000190 seconds
[2019-12-08T09:55:32.033+0000][1][safepoint    ] Application time: 1.0000787 seconds
[2019-12-08T09:55:32.033+0000][1][safepoint    ] Entering safepoint region: Cleanup
[2019-12-08T09:55:32.033+0000][1][safepoint    ] Leaving safepoint region
[2019-12-08T09:55:32.033+0000][1][safepoint    ] Total time for which application threads were stopped: 0.0001021 seconds, Stopping threads took: 0.0000301 seconds
[2019-12-08T09:55:33.033+0000][1][safepoint    ] Application time: 1.0000763 seconds
[2019-12-08T09:55:33.033+0000][1][safepoint    ] Entering safepoint region: Cleanup
[2019-12-08T09:55:33.033+0000][1][safepoint    ] Leaving safepoint region
[2019-12-08T09:55:33.033+0000][1][safepoint    ] Total time for which application threads were stopped: 0.0000840 seconds, Stopping threads took: 0.0000169 seconds
[2019-12-08T09:55:34.033+0000][1][safepoint    ] Application time: 1.0000757 seconds
[2019-12-08T09:55:34.033+0000][1][safepoint    ] Entering safepoint region: Cleanup
[2019-12-08T09:55:34.033+0000][1][safepoint    ] Leaving safepoint region
[2019-12-08T09:55:34.033+0000][1][safepoint    ] Total time for which application threads were stopped: 0.0000865 seconds, Stopping threads took: 0.0000175 seconds
[2019-12-08T09:55:35.033+0000][1][safepoint    ] Application time: 1.0000795 seconds
[2019-12-08T09:55:35.033+0000][1][safepoint    ] Entering safepoint region: Cleanup
[2019-12-08T09:55:35.033+0000][1][safepoint    ] Leaving safepoint region
[2019-12-08T09:55:35.033+0000][1][safepoint    ] Total time for which application threads were stopped: 0.0000999 seconds, Stopping threads took: 0.0000197 seconds
[2019-12-08T09:55:37.034+0000][1][safepoint    ] Application time: 2.0001402 seconds
[2019-12-08T09:55:37.034+0000][1][safepoint    ] Entering safepoint region: Cleanup
[2019-12-08T09:55:37.034+0000][1][safepoint    ] Leaving safepoint region
[2019-12-08T09:55:37.034+0000][1][safepoint    ] Total time for which application threads were stopped: 0.0000860 seconds, Stopping threads took: 0.0000166 seconds
[2019-12-08T09:55:38.034+0000][1][safepoint    ] Application time: 1.0000755 seconds
[2019-12-08T09:55:38.034+0000][1][safepoint    ] Entering safepoint region: Cleanup
[2019-12-08T09:55:38.034+0000][1][safepoint    ] Leaving safepoint region
[2019-12-08T09:55:38.034+0000][1][safepoint    ] Total time for which application threads were stopped: 0.0000854 seconds, Stopping threads took: 0.0000177 seconds
[2019-12-08T09:55:41.034+0000][1][safepoint    ] Application time: 3.0002174 seconds
[2019-12-08T09:55:41.034+0000][1][safepoint    ] Entering safepoint region: Cleanup
[2019-12-08T09:55:41.034+0000][1][safepoint    ] Leaving safepoint region
[2019-12-08T09:55:41.034+0000][1][safepoint    ] Total time for which application threads were stopped: 0.0001028 seconds, Stopping threads took: 0.0000187 seconds
[2019-12-08T09:55:42.034+0000][1][safepoint    ] Application time: 1.0000757 seconds
[2019-12-08T09:55:42.034+0000][1][safepoint    ] Entering safepoint region: Cleanup
[2019-12-08T09:55:42.034+0000][1][safepoint    ] Leaving safepoint region
[2019-12-08T09:55:42.034+0000][1][safepoint    ] Total time for which application threads were stopped: 0.0000918 seconds, Stopping threads took: 0.0000231 seconds
[2019-12-08T09:55:45.035+0000][1][safepoint    ] Application time: 3.0002183 seconds
[2019-12-08T09:55:45.035+0000][1][safepoint    ] Entering safepoint region: Cleanup
[2019-12-08T09:55:45.035+0000][1][safepoint    ] Leaving safepoint region
[2019-12-08T09:55:45.035+0000][1][safepoint    ] Total time for which application threads were stopped: 0.0001086 seconds, Stopping threads took: 0.0000304 seconds
[2019-12-08T09:55:46.035+0000][1][safepoint    ] Application time: 1.0000758 seconds
[2019-12-08T09:55:46.035+0000][1][safepoint    ] Entering safepoint region: Cleanup
[2019-12-08T09:55:46.035+0000][1][safepoint    ] Leaving safepoint region
[2019-12-08T09:55:46.035+0000][1][safepoint    ] Total time for which application threads were stopped: 0.0000871 seconds, Stopping threads took: 0.0000162 seconds
[2019-12-08T09:55:47.035+0000][1][safepoint    ] Application time: 1.0000793 seconds
[2019-12-08T09:55:47.035+0000][1][safepoint    ] Entering safepoint region: Cleanup
[2019-12-08T09:55:47.035+0000][1][safepoint    ] Leaving safepoint region
[2019-12-08T09:55:47.035+0000][1][safepoint    ] Total time for which application threads were stopped: 0.0000975 seconds, Stopping threads took: 0.0000179 seconds
[2019-12-08T09:55:47.182+0000][1][safepoint    ] Application time: 0.1466741 seconds
[2019-12-08T09:55:47.182+0000][1][safepoint    ] Entering safepoint region: GenCollectForAllocation
[2019-12-08T09:55:47.182+0000][1][gc,start     ] GC(25) Pause Young (Allocation Failure)
[2019-12-08T09:55:47.182+0000][1][gc,task      ] GC(25) Using 4 workers of 4 for evacuation
[2019-12-08T09:55:47.191+0000][1][gc,age       ] GC(25) Desired survivor size 4456448 bytes, new threshold 6 (max threshold 6)
[2019-12-08T09:55:47.191+0000][1][gc,age       ] GC(25) Age table with threshold 6 (max threshold 6)
[2019-12-08T09:55:47.191+0000][1][gc,age       ] GC(25) - age   1:     192696 bytes,     192696 total
[2019-12-08T09:55:47.191+0000][1][gc,age       ] GC(25) - age   2:    2328440 bytes,    2521136 total
[2019-12-08T09:55:47.191+0000][1][gc,heap      ] GC(25) ParNew: 78608K->5682K(78656K)
[2019-12-08T09:55:47.191+0000][1][gc,heap      ] GC(25) CMS: 64384K->67963K(174784K)
[2019-12-08T09:55:47.191+0000][1][gc,metaspace ] GC(25) Metaspace: 71056K->71056K(1114112K)
[2019-12-08T09:55:47.191+0000][1][gc           ] GC(25) Pause Young (Allocation Failure) 139M->71M(247M) 8.848ms
[2019-12-08T09:55:47.191+0000][1][gc,cpu       ] GC(25) User=0.04s Sys=0.00s Real=0.01s
[2019-12-08T09:55:47.191+0000][1][safepoint    ] Leaving safepoint region
[2019-12-08T09:55:47.191+0000][1][safepoint    ] Total time for which application threads were stopped: 0.0090062 seconds, Stopping threads took: 0.0000162 seconds
[2019-12-08T09:55:49.191+0000][1][safepoint    ] Application time: 2.0001665 seconds
[2019-12-08T09:55:49.191+0000][1][safepoint    ] Entering safepoint region: Cleanup
[2019-12-08T09:55:49.191+0000][1][safepoint    ] Leaving safepoint region
[2019-12-08T09:55:49.191+0000][1][safepoint    ] Total time for which application threads were stopped: 0.0000885 seconds, Stopping threads took: 0.0000177 seconds
[2019-12-08T09:55:50.191+0000][1][safepoint    ] Application time: 1.0000815 seconds
[2019-12-08T09:55:50.191+0000][1][safepoint    ] Entering safepoint region: Cleanup
[2019-12-08T09:55:50.191+0000][1][safepoint    ] Leaving safepoint region
[2019-12-08T09:55:50.191+0000][1][safepoint    ] Total time for which application threads were stopped: 0.0000937 seconds, Stopping threads took: 0.0000190 seconds
[2019-12-08T09:55:51.191+0000][1][safepoint    ] Application time: 1.0000775 seconds
[2019-12-08T09:55:51.192+0000][1][safepoint    ] Entering safepoint region: Cleanup
[2019-12-08T09:55:51.192+0000][1][safepoint    ] Leaving safepoint region
[2019-12-08T09:55:51.192+0000][1][safepoint    ] Total time for which application threads were stopped: 0.0000894 seconds, Stopping threads took: 0.0000172 seconds
[2019-12-08T09:55:52.192+0000][1][safepoint    ] Application time: 1.0000817 seconds
[2019-12-08T09:55:52.192+0000][1][safepoint    ] Entering safepoint region: Cleanup
[2019-12-08T09:55:52.192+0000][1][safepoint    ] Leaving safepoint region
[2019-12-08T09:55:52.192+0000][1][safepoint    ] Total time for which application threads were stopped: 0.0000869 seconds, Stopping threads took: 0.0000162 seconds
[2019-12-08T09:55:52.822+0000][1][safepoint    ] Application time: 0.6304642 seconds
[2019-12-08T09:55:52.822+0000][1][safepoint    ] Entering safepoint region: RevokeBias
[2019-12-08T09:55:52.822+0000][1][safepoint    ] Leaving safepoint region
[2019-12-08T09:55:52.822+0000][1][safepoint    ] Total time for which application threads were stopped: 0.0001147 seconds, Stopping threads took: 0.0000137 seconds
[2019-12-08T09:55:52.851+0000][1][safepoint    ] Application time: 0.0283459 seconds
[2019-12-08T09:55:52.851+0000][1][safepoint    ] Entering safepoint region: RevokeBias
[2019-12-08T09:55:52.851+0000][1][safepoint    ] Leaving safepoint region
[2019-12-08T09:55:52.851+0000][1][safepoint    ] Total time for which application threads were stopped: 0.0000972 seconds, Stopping threads took: 0.0000136 seconds
[2019-12-08T09:55:52.851+0000][1][safepoint    ] Application time: 0.0002578 seconds
[2019-12-08T09:55:52.851+0000][1][safepoint    ] Entering safepoint region: RevokeBias
[2019-12-08T09:55:52.851+0000][1][safepoint    ] Leaving safepoint region
[2019-12-08T09:55:52.851+0000][1][safepoint    ] Total time for which application threads were stopped: 0.0000436 seconds, Stopping threads took: 0.0000056 seconds
[2019-12-08T09:55:53.851+0000][1][safepoint    ] Application time: 1.0000862 seconds
[2019-12-08T09:55:53.851+0000][1][safepoint    ] Entering safepoint region: Cleanup
[2019-12-08T09:55:53.851+0000][1][safepoint    ] Leaving safepoint region
[2019-12-08T09:55:53.851+0000][1][safepoint    ] Total time for which application threads were stopped: 0.0001144 seconds, Stopping threads took: 0.0000238 seconds
[2019-12-08T09:55:55.852+0000][1][safepoint    ] Application time: 2.0001439 seconds
[2019-12-08T09:55:55.852+0000][1][safepoint    ] Entering safepoint region: Cleanup
[2019-12-08T09:55:55.852+0000][1][safepoint    ] Leaving safepoint region
[2019-12-08T09:55:55.852+0000][1][safepoint    ] Total time for which application threads were stopped: 0.0001031 seconds, Stopping threads took: 0.0000216 seconds
[2019-12-08T09:55:56.852+0000][1][safepoint    ] Application time: 1.0000760 seconds
[2019-12-08T09:55:56.852+0000][1][safepoint    ] Entering safepoint region: Cleanup
[2019-12-08T09:55:56.852+0000][1][safepoint    ] Leaving safepoint region
[2019-12-08T09:55:56.852+0000][1][safepoint    ] Total time for which application threads were stopped: 0.0001068 seconds, Stopping threads took: 0.0000304 seconds
[2019-12-08T09:55:57.852+0000][1][safepoint    ] Application time: 1.0000780 seconds
[2019-12-08T09:55:57.852+0000][1][safepoint    ] Entering safepoint region: Cleanup
[2019-12-08T09:55:57.852+0000][1][safepoint    ] Leaving safepoint region
[2019-12-08T09:55:57.852+0000][1][safepoint    ] Total time for which application threads were stopped: 0.0000933 seconds, Stopping threads took: 0.0000175 seconds
[2019-12-08T09:55:58.530+0000][1][safepoint    ] Application time: 0.6780714 seconds
[2019-12-08T09:55:58.530+0000][1][safepoint    ] Entering safepoint region: RevokeBias
[2019-12-08T09:55:58.530+0000][1][safepoint    ] Leaving safepoint region
[2019-12-08T09:55:58.530+0000][1][safepoint    ] Total time for which application threads were stopped: 0.0001295 seconds, Stopping threads took: 0.0000342 seconds
[2019-12-08T09:55:58.531+0000][1][safepoint    ] Application time: 0.0010107 seconds
[2019-12-08T09:55:58.531+0000][1][safepoint    ] Entering safepoint region: RevokeBias
[2019-12-08T09:55:58.531+0000][1][safepoint    ] Leaving safepoint region
[2019-12-08T09:55:58.532+0000][1][safepoint    ] Total time for which application threads were stopped: 0.0000879 seconds, Stopping threads took: 0.0000139 seconds
[2019-12-08T09:55:58.532+0000][1][safepoint    ] Application time: 0.0000504 seconds
[2019-12-08T09:55:58.532+0000][1][safepoint    ] Entering safepoint region: RevokeBias
[2019-12-08T09:55:58.532+0000][1][safepoint    ] Leaving safepoint region
[2019-12-08T09:55:58.532+0000][1][safepoint    ] Total time for which application threads were stopped: 0.0000390 seconds, Stopping threads took: 0.0000070 seconds
[2019-12-08T09:55:59.532+0000][1][safepoint    ] Application time: 1.0000869 seconds
[2019-12-08T09:55:59.532+0000][1][safepoint    ] Entering safepoint region: Cleanup
[2019-12-08T09:55:59.532+0000][1][safepoint    ] Leaving safepoint region
[2019-12-08T09:55:59.532+0000][1][safepoint    ] Total time for which application threads were stopped: 0.0001072 seconds, Stopping threads took: 0.0000163 seconds
[2019-12-08T09:56:00.532+0000][1][safepoint    ] Application time: 1.0000752 seconds
[2019-12-08T09:56:00.532+0000][1][safepoint    ] Entering safepoint region: Cleanup
[2019-12-08T09:56:00.532+0000][1][safepoint    ] Leaving safepoint region
[2019-12-08T09:56:00.532+0000][1][safepoint    ] Total time for which application threads were stopped: 0.0000931 seconds, Stopping threads took: 0.0000203 seconds
[2019-12-08T09:56:01.532+0000][1][safepoint    ] Application time: 1.0000885 seconds
[2019-12-08T09:56:01.532+0000][1][safepoint    ] Entering safepoint region: Cleanup
[2019-12-08T09:56:01.532+0000][1][safepoint    ] Leaving safepoint region
[2019-12-08T09:56:01.532+0000][1][safepoint    ] Total time for which application threads were stopped: 0.0000979 seconds, Stopping threads took: 0.0000216 seconds
[2019-12-08T09:56:02.532+0000][1][safepoint    ] Application time: 1.0000863 seconds
[2019-12-08T09:56:02.532+0000][1][safepoint    ] Entering safepoint region: Cleanup
[2019-12-08T09:56:02.533+0000][1][safepoint    ] Leaving safepoint region
[2019-12-08T09:56:02.533+0000][1][safepoint    ] Total time for which application threads were stopped: 0.0000959 seconds, Stopping threads took: 0.0000224 seconds
[2019-12-08T09:56:03.533+0000][1][safepoint    ] Application time: 1.0000820 seconds
[2019-12-08T09:56:03.533+0000][1][safepoint    ] Entering safepoint region: Cleanup
[2019-12-08T09:56:03.533+0000][1][safepoint    ] Leaving safepoint region
[2019-12-08T09:56:03.533+0000][1][safepoint    ] Total time for which application threads were stopped: 0.0001098 seconds, Stopping threads took: 0.0000209 seconds
[2019-12-08T09:56:04.533+0000][1][safepoint    ] Application time: 1.0000787 seconds
[2019-12-08T09:56:04.533+0000][1][safepoint    ] Entering safepoint region: Cleanup
[2019-12-08T09:56:04.533+0000][1][safepoint    ] Leaving safepoint region
[2019-12-08T09:56:04.533+0000][1][safepoint    ] Total time for which application threads were stopped: 0.0001016 seconds, Stopping threads took: 0.0000259 seconds
[2019-12-08T09:56:05.533+0000][1][safepoint    ] Application time: 1.0000837 seconds
[2019-12-08T09:56:05.533+0000][1][safepoint    ] Entering safepoint region: Cleanup
[2019-12-08T09:56:05.533+0000][1][safepoint    ] Leaving safepoint region
[2019-12-08T09:56:05.533+0000][1][safepoint    ] Total time for which application threads were stopped: 0.0000976 seconds, Stopping threads took: 0.0000201 seconds
[2019-12-08T09:56:06.533+0000][1][safepoint    ] Application time: 1.0000837 seconds
[2019-12-08T09:56:06.533+0000][1][safepoint    ] Entering safepoint region: Cleanup
[2019-12-08T09:56:06.533+0000][1][safepoint    ] Leaving safepoint region
[2019-12-08T09:56:06.533+0000][1][safepoint    ] Total time for which application threads were stopped: 0.0001080 seconds, Stopping threads took: 0.0000202 seconds
[2019-12-08T09:56:07.534+0000][1][safepoint    ] Application time: 1.0000761 seconds
[2019-12-08T09:56:07.534+0000][1][safepoint    ] Entering safepoint region: Cleanup
[2019-12-08T09:56:07.534+0000][1][safepoint    ] Leaving safepoint region
[2019-12-08T09:56:07.534+0000][1][safepoint    ] Total time for which application threads were stopped: 0.0001008 seconds, Stopping threads took: 0.0000200 seconds
[2019-12-08T09:56:08.534+0000][1][safepoint    ] Application time: 1.0000789 seconds
[2019-12-08T09:56:08.534+0000][1][safepoint    ] Entering safepoint region: Cleanup
[2019-12-08T09:56:08.534+0000][1][safepoint    ] Leaving safepoint region
[2019-12-08T09:56:08.534+0000][1][safepoint    ] Total time for which application threads were stopped: 0.0001103 seconds, Stopping threads took: 0.0000205 seconds
[2019-12-08T09:56:09.534+0000][1][safepoint    ] Application time: 1.0000771 seconds
[2019-12-08T09:56:09.534+0000][1][safepoint    ] Entering safepoint region: Cleanup
[2019-12-08T09:56:09.534+0000][1][safepoint    ] Leaving safepoint region
[2019-12-08T09:56:09.534+0000][1][safepoint    ] Total time for which application threads were stopped: 0.0000911 seconds, Stopping threads took: 0.0000164 seconds
[2019-12-08T09:56:11.534+0000][1][safepoint    ] Application time: 2.0001457 seconds
[2019-12-08T09:56:11.534+0000][1][safepoint    ] Entering safepoint region: Cleanup
[2019-12-08T09:56:11.534+0000][1][safepoint    ] Leaving safepoint region
[2019-12-08T09:56:11.534+0000][1][safepoint    ] Total time for which application threads were stopped: 0.0001086 seconds, Stopping threads took: 0.0000236 seconds
[2019-12-08T09:56:12.534+0000][1][safepoint    ] Application time: 1.0000842 seconds
[2019-12-08T09:56:12.535+0000][1][safepoint    ] Entering safepoint region: Cleanup
[2019-12-08T09:56:12.535+0000][1][safepoint    ] Leaving safepoint region
[2019-12-08T09:56:12.535+0000][1][safepoint    ] Total time for which application threads were stopped: 0.0001120 seconds, Stopping threads took: 0.0000214 seconds
[2019-12-08T09:56:14.535+0000][1][safepoint    ] Application time: 2.0001495 seconds
[2019-12-08T09:56:14.535+0000][1][safepoint    ] Entering safepoint region: Cleanup
[2019-12-08T09:56:14.535+0000][1][safepoint    ] Leaving safepoint region
[2019-12-08T09:56:14.535+0000][1][safepoint    ] Total time for which application threads were stopped: 0.0000958 seconds, Stopping threads took: 0.0000201 seconds
[2019-12-08T09:56:17.535+0000][1][safepoint    ] Application time: 3.0002195 seconds
[2019-12-08T09:56:17.535+0000][1][safepoint    ] Entering safepoint region: Cleanup
[2019-12-08T09:56:17.535+0000][1][safepoint    ] Leaving safepoint region
[2019-12-08T09:56:17.535+0000][1][safepoint    ] Total time for which application threads were stopped: 0.0000969 seconds, Stopping threads took: 0.0000205 seconds
[2019-12-08T09:56:19.535+0000][1][safepoint    ] Application time: 2.0001497 seconds
[2019-12-08T09:56:19.535+0000][1][safepoint    ] Entering safepoint region: Cleanup
[2019-12-08T09:56:19.536+0000][1][safepoint    ] Leaving safepoint region
[2019-12-08T09:56:19.536+0000][1][safepoint    ] Total time for which application threads were stopped: 0.0000926 seconds, Stopping threads took: 0.0000230 seconds
[2019-12-08T09:56:23.536+0000][1][safepoint    ] Application time: 4.0002938 seconds
[2019-12-08T09:56:23.536+0000][1][safepoint    ] Entering safepoint region: Cleanup
[2019-12-08T09:56:23.536+0000][1][safepoint    ] Leaving safepoint region
[2019-12-08T09:56:23.536+0000][1][safepoint    ] Total time for which application threads were stopped: 0.0000990 seconds, Stopping threads took: 0.0000215 seconds
[2019-12-08T09:56:24.536+0000][1][safepoint    ] Application time: 1.0000776 seconds
[2019-12-08T09:56:24.536+0000][1][safepoint    ] Entering safepoint region: Cleanup
[2019-12-08T09:56:24.536+0000][1][safepoint    ] Leaving safepoint region
[2019-12-08T09:56:24.536+0000][1][safepoint    ] Total time for which application threads were stopped: 0.0000885 seconds, Stopping threads took: 0.0000185 seconds
[2019-12-08T09:56:26.536+0000][1][safepoint    ] Application time: 2.0001519 seconds
[2019-12-08T09:56:26.536+0000][1][safepoint    ] Entering safepoint region: Cleanup
[2019-12-08T09:56:26.537+0000][1][safepoint    ] Leaving safepoint region
[2019-12-08T09:56:26.537+0000][1][safepoint    ] Total time for which application threads were stopped: 0.0001088 seconds, Stopping threads took: 0.0000277 seconds
[2019-12-08T09:56:29.537+0000][1][safepoint    ] Application time: 3.0002172 seconds
[2019-12-08T09:56:29.537+0000][1][safepoint    ] Entering safepoint region: Cleanup
[2019-12-08T09:56:29.537+0000][1][safepoint    ] Leaving safepoint region
[2019-12-08T09:56:29.537+0000][1][safepoint    ] Total time for which application threads were stopped: 0.0000928 seconds, Stopping threads took: 0.0000182 seconds
[2019-12-08T09:56:31.537+0000][1][safepoint    ] Application time: 2.0001425 seconds
[2019-12-08T09:56:31.537+0000][1][safepoint    ] Entering safepoint region: Cleanup
[2019-12-08T09:56:31.537+0000][1][safepoint    ] Leaving safepoint region
[2019-12-08T09:56:31.537+0000][1][safepoint    ] Total time for which application threads were stopped: 0.0000954 seconds, Stopping threads took: 0.0000199 seconds
[2019-12-08T09:56:33.537+0000][1][safepoint    ] Application time: 2.0001478 seconds
[2019-12-08T09:56:33.537+0000][1][safepoint    ] Entering safepoint region: Cleanup
[2019-12-08T09:56:33.537+0000][1][safepoint    ] Leaving safepoint region
[2019-12-08T09:56:33.537+0000][1][safepoint    ] Total time for which application threads were stopped: 0.0001076 seconds, Stopping threads took: 0.0000279 seconds
[2019-12-08T09:56:34.538+0000][1][safepoint    ] Application time: 1.0000787 seconds
[2019-12-08T09:56:34.538+0000][1][safepoint    ] Entering safepoint region: Cleanup
[2019-12-08T09:56:34.538+0000][1][safepoint    ] Leaving safepoint region
[2019-12-08T09:56:34.538+0000][1][safepoint    ] Total time for which application threads were stopped: 0.0001017 seconds, Stopping threads took: 0.0000186 seconds
[2019-12-08T09:56:36.538+0000][1][safepoint    ] Application time: 2.0001591 seconds
[2019-12-08T09:56:36.538+0000][1][safepoint    ] Entering safepoint region: Cleanup
[2019-12-08T09:56:36.538+0000][1][safepoint    ] Leaving safepoint region
[2019-12-08T09:56:36.538+0000][1][safepoint    ] Total time for which application threads were stopped: 0.0000963 seconds, Stopping threads took: 0.0000199 seconds
[2019-12-08T09:56:41.538+0000][1][safepoint    ] Application time: 5.0003778 seconds
[2019-12-08T09:56:41.538+0000][1][safepoint    ] Entering safepoint region: Cleanup
[2019-12-08T09:56:41.538+0000][1][safepoint    ] Leaving safepoint region
[2019-12-08T09:56:41.538+0000][1][safepoint    ] Total time for which application threads were stopped: 0.0001079 seconds, Stopping threads took: 0.0000196 seconds
[2019-12-08T09:56:44.539+0000][1][safepoint    ] Application time: 3.0002227 seconds
[2019-12-08T09:56:44.539+0000][1][safepoint    ] Entering safepoint region: Cleanup
[2019-12-08T09:56:44.539+0000][1][safepoint    ] Leaving safepoint region
[2019-12-08T09:56:44.539+0000][1][safepoint    ] Total time for which application threads were stopped: 0.0000944 seconds, Stopping threads took: 0.0000226 seconds
[2019-12-08T09:56:51.539+0000][1][safepoint    ] Application time: 7.0005107 seconds
[2019-12-08T09:56:51.539+0000][1][safepoint    ] Entering safepoint region: Cleanup
[2019-12-08T09:56:51.539+0000][1][safepoint    ] Leaving safepoint region
[2019-12-08T09:56:51.540+0000][1][safepoint    ] Total time for which application threads were stopped: 0.0000947 seconds, Stopping threads took: 0.0000201 seconds
[2019-12-08T09:56:54.540+0000][1][safepoint    ] Application time: 3.0002229 seconds
[2019-12-08T09:56:54.540+0000][1][safepoint    ] Entering safepoint region: Cleanup
[2019-12-08T09:56:54.540+0000][1][safepoint    ] Leaving safepoint region
[2019-12-08T09:56:54.540+0000][1][safepoint    ] Total time for which application threads were stopped: 0.0000989 seconds, Stopping threads took: 0.0000189 seconds
[2019-12-08T09:56:55.540+0000][1][safepoint    ] Application time: 1.0001036 seconds
[2019-12-08T09:56:55.540+0000][1][safepoint    ] Entering safepoint region: Cleanup
[2019-12-08T09:56:55.540+0000][1][safepoint    ] Leaving safepoint region
[2019-12-08T09:56:55.540+0000][1][safepoint    ] Total time for which application threads were stopped: 0.0001033 seconds, Stopping threads took: 0.0000207 seconds
[2019-12-08T09:56:56.540+0000][1][safepoint    ] Application time: 1.0000939 seconds
[2019-12-08T09:56:56.540+0000][1][safepoint    ] Entering safepoint region: Cleanup
[2019-12-08T09:56:56.540+0000][1][safepoint    ] Leaving safepoint region
[2019-12-08T09:56:56.540+0000][1][safepoint    ] Total time for which application threads were stopped: 0.0001027 seconds, Stopping threads took: 0.0000213 seconds
[2019-12-08T09:56:57.540+0000][1][safepoint    ] Application time: 1.0000798 seconds
[2019-12-08T09:56:57.541+0000][1][safepoint    ] Entering safepoint region: Cleanup
[2019-12-08T09:56:57.541+0000][1][safepoint    ] Leaving safepoint region
[2019-12-08T09:56:57.541+0000][1][safepoint    ] Total time for which application threads were stopped: 0.0000933 seconds, Stopping threads took: 0.0000220 seconds
[2019-12-08T09:56:58.541+0000][1][safepoint    ] Application time: 1.0000471 seconds
[2019-12-08T09:56:58.541+0000][1][safepoint    ] Entering safepoint region: Cleanup
[2019-12-08T09:56:58.541+0000][1][safepoint    ] Leaving safepoint region
[2019-12-08T09:56:58.541+0000][1][safepoint    ] Total time for which application threads were stopped: 0.0001082 seconds, Stopping threads took: 0.0000298 seconds
[2019-12-08T09:56:59.541+0000][1][safepoint    ] Application time: 1.0000764 seconds
[2019-12-08T09:56:59.541+0000][1][safepoint    ] Entering safepoint region: Cleanup
[2019-12-08T09:56:59.541+0000][1][safepoint    ] Leaving safepoint region
[2019-12-08T09:56:59.541+0000][1][safepoint    ] Total time for which application threads were stopped: 0.0000901 seconds, Stopping threads took: 0.0000188 seconds
[2019-12-08T09:57:00.541+0000][1][safepoint    ] Application time: 1.0000909 seconds
[2019-12-08T09:57:00.541+0000][1][safepoint    ] Entering safepoint region: Cleanup
[2019-12-08T09:57:00.541+0000][1][safepoint    ] Leaving safepoint region
[2019-12-08T09:57:00.541+0000][1][safepoint    ] Total time for which application threads were stopped: 0.0000921 seconds, Stopping threads took: 0.0000197 seconds
[2019-12-08T09:57:01.541+0000][1][safepoint    ] Application time: 1.0000766 seconds
[2019-12-08T09:57:01.541+0000][1][safepoint    ] Entering safepoint region: Cleanup
[2019-12-08T09:57:01.541+0000][1][safepoint    ] Leaving safepoint region
[2019-12-08T09:57:01.541+0000][1][safepoint    ] Total time for which application threads were stopped: 0.0000948 seconds, Stopping threads took: 0.0000186 seconds
[2019-12-08T09:57:02.542+0000][1][safepoint    ] Application time: 1.0000796 seconds
[2019-12-08T09:57:02.542+0000][1][safepoint    ] Entering safepoint region: Cleanup
[2019-12-08T09:57:02.542+0000][1][safepoint    ] Leaving safepoint region
[2019-12-08T09:57:02.542+0000][1][safepoint    ] Total time for which application threads were stopped: 0.0000966 seconds, Stopping threads took: 0.0000198 seconds
[2019-12-08T09:57:02.984+0000][1][safepoint    ] Application time: 0.4421588 seconds
[2019-12-08T09:57:02.984+0000][1][safepoint    ] Entering safepoint region: GenCollectForAllocation
[2019-12-08T09:57:02.984+0000][1][gc,start     ] GC(26) Pause Young (Allocation Failure)
[2019-12-08T09:57:02.984+0000][1][gc,task      ] GC(26) Using 4 workers of 4 for evacuation
[2019-12-08T09:57:02.988+0000][1][gc,age       ] GC(26) Desired survivor size 4456448 bytes, new threshold 6 (max threshold 6)
[2019-12-08T09:57:02.988+0000][1][gc,age       ] GC(26) Age table with threshold 6 (max threshold 6)
[2019-12-08T09:57:02.988+0000][1][gc,age       ] GC(26) - age   1:     273336 bytes,     273336 total
[2019-12-08T09:57:02.988+0000][1][gc,age       ] GC(26) - age   2:     184288 bytes,     457624 total
[2019-12-08T09:57:02.988+0000][1][gc,age       ] GC(26) - age   3:    2323776 bytes,    2781400 total
[2019-12-08T09:57:02.988+0000][1][gc,heap      ] GC(26) ParNew: 75603K->3515K(78656K)
[2019-12-08T09:57:02.988+0000][1][gc,heap      ] GC(26) CMS: 67963K->67963K(174784K)
[2019-12-08T09:57:02.988+0000][1][gc,metaspace ] GC(26) Metaspace: 72405K->72405K(1116160K)
[2019-12-08T09:57:02.989+0000][1][gc           ] GC(26) Pause Young (Allocation Failure) 140M->69M(247M) 4.525ms
[2019-12-08T09:57:02.989+0000][1][gc,cpu       ] GC(26) User=0.01s Sys=0.00s Real=0.00s
[2019-12-08T09:57:02.989+0000][1][safepoint    ] Leaving safepoint region
[2019-12-08T09:57:02.989+0000][1][safepoint    ] Total time for which application threads were stopped: 0.0047099 seconds, Stopping threads took: 0.0000219 seconds
[2019-12-08T09:57:03.989+0000][1][safepoint    ] Application time: 1.0001028 seconds
[2019-12-08T09:57:03.989+0000][1][safepoint    ] Entering safepoint region: Cleanup
[2019-12-08T09:57:03.989+0000][1][safepoint    ] Leaving safepoint region
[2019-12-08T09:57:03.989+0000][1][safepoint    ] Total time for which application threads were stopped: 0.0000905 seconds, Stopping threads took: 0.0000188 seconds
[2019-12-08T09:57:04.989+0000][1][safepoint    ] Application time: 1.0000796 seconds
[2019-12-08T09:57:04.989+0000][1][safepoint    ] Entering safepoint region: Cleanup
[2019-12-08T09:57:04.989+0000][1][safepoint    ] Leaving safepoint region
[2019-12-08T09:57:04.989+0000][1][safepoint    ] Total time for which application threads were stopped: 0.0000881 seconds, Stopping threads took: 0.0000193 seconds
[2019-12-08T09:57:05.989+0000][1][safepoint    ] Application time: 1.0000785 seconds
[2019-12-08T09:57:05.989+0000][1][safepoint    ] Entering safepoint region: Cleanup
[2019-12-08T09:57:05.989+0000][1][safepoint    ] Leaving safepoint region
[2019-12-08T09:57:05.989+0000][1][safepoint    ] Total time for which application threads were stopped: 0.0000945 seconds, Stopping threads took: 0.0000193 seconds
[2019-12-08T09:57:06.989+0000][1][safepoint    ] Application time: 1.0000745 seconds
[2019-12-08T09:57:06.989+0000][1][safepoint    ] Entering safepoint region: Cleanup
[2019-12-08T09:57:06.989+0000][1][safepoint    ] Leaving safepoint region
[2019-12-08T09:57:06.989+0000][1][safepoint    ] Total time for which application threads were stopped: 0.0000864 seconds, Stopping threads took: 0.0000191 seconds
[2019-12-08T09:57:07.990+0000][1][safepoint    ] Application time: 1.0000754 seconds
[2019-12-08T09:57:07.990+0000][1][safepoint    ] Entering safepoint region: Cleanup
[2019-12-08T09:57:07.990+0000][1][safepoint    ] Leaving safepoint region
[2019-12-08T09:57:07.990+0000][1][safepoint    ] Total time for which application threads were stopped: 0.0000980 seconds, Stopping threads took: 0.0000187 seconds
[2019-12-08T09:57:08.990+0000][1][safepoint    ] Application time: 1.0000791 seconds
[2019-12-08T09:57:08.990+0000][1][safepoint    ] Entering safepoint region: Cleanup
[2019-12-08T09:57:08.990+0000][1][safepoint    ] Leaving safepoint region
[2019-12-08T09:57:08.990+0000][1][safepoint    ] Total time for which application threads were stopped: 0.0001227 seconds, Stopping threads took: 0.0000196 seconds
[2019-12-08T09:57:09.990+0000][1][safepoint    ] Application time: 1.0000818 seconds
[2019-12-08T09:57:09.990+0000][1][safepoint    ] Entering safepoint region: Cleanup
[2019-12-08T09:57:09.990+0000][1][safepoint    ] Leaving safepoint region
[2019-12-08T09:57:09.990+0000][1][safepoint    ] Total time for which application threads were stopped: 0.0000905 seconds, Stopping threads took: 0.0000185 seconds
[2019-12-08T09:57:10.990+0000][1][safepoint    ] Application time: 1.0000766 seconds
[2019-12-08T09:57:10.990+0000][1][safepoint    ] Entering safepoint region: Cleanup
[2019-12-08T09:57:10.990+0000][1][safepoint    ] Leaving safepoint region
[2019-12-08T09:57:10.990+0000][1][safepoint    ] Total time for which application threads were stopped: 0.0000981 seconds, Stopping threads took: 0.0000197 seconds
[2019-12-08T09:57:11.990+0000][1][safepoint    ] Application time: 1.0000744 seconds
[2019-12-08T09:57:11.990+0000][1][safepoint    ] Entering safepoint region: Cleanup
[2019-12-08T09:57:11.991+0000][1][safepoint    ] Leaving safepoint region
[2019-12-08T09:57:11.991+0000][1][safepoint    ] Total time for which application threads were stopped: 0.0000972 seconds, Stopping threads took: 0.0000189 seconds
[2019-12-08T09:57:12.991+0000][1][safepoint    ] Application time: 1.0000815 seconds
[2019-12-08T09:57:12.991+0000][1][safepoint    ] Entering safepoint region: Cleanup
[2019-12-08T09:57:12.991+0000][1][safepoint    ] Leaving safepoint region
[2019-12-08T09:57:12.991+0000][1][safepoint    ] Total time for which application threads were stopped: 0.0000960 seconds, Stopping threads took: 0.0000241 seconds
[2019-12-08T09:57:13.991+0000][1][safepoint    ] Application time: 1.0000790 seconds
[2019-12-08T09:57:13.991+0000][1][safepoint    ] Entering safepoint region: Cleanup
[2019-12-08T09:57:13.991+0000][1][safepoint    ] Leaving safepoint region
[2019-12-08T09:57:13.991+0000][1][safepoint    ] Total time for which application threads were stopped: 0.0000875 seconds, Stopping threads took: 0.0000192 seconds
[2019-12-08T09:57:14.991+0000][1][safepoint    ] Application time: 1.0000907 seconds
[2019-12-08T09:57:14.991+0000][1][safepoint    ] Entering safepoint region: Cleanup
[2019-12-08T09:57:14.991+0000][1][safepoint    ] Leaving safepoint region
[2019-12-08T09:57:14.991+0000][1][safepoint    ] Total time for which application threads were stopped: 0.0000883 seconds, Stopping threads took: 0.0000197 seconds
[2019-12-08T09:57:15.991+0000][1][safepoint    ] Application time: 1.0000777 seconds
[2019-12-08T09:57:15.991+0000][1][safepoint    ] Entering safepoint region: Cleanup
[2019-12-08T09:57:15.991+0000][1][safepoint    ] Leaving safepoint region
[2019-12-08T09:57:15.991+0000][1][safepoint    ] Total time for which application threads were stopped: 0.0000938 seconds, Stopping threads took: 0.0000189 seconds
[2019-12-08T09:57:16.992+0000][1][safepoint    ] Application time: 1.0000771 seconds
[2019-12-08T09:57:16.992+0000][1][safepoint    ] Entering safepoint region: Cleanup
[2019-12-08T09:57:16.992+0000][1][safepoint    ] Leaving safepoint region
[2019-12-08T09:57:16.992+0000][1][safepoint    ] Total time for which application threads were stopped: 0.0000867 seconds, Stopping threads took: 0.0000190 seconds
[2019-12-08T09:57:17.992+0000][1][safepoint    ] Application time: 1.0000798 seconds
[2019-12-08T09:57:17.992+0000][1][safepoint    ] Entering safepoint region: Cleanup
[2019-12-08T09:57:17.992+0000][1][safepoint    ] Leaving safepoint region
[2019-12-08T09:57:17.992+0000][1][safepoint    ] Total time for which application threads were stopped: 0.0000925 seconds, Stopping threads took: 0.0000205 seconds
[2019-12-08T09:57:18.992+0000][1][safepoint    ] Application time: 1.0000800 seconds
[2019-12-08T09:57:18.992+0000][1][safepoint    ] Entering safepoint region: Cleanup
[2019-12-08T09:57:18.992+0000][1][safepoint    ] Leaving safepoint region
[2019-12-08T09:57:18.992+0000][1][safepoint    ] Total time for which application threads were stopped: 0.0001039 seconds, Stopping threads took: 0.0000281 seconds
[2019-12-08T09:57:19.992+0000][1][safepoint    ] Application time: 1.0000829 seconds
[2019-12-08T09:57:19.992+0000][1][safepoint    ] Entering safepoint region: Cleanup
[2019-12-08T09:57:19.992+0000][1][safepoint    ] Leaving safepoint region
[2019-12-08T09:57:19.992+0000][1][safepoint    ] Total time for which application threads were stopped: 0.0001029 seconds, Stopping threads took: 0.0000212 seconds
[2019-12-08T09:57:20.992+0000][1][safepoint    ] Application time: 1.0000836 seconds
[2019-12-08T09:57:20.992+0000][1][safepoint    ] Entering safepoint region: Cleanup
[2019-12-08T09:57:20.993+0000][1][safepoint    ] Leaving safepoint region
[2019-12-08T09:57:20.993+0000][1][safepoint    ] Total time for which application threads were stopped: 0.0000953 seconds, Stopping threads took: 0.0000212 seconds
[2019-12-08T09:57:21.993+0000][1][safepoint    ] Application time: 1.0000801 seconds
[2019-12-08T09:57:21.993+0000][1][safepoint    ] Entering safepoint region: Cleanup
[2019-12-08T09:57:21.993+0000][1][safepoint    ] Leaving safepoint region
[2019-12-08T09:57:21.993+0000][1][safepoint    ] Total time for which application threads were stopped: 0.0001044 seconds, Stopping threads took: 0.0000277 seconds
[2019-12-08T09:57:22.993+0000][1][safepoint    ] Application time: 1.0000777 seconds
[2019-12-08T09:57:22.993+0000][1][safepoint    ] Entering safepoint region: Cleanup
[2019-12-08T09:57:22.993+0000][1][safepoint    ] Leaving safepoint region
[2019-12-08T09:57:22.993+0000][1][safepoint    ] Total time for which application threads were stopped: 0.0000871 seconds, Stopping threads took: 0.0000187 seconds
[2019-12-08T09:57:23.993+0000][1][safepoint    ] Application time: 1.0000778 seconds
[2019-12-08T09:57:23.993+0000][1][safepoint    ] Entering safepoint region: Cleanup
[2019-12-08T09:57:23.993+0000][1][safepoint    ] Leaving safepoint region
[2019-12-08T09:57:23.993+0000][1][safepoint    ] Total time for which application threads were stopped: 0.0000898 seconds, Stopping threads took: 0.0000194 seconds
[2019-12-08T09:57:24.993+0000][1][safepoint    ] Application time: 1.0000757 seconds
[2019-12-08T09:57:24.993+0000][1][safepoint    ] Entering safepoint region: Cleanup
[2019-12-08T09:57:24.993+0000][1][safepoint    ] Leaving safepoint region
[2019-12-08T09:57:24.993+0000][1][safepoint    ] Total time for which application threads were stopped: 0.0000863 seconds, Stopping threads took: 0.0000185 seconds
[2019-12-08T09:57:25.993+0000][1][safepoint    ] Application time: 1.0000768 seconds
[2019-12-08T09:57:25.994+0000][1][safepoint    ] Entering safepoint region: Cleanup
[2019-12-08T09:57:25.994+0000][1][safepoint    ] Leaving safepoint region
[2019-12-08T09:57:25.994+0000][1][safepoint    ] Total time for which application threads were stopped: 0.0000950 seconds, Stopping threads took: 0.0000271 seconds
[2019-12-08T09:57:26.994+0000][1][safepoint    ] Application time: 1.0000750 seconds
[2019-12-08T09:57:26.994+0000][1][safepoint    ] Entering safepoint region: Cleanup
[2019-12-08T09:57:26.994+0000][1][safepoint    ] Leaving safepoint region
[2019-12-08T09:57:26.994+0000][1][safepoint    ] Total time for which application threads were stopped: 0.0000858 seconds, Stopping threads took: 0.0000187 seconds
[2019-12-08T09:57:27.994+0000][1][safepoint    ] Application time: 1.0000772 seconds
[2019-12-08T09:57:27.994+0000][1][safepoint    ] Entering safepoint region: Cleanup
[2019-12-08T09:57:27.994+0000][1][safepoint    ] Leaving safepoint region
[2019-12-08T09:57:27.994+0000][1][safepoint    ] Total time for which application threads were stopped: 0.0000881 seconds, Stopping threads took: 0.0000193 seconds
[2019-12-08T09:57:28.994+0000][1][safepoint    ] Application time: 1.0000754 seconds
[2019-12-08T09:57:28.994+0000][1][safepoint    ] Entering safepoint region: Cleanup
[2019-12-08T09:57:28.994+0000][1][safepoint    ] Leaving safepoint region
[2019-12-08T09:57:28.994+0000][1][safepoint    ] Total time for which application threads were stopped: 0.0000905 seconds, Stopping threads took: 0.0000209 seconds
[2019-12-08T09:57:29.994+0000][1][safepoint    ] Application time: 1.0000744 seconds
[2019-12-08T09:57:29.994+0000][1][safepoint    ] Entering safepoint region: Cleanup
[2019-12-08T09:57:29.994+0000][1][safepoint    ] Leaving safepoint region
[2019-12-08T09:57:29.994+0000][1][safepoint    ] Total time for which application threads were stopped: 0.0000892 seconds, Stopping threads took: 0.0000216 seconds
[2019-12-08T09:57:30.995+0000][1][safepoint    ] Application time: 1.0000765 seconds
[2019-12-08T09:57:30.995+0000][1][safepoint    ] Entering safepoint region: Cleanup
[2019-12-08T09:57:30.995+0000][1][safepoint    ] Leaving safepoint region
[2019-12-08T09:57:30.995+0000][1][safepoint    ] Total time for which application threads were stopped: 0.0000860 seconds, Stopping threads took: 0.0000176 seconds
[2019-12-08T09:57:31.995+0000][1][safepoint    ] Application time: 1.0000755 seconds
[2019-12-08T09:57:31.995+0000][1][safepoint    ] Entering safepoint region: Cleanup
[2019-12-08T09:57:31.995+0000][1][safepoint    ] Leaving safepoint region
[2019-12-08T09:57:31.995+0000][1][safepoint    ] Total time for which application threads were stopped: 0.0000831 seconds, Stopping threads took: 0.0000179 seconds
[2019-12-08T09:57:32.995+0000][1][safepoint    ] Application time: 1.0000769 seconds
[2019-12-08T09:57:32.995+0000][1][safepoint    ] Entering safepoint region: Cleanup
[2019-12-08T09:57:32.995+0000][1][safepoint    ] Leaving safepoint region
[2019-12-08T09:57:32.995+0000][1][safepoint    ] Total time for which application threads were stopped: 0.0000891 seconds, Stopping threads took: 0.0000199 seconds
[2019-12-08T09:57:33.995+0000][1][safepoint    ] Application time: 1.0000738 seconds
[2019-12-08T09:57:33.995+0000][1][safepoint    ] Entering safepoint region: Cleanup
[2019-12-08T09:57:33.995+0000][1][safepoint    ] Leaving safepoint region
[2019-12-08T09:57:33.995+0000][1][safepoint    ] Total time for which application threads were stopped: 0.0000969 seconds, Stopping threads took: 0.0000266 seconds
[2019-12-08T09:57:34.995+0000][1][safepoint    ] Application time: 1.0000764 seconds
[2019-12-08T09:57:34.995+0000][1][safepoint    ] Entering safepoint region: Cleanup
[2019-12-08T09:57:34.995+0000][1][safepoint    ] Leaving safepoint region
[2019-12-08T09:57:34.995+0000][1][safepoint    ] Total time for which application threads were stopped: 0.0000908 seconds, Stopping threads took: 0.0000218 seconds
[2019-12-08T09:57:35.996+0000][1][safepoint    ] Application time: 1.0000774 seconds
[2019-12-08T09:57:35.996+0000][1][safepoint    ] Entering safepoint region: Cleanup
[2019-12-08T09:57:35.996+0000][1][safepoint    ] Leaving safepoint region
[2019-12-08T09:57:35.996+0000][1][safepoint    ] Total time for which application threads were stopped: 0.0000975 seconds, Stopping threads took: 0.0000196 seconds
[2019-12-08T09:57:36.996+0000][1][safepoint    ] Application time: 1.0000749 seconds
[2019-12-08T09:57:36.996+0000][1][safepoint    ] Entering safepoint region: Cleanup
[2019-12-08T09:57:36.996+0000][1][safepoint    ] Leaving safepoint region
[2019-12-08T09:57:36.996+0000][1][safepoint    ] Total time for which application threads were stopped: 0.0000947 seconds, Stopping threads took: 0.0000178 seconds
[2019-12-08T09:57:37.996+0000][1][safepoint    ] Application time: 1.0000776 seconds
[2019-12-08T09:57:37.996+0000][1][safepoint    ] Entering safepoint region: Cleanup
[2019-12-08T09:57:37.996+0000][1][safepoint    ] Leaving safepoint region
[2019-12-08T09:57:37.996+0000][1][safepoint    ] Total time for which application threads were stopped: 0.0000926 seconds, Stopping threads took: 0.0000176 seconds
[2019-12-08T09:57:38.996+0000][1][safepoint    ] Application time: 1.0000754 seconds
[2019-12-08T09:57:38.996+0000][1][safepoint    ] Entering safepoint region: Cleanup
[2019-12-08T09:57:38.996+0000][1][safepoint    ] Leaving safepoint region
[2019-12-08T09:57:38.996+0000][1][safepoint    ] Total time for which application threads were stopped: 0.0000876 seconds, Stopping threads took: 0.0000188 seconds
[2019-12-08T09:57:39.996+0000][1][safepoint    ] Application time: 1.0000741 seconds
[2019-12-08T09:57:39.996+0000][1][safepoint    ] Entering safepoint region: Cleanup
[2019-12-08T09:57:39.997+0000][1][safepoint    ] Leaving safepoint region
[2019-12-08T09:57:39.997+0000][1][safepoint    ] Total time for which application threads were stopped: 0.0000873 seconds, Stopping threads took: 0.0000184 seconds
[2019-12-08T09:57:40.997+0000][1][safepoint    ] Application time: 1.0000792 seconds
[2019-12-08T09:57:40.997+0000][1][safepoint    ] Entering safepoint region: Cleanup
[2019-12-08T09:57:40.997+0000][1][safepoint    ] Leaving safepoint region
[2019-12-08T09:57:40.997+0000][1][safepoint    ] Total time for which application threads were stopped: 0.0001068 seconds, Stopping threads took: 0.0000316 seconds
[2019-12-08T09:57:41.997+0000][1][safepoint    ] Application time: 1.0000811 seconds
[2019-12-08T09:57:41.997+0000][1][safepoint    ] Entering safepoint region: Cleanup
[2019-12-08T09:57:41.997+0000][1][safepoint    ] Leaving safepoint region
[2019-12-08T09:57:41.997+0000][1][safepoint    ] Total time for which application threads were stopped: 0.0000890 seconds, Stopping threads took: 0.0000196 seconds
[2019-12-08T09:57:42.997+0000][1][safepoint    ] Application time: 1.0000796 seconds
[2019-12-08T09:57:42.997+0000][1][safepoint    ] Entering safepoint region: Cleanup
[2019-12-08T09:57:42.997+0000][1][safepoint    ] Leaving safepoint region
[2019-12-08T09:57:42.997+0000][1][safepoint    ] Total time for which application threads were stopped: 0.0000941 seconds, Stopping threads took: 0.0000234 seconds
[2019-12-08T09:57:43.997+0000][1][safepoint    ] Application time: 1.0000763 seconds
[2019-12-08T09:57:43.997+0000][1][safepoint    ] Entering safepoint region: Cleanup
[2019-12-08T09:57:43.997+0000][1][safepoint    ] Leaving safepoint region
[2019-12-08T09:57:43.997+0000][1][safepoint    ] Total time for which application threads were stopped: 0.0000880 seconds, Stopping threads took: 0.0000187 seconds
[2019-12-08T09:57:44.997+0000][1][safepoint    ] Application time: 1.0000746 seconds
[2019-12-08T09:57:44.998+0000][1][safepoint    ] Entering safepoint region: Cleanup
[2019-12-08T09:57:44.998+0000][1][safepoint    ] Leaving safepoint region
[2019-12-08T09:57:44.998+0000][1][safepoint    ] Total time for which application threads were stopped: 0.0000925 seconds, Stopping threads took: 0.0000188 seconds
[2019-12-08T09:57:45.998+0000][1][safepoint    ] Application time: 1.0000804 seconds
[2019-12-08T09:57:45.998+0000][1][safepoint    ] Entering safepoint region: Cleanup
[2019-12-08T09:57:45.998+0000][1][safepoint    ] Leaving safepoint region
[2019-12-08T09:57:45.998+0000][1][safepoint    ] Total time for which application threads were stopped: 0.0000872 seconds, Stopping threads took: 0.0000193 seconds
[2019-12-08T09:57:46.998+0000][1][safepoint    ] Application time: 1.0000745 seconds
[2019-12-08T09:57:46.998+0000][1][safepoint    ] Entering safepoint region: Cleanup
[2019-12-08T09:57:46.998+0000][1][safepoint    ] Leaving safepoint region
[2019-12-08T09:57:46.998+0000][1][safepoint    ] Total time for which application threads were stopped: 0.0000894 seconds, Stopping threads took: 0.0000208 seconds
[2019-12-08T09:57:47.998+0000][1][safepoint    ] Application time: 1.0000764 seconds
[2019-12-08T09:57:47.998+0000][1][safepoint    ] Entering safepoint region: Cleanup
[2019-12-08T09:57:47.998+0000][1][safepoint    ] Leaving safepoint region
[2019-12-08T09:57:47.998+0000][1][safepoint    ] Total time for which application threads were stopped: 0.0000879 seconds, Stopping threads took: 0.0000192 seconds
[2019-12-08T09:57:48.998+0000][1][safepoint    ] Application time: 1.0000735 seconds
[2019-12-08T09:57:48.998+0000][1][safepoint    ] Entering safepoint region: Cleanup
[2019-12-08T09:57:48.998+0000][1][safepoint    ] Leaving safepoint region
[2019-12-08T09:57:48.998+0000][1][safepoint    ] Total time for which application threads were stopped: 0.0000851 seconds, Stopping threads took: 0.0000182 seconds
[2019-12-08T09:57:49.999+0000][1][safepoint    ] Application time: 1.0000737 seconds
[2019-12-08T09:57:49.999+0000][1][safepoint    ] Entering safepoint region: Cleanup
[2019-12-08T09:57:49.999+0000][1][safepoint    ] Leaving safepoint region
[2019-12-08T09:57:49.999+0000][1][safepoint    ] Total time for which application threads were stopped: 0.0000868 seconds, Stopping threads took: 0.0000185 seconds
[2019-12-08T09:57:50.999+0000][1][safepoint    ] Application time: 1.0000759 seconds
[2019-12-08T09:57:50.999+0000][1][safepoint    ] Entering safepoint region: Cleanup
[2019-12-08T09:57:50.999+0000][1][safepoint    ] Leaving safepoint region
[2019-12-08T09:57:50.999+0000][1][safepoint    ] Total time for which application threads were stopped: 0.0000877 seconds, Stopping threads took: 0.0000189 seconds
[2019-12-08T09:57:51.999+0000][1][safepoint    ] Application time: 1.0000764 seconds
[2019-12-08T09:57:51.999+0000][1][safepoint    ] Entering safepoint region: Cleanup
[2019-12-08T09:57:51.999+0000][1][safepoint    ] Leaving safepoint region
[2019-12-08T09:57:51.999+0000][1][safepoint    ] Total time for which application threads were stopped: 0.0000892 seconds, Stopping threads took: 0.0000195 seconds
[2019-12-08T09:57:52.999+0000][1][safepoint    ] Application time: 1.0000748 seconds
[2019-12-08T09:57:52.999+0000][1][safepoint    ] Entering safepoint region: Cleanup
[2019-12-08T09:57:52.999+0000][1][safepoint    ] Leaving safepoint region
[2019-12-08T09:57:52.999+0000][1][safepoint    ] Total time for which application threads were stopped: 0.0000889 seconds, Stopping threads took: 0.0000205 seconds
[2019-12-08T09:57:53.999+0000][1][safepoint    ] Application time: 1.0000784 seconds
[2019-12-08T09:57:53.999+0000][1][safepoint    ] Entering safepoint region: Cleanup
[2019-12-08T09:57:53.999+0000][1][safepoint    ] Leaving safepoint region
[2019-12-08T09:57:53.999+0000][1][safepoint    ] Total time for which application threads were stopped: 0.0000892 seconds, Stopping threads took: 0.0000203 seconds
[2019-12-08T09:57:55.000+0000][1][safepoint    ] Application time: 1.0000803 seconds
[2019-12-08T09:57:55.000+0000][1][safepoint    ] Entering safepoint region: Cleanup
[2019-12-08T09:57:55.000+0000][1][safepoint    ] Leaving safepoint region
[2019-12-08T09:57:55.000+0000][1][safepoint    ] Total time for which application threads were stopped: 0.0001001 seconds, Stopping threads took: 0.0000183 seconds
[2019-12-08T09:57:56.000+0000][1][safepoint    ] Application time: 1.0000770 seconds
[2019-12-08T09:57:56.000+0000][1][safepoint    ] Entering safepoint region: Cleanup
[2019-12-08T09:57:56.000+0000][1][safepoint    ] Leaving safepoint region
[2019-12-08T09:57:56.000+0000][1][safepoint    ] Total time for which application threads were stopped: 0.0001136 seconds, Stopping threads took: 0.0000197 seconds
[2019-12-08T09:57:57.000+0000][1][safepoint    ] Application time: 1.0000805 seconds
[2019-12-08T09:57:57.000+0000][1][safepoint    ] Entering safepoint region: Cleanup
[2019-12-08T09:57:57.000+0000][1][safepoint    ] Leaving safepoint region
[2019-12-08T09:57:57.000+0000][1][safepoint    ] Total time for which application threads were stopped: 0.0000935 seconds, Stopping threads took: 0.0000203 seconds
[2019-12-08T09:57:58.000+0000][1][safepoint    ] Application time: 1.0000790 seconds
[2019-12-08T09:57:58.000+0000][1][safepoint    ] Entering safepoint region: Cleanup
[2019-12-08T09:57:58.000+0000][1][safepoint    ] Leaving safepoint region
[2019-12-08T09:57:58.000+0000][1][safepoint    ] Total time for which application threads were stopped: 0.0000927 seconds, Stopping threads took: 0.0000203 seconds
[2019-12-08T09:57:59.000+0000][1][safepoint    ] Application time: 1.0000767 seconds
[2019-12-08T09:57:59.000+0000][1][safepoint    ] Entering safepoint region: Cleanup
[2019-12-08T09:57:59.001+0000][1][safepoint    ] Leaving safepoint region
[2019-12-08T09:57:59.001+0000][1][safepoint    ] Total time for which application threads were stopped: 0.0001001 seconds, Stopping threads took: 0.0000196 seconds
[2019-12-08T09:58:00.001+0000][1][safepoint    ] Application time: 1.0000791 seconds
[2019-12-08T09:58:00.001+0000][1][safepoint    ] Entering safepoint region: Cleanup
[2019-12-08T09:58:00.001+0000][1][safepoint    ] Leaving safepoint region
[2019-12-08T09:58:00.001+0000][1][safepoint    ] Total time for which application threads were stopped: 0.0000894 seconds, Stopping threads took: 0.0000205 seconds
[2019-12-08T09:58:01.001+0000][1][safepoint    ] Application time: 1.0000786 seconds
[2019-12-08T09:58:01.001+0000][1][safepoint    ] Entering safepoint region: Cleanup
[2019-12-08T09:58:01.001+0000][1][safepoint    ] Leaving safepoint region
[2019-12-08T09:58:01.001+0000][1][safepoint    ] Total time for which application threads were stopped: 0.0000943 seconds, Stopping threads took: 0.0000192 seconds
[2019-12-08T09:58:02.001+0000][1][safepoint    ] Application time: 1.0000799 seconds
[2019-12-08T09:58:02.001+0000][1][safepoint    ] Entering safepoint region: Cleanup
[2019-12-08T09:58:02.001+0000][1][safepoint    ] Leaving safepoint region
[2019-12-08T09:58:02.001+0000][1][safepoint    ] Total time for which application threads were stopped: 0.0000916 seconds, Stopping threads took: 0.0000199 seconds
[2019-12-08T09:58:03.001+0000][1][safepoint    ] Application time: 1.0000794 seconds
[2019-12-08T09:58:03.001+0000][1][safepoint    ] Entering safepoint region: Cleanup
[2019-12-08T09:58:03.001+0000][1][safepoint    ] Leaving safepoint region
[2019-12-08T09:58:03.001+0000][1][safepoint    ] Total time for which application threads were stopped: 0.0000894 seconds, Stopping threads took: 0.0000201 seconds
[2019-12-08T09:58:04.002+0000][1][safepoint    ] Application time: 1.0000786 seconds
[2019-12-08T09:58:04.002+0000][1][safepoint    ] Entering safepoint region: Cleanup
[2019-12-08T09:58:04.002+0000][1][safepoint    ] Leaving safepoint region
[2019-12-08T09:58:04.002+0000][1][safepoint    ] Total time for which application threads were stopped: 0.0000886 seconds, Stopping threads took: 0.0000207 seconds
[2019-12-08T09:58:05.002+0000][1][safepoint    ] Application time: 1.0000778 seconds
[2019-12-08T09:58:05.002+0000][1][safepoint    ] Entering safepoint region: Cleanup
[2019-12-08T09:58:05.002+0000][1][safepoint    ] Leaving safepoint region
[2019-12-08T09:58:05.002+0000][1][safepoint    ] Total time for which application threads were stopped: 0.0000878 seconds, Stopping threads took: 0.0000206 seconds
[2019-12-08T09:58:06.002+0000][1][safepoint    ] Application time: 1.0000774 seconds
[2019-12-08T09:58:06.002+0000][1][safepoint    ] Entering safepoint region: Cleanup
[2019-12-08T09:58:06.002+0000][1][safepoint    ] Leaving safepoint region
[2019-12-08T09:58:06.002+0000][1][safepoint    ] Total time for which application threads were stopped: 0.0000884 seconds, Stopping threads took: 0.0000191 seconds
[2019-12-08T09:58:07.002+0000][1][safepoint    ] Application time: 1.0000763 seconds
[2019-12-08T09:58:07.002+0000][1][safepoint    ] Entering safepoint region: Cleanup
[2019-12-08T09:58:07.002+0000][1][safepoint    ] Leaving safepoint region
[2019-12-08T09:58:07.002+0000][1][safepoint    ] Total time for which application threads were stopped: 0.0000875 seconds, Stopping threads took: 0.0000180 seconds
[2019-12-08T09:58:08.002+0000][1][safepoint    ] Application time: 1.0000767 seconds
[2019-12-08T09:58:08.002+0000][1][safepoint    ] Entering safepoint region: Cleanup
[2019-12-08T09:58:08.003+0000][1][safepoint    ] Leaving safepoint region
[2019-12-08T09:58:08.003+0000][1][safepoint    ] Total time for which application threads were stopped: 0.0000889 seconds, Stopping threads took: 0.0000190 seconds
[2019-12-08T09:58:09.003+0000][1][safepoint    ] Application time: 1.0000788 seconds
[2019-12-08T09:58:09.003+0000][1][safepoint    ] Entering safepoint region: Cleanup
[2019-12-08T09:58:09.003+0000][1][safepoint    ] Leaving safepoint region
[2019-12-08T09:58:09.003+0000][1][safepoint    ] Total time for which application threads were stopped: 0.0001011 seconds, Stopping threads took: 0.0000197 seconds
[2019-12-08T09:58:10.003+0000][1][safepoint    ] Application time: 1.0000762 seconds
[2019-12-08T09:58:10.003+0000][1][safepoint    ] Entering safepoint region: Cleanup
[2019-12-08T09:58:10.003+0000][1][safepoint    ] Leaving safepoint region
[2019-12-08T09:58:10.003+0000][1][safepoint    ] Total time for which application threads were stopped: 0.0000870 seconds, Stopping threads took: 0.0000200 seconds
[2019-12-08T09:58:11.003+0000][1][safepoint    ] Application time: 1.0000773 seconds
[2019-12-08T09:58:11.003+0000][1][safepoint    ] Entering safepoint region: Cleanup
[2019-12-08T09:58:11.003+0000][1][safepoint    ] Leaving safepoint region
[2019-12-08T09:58:11.003+0000][1][safepoint    ] Total time for which application threads were stopped: 0.0000893 seconds, Stopping threads took: 0.0000200 seconds
[2019-12-08T09:58:12.003+0000][1][safepoint    ] Application time: 1.0000783 seconds
[2019-12-08T09:58:12.003+0000][1][safepoint    ] Entering safepoint region: Cleanup
[2019-12-08T09:58:12.003+0000][1][safepoint    ] Leaving safepoint region
[2019-12-08T09:58:12.003+0000][1][safepoint    ] Total time for which application threads were stopped: 0.0000925 seconds, Stopping threads took: 0.0000199 seconds
[2019-12-08T09:58:13.003+0000][1][safepoint    ] Application time: 1.0000849 seconds
[2019-12-08T09:58:13.003+0000][1][safepoint    ] Entering safepoint region: Cleanup
[2019-12-08T09:58:13.004+0000][1][safepoint    ] Leaving safepoint region
[2019-12-08T09:58:13.004+0000][1][safepoint    ] Total time for which application threads were stopped: 0.0000877 seconds, Stopping threads took: 0.0000194 seconds
[2019-12-08T09:58:14.004+0000][1][safepoint    ] Application time: 1.0000781 seconds
[2019-12-08T09:58:14.004+0000][1][safepoint    ] Entering safepoint region: Cleanup
[2019-12-08T09:58:14.004+0000][1][safepoint    ] Leaving safepoint region
[2019-12-08T09:58:14.004+0000][1][safepoint    ] Total time for which application threads were stopped: 0.0000881 seconds, Stopping threads took: 0.0000204 seconds
[2019-12-08T09:58:15.004+0000][1][safepoint    ] Application time: 1.0000785 seconds
[2019-12-08T09:58:15.004+0000][1][safepoint    ] Entering safepoint region: Cleanup
[2019-12-08T09:58:15.004+0000][1][safepoint    ] Leaving safepoint region
[2019-12-08T09:58:15.004+0000][1][safepoint    ] Total time for which application threads were stopped: 0.0000905 seconds, Stopping threads took: 0.0000197 seconds
[2019-12-08T09:58:16.004+0000][1][safepoint    ] Application time: 1.0000768 seconds
[2019-12-08T09:58:16.004+0000][1][safepoint    ] Entering safepoint region: Cleanup
[2019-12-08T09:58:16.004+0000][1][safepoint    ] Leaving safepoint region
[2019-12-08T09:58:16.004+0000][1][safepoint    ] Total time for which application threads were stopped: 0.0000897 seconds, Stopping threads took: 0.0000200 seconds
[2019-12-08T09:58:17.004+0000][1][safepoint    ] Application time: 1.0000764 seconds
[2019-12-08T09:58:17.004+0000][1][safepoint    ] Entering safepoint region: Cleanup
[2019-12-08T09:58:17.004+0000][1][safepoint    ] Leaving safepoint region
[2019-12-08T09:58:17.004+0000][1][safepoint    ] Total time for which application threads were stopped: 0.0000894 seconds, Stopping threads took: 0.0000197 seconds
[2019-12-08T09:58:18.005+0000][1][safepoint    ] Application time: 1.0000770 seconds
[2019-12-08T09:58:18.005+0000][1][safepoint    ] Entering safepoint region: Cleanup
[2019-12-08T09:58:18.005+0000][1][safepoint    ] Leaving safepoint region
[2019-12-08T09:58:18.005+0000][1][safepoint    ] Total time for which application threads were stopped: 0.0000874 seconds, Stopping threads took: 0.0000196 seconds
[2019-12-08T09:58:19.005+0000][1][safepoint    ] Application time: 1.0000782 seconds
[2019-12-08T09:58:19.005+0000][1][safepoint    ] Entering safepoint region: Cleanup
[2019-12-08T09:58:19.005+0000][1][safepoint    ] Leaving safepoint region
[2019-12-08T09:58:19.005+0000][1][safepoint    ] Total time for which application threads were stopped: 0.0000917 seconds, Stopping threads took: 0.0000192 seconds
[2019-12-08T09:58:20.005+0000][1][safepoint    ] Application time: 1.0000767 seconds
[2019-12-08T09:58:20.005+0000][1][safepoint    ] Entering safepoint region: Cleanup
[2019-12-08T09:58:20.005+0000][1][safepoint    ] Leaving safepoint region
[2019-12-08T09:58:20.005+0000][1][safepoint    ] Total time for which application threads were stopped: 0.0000959 seconds, Stopping threads took: 0.0000208 seconds
[2019-12-08T09:58:21.005+0000][1][safepoint    ] Application time: 1.0000745 seconds
[2019-12-08T09:58:21.005+0000][1][safepoint    ] Entering safepoint region: Cleanup
[2019-12-08T09:58:21.005+0000][1][safepoint    ] Leaving safepoint region
[2019-12-08T09:58:21.005+0000][1][safepoint    ] Total time for which application threads were stopped: 0.0000861 seconds, Stopping threads took: 0.0000189 seconds
[2019-12-08T09:58:22.005+0000][1][safepoint    ] Application time: 1.0000742 seconds
[2019-12-08T09:58:22.005+0000][1][safepoint    ] Entering safepoint region: Cleanup
[2019-12-08T09:58:22.005+0000][1][safepoint    ] Leaving safepoint region
[2019-12-08T09:58:22.005+0000][1][safepoint    ] Total time for which application threads were stopped: 0.0000936 seconds, Stopping threads took: 0.0000198 seconds
[2019-12-08T09:58:23.006+0000][1][safepoint    ] Application time: 1.0000759 seconds
[2019-12-08T09:58:23.006+0000][1][safepoint    ] Entering safepoint region: Cleanup
[2019-12-08T09:58:23.006+0000][1][safepoint    ] Leaving safepoint region
[2019-12-08T09:58:23.006+0000][1][safepoint    ] Total time for which application threads were stopped: 0.0000874 seconds, Stopping threads took: 0.0000194 seconds
[2019-12-08T09:58:24.006+0000][1][safepoint    ] Application time: 1.0000488 seconds
[2019-12-08T09:58:24.006+0000][1][safepoint    ] Entering safepoint region: Cleanup
[2019-12-08T09:58:24.006+0000][1][safepoint    ] Leaving safepoint region
[2019-12-08T09:58:24.006+0000][1][safepoint    ] Total time for which application threads were stopped: 0.0000853 seconds, Stopping threads took: 0.0000186 seconds
[2019-12-08T09:58:25.006+0000][1][safepoint    ] Application time: 1.0000764 seconds
[2019-12-08T09:58:25.006+0000][1][safepoint    ] Entering safepoint region: Cleanup
[2019-12-08T09:58:25.006+0000][1][safepoint    ] Leaving safepoint region
[2019-12-08T09:58:25.006+0000][1][safepoint    ] Total time for which application threads were stopped: 0.0000969 seconds, Stopping threads took: 0.0000207 seconds
[2019-12-08T09:58:25.338+0000][1][safepoint    ] Application time: 0.3315436 seconds
[2019-12-08T09:58:25.338+0000][1][safepoint    ] Entering safepoint region: GenCollectForAllocation
[2019-12-08T09:58:25.338+0000][1][gc,start     ] GC(27) Pause Young (Allocation Failure)
[2019-12-08T09:58:25.338+0000][1][gc,task      ] GC(27) Using 4 workers of 4 for evacuation
[2019-12-08T09:58:25.341+0000][1][gc,age       ] GC(27) Desired survivor size 4456448 bytes, new threshold 6 (max threshold 6)
[2019-12-08T09:58:25.341+0000][1][gc,age       ] GC(27) Age table with threshold 6 (max threshold 6)
[2019-12-08T09:58:25.341+0000][1][gc,age       ] GC(27) - age   1:       9520 bytes,       9520 total
[2019-12-08T09:58:25.341+0000][1][gc,age       ] GC(27) - age   2:     264136 bytes,     273656 total
[2019-12-08T09:58:25.341+0000][1][gc,age       ] GC(27) - age   3:     184288 bytes,     457944 total
[2019-12-08T09:58:25.341+0000][1][gc,age       ] GC(27) - age   4:    2323776 bytes,    2781720 total
[2019-12-08T09:58:25.341+0000][1][gc,heap      ] GC(27) ParNew: 73458K->3934K(78656K)
[2019-12-08T09:58:25.341+0000][1][gc,heap      ] GC(27) CMS: 67963K->67963K(174784K)
[2019-12-08T09:58:25.341+0000][1][gc,metaspace ] GC(27) Metaspace: 72444K->72444K(1116160K)
[2019-12-08T09:58:25.341+0000][1][gc           ] GC(27) Pause Young (Allocation Failure) 138M->70M(247M) 3.645ms
[2019-12-08T09:58:25.341+0000][1][gc,cpu       ] GC(27) User=0.02s Sys=0.00s Real=0.01s
[2019-12-08T09:58:25.341+0000][1][safepoint    ] Leaving safepoint region
[2019-12-08T09:58:25.341+0000][1][safepoint    ] Total time for which application threads were stopped: 0.0038477 seconds, Stopping threads took: 0.0000437 seconds
[2019-12-08T09:58:26.342+0000][1][safepoint    ] Application time: 1.0000948 seconds
[2019-12-08T09:58:26.342+0000][1][safepoint    ] Entering safepoint region: Cleanup
[2019-12-08T09:58:26.342+0000][1][safepoint    ] Leaving safepoint region
[2019-12-08T09:58:26.342+0000][1][safepoint    ] Total time for which application threads were stopped: 0.0000988 seconds, Stopping threads took: 0.0000239 seconds
[2019-12-08T09:58:27.342+0000][1][safepoint    ] Application time: 1.0000756 seconds
[2019-12-08T09:58:27.342+0000][1][safepoint    ] Entering safepoint region: Cleanup
[2019-12-08T09:58:27.342+0000][1][safepoint    ] Leaving safepoint region
[2019-12-08T09:58:27.342+0000][1][safepoint    ] Total time for which application threads were stopped: 0.0000890 seconds, Stopping threads took: 0.0000178 seconds
[2019-12-08T09:58:28.342+0000][1][safepoint    ] Application time: 1.0000773 seconds
[2019-12-08T09:58:28.342+0000][1][safepoint    ] Entering safepoint region: Cleanup
[2019-12-08T09:58:28.342+0000][1][safepoint    ] Leaving safepoint region
[2019-12-08T09:58:28.342+0000][1][safepoint    ] Total time for which application threads were stopped: 0.0000868 seconds, Stopping threads took: 0.0000186 seconds
[2019-12-08T09:58:29.342+0000][1][safepoint    ] Application time: 1.0000794 seconds
[2019-12-08T09:58:29.342+0000][1][safepoint    ] Entering safepoint region: Cleanup
[2019-12-08T09:58:29.342+0000][1][safepoint    ] Leaving safepoint region
[2019-12-08T09:58:29.342+0000][1][safepoint    ] Total time for which application threads were stopped: 0.0000824 seconds, Stopping threads took: 0.0000171 seconds
[2019-12-08T09:58:30.342+0000][1][safepoint    ] Application time: 1.0000858 seconds
[2019-12-08T09:58:30.342+0000][1][safepoint    ] Entering safepoint region: Cleanup
[2019-12-08T09:58:30.343+0000][1][safepoint    ] Leaving safepoint region
[2019-12-08T09:58:30.343+0000][1][safepoint    ] Total time for which application threads were stopped: 0.0001254 seconds, Stopping threads took: 0.0000508 seconds
[2019-12-08T09:58:31.343+0000][1][safepoint    ] Application time: 1.0000901 seconds
[2019-12-08T09:58:31.343+0000][1][safepoint    ] Entering safepoint region: Cleanup
[2019-12-08T09:58:31.343+0000][1][safepoint    ] Leaving safepoint region
[2019-12-08T09:58:31.343+0000][1][safepoint    ] Total time for which application threads were stopped: 0.0001133 seconds, Stopping threads took: 0.0000263 seconds
[2019-12-08T09:58:32.343+0000][1][safepoint    ] Application time: 1.0000837 seconds
[2019-12-08T09:58:32.343+0000][1][safepoint    ] Entering safepoint region: Cleanup
[2019-12-08T09:58:32.343+0000][1][safepoint    ] Leaving safepoint region
[2019-12-08T09:58:32.343+0000][1][safepoint    ] Total time for which application threads were stopped: 0.0000925 seconds, Stopping threads took: 0.0000203 seconds
[2019-12-08T09:58:33.343+0000][1][safepoint    ] Application time: 1.0000806 seconds
[2019-12-08T09:58:33.343+0000][1][safepoint    ] Entering safepoint region: Cleanup
[2019-12-08T09:58:33.343+0000][1][safepoint    ] Leaving safepoint region
[2019-12-08T09:58:33.343+0000][1][safepoint    ] Total time for which application threads were stopped: 0.0000928 seconds, Stopping threads took: 0.0000220 seconds
[2019-12-08T09:58:34.343+0000][1][safepoint    ] Application time: 1.0000830 seconds
[2019-12-08T09:58:34.343+0000][1][safepoint    ] Entering safepoint region: Cleanup
[2019-12-08T09:58:34.344+0000][1][safepoint    ] Leaving safepoint region
[2019-12-08T09:58:34.344+0000][1][safepoint    ] Total time for which application threads were stopped: 0.0001332 seconds, Stopping threads took: 0.0000316 seconds
[2019-12-08T09:58:35.344+0000][1][safepoint    ] Application time: 1.0000869 seconds
[2019-12-08T09:58:35.344+0000][1][safepoint    ] Entering safepoint region: Cleanup
[2019-12-08T09:58:35.344+0000][1][safepoint    ] Leaving safepoint region
[2019-12-08T09:58:35.344+0000][1][safepoint    ] Total time for which application threads were stopped: 0.0001003 seconds, Stopping threads took: 0.0000284 seconds
[2019-12-08T09:58:36.344+0000][1][safepoint    ] Application time: 1.0000786 seconds
[2019-12-08T09:58:36.344+0000][1][safepoint    ] Entering safepoint region: Cleanup
[2019-12-08T09:58:36.344+0000][1][safepoint    ] Leaving safepoint region
[2019-12-08T09:58:36.344+0000][1][safepoint    ] Total time for which application threads were stopped: 0.0000908 seconds, Stopping threads took: 0.0000209 seconds
[2019-12-08T09:58:37.344+0000][1][safepoint    ] Application time: 1.0000799 seconds
[2019-12-08T09:58:37.344+0000][1][safepoint    ] Entering safepoint region: Cleanup
[2019-12-08T09:58:37.344+0000][1][safepoint    ] Leaving safepoint region
[2019-12-08T09:58:37.344+0000][1][safepoint    ] Total time for which application threads were stopped: 0.0000917 seconds, Stopping threads took: 0.0000216 seconds
[2019-12-08T09:58:38.344+0000][1][safepoint    ] Application time: 1.0000826 seconds
[2019-12-08T09:58:38.344+0000][1][safepoint    ] Entering safepoint region: Cleanup
[2019-12-08T09:58:38.344+0000][1][safepoint    ] Leaving safepoint region
[2019-12-08T09:58:38.344+0000][1][safepoint    ] Total time for which application threads were stopped: 0.0000912 seconds, Stopping threads took: 0.0000195 seconds
[2019-12-08T09:58:39.345+0000][1][safepoint    ] Application time: 1.0000729 seconds
[2019-12-08T09:58:39.345+0000][1][safepoint    ] Entering safepoint region: Cleanup
[2019-12-08T09:58:39.345+0000][1][safepoint    ] Leaving safepoint region
[2019-12-08T09:58:39.345+0000][1][safepoint    ] Total time for which application threads were stopped: 0.0000889 seconds, Stopping threads took: 0.0000205 seconds
[2019-12-08T09:58:40.345+0000][1][safepoint    ] Application time: 1.0000860 seconds
[2019-12-08T09:58:40.345+0000][1][safepoint    ] Entering safepoint region: Cleanup
[2019-12-08T09:58:40.345+0000][1][safepoint    ] Leaving safepoint region
[2019-12-08T09:58:40.345+0000][1][safepoint    ] Total time for which application threads were stopped: 0.0000861 seconds, Stopping threads took: 0.0000198 seconds
[2019-12-08T09:58:41.345+0000][1][safepoint    ] Application time: 1.0000802 seconds
[2019-12-08T09:58:41.345+0000][1][safepoint    ] Entering safepoint region: Cleanup
[2019-12-08T09:58:41.345+0000][1][safepoint    ] Leaving safepoint region
[2019-12-08T09:58:41.345+0000][1][safepoint    ] Total time for which application threads were stopped: 0.0000925 seconds, Stopping threads took: 0.0000200 seconds
[2019-12-08T09:58:42.345+0000][1][safepoint    ] Application time: 1.0000757 seconds
[2019-12-08T09:58:42.345+0000][1][safepoint    ] Entering safepoint region: Cleanup
[2019-12-08T09:58:42.345+0000][1][safepoint    ] Leaving safepoint region
[2019-12-08T09:58:42.345+0000][1][safepoint    ] Total time for which application threads were stopped: 0.0000860 seconds, Stopping threads took: 0.0000189 seconds
[2019-12-08T09:58:43.345+0000][1][safepoint    ] Application time: 1.0000788 seconds
[2019-12-08T09:58:43.345+0000][1][safepoint    ] Entering safepoint region: Cleanup
[2019-12-08T09:58:43.345+0000][1][safepoint    ] Leaving safepoint region
[2019-12-08T09:58:43.345+0000][1][safepoint    ] Total time for which application threads were stopped: 0.0000872 seconds, Stopping threads took: 0.0000183 seconds
[2019-12-08T09:58:44.346+0000][1][safepoint    ] Application time: 1.0000759 seconds
[2019-12-08T09:58:44.346+0000][1][safepoint    ] Entering safepoint region: Cleanup
[2019-12-08T09:58:44.346+0000][1][safepoint    ] Leaving safepoint region
[2019-12-08T09:58:44.346+0000][1][safepoint    ] Total time for which application threads were stopped: 0.0000823 seconds, Stopping threads took: 0.0000179 seconds
[2019-12-08T09:58:45.346+0000][1][safepoint    ] Application time: 1.0000739 seconds
[2019-12-08T09:58:45.346+0000][1][safepoint    ] Entering safepoint region: Cleanup
[2019-12-08T09:58:45.346+0000][1][safepoint    ] Leaving safepoint region
[2019-12-08T09:58:45.346+0000][1][safepoint    ] Total time for which application threads were stopped: 0.0000887 seconds, Stopping threads took: 0.0000205 seconds
[2019-12-08T09:58:46.346+0000][1][safepoint    ] Application time: 1.0000721 seconds
[2019-12-08T09:58:46.346+0000][1][safepoint    ] Entering safepoint region: Cleanup
[2019-12-08T09:58:46.346+0000][1][safepoint    ] Leaving safepoint region
[2019-12-08T09:58:46.346+0000][1][safepoint    ] Total time for which application threads were stopped: 0.0000815 seconds, Stopping threads took: 0.0000175 seconds
[2019-12-08T09:58:47.346+0000][1][safepoint    ] Application time: 1.0000734 seconds
[2019-12-08T09:58:47.346+0000][1][safepoint    ] Entering safepoint region: Cleanup
[2019-12-08T09:58:47.346+0000][1][safepoint    ] Leaving safepoint region
[2019-12-08T09:58:47.346+0000][1][safepoint    ] Total time for which application threads were stopped: 0.0000858 seconds, Stopping threads took: 0.0000186 seconds
[2019-12-08T09:58:48.346+0000][1][safepoint    ] Application time: 1.0000727 seconds
[2019-12-08T09:58:48.346+0000][1][safepoint    ] Entering safepoint region: Cleanup
[2019-12-08T09:58:48.346+0000][1][safepoint    ] Leaving safepoint region
[2019-12-08T09:58:48.346+0000][1][safepoint    ] Total time for which application threads were stopped: 0.0000948 seconds, Stopping threads took: 0.0000182 seconds
[2019-12-08T09:58:49.347+0000][1][safepoint    ] Application time: 1.0000717 seconds
[2019-12-08T09:58:49.347+0000][1][safepoint    ] Entering safepoint region: Cleanup
[2019-12-08T09:58:49.347+0000][1][safepoint    ] Leaving safepoint region
[2019-12-08T09:58:49.347+0000][1][safepoint    ] Total time for which application threads were stopped: 0.0001058 seconds, Stopping threads took: 0.0000190 seconds
[2019-12-08T09:58:50.347+0000][1][safepoint    ] Application time: 1.0000786 seconds
[2019-12-08T09:58:50.347+0000][1][safepoint    ] Entering safepoint region: Cleanup
[2019-12-08T09:58:50.347+0000][1][safepoint    ] Leaving safepoint region
[2019-12-08T09:58:50.347+0000][1][safepoint    ] Total time for which application threads were stopped: 0.0000840 seconds, Stopping threads took: 0.0000198 seconds
[2019-12-08T09:58:51.347+0000][1][safepoint    ] Application time: 1.0000764 seconds
[2019-12-08T09:58:51.347+0000][1][safepoint    ] Entering safepoint region: Cleanup
[2019-12-08T09:58:51.347+0000][1][safepoint    ] Leaving safepoint region
[2019-12-08T09:58:51.347+0000][1][safepoint    ] Total time for which application threads were stopped: 0.0000875 seconds, Stopping threads took: 0.0000183 seconds
[2019-12-08T09:58:52.347+0000][1][safepoint    ] Application time: 1.0000780 seconds
[2019-12-08T09:58:52.347+0000][1][safepoint    ] Entering safepoint region: Cleanup
[2019-12-08T09:58:52.347+0000][1][safepoint    ] Leaving safepoint region
[2019-12-08T09:58:52.347+0000][1][safepoint    ] Total time for which application threads were stopped: 0.0000869 seconds, Stopping threads took: 0.0000198 seconds
[2019-12-08T09:58:53.347+0000][1][safepoint    ] Application time: 1.0000853 seconds
[2019-12-08T09:58:53.347+0000][1][safepoint    ] Entering safepoint region: Cleanup
[2019-12-08T09:58:53.348+0000][1][safepoint    ] Leaving safepoint region
[2019-12-08T09:58:53.348+0000][1][safepoint    ] Total time for which application threads were stopped: 0.0000902 seconds, Stopping threads took: 0.0000212 seconds
[2019-12-08T09:58:54.348+0000][1][safepoint    ] Application time: 1.0000743 seconds
[2019-12-08T09:58:54.348+0000][1][safepoint    ] Entering safepoint region: Cleanup
[2019-12-08T09:58:54.348+0000][1][safepoint    ] Leaving safepoint region
[2019-12-08T09:58:54.348+0000][1][safepoint    ] Total time for which application threads were stopped: 0.0000982 seconds, Stopping threads took: 0.0000199 seconds
[2019-12-08T09:58:55.348+0000][1][safepoint    ] Application time: 1.0000735 seconds
[2019-12-08T09:58:55.348+0000][1][safepoint    ] Entering safepoint region: Cleanup
[2019-12-08T09:58:55.348+0000][1][safepoint    ] Leaving safepoint region
[2019-12-08T09:58:55.348+0000][1][safepoint    ] Total time for which application threads were stopped: 0.0000970 seconds, Stopping threads took: 0.0000198 seconds
[2019-12-08T09:58:56.348+0000][1][safepoint    ] Application time: 1.0000729 seconds
[2019-12-08T09:58:56.348+0000][1][safepoint    ] Entering safepoint region: Cleanup
[2019-12-08T09:58:56.348+0000][1][safepoint    ] Leaving safepoint region
[2019-12-08T09:58:56.348+0000][1][safepoint    ] Total time for which application threads were stopped: 0.0000903 seconds, Stopping threads took: 0.0000202 seconds
[2019-12-08T09:58:57.348+0000][1][safepoint    ] Application time: 1.0000771 seconds
[2019-12-08T09:58:57.348+0000][1][safepoint    ] Entering safepoint region: Cleanup
[2019-12-08T09:58:57.348+0000][1][safepoint    ] Leaving safepoint region
[2019-12-08T09:58:57.348+0000][1][safepoint    ] Total time for which application threads were stopped: 0.0000827 seconds, Stopping threads took: 0.0000179 seconds
[2019-12-08T09:58:58.348+0000][1][safepoint    ] Application time: 1.0000782 seconds
[2019-12-08T09:58:58.348+0000][1][safepoint    ] Entering safepoint region: Cleanup
[2019-12-08T09:58:58.349+0000][1][safepoint    ] Leaving safepoint region
[2019-12-08T09:58:58.349+0000][1][safepoint    ] Total time for which application threads were stopped: 0.0000888 seconds, Stopping threads took: 0.0000194 seconds
[2019-12-08T09:58:59.349+0000][1][safepoint    ] Application time: 1.0000749 seconds
[2019-12-08T09:58:59.349+0000][1][safepoint    ] Entering safepoint region: Cleanup
[2019-12-08T09:58:59.349+0000][1][safepoint    ] Leaving safepoint region
[2019-12-08T09:58:59.349+0000][1][safepoint    ] Total time for which application threads were stopped: 0.0000895 seconds, Stopping threads took: 0.0000200 seconds
[2019-12-08T09:59:00.349+0000][1][safepoint    ] Application time: 1.0000760 seconds
[2019-12-08T09:59:00.349+0000][1][safepoint    ] Entering safepoint region: Cleanup
[2019-12-08T09:59:00.349+0000][1][safepoint    ] Leaving safepoint region
[2019-12-08T09:59:00.349+0000][1][safepoint    ] Total time for which application threads were stopped: 0.0000923 seconds, Stopping threads took: 0.0000206 seconds
[2019-12-08T09:59:01.349+0000][1][safepoint    ] Application time: 1.0000753 seconds
[2019-12-08T09:59:01.349+0000][1][safepoint    ] Entering safepoint region: Cleanup
[2019-12-08T09:59:01.349+0000][1][safepoint    ] Leaving safepoint region
[2019-12-08T09:59:01.349+0000][1][safepoint    ] Total time for which application threads were stopped: 0.0000854 seconds, Stopping threads took: 0.0000209 seconds
[2019-12-08T09:59:02.349+0000][1][safepoint    ] Application time: 1.0000807 seconds
[2019-12-08T09:59:02.349+0000][1][safepoint    ] Entering safepoint region: Cleanup
[2019-12-08T09:59:02.349+0000][1][safepoint    ] Leaving safepoint region
[2019-12-08T09:59:02.349+0000][1][safepoint    ] Total time for which application threads were stopped: 0.0000963 seconds, Stopping threads took: 0.0000198 seconds
[2019-12-08T09:59:03.349+0000][1][safepoint    ] Application time: 1.0000761 seconds
[2019-12-08T09:59:03.350+0000][1][safepoint    ] Entering safepoint region: Cleanup
[2019-12-08T09:59:03.350+0000][1][safepoint    ] Leaving safepoint region
[2019-12-08T09:59:03.350+0000][1][safepoint    ] Total time for which application threads were stopped: 0.0000893 seconds, Stopping threads took: 0.0000194 seconds
[2019-12-08T09:59:04.350+0000][1][safepoint    ] Application time: 1.0000968 seconds
[2019-12-08T09:59:04.350+0000][1][safepoint    ] Entering safepoint region: Cleanup
[2019-12-08T09:59:04.350+0000][1][safepoint    ] Leaving safepoint region
[2019-12-08T09:59:04.350+0000][1][safepoint    ] Total time for which application threads were stopped: 0.0000927 seconds, Stopping threads took: 0.0000215 seconds
[2019-12-08T09:59:05.350+0000][1][safepoint    ] Application time: 1.0000962 seconds
[2019-12-08T09:59:05.350+0000][1][safepoint    ] Entering safepoint region: Cleanup
[2019-12-08T09:59:05.350+0000][1][safepoint    ] Leaving safepoint region
[2019-12-08T09:59:05.350+0000][1][safepoint    ] Total time for which application threads were stopped: 0.0000892 seconds, Stopping threads took: 0.0000194 seconds
[2019-12-08T09:59:06.350+0000][1][safepoint    ] Application time: 1.0000825 seconds
[2019-12-08T09:59:06.350+0000][1][safepoint    ] Entering safepoint region: Cleanup
[2019-12-08T09:59:06.350+0000][1][safepoint    ] Leaving safepoint region
[2019-12-08T09:59:06.350+0000][1][safepoint    ] Total time for which application threads were stopped: 0.0000911 seconds, Stopping threads took: 0.0000219 seconds
[2019-12-08T09:59:07.350+0000][1][safepoint    ] Application time: 1.0000801 seconds
[2019-12-08T09:59:07.350+0000][1][safepoint    ] Entering safepoint region: Cleanup
[2019-12-08T09:59:07.351+0000][1][safepoint    ] Leaving safepoint region
[2019-12-08T09:59:07.351+0000][1][safepoint    ] Total time for which application threads were stopped: 0.0000909 seconds, Stopping threads took: 0.0000196 seconds
[2019-12-08T09:59:08.351+0000][1][safepoint    ] Application time: 1.0000866 seconds
[2019-12-08T09:59:08.351+0000][1][safepoint    ] Entering safepoint region: Cleanup
[2019-12-08T09:59:08.351+0000][1][safepoint    ] Leaving safepoint region
[2019-12-08T09:59:08.351+0000][1][safepoint    ] Total time for which application threads were stopped: 0.0001071 seconds, Stopping threads took: 0.0000213 seconds
[2019-12-08T09:59:09.351+0000][1][safepoint    ] Application time: 1.0000761 seconds
[2019-12-08T09:59:09.351+0000][1][safepoint    ] Entering safepoint region: Cleanup
[2019-12-08T09:59:09.351+0000][1][safepoint    ] Leaving safepoint region
[2019-12-08T09:59:09.351+0000][1][safepoint    ] Total time for which application threads were stopped: 0.0000919 seconds, Stopping threads took: 0.0000207 seconds
[2019-12-08T09:59:10.351+0000][1][safepoint    ] Application time: 1.0000766 seconds
[2019-12-08T09:59:10.351+0000][1][safepoint    ] Entering safepoint region: Cleanup
[2019-12-08T09:59:10.351+0000][1][safepoint    ] Leaving safepoint region
[2019-12-08T09:59:10.351+0000][1][safepoint    ] Total time for which application threads were stopped: 0.0001036 seconds, Stopping threads took: 0.0000327 seconds
[2019-12-08T09:59:11.351+0000][1][safepoint    ] Application time: 1.0000924 seconds
[2019-12-08T09:59:11.351+0000][1][safepoint    ] Entering safepoint region: Cleanup
[2019-12-08T09:59:11.351+0000][1][safepoint    ] Leaving safepoint region
[2019-12-08T09:59:11.351+0000][1][safepoint    ] Total time for which application threads were stopped: 0.0000848 seconds, Stopping threads took: 0.0000184 seconds
[2019-12-08T09:59:12.351+0000][1][safepoint    ] Application time: 1.0000863 seconds
[2019-12-08T09:59:12.352+0000][1][safepoint    ] Entering safepoint region: Cleanup
[2019-12-08T09:59:12.352+0000][1][safepoint    ] Leaving safepoint region
[2019-12-08T09:59:12.352+0000][1][safepoint    ] Total time for which application threads were stopped: 0.0000895 seconds, Stopping threads took: 0.0000206 seconds
[2019-12-08T09:59:13.352+0000][1][safepoint    ] Application time: 1.0000832 seconds
[2019-12-08T09:59:13.352+0000][1][safepoint    ] Entering safepoint region: Cleanup
[2019-12-08T09:59:13.352+0000][1][safepoint    ] Leaving safepoint region
[2019-12-08T09:59:13.352+0000][1][safepoint    ] Total time for which application threads were stopped: 0.0000892 seconds, Stopping threads took: 0.0000202 seconds
[2019-12-08T09:59:14.352+0000][1][safepoint    ] Application time: 1.0000863 seconds
[2019-12-08T09:59:14.352+0000][1][safepoint    ] Entering safepoint region: Cleanup
[2019-12-08T09:59:14.352+0000][1][safepoint    ] Leaving safepoint region
[2019-12-08T09:59:14.352+0000][1][safepoint    ] Total time for which application threads were stopped: 0.0000914 seconds, Stopping threads took: 0.0000197 seconds
[2019-12-08T09:59:15.352+0000][1][safepoint    ] Application time: 1.0000828 seconds
[2019-12-08T09:59:15.352+0000][1][safepoint    ] Entering safepoint region: Cleanup
[2019-12-08T09:59:15.352+0000][1][safepoint    ] Leaving safepoint region
[2019-12-08T09:59:15.352+0000][1][safepoint    ] Total time for which application threads were stopped: 0.0000898 seconds, Stopping threads took: 0.0000198 seconds
[2019-12-08T09:59:16.352+0000][1][safepoint    ] Application time: 1.0000751 seconds
[2019-12-08T09:59:16.352+0000][1][safepoint    ] Entering safepoint region: Cleanup
[2019-12-08T09:59:16.352+0000][1][safepoint    ] Leaving safepoint region
[2019-12-08T09:59:16.352+0000][1][safepoint    ] Total time for which application threads were stopped: 0.0000902 seconds, Stopping threads took: 0.0000250 seconds
[2019-12-08T09:59:17.353+0000][1][safepoint    ] Application time: 1.0000752 seconds
[2019-12-08T09:59:17.353+0000][1][safepoint    ] Entering safepoint region: Cleanup
[2019-12-08T09:59:17.353+0000][1][safepoint    ] Leaving safepoint region
[2019-12-08T09:59:17.353+0000][1][safepoint    ] Total time for which application threads were stopped: 0.0000897 seconds, Stopping threads took: 0.0000185 seconds
[2019-12-08T09:59:18.353+0000][1][safepoint    ] Application time: 1.0000835 seconds
[2019-12-08T09:59:18.353+0000][1][safepoint    ] Entering safepoint region: Cleanup
[2019-12-08T09:59:18.353+0000][1][safepoint    ] Leaving safepoint region
[2019-12-08T09:59:18.353+0000][1][safepoint    ] Total time for which application threads were stopped: 0.0000914 seconds, Stopping threads took: 0.0000210 seconds
[2019-12-08T09:59:19.353+0000][1][safepoint    ] Application time: 1.0000893 seconds
[2019-12-08T09:59:19.353+0000][1][safepoint    ] Entering safepoint region: Cleanup
[2019-12-08T09:59:19.353+0000][1][safepoint    ] Leaving safepoint region
[2019-12-08T09:59:19.353+0000][1][safepoint    ] Total time for which application threads were stopped: 0.0000836 seconds, Stopping threads took: 0.0000189 seconds
[2019-12-08T09:59:20.353+0000][1][safepoint    ] Application time: 1.0000665 seconds
[2019-12-08T09:59:20.353+0000][1][safepoint    ] Entering safepoint region: Cleanup
[2019-12-08T09:59:20.353+0000][1][safepoint    ] Leaving safepoint region
[2019-12-08T09:59:20.353+0000][1][safepoint    ] Total time for which application threads were stopped: 0.0000787 seconds, Stopping threads took: 0.0000172 seconds
[2019-12-08T09:59:21.353+0000][1][safepoint    ] Application time: 1.0000777 seconds
[2019-12-08T09:59:21.353+0000][1][safepoint    ] Entering safepoint region: Cleanup
[2019-12-08T09:59:21.353+0000][1][safepoint    ] Leaving safepoint region
[2019-12-08T09:59:21.353+0000][1][safepoint    ] Total time for which application threads were stopped: 0.0000891 seconds, Stopping threads took: 0.0000181 seconds
[2019-12-08T09:59:22.354+0000][1][safepoint    ] Application time: 1.0000797 seconds
[2019-12-08T09:59:22.354+0000][1][safepoint    ] Entering safepoint region: Cleanup
[2019-12-08T09:59:22.354+0000][1][safepoint    ] Leaving safepoint region
[2019-12-08T09:59:22.354+0000][1][safepoint    ] Total time for which application threads were stopped: 0.0000838 seconds, Stopping threads took: 0.0000190 seconds
[2019-12-08T09:59:23.354+0000][1][safepoint    ] Application time: 1.0000822 seconds
[2019-12-08T09:59:23.354+0000][1][safepoint    ] Entering safepoint region: Cleanup
[2019-12-08T09:59:23.354+0000][1][safepoint    ] Leaving safepoint region
[2019-12-08T09:59:23.354+0000][1][safepoint    ] Total time for which application threads were stopped: 0.0001165 seconds, Stopping threads took: 0.0000245 seconds
[2019-12-08T09:59:24.354+0000][1][safepoint    ] Application time: 1.0000834 seconds
[2019-12-08T09:59:24.354+0000][1][safepoint    ] Entering safepoint region: Cleanup
[2019-12-08T09:59:24.354+0000][1][safepoint    ] Leaving safepoint region
[2019-12-08T09:59:24.354+0000][1][safepoint    ] Total time for which application threads were stopped: 0.0000852 seconds, Stopping threads took: 0.0000177 seconds
[2019-12-08T09:59:25.354+0000][1][safepoint    ] Application time: 1.0000813 seconds
[2019-12-08T09:59:25.354+0000][1][safepoint    ] Entering safepoint region: Cleanup
[2019-12-08T09:59:25.354+0000][1][safepoint    ] Leaving safepoint region
[2019-12-08T09:59:25.354+0000][1][safepoint    ] Total time for which application threads were stopped: 0.0000834 seconds, Stopping threads took: 0.0000181 seconds
[2019-12-08T09:59:26.354+0000][1][safepoint    ] Application time: 1.0000802 seconds
[2019-12-08T09:59:26.354+0000][1][safepoint    ] Entering safepoint region: Cleanup
[2019-12-08T09:59:26.354+0000][1][safepoint    ] Leaving safepoint region
[2019-12-08T09:59:26.355+0000][1][safepoint    ] Total time for which application threads were stopped: 0.0001038 seconds, Stopping threads took: 0.0000350 seconds
[2019-12-08T09:59:27.355+0000][1][safepoint    ] Application time: 1.0000775 seconds
[2019-12-08T09:59:27.355+0000][1][safepoint    ] Entering safepoint region: Cleanup
[2019-12-08T09:59:27.355+0000][1][safepoint    ] Leaving safepoint region
[2019-12-08T09:59:27.355+0000][1][safepoint    ] Total time for which application threads were stopped: 0.0000981 seconds, Stopping threads took: 0.0000188 seconds
[2019-12-08T09:59:28.355+0000][1][safepoint    ] Application time: 1.0000768 seconds
[2019-12-08T09:59:28.355+0000][1][safepoint    ] Entering safepoint region: Cleanup
[2019-12-08T09:59:28.355+0000][1][safepoint    ] Leaving safepoint region
[2019-12-08T09:59:28.355+0000][1][safepoint    ] Total time for which application threads were stopped: 0.0000893 seconds, Stopping threads took: 0.0000181 seconds
[2019-12-08T09:59:29.355+0000][1][safepoint    ] Application time: 1.0000809 seconds
[2019-12-08T09:59:29.355+0000][1][safepoint    ] Entering safepoint region: Cleanup
[2019-12-08T09:59:29.355+0000][1][safepoint    ] Leaving safepoint region
[2019-12-08T09:59:29.355+0000][1][safepoint    ] Total time for which application threads were stopped: 0.0000898 seconds, Stopping threads took: 0.0000203 seconds
[2019-12-08T09:59:30.355+0000][1][safepoint    ] Application time: 1.0000768 seconds
[2019-12-08T09:59:30.355+0000][1][safepoint    ] Entering safepoint region: Cleanup
[2019-12-08T09:59:30.355+0000][1][safepoint    ] Leaving safepoint region
[2019-12-08T09:59:30.355+0000][1][safepoint    ] Total time for which application threads were stopped: 0.0000899 seconds, Stopping threads took: 0.0000200 seconds
[2019-12-08T09:59:31.355+0000][1][safepoint    ] Application time: 1.0000761 seconds
[2019-12-08T09:59:31.355+0000][1][safepoint    ] Entering safepoint region: Cleanup
[2019-12-08T09:59:31.356+0000][1][safepoint    ] Leaving safepoint region
[2019-12-08T09:59:31.356+0000][1][safepoint    ] Total time for which application threads were stopped: 0.0000846 seconds, Stopping threads took: 0.0000193 seconds
[2019-12-08T09:59:32.356+0000][1][safepoint    ] Application time: 1.0000774 seconds
[2019-12-08T09:59:32.356+0000][1][safepoint    ] Entering safepoint region: Cleanup
[2019-12-08T09:59:32.356+0000][1][safepoint    ] Leaving safepoint region
[2019-12-08T09:59:32.356+0000][1][safepoint    ] Total time for which application threads were stopped: 0.0000950 seconds, Stopping threads took: 0.0000198 seconds
[2019-12-08T09:59:33.356+0000][1][safepoint    ] Application time: 1.0000771 seconds
[2019-12-08T09:59:33.356+0000][1][safepoint    ] Entering safepoint region: Cleanup
[2019-12-08T09:59:33.356+0000][1][safepoint    ] Leaving safepoint region
[2019-12-08T09:59:33.356+0000][1][safepoint    ] Total time for which application threads were stopped: 0.0000839 seconds, Stopping threads took: 0.0000188 seconds
[2019-12-08T09:59:34.356+0000][1][safepoint    ] Application time: 1.0000773 seconds
[2019-12-08T09:59:34.356+0000][1][safepoint    ] Entering safepoint region: Cleanup
[2019-12-08T09:59:34.356+0000][1][safepoint    ] Leaving safepoint region
[2019-12-08T09:59:34.356+0000][1][safepoint    ] Total time for which application threads were stopped: 0.0000853 seconds, Stopping threads took: 0.0000202 seconds
[2019-12-08T09:59:35.356+0000][1][safepoint    ] Application time: 1.0000721 seconds
[2019-12-08T09:59:35.356+0000][1][safepoint    ] Entering safepoint region: Cleanup
[2019-12-08T09:59:35.356+0000][1][safepoint    ] Leaving safepoint region
[2019-12-08T09:59:35.356+0000][1][safepoint    ] Total time for which application threads were stopped: 0.0000931 seconds, Stopping threads took: 0.0000255 seconds
[2019-12-08T09:59:36.356+0000][1][safepoint    ] Application time: 1.0000770 seconds
[2019-12-08T09:59:36.356+0000][1][safepoint    ] Entering safepoint region: Cleanup
[2019-12-08T09:59:36.357+0000][1][safepoint    ] Leaving safepoint region
[2019-12-08T09:59:36.357+0000][1][safepoint    ] Total time for which application threads were stopped: 0.0001051 seconds, Stopping threads took: 0.0000292 seconds
[2019-12-08T09:59:37.357+0000][1][safepoint    ] Application time: 1.0000770 seconds
[2019-12-08T09:59:37.357+0000][1][safepoint    ] Entering safepoint region: Cleanup
[2019-12-08T09:59:37.357+0000][1][safepoint    ] Leaving safepoint region
[2019-12-08T09:59:37.357+0000][1][safepoint    ] Total time for which application threads were stopped: 0.0000970 seconds, Stopping threads took: 0.0000191 seconds
[2019-12-08T09:59:38.357+0000][1][safepoint    ] Application time: 1.0000786 seconds
[2019-12-08T09:59:38.357+0000][1][safepoint    ] Entering safepoint region: Cleanup
[2019-12-08T09:59:38.357+0000][1][safepoint    ] Leaving safepoint region
[2019-12-08T09:59:38.357+0000][1][safepoint    ] Total time for which application threads were stopped: 0.0000874 seconds, Stopping threads took: 0.0000193 seconds
[2019-12-08T09:59:39.357+0000][1][safepoint    ] Application time: 1.0000735 seconds
[2019-12-08T09:59:39.357+0000][1][safepoint    ] Entering safepoint region: Cleanup
[2019-12-08T09:59:39.357+0000][1][safepoint    ] Leaving safepoint region
[2019-12-08T09:59:39.357+0000][1][safepoint    ] Total time for which application threads were stopped: 0.0000911 seconds, Stopping threads took: 0.0000196 seconds
[2019-12-08T09:59:40.357+0000][1][safepoint    ] Application time: 1.0000788 seconds
[2019-12-08T09:59:40.357+0000][1][safepoint    ] Entering safepoint region: Cleanup
[2019-12-08T09:59:40.357+0000][1][safepoint    ] Leaving safepoint region
[2019-12-08T09:59:40.357+0000][1][safepoint    ] Total time for which application threads were stopped: 0.0001027 seconds, Stopping threads took: 0.0000208 seconds
[2019-12-08T09:59:41.357+0000][1][safepoint    ] Application time: 1.0000804 seconds
[2019-12-08T09:59:41.358+0000][1][safepoint    ] Entering safepoint region: Cleanup
[2019-12-08T09:59:41.358+0000][1][safepoint    ] Leaving safepoint region
[2019-12-08T09:59:41.358+0000][1][safepoint    ] Total time for which application threads were stopped: 0.0000911 seconds, Stopping threads took: 0.0000198 seconds
[2019-12-08T09:59:42.358+0000][1][safepoint    ] Application time: 1.0000897 seconds
[2019-12-08T09:59:42.358+0000][1][safepoint    ] Entering safepoint region: Cleanup
[2019-12-08T09:59:42.358+0000][1][safepoint    ] Leaving safepoint region
[2019-12-08T09:59:42.358+0000][1][safepoint    ] Total time for which application threads were stopped: 0.0000917 seconds, Stopping threads took: 0.0000201 seconds
[2019-12-08T09:59:43.358+0000][1][safepoint    ] Application time: 1.0000797 seconds
[2019-12-08T09:59:43.358+0000][1][safepoint    ] Entering safepoint region: Cleanup
[2019-12-08T09:59:43.358+0000][1][safepoint    ] Leaving safepoint region
[2019-12-08T09:59:43.358+0000][1][safepoint    ] Total time for which application threads were stopped: 0.0000894 seconds, Stopping threads took: 0.0000187 seconds
[2019-12-08T09:59:44.358+0000][1][safepoint    ] Application time: 1.0000777 seconds
[2019-12-08T09:59:44.358+0000][1][safepoint    ] Entering safepoint region: Cleanup
[2019-12-08T09:59:44.358+0000][1][safepoint    ] Leaving safepoint region
[2019-12-08T09:59:44.358+0000][1][safepoint    ] Total time for which application threads were stopped: 0.0000845 seconds, Stopping threads took: 0.0000167 seconds
[2019-12-08T09:59:45.358+0000][1][safepoint    ] Application time: 1.0000821 seconds
[2019-12-08T09:59:45.358+0000][1][safepoint    ] Entering safepoint region: Cleanup
[2019-12-08T09:59:45.358+0000][1][safepoint    ] Leaving safepoint region
[2019-12-08T09:59:45.358+0000][1][safepoint    ] Total time for which application threads were stopped: 0.0000884 seconds, Stopping threads took: 0.0000179 seconds
[2019-12-08T09:59:46.359+0000][1][safepoint    ] Application time: 1.0000784 seconds
[2019-12-08T09:59:46.359+0000][1][safepoint    ] Entering safepoint region: Cleanup
[2019-12-08T09:59:46.359+0000][1][safepoint    ] Leaving safepoint region
[2019-12-08T09:59:46.359+0000][1][safepoint    ] Total time for which application threads were stopped: 0.0000886 seconds, Stopping threads took: 0.0000174 seconds
[2019-12-08T09:59:47.359+0000][1][safepoint    ] Application time: 1.0000780 seconds
[2019-12-08T09:59:47.359+0000][1][safepoint    ] Entering safepoint region: Cleanup
[2019-12-08T09:59:47.359+0000][1][safepoint    ] Leaving safepoint region
[2019-12-08T09:59:47.359+0000][1][safepoint    ] Total time for which application threads were stopped: 0.0000883 seconds, Stopping threads took: 0.0000200 seconds
[2019-12-08T09:59:48.359+0000][1][safepoint    ] Application time: 1.0000779 seconds
[2019-12-08T09:59:48.359+0000][1][safepoint    ] Entering safepoint region: Cleanup
[2019-12-08T09:59:48.359+0000][1][safepoint    ] Leaving safepoint region
[2019-12-08T09:59:48.359+0000][1][safepoint    ] Total time for which application threads were stopped: 0.0000808 seconds, Stopping threads took: 0.0000177 seconds
[2019-12-08T09:59:49.359+0000][1][safepoint    ] Application time: 1.0000795 seconds
[2019-12-08T09:59:49.359+0000][1][safepoint    ] Entering safepoint region: Cleanup
[2019-12-08T09:59:49.359+0000][1][safepoint    ] Leaving safepoint region
[2019-12-08T09:59:49.359+0000][1][safepoint    ] Total time for which application threads were stopped: 0.0000948 seconds, Stopping threads took: 0.0000214 seconds
[2019-12-08T09:59:49.582+0000][1][safepoint    ] Application time: 0.2226242 seconds
[2019-12-08T09:59:49.582+0000][1][safepoint    ] Entering safepoint region: GenCollectForAllocation
[2019-12-08T09:59:49.582+0000][1][gc,start     ] GC(28) Pause Young (Allocation Failure)
[2019-12-08T09:59:49.582+0000][1][gc,task      ] GC(28) Using 4 workers of 4 for evacuation
[2019-12-08T09:59:49.586+0000][1][gc,age       ] GC(28) Desired survivor size 4456448 bytes, new threshold 6 (max threshold 6)
[2019-12-08T09:59:49.586+0000][1][gc,age       ] GC(28) Age table with threshold 6 (max threshold 6)
[2019-12-08T09:59:49.586+0000][1][gc,age       ] GC(28) - age   1:       9728 bytes,       9728 total
[2019-12-08T09:59:49.586+0000][1][gc,age       ] GC(28) - age   2:       4992 bytes,      14720 total
[2019-12-08T09:59:49.586+0000][1][gc,age       ] GC(28) - age   3:     241328 bytes,     256048 total
[2019-12-08T09:59:49.586+0000][1][gc,age       ] GC(28) - age   4:     164904 bytes,     420952 total
[2019-12-08T09:59:49.586+0000][1][gc,age       ] GC(28) - age   5:    2023528 bytes,    2444480 total
[2019-12-08T09:59:49.586+0000][1][gc,heap      ] GC(28) ParNew: 73886K->3366K(78656K)
[2019-12-08T09:59:49.586+0000][1][gc,heap      ] GC(28) CMS: 67963K->67963K(174784K)
[2019-12-08T09:59:49.586+0000][1][gc,metaspace ] GC(28) Metaspace: 72469K->72469K(1116160K)
[2019-12-08T09:59:49.586+0000][1][gc           ] GC(28) Pause Young (Allocation Failure) 138M->69M(247M) 3.716ms
[2019-12-08T09:59:49.586+0000][1][gc,cpu       ] GC(28) User=0.02s Sys=0.00s Real=0.00s
[2019-12-08T09:59:49.586+0000][1][safepoint    ] Leaving safepoint region
[2019-12-08T09:59:49.586+0000][1][safepoint    ] Total time for which application threads were stopped: 0.0038707 seconds, Stopping threads took: 0.0000184 seconds
[2019-12-08T09:59:50.586+0000][1][safepoint    ] Application time: 1.0000870 seconds
[2019-12-08T09:59:50.586+0000][1][safepoint    ] Entering safepoint region: Cleanup
[2019-12-08T09:59:50.586+0000][1][safepoint    ] Leaving safepoint region
[2019-12-08T09:59:50.586+0000][1][safepoint    ] Total time for which application threads were stopped: 0.0000879 seconds, Stopping threads took: 0.0000182 seconds
[2019-12-08T09:59:51.586+0000][1][safepoint    ] Application time: 1.0000765 seconds
[2019-12-08T09:59:51.586+0000][1][safepoint    ] Entering safepoint region: Cleanup
[2019-12-08T09:59:51.586+0000][1][safepoint    ] Leaving safepoint region
[2019-12-08T09:59:51.586+0000][1][safepoint    ] Total time for which application threads were stopped: 0.0000814 seconds, Stopping threads took: 0.0000168 seconds
[2019-12-08T09:59:52.586+0000][1][safepoint    ] Application time: 1.0000748 seconds
[2019-12-08T09:59:52.586+0000][1][safepoint    ] Entering safepoint region: Cleanup
[2019-12-08T09:59:52.586+0000][1][safepoint    ] Leaving safepoint region
[2019-12-08T09:59:52.586+0000][1][safepoint    ] Total time for which application threads were stopped: 0.0000948 seconds, Stopping threads took: 0.0000186 seconds
[2019-12-08T09:59:53.587+0000][1][safepoint    ] Application time: 1.0000744 seconds
[2019-12-08T09:59:53.587+0000][1][safepoint    ] Entering safepoint region: Cleanup
[2019-12-08T09:59:53.587+0000][1][safepoint    ] Leaving safepoint region
[2019-12-08T09:59:53.587+0000][1][safepoint    ] Total time for which application threads were stopped: 0.0000938 seconds, Stopping threads took: 0.0000202 seconds
[2019-12-08T09:59:54.587+0000][1][safepoint    ] Application time: 1.0000536 seconds
[2019-12-08T09:59:54.587+0000][1][safepoint    ] Entering safepoint region: Cleanup
[2019-12-08T09:59:54.587+0000][1][safepoint    ] Leaving safepoint region
[2019-12-08T09:59:54.587+0000][1][safepoint    ] Total time for which application threads were stopped: 0.0001229 seconds, Stopping threads took: 0.0000452 seconds
[2019-12-08T09:59:55.587+0000][1][safepoint    ] Application time: 1.0000829 seconds
[2019-12-08T09:59:55.587+0000][1][safepoint    ] Entering safepoint region: Cleanup
[2019-12-08T09:59:55.587+0000][1][safepoint    ] Leaving safepoint region
[2019-12-08T09:59:55.587+0000][1][safepoint    ] Total time for which application threads were stopped: 0.0000881 seconds, Stopping threads took: 0.0000207 seconds
[2019-12-08T09:59:56.587+0000][1][safepoint    ] Application time: 1.0000770 seconds
[2019-12-08T09:59:56.587+0000][1][safepoint    ] Entering safepoint region: Cleanup
[2019-12-08T09:59:56.587+0000][1][safepoint    ] Leaving safepoint region
[2019-12-08T09:59:56.587+0000][1][safepoint    ] Total time for which application threads were stopped: 0.0000909 seconds, Stopping threads took: 0.0000212 seconds
[2019-12-08T09:59:57.587+0000][1][safepoint    ] Application time: 1.0000752 seconds
[2019-12-08T09:59:57.587+0000][1][safepoint    ] Entering safepoint region: Cleanup
[2019-12-08T09:59:57.587+0000][1][safepoint    ] Leaving safepoint region
[2019-12-08T09:59:57.587+0000][1][safepoint    ] Total time for which application threads were stopped: 0.0000896 seconds, Stopping threads took: 0.0000215 seconds
[2019-12-08T09:59:58.588+0000][1][safepoint    ] Application time: 1.0000776 seconds
[2019-12-08T09:59:58.588+0000][1][safepoint    ] Entering safepoint region: Cleanup
[2019-12-08T09:59:58.588+0000][1][safepoint    ] Leaving safepoint region
[2019-12-08T09:59:58.588+0000][1][safepoint    ] Total time for which application threads were stopped: 0.0001033 seconds, Stopping threads took: 0.0000210 seconds
[2019-12-08T09:59:59.588+0000][1][safepoint    ] Application time: 1.0000793 seconds
[2019-12-08T09:59:59.588+0000][1][safepoint    ] Entering safepoint region: Cleanup
[2019-12-08T09:59:59.588+0000][1][safepoint    ] Leaving safepoint region
[2019-12-08T09:59:59.588+0000][1][safepoint    ] Total time for which application threads were stopped: 0.0000872 seconds, Stopping threads took: 0.0000205 seconds
[2019-12-08T10:00:00.588+0000][1][safepoint    ] Application time: 1.0000786 seconds
[2019-12-08T10:00:00.588+0000][1][safepoint    ] Entering safepoint region: Cleanup
[2019-12-08T10:00:00.588+0000][1][safepoint    ] Leaving safepoint region
[2019-12-08T10:00:00.588+0000][1][safepoint    ] Total time for which application threads were stopped: 0.0000857 seconds, Stopping threads took: 0.0000181 seconds
[2019-12-08T10:00:01.588+0000][1][safepoint    ] Application time: 1.0000834 seconds
[2019-12-08T10:00:01.588+0000][1][safepoint    ] Entering safepoint region: Cleanup
[2019-12-08T10:00:01.588+0000][1][safepoint    ] Leaving safepoint region
[2019-12-08T10:00:01.588+0000][1][safepoint    ] Total time for which application threads were stopped: 0.0001139 seconds, Stopping threads took: 0.0000259 seconds
[2019-12-08T10:00:02.588+0000][1][safepoint    ] Application time: 1.0000873 seconds
[2019-12-08T10:00:02.589+0000][1][safepoint    ] Entering safepoint region: Cleanup
[2019-12-08T10:00:02.589+0000][1][safepoint    ] Leaving safepoint region
[2019-12-08T10:00:02.589+0000][1][safepoint    ] Total time for which application threads were stopped: 0.0000888 seconds, Stopping threads took: 0.0000206 seconds
[2019-12-08T10:00:03.589+0000][1][safepoint    ] Application time: 1.0000843 seconds
[2019-12-08T10:00:03.589+0000][1][safepoint    ] Entering safepoint region: Cleanup
[2019-12-08T10:00:03.589+0000][1][safepoint    ] Leaving safepoint region
[2019-12-08T10:00:03.589+0000][1][safepoint    ] Total time for which application threads were stopped: 0.0000948 seconds, Stopping threads took: 0.0000201 seconds
[2019-12-08T10:00:04.589+0000][1][safepoint    ] Application time: 1.0000777 seconds
[2019-12-08T10:00:04.589+0000][1][safepoint    ] Entering safepoint region: Cleanup
[2019-12-08T10:00:04.589+0000][1][safepoint    ] Leaving safepoint region
[2019-12-08T10:00:04.589+0000][1][safepoint    ] Total time for which application threads were stopped: 0.0000879 seconds, Stopping threads took: 0.0000221 seconds
[2019-12-08T10:00:05.589+0000][1][safepoint    ] Application time: 1.0000821 seconds
[2019-12-08T10:00:05.589+0000][1][safepoint    ] Entering safepoint region: Cleanup
[2019-12-08T10:00:05.589+0000][1][safepoint    ] Leaving safepoint region
[2019-12-08T10:00:05.589+0000][1][safepoint    ] Total time for which application threads were stopped: 0.0000895 seconds, Stopping threads took: 0.0000208 seconds
[2019-12-08T10:00:06.589+0000][1][safepoint    ] Application time: 1.0000771 seconds
[2019-12-08T10:00:06.589+0000][1][safepoint    ] Entering safepoint region: Cleanup
[2019-12-08T10:00:06.589+0000][1][safepoint    ] Leaving safepoint region
[2019-12-08T10:00:06.589+0000][1][safepoint    ] Total time for which application threads were stopped: 0.0000845 seconds, Stopping threads took: 0.0000189 seconds
[2019-12-08T10:00:07.590+0000][1][safepoint    ] Application time: 1.0000748 seconds
[2019-12-08T10:00:07.590+0000][1][safepoint    ] Entering safepoint region: Cleanup
[2019-12-08T10:00:07.590+0000][1][safepoint    ] Leaving safepoint region
[2019-12-08T10:00:07.590+0000][1][safepoint    ] Total time for which application threads were stopped: 0.0000846 seconds, Stopping threads took: 0.0000199 seconds
[2019-12-08T10:00:08.590+0000][1][safepoint    ] Application time: 1.0000862 seconds
[2019-12-08T10:00:08.590+0000][1][safepoint    ] Entering safepoint region: Cleanup
[2019-12-08T10:00:08.590+0000][1][safepoint    ] Leaving safepoint region
[2019-12-08T10:00:08.590+0000][1][safepoint    ] Total time for which application threads were stopped: 0.0000959 seconds, Stopping threads took: 0.0000221 seconds
[2019-12-08T10:00:09.590+0000][1][safepoint    ] Application time: 1.0000781 seconds
[2019-12-08T10:00:09.590+0000][1][safepoint    ] Entering safepoint region: Cleanup
[2019-12-08T10:00:09.590+0000][1][safepoint    ] Leaving safepoint region
[2019-12-08T10:00:09.590+0000][1][safepoint    ] Total time for which application threads were stopped: 0.0000874 seconds, Stopping threads took: 0.0000211 seconds
[2019-12-08T10:00:10.590+0000][1][safepoint    ] Application time: 1.0000825 seconds
[2019-12-08T10:00:10.590+0000][1][safepoint    ] Entering safepoint region: Cleanup
[2019-12-08T10:00:10.590+0000][1][safepoint    ] Leaving safepoint region
[2019-12-08T10:00:10.590+0000][1][safepoint    ] Total time for which application threads were stopped: 0.0000905 seconds, Stopping threads took: 0.0000220 seconds
[2019-12-08T10:00:12.433+0000][1][safepoint    ] Application time: 1.8430374 seconds
[2019-12-08T10:00:12.433+0000][1][safepoint    ] Entering safepoint region: Cleanup
[2019-12-08T10:00:12.434+0000][1][safepoint    ] Leaving safepoint region
[2019-12-08T10:00:12.434+0000][1][safepoint    ] Total time for which application threads were stopped: 0.0001296 seconds, Stopping threads took: 0.0000180 seconds
[2019-12-08T10:00:13.436+0000][1][safepoint    ] Application time: 1.0023721 seconds
[2019-12-08T10:00:13.436+0000][1][safepoint    ] Entering safepoint region: Cleanup
[2019-12-08T10:00:13.436+0000][1][safepoint    ] Leaving safepoint region
[2019-12-08T10:00:13.436+0000][1][safepoint    ] Total time for which application threads were stopped: 0.0000900 seconds, Stopping threads took: 0.0000173 seconds
[2019-12-08T10:00:14.436+0000][1][safepoint    ] Application time: 1.0000802 seconds
[2019-12-08T10:00:14.436+0000][1][safepoint    ] Entering safepoint region: Cleanup
[2019-12-08T10:00:14.436+0000][1][safepoint    ] Leaving safepoint region
[2019-12-08T10:00:14.436+0000][1][safepoint    ] Total time for which application threads were stopped: 0.0000854 seconds, Stopping threads took: 0.0000175 seconds
[2019-12-08T10:00:15.436+0000][1][safepoint    ] Application time: 1.0000735 seconds
[2019-12-08T10:00:15.436+0000][1][safepoint    ] Entering safepoint region: Cleanup
[2019-12-08T10:00:15.436+0000][1][safepoint    ] Leaving safepoint region
[2019-12-08T10:00:15.436+0000][1][safepoint    ] Total time for which application threads were stopped: 0.0000809 seconds, Stopping threads took: 0.0000172 seconds
[2019-12-08T10:00:16.437+0000][1][safepoint    ] Application time: 1.0000802 seconds
[2019-12-08T10:00:16.437+0000][1][safepoint    ] Entering safepoint region: Cleanup
[2019-12-08T10:00:16.437+0000][1][safepoint    ] Leaving safepoint region
[2019-12-08T10:00:16.437+0000][1][safepoint    ] Total time for which application threads were stopped: 0.0000828 seconds, Stopping threads took: 0.0000178 seconds
[2019-12-08T10:00:17.437+0000][1][safepoint    ] Application time: 1.0001097 seconds
[2019-12-08T10:00:17.437+0000][1][safepoint    ] Entering safepoint region: Cleanup
[2019-12-08T10:00:17.437+0000][1][safepoint    ] Leaving safepoint region
[2019-12-08T10:00:17.437+0000][1][safepoint    ] Total time for which application threads were stopped: 0.0000826 seconds, Stopping threads took: 0.0000175 seconds
[2019-12-08T10:00:18.437+0000][1][safepoint    ] Application time: 1.0000782 seconds
[2019-12-08T10:00:18.437+0000][1][safepoint    ] Entering safepoint region: Cleanup
[2019-12-08T10:00:18.437+0000][1][safepoint    ] Leaving safepoint region
[2019-12-08T10:00:18.437+0000][1][safepoint    ] Total time for which application threads were stopped: 0.0000847 seconds, Stopping threads took: 0.0000201 seconds
[2019-12-08T10:00:19.437+0000][1][safepoint    ] Application time: 1.0000792 seconds
[2019-12-08T10:00:19.437+0000][1][safepoint    ] Entering safepoint region: Cleanup
[2019-12-08T10:00:19.437+0000][1][safepoint    ] Leaving safepoint region
[2019-12-08T10:00:19.437+0000][1][safepoint    ] Total time for which application threads were stopped: 0.0000836 seconds, Stopping threads took: 0.0000207 seconds
[2019-12-08T10:00:20.437+0000][1][safepoint    ] Application time: 1.0000785 seconds
[2019-12-08T10:00:20.437+0000][1][safepoint    ] Entering safepoint region: Cleanup
[2019-12-08T10:00:20.437+0000][1][safepoint    ] Leaving safepoint region
[2019-12-08T10:00:20.437+0000][1][safepoint    ] Total time for which application threads were stopped: 0.0000857 seconds, Stopping threads took: 0.0000189 seconds
[2019-12-08T10:00:21.438+0000][1][safepoint    ] Application time: 1.0000775 seconds
[2019-12-08T10:00:21.438+0000][1][safepoint    ] Entering safepoint region: Cleanup
[2019-12-08T10:00:21.438+0000][1][safepoint    ] Leaving safepoint region
[2019-12-08T10:00:21.438+0000][1][safepoint    ] Total time for which application threads were stopped: 0.0000847 seconds, Stopping threads took: 0.0000188 seconds
[2019-12-08T10:00:22.438+0000][1][safepoint    ] Application time: 1.0000748 seconds
[2019-12-08T10:00:22.438+0000][1][safepoint    ] Entering safepoint region: Cleanup
[2019-12-08T10:00:22.438+0000][1][safepoint    ] Leaving safepoint region
[2019-12-08T10:00:22.438+0000][1][safepoint    ] Total time for which application threads were stopped: 0.0000844 seconds, Stopping threads took: 0.0000191 seconds
[2019-12-08T10:00:23.438+0000][1][safepoint    ] Application time: 1.0000769 seconds
[2019-12-08T10:00:23.438+0000][1][safepoint    ] Entering safepoint region: Cleanup
[2019-12-08T10:00:23.438+0000][1][safepoint    ] Leaving safepoint region
[2019-12-08T10:00:23.438+0000][1][safepoint    ] Total time for which application threads were stopped: 0.0000921 seconds, Stopping threads took: 0.0000251 seconds
[2019-12-08T10:00:24.438+0000][1][safepoint    ] Application time: 1.0000748 seconds
[2019-12-08T10:00:24.438+0000][1][safepoint    ] Entering safepoint region: Cleanup
[2019-12-08T10:00:24.438+0000][1][safepoint    ] Leaving safepoint region
[2019-12-08T10:00:24.438+0000][1][safepoint    ] Total time for which application threads were stopped: 0.0000809 seconds, Stopping threads took: 0.0000186 seconds
[2019-12-08T10:00:25.438+0000][1][safepoint    ] Application time: 1.0000770 seconds
[2019-12-08T10:00:25.438+0000][1][safepoint    ] Entering safepoint region: Cleanup
[2019-12-08T10:00:25.438+0000][1][safepoint    ] Leaving safepoint region
[2019-12-08T10:00:25.438+0000][1][safepoint    ] Total time for which application threads were stopped: 0.0000833 seconds, Stopping threads took: 0.0000194 seconds
[2019-12-08T10:00:26.439+0000][1][safepoint    ] Application time: 1.0000760 seconds
[2019-12-08T10:00:26.439+0000][1][safepoint    ] Entering safepoint region: Cleanup
[2019-12-08T10:00:26.439+0000][1][safepoint    ] Leaving safepoint region
[2019-12-08T10:00:26.439+0000][1][safepoint    ] Total time for which application threads were stopped: 0.0000903 seconds, Stopping threads took: 0.0000258 seconds
[2019-12-08T10:00:27.439+0000][1][safepoint    ] Application time: 1.0000757 seconds
[2019-12-08T10:00:27.439+0000][1][safepoint    ] Entering safepoint region: Cleanup
[2019-12-08T10:00:27.439+0000][1][safepoint    ] Leaving safepoint region
[2019-12-08T10:00:27.439+0000][1][safepoint    ] Total time for which application threads were stopped: 0.0000853 seconds, Stopping threads took: 0.0000199 seconds
[2019-12-08T10:00:28.439+0000][1][safepoint    ] Application time: 1.0000751 seconds
[2019-12-08T10:00:28.439+0000][1][safepoint    ] Entering safepoint region: Cleanup
[2019-12-08T10:00:28.439+0000][1][safepoint    ] Leaving safepoint region
[2019-12-08T10:00:28.439+0000][1][safepoint    ] Total time for which application threads were stopped: 0.0000827 seconds, Stopping threads took: 0.0000194 seconds
[2019-12-08T10:00:29.439+0000][1][safepoint    ] Application time: 1.0000764 seconds
[2019-12-08T10:00:29.439+0000][1][safepoint    ] Entering safepoint region: Cleanup
[2019-12-08T10:00:29.439+0000][1][safepoint    ] Leaving safepoint region
[2019-12-08T10:00:29.439+0000][1][safepoint    ] Total time for which application threads were stopped: 0.0000902 seconds, Stopping threads took: 0.0000202 seconds
[2019-12-08T10:00:30.439+0000][1][safepoint    ] Application time: 1.0000785 seconds
[2019-12-08T10:00:30.439+0000][1][safepoint    ] Entering safepoint region: Cleanup
[2019-12-08T10:00:30.439+0000][1][safepoint    ] Leaving safepoint region
[2019-12-08T10:00:30.439+0000][1][safepoint    ] Total time for which application threads were stopped: 0.0000877 seconds, Stopping threads took: 0.0000211 seconds
[2019-12-08T10:00:31.440+0000][1][safepoint    ] Application time: 1.0000763 seconds
[2019-12-08T10:00:31.440+0000][1][safepoint    ] Entering safepoint region: Cleanup
[2019-12-08T10:00:31.440+0000][1][safepoint    ] Leaving safepoint region
[2019-12-08T10:00:31.440+0000][1][safepoint    ] Total time for which application threads were stopped: 0.0000833 seconds, Stopping threads took: 0.0000191 seconds
[2019-12-08T10:00:32.440+0000][1][safepoint    ] Application time: 1.0000733 seconds
[2019-12-08T10:00:32.440+0000][1][safepoint    ] Entering safepoint region: Cleanup
[2019-12-08T10:00:32.440+0000][1][safepoint    ] Leaving safepoint region
[2019-12-08T10:00:32.440+0000][1][safepoint    ] Total time for which application threads were stopped: 0.0000842 seconds, Stopping threads took: 0.0000194 seconds
[2019-12-08T10:00:33.440+0000][1][safepoint    ] Application time: 1.0000843 seconds
[2019-12-08T10:00:33.440+0000][1][safepoint    ] Entering safepoint region: Cleanup
[2019-12-08T10:00:33.440+0000][1][safepoint    ] Leaving safepoint region
[2019-12-08T10:00:33.440+0000][1][safepoint    ] Total time for which application threads were stopped: 0.0000962 seconds, Stopping threads took: 0.0000280 seconds
[2019-12-08T10:00:34.440+0000][1][safepoint    ] Application time: 1.0000830 seconds
[2019-12-08T10:00:34.440+0000][1][safepoint    ] Entering safepoint region: Cleanup
[2019-12-08T10:00:34.440+0000][1][safepoint    ] Leaving safepoint region
[2019-12-08T10:00:34.440+0000][1][safepoint    ] Total time for which application threads were stopped: 0.0000858 seconds, Stopping threads took: 0.0000206 seconds
[2019-12-08T10:00:35.440+0000][1][safepoint    ] Application time: 1.0000782 seconds
[2019-12-08T10:00:35.440+0000][1][safepoint    ] Entering safepoint region: Cleanup
[2019-12-08T10:00:35.440+0000][1][safepoint    ] Leaving safepoint region
[2019-12-08T10:00:35.440+0000][1][safepoint    ] Total time for which application threads were stopped: 0.0000896 seconds, Stopping threads took: 0.0000244 seconds
[2019-12-08T10:00:36.441+0000][1][safepoint    ] Application time: 1.0000827 seconds
[2019-12-08T10:00:36.441+0000][1][safepoint    ] Entering safepoint region: Cleanup
[2019-12-08T10:00:36.441+0000][1][safepoint    ] Leaving safepoint region
[2019-12-08T10:00:36.441+0000][1][safepoint    ] Total time for which application threads were stopped: 0.0000840 seconds, Stopping threads took: 0.0000181 seconds
[2019-12-08T10:00:37.441+0000][1][safepoint    ] Application time: 1.0000792 seconds
[2019-12-08T10:00:37.441+0000][1][safepoint    ] Entering safepoint region: Cleanup
[2019-12-08T10:00:37.441+0000][1][safepoint    ] Leaving safepoint region
[2019-12-08T10:00:37.441+0000][1][safepoint    ] Total time for which application threads were stopped: 0.0000837 seconds, Stopping threads took: 0.0000188 seconds
[2019-12-08T10:00:38.441+0000][1][safepoint    ] Application time: 1.0000793 seconds
[2019-12-08T10:00:38.441+0000][1][safepoint    ] Entering safepoint region: Cleanup
[2019-12-08T10:00:38.441+0000][1][safepoint    ] Leaving safepoint region
[2019-12-08T10:00:38.441+0000][1][safepoint    ] Total time for which application threads were stopped: 0.0000886 seconds, Stopping threads took: 0.0000217 seconds
[2019-12-08T10:00:39.441+0000][1][safepoint    ] Application time: 1.0000809 seconds
[2019-12-08T10:00:39.441+0000][1][safepoint    ] Entering safepoint region: Cleanup
[2019-12-08T10:00:39.441+0000][1][safepoint    ] Leaving safepoint region
[2019-12-08T10:00:39.441+0000][1][safepoint    ] Total time for which application threads were stopped: 0.0000870 seconds, Stopping threads took: 0.0000207 seconds
[2019-12-08T10:00:40.441+0000][1][safepoint    ] Application time: 1.0000768 seconds
[2019-12-08T10:00:40.441+0000][1][safepoint    ] Entering safepoint region: Cleanup
[2019-12-08T10:00:40.441+0000][1][safepoint    ] Leaving safepoint region
[2019-12-08T10:00:40.441+0000][1][safepoint    ] Total time for which application threads were stopped: 0.0000838 seconds, Stopping threads took: 0.0000195 seconds
[2019-12-08T10:00:41.442+0000][1][safepoint    ] Application time: 1.0000811 seconds
[2019-12-08T10:00:41.442+0000][1][safepoint    ] Entering safepoint region: Cleanup
[2019-12-08T10:00:41.442+0000][1][safepoint    ] Leaving safepoint region
[2019-12-08T10:00:41.442+0000][1][safepoint    ] Total time for which application threads were stopped: 0.0000834 seconds, Stopping threads took: 0.0000188 seconds
[2019-12-08T10:00:42.442+0000][1][safepoint    ] Application time: 1.0000936 seconds
[2019-12-08T10:00:42.442+0000][1][safepoint    ] Entering safepoint region: Cleanup
[2019-12-08T10:00:42.442+0000][1][safepoint    ] Leaving safepoint region
[2019-12-08T10:00:42.442+0000][1][safepoint    ] Total time for which application threads were stopped: 0.0000825 seconds, Stopping threads took: 0.0000199 seconds
[2019-12-08T10:00:43.442+0000][1][safepoint    ] Application time: 1.0000791 seconds
[2019-12-08T10:00:43.442+0000][1][safepoint    ] Entering safepoint region: Cleanup
[2019-12-08T10:00:43.442+0000][1][safepoint    ] Leaving safepoint region
[2019-12-08T10:00:43.442+0000][1][safepoint    ] Total time for which application threads were stopped: 0.0000897 seconds, Stopping threads took: 0.0000271 seconds
[2019-12-08T10:00:44.442+0000][1][safepoint    ] Application time: 1.0000797 seconds
[2019-12-08T10:00:44.442+0000][1][safepoint    ] Entering safepoint region: Cleanup
[2019-12-08T10:00:44.442+0000][1][safepoint    ] Leaving safepoint region
[2019-12-08T10:00:44.442+0000][1][safepoint    ] Total time for which application threads were stopped: 0.0000857 seconds, Stopping threads took: 0.0000201 seconds
[2019-12-08T10:00:45.442+0000][1][safepoint    ] Application time: 1.0000842 seconds
[2019-12-08T10:00:45.442+0000][1][safepoint    ] Entering safepoint region: Cleanup
[2019-12-08T10:00:45.443+0000][1][safepoint    ] Leaving safepoint region
[2019-12-08T10:00:45.443+0000][1][safepoint    ] Total time for which application threads were stopped: 0.0000909 seconds, Stopping threads took: 0.0000214 seconds
[2019-12-08T10:00:46.443+0000][1][safepoint    ] Application time: 1.0000845 seconds
[2019-12-08T10:00:46.443+0000][1][safepoint    ] Entering safepoint region: Cleanup
[2019-12-08T10:00:46.443+0000][1][safepoint    ] Leaving safepoint region
[2019-12-08T10:00:46.443+0000][1][safepoint    ] Total time for which application threads were stopped: 0.0001014 seconds, Stopping threads took: 0.0000201 seconds
[2019-12-08T10:00:47.443+0000][1][safepoint    ] Application time: 1.0000826 seconds
[2019-12-08T10:00:47.443+0000][1][safepoint    ] Entering safepoint region: Cleanup
[2019-12-08T10:00:47.443+0000][1][safepoint    ] Leaving safepoint region
[2019-12-08T10:00:47.443+0000][1][safepoint    ] Total time for which application threads were stopped: 0.0000902 seconds, Stopping threads took: 0.0000230 seconds
[2019-12-08T10:00:48.443+0000][1][safepoint    ] Application time: 1.0000944 seconds
[2019-12-08T10:00:48.443+0000][1][safepoint    ] Entering safepoint region: Cleanup
[2019-12-08T10:00:48.443+0000][1][safepoint    ] Leaving safepoint region
[2019-12-08T10:00:48.443+0000][1][safepoint    ] Total time for which application threads were stopped: 0.0000865 seconds, Stopping threads took: 0.0000200 seconds
[2019-12-08T10:00:49.443+0000][1][safepoint    ] Application time: 1.0000846 seconds
[2019-12-08T10:00:49.443+0000][1][safepoint    ] Entering safepoint region: Cleanup
[2019-12-08T10:00:49.443+0000][1][safepoint    ] Leaving safepoint region
[2019-12-08T10:00:49.443+0000][1][safepoint    ] Total time for which application threads were stopped: 0.0000887 seconds, Stopping threads took: 0.0000213 seconds
[2019-12-08T10:00:50.444+0000][1][safepoint    ] Application time: 1.0000886 seconds
[2019-12-08T10:00:50.444+0000][1][safepoint    ] Entering safepoint region: Cleanup
[2019-12-08T10:00:50.444+0000][1][safepoint    ] Leaving safepoint region
[2019-12-08T10:00:50.444+0000][1][safepoint    ] Total time for which application threads were stopped: 0.0000945 seconds, Stopping threads took: 0.0000203 seconds
[2019-12-08T10:00:51.444+0000][1][safepoint    ] Application time: 1.0000901 seconds
[2019-12-08T10:00:51.444+0000][1][safepoint    ] Entering safepoint region: Cleanup
[2019-12-08T10:00:51.444+0000][1][safepoint    ] Leaving safepoint region
[2019-12-08T10:00:51.444+0000][1][safepoint    ] Total time for which application threads were stopped: 0.0000894 seconds, Stopping threads took: 0.0000202 seconds
[2019-12-08T10:00:52.444+0000][1][safepoint    ] Application time: 1.0000800 seconds
[2019-12-08T10:00:52.444+0000][1][safepoint    ] Entering safepoint region: Cleanup
[2019-12-08T10:00:52.444+0000][1][safepoint    ] Leaving safepoint region
[2019-12-08T10:00:52.444+0000][1][safepoint    ] Total time for which application threads were stopped: 0.0000849 seconds, Stopping threads took: 0.0000198 seconds
[2019-12-08T10:00:53.444+0000][1][safepoint    ] Application time: 1.0000816 seconds
[2019-12-08T10:00:53.444+0000][1][safepoint    ] Entering safepoint region: Cleanup
[2019-12-08T10:00:53.444+0000][1][safepoint    ] Leaving safepoint region
[2019-12-08T10:00:53.444+0000][1][safepoint    ] Total time for which application threads were stopped: 0.0000977 seconds, Stopping threads took: 0.0000206 seconds
[2019-12-08T10:00:54.444+0000][1][safepoint    ] Application time: 1.0000789 seconds
[2019-12-08T10:00:54.444+0000][1][safepoint    ] Entering safepoint region: Cleanup
[2019-12-08T10:00:54.444+0000][1][safepoint    ] Leaving safepoint region
[2019-12-08T10:00:54.444+0000][1][safepoint    ] Total time for which application threads were stopped: 0.0000846 seconds, Stopping threads took: 0.0000201 seconds
[2019-12-08T10:00:55.445+0000][1][safepoint    ] Application time: 1.0000810 seconds
[2019-12-08T10:00:55.445+0000][1][safepoint    ] Entering safepoint region: Cleanup
[2019-12-08T10:00:55.445+0000][1][safepoint    ] Leaving safepoint region
[2019-12-08T10:00:55.445+0000][1][safepoint    ] Total time for which application threads were stopped: 0.0001038 seconds, Stopping threads took: 0.0000225 seconds
[2019-12-08T10:00:56.445+0000][1][safepoint    ] Application time: 1.0000778 seconds
[2019-12-08T10:00:56.445+0000][1][safepoint    ] Entering safepoint region: Cleanup
[2019-12-08T10:00:56.445+0000][1][safepoint    ] Leaving safepoint region
[2019-12-08T10:00:56.445+0000][1][safepoint    ] Total time for which application threads were stopped: 0.0000834 seconds, Stopping threads took: 0.0000174 seconds
[2019-12-08T10:00:57.445+0000][1][safepoint    ] Application time: 1.0000807 seconds
[2019-12-08T10:00:57.445+0000][1][safepoint    ] Entering safepoint region: Cleanup
[2019-12-08T10:00:57.445+0000][1][safepoint    ] Leaving safepoint region
[2019-12-08T10:00:57.445+0000][1][safepoint    ] Total time for which application threads were stopped: 0.0000879 seconds, Stopping threads took: 0.0000195 seconds
[2019-12-08T10:00:58.445+0000][1][safepoint    ] Application time: 1.0000783 seconds
[2019-12-08T10:00:58.445+0000][1][safepoint    ] Entering safepoint region: Cleanup
[2019-12-08T10:00:58.445+0000][1][safepoint    ] Leaving safepoint region
[2019-12-08T10:00:58.445+0000][1][safepoint    ] Total time for which application threads were stopped: 0.0000837 seconds, Stopping threads took: 0.0000189 seconds
[2019-12-08T10:00:59.445+0000][1][safepoint    ] Application time: 1.0000782 seconds
[2019-12-08T10:00:59.445+0000][1][safepoint    ] Entering safepoint region: Cleanup
[2019-12-08T10:00:59.446+0000][1][safepoint    ] Leaving safepoint region
[2019-12-08T10:00:59.446+0000][1][safepoint    ] Total time for which application threads were stopped: 0.0000875 seconds, Stopping threads took: 0.0000204 seconds
[2019-12-08T10:01:00.446+0000][1][safepoint    ] Application time: 1.0000760 seconds
[2019-12-08T10:01:00.446+0000][1][safepoint    ] Entering safepoint region: Cleanup
[2019-12-08T10:01:00.446+0000][1][safepoint    ] Leaving safepoint region
[2019-12-08T10:01:00.446+0000][1][safepoint    ] Total time for which application threads were stopped: 0.0001020 seconds, Stopping threads took: 0.0000346 seconds
[2019-12-08T10:01:01.447+0000][1][safepoint    ] Application time: 1.0009336 seconds
[2019-12-08T10:01:01.447+0000][1][safepoint    ] Entering safepoint region: Cleanup
[2019-12-08T10:01:01.447+0000][1][safepoint    ] Leaving safepoint region
[2019-12-08T10:01:01.447+0000][1][safepoint    ] Total time for which application threads were stopped: 0.0001206 seconds, Stopping threads took: 0.0000264 seconds
[2019-12-08T10:01:02.447+0000][1][safepoint    ] Application time: 1.0000831 seconds
[2019-12-08T10:01:02.447+0000][1][safepoint    ] Entering safepoint region: Cleanup
[2019-12-08T10:01:02.447+0000][1][safepoint    ] Leaving safepoint region
[2019-12-08T10:01:02.447+0000][1][safepoint    ] Total time for which application threads were stopped: 0.0000874 seconds, Stopping threads took: 0.0000197 seconds
[2019-12-08T10:01:03.447+0000][1][safepoint    ] Application time: 1.0000776 seconds
[2019-12-08T10:01:03.447+0000][1][safepoint    ] Entering safepoint region: Cleanup
[2019-12-08T10:01:03.447+0000][1][safepoint    ] Leaving safepoint region
[2019-12-08T10:01:03.447+0000][1][safepoint    ] Total time for which application threads were stopped: 0.0000958 seconds, Stopping threads took: 0.0000191 seconds
[2019-12-08T10:01:04.447+0000][1][safepoint    ] Application time: 1.0000790 seconds
[2019-12-08T10:01:04.447+0000][1][safepoint    ] Entering safepoint region: Cleanup
[2019-12-08T10:01:04.448+0000][1][safepoint    ] Leaving safepoint region
[2019-12-08T10:01:04.448+0000][1][safepoint    ] Total time for which application threads were stopped: 0.0000881 seconds, Stopping threads took: 0.0000199 seconds
[2019-12-08T10:01:05.448+0000][1][safepoint    ] Application time: 1.0000799 seconds
[2019-12-08T10:01:05.448+0000][1][safepoint    ] Entering safepoint region: Cleanup
[2019-12-08T10:01:05.448+0000][1][safepoint    ] Leaving safepoint region
[2019-12-08T10:01:05.448+0000][1][safepoint    ] Total time for which application threads were stopped: 0.0000956 seconds, Stopping threads took: 0.0000194 seconds
[2019-12-08T10:01:06.448+0000][1][safepoint    ] Application time: 1.0000788 seconds
[2019-12-08T10:01:06.448+0000][1][safepoint    ] Entering safepoint region: Cleanup
[2019-12-08T10:01:06.448+0000][1][safepoint    ] Leaving safepoint region
[2019-12-08T10:01:06.448+0000][1][safepoint    ] Total time for which application threads were stopped: 0.0000889 seconds, Stopping threads took: 0.0000203 seconds
[2019-12-08T10:01:07.448+0000][1][safepoint    ] Application time: 1.0000756 seconds
[2019-12-08T10:01:07.448+0000][1][safepoint    ] Entering safepoint region: Cleanup
[2019-12-08T10:01:07.448+0000][1][safepoint    ] Leaving safepoint region
[2019-12-08T10:01:07.448+0000][1][safepoint    ] Total time for which application threads were stopped: 0.0000945 seconds, Stopping threads took: 0.0000187 seconds
[2019-12-08T10:01:08.448+0000][1][safepoint    ] Application time: 1.0000865 seconds
[2019-12-08T10:01:08.448+0000][1][safepoint    ] Entering safepoint region: Cleanup
[2019-12-08T10:01:08.448+0000][1][safepoint    ] Leaving safepoint region
[2019-12-08T10:01:08.448+0000][1][safepoint    ] Total time for which application threads were stopped: 0.0000905 seconds, Stopping threads took: 0.0000219 seconds
[2019-12-08T10:01:09.448+0000][1][safepoint    ] Application time: 1.0000847 seconds
[2019-12-08T10:01:09.449+0000][1][safepoint    ] Entering safepoint region: Cleanup
[2019-12-08T10:01:09.449+0000][1][safepoint    ] Leaving safepoint region
[2019-12-08T10:01:09.449+0000][1][safepoint    ] Total time for which application threads were stopped: 0.0000877 seconds, Stopping threads took: 0.0000204 seconds
[2019-12-08T10:01:10.449+0000][1][safepoint    ] Application time: 1.0000811 seconds
[2019-12-08T10:01:10.449+0000][1][safepoint    ] Entering safepoint region: Cleanup
[2019-12-08T10:01:10.449+0000][1][safepoint    ] Leaving safepoint region
[2019-12-08T10:01:10.449+0000][1][safepoint    ] Total time for which application threads were stopped: 0.0000867 seconds, Stopping threads took: 0.0000199 seconds
[2019-12-08T10:01:11.449+0000][1][safepoint    ] Application time: 1.0000828 seconds
[2019-12-08T10:01:11.449+0000][1][safepoint    ] Entering safepoint region: Cleanup
[2019-12-08T10:01:11.449+0000][1][safepoint    ] Leaving safepoint region
[2019-12-08T10:01:11.449+0000][1][safepoint    ] Total time for which application threads were stopped: 0.0000902 seconds, Stopping threads took: 0.0000213 seconds
[2019-12-08T10:01:12.449+0000][1][safepoint    ] Application time: 1.0000805 seconds
[2019-12-08T10:01:12.449+0000][1][safepoint    ] Entering safepoint region: Cleanup
[2019-12-08T10:01:12.449+0000][1][safepoint    ] Leaving safepoint region
[2019-12-08T10:01:12.449+0000][1][safepoint    ] Total time for which application threads were stopped: 0.0000869 seconds, Stopping threads took: 0.0000190 seconds
[2019-12-08T10:01:13.449+0000][1][safepoint    ] Application time: 1.0000827 seconds
[2019-12-08T10:01:13.449+0000][1][safepoint    ] Entering safepoint region: Cleanup
[2019-12-08T10:01:13.449+0000][1][safepoint    ] Leaving safepoint region
[2019-12-08T10:01:13.449+0000][1][safepoint    ] Total time for which application threads were stopped: 0.0000962 seconds, Stopping threads took: 0.0000215 seconds
[2019-12-08T10:01:14.450+0000][1][safepoint    ] Application time: 1.0000775 seconds
[2019-12-08T10:01:14.450+0000][1][safepoint    ] Entering safepoint region: Cleanup
[2019-12-08T10:01:14.450+0000][1][safepoint    ] Leaving safepoint region
[2019-12-08T10:01:14.450+0000][1][safepoint    ] Total time for which application threads were stopped: 0.0001086 seconds, Stopping threads took: 0.0000212 seconds
[2019-12-08T10:01:14.616+0000][1][safepoint    ] Application time: 0.1665571 seconds
[2019-12-08T10:01:14.616+0000][1][safepoint    ] Entering safepoint region: GenCollectForAllocation
[2019-12-08T10:01:14.616+0000][1][gc,start     ] GC(29) Pause Young (Allocation Failure)
[2019-12-08T10:01:14.616+0000][1][gc,task      ] GC(29) Using 4 workers of 4 for evacuation
[2019-12-08T10:01:14.620+0000][1][gc,age       ] GC(29) Desired survivor size 4456448 bytes, new threshold 6 (max threshold 6)
[2019-12-08T10:01:14.620+0000][1][gc,age       ] GC(29) Age table with threshold 6 (max threshold 6)
[2019-12-08T10:01:14.620+0000][1][gc,age       ] GC(29) - age   1:       8896 bytes,       8896 total
[2019-12-08T10:01:14.620+0000][1][gc,age       ] GC(29) - age   2:       4168 bytes,      13064 total
[2019-12-08T10:01:14.620+0000][1][gc,age       ] GC(29) - age   3:       4992 bytes,      18056 total
[2019-12-08T10:01:14.620+0000][1][gc,age       ] GC(29) - age   4:     241328 bytes,     259384 total
[2019-12-08T10:01:14.620+0000][1][gc,age       ] GC(29) - age   5:     164904 bytes,     424288 total
[2019-12-08T10:01:14.620+0000][1][gc,age       ] GC(29) - age   6:    2023528 bytes,    2447816 total
[2019-12-08T10:01:14.620+0000][1][gc,heap      ] GC(29) ParNew: 73318K->3695K(78656K)
[2019-12-08T10:01:14.620+0000][1][gc,heap      ] GC(29) CMS: 67963K->67963K(174784K)
[2019-12-08T10:01:14.620+0000][1][gc,metaspace ] GC(29) Metaspace: 72473K->72473K(1116160K)
[2019-12-08T10:01:14.620+0000][1][gc           ] GC(29) Pause Young (Allocation Failure) 137M->69M(247M) 3.675ms
[2019-12-08T10:01:14.620+0000][1][gc,cpu       ] GC(29) User=0.01s Sys=0.00s Real=0.00s
[2019-12-08T10:01:14.620+0000][1][safepoint    ] Leaving safepoint region
[2019-12-08T10:01:14.620+0000][1][safepoint    ] Total time for which application threads were stopped: 0.0038352 seconds, Stopping threads took: 0.0000190 seconds
[2019-12-08T10:01:15.620+0000][1][safepoint    ] Application time: 1.0000919 seconds
[2019-12-08T10:01:15.620+0000][1][safepoint    ] Entering safepoint region: Cleanup
[2019-12-08T10:01:15.620+0000][1][safepoint    ] Leaving safepoint region
[2019-12-08T10:01:15.620+0000][1][safepoint    ] Total time for which application threads were stopped: 0.0000908 seconds, Stopping threads took: 0.0000194 seconds
[2019-12-08T10:01:16.620+0000][1][safepoint    ] Application time: 1.0000776 seconds
[2019-12-08T10:01:16.621+0000][1][safepoint    ] Entering safepoint region: Cleanup
[2019-12-08T10:01:16.621+0000][1][safepoint    ] Leaving safepoint region
[2019-12-08T10:01:16.621+0000][1][safepoint    ] Total time for which application threads were stopped: 0.0000874 seconds, Stopping threads took: 0.0000196 seconds
[2019-12-08T10:01:17.621+0000][1][safepoint    ] Application time: 1.0000762 seconds
[2019-12-08T10:01:17.621+0000][1][safepoint    ] Entering safepoint region: Cleanup
[2019-12-08T10:01:17.621+0000][1][safepoint    ] Leaving safepoint region
[2019-12-08T10:01:17.621+0000][1][safepoint    ] Total time for which application threads were stopped: 0.0000906 seconds, Stopping threads took: 0.0000227 seconds
[2019-12-08T10:01:18.621+0000][1][safepoint    ] Application time: 1.0000751 seconds
[2019-12-08T10:01:18.621+0000][1][safepoint    ] Entering safepoint region: Cleanup
[2019-12-08T10:01:18.621+0000][1][safepoint    ] Leaving safepoint region
[2019-12-08T10:01:18.621+0000][1][safepoint    ] Total time for which application threads were stopped: 0.0000872 seconds, Stopping threads took: 0.0000200 seconds
[2019-12-08T10:01:19.621+0000][1][safepoint    ] Application time: 1.0000849 seconds
[2019-12-08T10:01:19.621+0000][1][safepoint    ] Entering safepoint region: Cleanup
[2019-12-08T10:01:19.621+0000][1][safepoint    ] Leaving safepoint region
[2019-12-08T10:01:19.621+0000][1][safepoint    ] Total time for which application threads were stopped: 0.0001222 seconds, Stopping threads took: 0.0000534 seconds
[2019-12-08T10:01:20.621+0000][1][safepoint    ] Application time: 1.0000858 seconds
[2019-12-08T10:01:20.621+0000][1][safepoint    ] Entering safepoint region: Cleanup
[2019-12-08T10:01:20.621+0000][1][safepoint    ] Leaving safepoint region
[2019-12-08T10:01:20.621+0000][1][safepoint    ] Total time for which application threads were stopped: 0.0000872 seconds, Stopping threads took: 0.0000200 seconds
[2019-12-08T10:01:21.622+0000][1][safepoint    ] Application time: 1.0000743 seconds
[2019-12-08T10:01:21.622+0000][1][safepoint    ] Entering safepoint region: Cleanup
[2019-12-08T10:01:21.622+0000][1][safepoint    ] Leaving safepoint region
[2019-12-08T10:01:21.622+0000][1][safepoint    ] Total time for which application threads were stopped: 0.0000940 seconds, Stopping threads took: 0.0000185 seconds
[2019-12-08T10:01:22.622+0000][1][safepoint    ] Application time: 1.0000751 seconds
[2019-12-08T10:01:22.622+0000][1][safepoint    ] Entering safepoint region: Cleanup
[2019-12-08T10:01:22.622+0000][1][safepoint    ] Leaving safepoint region
[2019-12-08T10:01:22.622+0000][1][safepoint    ] Total time for which application threads were stopped: 0.0000876 seconds, Stopping threads took: 0.0000206 seconds
[2019-12-08T10:01:23.622+0000][1][safepoint    ] Application time: 1.0000799 seconds
[2019-12-08T10:01:23.622+0000][1][safepoint    ] Entering safepoint region: Cleanup
[2019-12-08T10:01:23.622+0000][1][safepoint    ] Leaving safepoint region
[2019-12-08T10:01:23.622+0000][1][safepoint    ] Total time for which application threads were stopped: 0.0000805 seconds, Stopping threads took: 0.0000180 seconds
[2019-12-08T10:01:24.622+0000][1][safepoint    ] Application time: 1.0000768 seconds
[2019-12-08T10:01:24.622+0000][1][safepoint    ] Entering safepoint region: Cleanup
[2019-12-08T10:01:24.622+0000][1][safepoint    ] Leaving safepoint region
[2019-12-08T10:01:24.622+0000][1][safepoint    ] Total time for which application threads were stopped: 0.0000870 seconds, Stopping threads took: 0.0000222 seconds
[2019-12-08T10:01:25.622+0000][1][safepoint    ] Application time: 1.0000823 seconds
[2019-12-08T10:01:25.622+0000][1][safepoint    ] Entering safepoint region: Cleanup
[2019-12-08T10:01:25.623+0000][1][safepoint    ] Leaving safepoint region
[2019-12-08T10:01:25.623+0000][1][safepoint    ] Total time for which application threads were stopped: 0.0000859 seconds, Stopping threads took: 0.0000206 seconds
[2019-12-08T10:01:26.623+0000][1][safepoint    ] Application time: 1.0000815 seconds
[2019-12-08T10:01:26.623+0000][1][safepoint    ] Entering safepoint region: Cleanup
[2019-12-08T10:01:26.623+0000][1][safepoint    ] Leaving safepoint region
[2019-12-08T10:01:26.623+0000][1][safepoint    ] Total time for which application threads were stopped: 0.0001114 seconds, Stopping threads took: 0.0000280 seconds
[2019-12-08T10:01:27.623+0000][1][safepoint    ] Application time: 1.0000828 seconds
[2019-12-08T10:01:27.623+0000][1][safepoint    ] Entering safepoint region: Cleanup
[2019-12-08T10:01:27.623+0000][1][safepoint    ] Leaving safepoint region
[2019-12-08T10:01:27.623+0000][1][safepoint    ] Total time for which application threads were stopped: 0.0000826 seconds, Stopping threads took: 0.0000190 seconds
[2019-12-08T10:01:28.623+0000][1][safepoint    ] Application time: 1.0000782 seconds
[2019-12-08T10:01:28.623+0000][1][safepoint    ] Entering safepoint region: Cleanup
[2019-12-08T10:01:28.623+0000][1][safepoint    ] Leaving safepoint region
[2019-12-08T10:01:28.623+0000][1][safepoint    ] Total time for which application threads were stopped: 0.0000805 seconds, Stopping threads took: 0.0000186 seconds
[2019-12-08T10:01:29.623+0000][1][safepoint    ] Application time: 1.0000805 seconds
[2019-12-08T10:01:29.623+0000][1][safepoint    ] Entering safepoint region: Cleanup
[2019-12-08T10:01:29.623+0000][1][safepoint    ] Leaving safepoint region
[2019-12-08T10:01:29.623+0000][1][safepoint    ] Total time for which application threads were stopped: 0.0000841 seconds, Stopping threads took: 0.0000194 seconds
[2019-12-08T10:01:30.623+0000][1][safepoint    ] Application time: 1.0000779 seconds
[2019-12-08T10:01:30.623+0000][1][safepoint    ] Entering safepoint region: Cleanup
[2019-12-08T10:01:30.624+0000][1][safepoint    ] Leaving safepoint region
[2019-12-08T10:01:30.624+0000][1][safepoint    ] Total time for which application threads were stopped: 0.0000848 seconds, Stopping threads took: 0.0000196 seconds
[2019-12-08T10:01:31.624+0000][1][safepoint    ] Application time: 1.0000769 seconds
[2019-12-08T10:01:31.624+0000][1][safepoint    ] Entering safepoint region: Cleanup
[2019-12-08T10:01:31.624+0000][1][safepoint    ] Leaving safepoint region
[2019-12-08T10:01:31.624+0000][1][safepoint    ] Total time for which application threads were stopped: 0.0000979 seconds, Stopping threads took: 0.0000332 seconds
[2019-12-08T10:01:32.624+0000][1][safepoint    ] Application time: 1.0000780 seconds
[2019-12-08T10:01:32.624+0000][1][safepoint    ] Entering safepoint region: Cleanup
[2019-12-08T10:01:32.624+0000][1][safepoint    ] Leaving safepoint region
[2019-12-08T10:01:32.624+0000][1][safepoint    ] Total time for which application threads were stopped: 0.0000920 seconds, Stopping threads took: 0.0000210 seconds
[2019-12-08T10:01:33.624+0000][1][safepoint    ] Application time: 1.0000760 seconds
[2019-12-08T10:01:33.624+0000][1][safepoint    ] Entering safepoint region: Cleanup
[2019-12-08T10:01:33.624+0000][1][safepoint    ] Leaving safepoint region
[2019-12-08T10:01:33.624+0000][1][safepoint    ] Total time for which application threads were stopped: 0.0000814 seconds, Stopping threads took: 0.0000185 seconds
[2019-12-08T10:01:34.624+0000][1][safepoint    ] Application time: 1.0000758 seconds
[2019-12-08T10:01:34.624+0000][1][safepoint    ] Entering safepoint region: Cleanup
[2019-12-08T10:01:34.624+0000][1][safepoint    ] Leaving safepoint region
[2019-12-08T10:01:34.624+0000][1][safepoint    ] Total time for which application threads were stopped: 0.0000807 seconds, Stopping threads took: 0.0000176 seconds
[2019-12-08T10:01:35.624+0000][1][safepoint    ] Application time: 1.0000838 seconds
[2019-12-08T10:01:35.624+0000][1][safepoint    ] Entering safepoint region: Cleanup
[2019-12-08T10:01:35.625+0000][1][safepoint    ] Leaving safepoint region
[2019-12-08T10:01:35.625+0000][1][safepoint    ] Total time for which application threads were stopped: 0.0000850 seconds, Stopping threads took: 0.0000211 seconds
[2019-12-08T10:01:36.625+0000][1][safepoint    ] Application time: 1.0000758 seconds
[2019-12-08T10:01:36.625+0000][1][safepoint    ] Entering safepoint region: Cleanup
[2019-12-08T10:01:36.625+0000][1][safepoint    ] Leaving safepoint region
[2019-12-08T10:01:36.625+0000][1][safepoint    ] Total time for which application threads were stopped: 0.0001078 seconds, Stopping threads took: 0.0000446 seconds
[2019-12-08T10:01:37.625+0000][1][safepoint    ] Application time: 1.0000785 seconds
[2019-12-08T10:01:37.625+0000][1][safepoint    ] Entering safepoint region: Cleanup
[2019-12-08T10:01:37.625+0000][1][safepoint    ] Leaving safepoint region
[2019-12-08T10:01:37.625+0000][1][safepoint    ] Total time for which application threads were stopped: 0.0000841 seconds, Stopping threads took: 0.0000194 seconds
[2019-12-08T10:01:38.625+0000][1][safepoint    ] Application time: 1.0000814 seconds
[2019-12-08T10:01:38.625+0000][1][safepoint    ] Entering safepoint region: Cleanup
[2019-12-08T10:01:38.625+0000][1][safepoint    ] Leaving safepoint region
[2019-12-08T10:01:38.625+0000][1][safepoint    ] Total time for which application threads were stopped: 0.0000890 seconds, Stopping threads took: 0.0000198 seconds
[2019-12-08T10:01:39.625+0000][1][safepoint    ] Application time: 1.0000790 seconds
[2019-12-08T10:01:39.625+0000][1][safepoint    ] Entering safepoint region: Cleanup
[2019-12-08T10:01:39.625+0000][1][safepoint    ] Leaving safepoint region
[2019-12-08T10:01:39.625+0000][1][safepoint    ] Total time for which application threads were stopped: 0.0000831 seconds, Stopping threads took: 0.0000186 seconds
[2019-12-08T10:01:40.625+0000][1][safepoint    ] Application time: 1.0000770 seconds
[2019-12-08T10:01:40.626+0000][1][safepoint    ] Entering safepoint region: Cleanup
[2019-12-08T10:01:40.626+0000][1][safepoint    ] Leaving safepoint region
[2019-12-08T10:01:40.626+0000][1][safepoint    ] Total time for which application threads were stopped: 0.0000819 seconds, Stopping threads took: 0.0000190 seconds
[2019-12-08T10:01:41.626+0000][1][safepoint    ] Application time: 1.0000906 seconds
[2019-12-08T10:01:41.626+0000][1][safepoint    ] Entering safepoint region: Cleanup
[2019-12-08T10:01:41.626+0000][1][safepoint    ] Leaving safepoint region
[2019-12-08T10:01:41.626+0000][1][safepoint    ] Total time for which application threads were stopped: 0.0000855 seconds, Stopping threads took: 0.0000201 seconds
[2019-12-08T10:01:42.626+0000][1][safepoint    ] Application time: 1.0000803 seconds
[2019-12-08T10:01:42.626+0000][1][safepoint    ] Entering safepoint region: Cleanup
[2019-12-08T10:01:42.626+0000][1][safepoint    ] Leaving safepoint region
[2019-12-08T10:01:42.626+0000][1][safepoint    ] Total time for which application threads were stopped: 0.0000853 seconds, Stopping threads took: 0.0000209 seconds
[2019-12-08T10:01:43.626+0000][1][safepoint    ] Application time: 1.0000800 seconds
[2019-12-08T10:01:43.626+0000][1][safepoint    ] Entering safepoint region: Cleanup
[2019-12-08T10:01:43.626+0000][1][safepoint    ] Leaving safepoint region
[2019-12-08T10:01:43.626+0000][1][safepoint    ] Total time for which application threads were stopped: 0.0000891 seconds, Stopping threads took: 0.0000200 seconds
[2019-12-08T10:01:44.626+0000][1][safepoint    ] Application time: 1.0000821 seconds
[2019-12-08T10:01:44.626+0000][1][safepoint    ] Entering safepoint region: Cleanup
[2019-12-08T10:01:44.626+0000][1][safepoint    ] Leaving safepoint region
[2019-12-08T10:01:44.626+0000][1][safepoint    ] Total time for which application threads were stopped: 0.0000903 seconds, Stopping threads took: 0.0000215 seconds
[2019-12-08T10:01:45.627+0000][1][safepoint    ] Application time: 1.0000778 seconds
[2019-12-08T10:01:45.627+0000][1][safepoint    ] Entering safepoint region: Cleanup
[2019-12-08T10:01:45.627+0000][1][safepoint    ] Leaving safepoint region
[2019-12-08T10:01:45.627+0000][1][safepoint    ] Total time for which application threads were stopped: 0.0000845 seconds, Stopping threads took: 0.0000200 seconds
[2019-12-08T10:01:46.627+0000][1][safepoint    ] Application time: 1.0000811 seconds
[2019-12-08T10:01:46.627+0000][1][safepoint    ] Entering safepoint region: Cleanup
[2019-12-08T10:01:46.627+0000][1][safepoint    ] Leaving safepoint region
[2019-12-08T10:01:46.627+0000][1][safepoint    ] Total time for which application threads were stopped: 0.0000893 seconds, Stopping threads took: 0.0000210 seconds
[2019-12-08T10:01:47.627+0000][1][safepoint    ] Application time: 1.0000860 seconds
[2019-12-08T10:01:47.627+0000][1][safepoint    ] Entering safepoint region: Cleanup
[2019-12-08T10:01:47.627+0000][1][safepoint    ] Leaving safepoint region
[2019-12-08T10:01:47.627+0000][1][safepoint    ] Total time for which application threads were stopped: 0.0000918 seconds, Stopping threads took: 0.0000224 seconds
[2019-12-08T10:01:48.627+0000][1][safepoint    ] Application time: 1.0000772 seconds
[2019-12-08T10:01:48.627+0000][1][safepoint    ] Entering safepoint region: Cleanup
[2019-12-08T10:01:48.627+0000][1][safepoint    ] Leaving safepoint region
[2019-12-08T10:01:48.627+0000][1][safepoint    ] Total time for which application threads were stopped: 0.0000918 seconds, Stopping threads took: 0.0000213 seconds
[2019-12-08T10:01:49.627+0000][1][safepoint    ] Application time: 1.0000793 seconds
[2019-12-08T10:01:49.627+0000][1][safepoint    ] Entering safepoint region: Cleanup
[2019-12-08T10:01:49.628+0000][1][safepoint    ] Leaving safepoint region
[2019-12-08T10:01:49.628+0000][1][safepoint    ] Total time for which application threads were stopped: 0.0000886 seconds, Stopping threads took: 0.0000204 seconds
[2019-12-08T10:01:50.628+0000][1][safepoint    ] Application time: 1.0000773 seconds
[2019-12-08T10:01:50.628+0000][1][safepoint    ] Entering safepoint region: Cleanup
[2019-12-08T10:01:50.628+0000][1][safepoint    ] Leaving safepoint region
[2019-12-08T10:01:50.628+0000][1][safepoint    ] Total time for which application threads were stopped: 0.0000920 seconds, Stopping threads took: 0.0000190 seconds
[2019-12-08T10:01:51.628+0000][1][safepoint    ] Application time: 1.0000740 seconds
[2019-12-08T10:01:51.628+0000][1][safepoint    ] Entering safepoint region: Cleanup
[2019-12-08T10:01:51.628+0000][1][safepoint    ] Leaving safepoint region
[2019-12-08T10:01:51.628+0000][1][safepoint    ] Total time for which application threads were stopped: 0.0000845 seconds, Stopping threads took: 0.0000188 seconds
[2019-12-08T10:01:52.628+0000][1][safepoint    ] Application time: 1.0000751 seconds
[2019-12-08T10:01:52.628+0000][1][safepoint    ] Entering safepoint region: Cleanup
[2019-12-08T10:01:52.628+0000][1][safepoint    ] Leaving safepoint region
[2019-12-08T10:01:52.628+0000][1][safepoint    ] Total time for which application threads were stopped: 0.0000842 seconds, Stopping threads took: 0.0000192 seconds
[2019-12-08T10:01:53.628+0000][1][safepoint    ] Application time: 1.0000905 seconds
[2019-12-08T10:01:53.628+0000][1][safepoint    ] Entering safepoint region: Cleanup
[2019-12-08T10:01:53.628+0000][1][safepoint    ] Leaving safepoint region
[2019-12-08T10:01:53.628+0000][1][safepoint    ] Total time for which application threads were stopped: 0.0000928 seconds, Stopping threads took: 0.0000217 seconds
[2019-12-08T10:01:54.628+0000][1][safepoint    ] Application time: 1.0000756 seconds
[2019-12-08T10:01:54.628+0000][1][safepoint    ] Entering safepoint region: Cleanup
[2019-12-08T10:01:54.629+0000][1][safepoint    ] Leaving safepoint region
[2019-12-08T10:01:54.629+0000][1][safepoint    ] Total time for which application threads were stopped: 0.0000879 seconds, Stopping threads took: 0.0000165 seconds
[2019-12-08T10:01:55.629+0000][1][safepoint    ] Application time: 1.0000761 seconds
[2019-12-08T10:01:55.629+0000][1][safepoint    ] Entering safepoint region: Cleanup
[2019-12-08T10:01:55.629+0000][1][safepoint    ] Leaving safepoint region
[2019-12-08T10:01:55.629+0000][1][safepoint    ] Total time for which application threads were stopped: 0.0000980 seconds, Stopping threads took: 0.0000300 seconds
[2019-12-08T10:01:56.629+0000][1][safepoint    ] Application time: 1.0000737 seconds
[2019-12-08T10:01:56.629+0000][1][safepoint    ] Entering safepoint region: Cleanup
[2019-12-08T10:01:56.629+0000][1][safepoint    ] Leaving safepoint region
[2019-12-08T10:01:56.629+0000][1][safepoint    ] Total time for which application threads were stopped: 0.0000860 seconds, Stopping threads took: 0.0000190 seconds
[2019-12-08T10:01:57.629+0000][1][safepoint    ] Application time: 1.0000746 seconds
[2019-12-08T10:01:57.629+0000][1][safepoint    ] Entering safepoint region: Cleanup
[2019-12-08T10:01:57.629+0000][1][safepoint    ] Leaving safepoint region
[2019-12-08T10:01:57.629+0000][1][safepoint    ] Total time for which application threads were stopped: 0.0000866 seconds, Stopping threads took: 0.0000206 seconds
[2019-12-08T10:01:58.629+0000][1][safepoint    ] Application time: 1.0000751 seconds
[2019-12-08T10:01:58.629+0000][1][safepoint    ] Entering safepoint region: Cleanup
[2019-12-08T10:01:58.629+0000][1][safepoint    ] Leaving safepoint region
[2019-12-08T10:01:58.629+0000][1][safepoint    ] Total time for which application threads were stopped: 0.0000859 seconds, Stopping threads took: 0.0000167 seconds
[2019-12-08T10:01:59.629+0000][1][safepoint    ] Application time: 1.0000809 seconds
[2019-12-08T10:01:59.630+0000][1][safepoint    ] Entering safepoint region: Cleanup
[2019-12-08T10:01:59.630+0000][1][safepoint    ] Leaving safepoint region
[2019-12-08T10:01:59.630+0000][1][safepoint    ] Total time for which application threads were stopped: 0.0000905 seconds, Stopping threads took: 0.0000205 seconds
[2019-12-08T10:02:00.630+0000][1][safepoint    ] Application time: 1.0000760 seconds
[2019-12-08T10:02:00.630+0000][1][safepoint    ] Entering safepoint region: Cleanup
[2019-12-08T10:02:00.630+0000][1][safepoint    ] Leaving safepoint region
[2019-12-08T10:02:00.630+0000][1][safepoint    ] Total time for which application threads were stopped: 0.0000858 seconds, Stopping threads took: 0.0000197 seconds
[2019-12-08T10:02:01.630+0000][1][safepoint    ] Application time: 1.0001071 seconds
[2019-12-08T10:02:01.630+0000][1][safepoint    ] Entering safepoint region: Cleanup
[2019-12-08T10:02:01.630+0000][1][safepoint    ] Leaving safepoint region
[2019-12-08T10:02:01.630+0000][1][safepoint    ] Total time for which application threads were stopped: 0.0001490 seconds, Stopping threads took: 0.0000349 seconds
[2019-12-08T10:02:02.630+0000][1][safepoint    ] Application time: 1.0000909 seconds
[2019-12-08T10:02:02.630+0000][1][safepoint    ] Entering safepoint region: Cleanup
[2019-12-08T10:02:02.630+0000][1][safepoint    ] Leaving safepoint region
[2019-12-08T10:02:02.630+0000][1][safepoint    ] Total time for which application threads were stopped: 0.0000889 seconds, Stopping threads took: 0.0000206 seconds
[2019-12-08T10:02:03.630+0000][1][safepoint    ] Application time: 1.0000833 seconds
[2019-12-08T10:02:03.631+0000][1][safepoint    ] Entering safepoint region: Cleanup
[2019-12-08T10:02:03.631+0000][1][safepoint    ] Leaving safepoint region
[2019-12-08T10:02:03.631+0000][1][safepoint    ] Total time for which application threads were stopped: 0.0000906 seconds, Stopping threads took: 0.0000217 seconds
[2019-12-08T10:02:04.631+0000][1][safepoint    ] Application time: 1.0000979 seconds
[2019-12-08T10:02:04.631+0000][1][safepoint    ] Entering safepoint region: Cleanup
[2019-12-08T10:02:04.631+0000][1][safepoint    ] Leaving safepoint region
[2019-12-08T10:02:04.631+0000][1][safepoint    ] Total time for which application threads were stopped: 0.0000984 seconds, Stopping threads took: 0.0000229 seconds
[2019-12-08T10:02:05.631+0000][1][safepoint    ] Application time: 1.0000886 seconds
[2019-12-08T10:02:05.631+0000][1][safepoint    ] Entering safepoint region: Cleanup
[2019-12-08T10:02:05.631+0000][1][safepoint    ] Leaving safepoint region
[2019-12-08T10:02:05.631+0000][1][safepoint    ] Total time for which application threads were stopped: 0.0000888 seconds, Stopping threads took: 0.0000210 seconds
[2019-12-08T10:02:06.631+0000][1][safepoint    ] Application time: 1.0001026 seconds
[2019-12-08T10:02:06.631+0000][1][safepoint    ] Entering safepoint region: Cleanup
[2019-12-08T10:02:06.631+0000][1][safepoint    ] Leaving safepoint region
[2019-12-08T10:02:06.631+0000][1][safepoint    ] Total time for which application threads were stopped: 0.0000942 seconds, Stopping threads took: 0.0000200 seconds
[2019-12-08T10:02:07.631+0000][1][safepoint    ] Application time: 1.0000853 seconds
[2019-12-08T10:02:07.631+0000][1][safepoint    ] Entering safepoint region: Cleanup
[2019-12-08T10:02:07.632+0000][1][safepoint    ] Leaving safepoint region
[2019-12-08T10:02:07.632+0000][1][safepoint    ] Total time for which application threads were stopped: 0.0000941 seconds, Stopping threads took: 0.0000207 seconds
[2019-12-08T10:02:08.632+0000][1][safepoint    ] Application time: 1.0000804 seconds
[2019-12-08T10:02:08.632+0000][1][safepoint    ] Entering safepoint region: Cleanup
[2019-12-08T10:02:08.632+0000][1][safepoint    ] Leaving safepoint region
[2019-12-08T10:02:08.632+0000][1][safepoint    ] Total time for which application threads were stopped: 0.0001021 seconds, Stopping threads took: 0.0000202 seconds
[2019-12-08T10:02:09.632+0000][1][safepoint    ] Application time: 1.0000917 seconds
[2019-12-08T10:02:09.632+0000][1][safepoint    ] Entering safepoint region: Cleanup
[2019-12-08T10:02:09.632+0000][1][safepoint    ] Leaving safepoint region
[2019-12-08T10:02:09.632+0000][1][safepoint    ] Total time for which application threads were stopped: 0.0001022 seconds, Stopping threads took: 0.0000321 seconds
[2019-12-08T10:02:10.632+0000][1][safepoint    ] Application time: 1.0000809 seconds
[2019-12-08T10:02:10.632+0000][1][safepoint    ] Entering safepoint region: Cleanup
[2019-12-08T10:02:10.632+0000][1][safepoint    ] Leaving safepoint region
[2019-12-08T10:02:10.632+0000][1][safepoint    ] Total time for which application threads were stopped: 0.0000966 seconds, Stopping threads took: 0.0000198 seconds
[2019-12-08T10:02:11.632+0000][1][safepoint    ] Application time: 1.0000850 seconds
[2019-12-08T10:02:11.632+0000][1][safepoint    ] Entering safepoint region: Cleanup
[2019-12-08T10:02:11.632+0000][1][safepoint    ] Leaving safepoint region
[2019-12-08T10:02:11.632+0000][1][safepoint    ] Total time for which application threads were stopped: 0.0000959 seconds, Stopping threads took: 0.0000197 seconds
[2019-12-08T10:02:12.633+0000][1][safepoint    ] Application time: 1.0000894 seconds
[2019-12-08T10:02:12.633+0000][1][safepoint    ] Entering safepoint region: Cleanup
[2019-12-08T10:02:12.633+0000][1][safepoint    ] Leaving safepoint region
[2019-12-08T10:02:12.633+0000][1][safepoint    ] Total time for which application threads were stopped: 0.0000895 seconds, Stopping threads took: 0.0000216 seconds
[2019-12-08T10:02:13.633+0000][1][safepoint    ] Application time: 1.0000969 seconds
[2019-12-08T10:02:13.633+0000][1][safepoint    ] Entering safepoint region: Cleanup
[2019-12-08T10:02:13.633+0000][1][safepoint    ] Leaving safepoint region
[2019-12-08T10:02:13.633+0000][1][safepoint    ] Total time for which application threads were stopped: 0.0000928 seconds, Stopping threads took: 0.0000211 seconds
[2019-12-08T10:02:14.633+0000][1][safepoint    ] Application time: 1.0000840 seconds
[2019-12-08T10:02:14.633+0000][1][safepoint    ] Entering safepoint region: Cleanup
[2019-12-08T10:02:14.633+0000][1][safepoint    ] Leaving safepoint region
[2019-12-08T10:02:14.633+0000][1][safepoint    ] Total time for which application threads were stopped: 0.0000896 seconds, Stopping threads took: 0.0000215 seconds
[2019-12-08T10:02:15.633+0000][1][safepoint    ] Application time: 1.0000802 seconds
[2019-12-08T10:02:15.633+0000][1][safepoint    ] Entering safepoint region: Cleanup
[2019-12-08T10:02:15.633+0000][1][safepoint    ] Leaving safepoint region
[2019-12-08T10:02:15.633+0000][1][safepoint    ] Total time for which application threads were stopped: 0.0000868 seconds, Stopping threads took: 0.0000185 seconds
[2019-12-08T10:02:16.633+0000][1][safepoint    ] Application time: 1.0000797 seconds
[2019-12-08T10:02:16.633+0000][1][safepoint    ] Entering safepoint region: Cleanup
[2019-12-08T10:02:16.634+0000][1][safepoint    ] Leaving safepoint region
[2019-12-08T10:02:16.634+0000][1][safepoint    ] Total time for which application threads were stopped: 0.0000876 seconds, Stopping threads took: 0.0000191 seconds
[2019-12-08T10:02:17.634+0000][1][safepoint    ] Application time: 1.0000800 seconds
[2019-12-08T10:02:17.634+0000][1][safepoint    ] Entering safepoint region: Cleanup
[2019-12-08T10:02:17.634+0000][1][safepoint    ] Leaving safepoint region
[2019-12-08T10:02:17.634+0000][1][safepoint    ] Total time for which application threads were stopped: 0.0000927 seconds, Stopping threads took: 0.0000287 seconds
[2019-12-08T10:02:18.634+0000][1][safepoint    ] Application time: 1.0000796 seconds
[2019-12-08T10:02:18.634+0000][1][safepoint    ] Entering safepoint region: Cleanup
[2019-12-08T10:02:18.634+0000][1][safepoint    ] Leaving safepoint region
[2019-12-08T10:02:18.634+0000][1][safepoint    ] Total time for which application threads were stopped: 0.0000873 seconds, Stopping threads took: 0.0000192 seconds
[2019-12-08T10:02:19.634+0000][1][safepoint    ] Application time: 1.0000777 seconds
[2019-12-08T10:02:19.634+0000][1][safepoint    ] Entering safepoint region: Cleanup
[2019-12-08T10:02:19.634+0000][1][safepoint    ] Leaving safepoint region
[2019-12-08T10:02:19.634+0000][1][safepoint    ] Total time for which application threads were stopped: 0.0000897 seconds, Stopping threads took: 0.0000258 seconds
[2019-12-08T10:02:20.634+0000][1][safepoint    ] Application time: 1.0000770 seconds
[2019-12-08T10:02:20.634+0000][1][safepoint    ] Entering safepoint region: Cleanup
[2019-12-08T10:02:20.634+0000][1][safepoint    ] Leaving safepoint region
[2019-12-08T10:02:20.634+0000][1][safepoint    ] Total time for which application threads were stopped: 0.0000898 seconds, Stopping threads took: 0.0000188 seconds
[2019-12-08T10:02:21.634+0000][1][safepoint    ] Application time: 1.0000759 seconds
[2019-12-08T10:02:21.635+0000][1][safepoint    ] Entering safepoint region: Cleanup
[2019-12-08T10:02:21.635+0000][1][safepoint    ] Leaving safepoint region
[2019-12-08T10:02:21.635+0000][1][safepoint    ] Total time for which application threads were stopped: 0.0000834 seconds, Stopping threads took: 0.0000184 seconds
[2019-12-08T10:02:22.635+0000][1][safepoint    ] Application time: 1.0000765 seconds
[2019-12-08T10:02:22.635+0000][1][safepoint    ] Entering safepoint region: Cleanup
[2019-12-08T10:02:22.635+0000][1][safepoint    ] Leaving safepoint region
[2019-12-08T10:02:22.635+0000][1][safepoint    ] Total time for which application threads were stopped: 0.0000859 seconds, Stopping threads took: 0.0000212 seconds
[2019-12-08T10:02:23.635+0000][1][safepoint    ] Application time: 1.0000822 seconds
[2019-12-08T10:02:23.635+0000][1][safepoint    ] Entering safepoint region: Cleanup
[2019-12-08T10:02:23.635+0000][1][safepoint    ] Leaving safepoint region
[2019-12-08T10:02:23.635+0000][1][safepoint    ] Total time for which application threads were stopped: 0.0000884 seconds, Stopping threads took: 0.0000196 seconds
[2019-12-08T10:02:24.635+0000][1][safepoint    ] Application time: 1.0000785 seconds
[2019-12-08T10:02:24.635+0000][1][safepoint    ] Entering safepoint region: Cleanup
[2019-12-08T10:02:24.635+0000][1][safepoint    ] Leaving safepoint region
[2019-12-08T10:02:24.635+0000][1][safepoint    ] Total time for which application threads were stopped: 0.0000866 seconds, Stopping threads took: 0.0000203 seconds
[2019-12-08T10:02:25.635+0000][1][safepoint    ] Application time: 1.0000776 seconds
[2019-12-08T10:02:25.635+0000][1][safepoint    ] Entering safepoint region: Cleanup
[2019-12-08T10:02:25.635+0000][1][safepoint    ] Leaving safepoint region
[2019-12-08T10:02:25.635+0000][1][safepoint    ] Total time for which application threads were stopped: 0.0000847 seconds, Stopping threads took: 0.0000178 seconds
[2019-12-08T10:02:26.636+0000][1][safepoint    ] Application time: 1.0000849 seconds
[2019-12-08T10:02:26.636+0000][1][safepoint    ] Entering safepoint region: Cleanup
[2019-12-08T10:02:26.636+0000][1][safepoint    ] Leaving safepoint region
[2019-12-08T10:02:26.636+0000][1][safepoint    ] Total time for which application threads were stopped: 0.0001165 seconds, Stopping threads took: 0.0000290 seconds
[2019-12-08T10:02:27.636+0000][1][safepoint    ] Application time: 1.0000982 seconds
[2019-12-08T10:02:27.636+0000][1][safepoint    ] Entering safepoint region: Cleanup
[2019-12-08T10:02:27.636+0000][1][safepoint    ] Leaving safepoint region
[2019-12-08T10:02:27.636+0000][1][safepoint    ] Total time for which application threads were stopped: 0.0000952 seconds, Stopping threads took: 0.0000284 seconds
[2019-12-08T10:02:28.636+0000][1][safepoint    ] Application time: 1.0000798 seconds
[2019-12-08T10:02:28.636+0000][1][safepoint    ] Entering safepoint region: Cleanup
[2019-12-08T10:02:28.636+0000][1][safepoint    ] Leaving safepoint region
[2019-12-08T10:02:28.636+0000][1][safepoint    ] Total time for which application threads were stopped: 0.0000926 seconds, Stopping threads took: 0.0000192 seconds
[2019-12-08T10:02:29.636+0000][1][safepoint    ] Application time: 1.0000794 seconds
[2019-12-08T10:02:29.636+0000][1][safepoint    ] Entering safepoint region: Cleanup
[2019-12-08T10:02:29.636+0000][1][safepoint    ] Leaving safepoint region
[2019-12-08T10:02:29.636+0000][1][safepoint    ] Total time for which application threads were stopped: 0.0001001 seconds, Stopping threads took: 0.0000255 seconds
[2019-12-08T10:02:30.636+0000][1][safepoint    ] Application time: 1.0000798 seconds
[2019-12-08T10:02:30.636+0000][1][safepoint    ] Entering safepoint region: Cleanup
[2019-12-08T10:02:30.637+0000][1][safepoint    ] Leaving safepoint region
[2019-12-08T10:02:30.637+0000][1][safepoint    ] Total time for which application threads were stopped: 0.0000879 seconds, Stopping threads took: 0.0000194 seconds
[2019-12-08T10:02:31.637+0000][1][safepoint    ] Application time: 1.0000767 seconds
[2019-12-08T10:02:31.637+0000][1][safepoint    ] Entering safepoint region: Cleanup
[2019-12-08T10:02:31.637+0000][1][safepoint    ] Leaving safepoint region
[2019-12-08T10:02:31.637+0000][1][safepoint    ] Total time for which application threads were stopped: 0.0000878 seconds, Stopping threads took: 0.0000208 seconds
[2019-12-08T10:02:32.637+0000][1][safepoint    ] Application time: 1.0000766 seconds
[2019-12-08T10:02:32.637+0000][1][safepoint    ] Entering safepoint region: Cleanup
[2019-12-08T10:02:32.637+0000][1][safepoint    ] Leaving safepoint region
[2019-12-08T10:02:32.637+0000][1][safepoint    ] Total time for which application threads were stopped: 0.0000865 seconds, Stopping threads took: 0.0000195 seconds
[2019-12-08T10:02:33.637+0000][1][safepoint    ] Application time: 1.0000773 seconds
[2019-12-08T10:02:33.637+0000][1][safepoint    ] Entering safepoint region: Cleanup
[2019-12-08T10:02:33.637+0000][1][safepoint    ] Leaving safepoint region
[2019-12-08T10:02:33.637+0000][1][safepoint    ] Total time for which application threads were stopped: 0.0000863 seconds, Stopping threads took: 0.0000206 seconds
[2019-12-08T10:02:34.637+0000][1][safepoint    ] Application time: 1.0000740 seconds
[2019-12-08T10:02:34.637+0000][1][safepoint    ] Entering safepoint region: Cleanup
[2019-12-08T10:02:34.637+0000][1][safepoint    ] Leaving safepoint region
[2019-12-08T10:02:34.637+0000][1][safepoint    ] Total time for which application threads were stopped: 0.0000872 seconds, Stopping threads took: 0.0000196 seconds
[2019-12-08T10:02:35.637+0000][1][safepoint    ] Application time: 1.0000768 seconds
[2019-12-08T10:02:35.638+0000][1][safepoint    ] Entering safepoint region: Cleanup
[2019-12-08T10:02:35.638+0000][1][safepoint    ] Leaving safepoint region
[2019-12-08T10:02:35.638+0000][1][safepoint    ] Total time for which application threads were stopped: 0.0000877 seconds, Stopping threads took: 0.0000189 seconds
[2019-12-08T10:02:36.638+0000][1][safepoint    ] Application time: 1.0000752 seconds
[2019-12-08T10:02:36.638+0000][1][safepoint    ] Entering safepoint region: Cleanup
[2019-12-08T10:02:36.638+0000][1][safepoint    ] Leaving safepoint region
[2019-12-08T10:02:36.638+0000][1][safepoint    ] Total time for which application threads were stopped: 0.0000922 seconds, Stopping threads took: 0.0000247 seconds
[2019-12-08T10:02:37.638+0000][1][safepoint    ] Application time: 1.0000837 seconds
[2019-12-08T10:02:37.638+0000][1][safepoint    ] Entering safepoint region: Cleanup
[2019-12-08T10:02:37.638+0000][1][safepoint    ] Leaving safepoint region
[2019-12-08T10:02:37.638+0000][1][safepoint    ] Total time for which application threads were stopped: 0.0000847 seconds, Stopping threads took: 0.0000193 seconds
[2019-12-08T10:02:38.638+0000][1][safepoint    ] Application time: 1.0000794 seconds
[2019-12-08T10:02:38.638+0000][1][safepoint    ] Entering safepoint region: Cleanup
[2019-12-08T10:02:38.638+0000][1][safepoint    ] Leaving safepoint region
[2019-12-08T10:02:38.638+0000][1][safepoint    ] Total time for which application threads were stopped: 0.0000969 seconds, Stopping threads took: 0.0000220 seconds
[2019-12-08T10:02:39.638+0000][1][safepoint    ] Application time: 1.0000829 seconds
[2019-12-08T10:02:39.638+0000][1][safepoint    ] Entering safepoint region: Cleanup
[2019-12-08T10:02:39.638+0000][1][safepoint    ] Leaving safepoint region
[2019-12-08T10:02:39.638+0000][1][safepoint    ] Total time for which application threads were stopped: 0.0001062 seconds, Stopping threads took: 0.0000217 seconds
[2019-12-08T10:02:39.651+0000][1][safepoint    ] Application time: 0.0127035 seconds
[2019-12-08T10:02:39.651+0000][1][safepoint    ] Entering safepoint region: GenCollectForAllocation
[2019-12-08T10:02:39.651+0000][1][gc,start     ] GC(30) Pause Young (Allocation Failure)
[2019-12-08T10:02:39.651+0000][1][gc,task      ] GC(30) Using 4 workers of 4 for evacuation
[2019-12-08T10:02:39.656+0000][1][gc,age       ] GC(30) Desired survivor size 4456448 bytes, new threshold 6 (max threshold 6)
[2019-12-08T10:02:39.656+0000][1][gc,age       ] GC(30) Age table with threshold 6 (max threshold 6)
[2019-12-08T10:02:39.656+0000][1][gc,age       ] GC(30) - age   1:       7288 bytes,       7288 total
[2019-12-08T10:02:39.656+0000][1][gc,age       ] GC(30) - age   2:       3392 bytes,      10680 total
[2019-12-08T10:02:39.656+0000][1][gc,age       ] GC(30) - age   3:       4168 bytes,      14848 total
[2019-12-08T10:02:39.656+0000][1][gc,age       ] GC(30) - age   4:       4992 bytes,      19840 total
[2019-12-08T10:02:39.656+0000][1][gc,age       ] GC(30) - age   5:     241328 bytes,     261168 total
[2019-12-08T10:02:39.656+0000][1][gc,age       ] GC(30) - age   6:     164904 bytes,     426072 total
[2019-12-08T10:02:39.656+0000][1][gc,heap      ] GC(30) ParNew: 73647K->2408K(78656K)
[2019-12-08T10:02:39.656+0000][1][gc,heap      ] GC(30) CMS: 67963K->69981K(174784K)
[2019-12-08T10:02:39.656+0000][1][gc,metaspace ] GC(30) Metaspace: 72491K->72491K(1116160K)
[2019-12-08T10:02:39.656+0000][1][gc           ] GC(30) Pause Young (Allocation Failure) 138M->70M(247M) 4.542ms
[2019-12-08T10:02:39.656+0000][1][gc,cpu       ] GC(30) User=0.02s Sys=0.00s Real=0.00s
[2019-12-08T10:02:39.656+0000][1][safepoint    ] Leaving safepoint region
[2019-12-08T10:02:39.656+0000][1][safepoint    ] Total time for which application threads were stopped: 0.0046649 seconds, Stopping threads took: 0.0000088 seconds
[2019-12-08T10:02:40.656+0000][1][safepoint    ] Application time: 1.0000894 seconds
[2019-12-08T10:02:40.656+0000][1][safepoint    ] Entering safepoint region: Cleanup
[2019-12-08T10:02:40.656+0000][1][safepoint    ] Leaving safepoint region
[2019-12-08T10:02:40.656+0000][1][safepoint    ] Total time for which application threads were stopped: 0.0000842 seconds, Stopping threads took: 0.0000193 seconds
[2019-12-08T10:02:41.656+0000][1][safepoint    ] Application time: 1.0000775 seconds
[2019-12-08T10:02:41.656+0000][1][safepoint    ] Entering safepoint region: Cleanup
[2019-12-08T10:02:41.656+0000][1][safepoint    ] Leaving safepoint region
[2019-12-08T10:02:41.656+0000][1][safepoint    ] Total time for which application threads were stopped: 0.0000831 seconds, Stopping threads took: 0.0000192 seconds
[2019-12-08T10:02:42.656+0000][1][safepoint    ] Application time: 1.0000790 seconds
[2019-12-08T10:02:42.656+0000][1][safepoint    ] Entering safepoint region: Cleanup
[2019-12-08T10:02:42.656+0000][1][safepoint    ] Leaving safepoint region
[2019-12-08T10:02:42.656+0000][1][safepoint    ] Total time for which application threads were stopped: 0.0000873 seconds, Stopping threads took: 0.0000202 seconds
[2019-12-08T10:02:43.657+0000][1][safepoint    ] Application time: 1.0000776 seconds
[2019-12-08T10:02:43.657+0000][1][safepoint    ] Entering safepoint region: Cleanup
[2019-12-08T10:02:43.657+0000][1][safepoint    ] Leaving safepoint region
[2019-12-08T10:02:43.657+0000][1][safepoint    ] Total time for which application threads were stopped: 0.0001023 seconds, Stopping threads took: 0.0000219 seconds
[2019-12-08T10:02:44.657+0000][1][safepoint    ] Application time: 1.0000800 seconds
[2019-12-08T10:02:44.657+0000][1][safepoint    ] Entering safepoint region: Cleanup
[2019-12-08T10:02:44.657+0000][1][safepoint    ] Leaving safepoint region
[2019-12-08T10:02:44.657+0000][1][safepoint    ] Total time for which application threads were stopped: 0.0001226 seconds, Stopping threads took: 0.0000473 seconds
[2019-12-08T10:02:45.657+0000][1][safepoint    ] Application time: 1.0000841 seconds
[2019-12-08T10:02:45.657+0000][1][safepoint    ] Entering safepoint region: Cleanup
[2019-12-08T10:02:45.657+0000][1][safepoint    ] Leaving safepoint region
[2019-12-08T10:02:45.657+0000][1][safepoint    ] Total time for which application threads were stopped: 0.0000897 seconds, Stopping threads took: 0.0000213 seconds
[2019-12-08T10:02:46.657+0000][1][safepoint    ] Application time: 1.0000752 seconds
[2019-12-08T10:02:46.657+0000][1][safepoint    ] Entering safepoint region: Cleanup
[2019-12-08T10:02:46.657+0000][1][safepoint    ] Leaving safepoint region
[2019-12-08T10:02:46.657+0000][1][safepoint    ] Total time for which application threads were stopped: 0.0000865 seconds, Stopping threads took: 0.0000213 seconds
[2019-12-08T10:02:47.657+0000][1][safepoint    ] Application time: 1.0000730 seconds
[2019-12-08T10:02:47.658+0000][1][safepoint    ] Entering safepoint region: Cleanup
[2019-12-08T10:02:47.658+0000][1][safepoint    ] Leaving safepoint region
[2019-12-08T10:02:47.658+0000][1][safepoint    ] Total time for which application threads were stopped: 0.0000912 seconds, Stopping threads took: 0.0000199 seconds
[2019-12-08T10:02:48.658+0000][1][safepoint    ] Application time: 1.0000743 seconds
[2019-12-08T10:02:48.658+0000][1][safepoint    ] Entering safepoint region: Cleanup
[2019-12-08T10:02:48.658+0000][1][safepoint    ] Leaving safepoint region
[2019-12-08T10:02:48.658+0000][1][safepoint    ] Total time for which application threads were stopped: 0.0000873 seconds, Stopping threads took: 0.0000198 seconds
[2019-12-08T10:02:49.658+0000][1][safepoint    ] Application time: 1.0000742 seconds
[2019-12-08T10:02:49.658+0000][1][safepoint    ] Entering safepoint region: Cleanup
[2019-12-08T10:02:49.658+0000][1][safepoint    ] Leaving safepoint region
[2019-12-08T10:02:49.658+0000][1][safepoint    ] Total time for which application threads were stopped: 0.0000930 seconds, Stopping threads took: 0.0000203 seconds
[2019-12-08T10:02:50.658+0000][1][safepoint    ] Application time: 1.0000762 seconds
[2019-12-08T10:02:50.658+0000][1][safepoint    ] Entering safepoint region: Cleanup
[2019-12-08T10:02:50.658+0000][1][safepoint    ] Leaving safepoint region
[2019-12-08T10:02:50.658+0000][1][safepoint    ] Total time for which application threads were stopped: 0.0000948 seconds, Stopping threads took: 0.0000226 seconds
[2019-12-08T10:02:51.658+0000][1][safepoint    ] Application time: 1.0000762 seconds
[2019-12-08T10:02:51.658+0000][1][safepoint    ] Entering safepoint region: Cleanup
[2019-12-08T10:02:51.658+0000][1][safepoint    ] Leaving safepoint region
[2019-12-08T10:02:51.658+0000][1][safepoint    ] Total time for which application threads were stopped: 0.0000913 seconds, Stopping threads took: 0.0000275 seconds
[2019-12-08T10:02:52.659+0000][1][safepoint    ] Application time: 1.0000735 seconds
[2019-12-08T10:02:52.659+0000][1][safepoint    ] Entering safepoint region: Cleanup
[2019-12-08T10:02:52.659+0000][1][safepoint    ] Leaving safepoint region
[2019-12-08T10:02:52.659+0000][1][safepoint    ] Total time for which application threads were stopped: 0.0000829 seconds, Stopping threads took: 0.0000183 seconds
[2019-12-08T10:02:53.659+0000][1][safepoint    ] Application time: 1.0000785 seconds
[2019-12-08T10:02:53.659+0000][1][safepoint    ] Entering safepoint region: Cleanup
[2019-12-08T10:02:53.659+0000][1][safepoint    ] Leaving safepoint region
[2019-12-08T10:02:53.659+0000][1][safepoint    ] Total time for which application threads were stopped: 0.0000887 seconds, Stopping threads took: 0.0000211 seconds
[2019-12-08T10:02:54.659+0000][1][safepoint    ] Application time: 1.0000815 seconds
[2019-12-08T10:02:54.659+0000][1][safepoint    ] Entering safepoint region: Cleanup
[2019-12-08T10:02:54.659+0000][1][safepoint    ] Leaving safepoint region
[2019-12-08T10:02:54.659+0000][1][safepoint    ] Total time for which application threads were stopped: 0.0000858 seconds, Stopping threads took: 0.0000199 seconds
[2019-12-08T10:02:55.659+0000][1][safepoint    ] Application time: 1.0000781 seconds
[2019-12-08T10:02:55.659+0000][1][safepoint    ] Entering safepoint region: Cleanup
[2019-12-08T10:02:55.659+0000][1][safepoint    ] Leaving safepoint region
[2019-12-08T10:02:55.659+0000][1][safepoint    ] Total time for which application threads were stopped: 0.0000856 seconds, Stopping threads took: 0.0000209 seconds
[2019-12-08T10:02:56.659+0000][1][safepoint    ] Application time: 1.0000815 seconds
[2019-12-08T10:02:56.659+0000][1][safepoint    ] Entering safepoint region: Cleanup
[2019-12-08T10:02:56.659+0000][1][safepoint    ] Leaving safepoint region
[2019-12-08T10:02:56.659+0000][1][safepoint    ] Total time for which application threads were stopped: 0.0000902 seconds, Stopping threads took: 0.0000221 seconds
[2019-12-08T10:02:57.660+0000][1][safepoint    ] Application time: 1.0000780 seconds
[2019-12-08T10:02:57.660+0000][1][safepoint    ] Entering safepoint region: Cleanup
[2019-12-08T10:02:57.660+0000][1][safepoint    ] Leaving safepoint region
[2019-12-08T10:02:57.660+0000][1][safepoint    ] Total time for which application threads were stopped: 0.0000950 seconds, Stopping threads took: 0.0000191 seconds
[2019-12-08T10:02:58.660+0000][1][safepoint    ] Application time: 1.0000764 seconds
[2019-12-08T10:02:58.660+0000][1][safepoint    ] Entering safepoint region: Cleanup
[2019-12-08T10:02:58.660+0000][1][safepoint    ] Leaving safepoint region
[2019-12-08T10:02:58.660+0000][1][safepoint    ] Total time for which application threads were stopped: 0.0000865 seconds, Stopping threads took: 0.0000201 seconds
[2019-12-08T10:02:59.660+0000][1][safepoint    ] Application time: 1.0000889 seconds
[2019-12-08T10:02:59.660+0000][1][safepoint    ] Entering safepoint region: Cleanup
[2019-12-08T10:02:59.660+0000][1][safepoint    ] Leaving safepoint region
[2019-12-08T10:02:59.660+0000][1][safepoint    ] Total time for which application threads were stopped: 0.0001164 seconds, Stopping threads took: 0.0000246 seconds
[2019-12-08T10:03:00.660+0000][1][safepoint    ] Application time: 1.0000813 seconds
[2019-12-08T10:03:00.660+0000][1][safepoint    ] Entering safepoint region: Cleanup
[2019-12-08T10:03:00.660+0000][1][safepoint    ] Leaving safepoint region
[2019-12-08T10:03:00.660+0000][1][safepoint    ] Total time for which application threads were stopped: 0.0000850 seconds, Stopping threads took: 0.0000189 seconds
[2019-12-08T10:03:01.660+0000][1][safepoint    ] Application time: 1.0000783 seconds
[2019-12-08T10:03:01.660+0000][1][safepoint    ] Entering safepoint region: Cleanup
[2019-12-08T10:03:01.661+0000][1][safepoint    ] Leaving safepoint region
[2019-12-08T10:03:01.661+0000][1][safepoint    ] Total time for which application threads were stopped: 0.0000941 seconds, Stopping threads took: 0.0000228 seconds
[2019-12-08T10:03:02.661+0000][1][safepoint    ] Application time: 1.0000838 seconds
[2019-12-08T10:03:02.661+0000][1][safepoint    ] Entering safepoint region: Cleanup
[2019-12-08T10:03:02.661+0000][1][safepoint    ] Leaving safepoint region
[2019-12-08T10:03:02.661+0000][1][safepoint    ] Total time for which application threads were stopped: 0.0000955 seconds, Stopping threads took: 0.0000213 seconds
[2019-12-08T10:03:03.661+0000][1][safepoint    ] Application time: 1.0000766 seconds
[2019-12-08T10:03:03.661+0000][1][safepoint    ] Entering safepoint region: Cleanup
[2019-12-08T10:03:03.661+0000][1][safepoint    ] Leaving safepoint region
[2019-12-08T10:03:03.661+0000][1][safepoint    ] Total time for which application threads were stopped: 0.0000899 seconds, Stopping threads took: 0.0000192 seconds
[2019-12-08T10:03:04.661+0000][1][safepoint    ] Application time: 1.0000807 seconds
[2019-12-08T10:03:04.661+0000][1][safepoint    ] Entering safepoint region: Cleanup
[2019-12-08T10:03:04.661+0000][1][safepoint    ] Leaving safepoint region
[2019-12-08T10:03:04.661+0000][1][safepoint    ] Total time for which application threads were stopped: 0.0000838 seconds, Stopping threads took: 0.0000196 seconds
[2019-12-08T10:03:05.661+0000][1][safepoint    ] Application time: 1.0000783 seconds
[2019-12-08T10:03:05.661+0000][1][safepoint    ] Entering safepoint region: Cleanup
[2019-12-08T10:03:05.661+0000][1][safepoint    ] Leaving safepoint region
[2019-12-08T10:03:05.661+0000][1][safepoint    ] Total time for which application threads were stopped: 0.0000875 seconds, Stopping threads took: 0.0000195 seconds
[2019-12-08T10:03:06.662+0000][1][safepoint    ] Application time: 1.0000791 seconds
[2019-12-08T10:03:06.662+0000][1][safepoint    ] Entering safepoint region: Cleanup
[2019-12-08T10:03:06.662+0000][1][safepoint    ] Leaving safepoint region
[2019-12-08T10:03:06.662+0000][1][safepoint    ] Total time for which application threads were stopped: 0.0001048 seconds, Stopping threads took: 0.0000208 seconds
[2019-12-08T10:03:07.662+0000][1][safepoint    ] Application time: 1.0000808 seconds
[2019-12-08T10:03:07.662+0000][1][safepoint    ] Entering safepoint region: Cleanup
[2019-12-08T10:03:07.662+0000][1][safepoint    ] Leaving safepoint region
[2019-12-08T10:03:07.662+0000][1][safepoint    ] Total time for which application threads were stopped: 0.0000849 seconds, Stopping threads took: 0.0000193 seconds
[2019-12-08T10:03:08.662+0000][1][safepoint    ] Application time: 1.0000874 seconds
[2019-12-08T10:03:08.662+0000][1][safepoint    ] Entering safepoint region: Cleanup
[2019-12-08T10:03:08.662+0000][1][safepoint    ] Leaving safepoint region
[2019-12-08T10:03:08.662+0000][1][safepoint    ] Total time for which application threads were stopped: 0.0000879 seconds, Stopping threads took: 0.0000212 seconds
[2019-12-08T10:03:09.662+0000][1][safepoint    ] Application time: 1.0000770 seconds
[2019-12-08T10:03:09.662+0000][1][safepoint    ] Entering safepoint region: Cleanup
[2019-12-08T10:03:09.662+0000][1][safepoint    ] Leaving safepoint region
[2019-12-08T10:03:09.662+0000][1][safepoint    ] Total time for which application threads were stopped: 0.0000867 seconds, Stopping threads took: 0.0000214 seconds
[2019-12-08T10:03:10.662+0000][1][safepoint    ] Application time: 1.0000763 seconds
[2019-12-08T10:03:10.662+0000][1][safepoint    ] Entering safepoint region: Cleanup
[2019-12-08T10:03:10.663+0000][1][safepoint    ] Leaving safepoint region
[2019-12-08T10:03:10.663+0000][1][safepoint    ] Total time for which application threads were stopped: 0.0000859 seconds, Stopping threads took: 0.0000197 seconds
[2019-12-08T10:03:11.663+0000][1][safepoint    ] Application time: 1.0000786 seconds
[2019-12-08T10:03:11.663+0000][1][safepoint    ] Entering safepoint region: Cleanup
[2019-12-08T10:03:11.663+0000][1][safepoint    ] Leaving safepoint region
[2019-12-08T10:03:11.663+0000][1][safepoint    ] Total time for which application threads were stopped: 0.0001031 seconds, Stopping threads took: 0.0000198 seconds
[2019-12-08T10:03:12.663+0000][1][safepoint    ] Application time: 1.0000757 seconds
[2019-12-08T10:03:12.663+0000][1][safepoint    ] Entering safepoint region: Cleanup
[2019-12-08T10:03:12.663+0000][1][safepoint    ] Leaving safepoint region
[2019-12-08T10:03:12.663+0000][1][safepoint    ] Total time for which application threads were stopped: 0.0000837 seconds, Stopping threads took: 0.0000194 seconds
[2019-12-08T10:03:13.663+0000][1][safepoint    ] Application time: 1.0000745 seconds
[2019-12-08T10:03:13.663+0000][1][safepoint    ] Entering safepoint region: Cleanup
[2019-12-08T10:03:13.663+0000][1][safepoint    ] Leaving safepoint region
[2019-12-08T10:03:13.663+0000][1][safepoint    ] Total time for which application threads were stopped: 0.0000865 seconds, Stopping threads took: 0.0000183 seconds
[2019-12-08T10:03:14.663+0000][1][safepoint    ] Application time: 1.0000752 seconds
[2019-12-08T10:03:14.663+0000][1][safepoint    ] Entering safepoint region: Cleanup
[2019-12-08T10:03:14.663+0000][1][safepoint    ] Leaving safepoint region
[2019-12-08T10:03:14.663+0000][1][safepoint    ] Total time for which application threads were stopped: 0.0000832 seconds, Stopping threads took: 0.0000196 seconds
[2019-12-08T10:03:15.663+0000][1][safepoint    ] Application time: 1.0000791 seconds
[2019-12-08T10:03:15.663+0000][1][safepoint    ] Entering safepoint region: Cleanup
[2019-12-08T10:03:15.664+0000][1][safepoint    ] Leaving safepoint region
[2019-12-08T10:03:15.664+0000][1][safepoint    ] Total time for which application threads were stopped: 0.0000849 seconds, Stopping threads took: 0.0000188 seconds
[2019-12-08T10:03:16.664+0000][1][safepoint    ] Application time: 1.0000836 seconds
[2019-12-08T10:03:16.664+0000][1][safepoint    ] Entering safepoint region: Cleanup
[2019-12-08T10:03:16.664+0000][1][safepoint    ] Leaving safepoint region
[2019-12-08T10:03:16.664+0000][1][safepoint    ] Total time for which application threads were stopped: 0.0000926 seconds, Stopping threads took: 0.0000229 seconds
[2019-12-08T10:03:17.664+0000][1][safepoint    ] Application time: 1.0000772 seconds
[2019-12-08T10:03:17.664+0000][1][safepoint    ] Entering safepoint region: Cleanup
[2019-12-08T10:03:17.664+0000][1][safepoint    ] Leaving safepoint region
[2019-12-08T10:03:17.664+0000][1][safepoint    ] Total time for which application threads were stopped: 0.0000886 seconds, Stopping threads took: 0.0000202 seconds
[2019-12-08T10:03:18.664+0000][1][safepoint    ] Application time: 1.0000783 seconds
[2019-12-08T10:03:18.664+0000][1][safepoint    ] Entering safepoint region: Cleanup
[2019-12-08T10:03:18.664+0000][1][safepoint    ] Leaving safepoint region
[2019-12-08T10:03:18.664+0000][1][safepoint    ] Total time for which application threads were stopped: 0.0000862 seconds, Stopping threads took: 0.0000206 seconds
[2019-12-08T10:03:19.664+0000][1][safepoint    ] Application time: 1.0000783 seconds
[2019-12-08T10:03:19.664+0000][1][safepoint    ] Entering safepoint region: Cleanup
[2019-12-08T10:03:19.664+0000][1][safepoint    ] Leaving safepoint region
[2019-12-08T10:03:19.664+0000][1][safepoint    ] Total time for which application threads were stopped: 0.0000812 seconds, Stopping threads took: 0.0000180 seconds
[2019-12-08T10:03:20.664+0000][1][safepoint    ] Application time: 1.0000766 seconds
[2019-12-08T10:03:20.665+0000][1][safepoint    ] Entering safepoint region: Cleanup
[2019-12-08T10:03:20.665+0000][1][safepoint    ] Leaving safepoint region
[2019-12-08T10:03:20.665+0000][1][safepoint    ] Total time for which application threads were stopped: 0.0000908 seconds, Stopping threads took: 0.0000194 seconds
[2019-12-08T10:03:21.665+0000][1][safepoint    ] Application time: 1.0000777 seconds
[2019-12-08T10:03:21.665+0000][1][safepoint    ] Entering safepoint region: Cleanup
[2019-12-08T10:03:21.665+0000][1][safepoint    ] Leaving safepoint region
[2019-12-08T10:03:21.665+0000][1][safepoint    ] Total time for which application threads were stopped: 0.0000919 seconds, Stopping threads took: 0.0000276 seconds
[2019-12-08T10:03:22.665+0000][1][safepoint    ] Application time: 1.0000780 seconds
[2019-12-08T10:03:22.665+0000][1][safepoint    ] Entering safepoint region: Cleanup
[2019-12-08T10:03:22.665+0000][1][safepoint    ] Leaving safepoint region
[2019-12-08T10:03:22.665+0000][1][safepoint    ] Total time for which application threads were stopped: 0.0000885 seconds, Stopping threads took: 0.0000203 seconds
[2019-12-08T10:03:23.665+0000][1][safepoint    ] Application time: 1.0000770 seconds
[2019-12-08T10:03:23.665+0000][1][safepoint    ] Entering safepoint region: Cleanup
[2019-12-08T10:03:23.665+0000][1][safepoint    ] Leaving safepoint region
[2019-12-08T10:03:23.665+0000][1][safepoint    ] Total time for which application threads were stopped: 0.0000857 seconds, Stopping threads took: 0.0000205 seconds
[2019-12-08T10:03:24.665+0000][1][safepoint    ] Application time: 1.0000756 seconds
[2019-12-08T10:03:24.665+0000][1][safepoint    ] Entering safepoint region: Cleanup
[2019-12-08T10:03:24.665+0000][1][safepoint    ] Leaving safepoint region
[2019-12-08T10:03:24.665+0000][1][safepoint    ] Total time for which application threads were stopped: 0.0000822 seconds, Stopping threads took: 0.0000196 seconds
[2019-12-08T10:03:25.666+0000][1][safepoint    ] Application time: 1.0000757 seconds
[2019-12-08T10:03:25.666+0000][1][safepoint    ] Entering safepoint region: Cleanup
[2019-12-08T10:03:25.666+0000][1][safepoint    ] Leaving safepoint region
[2019-12-08T10:03:25.666+0000][1][safepoint    ] Total time for which application threads were stopped: 0.0000831 seconds, Stopping threads took: 0.0000197 seconds
[2019-12-08T10:03:26.666+0000][1][safepoint    ] Application time: 1.0000978 seconds
[2019-12-08T10:03:26.666+0000][1][safepoint    ] Entering safepoint region: Cleanup
[2019-12-08T10:03:26.666+0000][1][safepoint    ] Leaving safepoint region
[2019-12-08T10:03:26.666+0000][1][safepoint    ] Total time for which application threads were stopped: 0.0001031 seconds, Stopping threads took: 0.0000336 seconds
[2019-12-08T10:03:27.666+0000][1][safepoint    ] Application time: 1.0000745 seconds
[2019-12-08T10:03:27.666+0000][1][safepoint    ] Entering safepoint region: Cleanup
[2019-12-08T10:03:27.666+0000][1][safepoint    ] Leaving safepoint region
[2019-12-08T10:03:27.666+0000][1][safepoint    ] Total time for which application threads were stopped: 0.0000925 seconds, Stopping threads took: 0.0000254 seconds
[2019-12-08T10:03:28.666+0000][1][safepoint    ] Application time: 1.0000767 seconds
[2019-12-08T10:03:28.666+0000][1][safepoint    ] Entering safepoint region: Cleanup
[2019-12-08T10:03:28.666+0000][1][safepoint    ] Leaving safepoint region
[2019-12-08T10:03:28.666+0000][1][safepoint    ] Total time for which application threads were stopped: 0.0000838 seconds, Stopping threads took: 0.0000186 seconds
[2019-12-08T10:03:29.666+0000][1][safepoint    ] Application time: 1.0000755 seconds
[2019-12-08T10:03:29.666+0000][1][safepoint    ] Entering safepoint region: Cleanup
[2019-12-08T10:03:29.666+0000][1][safepoint    ] Leaving safepoint region
[2019-12-08T10:03:29.666+0000][1][safepoint    ] Total time for which application threads were stopped: 0.0000866 seconds, Stopping threads took: 0.0000195 seconds
[2019-12-08T10:03:30.667+0000][1][safepoint    ] Application time: 1.0000769 seconds
[2019-12-08T10:03:30.667+0000][1][safepoint    ] Entering safepoint region: Cleanup
[2019-12-08T10:03:30.667+0000][1][safepoint    ] Leaving safepoint region
[2019-12-08T10:03:30.667+0000][1][safepoint    ] Total time for which application threads were stopped: 0.0001003 seconds, Stopping threads took: 0.0000195 seconds
[2019-12-08T10:03:31.667+0000][1][safepoint    ] Application time: 1.0000752 seconds
[2019-12-08T10:03:31.667+0000][1][safepoint    ] Entering safepoint region: Cleanup
[2019-12-08T10:03:31.667+0000][1][safepoint    ] Leaving safepoint region
[2019-12-08T10:03:31.667+0000][1][safepoint    ] Total time for which application threads were stopped: 0.0000817 seconds, Stopping threads took: 0.0000186 seconds
[2019-12-08T10:03:32.667+0000][1][safepoint    ] Application time: 1.0000811 seconds
[2019-12-08T10:03:32.667+0000][1][safepoint    ] Entering safepoint region: Cleanup
[2019-12-08T10:03:32.667+0000][1][safepoint    ] Leaving safepoint region
[2019-12-08T10:03:32.667+0000][1][safepoint    ] Total time for which application threads were stopped: 0.0000881 seconds, Stopping threads took: 0.0000197 seconds
[2019-12-08T10:03:33.667+0000][1][safepoint    ] Application time: 1.0000754 seconds
[2019-12-08T10:03:33.667+0000][1][safepoint    ] Entering safepoint region: Cleanup
[2019-12-08T10:03:33.667+0000][1][safepoint    ] Leaving safepoint region
[2019-12-08T10:03:33.667+0000][1][safepoint    ] Total time for which application threads were stopped: 0.0000841 seconds, Stopping threads took: 0.0000199 seconds
[2019-12-08T10:03:34.667+0000][1][safepoint    ] Application time: 1.0000763 seconds
[2019-12-08T10:03:34.667+0000][1][safepoint    ] Entering safepoint region: Cleanup
[2019-12-08T10:03:34.668+0000][1][safepoint    ] Leaving safepoint region
[2019-12-08T10:03:34.668+0000][1][safepoint    ] Total time for which application threads were stopped: 0.0000832 seconds, Stopping threads took: 0.0000174 seconds
[2019-12-08T10:03:35.668+0000][1][safepoint    ] Application time: 1.0000757 seconds
[2019-12-08T10:03:35.668+0000][1][safepoint    ] Entering safepoint region: Cleanup
[2019-12-08T10:03:35.668+0000][1][safepoint    ] Leaving safepoint region
[2019-12-08T10:03:35.668+0000][1][safepoint    ] Total time for which application threads were stopped: 0.0000958 seconds, Stopping threads took: 0.0000195 seconds
[2019-12-08T10:03:36.668+0000][1][safepoint    ] Application time: 1.0000830 seconds
[2019-12-08T10:03:36.668+0000][1][safepoint    ] Entering safepoint region: Cleanup
[2019-12-08T10:03:36.668+0000][1][safepoint    ] Leaving safepoint region
[2019-12-08T10:03:36.668+0000][1][safepoint    ] Total time for which application threads were stopped: 0.0001068 seconds, Stopping threads took: 0.0000244 seconds
[2019-12-08T10:03:37.668+0000][1][safepoint    ] Application time: 1.0000763 seconds
[2019-12-08T10:03:37.668+0000][1][safepoint    ] Entering safepoint region: Cleanup
[2019-12-08T10:03:37.668+0000][1][safepoint    ] Leaving safepoint region
[2019-12-08T10:03:37.668+0000][1][safepoint    ] Total time for which application threads were stopped: 0.0000948 seconds, Stopping threads took: 0.0000255 seconds
[2019-12-08T10:03:38.668+0000][1][safepoint    ] Application time: 1.0000783 seconds
[2019-12-08T10:03:38.668+0000][1][safepoint    ] Entering safepoint region: Cleanup
[2019-12-08T10:03:38.668+0000][1][safepoint    ] Leaving safepoint region
[2019-12-08T10:03:38.668+0000][1][safepoint    ] Total time for which application threads were stopped: 0.0000873 seconds, Stopping threads took: 0.0000190 seconds
[2019-12-08T10:03:39.668+0000][1][safepoint    ] Application time: 1.0000799 seconds
[2019-12-08T10:03:39.669+0000][1][safepoint    ] Entering safepoint region: Cleanup
[2019-12-08T10:03:39.669+0000][1][safepoint    ] Leaving safepoint region
[2019-12-08T10:03:39.669+0000][1][safepoint    ] Total time for which application threads were stopped: 0.0000875 seconds, Stopping threads took: 0.0000192 seconds
[2019-12-08T10:03:40.669+0000][1][safepoint    ] Application time: 1.0000773 seconds
[2019-12-08T10:03:40.669+0000][1][safepoint    ] Entering safepoint region: Cleanup
[2019-12-08T10:03:40.669+0000][1][safepoint    ] Leaving safepoint region
[2019-12-08T10:03:40.669+0000][1][safepoint    ] Total time for which application threads were stopped: 0.0000827 seconds, Stopping threads took: 0.0000180 seconds
[2019-12-08T10:03:41.669+0000][1][safepoint    ] Application time: 1.0000787 seconds
[2019-12-08T10:03:41.669+0000][1][safepoint    ] Entering safepoint region: Cleanup
[2019-12-08T10:03:41.669+0000][1][safepoint    ] Leaving safepoint region
[2019-12-08T10:03:41.669+0000][1][safepoint    ] Total time for which application threads were stopped: 0.0000868 seconds, Stopping threads took: 0.0000191 seconds
[2019-12-08T10:03:42.669+0000][1][safepoint    ] Application time: 1.0000773 seconds
[2019-12-08T10:03:42.669+0000][1][safepoint    ] Entering safepoint region: Cleanup
[2019-12-08T10:03:42.669+0000][1][safepoint    ] Leaving safepoint region
[2019-12-08T10:03:42.669+0000][1][safepoint    ] Total time for which application threads were stopped: 0.0000771 seconds, Stopping threads took: 0.0000169 seconds
[2019-12-08T10:03:43.669+0000][1][safepoint    ] Application time: 1.0000773 seconds
[2019-12-08T10:03:43.669+0000][1][safepoint    ] Entering safepoint region: Cleanup
[2019-12-08T10:03:43.669+0000][1][safepoint    ] Leaving safepoint region
[2019-12-08T10:03:43.669+0000][1][safepoint    ] Total time for which application threads were stopped: 0.0000890 seconds, Stopping threads took: 0.0000186 seconds
[2019-12-08T10:03:44.669+0000][1][safepoint    ] Application time: 1.0000847 seconds
[2019-12-08T10:03:44.670+0000][1][safepoint    ] Entering safepoint region: Cleanup
[2019-12-08T10:03:44.670+0000][1][safepoint    ] Leaving safepoint region
[2019-12-08T10:03:44.670+0000][1][safepoint    ] Total time for which application threads were stopped: 0.0000872 seconds, Stopping threads took: 0.0000195 seconds
[2019-12-08T10:03:45.670+0000][1][safepoint    ] Application time: 1.0000783 seconds
[2019-12-08T10:03:45.670+0000][1][safepoint    ] Entering safepoint region: Cleanup
[2019-12-08T10:03:45.670+0000][1][safepoint    ] Leaving safepoint region
[2019-12-08T10:03:45.670+0000][1][safepoint    ] Total time for which application threads were stopped: 0.0000885 seconds, Stopping threads took: 0.0000258 seconds
[2019-12-08T10:03:46.670+0000][1][safepoint    ] Application time: 1.0000767 seconds
[2019-12-08T10:03:46.670+0000][1][safepoint    ] Entering safepoint region: Cleanup
[2019-12-08T10:03:46.670+0000][1][safepoint    ] Leaving safepoint region
[2019-12-08T10:03:46.670+0000][1][safepoint    ] Total time for which application threads were stopped: 0.0001027 seconds, Stopping threads took: 0.0000378 seconds
[2019-12-08T10:03:47.670+0000][1][safepoint    ] Application time: 1.0000823 seconds
[2019-12-08T10:03:47.670+0000][1][safepoint    ] Entering safepoint region: Cleanup
[2019-12-08T10:03:47.670+0000][1][safepoint    ] Leaving safepoint region
[2019-12-08T10:03:47.670+0000][1][safepoint    ] Total time for which application threads were stopped: 0.0000858 seconds, Stopping threads took: 0.0000190 seconds
[2019-12-08T10:03:48.670+0000][1][safepoint    ] Application time: 1.0000831 seconds
[2019-12-08T10:03:48.670+0000][1][safepoint    ] Entering safepoint region: Cleanup
[2019-12-08T10:03:48.670+0000][1][safepoint    ] Leaving safepoint region
[2019-12-08T10:03:48.670+0000][1][safepoint    ] Total time for which application threads were stopped: 0.0000876 seconds, Stopping threads took: 0.0000191 seconds
[2019-12-08T10:03:49.671+0000][1][safepoint    ] Application time: 1.0000820 seconds
[2019-12-08T10:03:49.671+0000][1][safepoint    ] Entering safepoint region: Cleanup
[2019-12-08T10:03:49.671+0000][1][safepoint    ] Leaving safepoint region
[2019-12-08T10:03:49.671+0000][1][safepoint    ] Total time for which application threads were stopped: 0.0001034 seconds, Stopping threads took: 0.0000208 seconds
[2019-12-08T10:03:50.671+0000][1][safepoint    ] Application time: 1.0000842 seconds
[2019-12-08T10:03:50.671+0000][1][safepoint    ] Entering safepoint region: Cleanup
[2019-12-08T10:03:50.671+0000][1][safepoint    ] Leaving safepoint region
[2019-12-08T10:03:50.671+0000][1][safepoint    ] Total time for which application threads were stopped: 0.0000874 seconds, Stopping threads took: 0.0000212 seconds
[2019-12-08T10:03:51.671+0000][1][safepoint    ] Application time: 1.0000874 seconds
[2019-12-08T10:03:51.671+0000][1][safepoint    ] Entering safepoint region: Cleanup
[2019-12-08T10:03:51.671+0000][1][safepoint    ] Leaving safepoint region
[2019-12-08T10:03:51.671+0000][1][safepoint    ] Total time for which application threads were stopped: 0.0000885 seconds, Stopping threads took: 0.0000207 seconds
[2019-12-08T10:03:52.671+0000][1][safepoint    ] Application time: 1.0000964 seconds
[2019-12-08T10:03:52.671+0000][1][safepoint    ] Entering safepoint region: Cleanup
[2019-12-08T10:03:52.671+0000][1][safepoint    ] Leaving safepoint region
[2019-12-08T10:03:52.671+0000][1][safepoint    ] Total time for which application threads were stopped: 0.0000865 seconds, Stopping threads took: 0.0000196 seconds
[2019-12-08T10:03:53.671+0000][1][safepoint    ] Application time: 1.0000814 seconds
[2019-12-08T10:03:53.672+0000][1][safepoint    ] Entering safepoint region: Cleanup
[2019-12-08T10:03:53.672+0000][1][safepoint    ] Leaving safepoint region
[2019-12-08T10:03:53.672+0000][1][safepoint    ] Total time for which application threads were stopped: 0.0000888 seconds, Stopping threads took: 0.0000211 seconds
[2019-12-08T10:03:54.672+0000][1][safepoint    ] Application time: 1.0000820 seconds
[2019-12-08T10:03:54.672+0000][1][safepoint    ] Entering safepoint region: Cleanup
[2019-12-08T10:03:54.672+0000][1][safepoint    ] Leaving safepoint region
[2019-12-08T10:03:54.672+0000][1][safepoint    ] Total time for which application threads were stopped: 0.0000885 seconds, Stopping threads took: 0.0000207 seconds
[2019-12-08T10:03:55.672+0000][1][safepoint    ] Application time: 1.0000821 seconds
[2019-12-08T10:03:55.672+0000][1][safepoint    ] Entering safepoint region: Cleanup
[2019-12-08T10:03:55.672+0000][1][safepoint    ] Leaving safepoint region
[2019-12-08T10:03:55.672+0000][1][safepoint    ] Total time for which application threads were stopped: 0.0000925 seconds, Stopping threads took: 0.0000269 seconds
[2019-12-08T10:03:56.672+0000][1][safepoint    ] Application time: 1.0000870 seconds
[2019-12-08T10:03:56.672+0000][1][safepoint    ] Entering safepoint region: Cleanup
[2019-12-08T10:03:56.672+0000][1][safepoint    ] Leaving safepoint region
[2019-12-08T10:03:56.672+0000][1][safepoint    ] Total time for which application threads were stopped: 0.0000873 seconds, Stopping threads took: 0.0000193 seconds
[2019-12-08T10:03:57.672+0000][1][safepoint    ] Application time: 1.0000834 seconds
[2019-12-08T10:03:57.672+0000][1][safepoint    ] Entering safepoint region: Cleanup
[2019-12-08T10:03:57.672+0000][1][safepoint    ] Leaving safepoint region
[2019-12-08T10:03:57.672+0000][1][safepoint    ] Total time for which application threads were stopped: 0.0000901 seconds, Stopping threads took: 0.0000194 seconds
[2019-12-08T10:03:58.673+0000][1][safepoint    ] Application time: 1.0000921 seconds
[2019-12-08T10:03:58.673+0000][1][safepoint    ] Entering safepoint region: Cleanup
[2019-12-08T10:03:58.673+0000][1][safepoint    ] Leaving safepoint region
[2019-12-08T10:03:58.673+0000][1][safepoint    ] Total time for which application threads were stopped: 0.0001054 seconds, Stopping threads took: 0.0000195 seconds
[2019-12-08T10:03:59.673+0000][1][safepoint    ] Application time: 1.0000786 seconds
[2019-12-08T10:03:59.673+0000][1][safepoint    ] Entering safepoint region: Cleanup
[2019-12-08T10:03:59.673+0000][1][safepoint    ] Leaving safepoint region
[2019-12-08T10:03:59.673+0000][1][safepoint    ] Total time for which application threads were stopped: 0.0000900 seconds, Stopping threads took: 0.0000196 seconds
[2019-12-08T10:04:00.673+0000][1][safepoint    ] Application time: 1.0000767 seconds
[2019-12-08T10:04:00.673+0000][1][safepoint    ] Entering safepoint region: Cleanup
[2019-12-08T10:04:00.673+0000][1][safepoint    ] Leaving safepoint region
[2019-12-08T10:04:00.673+0000][1][safepoint    ] Total time for which application threads were stopped: 0.0000824 seconds, Stopping threads took: 0.0000174 seconds
[2019-12-08T10:04:01.673+0000][1][safepoint    ] Application time: 1.0000819 seconds
[2019-12-08T10:04:01.673+0000][1][safepoint    ] Entering safepoint region: Cleanup
[2019-12-08T10:04:01.673+0000][1][safepoint    ] Leaving safepoint region
[2019-12-08T10:04:01.673+0000][1][safepoint    ] Total time for which application threads were stopped: 0.0000884 seconds, Stopping threads took: 0.0000198 seconds
[2019-12-08T10:04:04.688+0000][1][safepoint    ] Application time: 3.0144228 seconds
[2019-12-08T10:04:04.688+0000][1][safepoint    ] Entering safepoint region: GenCollectForAllocation
[2019-12-08T10:04:04.688+0000][1][gc,start     ] GC(31) Pause Young (Allocation Failure)
[2019-12-08T10:04:04.688+0000][1][gc,task      ] GC(31) Using 4 workers of 4 for evacuation
[2019-12-08T10:04:04.690+0000][1][gc,age       ] GC(31) Desired survivor size 4456448 bytes, new threshold 6 (max threshold 6)
[2019-12-08T10:04:04.690+0000][1][gc,age       ] GC(31) Age table with threshold 6 (max threshold 6)
[2019-12-08T10:04:04.690+0000][1][gc,age       ] GC(31) - age   1:       5952 bytes,       5952 total
[2019-12-08T10:04:04.690+0000][1][gc,age       ] GC(31) - age   2:       1792 bytes,       7744 total
[2019-12-08T10:04:04.690+0000][1][gc,age       ] GC(31) - age   3:       3360 bytes,      11104 total
[2019-12-08T10:04:04.690+0000][1][gc,age       ] GC(31) - age   4:       4168 bytes,      15272 total
[2019-12-08T10:04:04.690+0000][1][gc,age       ] GC(31) - age   5:       4992 bytes,      20264 total
[2019-12-08T10:04:04.690+0000][1][gc,age       ] GC(31) - age   6:     241328 bytes,     261592 total
[2019-12-08T10:04:04.690+0000][1][gc,heap      ] GC(31) ParNew: 72360K->680K(78656K)
[2019-12-08T10:04:04.690+0000][1][gc,heap      ] GC(31) CMS: 69981K->70144K(174784K)
[2019-12-08T10:04:04.690+0000][1][gc,metaspace ] GC(31) Metaspace: 72497K->72497K(1116160K)
[2019-12-08T10:04:04.690+0000][1][gc           ] GC(31) Pause Young (Allocation Failure) 139M->69M(247M) 1.913ms
[2019-12-08T10:04:04.690+0000][1][gc,cpu       ] GC(31) User=0.01s Sys=0.00s Real=0.00s
[2019-12-08T10:04:04.690+0000][1][safepoint    ] Leaving safepoint region
[2019-12-08T10:04:04.690+0000][1][safepoint    ] Total time for which application threads were stopped: 0.0020664 seconds, Stopping threads took: 0.0000197 seconds
[2019-12-08T10:04:11.690+0000][1][safepoint    ] Application time: 7.0005298 seconds
[2019-12-08T10:04:11.690+0000][1][safepoint    ] Entering safepoint region: Cleanup
[2019-12-08T10:04:11.691+0000][1][safepoint    ] Leaving safepoint region
[2019-12-08T10:04:11.691+0000][1][safepoint    ] Total time for which application threads were stopped: 0.0000887 seconds, Stopping threads took: 0.0000210 seconds
[2019-12-08T10:04:12.691+0000][1][safepoint    ] Application time: 1.0000728 seconds
[2019-12-08T10:04:12.691+0000][1][safepoint    ] Entering safepoint region: Cleanup
[2019-12-08T10:04:12.691+0000][1][safepoint    ] Leaving safepoint region
[2019-12-08T10:04:12.691+0000][1][safepoint    ] Total time for which application threads were stopped: 0.0000972 seconds, Stopping threads took: 0.0000204 seconds
[2019-12-08T10:04:13.691+0000][1][safepoint    ] Application time: 1.0000799 seconds
[2019-12-08T10:04:13.691+0000][1][safepoint    ] Entering safepoint region: Cleanup
[2019-12-08T10:04:13.691+0000][1][safepoint    ] Leaving safepoint region
[2019-12-08T10:04:13.691+0000][1][safepoint    ] Total time for which application threads were stopped: 0.0000907 seconds, Stopping threads took: 0.0000209 seconds
[2019-12-08T10:04:14.691+0000][1][safepoint    ] Application time: 1.0000868 seconds
[2019-12-08T10:04:14.691+0000][1][safepoint    ] Entering safepoint region: Cleanup
[2019-12-08T10:04:14.691+0000][1][safepoint    ] Leaving safepoint region
[2019-12-08T10:04:14.691+0000][1][safepoint    ] Total time for which application threads were stopped: 0.0000931 seconds, Stopping threads took: 0.0000224 seconds
[2019-12-08T10:04:15.691+0000][1][safepoint    ] Application time: 1.0000855 seconds
[2019-12-08T10:04:15.691+0000][1][safepoint    ] Entering safepoint region: Cleanup
[2019-12-08T10:04:15.691+0000][1][safepoint    ] Leaving safepoint region
[2019-12-08T10:04:15.691+0000][1][safepoint    ] Total time for which application threads were stopped: 0.0000882 seconds, Stopping threads took: 0.0000202 seconds
[2019-12-08T10:04:16.692+0000][1][safepoint    ] Application time: 1.0000806 seconds
[2019-12-08T10:04:16.692+0000][1][safepoint    ] Entering safepoint region: Cleanup
[2019-12-08T10:04:16.692+0000][1][safepoint    ] Leaving safepoint region
[2019-12-08T10:04:16.692+0000][1][safepoint    ] Total time for which application threads were stopped: 0.0000876 seconds, Stopping threads took: 0.0000189 seconds
[2019-12-08T10:04:17.692+0000][1][safepoint    ] Application time: 1.0000796 seconds
[2019-12-08T10:04:17.692+0000][1][safepoint    ] Entering safepoint region: Cleanup
[2019-12-08T10:04:17.692+0000][1][safepoint    ] Leaving safepoint region
[2019-12-08T10:04:17.692+0000][1][safepoint    ] Total time for which application threads were stopped: 0.0000875 seconds, Stopping threads took: 0.0000189 seconds
[2019-12-08T10:04:18.692+0000][1][safepoint    ] Application time: 1.0000757 seconds
[2019-12-08T10:04:18.692+0000][1][safepoint    ] Entering safepoint region: Cleanup
[2019-12-08T10:04:18.692+0000][1][safepoint    ] Leaving safepoint region
[2019-12-08T10:04:18.692+0000][1][safepoint    ] Total time for which application threads were stopped: 0.0000870 seconds, Stopping threads took: 0.0000219 seconds
[2019-12-08T10:04:19.692+0000][1][safepoint    ] Application time: 1.0000755 seconds
[2019-12-08T10:04:19.692+0000][1][safepoint    ] Entering safepoint region: Cleanup
[2019-12-08T10:04:19.692+0000][1][safepoint    ] Leaving safepoint region
[2019-12-08T10:04:19.692+0000][1][safepoint    ] Total time for which application threads were stopped: 0.0000835 seconds, Stopping threads took: 0.0000178 seconds
[2019-12-08T10:04:20.692+0000][1][safepoint    ] Application time: 1.0000807 seconds
[2019-12-08T10:04:20.692+0000][1][safepoint    ] Entering safepoint region: Cleanup
[2019-12-08T10:04:20.692+0000][1][safepoint    ] Leaving safepoint region
[2019-12-08T10:04:20.692+0000][1][safepoint    ] Total time for which application threads were stopped: 0.0000965 seconds, Stopping threads took: 0.0000209 seconds
[2019-12-08T10:04:21.693+0000][1][safepoint    ] Application time: 1.0000747 seconds
[2019-12-08T10:04:21.693+0000][1][safepoint    ] Entering safepoint region: Cleanup
[2019-12-08T10:04:21.693+0000][1][safepoint    ] Leaving safepoint region
[2019-12-08T10:04:21.693+0000][1][safepoint    ] Total time for which application threads were stopped: 0.0000824 seconds, Stopping threads took: 0.0000181 seconds
[2019-12-08T10:04:22.693+0000][1][safepoint    ] Application time: 1.0000739 seconds
[2019-12-08T10:04:22.693+0000][1][safepoint    ] Entering safepoint region: Cleanup
[2019-12-08T10:04:22.693+0000][1][safepoint    ] Leaving safepoint region
[2019-12-08T10:04:22.693+0000][1][safepoint    ] Total time for which application threads were stopped: 0.0000804 seconds, Stopping threads took: 0.0000173 seconds
[2019-12-08T10:04:23.693+0000][1][safepoint    ] Application time: 1.0000779 seconds
[2019-12-08T10:04:23.693+0000][1][safepoint    ] Entering safepoint region: Cleanup
[2019-12-08T10:04:23.693+0000][1][safepoint    ] Leaving safepoint region
[2019-12-08T10:04:23.693+0000][1][safepoint    ] Total time for which application threads were stopped: 0.0000868 seconds, Stopping threads took: 0.0000212 seconds
[2019-12-08T10:04:24.693+0000][1][safepoint    ] Application time: 1.0000769 seconds
[2019-12-08T10:04:24.693+0000][1][safepoint    ] Entering safepoint region: Cleanup
[2019-12-08T10:04:24.693+0000][1][safepoint    ] Leaving safepoint region
[2019-12-08T10:04:24.693+0000][1][safepoint    ] Total time for which application threads were stopped: 0.0000878 seconds, Stopping threads took: 0.0000201 seconds
[2019-12-08T10:04:25.693+0000][1][safepoint    ] Application time: 1.0000746 seconds
[2019-12-08T10:04:25.693+0000][1][safepoint    ] Entering safepoint region: Cleanup
[2019-12-08T10:04:25.693+0000][1][safepoint    ] Leaving safepoint region
[2019-12-08T10:04:25.693+0000][1][safepoint    ] Total time for which application threads were stopped: 0.0000879 seconds, Stopping threads took: 0.0000199 seconds
[2019-12-08T10:04:26.694+0000][1][safepoint    ] Application time: 1.0000690 seconds
[2019-12-08T10:04:26.694+0000][1][safepoint    ] Entering safepoint region: Cleanup
[2019-12-08T10:04:26.694+0000][1][safepoint    ] Leaving safepoint region
[2019-12-08T10:04:26.694+0000][1][safepoint    ] Total time for which application threads were stopped: 0.0000845 seconds, Stopping threads took: 0.0000189 seconds
[2019-12-08T10:04:27.694+0000][1][safepoint    ] Application time: 1.0000281 seconds
[2019-12-08T10:04:27.694+0000][1][safepoint    ] Entering safepoint region: Cleanup
[2019-12-08T10:04:27.694+0000][1][safepoint    ] Leaving safepoint region
[2019-12-08T10:04:27.694+0000][1][safepoint    ] Total time for which application threads were stopped: 0.0000912 seconds, Stopping threads took: 0.0000265 seconds
[2019-12-08T10:04:28.694+0000][1][safepoint    ] Application time: 1.0000674 seconds
[2019-12-08T10:04:28.694+0000][1][safepoint    ] Entering safepoint region: Cleanup
[2019-12-08T10:04:28.694+0000][1][safepoint    ] Leaving safepoint region
[2019-12-08T10:04:28.694+0000][1][safepoint    ] Total time for which application threads were stopped: 0.0000826 seconds, Stopping threads took: 0.0000188 seconds
[2019-12-08T10:04:29.694+0000][1][safepoint    ] Application time: 1.0000782 seconds
[2019-12-08T10:04:29.694+0000][1][safepoint    ] Entering safepoint region: Cleanup
[2019-12-08T10:04:29.694+0000][1][safepoint    ] Leaving safepoint region
[2019-12-08T10:04:29.694+0000][1][safepoint    ] Total time for which application threads were stopped: 0.0000850 seconds, Stopping threads took: 0.0000199 seconds
[2019-12-08T10:04:30.694+0000][1][safepoint    ] Application time: 1.0000793 seconds
[2019-12-08T10:04:30.694+0000][1][safepoint    ] Entering safepoint region: Cleanup
[2019-12-08T10:04:30.694+0000][1][safepoint    ] Leaving safepoint region
[2019-12-08T10:04:30.694+0000][1][safepoint    ] Total time for which application threads were stopped: 0.0000845 seconds, Stopping threads took: 0.0000193 seconds
[2019-12-08T10:04:31.695+0000][1][safepoint    ] Application time: 1.0000780 seconds
[2019-12-08T10:04:31.695+0000][1][safepoint    ] Entering safepoint region: Cleanup
[2019-12-08T10:04:31.695+0000][1][safepoint    ] Leaving safepoint region
[2019-12-08T10:04:31.695+0000][1][safepoint    ] Total time for which application threads were stopped: 0.0000846 seconds, Stopping threads took: 0.0000201 seconds
[2019-12-08T10:04:32.695+0000][1][safepoint    ] Application time: 1.0000841 seconds
[2019-12-08T10:04:32.695+0000][1][safepoint    ] Entering safepoint region: Cleanup
[2019-12-08T10:04:32.695+0000][1][safepoint    ] Leaving safepoint region
[2019-12-08T10:04:32.695+0000][1][safepoint    ] Total time for which application threads were stopped: 0.0000859 seconds, Stopping threads took: 0.0000189 seconds
[2019-12-08T10:04:33.695+0000][1][safepoint    ] Application time: 1.0000765 seconds
[2019-12-08T10:04:33.695+0000][1][safepoint    ] Entering safepoint region: Cleanup
[2019-12-08T10:04:33.695+0000][1][safepoint    ] Leaving safepoint region
[2019-12-08T10:04:33.695+0000][1][safepoint    ] Total time for which application threads were stopped: 0.0000855 seconds, Stopping threads took: 0.0000196 seconds
[2019-12-08T10:04:34.695+0000][1][safepoint    ] Application time: 1.0000831 seconds
[2019-12-08T10:04:34.695+0000][1][safepoint    ] Entering safepoint region: Cleanup
[2019-12-08T10:04:34.695+0000][1][safepoint    ] Leaving safepoint region
[2019-12-08T10:04:34.695+0000][1][safepoint    ] Total time for which application threads were stopped: 0.0000903 seconds, Stopping threads took: 0.0000208 seconds
[2019-12-08T10:04:35.695+0000][1][safepoint    ] Application time: 1.0000790 seconds
[2019-12-08T10:04:35.695+0000][1][safepoint    ] Entering safepoint region: Cleanup
[2019-12-08T10:04:35.695+0000][1][safepoint    ] Leaving safepoint region
[2019-12-08T10:04:35.695+0000][1][safepoint    ] Total time for which application threads were stopped: 0.0000841 seconds, Stopping threads took: 0.0000199 seconds
[2019-12-08T10:04:36.696+0000][1][safepoint    ] Application time: 1.0000862 seconds
[2019-12-08T10:04:36.696+0000][1][safepoint    ] Entering safepoint region: Cleanup
[2019-12-08T10:04:36.696+0000][1][safepoint    ] Leaving safepoint region
[2019-12-08T10:04:36.696+0000][1][safepoint    ] Total time for which application threads were stopped: 0.0000996 seconds, Stopping threads took: 0.0000197 seconds
[2019-12-08T10:04:37.696+0000][1][safepoint    ] Application time: 1.0000821 seconds
[2019-12-08T10:04:37.696+0000][1][safepoint    ] Entering safepoint region: Cleanup
[2019-12-08T10:04:37.696+0000][1][safepoint    ] Leaving safepoint region
[2019-12-08T10:04:37.696+0000][1][safepoint    ] Total time for which application threads were stopped: 0.0000977 seconds, Stopping threads took: 0.0000296 seconds
[2019-12-08T10:04:38.696+0000][1][safepoint    ] Application time: 1.0000917 seconds
[2019-12-08T10:04:38.696+0000][1][safepoint    ] Entering safepoint region: Cleanup
[2019-12-08T10:04:38.696+0000][1][safepoint    ] Leaving safepoint region
[2019-12-08T10:04:38.696+0000][1][safepoint    ] Total time for which application threads were stopped: 0.0000926 seconds, Stopping threads took: 0.0000212 seconds
[2019-12-08T10:04:39.696+0000][1][safepoint    ] Application time: 1.0000852 seconds
[2019-12-08T10:04:39.696+0000][1][safepoint    ] Entering safepoint region: Cleanup
[2019-12-08T10:04:39.696+0000][1][safepoint    ] Leaving safepoint region
[2019-12-08T10:04:39.696+0000][1][safepoint    ] Total time for which application threads were stopped: 0.0000889 seconds, Stopping threads took: 0.0000206 seconds
[2019-12-08T10:04:40.696+0000][1][safepoint    ] Application time: 1.0000788 seconds
[2019-12-08T10:04:40.697+0000][1][safepoint    ] Entering safepoint region: Cleanup
[2019-12-08T10:04:40.697+0000][1][safepoint    ] Leaving safepoint region
[2019-12-08T10:04:40.697+0000][1][safepoint    ] Total time for which application threads were stopped: 0.0000882 seconds, Stopping threads took: 0.0000220 seconds
[2019-12-08T10:04:41.697+0000][1][safepoint    ] Application time: 1.0000968 seconds
[2019-12-08T10:04:41.697+0000][1][safepoint    ] Entering safepoint region: Cleanup
[2019-12-08T10:04:41.697+0000][1][safepoint    ] Leaving safepoint region
[2019-12-08T10:04:41.697+0000][1][safepoint    ] Total time for which application threads were stopped: 0.0000872 seconds, Stopping threads took: 0.0000202 seconds
[2019-12-08T10:04:42.697+0000][1][safepoint    ] Application time: 1.0000867 seconds
[2019-12-08T10:04:42.697+0000][1][safepoint    ] Entering safepoint region: Cleanup
[2019-12-08T10:04:42.697+0000][1][safepoint    ] Leaving safepoint region
[2019-12-08T10:04:42.697+0000][1][safepoint    ] Total time for which application threads were stopped: 0.0000902 seconds, Stopping threads took: 0.0000217 seconds
[2019-12-08T10:04:43.697+0000][1][safepoint    ] Application time: 1.0000783 seconds
[2019-12-08T10:04:43.697+0000][1][safepoint    ] Entering safepoint region: Cleanup
[2019-12-08T10:04:43.697+0000][1][safepoint    ] Leaving safepoint region
[2019-12-08T10:04:43.697+0000][1][safepoint    ] Total time for which application threads were stopped: 0.0000828 seconds, Stopping threads took: 0.0000181 seconds
[2019-12-08T10:04:44.697+0000][1][safepoint    ] Application time: 1.0000853 seconds
[2019-12-08T10:04:44.697+0000][1][safepoint    ] Entering safepoint region: Cleanup
[2019-12-08T10:04:44.697+0000][1][safepoint    ] Leaving safepoint region
[2019-12-08T10:04:44.697+0000][1][safepoint    ] Total time for which application threads were stopped: 0.0000882 seconds, Stopping threads took: 0.0000200 seconds
[2019-12-08T10:04:45.698+0000][1][safepoint    ] Application time: 1.0000785 seconds
[2019-12-08T10:04:45.698+0000][1][safepoint    ] Entering safepoint region: Cleanup
[2019-12-08T10:04:45.698+0000][1][safepoint    ] Leaving safepoint region
[2019-12-08T10:04:45.698+0000][1][safepoint    ] Total time for which application threads were stopped: 0.0000814 seconds, Stopping threads took: 0.0000178 seconds
[2019-12-08T10:04:46.698+0000][1][safepoint    ] Application time: 1.0000799 seconds
[2019-12-08T10:04:46.698+0000][1][safepoint    ] Entering safepoint region: Cleanup
[2019-12-08T10:04:46.698+0000][1][safepoint    ] Leaving safepoint region
[2019-12-08T10:04:46.698+0000][1][safepoint    ] Total time for which application threads were stopped: 0.0000839 seconds, Stopping threads took: 0.0000191 seconds
[2019-12-08T10:04:47.698+0000][1][safepoint    ] Application time: 1.0000771 seconds
[2019-12-08T10:04:47.698+0000][1][safepoint    ] Entering safepoint region: Cleanup
[2019-12-08T10:04:47.698+0000][1][safepoint    ] Leaving safepoint region
[2019-12-08T10:04:47.698+0000][1][safepoint    ] Total time for which application threads were stopped: 0.0000821 seconds, Stopping threads took: 0.0000182 seconds
[2019-12-08T10:04:48.698+0000][1][safepoint    ] Application time: 1.0000760 seconds
[2019-12-08T10:04:48.698+0000][1][safepoint    ] Entering safepoint region: Cleanup
[2019-12-08T10:04:48.698+0000][1][safepoint    ] Leaving safepoint region
[2019-12-08T10:04:48.698+0000][1][safepoint    ] Total time for which application threads were stopped: 0.0000850 seconds, Stopping threads took: 0.0000183 seconds
[2019-12-08T10:04:49.698+0000][1][safepoint    ] Application time: 1.0000774 seconds
[2019-12-08T10:04:49.698+0000][1][safepoint    ] Entering safepoint region: Cleanup
[2019-12-08T10:04:49.698+0000][1][safepoint    ] Leaving safepoint region
[2019-12-08T10:04:49.699+0000][1][safepoint    ] Total time for which application threads were stopped: 0.0000858 seconds, Stopping threads took: 0.0000173 seconds
[2019-12-08T10:04:50.699+0000][1][safepoint    ] Application time: 1.0000779 seconds
[2019-12-08T10:04:50.699+0000][1][safepoint    ] Entering safepoint region: Cleanup
[2019-12-08T10:04:50.699+0000][1][safepoint    ] Leaving safepoint region
[2019-12-08T10:04:50.699+0000][1][safepoint    ] Total time for which application threads were stopped: 0.0001026 seconds, Stopping threads took: 0.0000201 seconds
[2019-12-08T10:04:51.699+0000][1][safepoint    ] Application time: 1.0000762 seconds
[2019-12-08T10:04:51.699+0000][1][safepoint    ] Entering safepoint region: Cleanup
[2019-12-08T10:04:51.699+0000][1][safepoint    ] Leaving safepoint region
[2019-12-08T10:04:51.699+0000][1][safepoint    ] Total time for which application threads were stopped: 0.0000871 seconds, Stopping threads took: 0.0000203 seconds
[2019-12-08T10:04:52.699+0000][1][safepoint    ] Application time: 1.0000775 seconds
[2019-12-08T10:04:52.699+0000][1][safepoint    ] Entering safepoint region: Cleanup
[2019-12-08T10:04:52.699+0000][1][safepoint    ] Leaving safepoint region
[2019-12-08T10:04:52.699+0000][1][safepoint    ] Total time for which application threads were stopped: 0.0000852 seconds, Stopping threads took: 0.0000198 seconds
[2019-12-08T10:04:53.699+0000][1][safepoint    ] Application time: 1.0000794 seconds
[2019-12-08T10:04:53.699+0000][1][safepoint    ] Entering safepoint region: Cleanup
[2019-12-08T10:04:53.699+0000][1][safepoint    ] Leaving safepoint region
[2019-12-08T10:04:53.699+0000][1][safepoint    ] Total time for which application threads were stopped: 0.0000880 seconds, Stopping threads took: 0.0000196 seconds
[2019-12-08T10:04:54.699+0000][1][safepoint    ] Application time: 1.0000769 seconds
[2019-12-08T10:04:54.699+0000][1][safepoint    ] Entering safepoint region: Cleanup
[2019-12-08T10:04:54.700+0000][1][safepoint    ] Leaving safepoint region
[2019-12-08T10:04:54.700+0000][1][safepoint    ] Total time for which application threads were stopped: 0.0000897 seconds, Stopping threads took: 0.0000205 seconds
[2019-12-08T10:04:55.700+0000][1][safepoint    ] Application time: 1.0000777 seconds
[2019-12-08T10:04:55.700+0000][1][safepoint    ] Entering safepoint region: Cleanup
[2019-12-08T10:04:55.700+0000][1][safepoint    ] Leaving safepoint region
[2019-12-08T10:04:55.700+0000][1][safepoint    ] Total time for which application threads were stopped: 0.0000859 seconds, Stopping threads took: 0.0000198 seconds
[2019-12-08T10:04:56.700+0000][1][safepoint    ] Application time: 1.0000788 seconds
[2019-12-08T10:04:56.700+0000][1][safepoint    ] Entering safepoint region: Cleanup
[2019-12-08T10:04:56.700+0000][1][safepoint    ] Leaving safepoint region
[2019-12-08T10:04:56.700+0000][1][safepoint    ] Total time for which application threads were stopped: 0.0001115 seconds, Stopping threads took: 0.0000194 seconds
[2019-12-08T10:04:57.700+0000][1][safepoint    ] Application time: 1.0000784 seconds
[2019-12-08T10:04:57.700+0000][1][safepoint    ] Entering safepoint region: Cleanup
[2019-12-08T10:04:57.700+0000][1][safepoint    ] Leaving safepoint region
[2019-12-08T10:04:57.700+0000][1][safepoint    ] Total time for which application threads were stopped: 0.0000888 seconds, Stopping threads took: 0.0000206 seconds
[2019-12-08T10:04:58.700+0000][1][safepoint    ] Application time: 1.0000757 seconds
[2019-12-08T10:04:58.700+0000][1][safepoint    ] Entering safepoint region: Cleanup
[2019-12-08T10:04:58.700+0000][1][safepoint    ] Leaving safepoint region
[2019-12-08T10:04:58.700+0000][1][safepoint    ] Total time for which application threads were stopped: 0.0000874 seconds, Stopping threads took: 0.0000214 seconds
[2019-12-08T10:04:59.701+0000][1][safepoint    ] Application time: 1.0000773 seconds
[2019-12-08T10:04:59.701+0000][1][safepoint    ] Entering safepoint region: Cleanup
[2019-12-08T10:04:59.701+0000][1][safepoint    ] Leaving safepoint region
[2019-12-08T10:04:59.701+0000][1][safepoint    ] Total time for which application threads were stopped: 0.0000866 seconds, Stopping threads took: 0.0000218 seconds
[2019-12-08T10:05:00.701+0000][1][safepoint    ] Application time: 1.0000762 seconds
[2019-12-08T10:05:00.701+0000][1][safepoint    ] Entering safepoint region: Cleanup
[2019-12-08T10:05:00.701+0000][1][safepoint    ] Leaving safepoint region
[2019-12-08T10:05:00.701+0000][1][safepoint    ] Total time for which application threads were stopped: 0.0000844 seconds, Stopping threads took: 0.0000204 seconds
[2019-12-08T10:05:01.701+0000][1][safepoint    ] Application time: 1.0000889 seconds
[2019-12-08T10:05:01.701+0000][1][safepoint    ] Entering safepoint region: Cleanup
[2019-12-08T10:05:01.701+0000][1][safepoint    ] Leaving safepoint region
[2019-12-08T10:05:01.701+0000][1][safepoint    ] Total time for which application threads were stopped: 0.0001127 seconds, Stopping threads took: 0.0000244 seconds
[2019-12-08T10:05:02.701+0000][1][safepoint    ] Application time: 1.0000911 seconds
[2019-12-08T10:05:02.701+0000][1][safepoint    ] Entering safepoint region: Cleanup
[2019-12-08T10:05:02.701+0000][1][safepoint    ] Leaving safepoint region
[2019-12-08T10:05:02.701+0000][1][safepoint    ] Total time for which application threads were stopped: 0.0000845 seconds, Stopping threads took: 0.0000202 seconds
[2019-12-08T10:05:03.701+0000][1][safepoint    ] Application time: 1.0000856 seconds
[2019-12-08T10:05:03.701+0000][1][safepoint    ] Entering safepoint region: Cleanup
[2019-12-08T10:05:03.702+0000][1][safepoint    ] Leaving safepoint region
[2019-12-08T10:05:03.702+0000][1][safepoint    ] Total time for which application threads were stopped: 0.0000782 seconds, Stopping threads took: 0.0000179 seconds
[2019-12-08T10:05:04.702+0000][1][safepoint    ] Application time: 1.0000752 seconds
[2019-12-08T10:05:04.702+0000][1][safepoint    ] Entering safepoint region: Cleanup
[2019-12-08T10:05:04.702+0000][1][safepoint    ] Leaving safepoint region
[2019-12-08T10:05:04.702+0000][1][safepoint    ] Total time for which application threads were stopped: 0.0000913 seconds, Stopping threads took: 0.0000194 seconds
[2019-12-08T10:05:05.702+0000][1][safepoint    ] Application time: 1.0000755 seconds
[2019-12-08T10:05:05.702+0000][1][safepoint    ] Entering safepoint region: Cleanup
[2019-12-08T10:05:05.702+0000][1][safepoint    ] Leaving safepoint region
[2019-12-08T10:05:05.702+0000][1][safepoint    ] Total time for which application threads were stopped: 0.0000871 seconds, Stopping threads took: 0.0000191 seconds
[2019-12-08T10:05:06.702+0000][1][safepoint    ] Application time: 1.0000768 seconds
[2019-12-08T10:05:06.702+0000][1][safepoint    ] Entering safepoint region: Cleanup
[2019-12-08T10:05:06.702+0000][1][safepoint    ] Leaving safepoint region
[2019-12-08T10:05:06.702+0000][1][safepoint    ] Total time for which application threads were stopped: 0.0000801 seconds, Stopping threads took: 0.0000185 seconds
[2019-12-08T10:05:07.702+0000][1][safepoint    ] Application time: 1.0000755 seconds
[2019-12-08T10:05:07.702+0000][1][safepoint    ] Entering safepoint region: Cleanup
[2019-12-08T10:05:07.702+0000][1][safepoint    ] Leaving safepoint region
[2019-12-08T10:05:07.702+0000][1][safepoint    ] Total time for which application threads were stopped: 0.0000797 seconds, Stopping threads took: 0.0000192 seconds
[2019-12-08T10:05:08.702+0000][1][safepoint    ] Application time: 1.0000776 seconds
[2019-12-08T10:05:08.702+0000][1][safepoint    ] Entering safepoint region: Cleanup
[2019-12-08T10:05:08.703+0000][1][safepoint    ] Leaving safepoint region
[2019-12-08T10:05:08.703+0000][1][safepoint    ] Total time for which application threads were stopped: 0.0000813 seconds, Stopping threads took: 0.0000196 seconds
[2019-12-08T10:05:09.703+0000][1][safepoint    ] Application time: 1.0000781 seconds
[2019-12-08T10:05:09.703+0000][1][safepoint    ] Entering safepoint region: Cleanup
[2019-12-08T10:05:09.703+0000][1][safepoint    ] Leaving safepoint region
[2019-12-08T10:05:09.703+0000][1][safepoint    ] Total time for which application threads were stopped: 0.0000904 seconds, Stopping threads took: 0.0000185 seconds
[2019-12-08T10:05:10.703+0000][1][safepoint    ] Application time: 1.0000778 seconds
[2019-12-08T10:05:10.703+0000][1][safepoint    ] Entering safepoint region: Cleanup
[2019-12-08T10:05:10.703+0000][1][safepoint    ] Leaving safepoint region
[2019-12-08T10:05:10.703+0000][1][safepoint    ] Total time for which application threads were stopped: 0.0000823 seconds, Stopping threads took: 0.0000193 seconds
[2019-12-08T10:05:11.703+0000][1][safepoint    ] Application time: 1.0000792 seconds
[2019-12-08T10:05:11.703+0000][1][safepoint    ] Entering safepoint region: Cleanup
[2019-12-08T10:05:11.703+0000][1][safepoint    ] Leaving safepoint region
[2019-12-08T10:05:11.703+0000][1][safepoint    ] Total time for which application threads were stopped: 0.0000821 seconds, Stopping threads took: 0.0000203 seconds
[2019-12-08T10:05:12.703+0000][1][safepoint    ] Application time: 1.0000767 seconds
[2019-12-08T10:05:12.703+0000][1][safepoint    ] Entering safepoint region: Cleanup
[2019-12-08T10:05:12.703+0000][1][safepoint    ] Leaving safepoint region
[2019-12-08T10:05:12.703+0000][1][safepoint    ] Total time for which application threads were stopped: 0.0000801 seconds, Stopping threads took: 0.0000194 seconds
[2019-12-08T10:05:13.703+0000][1][safepoint    ] Application time: 1.0000773 seconds
[2019-12-08T10:05:13.703+0000][1][safepoint    ] Entering safepoint region: Cleanup
[2019-12-08T10:05:13.704+0000][1][safepoint    ] Leaving safepoint region
[2019-12-08T10:05:13.704+0000][1][safepoint    ] Total time for which application threads were stopped: 0.0000789 seconds, Stopping threads took: 0.0000188 seconds
[2019-12-08T10:05:14.704+0000][1][safepoint    ] Application time: 1.0000788 seconds
[2019-12-08T10:05:14.704+0000][1][safepoint    ] Entering safepoint region: Cleanup
[2019-12-08T10:05:14.704+0000][1][safepoint    ] Leaving safepoint region
[2019-12-08T10:05:14.704+0000][1][safepoint    ] Total time for which application threads were stopped: 0.0000947 seconds, Stopping threads took: 0.0000298 seconds
[2019-12-08T10:05:15.704+0000][1][safepoint    ] Application time: 1.0000778 seconds
[2019-12-08T10:05:15.704+0000][1][safepoint    ] Entering safepoint region: Cleanup
[2019-12-08T10:05:15.704+0000][1][safepoint    ] Leaving safepoint region
[2019-12-08T10:05:15.704+0000][1][safepoint    ] Total time for which application threads were stopped: 0.0000808 seconds, Stopping threads took: 0.0000196 seconds
[2019-12-08T10:05:16.704+0000][1][safepoint    ] Application time: 1.0000774 seconds
[2019-12-08T10:05:16.704+0000][1][safepoint    ] Entering safepoint region: Cleanup
[2019-12-08T10:05:16.704+0000][1][safepoint    ] Leaving safepoint region
[2019-12-08T10:05:16.704+0000][1][safepoint    ] Total time for which application threads were stopped: 0.0000842 seconds, Stopping threads took: 0.0000205 seconds
[2019-12-08T10:05:17.704+0000][1][safepoint    ] Application time: 1.0000759 seconds
[2019-12-08T10:05:17.704+0000][1][safepoint    ] Entering safepoint region: Cleanup
[2019-12-08T10:05:17.704+0000][1][safepoint    ] Leaving safepoint region
[2019-12-08T10:05:17.704+0000][1][safepoint    ] Total time for which application threads were stopped: 0.0000785 seconds, Stopping threads took: 0.0000187 seconds
[2019-12-08T10:05:18.704+0000][1][safepoint    ] Application time: 1.0000767 seconds
[2019-12-08T10:05:18.704+0000][1][safepoint    ] Entering safepoint region: Cleanup
[2019-12-08T10:05:18.705+0000][1][safepoint    ] Leaving safepoint region
[2019-12-08T10:05:18.705+0000][1][safepoint    ] Total time for which application threads were stopped: 0.0000840 seconds, Stopping threads took: 0.0000210 seconds
[2019-12-08T10:05:19.705+0000][1][safepoint    ] Application time: 1.0000813 seconds
[2019-12-08T10:05:19.705+0000][1][safepoint    ] Entering safepoint region: Cleanup
[2019-12-08T10:05:19.705+0000][1][safepoint    ] Leaving safepoint region
[2019-12-08T10:05:19.705+0000][1][safepoint    ] Total time for which application threads were stopped: 0.0000811 seconds, Stopping threads took: 0.0000200 seconds
[2019-12-08T10:05:20.705+0000][1][safepoint    ] Application time: 1.0000838 seconds
[2019-12-08T10:05:20.705+0000][1][safepoint    ] Entering safepoint region: Cleanup
[2019-12-08T10:05:20.705+0000][1][safepoint    ] Leaving safepoint region
[2019-12-08T10:05:20.705+0000][1][safepoint    ] Total time for which application threads were stopped: 0.0000845 seconds, Stopping threads took: 0.0000200 seconds
[2019-12-08T10:05:21.705+0000][1][safepoint    ] Application time: 1.0000822 seconds
[2019-12-08T10:05:21.705+0000][1][safepoint    ] Entering safepoint region: Cleanup
[2019-12-08T10:05:21.705+0000][1][safepoint    ] Leaving safepoint region
[2019-12-08T10:05:21.705+0000][1][safepoint    ] Total time for which application threads were stopped: 0.0000811 seconds, Stopping threads took: 0.0000203 seconds
[2019-12-08T10:05:22.705+0000][1][safepoint    ] Application time: 1.0000765 seconds
[2019-12-08T10:05:22.705+0000][1][safepoint    ] Entering safepoint region: Cleanup
[2019-12-08T10:05:22.705+0000][1][safepoint    ] Leaving safepoint region
[2019-12-08T10:05:22.705+0000][1][safepoint    ] Total time for which application threads were stopped: 0.0000839 seconds, Stopping threads took: 0.0000234 seconds
[2019-12-08T10:05:23.705+0000][1][safepoint    ] Application time: 1.0000775 seconds
[2019-12-08T10:05:23.706+0000][1][safepoint    ] Entering safepoint region: Cleanup
[2019-12-08T10:05:23.706+0000][1][safepoint    ] Leaving safepoint region
[2019-12-08T10:05:23.706+0000][1][safepoint    ] Total time for which application threads were stopped: 0.0000808 seconds, Stopping threads took: 0.0000197 seconds
[2019-12-08T10:05:24.706+0000][1][safepoint    ] Application time: 1.0000845 seconds
[2019-12-08T10:05:24.706+0000][1][safepoint    ] Entering safepoint region: Cleanup
[2019-12-08T10:05:24.706+0000][1][safepoint    ] Leaving safepoint region
[2019-12-08T10:05:24.706+0000][1][safepoint    ] Total time for which application threads were stopped: 0.0000792 seconds, Stopping threads took: 0.0000192 seconds
[2019-12-08T10:05:25.706+0000][1][safepoint    ] Application time: 1.0000764 seconds
[2019-12-08T10:05:25.706+0000][1][safepoint    ] Entering safepoint region: Cleanup
[2019-12-08T10:05:25.706+0000][1][safepoint    ] Leaving safepoint region
[2019-12-08T10:05:25.706+0000][1][safepoint    ] Total time for which application threads were stopped: 0.0000857 seconds, Stopping threads took: 0.0000196 seconds
[2019-12-08T10:05:26.706+0000][1][safepoint    ] Application time: 1.0000777 seconds
[2019-12-08T10:05:26.706+0000][1][safepoint    ] Entering safepoint region: Cleanup
[2019-12-08T10:05:26.706+0000][1][safepoint    ] Leaving safepoint region
[2019-12-08T10:05:26.706+0000][1][safepoint    ] Total time for which application threads were stopped: 0.0000845 seconds, Stopping threads took: 0.0000200 seconds
[2019-12-08T10:05:27.706+0000][1][safepoint    ] Application time: 1.0000770 seconds
[2019-12-08T10:05:27.706+0000][1][safepoint    ] Entering safepoint region: Cleanup
[2019-12-08T10:05:27.706+0000][1][safepoint    ] Leaving safepoint region
[2019-12-08T10:05:27.706+0000][1][safepoint    ] Total time for which application threads were stopped: 0.0000865 seconds, Stopping threads took: 0.0000260 seconds
[2019-12-08T10:05:28.707+0000][1][safepoint    ] Application time: 1.0000763 seconds
[2019-12-08T10:05:28.707+0000][1][safepoint    ] Entering safepoint region: Cleanup
[2019-12-08T10:05:28.707+0000][1][safepoint    ] Leaving safepoint region
[2019-12-08T10:05:28.707+0000][1][safepoint    ] Total time for which application threads were stopped: 0.0000802 seconds, Stopping threads took: 0.0000197 seconds
[2019-12-08T10:05:29.707+0000][1][safepoint    ] Application time: 1.0000762 seconds
[2019-12-08T10:05:29.707+0000][1][safepoint    ] Entering safepoint region: Cleanup
[2019-12-08T10:05:29.707+0000][1][safepoint    ] Leaving safepoint region
[2019-12-08T10:05:29.707+0000][1][safepoint    ] Total time for which application threads were stopped: 0.0000824 seconds, Stopping threads took: 0.0000205 seconds
[2019-12-08T10:05:29.720+0000][1][safepoint    ] Application time: 0.0130217 seconds
[2019-12-08T10:05:29.720+0000][1][safepoint    ] Entering safepoint region: GenCollectForAllocation
[2019-12-08T10:05:29.720+0000][1][gc,start     ] GC(32) Pause Young (Allocation Failure)
[2019-12-08T10:05:29.720+0000][1][gc,task      ] GC(32) Using 4 workers of 4 for evacuation
[2019-12-08T10:05:29.722+0000][1][gc,age       ] GC(32) Desired survivor size 4456448 bytes, new threshold 6 (max threshold 6)
[2019-12-08T10:05:29.722+0000][1][gc,age       ] GC(32) Age table with threshold 6 (max threshold 6)
[2019-12-08T10:05:29.722+0000][1][gc,age       ] GC(32) - age   1:       6728 bytes,       6728 total
[2019-12-08T10:05:29.722+0000][1][gc,age       ] GC(32) - age   2:        472 bytes,       7200 total
[2019-12-08T10:05:29.722+0000][1][gc,age       ] GC(32) - age   3:       1792 bytes,       8992 total
[2019-12-08T10:05:29.722+0000][1][gc,age       ] GC(32) - age   4:       3360 bytes,      12352 total
[2019-12-08T10:05:29.722+0000][1][gc,age       ] GC(32) - age   5:       4136 bytes,      16488 total
[2019-12-08T10:05:29.722+0000][1][gc,age       ] GC(32) - age   6:       4960 bytes,      21448 total
[2019-12-08T10:05:29.722+0000][1][gc,heap      ] GC(32) ParNew: 70632K->233K(78656K)
[2019-12-08T10:05:29.722+0000][1][gc,heap      ] GC(32) CMS: 70144K->70385K(174784K)
[2019-12-08T10:05:29.722+0000][1][gc,metaspace ] GC(32) Metaspace: 72502K->72502K(1116160K)
[2019-12-08T10:05:29.722+0000][1][gc           ] GC(32) Pause Young (Allocation Failure) 137M->68M(247M) 1.788ms
[2019-12-08T10:05:29.722+0000][1][gc,cpu       ] GC(32) User=0.01s Sys=0.00s Real=0.01s
[2019-12-08T10:05:29.722+0000][1][safepoint    ] Leaving safepoint region
[2019-12-08T10:05:29.722+0000][1][safepoint    ] Total time for which application threads were stopped: 0.0018913 seconds, Stopping threads took: 0.0000080 seconds
[2019-12-08T10:05:30.722+0000][1][safepoint    ] Application time: 1.0000878 seconds
[2019-12-08T10:05:30.722+0000][1][safepoint    ] Entering safepoint region: Cleanup
[2019-12-08T10:05:30.722+0000][1][safepoint    ] Leaving safepoint region
[2019-12-08T10:05:30.722+0000][1][safepoint    ] Total time for which application threads were stopped: 0.0000781 seconds, Stopping threads took: 0.0000191 seconds
[2019-12-08T10:05:31.722+0000][1][safepoint    ] Application time: 1.0000756 seconds
[2019-12-08T10:05:31.722+0000][1][safepoint    ] Entering safepoint region: Cleanup
[2019-12-08T10:05:31.722+0000][1][safepoint    ] Leaving safepoint region
[2019-12-08T10:05:31.722+0000][1][safepoint    ] Total time for which application threads were stopped: 0.0000791 seconds, Stopping threads took: 0.0000185 seconds
[2019-12-08T10:05:32.722+0000][1][safepoint    ] Application time: 1.0000762 seconds
[2019-12-08T10:05:32.722+0000][1][safepoint    ] Entering safepoint region: Cleanup
[2019-12-08T10:05:32.722+0000][1][safepoint    ] Leaving safepoint region
[2019-12-08T10:05:32.722+0000][1][safepoint    ] Total time for which application threads were stopped: 0.0000818 seconds, Stopping threads took: 0.0000197 seconds
[2019-12-08T10:05:33.722+0000][1][safepoint    ] Application time: 1.0000742 seconds
[2019-12-08T10:05:33.722+0000][1][safepoint    ] Entering safepoint region: Cleanup
[2019-12-08T10:05:33.723+0000][1][safepoint    ] Leaving safepoint region
[2019-12-08T10:05:33.723+0000][1][safepoint    ] Total time for which application threads were stopped: 0.0000765 seconds, Stopping threads took: 0.0000175 seconds
[2019-12-08T10:05:34.723+0000][1][safepoint    ] Application time: 1.0000751 seconds
[2019-12-08T10:05:34.723+0000][1][safepoint    ] Entering safepoint region: Cleanup
[2019-12-08T10:05:34.723+0000][1][safepoint    ] Leaving safepoint region
[2019-12-08T10:05:34.723+0000][1][safepoint    ] Total time for which application threads were stopped: 0.0001508 seconds, Stopping threads took: 0.0000784 seconds
[2019-12-08T10:05:35.723+0000][1][safepoint    ] Application time: 1.0000814 seconds
[2019-12-08T10:05:35.723+0000][1][safepoint    ] Entering safepoint region: Cleanup
[2019-12-08T10:05:35.723+0000][1][safepoint    ] Leaving safepoint region
[2019-12-08T10:05:35.723+0000][1][safepoint    ] Total time for which application threads were stopped: 0.0000825 seconds, Stopping threads took: 0.0000173 seconds
[2019-12-08T10:05:36.723+0000][1][safepoint    ] Application time: 1.0000745 seconds
[2019-12-08T10:05:36.723+0000][1][safepoint    ] Entering safepoint region: Cleanup
[2019-12-08T10:05:36.723+0000][1][safepoint    ] Leaving safepoint region
[2019-12-08T10:05:36.723+0000][1][safepoint    ] Total time for which application threads were stopped: 0.0000824 seconds, Stopping threads took: 0.0000182 seconds
[2019-12-08T10:05:37.723+0000][1][safepoint    ] Application time: 1.0000725 seconds
[2019-12-08T10:05:37.723+0000][1][safepoint    ] Entering safepoint region: Cleanup
[2019-12-08T10:05:37.723+0000][1][safepoint    ] Leaving safepoint region
[2019-12-08T10:05:37.723+0000][1][safepoint    ] Total time for which application threads were stopped: 0.0000770 seconds, Stopping threads took: 0.0000198 seconds
[2019-12-08T10:05:38.723+0000][1][safepoint    ] Application time: 1.0000753 seconds
[2019-12-08T10:05:38.724+0000][1][safepoint    ] Entering safepoint region: Cleanup
[2019-12-08T10:05:38.724+0000][1][safepoint    ] Leaving safepoint region
[2019-12-08T10:05:38.724+0000][1][safepoint    ] Total time for which application threads were stopped: 0.0000896 seconds, Stopping threads took: 0.0000273 seconds
[2019-12-08T10:05:39.724+0000][1][safepoint    ] Application time: 1.0000822 seconds
[2019-12-08T10:05:39.724+0000][1][safepoint    ] Entering safepoint region: Cleanup
[2019-12-08T10:05:39.724+0000][1][safepoint    ] Leaving safepoint region
[2019-12-08T10:05:39.724+0000][1][safepoint    ] Total time for which application threads were stopped: 0.0000828 seconds, Stopping threads took: 0.0000199 seconds
[2019-12-08T10:05:40.724+0000][1][safepoint    ] Application time: 1.0000766 seconds
[2019-12-08T10:05:40.724+0000][1][safepoint    ] Entering safepoint region: Cleanup
[2019-12-08T10:05:40.724+0000][1][safepoint    ] Leaving safepoint region
[2019-12-08T10:05:40.724+0000][1][safepoint    ] Total time for which application threads were stopped: 0.0000796 seconds, Stopping threads took: 0.0000177 seconds
[2019-12-08T10:05:41.724+0000][1][safepoint    ] Application time: 1.0000790 seconds
[2019-12-08T10:05:41.724+0000][1][safepoint    ] Entering safepoint region: Cleanup
[2019-12-08T10:05:41.724+0000][1][safepoint    ] Leaving safepoint region
[2019-12-08T10:05:41.724+0000][1][safepoint    ] Total time for which application threads were stopped: 0.0000826 seconds, Stopping threads took: 0.0000215 seconds
[2019-12-08T10:05:42.724+0000][1][safepoint    ] Application time: 1.0000785 seconds
[2019-12-08T10:05:42.724+0000][1][safepoint    ] Entering safepoint region: Cleanup
[2019-12-08T10:05:42.724+0000][1][safepoint    ] Leaving safepoint region
[2019-12-08T10:05:42.724+0000][1][safepoint    ] Total time for which application threads were stopped: 0.0000779 seconds, Stopping threads took: 0.0000191 seconds
[2019-12-08T10:05:43.725+0000][1][safepoint    ] Application time: 1.0000769 seconds
[2019-12-08T10:05:43.725+0000][1][safepoint    ] Entering safepoint region: Cleanup
[2019-12-08T10:05:43.725+0000][1][safepoint    ] Leaving safepoint region
[2019-12-08T10:05:43.725+0000][1][safepoint    ] Total time for which application threads were stopped: 0.0000754 seconds, Stopping threads took: 0.0000190 seconds
[2019-12-08T10:05:44.725+0000][1][safepoint    ] Application time: 1.0000830 seconds
[2019-12-08T10:05:44.725+0000][1][safepoint    ] Entering safepoint region: Cleanup
[2019-12-08T10:05:44.725+0000][1][safepoint    ] Leaving safepoint region
[2019-12-08T10:05:44.725+0000][1][safepoint    ] Total time for which application threads were stopped: 0.0000840 seconds, Stopping threads took: 0.0000214 seconds
[2019-12-08T10:05:45.725+0000][1][safepoint    ] Application time: 1.0000764 seconds
[2019-12-08T10:05:45.725+0000][1][safepoint    ] Entering safepoint region: Cleanup
[2019-12-08T10:05:45.725+0000][1][safepoint    ] Leaving safepoint region
[2019-12-08T10:05:45.725+0000][1][safepoint    ] Total time for which application threads were stopped: 0.0000782 seconds, Stopping threads took: 0.0000203 seconds
[2019-12-08T10:05:46.725+0000][1][safepoint    ] Application time: 1.0000779 seconds
[2019-12-08T10:05:46.725+0000][1][safepoint    ] Entering safepoint region: Cleanup
[2019-12-08T10:05:46.725+0000][1][safepoint    ] Leaving safepoint region
[2019-12-08T10:05:46.725+0000][1][safepoint    ] Total time for which application threads were stopped: 0.0000771 seconds, Stopping threads took: 0.0000202 seconds
[2019-12-08T10:05:47.725+0000][1][safepoint    ] Application time: 1.0000757 seconds
[2019-12-08T10:05:47.725+0000][1][safepoint    ] Entering safepoint region: Cleanup
[2019-12-08T10:05:47.725+0000][1][safepoint    ] Leaving safepoint region
[2019-12-08T10:05:47.725+0000][1][safepoint    ] Total time for which application threads were stopped: 0.0000743 seconds, Stopping threads took: 0.0000182 seconds
[2019-12-08T10:05:48.726+0000][1][safepoint    ] Application time: 1.0000757 seconds
[2019-12-08T10:05:48.726+0000][1][safepoint    ] Entering safepoint region: Cleanup
[2019-12-08T10:05:48.726+0000][1][safepoint    ] Leaving safepoint region
[2019-12-08T10:05:48.726+0000][1][safepoint    ] Total time for which application threads were stopped: 0.0000719 seconds, Stopping threads took: 0.0000173 seconds
[2019-12-08T10:05:49.726+0000][1][safepoint    ] Application time: 1.0000750 seconds
[2019-12-08T10:05:49.726+0000][1][safepoint    ] Entering safepoint region: Cleanup
[2019-12-08T10:05:49.726+0000][1][safepoint    ] Leaving safepoint region
[2019-12-08T10:05:49.726+0000][1][safepoint    ] Total time for which application threads were stopped: 0.0000749 seconds, Stopping threads took: 0.0000190 seconds
[2019-12-08T10:05:50.726+0000][1][safepoint    ] Application time: 1.0000765 seconds
[2019-12-08T10:05:50.726+0000][1][safepoint    ] Entering safepoint region: Cleanup
[2019-12-08T10:05:50.726+0000][1][safepoint    ] Leaving safepoint region
[2019-12-08T10:05:50.726+0000][1][safepoint    ] Total time for which application threads were stopped: 0.0000852 seconds, Stopping threads took: 0.0000202 seconds
[2019-12-08T10:05:51.726+0000][1][safepoint    ] Application time: 1.0000844 seconds
[2019-12-08T10:05:51.726+0000][1][safepoint    ] Entering safepoint region: Cleanup
[2019-12-08T10:05:51.726+0000][1][safepoint    ] Leaving safepoint region
[2019-12-08T10:05:51.726+0000][1][safepoint    ] Total time for which application threads were stopped: 0.0000812 seconds, Stopping threads took: 0.0000203 seconds
[2019-12-08T10:05:52.726+0000][1][safepoint    ] Application time: 1.0000776 seconds
[2019-12-08T10:05:52.726+0000][1][safepoint    ] Entering safepoint region: Cleanup
[2019-12-08T10:05:52.726+0000][1][safepoint    ] Leaving safepoint region
[2019-12-08T10:05:52.726+0000][1][safepoint    ] Total time for which application threads were stopped: 0.0000761 seconds, Stopping threads took: 0.0000189 seconds
[2019-12-08T10:05:53.726+0000][1][safepoint    ] Application time: 1.0000742 seconds
[2019-12-08T10:05:53.727+0000][1][safepoint    ] Entering safepoint region: Cleanup
[2019-12-08T10:05:53.727+0000][1][safepoint    ] Leaving safepoint region
[2019-12-08T10:05:53.727+0000][1][safepoint    ] Total time for which application threads were stopped: 0.0000738 seconds, Stopping threads took: 0.0000191 seconds
[2019-12-08T10:05:54.727+0000][1][safepoint    ] Application time: 1.0000774 seconds
[2019-12-08T10:05:54.727+0000][1][safepoint    ] Entering safepoint region: Cleanup
[2019-12-08T10:05:54.727+0000][1][safepoint    ] Leaving safepoint region
[2019-12-08T10:05:54.727+0000][1][safepoint    ] Total time for which application threads were stopped: 0.0000762 seconds, Stopping threads took: 0.0000210 seconds
[2019-12-08T10:05:55.727+0000][1][safepoint    ] Application time: 1.0000747 seconds
[2019-12-08T10:05:55.727+0000][1][safepoint    ] Entering safepoint region: Cleanup
[2019-12-08T10:05:55.727+0000][1][safepoint    ] Leaving safepoint region
[2019-12-08T10:05:55.727+0000][1][safepoint    ] Total time for which application threads were stopped: 0.0000768 seconds, Stopping threads took: 0.0000192 seconds
[2019-12-08T10:05:56.727+0000][1][safepoint    ] Application time: 1.0000755 seconds
[2019-12-08T10:05:56.727+0000][1][safepoint    ] Entering safepoint region: Cleanup
[2019-12-08T10:05:56.727+0000][1][safepoint    ] Leaving safepoint region
[2019-12-08T10:05:56.727+0000][1][safepoint    ] Total time for which application threads were stopped: 0.0000754 seconds, Stopping threads took: 0.0000190 seconds
[2019-12-08T10:05:57.727+0000][1][safepoint    ] Application time: 1.0000737 seconds
[2019-12-08T10:05:57.727+0000][1][safepoint    ] Entering safepoint region: Cleanup
[2019-12-08T10:05:57.727+0000][1][safepoint    ] Leaving safepoint region
[2019-12-08T10:05:57.727+0000][1][safepoint    ] Total time for which application threads were stopped: 0.0000732 seconds, Stopping threads took: 0.0000173 seconds
[2019-12-08T10:05:58.727+0000][1][safepoint    ] Application time: 1.0000731 seconds
[2019-12-08T10:05:58.727+0000][1][safepoint    ] Entering safepoint region: Cleanup
[2019-12-08T10:05:58.728+0000][1][safepoint    ] Leaving safepoint region
[2019-12-08T10:05:58.728+0000][1][safepoint    ] Total time for which application threads were stopped: 0.0000724 seconds, Stopping threads took: 0.0000173 seconds
[2019-12-08T10:05:59.728+0000][1][safepoint    ] Application time: 1.0000734 seconds
[2019-12-08T10:05:59.728+0000][1][safepoint    ] Entering safepoint region: Cleanup
[2019-12-08T10:05:59.728+0000][1][safepoint    ] Leaving safepoint region
[2019-12-08T10:05:59.728+0000][1][safepoint    ] Total time for which application threads were stopped: 0.0000851 seconds, Stopping threads took: 0.0000186 seconds
[2019-12-08T10:06:00.728+0000][1][safepoint    ] Application time: 1.0000778 seconds
[2019-12-08T10:06:00.728+0000][1][safepoint    ] Entering safepoint region: Cleanup
[2019-12-08T10:06:00.728+0000][1][safepoint    ] Leaving safepoint region
[2019-12-08T10:06:00.728+0000][1][safepoint    ] Total time for which application threads were stopped: 0.0000774 seconds, Stopping threads took: 0.0000189 seconds
[2019-12-08T10:06:01.728+0000][1][safepoint    ] Application time: 1.0000885 seconds
[2019-12-08T10:06:01.728+0000][1][safepoint    ] Entering safepoint region: Cleanup
[2019-12-08T10:06:01.728+0000][1][safepoint    ] Leaving safepoint region
[2019-12-08T10:06:01.728+0000][1][safepoint    ] Total time for which application threads were stopped: 0.0000828 seconds, Stopping threads took: 0.0000219 seconds
[2019-12-08T10:06:02.728+0000][1][safepoint    ] Application time: 1.0000861 seconds
[2019-12-08T10:06:02.728+0000][1][safepoint    ] Entering safepoint region: Cleanup
[2019-12-08T10:06:02.728+0000][1][safepoint    ] Leaving safepoint region
[2019-12-08T10:06:02.728+0000][1][safepoint    ] Total time for which application threads were stopped: 0.0000829 seconds, Stopping threads took: 0.0000201 seconds
[2019-12-08T10:06:03.728+0000][1][safepoint    ] Application time: 1.0000812 seconds
[2019-12-08T10:06:03.728+0000][1][safepoint    ] Entering safepoint region: Cleanup
[2019-12-08T10:06:03.729+0000][1][safepoint    ] Leaving safepoint region
[2019-12-08T10:06:03.729+0000][1][safepoint    ] Total time for which application threads were stopped: 0.0000793 seconds, Stopping threads took: 0.0000199 seconds
[2019-12-08T10:06:04.729+0000][1][safepoint    ] Application time: 1.0000856 seconds
[2019-12-08T10:06:04.729+0000][1][safepoint    ] Entering safepoint region: Cleanup
[2019-12-08T10:06:04.729+0000][1][safepoint    ] Leaving safepoint region
[2019-12-08T10:06:04.729+0000][1][safepoint    ] Total time for which application threads were stopped: 0.0000800 seconds, Stopping threads took: 0.0000205 seconds
[2019-12-08T10:06:05.729+0000][1][safepoint    ] Application time: 1.0000772 seconds
[2019-12-08T10:06:05.729+0000][1][safepoint    ] Entering safepoint region: Cleanup
[2019-12-08T10:06:05.729+0000][1][safepoint    ] Leaving safepoint region
[2019-12-08T10:06:05.729+0000][1][safepoint    ] Total time for which application threads were stopped: 0.0000751 seconds, Stopping threads took: 0.0000197 seconds
[2019-12-08T10:06:06.729+0000][1][safepoint    ] Application time: 1.0000764 seconds
[2019-12-08T10:06:06.729+0000][1][safepoint    ] Entering safepoint region: Cleanup
[2019-12-08T10:06:06.729+0000][1][safepoint    ] Leaving safepoint region
[2019-12-08T10:06:06.729+0000][1][safepoint    ] Total time for which application threads were stopped: 0.0000777 seconds, Stopping threads took: 0.0000199 seconds
[2019-12-08T10:06:07.729+0000][1][safepoint    ] Application time: 1.0000754 seconds
[2019-12-08T10:06:07.729+0000][1][safepoint    ] Entering safepoint region: Cleanup
[2019-12-08T10:06:07.729+0000][1][safepoint    ] Leaving safepoint region
[2019-12-08T10:06:07.729+0000][1][safepoint    ] Total time for which application threads were stopped: 0.0000759 seconds, Stopping threads took: 0.0000184 seconds
[2019-12-08T10:06:08.729+0000][1][safepoint    ] Application time: 1.0000753 seconds
[2019-12-08T10:06:08.729+0000][1][safepoint    ] Entering safepoint region: Cleanup
[2019-12-08T10:06:08.730+0000][1][safepoint    ] Leaving safepoint region
[2019-12-08T10:06:08.730+0000][1][safepoint    ] Total time for which application threads were stopped: 0.0000744 seconds, Stopping threads took: 0.0000179 seconds
[2019-12-08T10:06:09.730+0000][1][safepoint    ] Application time: 1.0000756 seconds
[2019-12-08T10:06:09.730+0000][1][safepoint    ] Entering safepoint region: Cleanup
[2019-12-08T10:06:09.730+0000][1][safepoint    ] Leaving safepoint region
[2019-12-08T10:06:09.730+0000][1][safepoint    ] Total time for which application threads were stopped: 0.0000940 seconds, Stopping threads took: 0.0000330 seconds
[2019-12-08T10:06:10.730+0000][1][safepoint    ] Application time: 1.0000745 seconds
[2019-12-08T10:06:10.730+0000][1][safepoint    ] Entering safepoint region: Cleanup
[2019-12-08T10:06:10.730+0000][1][safepoint    ] Leaving safepoint region
[2019-12-08T10:06:10.730+0000][1][safepoint    ] Total time for which application threads were stopped: 0.0000725 seconds, Stopping threads took: 0.0000183 seconds
[2019-12-08T10:06:11.730+0000][1][safepoint    ] Application time: 1.0000796 seconds
[2019-12-08T10:06:11.730+0000][1][safepoint    ] Entering safepoint region: Cleanup
[2019-12-08T10:06:11.730+0000][1][safepoint    ] Leaving safepoint region
[2019-12-08T10:06:11.730+0000][1][safepoint    ] Total time for which application threads were stopped: 0.0000820 seconds, Stopping threads took: 0.0000213 seconds
[2019-12-08T10:06:12.730+0000][1][safepoint    ] Application time: 1.0000802 seconds
[2019-12-08T10:06:12.730+0000][1][safepoint    ] Entering safepoint region: Cleanup
[2019-12-08T10:06:12.730+0000][1][safepoint    ] Leaving safepoint region
[2019-12-08T10:06:12.730+0000][1][safepoint    ] Total time for which application threads were stopped: 0.0000778 seconds, Stopping threads took: 0.0000198 seconds
[2019-12-08T10:06:13.730+0000][1][safepoint    ] Application time: 1.0000750 seconds
[2019-12-08T10:06:13.730+0000][1][safepoint    ] Entering safepoint region: Cleanup
[2019-12-08T10:06:13.731+0000][1][safepoint    ] Leaving safepoint region
[2019-12-08T10:06:13.731+0000][1][safepoint    ] Total time for which application threads were stopped: 0.0000725 seconds, Stopping threads took: 0.0000170 seconds
[2019-12-08T10:06:14.731+0000][1][safepoint    ] Application time: 1.0000763 seconds
[2019-12-08T10:06:14.731+0000][1][safepoint    ] Entering safepoint region: Cleanup
[2019-12-08T10:06:14.731+0000][1][safepoint    ] Leaving safepoint region
[2019-12-08T10:06:14.731+0000][1][safepoint    ] Total time for which application threads were stopped: 0.0000868 seconds, Stopping threads took: 0.0000203 seconds
[2019-12-08T10:06:15.731+0000][1][safepoint    ] Application time: 1.0000789 seconds
[2019-12-08T10:06:15.731+0000][1][safepoint    ] Entering safepoint region: Cleanup
[2019-12-08T10:06:15.731+0000][1][safepoint    ] Leaving safepoint region
[2019-12-08T10:06:15.731+0000][1][safepoint    ] Total time for which application threads were stopped: 0.0000807 seconds, Stopping threads took: 0.0000183 seconds
[2019-12-08T10:06:16.731+0000][1][safepoint    ] Application time: 1.0000773 seconds
[2019-12-08T10:06:16.731+0000][1][safepoint    ] Entering safepoint region: Cleanup
[2019-12-08T10:06:16.731+0000][1][safepoint    ] Leaving safepoint region
[2019-12-08T10:06:16.731+0000][1][safepoint    ] Total time for which application threads were stopped: 0.0000766 seconds, Stopping threads took: 0.0000195 seconds
[2019-12-08T10:06:17.731+0000][1][safepoint    ] Application time: 1.0000758 seconds
[2019-12-08T10:06:17.731+0000][1][safepoint    ] Entering safepoint region: Cleanup
[2019-12-08T10:06:17.731+0000][1][safepoint    ] Leaving safepoint region
[2019-12-08T10:06:17.731+0000][1][safepoint    ] Total time for which application threads were stopped: 0.0000797 seconds, Stopping threads took: 0.0000197 seconds
[2019-12-08T10:06:18.731+0000][1][safepoint    ] Application time: 1.0000762 seconds
[2019-12-08T10:06:18.731+0000][1][safepoint    ] Entering safepoint region: Cleanup
[2019-12-08T10:06:18.732+0000][1][safepoint    ] Leaving safepoint region
[2019-12-08T10:06:18.732+0000][1][safepoint    ] Total time for which application threads were stopped: 0.0000742 seconds, Stopping threads took: 0.0000183 seconds
[2019-12-08T10:06:19.732+0000][1][safepoint    ] Application time: 1.0000743 seconds
[2019-12-08T10:06:19.732+0000][1][safepoint    ] Entering safepoint region: Cleanup
[2019-12-08T10:06:19.732+0000][1][safepoint    ] Leaving safepoint region
[2019-12-08T10:06:19.732+0000][1][safepoint    ] Total time for which application threads were stopped: 0.0000806 seconds, Stopping threads took: 0.0000193 seconds
[2019-12-08T10:06:20.732+0000][1][safepoint    ] Application time: 1.0000746 seconds
[2019-12-08T10:06:20.732+0000][1][safepoint    ] Entering safepoint region: Cleanup
[2019-12-08T10:06:20.732+0000][1][safepoint    ] Leaving safepoint region
[2019-12-08T10:06:20.732+0000][1][safepoint    ] Total time for which application threads were stopped: 0.0000746 seconds, Stopping threads took: 0.0000188 seconds
[2019-12-08T10:06:21.732+0000][1][safepoint    ] Application time: 1.0000771 seconds
[2019-12-08T10:06:21.732+0000][1][safepoint    ] Entering safepoint region: Cleanup
[2019-12-08T10:06:21.732+0000][1][safepoint    ] Leaving safepoint region
[2019-12-08T10:06:21.732+0000][1][safepoint    ] Total time for which application threads were stopped: 0.0000800 seconds, Stopping threads took: 0.0000197 seconds
[2019-12-08T10:06:22.732+0000][1][safepoint    ] Application time: 1.0000772 seconds
[2019-12-08T10:06:22.732+0000][1][safepoint    ] Entering safepoint region: Cleanup
[2019-12-08T10:06:22.732+0000][1][safepoint    ] Leaving safepoint region
[2019-12-08T10:06:22.732+0000][1][safepoint    ] Total time for which application threads were stopped: 0.0000759 seconds, Stopping threads took: 0.0000195 seconds
[2019-12-08T10:06:23.732+0000][1][safepoint    ] Application time: 1.0000765 seconds
[2019-12-08T10:06:23.732+0000][1][safepoint    ] Entering safepoint region: Cleanup
[2019-12-08T10:06:23.732+0000][1][safepoint    ] Leaving safepoint region
[2019-12-08T10:06:23.732+0000][1][safepoint    ] Total time for which application threads were stopped: 0.0000791 seconds, Stopping threads took: 0.0000199 seconds
[2019-12-08T10:06:24.733+0000][1][safepoint    ] Application time: 1.0000755 seconds
[2019-12-08T10:06:24.733+0000][1][safepoint    ] Entering safepoint region: Cleanup
[2019-12-08T10:06:24.733+0000][1][safepoint    ] Leaving safepoint region
[2019-12-08T10:06:24.733+0000][1][safepoint    ] Total time for which application threads were stopped: 0.0000733 seconds, Stopping threads took: 0.0000192 seconds
[2019-12-08T10:06:25.733+0000][1][safepoint    ] Application time: 1.0000761 seconds
[2019-12-08T10:06:25.733+0000][1][safepoint    ] Entering safepoint region: Cleanup
[2019-12-08T10:06:25.733+0000][1][safepoint    ] Leaving safepoint region
[2019-12-08T10:06:25.733+0000][1][safepoint    ] Total time for which application threads were stopped: 0.0000760 seconds, Stopping threads took: 0.0000192 seconds
[2019-12-08T10:06:26.751+0000][1][safepoint    ] Application time: 1.0178061 seconds
[2019-12-08T10:06:26.751+0000][1][safepoint    ] Entering safepoint region: Cleanup
[2019-12-08T10:06:26.751+0000][1][safepoint    ] Leaving safepoint region
[2019-12-08T10:06:26.751+0000][1][safepoint    ] Total time for which application threads were stopped: 0.0000944 seconds, Stopping threads took: 0.0000191 seconds
[2019-12-08T10:06:27.751+0000][1][safepoint    ] Application time: 1.0000757 seconds
[2019-12-08T10:06:27.751+0000][1][safepoint    ] Entering safepoint region: Cleanup
[2019-12-08T10:06:27.751+0000][1][safepoint    ] Leaving safepoint region
[2019-12-08T10:06:27.751+0000][1][safepoint    ] Total time for which application threads were stopped: 0.0000804 seconds, Stopping threads took: 0.0000229 seconds
[2019-12-08T10:06:28.751+0000][1][safepoint    ] Application time: 1.0000769 seconds
[2019-12-08T10:06:28.751+0000][1][safepoint    ] Entering safepoint region: Cleanup
[2019-12-08T10:06:28.751+0000][1][safepoint    ] Leaving safepoint region
[2019-12-08T10:06:28.751+0000][1][safepoint    ] Total time for which application threads were stopped: 0.0000844 seconds, Stopping threads took: 0.0000172 seconds
[2019-12-08T10:06:29.751+0000][1][safepoint    ] Application time: 1.0000742 seconds
[2019-12-08T10:06:29.751+0000][1][safepoint    ] Entering safepoint region: Cleanup
[2019-12-08T10:06:29.751+0000][1][safepoint    ] Leaving safepoint region
[2019-12-08T10:06:29.751+0000][1][safepoint    ] Total time for which application threads were stopped: 0.0000717 seconds, Stopping threads took: 0.0000179 seconds
[2019-12-08T10:06:30.751+0000][1][safepoint    ] Application time: 1.0000744 seconds
[2019-12-08T10:06:30.751+0000][1][safepoint    ] Entering safepoint region: Cleanup
[2019-12-08T10:06:30.752+0000][1][safepoint    ] Leaving safepoint region
[2019-12-08T10:06:30.752+0000][1][safepoint    ] Total time for which application threads were stopped: 0.0000743 seconds, Stopping threads took: 0.0000185 seconds
[2019-12-08T10:06:31.752+0000][1][safepoint    ] Application time: 1.0000764 seconds
[2019-12-08T10:06:31.752+0000][1][safepoint    ] Entering safepoint region: Cleanup
[2019-12-08T10:06:31.752+0000][1][safepoint    ] Leaving safepoint region
[2019-12-08T10:06:31.752+0000][1][safepoint    ] Total time for which application threads were stopped: 0.0000858 seconds, Stopping threads took: 0.0000291 seconds
[2019-12-08T10:06:32.752+0000][1][safepoint    ] Application time: 1.0000792 seconds
[2019-12-08T10:06:32.752+0000][1][safepoint    ] Entering safepoint region: Cleanup
[2019-12-08T10:06:32.752+0000][1][safepoint    ] Leaving safepoint region
[2019-12-08T10:06:32.752+0000][1][safepoint    ] Total time for which application threads were stopped: 0.0000763 seconds, Stopping threads took: 0.0000184 seconds
[2019-12-08T10:06:33.752+0000][1][safepoint    ] Application time: 1.0000768 seconds
[2019-12-08T10:06:33.752+0000][1][safepoint    ] Entering safepoint region: Cleanup
[2019-12-08T10:06:33.752+0000][1][safepoint    ] Leaving safepoint region
[2019-12-08T10:06:33.752+0000][1][safepoint    ] Total time for which application threads were stopped: 0.0001045 seconds, Stopping threads took: 0.0000461 seconds
[2019-12-08T10:06:34.752+0000][1][safepoint    ] Application time: 1.0000854 seconds
[2019-12-08T10:06:34.752+0000][1][safepoint    ] Entering safepoint region: Cleanup
[2019-12-08T10:06:34.752+0000][1][safepoint    ] Leaving safepoint region
[2019-12-08T10:06:34.752+0000][1][safepoint    ] Total time for which application threads were stopped: 0.0000710 seconds, Stopping threads took: 0.0000150 seconds
[2019-12-08T10:06:35.752+0000][1][safepoint    ] Application time: 1.0000816 seconds
[2019-12-08T10:06:35.753+0000][1][safepoint    ] Entering safepoint region: Cleanup
[2019-12-08T10:06:35.753+0000][1][safepoint    ] Leaving safepoint region
[2019-12-08T10:06:35.753+0000][1][safepoint    ] Total time for which application threads were stopped: 0.0000762 seconds, Stopping threads took: 0.0000164 seconds
[2019-12-08T10:06:36.753+0000][1][safepoint    ] Application time: 1.0000776 seconds
[2019-12-08T10:06:36.753+0000][1][safepoint    ] Entering safepoint region: Cleanup
[2019-12-08T10:06:36.753+0000][1][safepoint    ] Leaving safepoint region
[2019-12-08T10:06:36.753+0000][1][safepoint    ] Total time for which application threads were stopped: 0.0000782 seconds, Stopping threads took: 0.0000202 seconds
[2019-12-08T10:06:37.753+0000][1][safepoint    ] Application time: 1.0000851 seconds
[2019-12-08T10:06:37.753+0000][1][safepoint    ] Entering safepoint region: Cleanup
[2019-12-08T10:06:37.753+0000][1][safepoint    ] Leaving safepoint region
[2019-12-08T10:06:37.753+0000][1][safepoint    ] Total time for which application threads were stopped: 0.0000762 seconds, Stopping threads took: 0.0000187 seconds
[2019-12-08T10:06:38.753+0000][1][safepoint    ] Application time: 1.0000773 seconds
[2019-12-08T10:06:38.753+0000][1][safepoint    ] Entering safepoint region: Cleanup
[2019-12-08T10:06:38.753+0000][1][safepoint    ] Leaving safepoint region
[2019-12-08T10:06:38.753+0000][1][safepoint    ] Total time for which application threads were stopped: 0.0000697 seconds, Stopping threads took: 0.0000160 seconds
[2019-12-08T10:06:39.753+0000][1][safepoint    ] Application time: 1.0000787 seconds
[2019-12-08T10:06:39.753+0000][1][safepoint    ] Entering safepoint region: Cleanup
[2019-12-08T10:06:39.753+0000][1][safepoint    ] Leaving safepoint region
[2019-12-08T10:06:39.753+0000][1][safepoint    ] Total time for which application threads were stopped: 0.0000781 seconds, Stopping threads took: 0.0000206 seconds
[2019-12-08T10:06:40.753+0000][1][safepoint    ] Application time: 1.0000830 seconds
[2019-12-08T10:06:40.754+0000][1][safepoint    ] Entering safepoint region: Cleanup
[2019-12-08T10:06:40.754+0000][1][safepoint    ] Leaving safepoint region
[2019-12-08T10:06:40.754+0000][1][safepoint    ] Total time for which application threads were stopped: 0.0000704 seconds, Stopping threads took: 0.0000165 seconds
[2019-12-08T10:06:41.754+0000][1][safepoint    ] Application time: 1.0000786 seconds
[2019-12-08T10:06:41.754+0000][1][safepoint    ] Entering safepoint region: Cleanup
[2019-12-08T10:06:41.754+0000][1][safepoint    ] Leaving safepoint region
[2019-12-08T10:06:41.754+0000][1][safepoint    ] Total time for which application threads were stopped: 0.0000764 seconds, Stopping threads took: 0.0000188 seconds
[2019-12-08T10:06:42.754+0000][1][safepoint    ] Application time: 1.0000793 seconds
[2019-12-08T10:06:42.754+0000][1][safepoint    ] Entering safepoint region: Cleanup
[2019-12-08T10:06:42.754+0000][1][safepoint    ] Leaving safepoint region
[2019-12-08T10:06:42.754+0000][1][safepoint    ] Total time for which application threads were stopped: 0.0000731 seconds, Stopping threads took: 0.0000181 seconds
[2019-12-08T10:06:43.754+0000][1][safepoint    ] Application time: 1.0000795 seconds
[2019-12-08T10:06:43.754+0000][1][safepoint    ] Entering safepoint region: Cleanup
[2019-12-08T10:06:43.754+0000][1][safepoint    ] Leaving safepoint region
[2019-12-08T10:06:43.754+0000][1][safepoint    ] Total time for which application threads were stopped: 0.0000753 seconds, Stopping threads took: 0.0000182 seconds
[2019-12-08T10:06:44.754+0000][1][safepoint    ] Application time: 1.0000784 seconds
[2019-12-08T10:06:44.754+0000][1][safepoint    ] Entering safepoint region: Cleanup
[2019-12-08T10:06:44.754+0000][1][safepoint    ] Leaving safepoint region
[2019-12-08T10:06:44.754+0000][1][safepoint    ] Total time for which application threads were stopped: 0.0000777 seconds, Stopping threads took: 0.0000198 seconds
[2019-12-08T10:06:45.754+0000][1][safepoint    ] Application time: 1.0000814 seconds
[2019-12-08T10:06:45.755+0000][1][safepoint    ] Entering safepoint region: Cleanup
[2019-12-08T10:06:45.755+0000][1][safepoint    ] Leaving safepoint region
[2019-12-08T10:06:45.755+0000][1][safepoint    ] Total time for which application threads were stopped: 0.0000762 seconds, Stopping threads took: 0.0000197 seconds
[2019-12-08T10:06:46.755+0000][1][safepoint    ] Application time: 1.0000911 seconds
[2019-12-08T10:06:46.755+0000][1][safepoint    ] Entering safepoint region: Cleanup
[2019-12-08T10:06:46.755+0000][1][safepoint    ] Leaving safepoint region
[2019-12-08T10:06:46.755+0000][1][safepoint    ] Total time for which application threads were stopped: 0.0000801 seconds, Stopping threads took: 0.0000201 seconds
[2019-12-08T10:06:47.755+0000][1][safepoint    ] Application time: 1.0000794 seconds
[2019-12-08T10:06:47.755+0000][1][safepoint    ] Entering safepoint region: Cleanup
[2019-12-08T10:06:47.755+0000][1][safepoint    ] Leaving safepoint region
[2019-12-08T10:06:47.755+0000][1][safepoint    ] Total time for which application threads were stopped: 0.0000777 seconds, Stopping threads took: 0.0000201 seconds
[2019-12-08T10:06:48.755+0000][1][safepoint    ] Application time: 1.0000797 seconds
[2019-12-08T10:06:48.755+0000][1][safepoint    ] Entering safepoint region: Cleanup
[2019-12-08T10:06:48.755+0000][1][safepoint    ] Leaving safepoint region
[2019-12-08T10:06:48.755+0000][1][safepoint    ] Total time for which application threads were stopped: 0.0000732 seconds, Stopping threads took: 0.0000175 seconds
[2019-12-08T10:06:49.755+0000][1][safepoint    ] Application time: 1.0000774 seconds
[2019-12-08T10:06:49.755+0000][1][safepoint    ] Entering safepoint region: Cleanup
[2019-12-08T10:06:49.755+0000][1][safepoint    ] Leaving safepoint region
[2019-12-08T10:06:49.755+0000][1][safepoint    ] Total time for which application threads were stopped: 0.0000728 seconds, Stopping threads took: 0.0000169 seconds
[2019-12-08T10:06:50.756+0000][1][safepoint    ] Application time: 1.0000805 seconds
[2019-12-08T10:06:50.756+0000][1][safepoint    ] Entering safepoint region: Cleanup
[2019-12-08T10:06:50.756+0000][1][safepoint    ] Leaving safepoint region
[2019-12-08T10:06:50.756+0000][1][safepoint    ] Total time for which application threads were stopped: 0.0000859 seconds, Stopping threads took: 0.0000289 seconds
[2019-12-08T10:06:51.756+0000][1][safepoint    ] Application time: 1.0000808 seconds
[2019-12-08T10:06:51.756+0000][1][safepoint    ] Entering safepoint region: Cleanup
[2019-12-08T10:06:51.756+0000][1][safepoint    ] Leaving safepoint region
[2019-12-08T10:06:51.756+0000][1][safepoint    ] Total time for which application threads were stopped: 0.0000899 seconds, Stopping threads took: 0.0000197 seconds
[2019-12-08T10:06:52.756+0000][1][safepoint    ] Application time: 1.0000811 seconds
[2019-12-08T10:06:52.756+0000][1][safepoint    ] Entering safepoint region: Cleanup
[2019-12-08T10:06:52.756+0000][1][safepoint    ] Leaving safepoint region
[2019-12-08T10:06:52.756+0000][1][safepoint    ] Total time for which application threads were stopped: 0.0000896 seconds, Stopping threads took: 0.0000189 seconds
[2019-12-08T10:06:53.756+0000][1][safepoint    ] Application time: 1.0000829 seconds
[2019-12-08T10:06:53.756+0000][1][safepoint    ] Entering safepoint region: Cleanup
[2019-12-08T10:06:53.756+0000][1][safepoint    ] Leaving safepoint region
[2019-12-08T10:06:53.756+0000][1][safepoint    ] Total time for which application threads were stopped: 0.0000808 seconds, Stopping threads took: 0.0000192 seconds
[2019-12-08T10:06:54.756+0000][1][safepoint    ] Application time: 1.0000799 seconds
[2019-12-08T10:06:54.756+0000][1][safepoint    ] Entering safepoint region: Cleanup
[2019-12-08T10:06:54.756+0000][1][safepoint    ] Leaving safepoint region
[2019-12-08T10:06:54.756+0000][1][safepoint    ] Total time for which application threads were stopped: 0.0000784 seconds, Stopping threads took: 0.0000181 seconds
[2019-12-08T10:06:55.473+0000][1][safepoint    ] Application time: 0.7169419 seconds
[2019-12-08T10:06:55.474+0000][1][safepoint    ] Entering safepoint region: GenCollectForAllocation
[2019-12-08T10:06:55.474+0000][1][gc,start     ] GC(33) Pause Young (Allocation Failure)
[2019-12-08T10:06:55.474+0000][1][gc,task      ] GC(33) Using 4 workers of 4 for evacuation
[2019-12-08T10:06:55.475+0000][1][gc,age       ] GC(33) Desired survivor size 4456448 bytes, new threshold 6 (max threshold 6)
[2019-12-08T10:06:55.475+0000][1][gc,age       ] GC(33) Age table with threshold 6 (max threshold 6)
[2019-12-08T10:06:55.475+0000][1][gc,age       ] GC(33) - age   1:      72896 bytes,      72896 total
[2019-12-08T10:06:55.475+0000][1][gc,age       ] GC(33) - age   2:       1224 bytes,      74120 total
[2019-12-08T10:06:55.475+0000][1][gc,age       ] GC(33) - age   3:        472 bytes,      74592 total
[2019-12-08T10:06:55.475+0000][1][gc,age       ] GC(33) - age   4:       1792 bytes,      76384 total
[2019-12-08T10:06:55.475+0000][1][gc,age       ] GC(33) - age   5:       3360 bytes,      79744 total
[2019-12-08T10:06:55.475+0000][1][gc,age       ] GC(33) - age   6:       4136 bytes,      83880 total
[2019-12-08T10:06:55.475+0000][1][gc,heap      ] GC(33) ParNew: 70185K->126K(78656K)
[2019-12-08T10:06:55.475+0000][1][gc,heap      ] GC(33) CMS: 70385K->70390K(174784K)
[2019-12-08T10:06:55.475+0000][1][gc,metaspace ] GC(33) Metaspace: 72509K->72509K(1116160K)
[2019-12-08T10:06:55.475+0000][1][gc           ] GC(33) Pause Young (Allocation Failure) 137M->68M(247M) 1.176ms
[2019-12-08T10:06:55.475+0000][1][gc,cpu       ] GC(33) User=0.00s Sys=0.00s Real=0.00s
[2019-12-08T10:06:55.475+0000][1][safepoint    ] Leaving safepoint region
[2019-12-08T10:06:55.475+0000][1][safepoint    ] Total time for which application threads were stopped: 0.0014074 seconds, Stopping threads took: 0.0000574 seconds
[2019-12-08T10:06:56.475+0000][1][safepoint    ] Application time: 1.0000955 seconds
[2019-12-08T10:06:56.475+0000][1][safepoint    ] Entering safepoint region: Cleanup
[2019-12-08T10:06:56.475+0000][1][safepoint    ] Leaving safepoint region
[2019-12-08T10:06:56.475+0000][1][safepoint    ] Total time for which application threads were stopped: 0.0000865 seconds, Stopping threads took: 0.0000201 seconds
[2019-12-08T10:06:57.475+0000][1][safepoint    ] Application time: 1.0000838 seconds
[2019-12-08T10:06:57.475+0000][1][safepoint    ] Entering safepoint region: Cleanup
[2019-12-08T10:06:57.475+0000][1][safepoint    ] Leaving safepoint region
[2019-12-08T10:06:57.475+0000][1][safepoint    ] Total time for which application threads were stopped: 0.0000811 seconds, Stopping threads took: 0.0000202 seconds
[2019-12-08T10:06:58.475+0000][1][safepoint    ] Application time: 1.0000805 seconds
[2019-12-08T10:06:58.475+0000][1][safepoint    ] Entering safepoint region: Cleanup
[2019-12-08T10:06:58.476+0000][1][safepoint    ] Leaving safepoint region
[2019-12-08T10:06:58.476+0000][1][safepoint    ] Total time for which application threads were stopped: 0.0000822 seconds, Stopping threads took: 0.0000210 seconds
[2019-12-08T10:06:59.476+0000][1][safepoint    ] Application time: 1.0000810 seconds
[2019-12-08T10:06:59.476+0000][1][safepoint    ] Entering safepoint region: Cleanup
[2019-12-08T10:06:59.476+0000][1][safepoint    ] Leaving safepoint region
[2019-12-08T10:06:59.476+0000][1][safepoint    ] Total time for which application threads were stopped: 0.0000934 seconds, Stopping threads took: 0.0000316 seconds
[2019-12-08T10:07:00.476+0000][1][safepoint    ] Application time: 1.0000823 seconds
[2019-12-08T10:07:00.476+0000][1][safepoint    ] Entering safepoint region: Cleanup
[2019-12-08T10:07:00.476+0000][1][safepoint    ] Leaving safepoint region
[2019-12-08T10:07:00.476+0000][1][safepoint    ] Total time for which application threads were stopped: 0.0000834 seconds, Stopping threads took: 0.0000226 seconds
[2019-12-08T10:07:01.476+0000][1][safepoint    ] Application time: 1.0000765 seconds
[2019-12-08T10:07:01.476+0000][1][safepoint    ] Entering safepoint region: Cleanup
[2019-12-08T10:07:01.476+0000][1][safepoint    ] Leaving safepoint region
[2019-12-08T10:07:01.476+0000][1][safepoint    ] Total time for which application threads were stopped: 0.0000831 seconds, Stopping threads took: 0.0000214 seconds
[2019-12-08T10:07:02.476+0000][1][safepoint    ] Application time: 1.0000772 seconds
[2019-12-08T10:07:02.476+0000][1][safepoint    ] Entering safepoint region: Cleanup
[2019-12-08T10:07:02.476+0000][1][safepoint    ] Leaving safepoint region
[2019-12-08T10:07:02.476+0000][1][safepoint    ] Total time for which application threads were stopped: 0.0000901 seconds, Stopping threads took: 0.0000211 seconds
[2019-12-08T10:07:03.476+0000][1][safepoint    ] Application time: 1.0000792 seconds
[2019-12-08T10:07:03.477+0000][1][safepoint    ] Entering safepoint region: Cleanup
[2019-12-08T10:07:03.477+0000][1][safepoint    ] Leaving safepoint region
[2019-12-08T10:07:03.477+0000][1][safepoint    ] Total time for which application threads were stopped: 0.0000807 seconds, Stopping threads took: 0.0000211 seconds
[2019-12-08T10:07:04.477+0000][1][safepoint    ] Application time: 1.0000843 seconds
[2019-12-08T10:07:04.477+0000][1][safepoint    ] Entering safepoint region: Cleanup
[2019-12-08T10:07:04.477+0000][1][safepoint    ] Leaving safepoint region
[2019-12-08T10:07:04.477+0000][1][safepoint    ] Total time for which application threads were stopped: 0.0000799 seconds, Stopping threads took: 0.0000215 seconds
[2019-12-08T10:07:05.477+0000][1][safepoint    ] Application time: 1.0000776 seconds
[2019-12-08T10:07:05.477+0000][1][safepoint    ] Entering safepoint region: Cleanup
[2019-12-08T10:07:05.477+0000][1][safepoint    ] Leaving safepoint region
[2019-12-08T10:07:05.477+0000][1][safepoint    ] Total time for which application threads were stopped: 0.0000800 seconds, Stopping threads took: 0.0000199 seconds
[2019-12-08T10:07:06.477+0000][1][safepoint    ] Application time: 1.0000845 seconds
[2019-12-08T10:07:06.477+0000][1][safepoint    ] Entering safepoint region: Cleanup
[2019-12-08T10:07:06.477+0000][1][safepoint    ] Leaving safepoint region
[2019-12-08T10:07:06.477+0000][1][safepoint    ] Total time for which application threads were stopped: 0.0000802 seconds, Stopping threads took: 0.0000216 seconds
[2019-12-08T10:07:07.477+0000][1][safepoint    ] Application time: 1.0000788 seconds
[2019-12-08T10:07:07.477+0000][1][safepoint    ] Entering safepoint region: Cleanup
[2019-12-08T10:07:07.477+0000][1][safepoint    ] Leaving safepoint region
[2019-12-08T10:07:07.477+0000][1][safepoint    ] Total time for which application threads were stopped: 0.0000798 seconds, Stopping threads took: 0.0000205 seconds
[2019-12-08T10:07:08.478+0000][1][safepoint    ] Application time: 1.0000808 seconds
[2019-12-08T10:07:08.478+0000][1][safepoint    ] Entering safepoint region: Cleanup
[2019-12-08T10:07:08.478+0000][1][safepoint    ] Leaving safepoint region
[2019-12-08T10:07:08.478+0000][1][safepoint    ] Total time for which application threads were stopped: 0.0000789 seconds, Stopping threads took: 0.0000194 seconds
[2019-12-08T10:07:09.478+0000][1][safepoint    ] Application time: 1.0000876 seconds
[2019-12-08T10:07:09.478+0000][1][safepoint    ] Entering safepoint region: Cleanup
[2019-12-08T10:07:09.478+0000][1][safepoint    ] Leaving safepoint region
[2019-12-08T10:07:09.478+0000][1][safepoint    ] Total time for which application threads were stopped: 0.0000825 seconds, Stopping threads took: 0.0000226 seconds
[2019-12-08T10:07:10.478+0000][1][safepoint    ] Application time: 1.0000814 seconds
[2019-12-08T10:07:10.478+0000][1][safepoint    ] Entering safepoint region: Cleanup
[2019-12-08T10:07:10.478+0000][1][safepoint    ] Leaving safepoint region
[2019-12-08T10:07:10.478+0000][1][safepoint    ] Total time for which application threads were stopped: 0.0000780 seconds, Stopping threads took: 0.0000192 seconds
[2019-12-08T10:07:11.478+0000][1][safepoint    ] Application time: 1.0000760 seconds
[2019-12-08T10:07:11.478+0000][1][safepoint    ] Entering safepoint region: Cleanup
[2019-12-08T10:07:11.478+0000][1][safepoint    ] Leaving safepoint region
[2019-12-08T10:07:11.478+0000][1][safepoint    ] Total time for which application threads were stopped: 0.0000783 seconds, Stopping threads took: 0.0000204 seconds
[2019-12-08T10:07:12.478+0000][1][safepoint    ] Application time: 1.0000783 seconds
[2019-12-08T10:07:12.478+0000][1][safepoint    ] Entering safepoint region: Cleanup
[2019-12-08T10:07:12.478+0000][1][safepoint    ] Leaving safepoint region
[2019-12-08T10:07:12.478+0000][1][safepoint    ] Total time for which application threads were stopped: 0.0000855 seconds, Stopping threads took: 0.0000185 seconds
[2019-12-08T10:07:13.479+0000][1][safepoint    ] Application time: 1.0000770 seconds
[2019-12-08T10:07:13.479+0000][1][safepoint    ] Entering safepoint region: Cleanup
[2019-12-08T10:07:13.479+0000][1][safepoint    ] Leaving safepoint region
[2019-12-08T10:07:13.479+0000][1][safepoint    ] Total time for which application threads were stopped: 0.0000786 seconds, Stopping threads took: 0.0000195 seconds
[2019-12-08T10:07:14.479+0000][1][safepoint    ] Application time: 1.0000823 seconds
[2019-12-08T10:07:14.479+0000][1][safepoint    ] Entering safepoint region: Cleanup
[2019-12-08T10:07:14.479+0000][1][safepoint    ] Leaving safepoint region
[2019-12-08T10:07:14.479+0000][1][safepoint    ] Total time for which application threads were stopped: 0.0000799 seconds, Stopping threads took: 0.0000206 seconds
[2019-12-08T10:07:15.479+0000][1][safepoint    ] Application time: 1.0000772 seconds
[2019-12-08T10:07:15.479+0000][1][safepoint    ] Entering safepoint region: Cleanup
[2019-12-08T10:07:15.479+0000][1][safepoint    ] Leaving safepoint region
[2019-12-08T10:07:15.479+0000][1][safepoint    ] Total time for which application threads were stopped: 0.0000798 seconds, Stopping threads took: 0.0000195 seconds
[2019-12-08T10:07:16.479+0000][1][safepoint    ] Application time: 1.0000350 seconds
[2019-12-08T10:07:16.479+0000][1][safepoint    ] Entering safepoint region: Cleanup
[2019-12-08T10:07:16.479+0000][1][safepoint    ] Leaving safepoint region
[2019-12-08T10:07:16.479+0000][1][safepoint    ] Total time for which application threads were stopped: 0.0000796 seconds, Stopping threads took: 0.0000197 seconds
[2019-12-08T10:07:17.479+0000][1][safepoint    ] Application time: 1.0000800 seconds
[2019-12-08T10:07:17.479+0000][1][safepoint    ] Entering safepoint region: Cleanup
[2019-12-08T10:07:17.479+0000][1][safepoint    ] Leaving safepoint region
[2019-12-08T10:07:17.479+0000][1][safepoint    ] Total time for which application threads were stopped: 0.0000791 seconds, Stopping threads took: 0.0000194 seconds
[2019-12-08T10:07:18.480+0000][1][safepoint    ] Application time: 1.0000844 seconds
[2019-12-08T10:07:18.480+0000][1][safepoint    ] Entering safepoint region: Cleanup
[2019-12-08T10:07:18.480+0000][1][safepoint    ] Leaving safepoint region
[2019-12-08T10:07:18.480+0000][1][safepoint    ] Total time for which application threads were stopped: 0.0000870 seconds, Stopping threads took: 0.0000280 seconds
[2019-12-08T10:07:19.480+0000][1][safepoint    ] Application time: 1.0000776 seconds
[2019-12-08T10:07:19.480+0000][1][safepoint    ] Entering safepoint region: Cleanup
[2019-12-08T10:07:19.480+0000][1][safepoint    ] Leaving safepoint region
[2019-12-08T10:07:19.480+0000][1][safepoint    ] Total time for which application threads were stopped: 0.0000795 seconds, Stopping threads took: 0.0000210 seconds
[2019-12-08T10:07:20.480+0000][1][safepoint    ] Application time: 1.0000787 seconds
[2019-12-08T10:07:20.480+0000][1][safepoint    ] Entering safepoint region: Cleanup
[2019-12-08T10:07:20.480+0000][1][safepoint    ] Leaving safepoint region
[2019-12-08T10:07:20.480+0000][1][safepoint    ] Total time for which application threads were stopped: 0.0001031 seconds, Stopping threads took: 0.0000423 seconds
[2019-12-08T10:07:21.480+0000][1][safepoint    ] Application time: 1.0000843 seconds
[2019-12-08T10:07:21.480+0000][1][safepoint    ] Entering safepoint region: Cleanup
[2019-12-08T10:07:21.480+0000][1][safepoint    ] Leaving safepoint region
[2019-12-08T10:07:21.480+0000][1][safepoint    ] Total time for which application threads were stopped: 0.0000825 seconds, Stopping threads took: 0.0000199 seconds
[2019-12-08T10:07:22.480+0000][1][safepoint    ] Application time: 1.0000821 seconds
[2019-12-08T10:07:22.480+0000][1][safepoint    ] Entering safepoint region: Cleanup
[2019-12-08T10:07:22.480+0000][1][safepoint    ] Leaving safepoint region
[2019-12-08T10:07:22.480+0000][1][safepoint    ] Total time for which application threads were stopped: 0.0000872 seconds, Stopping threads took: 0.0000199 seconds
[2019-12-08T10:07:23.481+0000][1][safepoint    ] Application time: 1.0000776 seconds
[2019-12-08T10:07:23.481+0000][1][safepoint    ] Entering safepoint region: Cleanup
[2019-12-08T10:07:23.481+0000][1][safepoint    ] Leaving safepoint region
[2019-12-08T10:07:23.481+0000][1][safepoint    ] Total time for which application threads were stopped: 0.0000925 seconds, Stopping threads took: 0.0000213 seconds
[2019-12-08T10:07:24.481+0000][1][safepoint    ] Application time: 1.0000804 seconds
[2019-12-08T10:07:24.481+0000][1][safepoint    ] Entering safepoint region: Cleanup
[2019-12-08T10:07:24.481+0000][1][safepoint    ] Leaving safepoint region
[2019-12-08T10:07:24.481+0000][1][safepoint    ] Total time for which application threads were stopped: 0.0000820 seconds, Stopping threads took: 0.0000212 seconds
[2019-12-08T10:07:25.496+0000][1][safepoint    ] Application time: 1.0148783 seconds
[2019-12-08T10:07:25.496+0000][1][safepoint    ] Entering safepoint region: Cleanup
[2019-12-08T10:07:25.496+0000][1][safepoint    ] Leaving safepoint region
[2019-12-08T10:07:25.496+0000][1][safepoint    ] Total time for which application threads were stopped: 0.0000821 seconds, Stopping threads took: 0.0000179 seconds
[2019-12-08T10:07:26.496+0000][1][safepoint    ] Application time: 1.0001180 seconds
[2019-12-08T10:07:26.496+0000][1][safepoint    ] Entering safepoint region: Cleanup
[2019-12-08T10:07:26.496+0000][1][safepoint    ] Leaving safepoint region
[2019-12-08T10:07:26.496+0000][1][safepoint    ] Total time for which application threads were stopped: 0.0001512 seconds, Stopping threads took: 0.0000512 seconds
[2019-12-08T10:07:27.496+0000][1][safepoint    ] Application time: 1.0000895 seconds
[2019-12-08T10:07:27.496+0000][1][safepoint    ] Entering safepoint region: Cleanup
[2019-12-08T10:07:27.496+0000][1][safepoint    ] Leaving safepoint region
[2019-12-08T10:07:27.496+0000][1][safepoint    ] Total time for which application threads were stopped: 0.0000836 seconds, Stopping threads took: 0.0000184 seconds
[2019-12-08T10:07:28.497+0000][1][safepoint    ] Application time: 1.0000848 seconds
[2019-12-08T10:07:28.497+0000][1][safepoint    ] Entering safepoint region: Cleanup
[2019-12-08T10:07:28.497+0000][1][safepoint    ] Leaving safepoint region
[2019-12-08T10:07:28.497+0000][1][safepoint    ] Total time for which application threads were stopped: 0.0000801 seconds, Stopping threads took: 0.0000242 seconds
[2019-12-08T10:07:29.497+0000][1][safepoint    ] Application time: 1.0000802 seconds
[2019-12-08T10:07:29.497+0000][1][safepoint    ] Entering safepoint region: Cleanup
[2019-12-08T10:07:29.497+0000][1][safepoint    ] Leaving safepoint region
[2019-12-08T10:07:29.497+0000][1][safepoint    ] Total time for which application threads were stopped: 0.0000724 seconds, Stopping threads took: 0.0000180 seconds
[2019-12-08T10:07:30.497+0000][1][safepoint    ] Application time: 1.0000492 seconds
[2019-12-08T10:07:30.497+0000][1][safepoint    ] Entering safepoint region: Cleanup
[2019-12-08T10:07:30.497+0000][1][safepoint    ] Leaving safepoint region
[2019-12-08T10:07:30.497+0000][1][safepoint    ] Total time for which application threads were stopped: 0.0000780 seconds, Stopping threads took: 0.0000199 seconds
[2019-12-08T10:07:31.497+0000][1][safepoint    ] Application time: 1.0000814 seconds
[2019-12-08T10:07:31.497+0000][1][safepoint    ] Entering safepoint region: Cleanup
[2019-12-08T10:07:31.497+0000][1][safepoint    ] Leaving safepoint region
[2019-12-08T10:07:31.497+0000][1][safepoint    ] Total time for which application threads were stopped: 0.0000785 seconds, Stopping threads took: 0.0000194 seconds
[2019-12-08T10:07:32.497+0000][1][safepoint    ] Application time: 1.0000865 seconds
[2019-12-08T10:07:32.497+0000][1][safepoint    ] Entering safepoint region: Cleanup
[2019-12-08T10:07:32.497+0000][1][safepoint    ] Leaving safepoint region
[2019-12-08T10:07:32.497+0000][1][safepoint    ] Total time for which application threads were stopped: 0.0000948 seconds, Stopping threads took: 0.0000316 seconds
[2019-12-08T10:07:33.497+0000][1][safepoint    ] Application time: 1.0000836 seconds
[2019-12-08T10:07:33.498+0000][1][safepoint    ] Entering safepoint region: Cleanup
[2019-12-08T10:07:33.498+0000][1][safepoint    ] Leaving safepoint region
[2019-12-08T10:07:33.498+0000][1][safepoint    ] Total time for which application threads were stopped: 0.0000785 seconds, Stopping threads took: 0.0000200 seconds
[2019-12-08T10:07:34.498+0000][1][safepoint    ] Application time: 1.0000764 seconds
[2019-12-08T10:07:34.498+0000][1][safepoint    ] Entering safepoint region: Cleanup
[2019-12-08T10:07:34.498+0000][1][safepoint    ] Leaving safepoint region
[2019-12-08T10:07:34.498+0000][1][safepoint    ] Total time for which application threads were stopped: 0.0000778 seconds, Stopping threads took: 0.0000205 seconds
[2019-12-08T10:07:35.498+0000][1][safepoint    ] Application time: 1.0000750 seconds
[2019-12-08T10:07:35.498+0000][1][safepoint    ] Entering safepoint region: Cleanup
[2019-12-08T10:07:35.498+0000][1][safepoint    ] Leaving safepoint region
[2019-12-08T10:07:35.498+0000][1][safepoint    ] Total time for which application threads were stopped: 0.0000789 seconds, Stopping threads took: 0.0000207 seconds
[2019-12-08T10:07:36.498+0000][1][safepoint    ] Application time: 1.0000788 seconds
[2019-12-08T10:07:36.498+0000][1][safepoint    ] Entering safepoint region: Cleanup
[2019-12-08T10:07:36.498+0000][1][safepoint    ] Leaving safepoint region
[2019-12-08T10:07:36.498+0000][1][safepoint    ] Total time for which application threads were stopped: 0.0000749 seconds, Stopping threads took: 0.0000194 seconds
[2019-12-08T10:07:37.498+0000][1][safepoint    ] Application time: 1.0000784 seconds
[2019-12-08T10:07:37.498+0000][1][safepoint    ] Entering safepoint region: Cleanup
[2019-12-08T10:07:37.498+0000][1][safepoint    ] Leaving safepoint region
[2019-12-08T10:07:37.498+0000][1][safepoint    ] Total time for which application threads were stopped: 0.0000763 seconds, Stopping threads took: 0.0000200 seconds
[2019-12-08T10:07:38.498+0000][1][safepoint    ] Application time: 1.0000841 seconds
[2019-12-08T10:07:38.498+0000][1][safepoint    ] Entering safepoint region: Cleanup
[2019-12-08T10:07:38.499+0000][1][safepoint    ] Leaving safepoint region
[2019-12-08T10:07:38.499+0000][1][safepoint    ] Total time for which application threads were stopped: 0.0001008 seconds, Stopping threads took: 0.0000257 seconds
[2019-12-08T10:07:39.499+0000][1][safepoint    ] Application time: 1.0000790 seconds
[2019-12-08T10:07:39.499+0000][1][safepoint    ] Entering safepoint region: Cleanup
[2019-12-08T10:07:39.499+0000][1][safepoint    ] Leaving safepoint region
[2019-12-08T10:07:39.499+0000][1][safepoint    ] Total time for which application threads were stopped: 0.0000839 seconds, Stopping threads took: 0.0000281 seconds
[2019-12-08T10:07:40.499+0000][1][safepoint    ] Application time: 1.0000779 seconds
[2019-12-08T10:07:40.499+0000][1][safepoint    ] Entering safepoint region: Cleanup
[2019-12-08T10:07:40.499+0000][1][safepoint    ] Leaving safepoint region
[2019-12-08T10:07:40.499+0000][1][safepoint    ] Total time for which application threads were stopped: 0.0000772 seconds, Stopping threads took: 0.0000193 seconds
[2019-12-08T10:07:41.499+0000][1][safepoint    ] Application time: 1.0000768 seconds
[2019-12-08T10:07:41.499+0000][1][safepoint    ] Entering safepoint region: Cleanup
[2019-12-08T10:07:41.499+0000][1][safepoint    ] Leaving safepoint region
[2019-12-08T10:07:41.499+0000][1][safepoint    ] Total time for which application threads were stopped: 0.0000765 seconds, Stopping threads took: 0.0000194 seconds
[2019-12-08T10:07:42.499+0000][1][safepoint    ] Application time: 1.0000765 seconds
[2019-12-08T10:07:42.499+0000][1][safepoint    ] Entering safepoint region: Cleanup
[2019-12-08T10:07:42.499+0000][1][safepoint    ] Leaving safepoint region
[2019-12-08T10:07:42.499+0000][1][safepoint    ] Total time for which application threads were stopped: 0.0000769 seconds, Stopping threads took: 0.0000204 seconds
[2019-12-08T10:07:43.499+0000][1][safepoint    ] Application time: 1.0000798 seconds
[2019-12-08T10:07:43.499+0000][1][safepoint    ] Entering safepoint region: Cleanup
[2019-12-08T10:07:43.500+0000][1][safepoint    ] Leaving safepoint region
[2019-12-08T10:07:43.500+0000][1][safepoint    ] Total time for which application threads were stopped: 0.0000743 seconds, Stopping threads took: 0.0000192 seconds
[2019-12-08T10:07:44.500+0000][1][safepoint    ] Application time: 1.0000771 seconds
[2019-12-08T10:07:44.500+0000][1][safepoint    ] Entering safepoint region: Cleanup
[2019-12-08T10:07:44.500+0000][1][safepoint    ] Leaving safepoint region
[2019-12-08T10:07:44.500+0000][1][safepoint    ] Total time for which application threads were stopped: 0.0000862 seconds, Stopping threads took: 0.0000301 seconds
[2019-12-08T10:07:45.500+0000][1][safepoint    ] Application time: 1.0000778 seconds
[2019-12-08T10:07:45.500+0000][1][safepoint    ] Entering safepoint region: Cleanup
[2019-12-08T10:07:45.500+0000][1][safepoint    ] Leaving safepoint region
[2019-12-08T10:07:45.500+0000][1][safepoint    ] Total time for which application threads were stopped: 0.0000850 seconds, Stopping threads took: 0.0000197 seconds
[2019-12-08T10:07:46.500+0000][1][safepoint    ] Application time: 1.0000785 seconds
[2019-12-08T10:07:46.500+0000][1][safepoint    ] Entering safepoint region: Cleanup
[2019-12-08T10:07:46.500+0000][1][safepoint    ] Leaving safepoint region
[2019-12-08T10:07:46.500+0000][1][safepoint    ] Total time for which application threads were stopped: 0.0000774 seconds, Stopping threads took: 0.0000190 seconds
[2019-12-08T10:07:47.500+0000][1][safepoint    ] Application time: 1.0000790 seconds
[2019-12-08T10:07:47.500+0000][1][safepoint    ] Entering safepoint region: Cleanup
[2019-12-08T10:07:47.500+0000][1][safepoint    ] Leaving safepoint region
[2019-12-08T10:07:47.500+0000][1][safepoint    ] Total time for which application threads were stopped: 0.0000794 seconds, Stopping threads took: 0.0000222 seconds
[2019-12-08T10:07:48.500+0000][1][safepoint    ] Application time: 1.0000814 seconds
[2019-12-08T10:07:48.500+0000][1][safepoint    ] Entering safepoint region: Cleanup
[2019-12-08T10:07:48.501+0000][1][safepoint    ] Leaving safepoint region
[2019-12-08T10:07:48.501+0000][1][safepoint    ] Total time for which application threads were stopped: 0.0000811 seconds, Stopping threads took: 0.0000222 seconds
[2019-12-08T10:07:49.501+0000][1][safepoint    ] Application time: 1.0000814 seconds
[2019-12-08T10:07:49.501+0000][1][safepoint    ] Entering safepoint region: Cleanup
[2019-12-08T10:07:49.501+0000][1][safepoint    ] Leaving safepoint region
[2019-12-08T10:07:49.501+0000][1][safepoint    ] Total time for which application threads were stopped: 0.0000919 seconds, Stopping threads took: 0.0000197 seconds
[2019-12-08T10:07:50.501+0000][1][safepoint    ] Application time: 1.0000767 seconds
[2019-12-08T10:07:50.501+0000][1][safepoint    ] Entering safepoint region: Cleanup
[2019-12-08T10:07:50.501+0000][1][safepoint    ] Leaving safepoint region
[2019-12-08T10:07:50.501+0000][1][safepoint    ] Total time for which application threads were stopped: 0.0000781 seconds, Stopping threads took: 0.0000196 seconds
[2019-12-08T10:07:51.501+0000][1][safepoint    ] Application time: 1.0000778 seconds
[2019-12-08T10:07:51.501+0000][1][safepoint    ] Entering safepoint region: Cleanup
[2019-12-08T10:07:51.501+0000][1][safepoint    ] Leaving safepoint region
[2019-12-08T10:07:51.501+0000][1][safepoint    ] Total time for which application threads were stopped: 0.0000806 seconds, Stopping threads took: 0.0000210 seconds
[2019-12-08T10:07:52.526+0000][1][safepoint    ] Application time: 1.0252118 seconds
[2019-12-08T10:07:52.526+0000][1][safepoint    ] Entering safepoint region: Cleanup
[2019-12-08T10:07:52.526+0000][1][safepoint    ] Leaving safepoint region
[2019-12-08T10:07:52.526+0000][1][safepoint    ] Total time for which application threads were stopped: 0.0000770 seconds, Stopping threads took: 0.0000163 seconds
[2019-12-08T10:07:53.527+0000][1][safepoint    ] Application time: 1.0000766 seconds
[2019-12-08T10:07:53.527+0000][1][safepoint    ] Entering safepoint region: Cleanup
[2019-12-08T10:07:53.527+0000][1][safepoint    ] Leaving safepoint region
[2019-12-08T10:07:53.527+0000][1][safepoint    ] Total time for which application threads were stopped: 0.0000720 seconds, Stopping threads took: 0.0000176 seconds
[2019-12-08T10:07:54.527+0000][1][safepoint    ] Application time: 1.0000772 seconds
[2019-12-08T10:07:54.527+0000][1][safepoint    ] Entering safepoint region: Cleanup
[2019-12-08T10:07:54.527+0000][1][safepoint    ] Leaving safepoint region
[2019-12-08T10:07:54.527+0000][1][safepoint    ] Total time for which application threads were stopped: 0.0000696 seconds, Stopping threads took: 0.0000178 seconds
[2019-12-08T10:07:55.527+0000][1][safepoint    ] Application time: 1.0000774 seconds
[2019-12-08T10:07:55.527+0000][1][safepoint    ] Entering safepoint region: Cleanup
[2019-12-08T10:07:55.527+0000][1][safepoint    ] Leaving safepoint region
[2019-12-08T10:07:55.527+0000][1][safepoint    ] Total time for which application threads were stopped: 0.0000699 seconds, Stopping threads took: 0.0000178 seconds
[2019-12-08T10:07:56.527+0000][1][safepoint    ] Application time: 1.0000784 seconds
[2019-12-08T10:07:56.527+0000][1][safepoint    ] Entering safepoint region: Cleanup
[2019-12-08T10:07:56.527+0000][1][safepoint    ] Leaving safepoint region
[2019-12-08T10:07:56.527+0000][1][safepoint    ] Total time for which application threads were stopped: 0.0000714 seconds, Stopping threads took: 0.0000184 seconds
[2019-12-08T10:07:57.527+0000][1][safepoint    ] Application time: 1.0000777 seconds
[2019-12-08T10:07:57.527+0000][1][safepoint    ] Entering safepoint region: Cleanup
[2019-12-08T10:07:57.527+0000][1][safepoint    ] Leaving safepoint region
[2019-12-08T10:07:57.527+0000][1][safepoint    ] Total time for which application threads were stopped: 0.0000722 seconds, Stopping threads took: 0.0000167 seconds
[2019-12-08T10:07:58.527+0000][1][safepoint    ] Application time: 1.0000784 seconds
[2019-12-08T10:07:58.528+0000][1][safepoint    ] Entering safepoint region: Cleanup
[2019-12-08T10:07:58.528+0000][1][safepoint    ] Leaving safepoint region
[2019-12-08T10:07:58.528+0000][1][safepoint    ] Total time for which application threads were stopped: 0.0000742 seconds, Stopping threads took: 0.0000181 seconds
[2019-12-08T10:07:59.528+0000][1][safepoint    ] Application time: 1.0000782 seconds
[2019-12-08T10:07:59.528+0000][1][safepoint    ] Entering safepoint region: Cleanup
[2019-12-08T10:07:59.528+0000][1][safepoint    ] Leaving safepoint region
[2019-12-08T10:07:59.528+0000][1][safepoint    ] Total time for which application threads were stopped: 0.0000774 seconds, Stopping threads took: 0.0000197 seconds
[2019-12-08T10:08:00.528+0000][1][safepoint    ] Application time: 1.0000755 seconds
[2019-12-08T10:08:00.528+0000][1][safepoint    ] Entering safepoint region: Cleanup
[2019-12-08T10:08:00.528+0000][1][safepoint    ] Leaving safepoint region
[2019-12-08T10:08:00.528+0000][1][safepoint    ] Total time for which application threads were stopped: 0.0000733 seconds, Stopping threads took: 0.0000188 seconds
[2019-12-08T10:08:01.529+0000][1][safepoint    ] Application time: 1.0008121 seconds
[2019-12-08T10:08:01.529+0000][1][safepoint    ] Entering safepoint region: Cleanup
[2019-12-08T10:08:01.529+0000][1][safepoint    ] Leaving safepoint region
[2019-12-08T10:08:01.529+0000][1][safepoint    ] Total time for which application threads were stopped: 0.0000994 seconds, Stopping threads took: 0.0000249 seconds
[2019-12-08T10:08:02.529+0000][1][safepoint    ] Application time: 1.0000821 seconds
[2019-12-08T10:08:02.529+0000][1][safepoint    ] Entering safepoint region: Cleanup
[2019-12-08T10:08:02.529+0000][1][safepoint    ] Leaving safepoint region
[2019-12-08T10:08:02.529+0000][1][safepoint    ] Total time for which application threads were stopped: 0.0000729 seconds, Stopping threads took: 0.0000180 seconds
[2019-12-08T10:08:03.529+0000][1][safepoint    ] Application time: 1.0000788 seconds
[2019-12-08T10:08:03.529+0000][1][safepoint    ] Entering safepoint region: Cleanup
[2019-12-08T10:08:03.529+0000][1][safepoint    ] Leaving safepoint region
[2019-12-08T10:08:03.529+0000][1][safepoint    ] Total time for which application threads were stopped: 0.0000762 seconds, Stopping threads took: 0.0000188 seconds
[2019-12-08T10:08:04.529+0000][1][safepoint    ] Application time: 1.0000769 seconds
[2019-12-08T10:08:04.529+0000][1][safepoint    ] Entering safepoint region: Cleanup
[2019-12-08T10:08:04.530+0000][1][safepoint    ] Leaving safepoint region
[2019-12-08T10:08:04.530+0000][1][safepoint    ] Total time for which application threads were stopped: 0.0000716 seconds, Stopping threads took: 0.0000176 seconds
[2019-12-08T10:08:05.530+0000][1][safepoint    ] Application time: 1.0000777 seconds
[2019-12-08T10:08:05.530+0000][1][safepoint    ] Entering safepoint region: Cleanup
[2019-12-08T10:08:05.530+0000][1][safepoint    ] Leaving safepoint region
[2019-12-08T10:08:05.530+0000][1][safepoint    ] Total time for which application threads were stopped: 0.0000900 seconds, Stopping threads took: 0.0000182 seconds
[2019-12-08T10:08:06.530+0000][1][safepoint    ] Application time: 1.0000799 seconds
[2019-12-08T10:08:06.530+0000][1][safepoint    ] Entering safepoint region: Cleanup
[2019-12-08T10:08:06.530+0000][1][safepoint    ] Leaving safepoint region
[2019-12-08T10:08:06.530+0000][1][safepoint    ] Total time for which application threads were stopped: 0.0000792 seconds, Stopping threads took: 0.0000218 seconds
[2019-12-08T10:08:07.530+0000][1][safepoint    ] Application time: 1.0000816 seconds
[2019-12-08T10:08:07.530+0000][1][safepoint    ] Entering safepoint region: Cleanup
[2019-12-08T10:08:07.530+0000][1][safepoint    ] Leaving safepoint region
[2019-12-08T10:08:07.530+0000][1][safepoint    ] Total time for which application threads were stopped: 0.0000731 seconds, Stopping threads took: 0.0000164 seconds
[2019-12-08T10:08:08.530+0000][1][safepoint    ] Application time: 1.0000830 seconds
[2019-12-08T10:08:08.530+0000][1][safepoint    ] Entering safepoint region: Cleanup
[2019-12-08T10:08:08.530+0000][1][safepoint    ] Leaving safepoint region
[2019-12-08T10:08:08.530+0000][1][safepoint    ] Total time for which application threads were stopped: 0.0000793 seconds, Stopping threads took: 0.0000203 seconds
[2019-12-08T10:08:09.530+0000][1][safepoint    ] Application time: 1.0001230 seconds
[2019-12-08T10:08:09.531+0000][1][safepoint    ] Entering safepoint region: Cleanup
[2019-12-08T10:08:09.531+0000][1][safepoint    ] Leaving safepoint region
[2019-12-08T10:08:09.531+0000][1][safepoint    ] Total time for which application threads were stopped: 0.0001089 seconds, Stopping threads took: 0.0000278 seconds
[2019-12-08T10:08:10.531+0000][1][safepoint    ] Application time: 1.0003465 seconds
[2019-12-08T10:08:10.531+0000][1][safepoint    ] Entering safepoint region: Cleanup
[2019-12-08T10:08:10.531+0000][1][safepoint    ] Leaving safepoint region
[2019-12-08T10:08:10.531+0000][1][safepoint    ] Total time for which application threads were stopped: 0.0001878 seconds, Stopping threads took: 0.0000526 seconds
[2019-12-08T10:08:11.785+0000][1][safepoint    ] Application time: 1.2534829 seconds
[2019-12-08T10:08:11.785+0000][1][safepoint    ] Entering safepoint region: Cleanup
[2019-12-08T10:08:11.785+0000][1][safepoint    ] Leaving safepoint region
[2019-12-08T10:08:11.785+0000][1][safepoint    ] Total time for which application threads were stopped: 0.0000745 seconds, Stopping threads took: 0.0000178 seconds
[2019-12-08T10:08:12.785+0000][1][safepoint    ] Application time: 1.0000764 seconds
[2019-12-08T10:08:12.785+0000][1][safepoint    ] Entering safepoint region: Cleanup
[2019-12-08T10:08:12.785+0000][1][safepoint    ] Leaving safepoint region
[2019-12-08T10:08:12.785+0000][1][safepoint    ] Total time for which application threads were stopped: 0.0000721 seconds, Stopping threads took: 0.0000185 seconds
[2019-12-08T10:08:13.785+0000][1][safepoint    ] Application time: 1.0000775 seconds
[2019-12-08T10:08:13.785+0000][1][safepoint    ] Entering safepoint region: Cleanup
[2019-12-08T10:08:13.785+0000][1][safepoint    ] Leaving safepoint region
[2019-12-08T10:08:13.785+0000][1][safepoint    ] Total time for which application threads were stopped: 0.0000717 seconds, Stopping threads took: 0.0000174 seconds
[2019-12-08T10:08:14.785+0000][1][safepoint    ] Application time: 1.0000762 seconds
[2019-12-08T10:08:14.785+0000][1][safepoint    ] Entering safepoint region: Cleanup
[2019-12-08T10:08:14.785+0000][1][safepoint    ] Leaving safepoint region
[2019-12-08T10:08:14.785+0000][1][safepoint    ] Total time for which application threads were stopped: 0.0000720 seconds, Stopping threads took: 0.0000175 seconds
[2019-12-08T10:08:15.785+0000][1][safepoint    ] Application time: 1.0000735 seconds
[2019-12-08T10:08:15.786+0000][1][safepoint    ] Entering safepoint region: Cleanup
[2019-12-08T10:08:15.786+0000][1][safepoint    ] Leaving safepoint region
[2019-12-08T10:08:15.786+0000][1][safepoint    ] Total time for which application threads were stopped: 0.0000724 seconds, Stopping threads took: 0.0000189 seconds
[2019-12-08T10:08:16.786+0000][1][safepoint    ] Application time: 1.0000771 seconds
[2019-12-08T10:08:16.786+0000][1][safepoint    ] Entering safepoint region: Cleanup
[2019-12-08T10:08:16.786+0000][1][safepoint    ] Leaving safepoint region
[2019-12-08T10:08:16.786+0000][1][safepoint    ] Total time for which application threads were stopped: 0.0000749 seconds, Stopping threads took: 0.0000201 seconds
[2019-12-08T10:08:17.786+0000][1][safepoint    ] Application time: 1.0000787 seconds
[2019-12-08T10:08:17.786+0000][1][safepoint    ] Entering safepoint region: Cleanup
[2019-12-08T10:08:17.786+0000][1][safepoint    ] Leaving safepoint region
[2019-12-08T10:08:17.786+0000][1][safepoint    ] Total time for which application threads were stopped: 0.0000769 seconds, Stopping threads took: 0.0000198 seconds
[2019-12-08T10:08:18.786+0000][1][safepoint    ] Application time: 1.0000800 seconds
[2019-12-08T10:08:18.786+0000][1][safepoint    ] Entering safepoint region: Cleanup
[2019-12-08T10:08:18.786+0000][1][safepoint    ] Leaving safepoint region
[2019-12-08T10:08:18.786+0000][1][safepoint    ] Total time for which application threads were stopped: 0.0000740 seconds, Stopping threads took: 0.0000186 seconds
[2019-12-08T10:08:19.786+0000][1][safepoint    ] Application time: 1.0000761 seconds
[2019-12-08T10:08:19.786+0000][1][safepoint    ] Entering safepoint region: Cleanup
[2019-12-08T10:08:19.786+0000][1][safepoint    ] Leaving safepoint region
[2019-12-08T10:08:19.786+0000][1][safepoint    ] Total time for which application threads were stopped: 0.0000748 seconds, Stopping threads took: 0.0000188 seconds
[2019-12-08T10:08:20.016+0000][1][safepoint    ] Application time: 0.2300443 seconds
[2019-12-08T10:08:20.016+0000][1][safepoint    ] Entering safepoint region: GenCollectForAllocation
[2019-12-08T10:08:20.017+0000][1][gc,start     ] GC(34) Pause Young (Allocation Failure)
[2019-12-08T10:08:20.017+0000][1][gc,task      ] GC(34) Using 4 workers of 4 for evacuation
[2019-12-08T10:08:20.018+0000][1][gc,age       ] GC(34) Desired survivor size 4456448 bytes, new threshold 6 (max threshold 6)
[2019-12-08T10:08:20.018+0000][1][gc,age       ] GC(34) Age table with threshold 6 (max threshold 6)
[2019-12-08T10:08:20.018+0000][1][gc,age       ] GC(34) - age   1:       4744 bytes,       4744 total
[2019-12-08T10:08:20.018+0000][1][gc,age       ] GC(34) - age   2:       2176 bytes,       6920 total
[2019-12-08T10:08:20.018+0000][1][gc,age       ] GC(34) - age   3:       1192 bytes,       8112 total
[2019-12-08T10:08:20.018+0000][1][gc,age       ] GC(34) - age   4:        472 bytes,       8584 total
[2019-12-08T10:08:20.018+0000][1][gc,age       ] GC(34) - age   5:       1792 bytes,      10376 total
[2019-12-08T10:08:20.018+0000][1][gc,age       ] GC(34) - age   6:       3360 bytes,      13736 total
[2019-12-08T10:08:20.018+0000][1][gc,heap      ] GC(34) ParNew: 70078K->25K(78656K)
[2019-12-08T10:08:20.018+0000][1][gc,heap      ] GC(34) CMS: 70390K->70394K(174784K)
[2019-12-08T10:08:20.018+0000][1][gc,metaspace ] GC(34) Metaspace: 72510K->72510K(1116160K)
[2019-12-08T10:08:20.018+0000][1][gc           ] GC(34) Pause Young (Allocation Failure) 137M->68M(247M) 1.058ms
[2019-12-08T10:08:20.018+0000][1][gc,cpu       ] GC(34) User=0.01s Sys=0.00s Real=0.00s
[2019-12-08T10:08:20.018+0000][1][safepoint    ] Leaving safepoint region
[2019-12-08T10:08:20.018+0000][1][safepoint    ] Total time for which application threads were stopped: 0.0011971 seconds, Stopping threads took: 0.0000175 seconds
[2019-12-08T10:08:21.018+0000][1][safepoint    ] Application time: 1.0000579 seconds
[2019-12-08T10:08:21.018+0000][1][safepoint    ] Entering safepoint region: Cleanup
[2019-12-08T10:08:21.018+0000][1][safepoint    ] Leaving safepoint region
[2019-12-08T10:08:21.018+0000][1][safepoint    ] Total time for which application threads were stopped: 0.0000793 seconds, Stopping threads took: 0.0000212 seconds
[2019-12-08T10:08:22.018+0000][1][safepoint    ] Application time: 1.0000847 seconds
[2019-12-08T10:08:22.018+0000][1][safepoint    ] Entering safepoint region: Cleanup
[2019-12-08T10:08:22.018+0000][1][safepoint    ] Leaving safepoint region
[2019-12-08T10:08:22.018+0000][1][safepoint    ] Total time for which application threads were stopped: 0.0000876 seconds, Stopping threads took: 0.0000263 seconds
[2019-12-08T10:08:23.018+0000][1][safepoint    ] Application time: 1.0000873 seconds
[2019-12-08T10:08:23.018+0000][1][safepoint    ] Entering safepoint region: Cleanup
[2019-12-08T10:08:23.018+0000][1][safepoint    ] Leaving safepoint region
[2019-12-08T10:08:23.018+0000][1][safepoint    ] Total time for which application threads were stopped: 0.0000892 seconds, Stopping threads took: 0.0000313 seconds
[2019-12-08T10:08:24.018+0000][1][safepoint    ] Application time: 1.0000868 seconds
[2019-12-08T10:08:24.018+0000][1][safepoint    ] Entering safepoint region: Cleanup
[2019-12-08T10:08:24.018+0000][1][safepoint    ] Leaving safepoint region
[2019-12-08T10:08:24.018+0000][1][safepoint    ] Total time for which application threads were stopped: 0.0000820 seconds, Stopping threads took: 0.0000216 seconds
[2019-12-08T10:08:25.542+0000][1][safepoint    ] Application time: 1.5232207 seconds
[2019-12-08T10:08:25.542+0000][1][safepoint    ] Entering safepoint region: Cleanup
[2019-12-08T10:08:25.542+0000][1][safepoint    ] Leaving safepoint region
[2019-12-08T10:08:25.542+0000][1][safepoint    ] Total time for which application threads were stopped: 0.0000765 seconds, Stopping threads took: 0.0000180 seconds
[2019-12-08T10:08:26.542+0000][1][safepoint    ] Application time: 1.0001309 seconds
[2019-12-08T10:08:26.542+0000][1][safepoint    ] Entering safepoint region: Cleanup
[2019-12-08T10:08:26.542+0000][1][safepoint    ] Leaving safepoint region
[2019-12-08T10:08:26.542+0000][1][safepoint    ] Total time for which application threads were stopped: 0.0001282 seconds, Stopping threads took: 0.0000551 seconds
[2019-12-08T10:08:27.542+0000][1][safepoint    ] Application time: 1.0000930 seconds
[2019-12-08T10:08:27.542+0000][1][safepoint    ] Entering safepoint region: Cleanup
[2019-12-08T10:08:27.542+0000][1][safepoint    ] Leaving safepoint region
[2019-12-08T10:08:27.542+0000][1][safepoint    ] Total time for which application threads were stopped: 0.0001338 seconds, Stopping threads took: 0.0000717 seconds
[2019-12-08T10:08:28.542+0000][1][safepoint    ] Application time: 1.0000801 seconds
[2019-12-08T10:08:28.542+0000][1][safepoint    ] Entering safepoint region: Cleanup
[2019-12-08T10:08:28.543+0000][1][safepoint    ] Leaving safepoint region
[2019-12-08T10:08:28.543+0000][1][safepoint    ] Total time for which application threads were stopped: 0.0000950 seconds, Stopping threads took: 0.0000248 seconds
[2019-12-08T10:08:29.543+0000][1][safepoint    ] Application time: 1.0000726 seconds
[2019-12-08T10:08:29.543+0000][1][safepoint    ] Entering safepoint region: Cleanup
[2019-12-08T10:08:29.543+0000][1][safepoint    ] Leaving safepoint region
[2019-12-08T10:08:29.543+0000][1][safepoint    ] Total time for which application threads were stopped: 0.0000880 seconds, Stopping threads took: 0.0000355 seconds
[2019-12-08T10:08:30.543+0000][1][safepoint    ] Application time: 1.0000757 seconds
[2019-12-08T10:08:30.543+0000][1][safepoint    ] Entering safepoint region: Cleanup
[2019-12-08T10:08:30.543+0000][1][safepoint    ] Leaving safepoint region
[2019-12-08T10:08:30.543+0000][1][safepoint    ] Total time for which application threads were stopped: 0.0000726 seconds, Stopping threads took: 0.0000184 seconds
[2019-12-08T10:08:31.543+0000][1][safepoint    ] Application time: 1.0000769 seconds
[2019-12-08T10:08:31.543+0000][1][safepoint    ] Entering safepoint region: Cleanup
[2019-12-08T10:08:31.543+0000][1][safepoint    ] Leaving safepoint region
[2019-12-08T10:08:31.543+0000][1][safepoint    ] Total time for which application threads were stopped: 0.0000709 seconds, Stopping threads took: 0.0000168 seconds
[2019-12-08T10:08:32.543+0000][1][safepoint    ] Application time: 1.0000378 seconds
[2019-12-08T10:08:32.543+0000][1][safepoint    ] Entering safepoint region: Cleanup
[2019-12-08T10:08:32.543+0000][1][safepoint    ] Leaving safepoint region
[2019-12-08T10:08:32.543+0000][1][safepoint    ] Total time for which application threads were stopped: 0.0000756 seconds, Stopping threads took: 0.0000190 seconds
[2019-12-08T10:08:33.543+0000][1][safepoint    ] Application time: 1.0000830 seconds
[2019-12-08T10:08:33.543+0000][1][safepoint    ] Entering safepoint region: Cleanup
[2019-12-08T10:08:33.543+0000][1][safepoint    ] Leaving safepoint region
[2019-12-08T10:08:33.543+0000][1][safepoint    ] Total time for which application threads were stopped: 0.0000794 seconds, Stopping threads took: 0.0000213 seconds
[2019-12-08T10:08:34.544+0000][1][safepoint    ] Application time: 1.0000798 seconds
[2019-12-08T10:08:34.544+0000][1][safepoint    ] Entering safepoint region: Cleanup
[2019-12-08T10:08:34.544+0000][1][safepoint    ] Leaving safepoint region
[2019-12-08T10:08:34.544+0000][1][safepoint    ] Total time for which application threads were stopped: 0.0000784 seconds, Stopping threads took: 0.0000203 seconds
[2019-12-08T10:08:35.544+0000][1][safepoint    ] Application time: 1.0000398 seconds
[2019-12-08T10:08:35.544+0000][1][safepoint    ] Entering safepoint region: Cleanup
[2019-12-08T10:08:35.544+0000][1][safepoint    ] Leaving safepoint region
[2019-12-08T10:08:35.544+0000][1][safepoint    ] Total time for which application threads were stopped: 0.0000826 seconds, Stopping threads took: 0.0000196 seconds
[2019-12-08T10:08:36.544+0000][1][safepoint    ] Application time: 1.0000783 seconds
[2019-12-08T10:08:36.544+0000][1][safepoint    ] Entering safepoint region: Cleanup
[2019-12-08T10:08:36.544+0000][1][safepoint    ] Leaving safepoint region
[2019-12-08T10:08:36.544+0000][1][safepoint    ] Total time for which application threads were stopped: 0.0000735 seconds, Stopping threads took: 0.0000187 seconds
[2019-12-08T10:08:37.544+0000][1][safepoint    ] Application time: 1.0000808 seconds
[2019-12-08T10:08:37.544+0000][1][safepoint    ] Entering safepoint region: Cleanup
[2019-12-08T10:08:37.544+0000][1][safepoint    ] Leaving safepoint region
[2019-12-08T10:08:37.544+0000][1][safepoint    ] Total time for which application threads were stopped: 0.0000769 seconds, Stopping threads took: 0.0000206 seconds
[2019-12-08T10:08:38.544+0000][1][safepoint    ] Application time: 1.0000794 seconds
[2019-12-08T10:08:38.544+0000][1][safepoint    ] Entering safepoint region: Cleanup
[2019-12-08T10:08:38.544+0000][1][safepoint    ] Leaving safepoint region
[2019-12-08T10:08:38.544+0000][1][safepoint    ] Total time for which application threads were stopped: 0.0000791 seconds, Stopping threads took: 0.0000216 seconds
[2019-12-08T10:08:39.544+0000][1][safepoint    ] Application time: 1.0000785 seconds
[2019-12-08T10:08:39.545+0000][1][safepoint    ] Entering safepoint region: Cleanup
[2019-12-08T10:08:39.545+0000][1][safepoint    ] Leaving safepoint region
[2019-12-08T10:08:39.545+0000][1][safepoint    ] Total time for which application threads were stopped: 0.0000941 seconds, Stopping threads took: 0.0000351 seconds
[2019-12-08T10:08:40.545+0000][1][safepoint    ] Application time: 1.0000780 seconds
[2019-12-08T10:08:40.545+0000][1][safepoint    ] Entering safepoint region: Cleanup
[2019-12-08T10:08:40.545+0000][1][safepoint    ] Leaving safepoint region
[2019-12-08T10:08:40.545+0000][1][safepoint    ] Total time for which application threads were stopped: 0.0000755 seconds, Stopping threads took: 0.0000187 seconds
[2019-12-08T10:08:41.545+0000][1][safepoint    ] Application time: 1.0000819 seconds
[2019-12-08T10:08:41.545+0000][1][safepoint    ] Entering safepoint region: Cleanup
[2019-12-08T10:08:41.545+0000][1][safepoint    ] Leaving safepoint region
[2019-12-08T10:08:41.545+0000][1][safepoint    ] Total time for which application threads were stopped: 0.0000805 seconds, Stopping threads took: 0.0000207 seconds
[2019-12-08T10:08:42.545+0000][1][safepoint    ] Application time: 1.0000817 seconds
[2019-12-08T10:08:42.545+0000][1][safepoint    ] Entering safepoint region: Cleanup
[2019-12-08T10:08:42.545+0000][1][safepoint    ] Leaving safepoint region
[2019-12-08T10:08:42.545+0000][1][safepoint    ] Total time for which application threads were stopped: 0.0000762 seconds, Stopping threads took: 0.0000193 seconds
[2019-12-08T10:08:43.545+0000][1][safepoint    ] Application time: 1.0000865 seconds
[2019-12-08T10:08:43.545+0000][1][safepoint    ] Entering safepoint region: Cleanup
[2019-12-08T10:08:43.545+0000][1][safepoint    ] Leaving safepoint region
[2019-12-08T10:08:43.545+0000][1][safepoint    ] Total time for which application threads were stopped: 0.0000779 seconds, Stopping threads took: 0.0000209 seconds
[2019-12-08T10:08:44.545+0000][1][safepoint    ] Application time: 1.0000796 seconds
[2019-12-08T10:08:44.546+0000][1][safepoint    ] Entering safepoint region: Cleanup
[2019-12-08T10:08:44.546+0000][1][safepoint    ] Leaving safepoint region
[2019-12-08T10:08:44.546+0000][1][safepoint    ] Total time for which application threads were stopped: 0.0000739 seconds, Stopping threads took: 0.0000194 seconds
[2019-12-08T10:08:45.546+0000][1][safepoint    ] Application time: 1.0000773 seconds
[2019-12-08T10:08:45.546+0000][1][safepoint    ] Entering safepoint region: Cleanup
[2019-12-08T10:08:45.546+0000][1][safepoint    ] Leaving safepoint region
[2019-12-08T10:08:45.546+0000][1][safepoint    ] Total time for which application threads were stopped: 0.0000745 seconds, Stopping threads took: 0.0000207 seconds
[2019-12-08T10:08:46.546+0000][1][safepoint    ] Application time: 1.0000853 seconds
[2019-12-08T10:08:46.546+0000][1][safepoint    ] Entering safepoint region: Cleanup
[2019-12-08T10:08:46.546+0000][1][safepoint    ] Leaving safepoint region
[2019-12-08T10:08:46.546+0000][1][safepoint    ] Total time for which application threads were stopped: 0.0000760 seconds, Stopping threads took: 0.0000195 seconds
[2019-12-08T10:08:47.546+0000][1][safepoint    ] Application time: 1.0000757 seconds
[2019-12-08T10:08:47.546+0000][1][safepoint    ] Entering safepoint region: Cleanup
[2019-12-08T10:08:47.546+0000][1][safepoint    ] Leaving safepoint region
[2019-12-08T10:08:47.546+0000][1][safepoint    ] Total time for which application threads were stopped: 0.0000775 seconds, Stopping threads took: 0.0000205 seconds
[2019-12-08T10:08:48.546+0000][1][safepoint    ] Application time: 1.0000820 seconds
[2019-12-08T10:08:48.546+0000][1][safepoint    ] Entering safepoint region: Cleanup
[2019-12-08T10:08:48.546+0000][1][safepoint    ] Leaving safepoint region
[2019-12-08T10:08:48.546+0000][1][safepoint    ] Total time for which application threads were stopped: 0.0000754 seconds, Stopping threads took: 0.0000200 seconds
[2019-12-08T10:08:49.546+0000][1][safepoint    ] Application time: 1.0000777 seconds
[2019-12-08T10:08:49.546+0000][1][safepoint    ] Entering safepoint region: Cleanup
[2019-12-08T10:08:49.547+0000][1][safepoint    ] Leaving safepoint region
[2019-12-08T10:08:49.547+0000][1][safepoint    ] Total time for which application threads were stopped: 0.0000868 seconds, Stopping threads took: 0.0000256 seconds
[2019-12-08T10:08:50.547+0000][1][safepoint    ] Application time: 1.0000775 seconds
[2019-12-08T10:08:50.547+0000][1][safepoint    ] Entering safepoint region: Cleanup
[2019-12-08T10:08:50.547+0000][1][safepoint    ] Leaving safepoint region
[2019-12-08T10:08:50.547+0000][1][safepoint    ] Total time for which application threads were stopped: 0.0000863 seconds, Stopping threads took: 0.0000301 seconds
[2019-12-08T10:08:51.547+0000][1][safepoint    ] Application time: 1.0000800 seconds
[2019-12-08T10:08:51.547+0000][1][safepoint    ] Entering safepoint region: Cleanup
[2019-12-08T10:08:51.547+0000][1][safepoint    ] Leaving safepoint region
[2019-12-08T10:08:51.547+0000][1][safepoint    ] Total time for which application threads were stopped: 0.0000764 seconds, Stopping threads took: 0.0000204 seconds
[2019-12-08T10:08:52.547+0000][1][safepoint    ] Application time: 1.0000790 seconds
[2019-12-08T10:08:52.547+0000][1][safepoint    ] Entering safepoint region: Cleanup
[2019-12-08T10:08:52.547+0000][1][safepoint    ] Leaving safepoint region
[2019-12-08T10:08:52.547+0000][1][safepoint    ] Total time for which application threads were stopped: 0.0000826 seconds, Stopping threads took: 0.0000230 seconds
[2019-12-08T10:08:53.547+0000][1][safepoint    ] Application time: 1.0000784 seconds
[2019-12-08T10:08:53.547+0000][1][safepoint    ] Entering safepoint region: Cleanup
[2019-12-08T10:08:53.547+0000][1][safepoint    ] Leaving safepoint region
[2019-12-08T10:08:53.547+0000][1][safepoint    ] Total time for which application threads were stopped: 0.0000803 seconds, Stopping threads took: 0.0000200 seconds
[2019-12-08T10:08:54.547+0000][1][safepoint    ] Application time: 1.0000791 seconds
[2019-12-08T10:08:54.547+0000][1][safepoint    ] Entering safepoint region: Cleanup
[2019-12-08T10:08:54.548+0000][1][safepoint    ] Leaving safepoint region
[2019-12-08T10:08:54.548+0000][1][safepoint    ] Total time for which application threads were stopped: 0.0000838 seconds, Stopping threads took: 0.0000211 seconds
[2019-12-08T10:08:55.548+0000][1][safepoint    ] Application time: 1.0000776 seconds
[2019-12-08T10:08:55.548+0000][1][safepoint    ] Entering safepoint region: Cleanup
[2019-12-08T10:08:55.548+0000][1][safepoint    ] Leaving safepoint region
[2019-12-08T10:08:55.548+0000][1][safepoint    ] Total time for which application threads were stopped: 0.0000794 seconds, Stopping threads took: 0.0000211 seconds
[2019-12-08T10:08:56.548+0000][1][safepoint    ] Application time: 1.0000799 seconds
[2019-12-08T10:08:56.548+0000][1][safepoint    ] Entering safepoint region: Cleanup
[2019-12-08T10:08:56.548+0000][1][safepoint    ] Leaving safepoint region
[2019-12-08T10:08:56.548+0000][1][safepoint    ] Total time for which application threads were stopped: 0.0000804 seconds, Stopping threads took: 0.0000192 seconds
[2019-12-08T10:08:57.548+0000][1][safepoint    ] Application time: 1.0000781 seconds
[2019-12-08T10:08:57.548+0000][1][safepoint    ] Entering safepoint region: Cleanup
[2019-12-08T10:08:57.548+0000][1][safepoint    ] Leaving safepoint region
[2019-12-08T10:08:57.548+0000][1][safepoint    ] Total time for which application threads were stopped: 0.0000771 seconds, Stopping threads took: 0.0000195 seconds
[2019-12-08T10:08:58.548+0000][1][safepoint    ] Application time: 1.0000765 seconds
[2019-12-08T10:08:58.548+0000][1][safepoint    ] Entering safepoint region: Cleanup
[2019-12-08T10:08:58.548+0000][1][safepoint    ] Leaving safepoint region
[2019-12-08T10:08:58.548+0000][1][safepoint    ] Total time for which application threads were stopped: 0.0000812 seconds, Stopping threads took: 0.0000197 seconds
[2019-12-08T10:08:59.548+0000][1][safepoint    ] Application time: 1.0000758 seconds
[2019-12-08T10:08:59.549+0000][1][safepoint    ] Entering safepoint region: Cleanup
[2019-12-08T10:08:59.549+0000][1][safepoint    ] Leaving safepoint region
[2019-12-08T10:08:59.549+0000][1][safepoint    ] Total time for which application threads were stopped: 0.0000863 seconds, Stopping threads took: 0.0000193 seconds
[2019-12-08T10:09:00.549+0000][1][safepoint    ] Application time: 1.0000804 seconds
[2019-12-08T10:09:00.549+0000][1][safepoint    ] Entering safepoint region: Cleanup
[2019-12-08T10:09:00.549+0000][1][safepoint    ] Leaving safepoint region
[2019-12-08T10:09:00.549+0000][1][safepoint    ] Total time for which application threads were stopped: 0.0000768 seconds, Stopping threads took: 0.0000196 seconds
[2019-12-08T10:09:01.549+0000][1][safepoint    ] Application time: 1.0000793 seconds
[2019-12-08T10:09:01.549+0000][1][safepoint    ] Entering safepoint region: Cleanup
[2019-12-08T10:09:01.549+0000][1][safepoint    ] Leaving safepoint region
[2019-12-08T10:09:01.549+0000][1][safepoint    ] Total time for which application threads were stopped: 0.0000828 seconds, Stopping threads took: 0.0000220 seconds
[2019-12-08T10:09:02.549+0000][1][safepoint    ] Application time: 1.0000811 seconds
[2019-12-08T10:09:02.549+0000][1][safepoint    ] Entering safepoint region: Cleanup
[2019-12-08T10:09:02.549+0000][1][safepoint    ] Leaving safepoint region
[2019-12-08T10:09:02.549+0000][1][safepoint    ] Total time for which application threads were stopped: 0.0000802 seconds, Stopping threads took: 0.0000207 seconds
[2019-12-08T10:09:03.549+0000][1][safepoint    ] Application time: 1.0000816 seconds
[2019-12-08T10:09:03.549+0000][1][safepoint    ] Entering safepoint region: Cleanup
[2019-12-08T10:09:03.549+0000][1][safepoint    ] Leaving safepoint region
[2019-12-08T10:09:03.549+0000][1][safepoint    ] Total time for which application threads were stopped: 0.0000809 seconds, Stopping threads took: 0.0000196 seconds
[2019-12-08T10:09:04.550+0000][1][safepoint    ] Application time: 1.0000828 seconds
[2019-12-08T10:09:04.550+0000][1][safepoint    ] Entering safepoint region: Cleanup
[2019-12-08T10:09:04.550+0000][1][safepoint    ] Leaving safepoint region
[2019-12-08T10:09:04.550+0000][1][safepoint    ] Total time for which application threads were stopped: 0.0000785 seconds, Stopping threads took: 0.0000200 seconds
[2019-12-08T10:09:05.550+0000][1][safepoint    ] Application time: 1.0000820 seconds
[2019-12-08T10:09:05.550+0000][1][safepoint    ] Entering safepoint region: Cleanup
[2019-12-08T10:09:05.550+0000][1][safepoint    ] Leaving safepoint region
[2019-12-08T10:09:05.550+0000][1][safepoint    ] Total time for which application threads were stopped: 0.0000797 seconds, Stopping threads took: 0.0000195 seconds
[2019-12-08T10:09:06.550+0000][1][safepoint    ] Application time: 1.0000804 seconds
[2019-12-08T10:09:06.550+0000][1][safepoint    ] Entering safepoint region: Cleanup
[2019-12-08T10:09:06.550+0000][1][safepoint    ] Leaving safepoint region
[2019-12-08T10:09:06.550+0000][1][safepoint    ] Total time for which application threads were stopped: 0.0000992 seconds, Stopping threads took: 0.0000391 seconds
[2019-12-08T10:09:07.550+0000][1][safepoint    ] Application time: 1.0000856 seconds
[2019-12-08T10:09:07.550+0000][1][safepoint    ] Entering safepoint region: Cleanup
[2019-12-08T10:09:07.550+0000][1][safepoint    ] Leaving safepoint region
[2019-12-08T10:09:07.550+0000][1][safepoint    ] Total time for which application threads were stopped: 0.0000817 seconds, Stopping threads took: 0.0000220 seconds
[2019-12-08T10:09:08.550+0000][1][safepoint    ] Application time: 1.0000802 seconds
[2019-12-08T10:09:08.550+0000][1][safepoint    ] Entering safepoint region: Cleanup
[2019-12-08T10:09:08.550+0000][1][safepoint    ] Leaving safepoint region
[2019-12-08T10:09:08.550+0000][1][safepoint    ] Total time for which application threads were stopped: 0.0000803 seconds, Stopping threads took: 0.0000203 seconds
[2019-12-08T10:09:09.551+0000][1][safepoint    ] Application time: 1.0000847 seconds
[2019-12-08T10:09:09.551+0000][1][safepoint    ] Entering safepoint region: Cleanup
[2019-12-08T10:09:09.551+0000][1][safepoint    ] Leaving safepoint region
[2019-12-08T10:09:09.551+0000][1][safepoint    ] Total time for which application threads were stopped: 0.0001044 seconds, Stopping threads took: 0.0000222 seconds
[2019-12-08T10:09:10.551+0000][1][safepoint    ] Application time: 1.0000807 seconds
[2019-12-08T10:09:10.551+0000][1][safepoint    ] Entering safepoint region: Cleanup
[2019-12-08T10:09:10.551+0000][1][safepoint    ] Leaving safepoint region
[2019-12-08T10:09:10.551+0000][1][safepoint    ] Total time for which application threads were stopped: 0.0000801 seconds, Stopping threads took: 0.0000220 seconds
[2019-12-08T10:09:11.551+0000][1][safepoint    ] Application time: 1.0000808 seconds
[2019-12-08T10:09:11.551+0000][1][safepoint    ] Entering safepoint region: Cleanup
[2019-12-08T10:09:11.551+0000][1][safepoint    ] Leaving safepoint region
[2019-12-08T10:09:11.551+0000][1][safepoint    ] Total time for which application threads were stopped: 0.0000781 seconds, Stopping threads took: 0.0000201 seconds
[2019-12-08T10:09:12.551+0000][1][safepoint    ] Application time: 1.0000804 seconds
[2019-12-08T10:09:12.551+0000][1][safepoint    ] Entering safepoint region: Cleanup
[2019-12-08T10:09:12.551+0000][1][safepoint    ] Leaving safepoint region
[2019-12-08T10:09:12.551+0000][1][safepoint    ] Total time for which application threads were stopped: 0.0000778 seconds, Stopping threads took: 0.0000203 seconds
[2019-12-08T10:09:13.551+0000][1][safepoint    ] Application time: 1.0000816 seconds
[2019-12-08T10:09:13.551+0000][1][safepoint    ] Entering safepoint region: Cleanup
[2019-12-08T10:09:13.552+0000][1][safepoint    ] Leaving safepoint region
[2019-12-08T10:09:13.552+0000][1][safepoint    ] Total time for which application threads were stopped: 0.0000776 seconds, Stopping threads took: 0.0000201 seconds
[2019-12-08T10:09:14.552+0000][1][safepoint    ] Application time: 1.0000810 seconds
[2019-12-08T10:09:14.552+0000][1][safepoint    ] Entering safepoint region: Cleanup
[2019-12-08T10:09:14.552+0000][1][safepoint    ] Leaving safepoint region
[2019-12-08T10:09:14.552+0000][1][safepoint    ] Total time for which application threads were stopped: 0.0000938 seconds, Stopping threads took: 0.0000342 seconds
[2019-12-08T10:09:15.552+0000][1][safepoint    ] Application time: 1.0000804 seconds
[2019-12-08T10:09:15.552+0000][1][safepoint    ] Entering safepoint region: Cleanup
[2019-12-08T10:09:15.552+0000][1][safepoint    ] Leaving safepoint region
[2019-12-08T10:09:15.552+0000][1][safepoint    ] Total time for which application threads were stopped: 0.0000776 seconds, Stopping threads took: 0.0000203 seconds
[2019-12-08T10:09:16.552+0000][1][safepoint    ] Application time: 1.0000824 seconds
[2019-12-08T10:09:16.552+0000][1][safepoint    ] Entering safepoint region: Cleanup
[2019-12-08T10:09:16.552+0000][1][safepoint    ] Leaving safepoint region
[2019-12-08T10:09:16.552+0000][1][safepoint    ] Total time for which application threads were stopped: 0.0000843 seconds, Stopping threads took: 0.0000243 seconds
[2019-12-08T10:09:17.552+0000][1][safepoint    ] Application time: 1.0000831 seconds
[2019-12-08T10:09:17.552+0000][1][safepoint    ] Entering safepoint region: Cleanup
[2019-12-08T10:09:17.552+0000][1][safepoint    ] Leaving safepoint region
[2019-12-08T10:09:17.552+0000][1][safepoint    ] Total time for which application threads were stopped: 0.0000853 seconds, Stopping threads took: 0.0000220 seconds
[2019-12-08T10:09:18.552+0000][1][safepoint    ] Application time: 1.0000815 seconds
[2019-12-08T10:09:18.553+0000][1][safepoint    ] Entering safepoint region: Cleanup
[2019-12-08T10:09:18.553+0000][1][safepoint    ] Leaving safepoint region
[2019-12-08T10:09:18.553+0000][1][safepoint    ] Total time for which application threads were stopped: 0.0000844 seconds, Stopping threads took: 0.0000217 seconds
[2019-12-08T10:09:19.553+0000][1][safepoint    ] Application time: 1.0000877 seconds
[2019-12-08T10:09:19.553+0000][1][safepoint    ] Entering safepoint region: Cleanup
[2019-12-08T10:09:19.553+0000][1][safepoint    ] Leaving safepoint region
[2019-12-08T10:09:19.553+0000][1][safepoint    ] Total time for which application threads were stopped: 0.0000928 seconds, Stopping threads took: 0.0000270 seconds
[2019-12-08T10:09:20.553+0000][1][safepoint    ] Application time: 1.0000794 seconds
[2019-12-08T10:09:20.553+0000][1][safepoint    ] Entering safepoint region: Cleanup
[2019-12-08T10:09:20.553+0000][1][safepoint    ] Leaving safepoint region
[2019-12-08T10:09:20.553+0000][1][safepoint    ] Total time for which application threads were stopped: 0.0000805 seconds, Stopping threads took: 0.0000193 seconds
[2019-12-08T10:09:21.553+0000][1][safepoint    ] Application time: 1.0000783 seconds
[2019-12-08T10:09:21.553+0000][1][safepoint    ] Entering safepoint region: Cleanup
[2019-12-08T10:09:21.553+0000][1][safepoint    ] Leaving safepoint region
[2019-12-08T10:09:21.553+0000][1][safepoint    ] Total time for which application threads were stopped: 0.0000818 seconds, Stopping threads took: 0.0000183 seconds
[2019-12-08T10:09:22.553+0000][1][safepoint    ] Application time: 1.0000807 seconds
[2019-12-08T10:09:22.553+0000][1][safepoint    ] Entering safepoint region: Cleanup
[2019-12-08T10:09:22.553+0000][1][safepoint    ] Leaving safepoint region
[2019-12-08T10:09:22.553+0000][1][safepoint    ] Total time for which application threads were stopped: 0.0000851 seconds, Stopping threads took: 0.0000206 seconds
[2019-12-08T10:09:23.554+0000][1][safepoint    ] Application time: 1.0000806 seconds
[2019-12-08T10:09:23.554+0000][1][safepoint    ] Entering safepoint region: Cleanup
[2019-12-08T10:09:23.554+0000][1][safepoint    ] Leaving safepoint region
[2019-12-08T10:09:23.554+0000][1][safepoint    ] Total time for which application threads were stopped: 0.0000845 seconds, Stopping threads took: 0.0000215 seconds
[2019-12-08T10:09:24.554+0000][1][safepoint    ] Application time: 1.0000810 seconds
[2019-12-08T10:09:24.554+0000][1][safepoint    ] Entering safepoint region: Cleanup
[2019-12-08T10:09:24.554+0000][1][safepoint    ] Leaving safepoint region
[2019-12-08T10:09:24.554+0000][1][safepoint    ] Total time for which application threads were stopped: 0.0000812 seconds, Stopping threads took: 0.0000211 seconds
[2019-12-08T10:09:25.554+0000][1][safepoint    ] Application time: 1.0000814 seconds
[2019-12-08T10:09:25.554+0000][1][safepoint    ] Entering safepoint region: Cleanup
[2019-12-08T10:09:25.554+0000][1][safepoint    ] Leaving safepoint region
[2019-12-08T10:09:25.554+0000][1][safepoint    ] Total time for which application threads were stopped: 0.0000788 seconds, Stopping threads took: 0.0000196 seconds
[2019-12-08T10:09:26.554+0000][1][safepoint    ] Application time: 1.0000795 seconds
[2019-12-08T10:09:26.554+0000][1][safepoint    ] Entering safepoint region: Cleanup
[2019-12-08T10:09:26.554+0000][1][safepoint    ] Leaving safepoint region
[2019-12-08T10:09:26.554+0000][1][safepoint    ] Total time for which application threads were stopped: 0.0000801 seconds, Stopping threads took: 0.0000209 seconds
[2019-12-08T10:09:27.554+0000][1][safepoint    ] Application time: 1.0000798 seconds
[2019-12-08T10:09:27.554+0000][1][safepoint    ] Entering safepoint region: Cleanup
[2019-12-08T10:09:27.554+0000][1][safepoint    ] Leaving safepoint region
[2019-12-08T10:09:27.554+0000][1][safepoint    ] Total time for which application threads were stopped: 0.0000852 seconds, Stopping threads took: 0.0000196 seconds
[2019-12-08T10:09:28.555+0000][1][safepoint    ] Application time: 1.0000856 seconds
[2019-12-08T10:09:28.555+0000][1][safepoint    ] Entering safepoint region: Cleanup
[2019-12-08T10:09:28.555+0000][1][safepoint    ] Leaving safepoint region
[2019-12-08T10:09:28.555+0000][1][safepoint    ] Total time for which application threads were stopped: 0.0001097 seconds, Stopping threads took: 0.0000287 seconds
[2019-12-08T10:09:29.555+0000][1][safepoint    ] Application time: 1.0000809 seconds
[2019-12-08T10:09:29.555+0000][1][safepoint    ] Entering safepoint region: Cleanup
[2019-12-08T10:09:29.555+0000][1][safepoint    ] Leaving safepoint region
[2019-12-08T10:09:29.555+0000][1][safepoint    ] Total time for which application threads were stopped: 0.0000779 seconds, Stopping threads took: 0.0000193 seconds
[2019-12-08T10:09:30.555+0000][1][safepoint    ] Application time: 1.0000803 seconds
[2019-12-08T10:09:30.555+0000][1][safepoint    ] Entering safepoint region: Cleanup
[2019-12-08T10:09:30.555+0000][1][safepoint    ] Leaving safepoint region
[2019-12-08T10:09:30.555+0000][1][safepoint    ] Total time for which application threads were stopped: 0.0000782 seconds, Stopping threads took: 0.0000191 seconds
[2019-12-08T10:09:31.555+0000][1][safepoint    ] Application time: 1.0000807 seconds
[2019-12-08T10:09:31.555+0000][1][safepoint    ] Entering safepoint region: Cleanup
[2019-12-08T10:09:31.555+0000][1][safepoint    ] Leaving safepoint region
[2019-12-08T10:09:31.555+0000][1][safepoint    ] Total time for which application threads were stopped: 0.0000810 seconds, Stopping threads took: 0.0000204 seconds
[2019-12-08T10:09:32.555+0000][1][safepoint    ] Application time: 1.0000769 seconds
[2019-12-08T10:09:32.555+0000][1][safepoint    ] Entering safepoint region: Cleanup
[2019-12-08T10:09:32.556+0000][1][safepoint    ] Leaving safepoint region
[2019-12-08T10:09:32.556+0000][1][safepoint    ] Total time for which application threads were stopped: 0.0000804 seconds, Stopping threads took: 0.0000213 seconds
[2019-12-08T10:09:33.556+0000][1][safepoint    ] Application time: 1.0000853 seconds
[2019-12-08T10:09:33.556+0000][1][safepoint    ] Entering safepoint region: Cleanup
[2019-12-08T10:09:33.556+0000][1][safepoint    ] Leaving safepoint region
[2019-12-08T10:09:33.556+0000][1][safepoint    ] Total time for which application threads were stopped: 0.0000781 seconds, Stopping threads took: 0.0000187 seconds
[2019-12-08T10:09:34.556+0000][1][safepoint    ] Application time: 1.0000799 seconds
[2019-12-08T10:09:34.556+0000][1][safepoint    ] Entering safepoint region: Cleanup
[2019-12-08T10:09:34.556+0000][1][safepoint    ] Leaving safepoint region
[2019-12-08T10:09:34.556+0000][1][safepoint    ] Total time for which application threads were stopped: 0.0000821 seconds, Stopping threads took: 0.0000197 seconds
[2019-12-08T10:09:35.556+0000][1][safepoint    ] Application time: 1.0000828 seconds
[2019-12-08T10:09:35.556+0000][1][safepoint    ] Entering safepoint region: Cleanup
[2019-12-08T10:09:35.556+0000][1][safepoint    ] Leaving safepoint region
[2019-12-08T10:09:35.556+0000][1][safepoint    ] Total time for which application threads were stopped: 0.0000750 seconds, Stopping threads took: 0.0000185 seconds
[2019-12-08T10:09:36.556+0000][1][safepoint    ] Application time: 1.0000808 seconds
[2019-12-08T10:09:36.556+0000][1][safepoint    ] Entering safepoint region: Cleanup
[2019-12-08T10:09:36.556+0000][1][safepoint    ] Leaving safepoint region
[2019-12-08T10:09:36.556+0000][1][safepoint    ] Total time for which application threads were stopped: 0.0000809 seconds, Stopping threads took: 0.0000189 seconds
[2019-12-08T10:09:37.556+0000][1][safepoint    ] Application time: 1.0000762 seconds
[2019-12-08T10:09:37.557+0000][1][safepoint    ] Entering safepoint region: Cleanup
[2019-12-08T10:09:37.557+0000][1][safepoint    ] Leaving safepoint region
[2019-12-08T10:09:37.557+0000][1][safepoint    ] Total time for which application threads were stopped: 0.0000771 seconds, Stopping threads took: 0.0000199 seconds
[2019-12-08T10:09:38.557+0000][1][safepoint    ] Application time: 1.0000782 seconds
[2019-12-08T10:09:38.557+0000][1][safepoint    ] Entering safepoint region: Cleanup
[2019-12-08T10:09:38.557+0000][1][safepoint    ] Leaving safepoint region
[2019-12-08T10:09:38.557+0000][1][safepoint    ] Total time for which application threads were stopped: 0.0000803 seconds, Stopping threads took: 0.0000232 seconds
[2019-12-08T10:09:39.557+0000][1][safepoint    ] Application time: 1.0000824 seconds
[2019-12-08T10:09:39.557+0000][1][safepoint    ] Entering safepoint region: Cleanup
[2019-12-08T10:09:39.557+0000][1][safepoint    ] Leaving safepoint region
[2019-12-08T10:09:39.557+0000][1][safepoint    ] Total time for which application threads were stopped: 0.0000822 seconds, Stopping threads took: 0.0000200 seconds
[2019-12-08T10:09:40.557+0000][1][safepoint    ] Application time: 1.0000835 seconds
[2019-12-08T10:09:40.557+0000][1][safepoint    ] Entering safepoint region: Cleanup
[2019-12-08T10:09:40.557+0000][1][safepoint    ] Leaving safepoint region
[2019-12-08T10:09:40.557+0000][1][safepoint    ] Total time for which application threads were stopped: 0.0000851 seconds, Stopping threads took: 0.0000270 seconds
[2019-12-08T10:09:41.557+0000][1][safepoint    ] Application time: 1.0000808 seconds
[2019-12-08T10:09:41.557+0000][1][safepoint    ] Entering safepoint region: Cleanup
[2019-12-08T10:09:41.557+0000][1][safepoint    ] Leaving safepoint region
[2019-12-08T10:09:41.557+0000][1][safepoint    ] Total time for which application threads were stopped: 0.0000848 seconds, Stopping threads took: 0.0000202 seconds
[2019-12-08T10:09:42.558+0000][1][safepoint    ] Application time: 1.0000842 seconds
[2019-12-08T10:09:42.558+0000][1][safepoint    ] Entering safepoint region: Cleanup
[2019-12-08T10:09:42.558+0000][1][safepoint    ] Leaving safepoint region
[2019-12-08T10:09:42.558+0000][1][safepoint    ] Total time for which application threads were stopped: 0.0000828 seconds, Stopping threads took: 0.0000224 seconds
[2019-12-08T10:09:43.558+0000][1][safepoint    ] Application time: 1.0000804 seconds
[2019-12-08T10:09:43.558+0000][1][safepoint    ] Entering safepoint region: Cleanup
[2019-12-08T10:09:43.558+0000][1][safepoint    ] Leaving safepoint region
[2019-12-08T10:09:43.558+0000][1][safepoint    ] Total time for which application threads were stopped: 0.0000796 seconds, Stopping threads took: 0.0000205 seconds
[2019-12-08T10:09:44.558+0000][1][safepoint    ] Application time: 1.0000779 seconds
[2019-12-08T10:09:44.558+0000][1][safepoint    ] Entering safepoint region: Cleanup
[2019-12-08T10:09:44.558+0000][1][safepoint    ] Leaving safepoint region
[2019-12-08T10:09:44.558+0000][1][safepoint    ] Total time for which application threads were stopped: 0.0000798 seconds, Stopping threads took: 0.0000209 seconds
[2019-12-08T10:09:44.810+0000][1][safepoint    ] Application time: 0.2521818 seconds
[2019-12-08T10:09:44.810+0000][1][safepoint    ] Entering safepoint region: GenCollectForAllocation
[2019-12-08T10:09:44.810+0000][1][gc,start     ] GC(35) Pause Young (Allocation Failure)
[2019-12-08T10:09:44.810+0000][1][gc,task      ] GC(35) Using 4 workers of 4 for evacuation
[2019-12-08T10:09:44.811+0000][1][gc,age       ] GC(35) Desired survivor size 4456448 bytes, new threshold 6 (max threshold 6)
[2019-12-08T10:09:44.812+0000][1][gc,age       ] GC(35) Age table with threshold 6 (max threshold 6)
[2019-12-08T10:09:44.812+0000][1][gc,age       ] GC(35) - age   1:      11240 bytes,      11240 total
[2019-12-08T10:09:44.812+0000][1][gc,age       ] GC(35) - age   2:        368 bytes,      11608 total
[2019-12-08T10:09:44.812+0000][1][gc,age       ] GC(35) - age   3:       2144 bytes,      13752 total
[2019-12-08T10:09:44.812+0000][1][gc,age       ] GC(35) - age   4:       1192 bytes,      14944 total
[2019-12-08T10:09:44.812+0000][1][gc,age       ] GC(35) - age   5:        472 bytes,      15416 total
[2019-12-08T10:09:44.812+0000][1][gc,age       ] GC(35) - age   6:       1792 bytes,      17208 total
[2019-12-08T10:09:44.812+0000][1][gc,heap      ] GC(35) ParNew: 69977K->22K(78656K)
[2019-12-08T10:09:44.812+0000][1][gc,heap      ] GC(35) CMS: 70394K->70397K(174784K)
[2019-12-08T10:09:44.812+0000][1][gc,metaspace ] GC(35) Metaspace: 72513K->72513K(1116160K)
[2019-12-08T10:09:44.812+0000][1][gc           ] GC(35) Pause Young (Allocation Failure) 137M->68M(247M) 1.146ms
[2019-12-08T10:09:44.812+0000][1][gc,cpu       ] GC(35) User=0.00s Sys=0.00s Real=0.01s
[2019-12-08T10:09:44.812+0000][1][safepoint    ] Leaving safepoint region
[2019-12-08T10:09:44.812+0000][1][safepoint    ] Total time for which application threads were stopped: 0.0013447 seconds, Stopping threads took: 0.0000687 seconds
[2019-12-08T10:09:45.812+0000][1][safepoint    ] Application time: 1.0000929 seconds
[2019-12-08T10:09:45.812+0000][1][safepoint    ] Entering safepoint region: Cleanup
[2019-12-08T10:09:45.812+0000][1][safepoint    ] Leaving safepoint region
[2019-12-08T10:09:45.812+0000][1][safepoint    ] Total time for which application threads were stopped: 0.0000882 seconds, Stopping threads took: 0.0000216 seconds
[2019-12-08T10:09:46.812+0000][1][safepoint    ] Application time: 1.0000836 seconds
[2019-12-08T10:09:46.812+0000][1][safepoint    ] Entering safepoint region: Cleanup
[2019-12-08T10:09:46.812+0000][1][safepoint    ] Leaving safepoint region
[2019-12-08T10:09:46.812+0000][1][safepoint    ] Total time for which application threads were stopped: 0.0000683 seconds, Stopping threads took: 0.0000161 seconds
[2019-12-08T10:09:47.812+0000][1][safepoint    ] Application time: 1.0000793 seconds
[2019-12-08T10:09:47.812+0000][1][safepoint    ] Entering safepoint region: Cleanup
[2019-12-08T10:09:47.812+0000][1][safepoint    ] Leaving safepoint region
[2019-12-08T10:09:47.812+0000][1][safepoint    ] Total time for which application threads were stopped: 0.0000715 seconds, Stopping threads took: 0.0000188 seconds
[2019-12-08T10:09:48.812+0000][1][safepoint    ] Application time: 1.0000755 seconds
[2019-12-08T10:09:48.812+0000][1][safepoint    ] Entering safepoint region: Cleanup
[2019-12-08T10:09:48.812+0000][1][safepoint    ] Leaving safepoint region
[2019-12-08T10:09:48.812+0000][1][safepoint    ] Total time for which application threads were stopped: 0.0000715 seconds, Stopping threads took: 0.0000182 seconds
[2019-12-08T10:09:49.812+0000][1][safepoint    ] Application time: 1.0000774 seconds
[2019-12-08T10:09:49.812+0000][1][safepoint    ] Entering safepoint region: Cleanup
[2019-12-08T10:09:49.813+0000][1][safepoint    ] Leaving safepoint region
[2019-12-08T10:09:49.813+0000][1][safepoint    ] Total time for which application threads were stopped: 0.0000704 seconds, Stopping threads took: 0.0000169 seconds
[2019-12-08T10:09:50.813+0000][1][safepoint    ] Application time: 1.0000755 seconds
[2019-12-08T10:09:50.813+0000][1][safepoint    ] Entering safepoint region: Cleanup
[2019-12-08T10:09:50.813+0000][1][safepoint    ] Leaving safepoint region
[2019-12-08T10:09:50.813+0000][1][safepoint    ] Total time for which application threads were stopped: 0.0000868 seconds, Stopping threads took: 0.0000175 seconds
[2019-12-08T10:09:51.813+0000][1][safepoint    ] Application time: 1.0000804 seconds
[2019-12-08T10:09:51.813+0000][1][safepoint    ] Entering safepoint region: Cleanup
[2019-12-08T10:09:51.813+0000][1][safepoint    ] Leaving safepoint region
[2019-12-08T10:09:51.813+0000][1][safepoint    ] Total time for which application threads were stopped: 0.0000733 seconds, Stopping threads took: 0.0000174 seconds
[2019-12-08T10:09:52.813+0000][1][safepoint    ] Application time: 1.0000770 seconds
[2019-12-08T10:09:52.813+0000][1][safepoint    ] Entering safepoint region: Cleanup
[2019-12-08T10:09:52.813+0000][1][safepoint    ] Leaving safepoint region
[2019-12-08T10:09:52.813+0000][1][safepoint    ] Total time for which application threads were stopped: 0.0000693 seconds, Stopping threads took: 0.0000167 seconds
[2019-12-08T10:09:53.813+0000][1][safepoint    ] Application time: 1.0000777 seconds
[2019-12-08T10:09:53.813+0000][1][safepoint    ] Entering safepoint region: Cleanup
[2019-12-08T10:09:53.813+0000][1][safepoint    ] Leaving safepoint region
[2019-12-08T10:09:53.813+0000][1][safepoint    ] Total time for which application threads were stopped: 0.0000718 seconds, Stopping threads took: 0.0000180 seconds
[2019-12-08T10:09:54.813+0000][1][safepoint    ] Application time: 1.0000833 seconds
[2019-12-08T10:09:54.813+0000][1][safepoint    ] Entering safepoint region: Cleanup
[2019-12-08T10:09:54.813+0000][1][safepoint    ] Leaving safepoint region
[2019-12-08T10:09:54.813+0000][1][safepoint    ] Total time for which application threads were stopped: 0.0000831 seconds, Stopping threads took: 0.0000196 seconds
[2019-12-08T10:09:55.814+0000][1][safepoint    ] Application time: 1.0000806 seconds
[2019-12-08T10:09:55.814+0000][1][safepoint    ] Entering safepoint region: Cleanup
[2019-12-08T10:09:55.814+0000][1][safepoint    ] Leaving safepoint region
[2019-12-08T10:09:55.814+0000][1][safepoint    ] Total time for which application threads were stopped: 0.0000897 seconds, Stopping threads took: 0.0000247 seconds
[2019-12-08T10:09:56.814+0000][1][safepoint    ] Application time: 1.0000751 seconds
[2019-12-08T10:09:56.814+0000][1][safepoint    ] Entering safepoint region: Cleanup
[2019-12-08T10:09:56.814+0000][1][safepoint    ] Leaving safepoint region
[2019-12-08T10:09:56.814+0000][1][safepoint    ] Total time for which application threads were stopped: 0.0000747 seconds, Stopping threads took: 0.0000172 seconds
[2019-12-08T10:09:57.814+0000][1][safepoint    ] Application time: 1.0000783 seconds
[2019-12-08T10:09:57.814+0000][1][safepoint    ] Entering safepoint region: Cleanup
[2019-12-08T10:09:57.814+0000][1][safepoint    ] Leaving safepoint region
[2019-12-08T10:09:57.814+0000][1][safepoint    ] Total time for which application threads were stopped: 0.0000762 seconds, Stopping threads took: 0.0000174 seconds
[2019-12-08T10:09:58.814+0000][1][safepoint    ] Application time: 1.0000779 seconds
[2019-12-08T10:09:58.814+0000][1][safepoint    ] Entering safepoint region: Cleanup
[2019-12-08T10:09:58.814+0000][1][safepoint    ] Leaving safepoint region
[2019-12-08T10:09:58.814+0000][1][safepoint    ] Total time for which application threads were stopped: 0.0000718 seconds, Stopping threads took: 0.0000176 seconds
[2019-12-08T10:09:59.814+0000][1][safepoint    ] Application time: 1.0000837 seconds
[2019-12-08T10:09:59.814+0000][1][safepoint    ] Entering safepoint region: Cleanup
[2019-12-08T10:09:59.814+0000][1][safepoint    ] Leaving safepoint region
[2019-12-08T10:09:59.814+0000][1][safepoint    ] Total time for which application threads were stopped: 0.0001173 seconds, Stopping threads took: 0.0000472 seconds
[2019-12-08T10:10:00.815+0000][1][safepoint    ] Application time: 1.0000805 seconds
[2019-12-08T10:10:00.815+0000][1][safepoint    ] Entering safepoint region: Cleanup
[2019-12-08T10:10:00.815+0000][1][safepoint    ] Leaving safepoint region
[2019-12-08T10:10:00.815+0000][1][safepoint    ] Total time for which application threads were stopped: 0.0000945 seconds, Stopping threads took: 0.0000263 seconds
[2019-12-08T10:10:01.815+0000][1][safepoint    ] Application time: 1.0000963 seconds
[2019-12-08T10:10:01.815+0000][1][safepoint    ] Entering safepoint region: Cleanup
[2019-12-08T10:10:01.815+0000][1][safepoint    ] Leaving safepoint region
[2019-12-08T10:10:01.815+0000][1][safepoint    ] Total time for which application threads were stopped: 0.0000770 seconds, Stopping threads took: 0.0000194 seconds
[2019-12-08T10:10:02.815+0000][1][safepoint    ] Application time: 1.0000849 seconds
[2019-12-08T10:10:02.815+0000][1][safepoint    ] Entering safepoint region: Cleanup
[2019-12-08T10:10:02.815+0000][1][safepoint    ] Leaving safepoint region
[2019-12-08T10:10:02.815+0000][1][safepoint    ] Total time for which application threads were stopped: 0.0000775 seconds, Stopping threads took: 0.0000184 seconds
[2019-12-08T10:10:03.815+0000][1][safepoint    ] Application time: 1.0000802 seconds
[2019-12-08T10:10:03.815+0000][1][safepoint    ] Entering safepoint region: Cleanup
[2019-12-08T10:10:03.815+0000][1][safepoint    ] Leaving safepoint region
[2019-12-08T10:10:03.815+0000][1][safepoint    ] Total time for which application threads were stopped: 0.0000803 seconds, Stopping threads took: 0.0000190 seconds
[2019-12-08T10:10:04.815+0000][1][safepoint    ] Application time: 1.0000823 seconds
[2019-12-08T10:10:04.815+0000][1][safepoint    ] Entering safepoint region: Cleanup
[2019-12-08T10:10:04.815+0000][1][safepoint    ] Leaving safepoint region
[2019-12-08T10:10:04.815+0000][1][safepoint    ] Total time for which application threads were stopped: 0.0001102 seconds, Stopping threads took: 0.0000463 seconds
[2019-12-08T10:10:05.816+0000][1][safepoint    ] Application time: 1.0000840 seconds
[2019-12-08T10:10:05.816+0000][1][safepoint    ] Entering safepoint region: Cleanup
[2019-12-08T10:10:05.816+0000][1][safepoint    ] Leaving safepoint region
[2019-12-08T10:10:05.816+0000][1][safepoint    ] Total time for which application threads were stopped: 0.0000799 seconds, Stopping threads took: 0.0000258 seconds
[2019-12-08T10:10:06.816+0000][1][safepoint    ] Application time: 1.0000769 seconds
[2019-12-08T10:10:06.816+0000][1][safepoint    ] Entering safepoint region: Cleanup
[2019-12-08T10:10:06.816+0000][1][safepoint    ] Leaving safepoint region
[2019-12-08T10:10:06.816+0000][1][safepoint    ] Total time for which application threads were stopped: 0.0000740 seconds, Stopping threads took: 0.0000193 seconds
[2019-12-08T10:10:07.816+0000][1][safepoint    ] Application time: 1.0000742 seconds
[2019-12-08T10:10:07.816+0000][1][safepoint    ] Entering safepoint region: Cleanup
[2019-12-08T10:10:07.816+0000][1][safepoint    ] Leaving safepoint region
[2019-12-08T10:10:07.816+0000][1][safepoint    ] Total time for which application threads were stopped: 0.0000748 seconds, Stopping threads took: 0.0000189 seconds
[2019-12-08T10:10:08.816+0000][1][safepoint    ] Application time: 1.0000774 seconds
[2019-12-08T10:10:08.816+0000][1][safepoint    ] Entering safepoint region: Cleanup
[2019-12-08T10:10:08.816+0000][1][safepoint    ] Leaving safepoint region
[2019-12-08T10:10:08.816+0000][1][safepoint    ] Total time for which application threads were stopped: 0.0000772 seconds, Stopping threads took: 0.0000198 seconds
[2019-12-08T10:10:09.816+0000][1][safepoint    ] Application time: 1.0000774 seconds
[2019-12-08T10:10:09.816+0000][1][safepoint    ] Entering safepoint region: Cleanup
[2019-12-08T10:10:09.816+0000][1][safepoint    ] Leaving safepoint region
[2019-12-08T10:10:09.816+0000][1][safepoint    ] Total time for which application threads were stopped: 0.0001060 seconds, Stopping threads took: 0.0000447 seconds
[2019-12-08T10:10:10.817+0000][1][safepoint    ] Application time: 1.0000809 seconds
[2019-12-08T10:10:10.817+0000][1][safepoint    ] Entering safepoint region: Cleanup
[2019-12-08T10:10:10.817+0000][1][safepoint    ] Leaving safepoint region
[2019-12-08T10:10:10.817+0000][1][safepoint    ] Total time for which application threads were stopped: 0.0000784 seconds, Stopping threads took: 0.0000165 seconds
[2019-12-08T10:10:11.817+0000][1][safepoint    ] Application time: 1.0000768 seconds
[2019-12-08T10:10:11.817+0000][1][safepoint    ] Entering safepoint region: Cleanup
[2019-12-08T10:10:11.817+0000][1][safepoint    ] Leaving safepoint region
[2019-12-08T10:10:11.817+0000][1][safepoint    ] Total time for which application threads were stopped: 0.0000743 seconds, Stopping threads took: 0.0000183 seconds
[2019-12-08T10:10:12.817+0000][1][safepoint    ] Application time: 1.0000814 seconds
[2019-12-08T10:10:12.817+0000][1][safepoint    ] Entering safepoint region: Cleanup
[2019-12-08T10:10:12.817+0000][1][safepoint    ] Leaving safepoint region
[2019-12-08T10:10:12.817+0000][1][safepoint    ] Total time for which application threads were stopped: 0.0000769 seconds, Stopping threads took: 0.0000207 seconds
[2019-12-08T10:10:13.817+0000][1][safepoint    ] Application time: 1.0000779 seconds
[2019-12-08T10:10:13.817+0000][1][safepoint    ] Entering safepoint region: Cleanup
[2019-12-08T10:10:13.817+0000][1][safepoint    ] Leaving safepoint region
[2019-12-08T10:10:13.817+0000][1][safepoint    ] Total time for which application threads were stopped: 0.0000745 seconds, Stopping threads took: 0.0000200 seconds
[2019-12-08T10:10:14.817+0000][1][safepoint    ] Application time: 1.0000763 seconds
[2019-12-08T10:10:14.817+0000][1][safepoint    ] Entering safepoint region: Cleanup
[2019-12-08T10:10:14.817+0000][1][safepoint    ] Leaving safepoint region
[2019-12-08T10:10:14.817+0000][1][safepoint    ] Total time for which application threads were stopped: 0.0000740 seconds, Stopping threads took: 0.0000181 seconds
[2019-12-08T10:10:15.817+0000][1][safepoint    ] Application time: 1.0000776 seconds
[2019-12-08T10:10:15.817+0000][1][safepoint    ] Entering safepoint region: Cleanup
[2019-12-08T10:10:15.818+0000][1][safepoint    ] Leaving safepoint region
[2019-12-08T10:10:15.818+0000][1][safepoint    ] Total time for which application threads were stopped: 0.0000852 seconds, Stopping threads took: 0.0000254 seconds
[2019-12-08T10:10:16.818+0000][1][safepoint    ] Application time: 1.0000817 seconds
[2019-12-08T10:10:16.818+0000][1][safepoint    ] Entering safepoint region: Cleanup
[2019-12-08T10:10:16.818+0000][1][safepoint    ] Leaving safepoint region
[2019-12-08T10:10:16.818+0000][1][safepoint    ] Total time for which application threads were stopped: 0.0000772 seconds, Stopping threads took: 0.0000212 seconds
[2019-12-08T10:10:17.818+0000][1][safepoint    ] Application time: 1.0000770 seconds
[2019-12-08T10:10:17.818+0000][1][safepoint    ] Entering safepoint region: Cleanup
[2019-12-08T10:10:17.818+0000][1][safepoint    ] Leaving safepoint region
[2019-12-08T10:10:17.818+0000][1][safepoint    ] Total time for which application threads were stopped: 0.0000728 seconds, Stopping threads took: 0.0000180 seconds
[2019-12-08T10:10:18.818+0000][1][safepoint    ] Application time: 1.0000748 seconds
[2019-12-08T10:10:18.818+0000][1][safepoint    ] Entering safepoint region: Cleanup
[2019-12-08T10:10:18.818+0000][1][safepoint    ] Leaving safepoint region
[2019-12-08T10:10:18.818+0000][1][safepoint    ] Total time for which application threads were stopped: 0.0000745 seconds, Stopping threads took: 0.0000177 seconds
[2019-12-08T10:10:19.818+0000][1][safepoint    ] Application time: 1.0000784 seconds
[2019-12-08T10:10:19.818+0000][1][safepoint    ] Entering safepoint region: Cleanup
[2019-12-08T10:10:19.818+0000][1][safepoint    ] Leaving safepoint region
[2019-12-08T10:10:19.818+0000][1][safepoint    ] Total time for which application threads were stopped: 0.0001061 seconds, Stopping threads took: 0.0000251 seconds
[2019-12-08T10:10:20.818+0000][1][safepoint    ] Application time: 1.0000776 seconds
[2019-12-08T10:10:20.818+0000][1][safepoint    ] Entering safepoint region: Cleanup
[2019-12-08T10:10:20.819+0000][1][safepoint    ] Leaving safepoint region
[2019-12-08T10:10:20.819+0000][1][safepoint    ] Total time for which application threads were stopped: 0.0000726 seconds, Stopping threads took: 0.0000178 seconds
[2019-12-08T10:10:21.819+0000][1][safepoint    ] Application time: 1.0000784 seconds
[2019-12-08T10:10:21.819+0000][1][safepoint    ] Entering safepoint region: Cleanup
[2019-12-08T10:10:21.819+0000][1][safepoint    ] Leaving safepoint region
[2019-12-08T10:10:21.819+0000][1][safepoint    ] Total time for which application threads were stopped: 0.0000838 seconds, Stopping threads took: 0.0000284 seconds
[2019-12-08T10:10:22.819+0000][1][safepoint    ] Application time: 1.0000771 seconds
[2019-12-08T10:10:22.819+0000][1][safepoint    ] Entering safepoint region: Cleanup
[2019-12-08T10:10:22.819+0000][1][safepoint    ] Leaving safepoint region
[2019-12-08T10:10:22.819+0000][1][safepoint    ] Total time for which application threads were stopped: 0.0000735 seconds, Stopping threads took: 0.0000180 seconds
[2019-12-08T10:10:23.819+0000][1][safepoint    ] Application time: 1.0000768 seconds
[2019-12-08T10:10:23.819+0000][1][safepoint    ] Entering safepoint region: Cleanup
[2019-12-08T10:10:23.819+0000][1][safepoint    ] Leaving safepoint region
[2019-12-08T10:10:23.819+0000][1][safepoint    ] Total time for which application threads were stopped: 0.0000838 seconds, Stopping threads took: 0.0000178 seconds
[2019-12-08T10:10:24.819+0000][1][safepoint    ] Application time: 1.0000876 seconds
[2019-12-08T10:10:24.819+0000][1][safepoint    ] Entering safepoint region: Cleanup
[2019-12-08T10:10:24.819+0000][1][safepoint    ] Leaving safepoint region
[2019-12-08T10:10:24.819+0000][1][safepoint    ] Total time for which application threads were stopped: 0.0000842 seconds, Stopping threads took: 0.0000191 seconds
[2019-12-08T10:10:25.819+0000][1][safepoint    ] Application time: 1.0000785 seconds
[2019-12-08T10:10:25.819+0000][1][safepoint    ] Entering safepoint region: Cleanup
[2019-12-08T10:10:25.820+0000][1][safepoint    ] Leaving safepoint region
[2019-12-08T10:10:25.820+0000][1][safepoint    ] Total time for which application threads were stopped: 0.0000858 seconds, Stopping threads took: 0.0000247 seconds
[2019-12-08T10:10:26.820+0000][1][safepoint    ] Application time: 1.0000775 seconds
[2019-12-08T10:10:26.820+0000][1][safepoint    ] Entering safepoint region: Cleanup
[2019-12-08T10:10:26.820+0000][1][safepoint    ] Leaving safepoint region
[2019-12-08T10:10:26.820+0000][1][safepoint    ] Total time for which application threads were stopped: 0.0000964 seconds, Stopping threads took: 0.0000348 seconds
[2019-12-08T10:10:27.820+0000][1][safepoint    ] Application time: 1.0000763 seconds
[2019-12-08T10:10:27.820+0000][1][safepoint    ] Entering safepoint region: Cleanup
[2019-12-08T10:10:27.820+0000][1][safepoint    ] Leaving safepoint region
[2019-12-08T10:10:27.820+0000][1][safepoint    ] Total time for which application threads were stopped: 0.0000919 seconds, Stopping threads took: 0.0000200 seconds
[2019-12-08T10:10:28.820+0000][1][safepoint    ] Application time: 1.0000968 seconds
[2019-12-08T10:10:28.820+0000][1][safepoint    ] Entering safepoint region: Cleanup
[2019-12-08T10:10:28.820+0000][1][safepoint    ] Leaving safepoint region
[2019-12-08T10:10:28.820+0000][1][safepoint    ] Total time for which application threads were stopped: 0.0000870 seconds, Stopping threads took: 0.0000269 seconds
[2019-12-08T10:10:29.820+0000][1][safepoint    ] Application time: 1.0000757 seconds
[2019-12-08T10:10:29.820+0000][1][safepoint    ] Entering safepoint region: Cleanup
[2019-12-08T10:10:29.820+0000][1][safepoint    ] Leaving safepoint region
[2019-12-08T10:10:29.820+0000][1][safepoint    ] Total time for which application threads were stopped: 0.0000750 seconds, Stopping threads took: 0.0000187 seconds
[2019-12-08T10:10:30.820+0000][1][safepoint    ] Application time: 1.0000764 seconds
[2019-12-08T10:10:30.821+0000][1][safepoint    ] Entering safepoint region: Cleanup
[2019-12-08T10:10:30.821+0000][1][safepoint    ] Leaving safepoint region
[2019-12-08T10:10:30.821+0000][1][safepoint    ] Total time for which application threads were stopped: 0.0000805 seconds, Stopping threads took: 0.0000218 seconds
[2019-12-08T10:10:31.821+0000][1][safepoint    ] Application time: 1.0000757 seconds
[2019-12-08T10:10:31.821+0000][1][safepoint    ] Entering safepoint region: Cleanup
[2019-12-08T10:10:31.821+0000][1][safepoint    ] Leaving safepoint region
[2019-12-08T10:10:31.821+0000][1][safepoint    ] Total time for which application threads were stopped: 0.0000770 seconds, Stopping threads took: 0.0000190 seconds
[2019-12-08T10:10:32.821+0000][1][safepoint    ] Application time: 1.0000785 seconds
[2019-12-08T10:10:32.821+0000][1][safepoint    ] Entering safepoint region: Cleanup
[2019-12-08T10:10:32.821+0000][1][safepoint    ] Leaving safepoint region
[2019-12-08T10:10:32.821+0000][1][safepoint    ] Total time for which application threads were stopped: 0.0000766 seconds, Stopping threads took: 0.0000189 seconds
[2019-12-08T10:10:33.821+0000][1][safepoint    ] Application time: 1.0000778 seconds
[2019-12-08T10:10:33.821+0000][1][safepoint    ] Entering safepoint region: Cleanup
[2019-12-08T10:10:33.821+0000][1][safepoint    ] Leaving safepoint region
[2019-12-08T10:10:33.821+0000][1][safepoint    ] Total time for which application threads were stopped: 0.0000889 seconds, Stopping threads took: 0.0000182 seconds
[2019-12-08T10:10:34.821+0000][1][safepoint    ] Application time: 1.0000753 seconds
[2019-12-08T10:10:34.821+0000][1][safepoint    ] Entering safepoint region: Cleanup
[2019-12-08T10:10:34.821+0000][1][safepoint    ] Leaving safepoint region
[2019-12-08T10:10:34.821+0000][1][safepoint    ] Total time for which application threads were stopped: 0.0000752 seconds, Stopping threads took: 0.0000183 seconds
[2019-12-08T10:10:35.821+0000][1][safepoint    ] Application time: 1.0000756 seconds
[2019-12-08T10:10:35.822+0000][1][safepoint    ] Entering safepoint region: Cleanup
[2019-12-08T10:10:35.822+0000][1][safepoint    ] Leaving safepoint region
[2019-12-08T10:10:35.822+0000][1][safepoint    ] Total time for which application threads were stopped: 0.0000849 seconds, Stopping threads took: 0.0000170 seconds
[2019-12-08T10:10:36.822+0000][1][safepoint    ] Application time: 1.0000780 seconds
[2019-12-08T10:10:36.822+0000][1][safepoint    ] Entering safepoint region: Cleanup
[2019-12-08T10:10:36.822+0000][1][safepoint    ] Leaving safepoint region
[2019-12-08T10:10:36.822+0000][1][safepoint    ] Total time for which application threads were stopped: 0.0000762 seconds, Stopping threads took: 0.0000185 seconds
[2019-12-08T10:10:37.822+0000][1][safepoint    ] Application time: 1.0000784 seconds
[2019-12-08T10:10:37.822+0000][1][safepoint    ] Entering safepoint region: Cleanup
[2019-12-08T10:10:37.822+0000][1][safepoint    ] Leaving safepoint region
[2019-12-08T10:10:37.822+0000][1][safepoint    ] Total time for which application threads were stopped: 0.0000784 seconds, Stopping threads took: 0.0000207 seconds
[2019-12-08T10:10:38.822+0000][1][safepoint    ] Application time: 1.0000813 seconds
[2019-12-08T10:10:38.822+0000][1][safepoint    ] Entering safepoint region: Cleanup
[2019-12-08T10:10:38.822+0000][1][safepoint    ] Leaving safepoint region
[2019-12-08T10:10:38.822+0000][1][safepoint    ] Total time for which application threads were stopped: 0.0000839 seconds, Stopping threads took: 0.0000194 seconds
[2019-12-08T10:10:39.822+0000][1][safepoint    ] Application time: 1.0000861 seconds
[2019-12-08T10:10:39.822+0000][1][safepoint    ] Entering safepoint region: Cleanup
[2019-12-08T10:10:39.822+0000][1][safepoint    ] Leaving safepoint region
[2019-12-08T10:10:39.822+0000][1][safepoint    ] Total time for which application threads were stopped: 0.0000973 seconds, Stopping threads took: 0.0000199 seconds
[2019-12-08T10:10:40.822+0000][1][safepoint    ] Application time: 1.0000763 seconds
[2019-12-08T10:10:40.823+0000][1][safepoint    ] Entering safepoint region: Cleanup
[2019-12-08T10:10:40.823+0000][1][safepoint    ] Leaving safepoint region
[2019-12-08T10:10:40.823+0000][1][safepoint    ] Total time for which application threads were stopped: 0.0000737 seconds, Stopping threads took: 0.0000162 seconds
[2019-12-08T10:10:41.823+0000][1][safepoint    ] Application time: 1.0000749 seconds
[2019-12-08T10:10:41.823+0000][1][safepoint    ] Entering safepoint region: Cleanup
[2019-12-08T10:10:41.823+0000][1][safepoint    ] Leaving safepoint region
[2019-12-08T10:10:41.823+0000][1][safepoint    ] Total time for which application threads were stopped: 0.0000751 seconds, Stopping threads took: 0.0000191 seconds
[2019-12-08T10:10:42.823+0000][1][safepoint    ] Application time: 1.0000780 seconds
[2019-12-08T10:10:42.823+0000][1][safepoint    ] Entering safepoint region: Cleanup
[2019-12-08T10:10:42.823+0000][1][safepoint    ] Leaving safepoint region
[2019-12-08T10:10:42.823+0000][1][safepoint    ] Total time for which application threads were stopped: 0.0000837 seconds, Stopping threads took: 0.0000200 seconds
[2019-12-08T10:10:43.823+0000][1][safepoint    ] Application time: 1.0000768 seconds
[2019-12-08T10:10:43.823+0000][1][safepoint    ] Entering safepoint region: Cleanup
[2019-12-08T10:10:43.823+0000][1][safepoint    ] Leaving safepoint region
[2019-12-08T10:10:43.823+0000][1][safepoint    ] Total time for which application threads were stopped: 0.0000750 seconds, Stopping threads took: 0.0000179 seconds
[2019-12-08T10:10:44.823+0000][1][safepoint    ] Application time: 1.0000815 seconds
[2019-12-08T10:10:44.823+0000][1][safepoint    ] Entering safepoint region: Cleanup
[2019-12-08T10:10:44.823+0000][1][safepoint    ] Leaving safepoint region
[2019-12-08T10:10:44.823+0000][1][safepoint    ] Total time for which application threads were stopped: 0.0001003 seconds, Stopping threads took: 0.0000260 seconds
[2019-12-08T10:10:45.823+0000][1][safepoint    ] Application time: 1.0000800 seconds
[2019-12-08T10:10:45.824+0000][1][safepoint    ] Entering safepoint region: Cleanup
[2019-12-08T10:10:45.824+0000][1][safepoint    ] Leaving safepoint region
[2019-12-08T10:10:45.824+0000][1][safepoint    ] Total time for which application threads were stopped: 0.0000885 seconds, Stopping threads took: 0.0000198 seconds
[2019-12-08T10:10:46.824+0000][1][safepoint    ] Application time: 1.0000797 seconds
[2019-12-08T10:10:46.824+0000][1][safepoint    ] Entering safepoint region: Cleanup
[2019-12-08T10:10:46.824+0000][1][safepoint    ] Leaving safepoint region
[2019-12-08T10:10:46.824+0000][1][safepoint    ] Total time for which application threads were stopped: 0.0000775 seconds, Stopping threads took: 0.0000188 seconds
[2019-12-08T10:10:47.824+0000][1][safepoint    ] Application time: 1.0000799 seconds
[2019-12-08T10:10:47.824+0000][1][safepoint    ] Entering safepoint region: Cleanup
[2019-12-08T10:10:47.824+0000][1][safepoint    ] Leaving safepoint region
[2019-12-08T10:10:47.824+0000][1][safepoint    ] Total time for which application threads were stopped: 0.0000802 seconds, Stopping threads took: 0.0000201 seconds
[2019-12-08T10:10:48.824+0000][1][safepoint    ] Application time: 1.0000782 seconds
[2019-12-08T10:10:48.824+0000][1][safepoint    ] Entering safepoint region: Cleanup
[2019-12-08T10:10:48.824+0000][1][safepoint    ] Leaving safepoint region
[2019-12-08T10:10:48.824+0000][1][safepoint    ] Total time for which application threads were stopped: 0.0000753 seconds, Stopping threads took: 0.0000187 seconds
[2019-12-08T10:10:49.824+0000][1][safepoint    ] Application time: 1.0000749 seconds
[2019-12-08T10:10:49.824+0000][1][safepoint    ] Entering safepoint region: Cleanup
[2019-12-08T10:10:49.824+0000][1][safepoint    ] Leaving safepoint region
[2019-12-08T10:10:49.824+0000][1][safepoint    ] Total time for which application threads were stopped: 0.0000749 seconds, Stopping threads took: 0.0000184 seconds
[2019-12-08T10:10:50.824+0000][1][safepoint    ] Application time: 1.0000765 seconds
[2019-12-08T10:10:50.824+0000][1][safepoint    ] Entering safepoint region: Cleanup
[2019-12-08T10:10:50.825+0000][1][safepoint    ] Leaving safepoint region
[2019-12-08T10:10:50.825+0000][1][safepoint    ] Total time for which application threads were stopped: 0.0000757 seconds, Stopping threads took: 0.0000185 seconds
[2019-12-08T10:10:51.825+0000][1][safepoint    ] Application time: 1.0000766 seconds
[2019-12-08T10:10:51.825+0000][1][safepoint    ] Entering safepoint region: Cleanup
[2019-12-08T10:10:51.825+0000][1][safepoint    ] Leaving safepoint region
[2019-12-08T10:10:51.825+0000][1][safepoint    ] Total time for which application threads were stopped: 0.0000936 seconds, Stopping threads took: 0.0000342 seconds
[2019-12-08T10:10:52.825+0000][1][safepoint    ] Application time: 1.0000775 seconds
[2019-12-08T10:10:52.825+0000][1][safepoint    ] Entering safepoint region: Cleanup
[2019-12-08T10:10:52.825+0000][1][safepoint    ] Leaving safepoint region
[2019-12-08T10:10:52.825+0000][1][safepoint    ] Total time for which application threads were stopped: 0.0000731 seconds, Stopping threads took: 0.0000179 seconds
[2019-12-08T10:10:53.825+0000][1][safepoint    ] Application time: 1.0000759 seconds
[2019-12-08T10:10:53.825+0000][1][safepoint    ] Entering safepoint region: Cleanup
[2019-12-08T10:10:53.825+0000][1][safepoint    ] Leaving safepoint region
[2019-12-08T10:10:53.825+0000][1][safepoint    ] Total time for which application threads were stopped: 0.0000751 seconds, Stopping threads took: 0.0000176 seconds
[2019-12-08T10:10:54.825+0000][1][safepoint    ] Application time: 1.0000784 seconds
[2019-12-08T10:10:54.825+0000][1][safepoint    ] Entering safepoint region: Cleanup
[2019-12-08T10:10:54.825+0000][1][safepoint    ] Leaving safepoint region
[2019-12-08T10:10:54.825+0000][1][safepoint    ] Total time for which application threads were stopped: 0.0000759 seconds, Stopping threads took: 0.0000186 seconds
[2019-12-08T10:10:55.825+0000][1][safepoint    ] Application time: 1.0000792 seconds
[2019-12-08T10:10:55.825+0000][1][safepoint    ] Entering safepoint region: Cleanup
[2019-12-08T10:10:55.826+0000][1][safepoint    ] Leaving safepoint region
[2019-12-08T10:10:55.826+0000][1][safepoint    ] Total time for which application threads were stopped: 0.0000793 seconds, Stopping threads took: 0.0000201 seconds
[2019-12-08T10:10:56.826+0000][1][safepoint    ] Application time: 1.0000773 seconds
[2019-12-08T10:10:56.826+0000][1][safepoint    ] Entering safepoint region: Cleanup
[2019-12-08T10:10:56.826+0000][1][safepoint    ] Leaving safepoint region
[2019-12-08T10:10:56.826+0000][1][safepoint    ] Total time for which application threads were stopped: 0.0000913 seconds, Stopping threads took: 0.0000187 seconds
[2019-12-08T10:10:57.826+0000][1][safepoint    ] Application time: 1.0000772 seconds
[2019-12-08T10:10:57.826+0000][1][safepoint    ] Entering safepoint region: Cleanup
[2019-12-08T10:10:57.826+0000][1][safepoint    ] Leaving safepoint region
[2019-12-08T10:10:57.826+0000][1][safepoint    ] Total time for which application threads were stopped: 0.0000774 seconds, Stopping threads took: 0.0000196 seconds
[2019-12-08T10:10:58.826+0000][1][safepoint    ] Application time: 1.0000769 seconds
[2019-12-08T10:10:58.826+0000][1][safepoint    ] Entering safepoint region: Cleanup
[2019-12-08T10:10:58.826+0000][1][safepoint    ] Leaving safepoint region
[2019-12-08T10:10:58.826+0000][1][safepoint    ] Total time for which application threads were stopped: 0.0000734 seconds, Stopping threads took: 0.0000183 seconds
[2019-12-08T10:10:59.826+0000][1][safepoint    ] Application time: 1.0000769 seconds
[2019-12-08T10:10:59.826+0000][1][safepoint    ] Entering safepoint region: Cleanup
[2019-12-08T10:10:59.826+0000][1][safepoint    ] Leaving safepoint region
[2019-12-08T10:10:59.826+0000][1][safepoint    ] Total time for which application threads were stopped: 0.0000759 seconds, Stopping threads took: 0.0000198 seconds
[2019-12-08T10:11:00.826+0000][1][safepoint    ] Application time: 1.0000862 seconds
[2019-12-08T10:11:00.826+0000][1][safepoint    ] Entering safepoint region: Cleanup
[2019-12-08T10:11:00.827+0000][1][safepoint    ] Leaving safepoint region
[2019-12-08T10:11:00.827+0000][1][safepoint    ] Total time for which application threads were stopped: 0.0000787 seconds, Stopping threads took: 0.0000198 seconds
[2019-12-08T10:11:01.827+0000][1][safepoint    ] Application time: 1.0000834 seconds
[2019-12-08T10:11:01.827+0000][1][safepoint    ] Entering safepoint region: Cleanup
[2019-12-08T10:11:01.827+0000][1][safepoint    ] Leaving safepoint region
[2019-12-08T10:11:01.827+0000][1][safepoint    ] Total time for which application threads were stopped: 0.0000964 seconds, Stopping threads took: 0.0000209 seconds
[2019-12-08T10:11:02.827+0000][1][safepoint    ] Application time: 1.0000788 seconds
[2019-12-08T10:11:02.827+0000][1][safepoint    ] Entering safepoint region: Cleanup
[2019-12-08T10:11:02.827+0000][1][safepoint    ] Leaving safepoint region
[2019-12-08T10:11:02.827+0000][1][safepoint    ] Total time for which application threads were stopped: 0.0000750 seconds, Stopping threads took: 0.0000162 seconds
[2019-12-08T10:11:03.827+0000][1][safepoint    ] Application time: 1.0000786 seconds
[2019-12-08T10:11:03.827+0000][1][safepoint    ] Entering safepoint region: Cleanup
[2019-12-08T10:11:03.827+0000][1][safepoint    ] Leaving safepoint region
[2019-12-08T10:11:03.827+0000][1][safepoint    ] Total time for which application threads were stopped: 0.0000799 seconds, Stopping threads took: 0.0000200 seconds
[2019-12-08T10:11:04.827+0000][1][safepoint    ] Application time: 1.0000783 seconds
[2019-12-08T10:11:04.827+0000][1][safepoint    ] Entering safepoint region: Cleanup
[2019-12-08T10:11:04.827+0000][1][safepoint    ] Leaving safepoint region
[2019-12-08T10:11:04.827+0000][1][safepoint    ] Total time for which application threads were stopped: 0.0000848 seconds, Stopping threads took: 0.0000200 seconds
[2019-12-08T10:11:05.827+0000][1][safepoint    ] Application time: 1.0000763 seconds
[2019-12-08T10:11:05.827+0000][1][safepoint    ] Entering safepoint region: Cleanup
[2019-12-08T10:11:05.828+0000][1][safepoint    ] Leaving safepoint region
[2019-12-08T10:11:05.828+0000][1][safepoint    ] Total time for which application threads were stopped: 0.0000760 seconds, Stopping threads took: 0.0000193 seconds
[2019-12-08T10:11:06.828+0000][1][safepoint    ] Application time: 1.0000771 seconds
[2019-12-08T10:11:06.828+0000][1][safepoint    ] Entering safepoint region: Cleanup
[2019-12-08T10:11:06.828+0000][1][safepoint    ] Leaving safepoint region
[2019-12-08T10:11:06.828+0000][1][safepoint    ] Total time for which application threads were stopped: 0.0000892 seconds, Stopping threads took: 0.0000293 seconds
[2019-12-08T10:11:07.828+0000][1][safepoint    ] Application time: 1.0000801 seconds
[2019-12-08T10:11:07.828+0000][1][safepoint    ] Entering safepoint region: Cleanup
[2019-12-08T10:11:07.828+0000][1][safepoint    ] Leaving safepoint region
[2019-12-08T10:11:07.828+0000][1][safepoint    ] Total time for which application threads were stopped: 0.0000801 seconds, Stopping threads took: 0.0000208 seconds
[2019-12-08T10:11:08.828+0000][1][safepoint    ] Application time: 1.0000809 seconds
[2019-12-08T10:11:08.828+0000][1][safepoint    ] Entering safepoint region: Cleanup
[2019-12-08T10:11:08.828+0000][1][safepoint    ] Leaving safepoint region
[2019-12-08T10:11:08.828+0000][1][safepoint    ] Total time for which application threads were stopped: 0.0000806 seconds, Stopping threads took: 0.0000219 seconds
[2019-12-08T10:11:09.828+0000][1][safepoint    ] Application time: 1.0000902 seconds
[2019-12-08T10:11:09.828+0000][1][safepoint    ] Entering safepoint region: Cleanup
[2019-12-08T10:11:09.828+0000][1][safepoint    ] Leaving safepoint region
[2019-12-08T10:11:09.828+0000][1][safepoint    ] Total time for which application threads were stopped: 0.0000816 seconds, Stopping threads took: 0.0000204 seconds
[2019-12-08T10:11:09.857+0000][1][safepoint    ] Application time: 0.0281087 seconds
[2019-12-08T10:11:09.857+0000][1][safepoint    ] Entering safepoint region: GenCollectForAllocation
[2019-12-08T10:11:09.857+0000][1][gc,start     ] GC(36) Pause Young (Allocation Failure)
[2019-12-08T10:11:09.857+0000][1][gc,task      ] GC(36) Using 4 workers of 4 for evacuation
[2019-12-08T10:11:09.858+0000][1][gc,age       ] GC(36) Desired survivor size 4456448 bytes, new threshold 6 (max threshold 6)
[2019-12-08T10:11:09.858+0000][1][gc,age       ] GC(36) Age table with threshold 6 (max threshold 6)
[2019-12-08T10:11:09.858+0000][1][gc,age       ] GC(36) - age   1:      75432 bytes,      75432 total
[2019-12-08T10:11:09.858+0000][1][gc,age       ] GC(36) - age   2:       5592 bytes,      81024 total
[2019-12-08T10:11:09.858+0000][1][gc,age       ] GC(36) - age   3:        368 bytes,      81392 total
[2019-12-08T10:11:09.858+0000][1][gc,age       ] GC(36) - age   4:       2144 bytes,      83536 total
[2019-12-08T10:11:09.858+0000][1][gc,age       ] GC(36) - age   5:       1160 bytes,      84696 total
[2019-12-08T10:11:09.858+0000][1][gc,age       ] GC(36) - age   6:        472 bytes,      85168 total
[2019-12-08T10:11:09.858+0000][1][gc,heap      ] GC(36) ParNew: 69974K->94K(78656K)
[2019-12-08T10:11:09.858+0000][1][gc,heap      ] GC(36) CMS: 70397K->70399K(174784K)
[2019-12-08T10:11:09.858+0000][1][gc,metaspace ] GC(36) Metaspace: 72516K->72516K(1116160K)
[2019-12-08T10:11:09.858+0000][1][gc           ] GC(36) Pause Young (Allocation Failure) 137M->68M(247M) 1.144ms
[2019-12-08T10:11:09.858+0000][1][gc,cpu       ] GC(36) User=0.00s Sys=0.00s Real=0.00s
[2019-12-08T10:11:09.858+0000][1][safepoint    ] Leaving safepoint region
[2019-12-08T10:11:09.858+0000][1][safepoint    ] Total time for which application threads were stopped: 0.0012964 seconds, Stopping threads took: 0.0000178 seconds
[2019-12-08T10:11:10.858+0000][1][safepoint    ] Application time: 1.0000900 seconds
[2019-12-08T10:11:10.858+0000][1][safepoint    ] Entering safepoint region: Cleanup
[2019-12-08T10:11:10.858+0000][1][safepoint    ] Leaving safepoint region
[2019-12-08T10:11:10.858+0000][1][safepoint    ] Total time for which application threads were stopped: 0.0000701 seconds, Stopping threads took: 0.0000161 seconds
[2019-12-08T10:11:11.858+0000][1][safepoint    ] Application time: 1.0000893 seconds
[2019-12-08T10:11:11.858+0000][1][safepoint    ] Entering safepoint region: Cleanup
[2019-12-08T10:11:11.858+0000][1][safepoint    ] Leaving safepoint region
[2019-12-08T10:11:11.858+0000][1][safepoint    ] Total time for which application threads were stopped: 0.0000773 seconds, Stopping threads took: 0.0000180 seconds
[2019-12-08T10:11:12.858+0000][1][safepoint    ] Application time: 1.0000810 seconds
[2019-12-08T10:11:12.858+0000][1][safepoint    ] Entering safepoint region: Cleanup
[2019-12-08T10:11:12.858+0000][1][safepoint    ] Leaving safepoint region
[2019-12-08T10:11:12.858+0000][1][safepoint    ] Total time for which application threads were stopped: 0.0000751 seconds, Stopping threads took: 0.0000179 seconds
[2019-12-08T10:11:13.859+0000][1][safepoint    ] Application time: 1.0000854 seconds
[2019-12-08T10:11:13.859+0000][1][safepoint    ] Entering safepoint region: Cleanup
[2019-12-08T10:11:13.859+0000][1][safepoint    ] Leaving safepoint region
[2019-12-08T10:11:13.859+0000][1][safepoint    ] Total time for which application threads were stopped: 0.0000786 seconds, Stopping threads took: 0.0000192 seconds
[2019-12-08T10:11:14.859+0000][1][safepoint    ] Application time: 1.0000429 seconds
[2019-12-08T10:11:14.859+0000][1][safepoint    ] Entering safepoint region: Cleanup
[2019-12-08T10:11:14.859+0000][1][safepoint    ] Leaving safepoint region
[2019-12-08T10:11:14.859+0000][1][safepoint    ] Total time for which application threads were stopped: 0.0000816 seconds, Stopping threads took: 0.0000172 seconds
[2019-12-08T10:11:15.859+0000][1][safepoint    ] Application time: 1.0000760 seconds
[2019-12-08T10:11:15.859+0000][1][safepoint    ] Entering safepoint region: Cleanup
[2019-12-08T10:11:15.859+0000][1][safepoint    ] Leaving safepoint region
[2019-12-08T10:11:15.859+0000][1][safepoint    ] Total time for which application threads were stopped: 0.0000777 seconds, Stopping threads took: 0.0000217 seconds
[2019-12-08T10:11:16.859+0000][1][safepoint    ] Application time: 1.0000749 seconds
[2019-12-08T10:11:16.859+0000][1][safepoint    ] Entering safepoint region: Cleanup
[2019-12-08T10:11:16.859+0000][1][safepoint    ] Leaving safepoint region
[2019-12-08T10:11:16.859+0000][1][safepoint    ] Total time for which application threads were stopped: 0.0000794 seconds, Stopping threads took: 0.0000233 seconds
[2019-12-08T10:11:17.859+0000][1][safepoint    ] Application time: 1.0000787 seconds
[2019-12-08T10:11:17.859+0000][1][safepoint    ] Entering safepoint region: Cleanup
[2019-12-08T10:11:17.859+0000][1][safepoint    ] Leaving safepoint region
[2019-12-08T10:11:17.859+0000][1][safepoint    ] Total time for which application threads were stopped: 0.0000765 seconds, Stopping threads took: 0.0000196 seconds
[2019-12-08T10:11:18.860+0000][1][safepoint    ] Application time: 1.0000772 seconds
[2019-12-08T10:11:18.860+0000][1][safepoint    ] Entering safepoint region: Cleanup
[2019-12-08T10:11:18.860+0000][1][safepoint    ] Leaving safepoint region
[2019-12-08T10:11:18.860+0000][1][safepoint    ] Total time for which application threads were stopped: 0.0000751 seconds, Stopping threads took: 0.0000169 seconds
[2019-12-08T10:11:19.860+0000][1][safepoint    ] Application time: 1.0000826 seconds
[2019-12-08T10:11:19.860+0000][1][safepoint    ] Entering safepoint region: Cleanup
[2019-12-08T10:11:19.860+0000][1][safepoint    ] Leaving safepoint region
[2019-12-08T10:11:19.860+0000][1][safepoint    ] Total time for which application threads were stopped: 0.0000785 seconds, Stopping threads took: 0.0000173 seconds
[2019-12-08T10:11:20.860+0000][1][safepoint    ] Application time: 1.0000776 seconds
[2019-12-08T10:11:20.860+0000][1][safepoint    ] Entering safepoint region: Cleanup
[2019-12-08T10:11:20.860+0000][1][safepoint    ] Leaving safepoint region
[2019-12-08T10:11:20.860+0000][1][safepoint    ] Total time for which application threads were stopped: 0.0001052 seconds, Stopping threads took: 0.0000286 seconds
[2019-12-08T10:11:21.860+0000][1][safepoint    ] Application time: 1.0000771 seconds
[2019-12-08T10:11:21.860+0000][1][safepoint    ] Entering safepoint region: Cleanup
[2019-12-08T10:11:21.860+0000][1][safepoint    ] Leaving safepoint region
[2019-12-08T10:11:21.860+0000][1][safepoint    ] Total time for which application threads were stopped: 0.0000789 seconds, Stopping threads took: 0.0000200 seconds
[2019-12-08T10:11:22.860+0000][1][safepoint    ] Application time: 1.0000845 seconds
[2019-12-08T10:11:22.860+0000][1][safepoint    ] Entering safepoint region: Cleanup
[2019-12-08T10:11:22.860+0000][1][safepoint    ] Leaving safepoint region
[2019-12-08T10:11:22.860+0000][1][safepoint    ] Total time for which application threads were stopped: 0.0000785 seconds, Stopping threads took: 0.0000196 seconds
[2019-12-08T10:11:23.861+0000][1][safepoint    ] Application time: 1.0000770 seconds
[2019-12-08T10:11:23.861+0000][1][safepoint    ] Entering safepoint region: Cleanup
[2019-12-08T10:11:23.861+0000][1][safepoint    ] Leaving safepoint region
[2019-12-08T10:11:23.861+0000][1][safepoint    ] Total time for which application threads were stopped: 0.0000770 seconds, Stopping threads took: 0.0000175 seconds
[2019-12-08T10:11:24.861+0000][1][safepoint    ] Application time: 1.0000770 seconds
[2019-12-08T10:11:24.861+0000][1][safepoint    ] Entering safepoint region: Cleanup
[2019-12-08T10:11:24.861+0000][1][safepoint    ] Leaving safepoint region
[2019-12-08T10:11:24.861+0000][1][safepoint    ] Total time for which application threads were stopped: 0.0000761 seconds, Stopping threads took: 0.0000169 seconds
[2019-12-08T10:11:25.861+0000][1][safepoint    ] Application time: 1.0000811 seconds
[2019-12-08T10:11:25.861+0000][1][safepoint    ] Entering safepoint region: Cleanup
[2019-12-08T10:11:25.861+0000][1][safepoint    ] Leaving safepoint region
[2019-12-08T10:11:25.861+0000][1][safepoint    ] Total time for which application threads were stopped: 0.0000766 seconds, Stopping threads took: 0.0000185 seconds
[2019-12-08T10:11:26.861+0000][1][safepoint    ] Application time: 1.0000822 seconds
[2019-12-08T10:11:26.861+0000][1][safepoint    ] Entering safepoint region: Cleanup
[2019-12-08T10:11:26.861+0000][1][safepoint    ] Leaving safepoint region
[2019-12-08T10:11:26.861+0000][1][safepoint    ] Total time for which application threads were stopped: 0.0000779 seconds, Stopping threads took: 0.0000196 seconds
[2019-12-08T10:11:27.861+0000][1][safepoint    ] Application time: 1.0000738 seconds
[2019-12-08T10:11:27.861+0000][1][safepoint    ] Entering safepoint region: Cleanup
[2019-12-08T10:11:27.861+0000][1][safepoint    ] Leaving safepoint region
[2019-12-08T10:11:27.861+0000][1][safepoint    ] Total time for which application threads were stopped: 0.0000747 seconds, Stopping threads took: 0.0000185 seconds
[2019-12-08T10:11:28.862+0000][1][safepoint    ] Application time: 1.0000820 seconds
[2019-12-08T10:11:28.862+0000][1][safepoint    ] Entering safepoint region: Cleanup
[2019-12-08T10:11:28.862+0000][1][safepoint    ] Leaving safepoint region
[2019-12-08T10:11:28.862+0000][1][safepoint    ] Total time for which application threads were stopped: 0.0000818 seconds, Stopping threads took: 0.0000198 seconds
[2019-12-08T10:11:29.862+0000][1][safepoint    ] Application time: 1.0000456 seconds
[2019-12-08T10:11:29.862+0000][1][safepoint    ] Entering safepoint region: Cleanup
[2019-12-08T10:11:29.862+0000][1][safepoint    ] Leaving safepoint region
[2019-12-08T10:11:29.862+0000][1][safepoint    ] Total time for which application threads were stopped: 0.0000731 seconds, Stopping threads took: 0.0000181 seconds
[2019-12-08T10:11:30.862+0000][1][safepoint    ] Application time: 1.0000786 seconds
[2019-12-08T10:11:30.862+0000][1][safepoint    ] Entering safepoint region: Cleanup
[2019-12-08T10:11:30.862+0000][1][safepoint    ] Leaving safepoint region
[2019-12-08T10:11:30.862+0000][1][safepoint    ] Total time for which application threads were stopped: 0.0000761 seconds, Stopping threads took: 0.0000202 seconds
[2019-12-08T10:11:31.862+0000][1][safepoint    ] Application time: 1.0000776 seconds
[2019-12-08T10:11:31.862+0000][1][safepoint    ] Entering safepoint region: Cleanup
[2019-12-08T10:11:31.862+0000][1][safepoint    ] Leaving safepoint region
[2019-12-08T10:11:31.862+0000][1][safepoint    ] Total time for which application threads were stopped: 0.0000747 seconds, Stopping threads took: 0.0000181 seconds
[2019-12-08T10:11:32.862+0000][1][safepoint    ] Application time: 1.0000780 seconds
[2019-12-08T10:11:32.862+0000][1][safepoint    ] Entering safepoint region: Cleanup
[2019-12-08T10:11:32.862+0000][1][safepoint    ] Leaving safepoint region
[2019-12-08T10:11:32.862+0000][1][safepoint    ] Total time for which application threads were stopped: 0.0000757 seconds, Stopping threads took: 0.0000185 seconds
[2019-12-08T10:11:33.862+0000][1][safepoint    ] Application time: 1.0000771 seconds
[2019-12-08T10:11:33.863+0000][1][safepoint    ] Entering safepoint region: Cleanup
[2019-12-08T10:11:33.863+0000][1][safepoint    ] Leaving safepoint region
[2019-12-08T10:11:33.863+0000][1][safepoint    ] Total time for which application threads were stopped: 0.0000813 seconds, Stopping threads took: 0.0000205 seconds
[2019-12-08T10:11:34.863+0000][1][safepoint    ] Application time: 1.0000825 seconds
[2019-12-08T10:11:34.863+0000][1][safepoint    ] Entering safepoint region: Cleanup
[2019-12-08T10:11:34.863+0000][1][safepoint    ] Leaving safepoint region
[2019-12-08T10:11:34.863+0000][1][safepoint    ] Total time for which application threads were stopped: 0.0000737 seconds, Stopping threads took: 0.0000172 seconds
[2019-12-08T10:11:35.863+0000][1][safepoint    ] Application time: 1.0000766 seconds
[2019-12-08T10:11:35.863+0000][1][safepoint    ] Entering safepoint region: Cleanup
[2019-12-08T10:11:35.863+0000][1][safepoint    ] Leaving safepoint region
[2019-12-08T10:11:35.863+0000][1][safepoint    ] Total time for which application threads were stopped: 0.0000756 seconds, Stopping threads took: 0.0000181 seconds
[2019-12-08T10:11:36.863+0000][1][safepoint    ] Application time: 1.0000766 seconds
[2019-12-08T10:11:36.863+0000][1][safepoint    ] Entering safepoint region: Cleanup
[2019-12-08T10:11:36.863+0000][1][safepoint    ] Leaving safepoint region
[2019-12-08T10:11:36.863+0000][1][safepoint    ] Total time for which application threads were stopped: 0.0000716 seconds, Stopping threads took: 0.0000166 seconds
[2019-12-08T10:11:37.863+0000][1][safepoint    ] Application time: 1.0000760 seconds
[2019-12-08T10:11:37.863+0000][1][safepoint    ] Entering safepoint region: Cleanup
[2019-12-08T10:11:37.863+0000][1][safepoint    ] Leaving safepoint region
[2019-12-08T10:11:37.863+0000][1][safepoint    ] Total time for which application threads were stopped: 0.0000765 seconds, Stopping threads took: 0.0000202 seconds
[2019-12-08T10:11:38.863+0000][1][safepoint    ] Application time: 1.0000915 seconds
[2019-12-08T10:11:38.864+0000][1][safepoint    ] Entering safepoint region: Cleanup
[2019-12-08T10:11:38.864+0000][1][safepoint    ] Leaving safepoint region
[2019-12-08T10:11:38.864+0000][1][safepoint    ] Total time for which application threads were stopped: 0.0000778 seconds, Stopping threads took: 0.0000193 seconds
[2019-12-08T10:11:40.849+0000][1][safepoint    ] Application time: 1.9853383 seconds
[2019-12-08T10:11:40.849+0000][1][safepoint    ] Entering safepoint region: Cleanup
[2019-12-08T10:11:40.849+0000][1][safepoint    ] Leaving safepoint region
[2019-12-08T10:11:40.849+0000][1][safepoint    ] Total time for which application threads were stopped: 0.0000918 seconds, Stopping threads took: 0.0000212 seconds
[2019-12-08T10:11:41.849+0000][1][safepoint    ] Application time: 1.0000774 seconds
[2019-12-08T10:11:41.849+0000][1][safepoint    ] Entering safepoint region: Cleanup
[2019-12-08T10:11:41.849+0000][1][safepoint    ] Leaving safepoint region
[2019-12-08T10:11:41.849+0000][1][safepoint    ] Total time for which application threads were stopped: 0.0000750 seconds, Stopping threads took: 0.0000191 seconds
[2019-12-08T10:11:42.849+0000][1][safepoint    ] Application time: 1.0000758 seconds
[2019-12-08T10:11:42.849+0000][1][safepoint    ] Entering safepoint region: Cleanup
[2019-12-08T10:11:42.849+0000][1][safepoint    ] Leaving safepoint region
[2019-12-08T10:11:42.849+0000][1][safepoint    ] Total time for which application threads were stopped: 0.0000825 seconds, Stopping threads took: 0.0000257 seconds
[2019-12-08T10:11:43.850+0000][1][safepoint    ] Application time: 1.0000774 seconds
[2019-12-08T10:11:43.850+0000][1][safepoint    ] Entering safepoint region: Cleanup
[2019-12-08T10:11:43.850+0000][1][safepoint    ] Leaving safepoint region
[2019-12-08T10:11:43.850+0000][1][safepoint    ] Total time for which application threads were stopped: 0.0000752 seconds, Stopping threads took: 0.0000180 seconds
[2019-12-08T10:11:44.850+0000][1][safepoint    ] Application time: 1.0000771 seconds
[2019-12-08T10:11:44.850+0000][1][safepoint    ] Entering safepoint region: Cleanup
[2019-12-08T10:11:44.850+0000][1][safepoint    ] Leaving safepoint region
[2019-12-08T10:11:44.850+0000][1][safepoint    ] Total time for which application threads were stopped: 0.0001137 seconds, Stopping threads took: 0.0000465 seconds
[2019-12-08T10:11:45.850+0000][1][safepoint    ] Application time: 1.0000941 seconds
[2019-12-08T10:11:45.850+0000][1][safepoint    ] Entering safepoint region: Cleanup
[2019-12-08T10:11:45.850+0000][1][safepoint    ] Leaving safepoint region
[2019-12-08T10:11:45.850+0000][1][safepoint    ] Total time for which application threads were stopped: 0.0000793 seconds, Stopping threads took: 0.0000209 seconds
[2019-12-08T10:11:46.850+0000][1][safepoint    ] Application time: 1.0000784 seconds
[2019-12-08T10:11:46.850+0000][1][safepoint    ] Entering safepoint region: Cleanup
[2019-12-08T10:11:46.850+0000][1][safepoint    ] Leaving safepoint region
[2019-12-08T10:11:46.850+0000][1][safepoint    ] Total time for which application threads were stopped: 0.0000793 seconds, Stopping threads took: 0.0000197 seconds
[2019-12-08T10:11:47.850+0000][1][safepoint    ] Application time: 1.0000770 seconds
[2019-12-08T10:11:47.850+0000][1][safepoint    ] Entering safepoint region: Cleanup
[2019-12-08T10:11:47.851+0000][1][safepoint    ] Leaving safepoint region
[2019-12-08T10:11:47.851+0000][1][safepoint    ] Total time for which application threads were stopped: 0.0000776 seconds, Stopping threads took: 0.0000176 seconds
[2019-12-08T10:11:48.851+0000][1][safepoint    ] Application time: 1.0000775 seconds
[2019-12-08T10:11:48.851+0000][1][safepoint    ] Entering safepoint region: Cleanup
[2019-12-08T10:11:48.851+0000][1][safepoint    ] Leaving safepoint region
[2019-12-08T10:11:48.851+0000][1][safepoint    ] Total time for which application threads were stopped: 0.0000912 seconds, Stopping threads took: 0.0000202 seconds
[2019-12-08T10:11:49.851+0000][1][safepoint    ] Application time: 1.0000804 seconds
[2019-12-08T10:11:49.851+0000][1][safepoint    ] Entering safepoint region: Cleanup
[2019-12-08T10:11:49.851+0000][1][safepoint    ] Leaving safepoint region
[2019-12-08T10:11:49.851+0000][1][safepoint    ] Total time for which application threads were stopped: 0.0001453 seconds, Stopping threads took: 0.0000794 seconds
[2019-12-08T10:11:50.851+0000][1][safepoint    ] Application time: 1.0000834 seconds
[2019-12-08T10:11:50.851+0000][1][safepoint    ] Entering safepoint region: Cleanup
[2019-12-08T10:11:50.851+0000][1][safepoint    ] Leaving safepoint region
[2019-12-08T10:11:50.851+0000][1][safepoint    ] Total time for which application threads were stopped: 0.0000903 seconds, Stopping threads took: 0.0000188 seconds
[2019-12-08T10:11:51.851+0000][1][safepoint    ] Application time: 1.0000803 seconds
[2019-12-08T10:11:51.851+0000][1][safepoint    ] Entering safepoint region: Cleanup
[2019-12-08T10:11:51.851+0000][1][safepoint    ] Leaving safepoint region
[2019-12-08T10:11:51.851+0000][1][safepoint    ] Total time for which application threads were stopped: 0.0000771 seconds, Stopping threads took: 0.0000192 seconds
[2019-12-08T10:11:52.851+0000][1][safepoint    ] Application time: 1.0000780 seconds
[2019-12-08T10:11:52.852+0000][1][safepoint    ] Entering safepoint region: Cleanup
[2019-12-08T10:11:52.852+0000][1][safepoint    ] Leaving safepoint region
[2019-12-08T10:11:52.852+0000][1][safepoint    ] Total time for which application threads were stopped: 0.0000832 seconds, Stopping threads took: 0.0000254 seconds
[2019-12-08T10:11:53.852+0000][1][safepoint    ] Application time: 1.0000950 seconds
[2019-12-08T10:11:53.852+0000][1][safepoint    ] Entering safepoint region: Cleanup
[2019-12-08T10:11:53.852+0000][1][safepoint    ] Leaving safepoint region
[2019-12-08T10:11:53.852+0000][1][safepoint    ] Total time for which application threads were stopped: 0.0000776 seconds, Stopping threads took: 0.0000203 seconds
[2019-12-08T10:11:54.852+0000][1][safepoint    ] Application time: 1.0000741 seconds
[2019-12-08T10:11:54.852+0000][1][safepoint    ] Entering safepoint region: Cleanup
[2019-12-08T10:11:54.852+0000][1][safepoint    ] Leaving safepoint region
[2019-12-08T10:11:54.852+0000][1][safepoint    ] Total time for which application threads were stopped: 0.0000777 seconds, Stopping threads took: 0.0000192 seconds
[2019-12-08T10:11:55.852+0000][1][safepoint    ] Application time: 1.0000782 seconds
[2019-12-08T10:11:55.852+0000][1][safepoint    ] Entering safepoint region: Cleanup
[2019-12-08T10:11:55.852+0000][1][safepoint    ] Leaving safepoint region
[2019-12-08T10:11:55.852+0000][1][safepoint    ] Total time for which application threads were stopped: 0.0000781 seconds, Stopping threads took: 0.0000183 seconds
[2019-12-08T10:11:56.852+0000][1][safepoint    ] Application time: 1.0000752 seconds
[2019-12-08T10:11:56.852+0000][1][safepoint    ] Entering safepoint region: Cleanup
[2019-12-08T10:11:56.852+0000][1][safepoint    ] Leaving safepoint region
[2019-12-08T10:11:56.852+0000][1][safepoint    ] Total time for which application threads were stopped: 0.0000767 seconds, Stopping threads took: 0.0000185 seconds
[2019-12-08T10:11:57.852+0000][1][safepoint    ] Application time: 1.0000770 seconds
[2019-12-08T10:11:57.853+0000][1][safepoint    ] Entering safepoint region: Cleanup
[2019-12-08T10:11:57.853+0000][1][safepoint    ] Leaving safepoint region
[2019-12-08T10:11:57.853+0000][1][safepoint    ] Total time for which application threads were stopped: 0.0000795 seconds, Stopping threads took: 0.0000219 seconds
[2019-12-08T10:11:58.853+0000][1][safepoint    ] Application time: 1.0000878 seconds
[2019-12-08T10:11:58.853+0000][1][safepoint    ] Entering safepoint region: Cleanup
[2019-12-08T10:11:58.853+0000][1][safepoint    ] Leaving safepoint region
[2019-12-08T10:11:58.853+0000][1][safepoint    ] Total time for which application threads were stopped: 0.0000775 seconds, Stopping threads took: 0.0000200 seconds
[2019-12-08T10:11:59.853+0000][1][safepoint    ] Application time: 1.0000766 seconds
[2019-12-08T10:11:59.853+0000][1][safepoint    ] Entering safepoint region: Cleanup
[2019-12-08T10:11:59.853+0000][1][safepoint    ] Leaving safepoint region
[2019-12-08T10:11:59.853+0000][1][safepoint    ] Total time for which application threads were stopped: 0.0000762 seconds, Stopping threads took: 0.0000194 seconds
[2019-12-08T10:12:00.853+0000][1][safepoint    ] Application time: 1.0000786 seconds
[2019-12-08T10:12:00.853+0000][1][safepoint    ] Entering safepoint region: Cleanup
[2019-12-08T10:12:00.853+0000][1][safepoint    ] Leaving safepoint region
[2019-12-08T10:12:00.853+0000][1][safepoint    ] Total time for which application threads were stopped: 0.0000779 seconds, Stopping threads took: 0.0000181 seconds
[2019-12-08T10:12:01.853+0000][1][safepoint    ] Application time: 1.0000878 seconds
[2019-12-08T10:12:01.853+0000][1][safepoint    ] Entering safepoint region: Cleanup
[2019-12-08T10:12:01.853+0000][1][safepoint    ] Leaving safepoint region
[2019-12-08T10:12:01.853+0000][1][safepoint    ] Total time for which application threads were stopped: 0.0000805 seconds, Stopping threads took: 0.0000201 seconds
[2019-12-08T10:12:02.854+0000][1][safepoint    ] Application time: 1.0000807 seconds
[2019-12-08T10:12:02.854+0000][1][safepoint    ] Entering safepoint region: Cleanup
[2019-12-08T10:12:02.854+0000][1][safepoint    ] Leaving safepoint region
[2019-12-08T10:12:02.854+0000][1][safepoint    ] Total time for which application threads were stopped: 0.0000881 seconds, Stopping threads took: 0.0000278 seconds
[2019-12-08T10:12:03.854+0000][1][safepoint    ] Application time: 1.0000811 seconds
[2019-12-08T10:12:03.854+0000][1][safepoint    ] Entering safepoint region: Cleanup
[2019-12-08T10:12:03.854+0000][1][safepoint    ] Leaving safepoint region
[2019-12-08T10:12:03.854+0000][1][safepoint    ] Total time for which application threads were stopped: 0.0000813 seconds, Stopping threads took: 0.0000229 seconds
[2019-12-08T10:12:04.854+0000][1][safepoint    ] Application time: 1.0000774 seconds
[2019-12-08T10:12:04.854+0000][1][safepoint    ] Entering safepoint region: Cleanup
[2019-12-08T10:12:04.854+0000][1][safepoint    ] Leaving safepoint region
[2019-12-08T10:12:04.854+0000][1][safepoint    ] Total time for which application threads were stopped: 0.0000785 seconds, Stopping threads took: 0.0000197 seconds
[2019-12-08T10:12:05.854+0000][1][safepoint    ] Application time: 1.0000788 seconds
[2019-12-08T10:12:05.854+0000][1][safepoint    ] Entering safepoint region: Cleanup
[2019-12-08T10:12:05.854+0000][1][safepoint    ] Leaving safepoint region
[2019-12-08T10:12:05.854+0000][1][safepoint    ] Total time for which application threads were stopped: 0.0000808 seconds, Stopping threads took: 0.0000219 seconds
[2019-12-08T10:12:06.854+0000][1][safepoint    ] Application time: 1.0000774 seconds
[2019-12-08T10:12:06.854+0000][1][safepoint    ] Entering safepoint region: Cleanup
[2019-12-08T10:12:06.854+0000][1][safepoint    ] Leaving safepoint region
[2019-12-08T10:12:06.854+0000][1][safepoint    ] Total time for which application threads were stopped: 0.0000813 seconds, Stopping threads took: 0.0000211 seconds
[2019-12-08T10:12:07.855+0000][1][safepoint    ] Application time: 1.0000817 seconds
[2019-12-08T10:12:07.855+0000][1][safepoint    ] Entering safepoint region: Cleanup
[2019-12-08T10:12:07.855+0000][1][safepoint    ] Leaving safepoint region
[2019-12-08T10:12:07.855+0000][1][safepoint    ] Total time for which application threads were stopped: 0.0000794 seconds, Stopping threads took: 0.0000208 seconds
[2019-12-08T10:12:08.855+0000][1][safepoint    ] Application time: 1.0000837 seconds
[2019-12-08T10:12:08.855+0000][1][safepoint    ] Entering safepoint region: Cleanup
[2019-12-08T10:12:08.855+0000][1][safepoint    ] Leaving safepoint region
[2019-12-08T10:12:08.855+0000][1][safepoint    ] Total time for which application threads were stopped: 0.0000806 seconds, Stopping threads took: 0.0000204 seconds
[2019-12-08T10:12:09.855+0000][1][safepoint    ] Application time: 1.0000827 seconds
[2019-12-08T10:12:09.855+0000][1][safepoint    ] Entering safepoint region: Cleanup
[2019-12-08T10:12:09.855+0000][1][safepoint    ] Leaving safepoint region
[2019-12-08T10:12:09.855+0000][1][safepoint    ] Total time for which application threads were stopped: 0.0000791 seconds, Stopping threads took: 0.0000212 seconds
[2019-12-08T10:12:10.855+0000][1][safepoint    ] Application time: 1.0000809 seconds
[2019-12-08T10:12:10.855+0000][1][safepoint    ] Entering safepoint region: Cleanup
[2019-12-08T10:12:10.855+0000][1][safepoint    ] Leaving safepoint region
[2019-12-08T10:12:10.855+0000][1][safepoint    ] Total time for which application threads were stopped: 0.0000780 seconds, Stopping threads took: 0.0000195 seconds
[2019-12-08T10:12:11.855+0000][1][safepoint    ] Application time: 1.0000789 seconds
[2019-12-08T10:12:11.855+0000][1][safepoint    ] Entering safepoint region: Cleanup
[2019-12-08T10:12:11.855+0000][1][safepoint    ] Leaving safepoint region
[2019-12-08T10:12:11.855+0000][1][safepoint    ] Total time for which application threads were stopped: 0.0000786 seconds, Stopping threads took: 0.0000199 seconds
[2019-12-08T10:12:12.856+0000][1][safepoint    ] Application time: 1.0000832 seconds
[2019-12-08T10:12:12.856+0000][1][safepoint    ] Entering safepoint region: Cleanup
[2019-12-08T10:12:12.856+0000][1][safepoint    ] Leaving safepoint region
[2019-12-08T10:12:12.856+0000][1][safepoint    ] Total time for which application threads were stopped: 0.0001060 seconds, Stopping threads took: 0.0000197 seconds
[2019-12-08T10:12:13.856+0000][1][safepoint    ] Application time: 1.0000791 seconds
[2019-12-08T10:12:13.856+0000][1][safepoint    ] Entering safepoint region: Cleanup
[2019-12-08T10:12:13.856+0000][1][safepoint    ] Leaving safepoint region
[2019-12-08T10:12:13.856+0000][1][safepoint    ] Total time for which application threads were stopped: 0.0000751 seconds, Stopping threads took: 0.0000173 seconds
[2019-12-08T10:12:15.689+0000][1][safepoint    ] Application time: 1.8332478 seconds
[2019-12-08T10:12:15.689+0000][1][safepoint    ] Entering safepoint region: Cleanup
[2019-12-08T10:12:15.689+0000][1][safepoint    ] Leaving safepoint region
[2019-12-08T10:12:15.689+0000][1][safepoint    ] Total time for which application threads were stopped: 0.0001115 seconds, Stopping threads took: 0.0000257 seconds
[2019-12-08T10:12:16.690+0000][1][safepoint    ] Application time: 1.0002221 seconds
[2019-12-08T10:12:16.690+0000][1][safepoint    ] Entering safepoint region: Cleanup
[2019-12-08T10:12:16.690+0000][1][safepoint    ] Leaving safepoint region
[2019-12-08T10:12:16.690+0000][1][safepoint    ] Total time for which application threads were stopped: 0.0001495 seconds, Stopping threads took: 0.0000630 seconds
[2019-12-08T10:12:17.690+0000][1][safepoint    ] Application time: 1.0000989 seconds
[2019-12-08T10:12:17.690+0000][1][safepoint    ] Entering safepoint region: Cleanup
[2019-12-08T10:12:17.690+0000][1][safepoint    ] Leaving safepoint region
[2019-12-08T10:12:17.690+0000][1][safepoint    ] Total time for which application threads were stopped: 0.0001904 seconds, Stopping threads took: 0.0000871 seconds
[2019-12-08T10:12:18.690+0000][1][safepoint    ] Application time: 1.0000930 seconds
[2019-12-08T10:12:18.690+0000][1][safepoint    ] Entering safepoint region: Cleanup
[2019-12-08T10:12:18.690+0000][1][safepoint    ] Leaving safepoint region
[2019-12-08T10:12:18.690+0000][1][safepoint    ] Total time for which application threads were stopped: 0.0000848 seconds, Stopping threads took: 0.0000214 seconds
[2019-12-08T10:12:19.690+0000][1][safepoint    ] Application time: 1.0000877 seconds
[2019-12-08T10:12:19.690+0000][1][safepoint    ] Entering safepoint region: Cleanup
[2019-12-08T10:12:19.691+0000][1][safepoint    ] Leaving safepoint region
[2019-12-08T10:12:19.691+0000][1][safepoint    ] Total time for which application threads were stopped: 0.0000807 seconds, Stopping threads took: 0.0000204 seconds
[2019-12-08T10:12:20.691+0000][1][safepoint    ] Application time: 1.0000819 seconds
[2019-12-08T10:12:20.691+0000][1][safepoint    ] Entering safepoint region: Cleanup
[2019-12-08T10:12:20.691+0000][1][safepoint    ] Leaving safepoint region
[2019-12-08T10:12:20.691+0000][1][safepoint    ] Total time for which application threads were stopped: 0.0000927 seconds, Stopping threads took: 0.0000203 seconds
[2019-12-08T10:12:21.691+0000][1][safepoint    ] Application time: 1.0000819 seconds
[2019-12-08T10:12:21.691+0000][1][safepoint    ] Entering safepoint region: Cleanup
[2019-12-08T10:12:21.691+0000][1][safepoint    ] Leaving safepoint region
[2019-12-08T10:12:21.691+0000][1][safepoint    ] Total time for which application threads were stopped: 0.0000814 seconds, Stopping threads took: 0.0000210 seconds
[2019-12-08T10:12:22.691+0000][1][safepoint    ] Application time: 1.0000811 seconds
[2019-12-08T10:12:22.691+0000][1][safepoint    ] Entering safepoint region: Cleanup
[2019-12-08T10:12:22.691+0000][1][safepoint    ] Leaving safepoint region
[2019-12-08T10:12:22.691+0000][1][safepoint    ] Total time for which application threads were stopped: 0.0000795 seconds, Stopping threads took: 0.0000193 seconds
[2019-12-08T10:12:23.691+0000][1][safepoint    ] Application time: 1.0000823 seconds
[2019-12-08T10:12:23.691+0000][1][safepoint    ] Entering safepoint region: Cleanup
[2019-12-08T10:12:23.691+0000][1][safepoint    ] Leaving safepoint region
[2019-12-08T10:12:23.691+0000][1][safepoint    ] Total time for which application threads were stopped: 0.0000919 seconds, Stopping threads took: 0.0000211 seconds
[2019-12-08T10:12:24.691+0000][1][safepoint    ] Application time: 1.0000814 seconds
[2019-12-08T10:12:24.692+0000][1][safepoint    ] Entering safepoint region: Cleanup
[2019-12-08T10:12:24.692+0000][1][safepoint    ] Leaving safepoint region
[2019-12-08T10:12:24.692+0000][1][safepoint    ] Total time for which application threads were stopped: 0.0000824 seconds, Stopping threads took: 0.0000206 seconds
[2019-12-08T10:12:25.692+0000][1][safepoint    ] Application time: 1.0000787 seconds
[2019-12-08T10:12:25.692+0000][1][safepoint    ] Entering safepoint region: Cleanup
[2019-12-08T10:12:25.692+0000][1][safepoint    ] Leaving safepoint region
[2019-12-08T10:12:25.692+0000][1][safepoint    ] Total time for which application threads were stopped: 0.0000801 seconds, Stopping threads took: 0.0000206 seconds
[2019-12-08T10:12:26.692+0000][1][safepoint    ] Application time: 1.0000786 seconds
[2019-12-08T10:12:26.692+0000][1][safepoint    ] Entering safepoint region: Cleanup
[2019-12-08T10:12:26.692+0000][1][safepoint    ] Leaving safepoint region
[2019-12-08T10:12:26.692+0000][1][safepoint    ] Total time for which application threads were stopped: 0.0000779 seconds, Stopping threads took: 0.0000194 seconds
[2019-12-08T10:12:27.692+0000][1][safepoint    ] Application time: 1.0000802 seconds
[2019-12-08T10:12:27.692+0000][1][safepoint    ] Entering safepoint region: Cleanup
[2019-12-08T10:12:27.692+0000][1][safepoint    ] Leaving safepoint region
[2019-12-08T10:12:27.692+0000][1][safepoint    ] Total time for which application threads were stopped: 0.0000770 seconds, Stopping threads took: 0.0000191 seconds
[2019-12-08T10:12:28.692+0000][1][safepoint    ] Application time: 1.0000822 seconds
[2019-12-08T10:12:28.692+0000][1][safepoint    ] Entering safepoint region: Cleanup
[2019-12-08T10:12:28.692+0000][1][safepoint    ] Leaving safepoint region
[2019-12-08T10:12:28.692+0000][1][safepoint    ] Total time for which application threads were stopped: 0.0000781 seconds, Stopping threads took: 0.0000211 seconds
[2019-12-08T10:12:29.692+0000][1][safepoint    ] Application time: 1.0000760 seconds
[2019-12-08T10:12:29.693+0000][1][safepoint    ] Entering safepoint region: Cleanup
[2019-12-08T10:12:29.693+0000][1][safepoint    ] Leaving safepoint region
[2019-12-08T10:12:29.693+0000][1][safepoint    ] Total time for which application threads were stopped: 0.0000856 seconds, Stopping threads took: 0.0000266 seconds
[2019-12-08T10:12:30.693+0000][1][safepoint    ] Application time: 1.0000914 seconds
[2019-12-08T10:12:30.693+0000][1][safepoint    ] Entering safepoint region: Cleanup
[2019-12-08T10:12:30.693+0000][1][safepoint    ] Leaving safepoint region
[2019-12-08T10:12:30.693+0000][1][safepoint    ] Total time for which application threads were stopped: 0.0000847 seconds, Stopping threads took: 0.0000217 seconds
[2019-12-08T10:12:31.693+0000][1][safepoint    ] Application time: 1.0000771 seconds
[2019-12-08T10:12:31.693+0000][1][safepoint    ] Entering safepoint region: Cleanup
[2019-12-08T10:12:31.693+0000][1][safepoint    ] Leaving safepoint region
[2019-12-08T10:12:31.693+0000][1][safepoint    ] Total time for which application threads were stopped: 0.0000789 seconds, Stopping threads took: 0.0000198 seconds
[2019-12-08T10:12:32.693+0000][1][safepoint    ] Application time: 1.0000812 seconds
[2019-12-08T10:12:32.693+0000][1][safepoint    ] Entering safepoint region: Cleanup
[2019-12-08T10:12:32.693+0000][1][safepoint    ] Leaving safepoint region
[2019-12-08T10:12:32.693+0000][1][safepoint    ] Total time for which application threads were stopped: 0.0000774 seconds, Stopping threads took: 0.0000206 seconds
[2019-12-08T10:12:33.693+0000][1][safepoint    ] Application time: 1.0000784 seconds
[2019-12-08T10:12:33.693+0000][1][safepoint    ] Entering safepoint region: Cleanup
[2019-12-08T10:12:33.693+0000][1][safepoint    ] Leaving safepoint region
[2019-12-08T10:12:33.693+0000][1][safepoint    ] Total time for which application threads were stopped: 0.0000856 seconds, Stopping threads took: 0.0000195 seconds
[2019-12-08T10:12:34.693+0000][1][safepoint    ] Application time: 1.0000772 seconds
[2019-12-08T10:12:34.694+0000][1][safepoint    ] Entering safepoint region: Cleanup
[2019-12-08T10:12:34.694+0000][1][safepoint    ] Leaving safepoint region
[2019-12-08T10:12:34.694+0000][1][safepoint    ] Total time for which application threads were stopped: 0.0000754 seconds, Stopping threads took: 0.0000196 seconds
[2019-12-08T10:12:34.899+0000][1][safepoint    ] Application time: 0.2049439 seconds
[2019-12-08T10:12:34.899+0000][1][safepoint    ] Entering safepoint region: GenCollectForAllocation
[2019-12-08T10:12:34.899+0000][1][gc,start     ] GC(37) Pause Young (Allocation Failure)
[2019-12-08T10:12:34.899+0000][1][gc,task      ] GC(37) Using 4 workers of 4 for evacuation
[2019-12-08T10:12:34.900+0000][1][gc,age       ] GC(37) Desired survivor size 4456448 bytes, new threshold 6 (max threshold 6)
[2019-12-08T10:12:34.900+0000][1][gc,age       ] GC(37) Age table with threshold 6 (max threshold 6)
[2019-12-08T10:12:34.900+0000][1][gc,age       ] GC(37) - age   1:       5704 bytes,       5704 total
[2019-12-08T10:12:34.900+0000][1][gc,age       ] GC(37) - age   2:       1968 bytes,       7672 total
[2019-12-08T10:12:34.900+0000][1][gc,age       ] GC(37) - age   3:       5560 bytes,      13232 total
[2019-12-08T10:12:34.900+0000][1][gc,age       ] GC(37) - age   4:        368 bytes,      13600 total
[2019-12-08T10:12:34.900+0000][1][gc,age       ] GC(37) - age   5:       2144 bytes,      15744 total
[2019-12-08T10:12:34.900+0000][1][gc,age       ] GC(37) - age   6:       1160 bytes,      16904 total
[2019-12-08T10:12:34.900+0000][1][gc,heap      ] GC(37) ParNew: 70046K->27K(78656K)
[2019-12-08T10:12:34.900+0000][1][gc,heap      ] GC(37) CMS: 70399K->70399K(174784K)
[2019-12-08T10:12:34.900+0000][1][gc,metaspace ] GC(37) Metaspace: 72519K->72519K(1116160K)
[2019-12-08T10:12:34.900+0000][1][gc           ] GC(37) Pause Young (Allocation Failure) 137M->68M(247M) 1.063ms
[2019-12-08T10:12:34.900+0000][1][gc,cpu       ] GC(37) User=0.01s Sys=0.00s Real=0.00s
[2019-12-08T10:12:34.900+0000][1][safepoint    ] Leaving safepoint region
[2019-12-08T10:12:34.900+0000][1][safepoint    ] Total time for which application threads were stopped: 0.0011991 seconds, Stopping threads took: 0.0000180 seconds
[2019-12-08T10:12:35.900+0000][1][safepoint    ] Application time: 1.0000901 seconds
[2019-12-08T10:12:35.900+0000][1][safepoint    ] Entering safepoint region: Cleanup
[2019-12-08T10:12:35.900+0000][1][safepoint    ] Leaving safepoint region
[2019-12-08T10:12:35.900+0000][1][safepoint    ] Total time for which application threads were stopped: 0.0000808 seconds, Stopping threads took: 0.0000185 seconds
[2019-12-08T10:12:36.900+0000][1][safepoint    ] Application time: 1.0001050 seconds
[2019-12-08T10:12:36.900+0000][1][safepoint    ] Entering safepoint region: Cleanup
[2019-12-08T10:12:36.900+0000][1][safepoint    ] Leaving safepoint region
[2019-12-08T10:12:36.900+0000][1][safepoint    ] Total time for which application threads were stopped: 0.0000807 seconds, Stopping threads took: 0.0000199 seconds
[2019-12-08T10:12:37.900+0000][1][safepoint    ] Application time: 1.0000763 seconds
[2019-12-08T10:12:37.900+0000][1][safepoint    ] Entering safepoint region: Cleanup
[2019-12-08T10:12:37.900+0000][1][safepoint    ] Leaving safepoint region
[2019-12-08T10:12:37.900+0000][1][safepoint    ] Total time for which application threads were stopped: 0.0000802 seconds, Stopping threads took: 0.0000202 seconds
[2019-12-08T10:12:38.900+0000][1][safepoint    ] Application time: 1.0000771 seconds
[2019-12-08T10:12:38.901+0000][1][safepoint    ] Entering safepoint region: Cleanup
[2019-12-08T10:12:38.901+0000][1][safepoint    ] Leaving safepoint region
[2019-12-08T10:12:38.901+0000][1][safepoint    ] Total time for which application threads were stopped: 0.0000780 seconds, Stopping threads took: 0.0000201 seconds
[2019-12-08T10:12:39.901+0000][1][safepoint    ] Application time: 1.0000790 seconds
[2019-12-08T10:12:39.901+0000][1][safepoint    ] Entering safepoint region: Cleanup
[2019-12-08T10:12:39.901+0000][1][safepoint    ] Leaving safepoint region
[2019-12-08T10:12:39.901+0000][1][safepoint    ] Total time for which application threads were stopped: 0.0000778 seconds, Stopping threads took: 0.0000188 seconds
[2019-12-08T10:12:40.901+0000][1][safepoint    ] Application time: 1.0000904 seconds
[2019-12-08T10:12:40.901+0000][1][safepoint    ] Entering safepoint region: Cleanup
[2019-12-08T10:12:40.901+0000][1][safepoint    ] Leaving safepoint region
[2019-12-08T10:12:40.901+0000][1][safepoint    ] Total time for which application threads were stopped: 0.0001284 seconds, Stopping threads took: 0.0000307 seconds
[2019-12-08T10:12:41.901+0000][1][safepoint    ] Application time: 1.0001038 seconds
[2019-12-08T10:12:41.901+0000][1][safepoint    ] Entering safepoint region: Cleanup
[2019-12-08T10:12:41.901+0000][1][safepoint    ] Leaving safepoint region
[2019-12-08T10:12:41.901+0000][1][safepoint    ] Total time for which application threads were stopped: 0.0000875 seconds, Stopping threads took: 0.0000274 seconds
[2019-12-08T10:12:42.901+0000][1][safepoint    ] Application time: 1.0000807 seconds
[2019-12-08T10:12:42.901+0000][1][safepoint    ] Entering safepoint region: Cleanup
[2019-12-08T10:12:42.902+0000][1][safepoint    ] Leaving safepoint region
[2019-12-08T10:12:42.902+0000][1][safepoint    ] Total time for which application threads were stopped: 0.0000776 seconds, Stopping threads took: 0.0000178 seconds
[2019-12-08T10:12:43.902+0000][1][safepoint    ] Application time: 1.0000823 seconds
[2019-12-08T10:12:43.902+0000][1][safepoint    ] Entering safepoint region: Cleanup
[2019-12-08T10:12:43.902+0000][1][safepoint    ] Leaving safepoint region
[2019-12-08T10:12:43.902+0000][1][safepoint    ] Total time for which application threads were stopped: 0.0000935 seconds, Stopping threads took: 0.0000335 seconds
[2019-12-08T10:12:44.902+0000][1][safepoint    ] Application time: 1.0000766 seconds
[2019-12-08T10:12:44.902+0000][1][safepoint    ] Entering safepoint region: Cleanup
[2019-12-08T10:12:44.902+0000][1][safepoint    ] Leaving safepoint region
[2019-12-08T10:12:44.902+0000][1][safepoint    ] Total time for which application threads were stopped: 0.0000777 seconds, Stopping threads took: 0.0000194 seconds
[2019-12-08T10:12:45.902+0000][1][safepoint    ] Application time: 1.0000773 seconds
[2019-12-08T10:12:45.902+0000][1][safepoint    ] Entering safepoint region: Cleanup
[2019-12-08T10:12:45.902+0000][1][safepoint    ] Leaving safepoint region
[2019-12-08T10:12:45.902+0000][1][safepoint    ] Total time for which application threads were stopped: 0.0000745 seconds, Stopping threads took: 0.0000181 seconds
[2019-12-08T10:12:46.902+0000][1][safepoint    ] Application time: 1.0000782 seconds
[2019-12-08T10:12:46.902+0000][1][safepoint    ] Entering safepoint region: Cleanup
[2019-12-08T10:12:46.902+0000][1][safepoint    ] Leaving safepoint region
[2019-12-08T10:12:46.902+0000][1][safepoint    ] Total time for which application threads were stopped: 0.0000746 seconds, Stopping threads took: 0.0000189 seconds
[2019-12-08T10:12:47.902+0000][1][safepoint    ] Application time: 1.0000778 seconds
[2019-12-08T10:12:47.902+0000][1][safepoint    ] Entering safepoint region: Cleanup
[2019-12-08T10:12:47.903+0000][1][safepoint    ] Leaving safepoint region
[2019-12-08T10:12:47.903+0000][1][safepoint    ] Total time for which application threads were stopped: 0.0000770 seconds, Stopping threads took: 0.0000201 seconds
[2019-12-08T10:12:48.903+0000][1][safepoint    ] Application time: 1.0000768 seconds
[2019-12-08T10:12:48.903+0000][1][safepoint    ] Entering safepoint region: Cleanup
[2019-12-08T10:12:48.903+0000][1][safepoint    ] Leaving safepoint region
[2019-12-08T10:12:48.903+0000][1][safepoint    ] Total time for which application threads were stopped: 0.0000898 seconds, Stopping threads took: 0.0000200 seconds
[2019-12-08T10:12:50.874+0000][1][safepoint    ] Application time: 1.9709012 seconds
[2019-12-08T10:12:50.874+0000][1][safepoint    ] Entering safepoint region: Cleanup
[2019-12-08T10:12:50.874+0000][1][safepoint    ] Leaving safepoint region
[2019-12-08T10:12:50.874+0000][1][safepoint    ] Total time for which application threads were stopped: 0.0000814 seconds, Stopping threads took: 0.0000203 seconds
[2019-12-08T10:12:51.874+0000][1][safepoint    ] Application time: 1.0000827 seconds
[2019-12-08T10:12:51.874+0000][1][safepoint    ] Entering safepoint region: Cleanup
[2019-12-08T10:12:51.874+0000][1][safepoint    ] Leaving safepoint region
[2019-12-08T10:12:51.874+0000][1][safepoint    ] Total time for which application threads were stopped: 0.0000756 seconds, Stopping threads took: 0.0000198 seconds
[2019-12-08T10:12:52.874+0000][1][safepoint    ] Application time: 1.0000756 seconds
[2019-12-08T10:12:52.874+0000][1][safepoint    ] Entering safepoint region: Cleanup
[2019-12-08T10:12:52.874+0000][1][safepoint    ] Leaving safepoint region
[2019-12-08T10:12:52.874+0000][1][safepoint    ] Total time for which application threads were stopped: 0.0000736 seconds, Stopping threads took: 0.0000181 seconds
[2019-12-08T10:12:53.874+0000][1][safepoint    ] Application time: 1.0000781 seconds
[2019-12-08T10:12:53.874+0000][1][safepoint    ] Entering safepoint region: Cleanup
[2019-12-08T10:12:53.874+0000][1][safepoint    ] Leaving safepoint region
[2019-12-08T10:12:53.874+0000][1][safepoint    ] Total time for which application threads were stopped: 0.0000805 seconds, Stopping threads took: 0.0000184 seconds
[2019-12-08T10:12:54.874+0000][1][safepoint    ] Application time: 1.0000789 seconds
[2019-12-08T10:12:54.875+0000][1][safepoint    ] Entering safepoint region: Cleanup
[2019-12-08T10:12:54.875+0000][1][safepoint    ] Leaving safepoint region
[2019-12-08T10:12:54.875+0000][1][safepoint    ] Total time for which application threads were stopped: 0.0000746 seconds, Stopping threads took: 0.0000186 seconds
[2019-12-08T10:12:55.875+0000][1][safepoint    ] Application time: 1.0000779 seconds
[2019-12-08T10:12:55.875+0000][1][safepoint    ] Entering safepoint region: Cleanup
[2019-12-08T10:12:55.875+0000][1][safepoint    ] Leaving safepoint region
[2019-12-08T10:12:55.875+0000][1][safepoint    ] Total time for which application threads were stopped: 0.0000785 seconds, Stopping threads took: 0.0000216 seconds
[2019-12-08T10:12:56.875+0000][1][safepoint    ] Application time: 1.0000809 seconds
[2019-12-08T10:12:56.875+0000][1][safepoint    ] Entering safepoint region: Cleanup
[2019-12-08T10:12:56.875+0000][1][safepoint    ] Leaving safepoint region
[2019-12-08T10:12:56.875+0000][1][safepoint    ] Total time for which application threads were stopped: 0.0000771 seconds, Stopping threads took: 0.0000196 seconds
[2019-12-08T10:12:57.875+0000][1][safepoint    ] Application time: 1.0000826 seconds
[2019-12-08T10:12:57.875+0000][1][safepoint    ] Entering safepoint region: Cleanup
[2019-12-08T10:12:57.875+0000][1][safepoint    ] Leaving safepoint region
[2019-12-08T10:12:57.875+0000][1][safepoint    ] Total time for which application threads were stopped: 0.0000798 seconds, Stopping threads took: 0.0000196 seconds
[2019-12-08T10:12:58.875+0000][1][safepoint    ] Application time: 1.0000779 seconds
[2019-12-08T10:12:58.875+0000][1][safepoint    ] Entering safepoint region: Cleanup
[2019-12-08T10:12:58.875+0000][1][safepoint    ] Leaving safepoint region
[2019-12-08T10:12:58.875+0000][1][safepoint    ] Total time for which application threads were stopped: 0.0000771 seconds, Stopping threads took: 0.0000197 seconds
[2019-12-08T10:12:59.875+0000][1][safepoint    ] Application time: 1.0000779 seconds
[2019-12-08T10:12:59.876+0000][1][safepoint    ] Entering safepoint region: Cleanup
[2019-12-08T10:12:59.876+0000][1][safepoint    ] Leaving safepoint region
[2019-12-08T10:12:59.876+0000][1][safepoint    ] Total time for which application threads were stopped: 0.0001157 seconds, Stopping threads took: 0.0000457 seconds
[2019-12-08T10:13:00.876+0000][1][safepoint    ] Application time: 1.0000831 seconds
[2019-12-08T10:13:00.876+0000][1][safepoint    ] Entering safepoint region: Cleanup
[2019-12-08T10:13:00.876+0000][1][safepoint    ] Leaving safepoint region
[2019-12-08T10:13:00.876+0000][1][safepoint    ] Total time for which application threads were stopped: 0.0000765 seconds, Stopping threads took: 0.0000186 seconds
[2019-12-08T10:13:01.876+0000][1][safepoint    ] Application time: 1.0000784 seconds
[2019-12-08T10:13:01.876+0000][1][safepoint    ] Entering safepoint region: Cleanup
[2019-12-08T10:13:01.876+0000][1][safepoint    ] Leaving safepoint region
[2019-12-08T10:13:01.876+0000][1][safepoint    ] Total time for which application threads were stopped: 0.0000780 seconds, Stopping threads took: 0.0000193 seconds
[2019-12-08T10:13:02.876+0000][1][safepoint    ] Application time: 1.0000805 seconds
[2019-12-08T10:13:02.876+0000][1][safepoint    ] Entering safepoint region: Cleanup
[2019-12-08T10:13:02.876+0000][1][safepoint    ] Leaving safepoint region
[2019-12-08T10:13:02.876+0000][1][safepoint    ] Total time for which application threads were stopped: 0.0000790 seconds, Stopping threads took: 0.0000201 seconds
[2019-12-08T10:13:03.876+0000][1][safepoint    ] Application time: 1.0000838 seconds
[2019-12-08T10:13:03.876+0000][1][safepoint    ] Entering safepoint region: Cleanup
[2019-12-08T10:13:03.876+0000][1][safepoint    ] Leaving safepoint region
[2019-12-08T10:13:03.876+0000][1][safepoint    ] Total time for which application threads were stopped: 0.0000758 seconds, Stopping threads took: 0.0000191 seconds
[2019-12-08T10:13:04.877+0000][1][safepoint    ] Application time: 1.0000836 seconds
[2019-12-08T10:13:04.877+0000][1][safepoint    ] Entering safepoint region: Cleanup
[2019-12-08T10:13:04.877+0000][1][safepoint    ] Leaving safepoint region
[2019-12-08T10:13:04.877+0000][1][safepoint    ] Total time for which application threads were stopped: 0.0001144 seconds, Stopping threads took: 0.0000469 seconds
[2019-12-08T10:13:05.877+0000][1][safepoint    ] Application time: 1.0000829 seconds
[2019-12-08T10:13:05.877+0000][1][safepoint    ] Entering safepoint region: Cleanup
[2019-12-08T10:13:05.877+0000][1][safepoint    ] Leaving safepoint region
[2019-12-08T10:13:05.877+0000][1][safepoint    ] Total time for which application threads were stopped: 0.0000766 seconds, Stopping threads took: 0.0000189 seconds
[2019-12-08T10:13:06.877+0000][1][safepoint    ] Application time: 1.0000792 seconds
[2019-12-08T10:13:06.877+0000][1][safepoint    ] Entering safepoint region: Cleanup
[2019-12-08T10:13:06.877+0000][1][safepoint    ] Leaving safepoint region
[2019-12-08T10:13:06.877+0000][1][safepoint    ] Total time for which application threads were stopped: 0.0000776 seconds, Stopping threads took: 0.0000198 seconds
[2019-12-08T10:13:07.877+0000][1][safepoint    ] Application time: 1.0000777 seconds
[2019-12-08T10:13:07.877+0000][1][safepoint    ] Entering safepoint region: Cleanup
[2019-12-08T10:13:07.877+0000][1][safepoint    ] Leaving safepoint region
[2019-12-08T10:13:07.877+0000][1][safepoint    ] Total time for which application threads were stopped: 0.0000773 seconds, Stopping threads took: 0.0000200 seconds
[2019-12-08T10:13:08.877+0000][1][safepoint    ] Application time: 1.0000743 seconds
[2019-12-08T10:13:08.877+0000][1][safepoint    ] Entering safepoint region: Cleanup
[2019-12-08T10:13:08.877+0000][1][safepoint    ] Leaving safepoint region
[2019-12-08T10:13:08.877+0000][1][safepoint    ] Total time for which application threads were stopped: 0.0000777 seconds, Stopping threads took: 0.0000190 seconds
[2019-12-08T10:13:09.878+0000][1][safepoint    ] Application time: 1.0000725 seconds
[2019-12-08T10:13:09.878+0000][1][safepoint    ] Entering safepoint region: Cleanup
[2019-12-08T10:13:09.878+0000][1][safepoint    ] Leaving safepoint region
[2019-12-08T10:13:09.878+0000][1][safepoint    ] Total time for which application threads were stopped: 0.0000876 seconds, Stopping threads took: 0.0000204 seconds
[2019-12-08T10:13:10.878+0000][1][safepoint    ] Application time: 1.0000747 seconds
[2019-12-08T10:13:10.878+0000][1][safepoint    ] Entering safepoint region: Cleanup
[2019-12-08T10:13:10.878+0000][1][safepoint    ] Leaving safepoint region
[2019-12-08T10:13:10.878+0000][1][safepoint    ] Total time for which application threads were stopped: 0.0000758 seconds, Stopping threads took: 0.0000179 seconds
[2019-12-08T10:13:11.878+0000][1][safepoint    ] Application time: 1.0000781 seconds
[2019-12-08T10:13:11.878+0000][1][safepoint    ] Entering safepoint region: Cleanup
[2019-12-08T10:13:11.878+0000][1][safepoint    ] Leaving safepoint region
[2019-12-08T10:13:11.878+0000][1][safepoint    ] Total time for which application threads were stopped: 0.0000840 seconds, Stopping threads took: 0.0000275 seconds
[2019-12-08T10:13:12.878+0000][1][safepoint    ] Application time: 1.0000765 seconds
[2019-12-08T10:13:12.878+0000][1][safepoint    ] Entering safepoint region: Cleanup
[2019-12-08T10:13:12.878+0000][1][safepoint    ] Leaving safepoint region
[2019-12-08T10:13:12.878+0000][1][safepoint    ] Total time for which application threads were stopped: 0.0000780 seconds, Stopping threads took: 0.0000194 seconds
[2019-12-08T10:13:13.878+0000][1][safepoint    ] Application time: 1.0000765 seconds
[2019-12-08T10:13:13.878+0000][1][safepoint    ] Entering safepoint region: Cleanup
[2019-12-08T10:13:13.878+0000][1][safepoint    ] Leaving safepoint region
[2019-12-08T10:13:13.878+0000][1][safepoint    ] Total time for which application threads were stopped: 0.0000752 seconds, Stopping threads took: 0.0000193 seconds
[2019-12-08T10:13:15.727+0000][1][safepoint    ] Application time: 1.8484863 seconds
[2019-12-08T10:13:15.727+0000][1][safepoint    ] Entering safepoint region: Cleanup
[2019-12-08T10:13:15.727+0000][1][safepoint    ] Leaving safepoint region
[2019-12-08T10:13:15.727+0000][1][safepoint    ] Total time for which application threads were stopped: 0.0000802 seconds, Stopping threads took: 0.0000182 seconds
[2019-12-08T10:13:16.727+0000][1][safepoint    ] Application time: 1.0000793 seconds
[2019-12-08T10:13:16.727+0000][1][safepoint    ] Entering safepoint region: Cleanup
[2019-12-08T10:13:16.727+0000][1][safepoint    ] Leaving safepoint region
[2019-12-08T10:13:16.727+0000][1][safepoint    ] Total time for which application threads were stopped: 0.0000740 seconds, Stopping threads took: 0.0000194 seconds
[2019-12-08T10:13:17.727+0000][1][safepoint    ] Application time: 1.0000760 seconds
[2019-12-08T10:13:17.727+0000][1][safepoint    ] Entering safepoint region: Cleanup
[2019-12-08T10:13:17.727+0000][1][safepoint    ] Leaving safepoint region
[2019-12-08T10:13:17.727+0000][1][safepoint    ] Total time for which application threads were stopped: 0.0000734 seconds, Stopping threads took: 0.0000170 seconds
[2019-12-08T10:13:18.728+0000][1][safepoint    ] Application time: 1.0000786 seconds
[2019-12-08T10:13:18.728+0000][1][safepoint    ] Entering safepoint region: Cleanup
[2019-12-08T10:13:18.728+0000][1][safepoint    ] Leaving safepoint region
[2019-12-08T10:13:18.728+0000][1][safepoint    ] Total time for which application threads were stopped: 0.0000716 seconds, Stopping threads took: 0.0000180 seconds
[2019-12-08T10:13:19.728+0000][1][safepoint    ] Application time: 1.0000793 seconds
[2019-12-08T10:13:19.728+0000][1][safepoint    ] Entering safepoint region: Cleanup
[2019-12-08T10:13:19.728+0000][1][safepoint    ] Leaving safepoint region
[2019-12-08T10:13:19.728+0000][1][safepoint    ] Total time for which application threads were stopped: 0.0000707 seconds, Stopping threads took: 0.0000177 seconds
[2019-12-08T10:13:20.728+0000][1][safepoint    ] Application time: 1.0000862 seconds
[2019-12-08T10:13:20.728+0000][1][safepoint    ] Entering safepoint region: Cleanup
[2019-12-08T10:13:20.728+0000][1][safepoint    ] Leaving safepoint region
[2019-12-08T10:13:20.728+0000][1][safepoint    ] Total time for which application threads were stopped: 0.0000672 seconds, Stopping threads took: 0.0000165 seconds
[2019-12-08T10:13:21.728+0000][1][safepoint    ] Application time: 1.0000785 seconds
[2019-12-08T10:13:21.728+0000][1][safepoint    ] Entering safepoint region: Cleanup
[2019-12-08T10:13:21.728+0000][1][safepoint    ] Leaving safepoint region
[2019-12-08T10:13:21.728+0000][1][safepoint    ] Total time for which application threads were stopped: 0.0000753 seconds, Stopping threads took: 0.0000193 seconds
[2019-12-08T10:13:22.728+0000][1][safepoint    ] Application time: 1.0000931 seconds
[2019-12-08T10:13:22.728+0000][1][safepoint    ] Entering safepoint region: Cleanup
[2019-12-08T10:13:22.728+0000][1][safepoint    ] Leaving safepoint region
[2019-12-08T10:13:22.728+0000][1][safepoint    ] Total time for which application threads were stopped: 0.0001008 seconds, Stopping threads took: 0.0000264 seconds
[2019-12-08T10:13:23.729+0000][1][safepoint    ] Application time: 1.0000899 seconds
[2019-12-08T10:13:23.729+0000][1][safepoint    ] Entering safepoint region: Cleanup
[2019-12-08T10:13:23.729+0000][1][safepoint    ] Leaving safepoint region
[2019-12-08T10:13:23.729+0000][1][safepoint    ] Total time for which application threads were stopped: 0.0000763 seconds, Stopping threads took: 0.0000187 seconds
[2019-12-08T10:13:24.729+0000][1][safepoint    ] Application time: 1.0000850 seconds
[2019-12-08T10:13:24.729+0000][1][safepoint    ] Entering safepoint region: Cleanup
[2019-12-08T10:13:24.729+0000][1][safepoint    ] Leaving safepoint region
[2019-12-08T10:13:24.729+0000][1][safepoint    ] Total time for which application threads were stopped: 0.0000744 seconds, Stopping threads took: 0.0000196 seconds
[2019-12-08T10:13:25.729+0000][1][safepoint    ] Application time: 1.0000771 seconds
[2019-12-08T10:13:25.729+0000][1][safepoint    ] Entering safepoint region: Cleanup
[2019-12-08T10:13:25.729+0000][1][safepoint    ] Leaving safepoint region
[2019-12-08T10:13:25.729+0000][1][safepoint    ] Total time for which application threads were stopped: 0.0000723 seconds, Stopping threads took: 0.0000173 seconds
[2019-12-08T10:13:26.729+0000][1][safepoint    ] Application time: 1.0000757 seconds
[2019-12-08T10:13:26.729+0000][1][safepoint    ] Entering safepoint region: Cleanup
[2019-12-08T10:13:26.729+0000][1][safepoint    ] Leaving safepoint region
[2019-12-08T10:13:26.729+0000][1][safepoint    ] Total time for which application threads were stopped: 0.0000760 seconds, Stopping threads took: 0.0000225 seconds
[2019-12-08T10:13:27.729+0000][1][safepoint    ] Application time: 1.0000753 seconds
[2019-12-08T10:13:27.729+0000][1][safepoint    ] Entering safepoint region: Cleanup
[2019-12-08T10:13:27.729+0000][1][safepoint    ] Leaving safepoint region
[2019-12-08T10:13:27.729+0000][1][safepoint    ] Total time for which application threads were stopped: 0.0000716 seconds, Stopping threads took: 0.0000173 seconds
[2019-12-08T10:13:28.729+0000][1][safepoint    ] Application time: 1.0000766 seconds
[2019-12-08T10:13:28.729+0000][1][safepoint    ] Entering safepoint region: Cleanup
[2019-12-08T10:13:28.729+0000][1][safepoint    ] Leaving safepoint region
[2019-12-08T10:13:28.730+0000][1][safepoint    ] Total time for which application threads were stopped: 0.0000734 seconds, Stopping threads took: 0.0000198 seconds
[2019-12-08T10:13:29.730+0000][1][safepoint    ] Application time: 1.0000754 seconds
[2019-12-08T10:13:29.730+0000][1][safepoint    ] Entering safepoint region: Cleanup
[2019-12-08T10:13:29.730+0000][1][safepoint    ] Leaving safepoint region
[2019-12-08T10:13:29.730+0000][1][safepoint    ] Total time for which application threads were stopped: 0.0000917 seconds, Stopping threads took: 0.0000235 seconds
[2019-12-08T10:13:30.730+0000][1][safepoint    ] Application time: 1.0000766 seconds
[2019-12-08T10:13:30.730+0000][1][safepoint    ] Entering safepoint region: Cleanup
[2019-12-08T10:13:30.730+0000][1][safepoint    ] Leaving safepoint region
[2019-12-08T10:13:30.730+0000][1][safepoint    ] Total time for which application threads were stopped: 0.0000762 seconds, Stopping threads took: 0.0000213 seconds
[2019-12-08T10:13:31.730+0000][1][safepoint    ] Application time: 1.0000827 seconds
[2019-12-08T10:13:31.730+0000][1][safepoint    ] Entering safepoint region: Cleanup
[2019-12-08T10:13:31.730+0000][1][safepoint    ] Leaving safepoint region
[2019-12-08T10:13:31.730+0000][1][safepoint    ] Total time for which application threads were stopped: 0.0001438 seconds, Stopping threads took: 0.0000526 seconds
[2019-12-08T10:13:32.730+0000][1][safepoint    ] Application time: 1.0000814 seconds
[2019-12-08T10:13:32.730+0000][1][safepoint    ] Entering safepoint region: Cleanup
[2019-12-08T10:13:32.730+0000][1][safepoint    ] Leaving safepoint region
[2019-12-08T10:13:32.730+0000][1][safepoint    ] Total time for which application threads were stopped: 0.0000738 seconds, Stopping threads took: 0.0000188 seconds
[2019-12-08T10:13:33.730+0000][1][safepoint    ] Application time: 1.0000772 seconds
[2019-12-08T10:13:33.730+0000][1][safepoint    ] Entering safepoint region: Cleanup
[2019-12-08T10:13:33.730+0000][1][safepoint    ] Leaving safepoint region
[2019-12-08T10:13:33.731+0000][1][safepoint    ] Total time for which application threads were stopped: 0.0000786 seconds, Stopping threads took: 0.0000204 seconds
[2019-12-08T10:13:34.731+0000][1][safepoint    ] Application time: 1.0000753 seconds
[2019-12-08T10:13:34.731+0000][1][safepoint    ] Entering safepoint region: Cleanup
[2019-12-08T10:13:34.731+0000][1][safepoint    ] Leaving safepoint region
[2019-12-08T10:13:34.731+0000][1][safepoint    ] Total time for which application threads were stopped: 0.0000837 seconds, Stopping threads took: 0.0000209 seconds
[2019-12-08T10:13:35.731+0000][1][safepoint    ] Application time: 1.0000776 seconds
[2019-12-08T10:13:35.731+0000][1][safepoint    ] Entering safepoint region: Cleanup
[2019-12-08T10:13:35.731+0000][1][safepoint    ] Leaving safepoint region
[2019-12-08T10:13:35.731+0000][1][safepoint    ] Total time for which application threads were stopped: 0.0000752 seconds, Stopping threads took: 0.0000190 seconds
[2019-12-08T10:13:36.731+0000][1][safepoint    ] Application time: 1.0000809 seconds
[2019-12-08T10:13:36.731+0000][1][safepoint    ] Entering safepoint region: Cleanup
[2019-12-08T10:13:36.731+0000][1][safepoint    ] Leaving safepoint region
[2019-12-08T10:13:36.731+0000][1][safepoint    ] Total time for which application threads were stopped: 0.0000771 seconds, Stopping threads took: 0.0000195 seconds
[2019-12-08T10:13:37.731+0000][1][safepoint    ] Application time: 1.0000774 seconds
[2019-12-08T10:13:37.731+0000][1][safepoint    ] Entering safepoint region: Cleanup
[2019-12-08T10:13:37.731+0000][1][safepoint    ] Leaving safepoint region
[2019-12-08T10:13:37.731+0000][1][safepoint    ] Total time for which application threads were stopped: 0.0000772 seconds, Stopping threads took: 0.0000202 seconds
[2019-12-08T10:13:38.731+0000][1][safepoint    ] Application time: 1.0000778 seconds
[2019-12-08T10:13:38.731+0000][1][safepoint    ] Entering safepoint region: Cleanup
[2019-12-08T10:13:38.731+0000][1][safepoint    ] Leaving safepoint region
[2019-12-08T10:13:38.731+0000][1][safepoint    ] Total time for which application threads were stopped: 0.0000780 seconds, Stopping threads took: 0.0000218 seconds
[2019-12-08T10:13:39.732+0000][1][safepoint    ] Application time: 1.0000522 seconds
[2019-12-08T10:13:39.732+0000][1][safepoint    ] Entering safepoint region: Cleanup
[2019-12-08T10:13:39.732+0000][1][safepoint    ] Leaving safepoint region
[2019-12-08T10:13:39.732+0000][1][safepoint    ] Total time for which application threads were stopped: 0.0000824 seconds, Stopping threads took: 0.0000193 seconds
[2019-12-08T10:13:40.732+0000][1][safepoint    ] Application time: 1.0000787 seconds
[2019-12-08T10:13:40.732+0000][1][safepoint    ] Entering safepoint region: Cleanup
[2019-12-08T10:13:40.732+0000][1][safepoint    ] Leaving safepoint region
[2019-12-08T10:13:40.732+0000][1][safepoint    ] Total time for which application threads were stopped: 0.0000845 seconds, Stopping threads took: 0.0000200 seconds
[2019-12-08T10:13:41.732+0000][1][safepoint    ] Application time: 1.0000877 seconds
[2019-12-08T10:13:41.732+0000][1][safepoint    ] Entering safepoint region: Cleanup
[2019-12-08T10:13:41.732+0000][1][safepoint    ] Leaving safepoint region
[2019-12-08T10:13:41.732+0000][1][safepoint    ] Total time for which application threads were stopped: 0.0001025 seconds, Stopping threads took: 0.0000301 seconds
[2019-12-08T10:13:42.732+0000][1][safepoint    ] Application time: 1.0000825 seconds
[2019-12-08T10:13:42.732+0000][1][safepoint    ] Entering safepoint region: Cleanup
[2019-12-08T10:13:42.732+0000][1][safepoint    ] Leaving safepoint region
[2019-12-08T10:13:42.732+0000][1][safepoint    ] Total time for which application threads were stopped: 0.0000875 seconds, Stopping threads took: 0.0000287 seconds
[2019-12-08T10:13:43.732+0000][1][safepoint    ] Application time: 1.0000776 seconds
[2019-12-08T10:13:43.732+0000][1][safepoint    ] Entering safepoint region: Cleanup
[2019-12-08T10:13:43.732+0000][1][safepoint    ] Leaving safepoint region
[2019-12-08T10:13:43.732+0000][1][safepoint    ] Total time for which application threads were stopped: 0.0000761 seconds, Stopping threads took: 0.0000202 seconds
[2019-12-08T10:13:44.733+0000][1][safepoint    ] Application time: 1.0000794 seconds
[2019-12-08T10:13:44.733+0000][1][safepoint    ] Entering safepoint region: Cleanup
[2019-12-08T10:13:44.733+0000][1][safepoint    ] Leaving safepoint region
[2019-12-08T10:13:44.733+0000][1][safepoint    ] Total time for which application threads were stopped: 0.0000823 seconds, Stopping threads took: 0.0000206 seconds
[2019-12-08T10:13:45.733+0000][1][safepoint    ] Application time: 1.0000931 seconds
[2019-12-08T10:13:45.733+0000][1][safepoint    ] Entering safepoint region: Cleanup
[2019-12-08T10:13:45.733+0000][1][safepoint    ] Leaving safepoint region
[2019-12-08T10:13:45.733+0000][1][safepoint    ] Total time for which application threads were stopped: 0.0000821 seconds, Stopping threads took: 0.0000225 seconds
[2019-12-08T10:13:46.733+0000][1][safepoint    ] Application time: 1.0000802 seconds
[2019-12-08T10:13:46.733+0000][1][safepoint    ] Entering safepoint region: Cleanup
[2019-12-08T10:13:46.733+0000][1][safepoint    ] Leaving safepoint region
[2019-12-08T10:13:46.733+0000][1][safepoint    ] Total time for which application threads were stopped: 0.0000763 seconds, Stopping threads took: 0.0000193 seconds
[2019-12-08T10:13:47.733+0000][1][safepoint    ] Application time: 1.0000791 seconds
[2019-12-08T10:13:47.733+0000][1][safepoint    ] Entering safepoint region: Cleanup
[2019-12-08T10:13:47.733+0000][1][safepoint    ] Leaving safepoint region
[2019-12-08T10:13:47.733+0000][1][safepoint    ] Total time for which application threads were stopped: 0.0000807 seconds, Stopping threads took: 0.0000201 seconds
[2019-12-08T10:13:48.733+0000][1][safepoint    ] Application time: 1.0000786 seconds
[2019-12-08T10:13:48.733+0000][1][safepoint    ] Entering safepoint region: Cleanup
[2019-12-08T10:13:48.733+0000][1][safepoint    ] Leaving safepoint region
[2019-12-08T10:13:48.733+0000][1][safepoint    ] Total time for which application threads were stopped: 0.0000781 seconds, Stopping threads took: 0.0000194 seconds
[2019-12-08T10:13:49.734+0000][1][safepoint    ] Application time: 1.0000777 seconds
[2019-12-08T10:13:49.734+0000][1][safepoint    ] Entering safepoint region: Cleanup
[2019-12-08T10:13:49.734+0000][1][safepoint    ] Leaving safepoint region
[2019-12-08T10:13:49.734+0000][1][safepoint    ] Total time for which application threads were stopped: 0.0000803 seconds, Stopping threads took: 0.0000197 seconds
[2019-12-08T10:13:50.734+0000][1][safepoint    ] Application time: 1.0000782 seconds
[2019-12-08T10:13:50.734+0000][1][safepoint    ] Entering safepoint region: Cleanup
[2019-12-08T10:13:50.734+0000][1][safepoint    ] Leaving safepoint region
[2019-12-08T10:13:50.734+0000][1][safepoint    ] Total time for which application threads were stopped: 0.0000804 seconds, Stopping threads took: 0.0000208 seconds
[2019-12-08T10:13:51.734+0000][1][safepoint    ] Application time: 1.0000781 seconds
[2019-12-08T10:13:51.734+0000][1][safepoint    ] Entering safepoint region: Cleanup
[2019-12-08T10:13:51.734+0000][1][safepoint    ] Leaving safepoint region
[2019-12-08T10:13:51.734+0000][1][safepoint    ] Total time for which application threads were stopped: 0.0000893 seconds, Stopping threads took: 0.0000286 seconds
[2019-12-08T10:13:52.734+0000][1][safepoint    ] Application time: 1.0000789 seconds
[2019-12-08T10:13:52.734+0000][1][safepoint    ] Entering safepoint region: Cleanup
[2019-12-08T10:13:52.734+0000][1][safepoint    ] Leaving safepoint region
[2019-12-08T10:13:52.734+0000][1][safepoint    ] Total time for which application threads were stopped: 0.0000826 seconds, Stopping threads took: 0.0000215 seconds
[2019-12-08T10:13:53.734+0000][1][safepoint    ] Application time: 1.0000849 seconds
[2019-12-08T10:13:53.734+0000][1][safepoint    ] Entering safepoint region: Cleanup
[2019-12-08T10:13:53.735+0000][1][safepoint    ] Leaving safepoint region
[2019-12-08T10:13:53.735+0000][1][safepoint    ] Total time for which application threads were stopped: 0.0000817 seconds, Stopping threads took: 0.0000203 seconds
[2019-12-08T10:13:54.735+0000][1][safepoint    ] Application time: 1.0000883 seconds
[2019-12-08T10:13:54.735+0000][1][safepoint    ] Entering safepoint region: Cleanup
[2019-12-08T10:13:54.735+0000][1][safepoint    ] Leaving safepoint region
[2019-12-08T10:13:54.735+0000][1][safepoint    ] Total time for which application threads were stopped: 0.0000952 seconds, Stopping threads took: 0.0000201 seconds
[2019-12-08T10:13:55.735+0000][1][safepoint    ] Application time: 1.0000870 seconds
[2019-12-08T10:13:55.735+0000][1][safepoint    ] Entering safepoint region: Cleanup
[2019-12-08T10:13:55.735+0000][1][safepoint    ] Leaving safepoint region
[2019-12-08T10:13:55.735+0000][1][safepoint    ] Total time for which application threads were stopped: 0.0000808 seconds, Stopping threads took: 0.0000202 seconds
[2019-12-08T10:13:56.735+0000][1][safepoint    ] Application time: 1.0000878 seconds
[2019-12-08T10:13:56.735+0000][1][safepoint    ] Entering safepoint region: Cleanup
[2019-12-08T10:13:56.735+0000][1][safepoint    ] Leaving safepoint region
[2019-12-08T10:13:56.735+0000][1][safepoint    ] Total time for which application threads were stopped: 0.0000795 seconds, Stopping threads took: 0.0000204 seconds
[2019-12-08T10:13:57.735+0000][1][safepoint    ] Application time: 1.0000851 seconds
[2019-12-08T10:13:57.735+0000][1][safepoint    ] Entering safepoint region: Cleanup
[2019-12-08T10:13:57.735+0000][1][safepoint    ] Leaving safepoint region
[2019-12-08T10:13:57.735+0000][1][safepoint    ] Total time for which application threads were stopped: 0.0000768 seconds, Stopping threads took: 0.0000193 seconds
[2019-12-08T10:13:58.735+0000][1][safepoint    ] Application time: 1.0000861 seconds
[2019-12-08T10:13:58.735+0000][1][safepoint    ] Entering safepoint region: Cleanup
[2019-12-08T10:13:58.736+0000][1][safepoint    ] Leaving safepoint region
[2019-12-08T10:13:58.736+0000][1][safepoint    ] Total time for which application threads were stopped: 0.0000778 seconds, Stopping threads took: 0.0000190 seconds
[2019-12-08T10:13:59.736+0000][1][safepoint    ] Application time: 1.0000796 seconds
[2019-12-08T10:13:59.736+0000][1][safepoint    ] Entering safepoint region: Cleanup
[2019-12-08T10:13:59.736+0000][1][safepoint    ] Leaving safepoint region
[2019-12-08T10:13:59.736+0000][1][safepoint    ] Total time for which application threads were stopped: 0.0000793 seconds, Stopping threads took: 0.0000224 seconds
[2019-12-08T10:13:59.942+0000][1][safepoint    ] Application time: 0.2065442 seconds
[2019-12-08T10:13:59.942+0000][1][safepoint    ] Entering safepoint region: GenCollectForAllocation
[2019-12-08T10:13:59.942+0000][1][gc,start     ] GC(38) Pause Young (Allocation Failure)
[2019-12-08T10:13:59.943+0000][1][gc,task      ] GC(38) Using 4 workers of 4 for evacuation
[2019-12-08T10:13:59.944+0000][1][gc,age       ] GC(38) Desired survivor size 4456448 bytes, new threshold 6 (max threshold 6)
[2019-12-08T10:13:59.944+0000][1][gc,age       ] GC(38) Age table with threshold 6 (max threshold 6)
[2019-12-08T10:13:59.944+0000][1][gc,age       ] GC(38) - age   1:      73848 bytes,      73848 total
[2019-12-08T10:13:59.944+0000][1][gc,age       ] GC(38) - age   2:        936 bytes,      74784 total
[2019-12-08T10:13:59.944+0000][1][gc,age       ] GC(38) - age   3:       1936 bytes,      76720 total
[2019-12-08T10:13:59.944+0000][1][gc,age       ] GC(38) - age   4:       5528 bytes,      82248 total
[2019-12-08T10:13:59.944+0000][1][gc,age       ] GC(38) - age   5:        368 bytes,      82616 total
[2019-12-08T10:13:59.944+0000][1][gc,age       ] GC(38) - age   6:       2144 bytes,      84760 total
[2019-12-08T10:13:59.944+0000][1][gc,heap      ] GC(38) ParNew: 69979K->89K(78656K)
[2019-12-08T10:13:59.944+0000][1][gc,heap      ] GC(38) CMS: 70399K->70400K(174784K)
[2019-12-08T10:13:59.944+0000][1][gc,metaspace ] GC(38) Metaspace: 72519K->72519K(1116160K)
[2019-12-08T10:13:59.944+0000][1][gc           ] GC(38) Pause Young (Allocation Failure) 137M->68M(247M) 1.141ms
[2019-12-08T10:13:59.944+0000][1][gc,cpu       ] GC(38) User=0.01s Sys=0.00s Real=0.00s
[2019-12-08T10:13:59.944+0000][1][safepoint    ] Leaving safepoint region
[2019-12-08T10:13:59.944+0000][1][safepoint    ] Total time for which application threads were stopped: 0.0013027 seconds, Stopping threads took: 0.0000209 seconds
[2019-12-08T10:14:00.944+0000][1][safepoint    ] Application time: 1.0001030 seconds
[2019-12-08T10:14:00.944+0000][1][safepoint    ] Entering safepoint region: Cleanup
[2019-12-08T10:14:00.944+0000][1][safepoint    ] Leaving safepoint region
[2019-12-08T10:14:00.944+0000][1][safepoint    ] Total time for which application threads were stopped: 0.0000772 seconds, Stopping threads took: 0.0000187 seconds
[2019-12-08T10:14:01.945+0000][1][safepoint    ] Application time: 1.0008138 seconds
[2019-12-08T10:14:01.945+0000][1][safepoint    ] Entering safepoint region: Cleanup
[2019-12-08T10:14:01.945+0000][1][safepoint    ] Leaving safepoint region
[2019-12-08T10:14:01.945+0000][1][safepoint    ] Total time for which application threads were stopped: 0.0001040 seconds, Stopping threads took: 0.0000266 seconds
[2019-12-08T10:14:02.945+0000][1][safepoint    ] Application time: 1.0000816 seconds
[2019-12-08T10:14:02.945+0000][1][safepoint    ] Entering safepoint region: Cleanup
[2019-12-08T10:14:02.945+0000][1][safepoint    ] Leaving safepoint region
[2019-12-08T10:14:02.945+0000][1][safepoint    ] Total time for which application threads were stopped: 0.0000922 seconds, Stopping threads took: 0.0000259 seconds
[2019-12-08T10:14:03.945+0000][1][safepoint    ] Application time: 1.0000845 seconds
[2019-12-08T10:14:03.945+0000][1][safepoint    ] Entering safepoint region: Cleanup
[2019-12-08T10:14:03.945+0000][1][safepoint    ] Leaving safepoint region
[2019-12-08T10:14:03.945+0000][1][safepoint    ] Total time for which application threads were stopped: 0.0000788 seconds, Stopping threads took: 0.0000189 seconds
[2019-12-08T10:14:04.945+0000][1][safepoint    ] Application time: 1.0000846 seconds
[2019-12-08T10:14:04.945+0000][1][safepoint    ] Entering safepoint region: Cleanup
[2019-12-08T10:14:04.945+0000][1][safepoint    ] Leaving safepoint region
[2019-12-08T10:14:04.946+0000][1][safepoint    ] Total time for which application threads were stopped: 0.0000778 seconds, Stopping threads took: 0.0000200 seconds
[2019-12-08T10:14:05.946+0000][1][safepoint    ] Application time: 1.0000812 seconds
[2019-12-08T10:14:05.946+0000][1][safepoint    ] Entering safepoint region: Cleanup
[2019-12-08T10:14:05.946+0000][1][safepoint    ] Leaving safepoint region
[2019-12-08T10:14:05.946+0000][1][safepoint    ] Total time for which application threads were stopped: 0.0000949 seconds, Stopping threads took: 0.0000200 seconds
[2019-12-08T10:14:06.946+0000][1][safepoint    ] Application time: 1.0000908 seconds
[2019-12-08T10:14:06.946+0000][1][safepoint    ] Entering safepoint region: Cleanup
[2019-12-08T10:14:06.946+0000][1][safepoint    ] Leaving safepoint region
[2019-12-08T10:14:06.946+0000][1][safepoint    ] Total time for which application threads were stopped: 0.0000780 seconds, Stopping threads took: 0.0000206 seconds
[2019-12-08T10:14:07.946+0000][1][safepoint    ] Application time: 1.0000783 seconds
[2019-12-08T10:14:07.946+0000][1][safepoint    ] Entering safepoint region: Cleanup
[2019-12-08T10:14:07.946+0000][1][safepoint    ] Leaving safepoint region
[2019-12-08T10:14:07.946+0000][1][safepoint    ] Total time for which application threads were stopped: 0.0000788 seconds, Stopping threads took: 0.0000204 seconds
[2019-12-08T10:14:08.946+0000][1][safepoint    ] Application time: 1.0000907 seconds
[2019-12-08T10:14:08.946+0000][1][safepoint    ] Entering safepoint region: Cleanup
[2019-12-08T10:14:08.946+0000][1][safepoint    ] Leaving safepoint region
[2019-12-08T10:14:08.946+0000][1][safepoint    ] Total time for which application threads were stopped: 0.0000810 seconds, Stopping threads took: 0.0000205 seconds
[2019-12-08T10:14:09.946+0000][1][safepoint    ] Application time: 1.0000784 seconds
[2019-12-08T10:14:09.946+0000][1][safepoint    ] Entering safepoint region: Cleanup
[2019-12-08T10:14:09.947+0000][1][safepoint    ] Leaving safepoint region
[2019-12-08T10:14:09.947+0000][1][safepoint    ] Total time for which application threads were stopped: 0.0000764 seconds, Stopping threads took: 0.0000190 seconds
[2019-12-08T10:14:10.947+0000][1][safepoint    ] Application time: 1.0000803 seconds
[2019-12-08T10:14:10.947+0000][1][safepoint    ] Entering safepoint region: Cleanup
[2019-12-08T10:14:10.947+0000][1][safepoint    ] Leaving safepoint region
[2019-12-08T10:14:10.947+0000][1][safepoint    ] Total time for which application threads were stopped: 0.0000835 seconds, Stopping threads took: 0.0000224 seconds
[2019-12-08T10:14:11.947+0000][1][safepoint    ] Application time: 1.0000773 seconds
[2019-12-08T10:14:11.947+0000][1][safepoint    ] Entering safepoint region: Cleanup
[2019-12-08T10:14:11.947+0000][1][safepoint    ] Leaving safepoint region
[2019-12-08T10:14:11.947+0000][1][safepoint    ] Total time for which application threads were stopped: 0.0000782 seconds, Stopping threads took: 0.0000207 seconds
[2019-12-08T10:14:12.947+0000][1][safepoint    ] Application time: 1.0000897 seconds
[2019-12-08T10:14:12.947+0000][1][safepoint    ] Entering safepoint region: Cleanup
[2019-12-08T10:14:12.947+0000][1][safepoint    ] Leaving safepoint region
[2019-12-08T10:14:12.947+0000][1][safepoint    ] Total time for which application threads were stopped: 0.0000803 seconds, Stopping threads took: 0.0000208 seconds
[2019-12-08T10:14:13.947+0000][1][safepoint    ] Application time: 1.0000826 seconds
[2019-12-08T10:14:13.947+0000][1][safepoint    ] Entering safepoint region: Cleanup
[2019-12-08T10:14:13.947+0000][1][safepoint    ] Leaving safepoint region
[2019-12-08T10:14:13.947+0000][1][safepoint    ] Total time for which application threads were stopped: 0.0000778 seconds, Stopping threads took: 0.0000197 seconds
[2019-12-08T10:14:14.947+0000][1][safepoint    ] Application time: 1.0000847 seconds
[2019-12-08T10:14:14.948+0000][1][safepoint    ] Entering safepoint region: Cleanup
[2019-12-08T10:14:14.948+0000][1][safepoint    ] Leaving safepoint region
[2019-12-08T10:14:14.948+0000][1][safepoint    ] Total time for which application threads were stopped: 0.0000764 seconds, Stopping threads took: 0.0000185 seconds
[2019-12-08T10:14:15.948+0000][1][safepoint    ] Application time: 1.0000942 seconds
[2019-12-08T10:14:15.948+0000][1][safepoint    ] Entering safepoint region: Cleanup
[2019-12-08T10:14:15.948+0000][1][safepoint    ] Leaving safepoint region
[2019-12-08T10:14:15.948+0000][1][safepoint    ] Total time for which application threads were stopped: 0.0000798 seconds, Stopping threads took: 0.0000208 seconds
[2019-12-08T10:14:16.948+0000][1][safepoint    ] Application time: 1.0000807 seconds
[2019-12-08T10:14:16.948+0000][1][safepoint    ] Entering safepoint region: Cleanup
[2019-12-08T10:14:16.948+0000][1][safepoint    ] Leaving safepoint region
[2019-12-08T10:14:16.948+0000][1][safepoint    ] Total time for which application threads were stopped: 0.0000753 seconds, Stopping threads took: 0.0000190 seconds
[2019-12-08T10:14:17.948+0000][1][safepoint    ] Application time: 1.0000790 seconds
[2019-12-08T10:14:17.948+0000][1][safepoint    ] Entering safepoint region: Cleanup
[2019-12-08T10:14:17.948+0000][1][safepoint    ] Leaving safepoint region
[2019-12-08T10:14:17.948+0000][1][safepoint    ] Total time for which application threads were stopped: 0.0000709 seconds, Stopping threads took: 0.0000160 seconds
[2019-12-08T10:14:18.948+0000][1][safepoint    ] Application time: 1.0000793 seconds
[2019-12-08T10:14:18.948+0000][1][safepoint    ] Entering safepoint region: Cleanup
[2019-12-08T10:14:18.948+0000][1][safepoint    ] Leaving safepoint region
[2019-12-08T10:14:18.948+0000][1][safepoint    ] Total time for which application threads were stopped: 0.0000757 seconds, Stopping threads took: 0.0000190 seconds
[2019-12-08T10:14:19.948+0000][1][safepoint    ] Application time: 1.0000793 seconds
[2019-12-08T10:14:19.949+0000][1][safepoint    ] Entering safepoint region: Cleanup
[2019-12-08T10:14:19.949+0000][1][safepoint    ] Leaving safepoint region
[2019-12-08T10:14:19.949+0000][1][safepoint    ] Total time for which application threads were stopped: 0.0000756 seconds, Stopping threads took: 0.0000196 seconds
[2019-12-08T10:14:20.949+0000][1][safepoint    ] Application time: 1.0000848 seconds
[2019-12-08T10:14:20.949+0000][1][safepoint    ] Entering safepoint region: Cleanup
[2019-12-08T10:14:20.949+0000][1][safepoint    ] Leaving safepoint region
[2019-12-08T10:14:20.949+0000][1][safepoint    ] Total time for which application threads were stopped: 0.0000765 seconds, Stopping threads took: 0.0000194 seconds
[2019-12-08T10:14:21.949+0000][1][safepoint    ] Application time: 1.0000768 seconds
[2019-12-08T10:14:21.949+0000][1][safepoint    ] Entering safepoint region: Cleanup
[2019-12-08T10:14:21.949+0000][1][safepoint    ] Leaving safepoint region
[2019-12-08T10:14:21.949+0000][1][safepoint    ] Total time for which application threads were stopped: 0.0000786 seconds, Stopping threads took: 0.0000188 seconds
[2019-12-08T10:14:22.949+0000][1][safepoint    ] Application time: 1.0000839 seconds
[2019-12-08T10:14:22.949+0000][1][safepoint    ] Entering safepoint region: Cleanup
[2019-12-08T10:14:22.949+0000][1][safepoint    ] Leaving safepoint region
[2019-12-08T10:14:22.949+0000][1][safepoint    ] Total time for which application threads were stopped: 0.0000780 seconds, Stopping threads took: 0.0000187 seconds
[2019-12-08T10:14:23.949+0000][1][safepoint    ] Application time: 1.0000840 seconds
[2019-12-08T10:14:23.949+0000][1][safepoint    ] Entering safepoint region: Cleanup
[2019-12-08T10:14:23.949+0000][1][safepoint    ] Leaving safepoint region
[2019-12-08T10:14:23.949+0000][1][safepoint    ] Total time for which application threads were stopped: 0.0000807 seconds, Stopping threads took: 0.0000205 seconds
[2019-12-08T10:14:24.950+0000][1][safepoint    ] Application time: 1.0000841 seconds
[2019-12-08T10:14:24.950+0000][1][safepoint    ] Entering safepoint region: Cleanup
[2019-12-08T10:14:24.950+0000][1][safepoint    ] Leaving safepoint region
[2019-12-08T10:14:24.950+0000][1][safepoint    ] Total time for which application threads were stopped: 0.0000741 seconds, Stopping threads took: 0.0000179 seconds
[2019-12-08T10:14:25.950+0000][1][safepoint    ] Application time: 1.0000779 seconds
[2019-12-08T10:14:25.950+0000][1][safepoint    ] Entering safepoint region: Cleanup
[2019-12-08T10:14:25.950+0000][1][safepoint    ] Leaving safepoint region
[2019-12-08T10:14:25.950+0000][1][safepoint    ] Total time for which application threads were stopped: 0.0000730 seconds, Stopping threads took: 0.0000178 seconds
[2019-12-08T10:14:26.950+0000][1][safepoint    ] Application time: 1.0000773 seconds
[2019-12-08T10:14:26.950+0000][1][safepoint    ] Entering safepoint region: Cleanup
[2019-12-08T10:14:26.950+0000][1][safepoint    ] Leaving safepoint region
[2019-12-08T10:14:26.950+0000][1][safepoint    ] Total time for which application threads were stopped: 0.0001003 seconds, Stopping threads took: 0.0000180 seconds
[2019-12-08T10:14:27.950+0000][1][safepoint    ] Application time: 1.0000768 seconds
[2019-12-08T10:14:27.950+0000][1][safepoint    ] Entering safepoint region: Cleanup
[2019-12-08T10:14:27.950+0000][1][safepoint    ] Leaving safepoint region
[2019-12-08T10:14:27.950+0000][1][safepoint    ] Total time for which application threads were stopped: 0.0000738 seconds, Stopping threads took: 0.0000181 seconds
[2019-12-08T10:14:28.950+0000][1][safepoint    ] Application time: 1.0000820 seconds
[2019-12-08T10:14:28.950+0000][1][safepoint    ] Entering safepoint region: Cleanup
[2019-12-08T10:14:28.950+0000][1][safepoint    ] Leaving safepoint region
[2019-12-08T10:14:28.950+0000][1][safepoint    ] Total time for which application threads were stopped: 0.0000825 seconds, Stopping threads took: 0.0000230 seconds
[2019-12-08T10:14:29.951+0000][1][safepoint    ] Application time: 1.0000792 seconds
[2019-12-08T10:14:29.951+0000][1][safepoint    ] Entering safepoint region: Cleanup
[2019-12-08T10:14:29.951+0000][1][safepoint    ] Leaving safepoint region
[2019-12-08T10:14:29.951+0000][1][safepoint    ] Total time for which application threads were stopped: 0.0000776 seconds, Stopping threads took: 0.0000197 seconds
[2019-12-08T10:14:30.951+0000][1][safepoint    ] Application time: 1.0000787 seconds
[2019-12-08T10:14:30.951+0000][1][safepoint    ] Entering safepoint region: Cleanup
[2019-12-08T10:14:30.951+0000][1][safepoint    ] Leaving safepoint region
[2019-12-08T10:14:30.951+0000][1][safepoint    ] Total time for which application threads were stopped: 0.0000751 seconds, Stopping threads took: 0.0000186 seconds
[2019-12-08T10:14:31.951+0000][1][safepoint    ] Application time: 1.0000753 seconds
[2019-12-08T10:14:31.951+0000][1][safepoint    ] Entering safepoint region: Cleanup
[2019-12-08T10:14:31.951+0000][1][safepoint    ] Leaving safepoint region
[2019-12-08T10:14:31.951+0000][1][safepoint    ] Total time for which application threads were stopped: 0.0000806 seconds, Stopping threads took: 0.0000219 seconds
[2019-12-08T10:14:32.951+0000][1][safepoint    ] Application time: 1.0000814 seconds
[2019-12-08T10:14:32.951+0000][1][safepoint    ] Entering safepoint region: Cleanup
[2019-12-08T10:14:32.951+0000][1][safepoint    ] Leaving safepoint region
[2019-12-08T10:14:32.951+0000][1][safepoint    ] Total time for which application threads were stopped: 0.0000902 seconds, Stopping threads took: 0.0000200 seconds
[2019-12-08T10:14:33.951+0000][1][safepoint    ] Application time: 1.0000780 seconds
[2019-12-08T10:14:33.951+0000][1][safepoint    ] Entering safepoint region: Cleanup
[2019-12-08T10:14:33.951+0000][1][safepoint    ] Leaving safepoint region
[2019-12-08T10:14:33.951+0000][1][safepoint    ] Total time for which application threads were stopped: 0.0000740 seconds, Stopping threads took: 0.0000182 seconds
[2019-12-08T10:14:34.952+0000][1][safepoint    ] Application time: 1.0000770 seconds
[2019-12-08T10:14:34.952+0000][1][safepoint    ] Entering safepoint region: Cleanup
[2019-12-08T10:14:34.952+0000][1][safepoint    ] Leaving safepoint region
[2019-12-08T10:14:34.952+0000][1][safepoint    ] Total time for which application threads were stopped: 0.0000775 seconds, Stopping threads took: 0.0000201 seconds
[2019-12-08T10:14:35.952+0000][1][safepoint    ] Application time: 1.0000764 seconds
[2019-12-08T10:14:35.952+0000][1][safepoint    ] Entering safepoint region: Cleanup
[2019-12-08T10:14:35.952+0000][1][safepoint    ] Leaving safepoint region
[2019-12-08T10:14:35.952+0000][1][safepoint    ] Total time for which application threads were stopped: 0.0000787 seconds, Stopping threads took: 0.0000193 seconds
[2019-12-08T10:14:36.952+0000][1][safepoint    ] Application time: 1.0000853 seconds
[2019-12-08T10:14:36.952+0000][1][safepoint    ] Entering safepoint region: Cleanup
[2019-12-08T10:14:36.952+0000][1][safepoint    ] Leaving safepoint region
[2019-12-08T10:14:36.952+0000][1][safepoint    ] Total time for which application threads were stopped: 0.0000733 seconds, Stopping threads took: 0.0000183 seconds
[2019-12-08T10:14:37.952+0000][1][safepoint    ] Application time: 1.0000777 seconds
[2019-12-08T10:14:37.952+0000][1][safepoint    ] Entering safepoint region: Cleanup
[2019-12-08T10:14:37.952+0000][1][safepoint    ] Leaving safepoint region
[2019-12-08T10:14:37.952+0000][1][safepoint    ] Total time for which application threads were stopped: 0.0000753 seconds, Stopping threads took: 0.0000187 seconds
[2019-12-08T10:14:38.952+0000][1][safepoint    ] Application time: 1.0000783 seconds
[2019-12-08T10:14:38.952+0000][1][safepoint    ] Entering safepoint region: Cleanup
[2019-12-08T10:14:38.952+0000][1][safepoint    ] Leaving safepoint region
[2019-12-08T10:14:38.952+0000][1][safepoint    ] Total time for which application threads were stopped: 0.0000783 seconds, Stopping threads took: 0.0000203 seconds
[2019-12-08T10:14:39.953+0000][1][safepoint    ] Application time: 1.0000774 seconds
[2019-12-08T10:14:39.953+0000][1][safepoint    ] Entering safepoint region: Cleanup
[2019-12-08T10:14:39.953+0000][1][safepoint    ] Leaving safepoint region
[2019-12-08T10:14:39.953+0000][1][safepoint    ] Total time for which application threads were stopped: 0.0000760 seconds, Stopping threads took: 0.0000184 seconds
[2019-12-08T10:14:40.953+0000][1][safepoint    ] Application time: 1.0000767 seconds
[2019-12-08T10:14:40.953+0000][1][safepoint    ] Entering safepoint region: Cleanup
[2019-12-08T10:14:40.953+0000][1][safepoint    ] Leaving safepoint region
[2019-12-08T10:14:40.953+0000][1][safepoint    ] Total time for which application threads were stopped: 0.0000771 seconds, Stopping threads took: 0.0000196 seconds
[2019-12-08T10:14:41.954+0000][1][safepoint    ] Application time: 1.0008820 seconds
[2019-12-08T10:14:41.954+0000][1][safepoint    ] Entering safepoint region: Cleanup
[2019-12-08T10:14:41.954+0000][1][safepoint    ] Leaving safepoint region
[2019-12-08T10:14:41.954+0000][1][safepoint    ] Total time for which application threads were stopped: 0.0000951 seconds, Stopping threads took: 0.0000254 seconds
[2019-12-08T10:14:42.954+0000][1][safepoint    ] Application time: 1.0000773 seconds
[2019-12-08T10:14:42.954+0000][1][safepoint    ] Entering safepoint region: Cleanup
[2019-12-08T10:14:42.954+0000][1][safepoint    ] Leaving safepoint region
[2019-12-08T10:14:42.954+0000][1][safepoint    ] Total time for which application threads were stopped: 0.0000842 seconds, Stopping threads took: 0.0000263 seconds
[2019-12-08T10:14:43.954+0000][1][safepoint    ] Application time: 1.0000780 seconds
[2019-12-08T10:14:43.954+0000][1][safepoint    ] Entering safepoint region: Cleanup
[2019-12-08T10:14:43.954+0000][1][safepoint    ] Leaving safepoint region
[2019-12-08T10:14:43.954+0000][1][safepoint    ] Total time for which application threads were stopped: 0.0000751 seconds, Stopping threads took: 0.0000187 seconds
[2019-12-08T10:14:45.787+0000][1][safepoint    ] Application time: 1.8329422 seconds
[2019-12-08T10:14:45.787+0000][1][safepoint    ] Entering safepoint region: Cleanup
[2019-12-08T10:14:45.787+0000][1][safepoint    ] Leaving safepoint region
[2019-12-08T10:14:45.787+0000][1][safepoint    ] Total time for which application threads were stopped: 0.0000745 seconds, Stopping threads took: 0.0000187 seconds
[2019-12-08T10:14:46.787+0000][1][safepoint    ] Application time: 1.0000751 seconds
[2019-12-08T10:14:46.787+0000][1][safepoint    ] Entering safepoint region: Cleanup
[2019-12-08T10:14:46.787+0000][1][safepoint    ] Leaving safepoint region
[2019-12-08T10:14:46.787+0000][1][safepoint    ] Total time for which application threads were stopped: 0.0000716 seconds, Stopping threads took: 0.0000165 seconds
[2019-12-08T10:14:47.788+0000][1][safepoint    ] Application time: 1.0000751 seconds
[2019-12-08T10:14:47.788+0000][1][safepoint    ] Entering safepoint region: Cleanup
[2019-12-08T10:14:47.788+0000][1][safepoint    ] Leaving safepoint region
[2019-12-08T10:14:47.788+0000][1][safepoint    ] Total time for which application threads were stopped: 0.0000710 seconds, Stopping threads took: 0.0000181 seconds
[2019-12-08T10:14:48.788+0000][1][safepoint    ] Application time: 1.0000746 seconds
[2019-12-08T10:14:48.788+0000][1][safepoint    ] Entering safepoint region: Cleanup
[2019-12-08T10:14:48.788+0000][1][safepoint    ] Leaving safepoint region
[2019-12-08T10:14:48.788+0000][1][safepoint    ] Total time for which application threads were stopped: 0.0000725 seconds, Stopping threads took: 0.0000175 seconds
[2019-12-08T10:14:49.788+0000][1][safepoint    ] Application time: 1.0000758 seconds
[2019-12-08T10:14:49.788+0000][1][safepoint    ] Entering safepoint region: Cleanup
[2019-12-08T10:14:49.788+0000][1][safepoint    ] Leaving safepoint region
[2019-12-08T10:14:49.788+0000][1][safepoint    ] Total time for which application threads were stopped: 0.0000683 seconds, Stopping threads took: 0.0000171 seconds
[2019-12-08T10:14:50.788+0000][1][safepoint    ] Application time: 1.0000752 seconds
[2019-12-08T10:14:50.788+0000][1][safepoint    ] Entering safepoint region: Cleanup
[2019-12-08T10:14:50.788+0000][1][safepoint    ] Leaving safepoint region
[2019-12-08T10:14:50.788+0000][1][safepoint    ] Total time for which application threads were stopped: 0.0000685 seconds, Stopping threads took: 0.0000166 seconds
[2019-12-08T10:14:51.788+0000][1][safepoint    ] Application time: 1.0000747 seconds
[2019-12-08T10:14:51.788+0000][1][safepoint    ] Entering safepoint region: Cleanup
[2019-12-08T10:14:51.788+0000][1][safepoint    ] Leaving safepoint region
[2019-12-08T10:14:51.788+0000][1][safepoint    ] Total time for which application threads were stopped: 0.0000696 seconds, Stopping threads took: 0.0000166 seconds
[2019-12-08T10:14:52.788+0000][1][safepoint    ] Application time: 1.0000746 seconds
[2019-12-08T10:14:52.788+0000][1][safepoint    ] Entering safepoint region: Cleanup
[2019-12-08T10:14:52.789+0000][1][safepoint    ] Leaving safepoint region
[2019-12-08T10:14:52.789+0000][1][safepoint    ] Total time for which application threads were stopped: 0.0000767 seconds, Stopping threads took: 0.0000239 seconds
[2019-12-08T10:14:53.789+0000][1][safepoint    ] Application time: 1.0000744 seconds
[2019-12-08T10:14:53.789+0000][1][safepoint    ] Entering safepoint region: Cleanup
[2019-12-08T10:14:53.789+0000][1][safepoint    ] Leaving safepoint region
[2019-12-08T10:14:53.789+0000][1][safepoint    ] Total time for which application threads were stopped: 0.0000840 seconds, Stopping threads took: 0.0000195 seconds
[2019-12-08T10:14:54.789+0000][1][safepoint    ] Application time: 1.0000646 seconds
[2019-12-08T10:14:54.789+0000][1][safepoint    ] Entering safepoint region: Cleanup
[2019-12-08T10:14:54.789+0000][1][safepoint    ] Leaving safepoint region
[2019-12-08T10:14:54.789+0000][1][safepoint    ] Total time for which application threads were stopped: 0.0000728 seconds, Stopping threads took: 0.0000191 seconds
[2019-12-08T10:14:55.789+0000][1][safepoint    ] Application time: 1.0000772 seconds
[2019-12-08T10:14:55.789+0000][1][safepoint    ] Entering safepoint region: Cleanup
[2019-12-08T10:14:55.789+0000][1][safepoint    ] Leaving safepoint region
[2019-12-08T10:14:55.789+0000][1][safepoint    ] Total time for which application threads were stopped: 0.0000702 seconds, Stopping threads took: 0.0000186 seconds
[2019-12-08T10:14:56.789+0000][1][safepoint    ] Application time: 1.0000788 seconds
[2019-12-08T10:14:56.789+0000][1][safepoint    ] Entering safepoint region: Cleanup
[2019-12-08T10:14:56.789+0000][1][safepoint    ] Leaving safepoint region
[2019-12-08T10:14:56.789+0000][1][safepoint    ] Total time for which application threads were stopped: 0.0000811 seconds, Stopping threads took: 0.0000180 seconds
[2019-12-08T10:14:57.789+0000][1][safepoint    ] Application time: 1.0000772 seconds
[2019-12-08T10:14:57.789+0000][1][safepoint    ] Entering safepoint region: Cleanup
[2019-12-08T10:14:57.789+0000][1][safepoint    ] Leaving safepoint region
[2019-12-08T10:14:57.789+0000][1][safepoint    ] Total time for which application threads were stopped: 0.0000696 seconds, Stopping threads took: 0.0000179 seconds
[2019-12-08T10:14:58.790+0000][1][safepoint    ] Application time: 1.0000717 seconds
[2019-12-08T10:14:58.790+0000][1][safepoint    ] Entering safepoint region: Cleanup
[2019-12-08T10:14:58.790+0000][1][safepoint    ] Leaving safepoint region
[2019-12-08T10:14:58.790+0000][1][safepoint    ] Total time for which application threads were stopped: 0.0000686 seconds, Stopping threads took: 0.0000175 seconds
[2019-12-08T10:14:59.790+0000][1][safepoint    ] Application time: 1.0000838 seconds
[2019-12-08T10:14:59.790+0000][1][safepoint    ] Entering safepoint region: Cleanup
[2019-12-08T10:14:59.790+0000][1][safepoint    ] Leaving safepoint region
[2019-12-08T10:14:59.790+0000][1][safepoint    ] Total time for which application threads were stopped: 0.0000700 seconds, Stopping threads took: 0.0000179 seconds
[2019-12-08T10:15:00.790+0000][1][safepoint    ] Application time: 1.0000805 seconds
[2019-12-08T10:15:00.790+0000][1][safepoint    ] Entering safepoint region: Cleanup
[2019-12-08T10:15:00.790+0000][1][safepoint    ] Leaving safepoint region
[2019-12-08T10:15:00.790+0000][1][safepoint    ] Total time for which application threads were stopped: 0.0000797 seconds, Stopping threads took: 0.0000187 seconds
[2019-12-08T10:15:01.790+0000][1][safepoint    ] Application time: 1.0000785 seconds
[2019-12-08T10:15:01.790+0000][1][safepoint    ] Entering safepoint region: Cleanup
[2019-12-08T10:15:01.790+0000][1][safepoint    ] Leaving safepoint region
[2019-12-08T10:15:01.790+0000][1][safepoint    ] Total time for which application threads were stopped: 0.0000776 seconds, Stopping threads took: 0.0000211 seconds
[2019-12-08T10:15:02.790+0000][1][safepoint    ] Application time: 1.0000815 seconds
[2019-12-08T10:15:02.790+0000][1][safepoint    ] Entering safepoint region: Cleanup
[2019-12-08T10:15:02.790+0000][1][safepoint    ] Leaving safepoint region
[2019-12-08T10:15:02.790+0000][1][safepoint    ] Total time for which application threads were stopped: 0.0000816 seconds, Stopping threads took: 0.0000261 seconds
[2019-12-08T10:15:03.790+0000][1][safepoint    ] Application time: 1.0000841 seconds
[2019-12-08T10:15:03.791+0000][1][safepoint    ] Entering safepoint region: Cleanup
[2019-12-08T10:15:03.791+0000][1][safepoint    ] Leaving safepoint region
[2019-12-08T10:15:03.791+0000][1][safepoint    ] Total time for which application threads were stopped: 0.0000754 seconds, Stopping threads took: 0.0000191 seconds
[2019-12-08T10:15:04.791+0000][1][safepoint    ] Application time: 1.0000783 seconds
[2019-12-08T10:15:04.791+0000][1][safepoint    ] Entering safepoint region: Cleanup
[2019-12-08T10:15:04.791+0000][1][safepoint    ] Leaving safepoint region
[2019-12-08T10:15:04.791+0000][1][safepoint    ] Total time for which application threads were stopped: 0.0000708 seconds, Stopping threads took: 0.0000176 seconds
[2019-12-08T10:15:05.791+0000][1][safepoint    ] Application time: 1.0000818 seconds
[2019-12-08T10:15:05.791+0000][1][safepoint    ] Entering safepoint region: Cleanup
[2019-12-08T10:15:05.791+0000][1][safepoint    ] Leaving safepoint region
[2019-12-08T10:15:05.791+0000][1][safepoint    ] Total time for which application threads were stopped: 0.0000769 seconds, Stopping threads took: 0.0000195 seconds
[2019-12-08T10:15:06.791+0000][1][safepoint    ] Application time: 1.0000781 seconds
[2019-12-08T10:15:06.791+0000][1][safepoint    ] Entering safepoint region: Cleanup
[2019-12-08T10:15:06.791+0000][1][safepoint    ] Leaving safepoint region
[2019-12-08T10:15:06.791+0000][1][safepoint    ] Total time for which application threads were stopped: 0.0000769 seconds, Stopping threads took: 0.0000204 seconds
[2019-12-08T10:15:07.791+0000][1][safepoint    ] Application time: 1.0000859 seconds
[2019-12-08T10:15:07.791+0000][1][safepoint    ] Entering safepoint region: Cleanup
[2019-12-08T10:15:07.791+0000][1][safepoint    ] Leaving safepoint region
[2019-12-08T10:15:07.791+0000][1][safepoint    ] Total time for which application threads were stopped: 0.0000949 seconds, Stopping threads took: 0.0000250 seconds
[2019-12-08T10:15:08.791+0000][1][safepoint    ] Application time: 1.0000812 seconds
[2019-12-08T10:15:08.791+0000][1][safepoint    ] Entering safepoint region: Cleanup
[2019-12-08T10:15:08.792+0000][1][safepoint    ] Leaving safepoint region
[2019-12-08T10:15:08.792+0000][1][safepoint    ] Total time for which application threads were stopped: 0.0000775 seconds, Stopping threads took: 0.0000241 seconds
[2019-12-08T10:15:09.792+0000][1][safepoint    ] Application time: 1.0000832 seconds
[2019-12-08T10:15:09.792+0000][1][safepoint    ] Entering safepoint region: Cleanup
[2019-12-08T10:15:09.792+0000][1][safepoint    ] Leaving safepoint region
[2019-12-08T10:15:09.792+0000][1][safepoint    ] Total time for which application threads were stopped: 0.0001016 seconds, Stopping threads took: 0.0000360 seconds
[2019-12-08T10:15:10.792+0000][1][safepoint    ] Application time: 1.0000875 seconds
[2019-12-08T10:15:10.792+0000][1][safepoint    ] Entering safepoint region: Cleanup
[2019-12-08T10:15:10.792+0000][1][safepoint    ] Leaving safepoint region
[2019-12-08T10:15:10.792+0000][1][safepoint    ] Total time for which application threads were stopped: 0.0001092 seconds, Stopping threads took: 0.0000445 seconds
[2019-12-08T10:15:11.792+0000][1][safepoint    ] Application time: 1.0003584 seconds
[2019-12-08T10:15:11.792+0000][1][safepoint    ] Entering safepoint region: Cleanup
[2019-12-08T10:15:11.793+0000][1][safepoint    ] Leaving safepoint region
[2019-12-08T10:15:11.793+0000][1][safepoint    ] Total time for which application threads were stopped: 0.0001372 seconds, Stopping threads took: 0.0000465 seconds
[2019-12-08T10:15:12.793+0000][1][safepoint    ] Application time: 1.0000993 seconds
[2019-12-08T10:15:12.793+0000][1][safepoint    ] Entering safepoint region: Cleanup
[2019-12-08T10:15:12.793+0000][1][safepoint    ] Leaving safepoint region
[2019-12-08T10:15:12.793+0000][1][safepoint    ] Total time for which application threads were stopped: 0.0001535 seconds, Stopping threads took: 0.0000842 seconds
[2019-12-08T10:15:13.793+0000][1][safepoint    ] Application time: 1.0000868 seconds
[2019-12-08T10:15:13.793+0000][1][safepoint    ] Entering safepoint region: Cleanup
[2019-12-08T10:15:13.793+0000][1][safepoint    ] Leaving safepoint region
[2019-12-08T10:15:13.793+0000][1][safepoint    ] Total time for which application threads were stopped: 0.0000795 seconds, Stopping threads took: 0.0000182 seconds
[2019-12-08T10:15:14.793+0000][1][safepoint    ] Application time: 1.0000800 seconds
[2019-12-08T10:15:14.793+0000][1][safepoint    ] Entering safepoint region: Cleanup
[2019-12-08T10:15:14.793+0000][1][safepoint    ] Leaving safepoint region
[2019-12-08T10:15:14.793+0000][1][safepoint    ] Total time for which application threads were stopped: 0.0000818 seconds, Stopping threads took: 0.0000196 seconds
[2019-12-08T10:15:15.793+0000][1][safepoint    ] Application time: 1.0000807 seconds
[2019-12-08T10:15:15.793+0000][1][safepoint    ] Entering safepoint region: Cleanup
[2019-12-08T10:15:15.793+0000][1][safepoint    ] Leaving safepoint region
[2019-12-08T10:15:15.793+0000][1][safepoint    ] Total time for which application threads were stopped: 0.0000824 seconds, Stopping threads took: 0.0000185 seconds
[2019-12-08T10:15:16.793+0000][1][safepoint    ] Application time: 1.0000769 seconds
[2019-12-08T10:15:16.794+0000][1][safepoint    ] Entering safepoint region: Cleanup
[2019-12-08T10:15:16.794+0000][1][safepoint    ] Leaving safepoint region
[2019-12-08T10:15:16.794+0000][1][safepoint    ] Total time for which application threads were stopped: 0.0000782 seconds, Stopping threads took: 0.0000176 seconds
[2019-12-08T10:15:17.794+0000][1][safepoint    ] Application time: 1.0000779 seconds
[2019-12-08T10:15:17.794+0000][1][safepoint    ] Entering safepoint region: Cleanup
[2019-12-08T10:15:17.794+0000][1][safepoint    ] Leaving safepoint region
[2019-12-08T10:15:17.794+0000][1][safepoint    ] Total time for which application threads were stopped: 0.0000887 seconds, Stopping threads took: 0.0000251 seconds
[2019-12-08T10:15:18.794+0000][1][safepoint    ] Application time: 1.0000852 seconds
[2019-12-08T10:15:18.794+0000][1][safepoint    ] Entering safepoint region: Cleanup
[2019-12-08T10:15:18.794+0000][1][safepoint    ] Leaving safepoint region
[2019-12-08T10:15:18.794+0000][1][safepoint    ] Total time for which application threads were stopped: 0.0000891 seconds, Stopping threads took: 0.0000272 seconds
[2019-12-08T10:15:19.794+0000][1][safepoint    ] Application time: 1.0000761 seconds
[2019-12-08T10:15:19.794+0000][1][safepoint    ] Entering safepoint region: Cleanup
[2019-12-08T10:15:19.794+0000][1][safepoint    ] Leaving safepoint region
[2019-12-08T10:15:19.794+0000][1][safepoint    ] Total time for which application threads were stopped: 0.0000804 seconds, Stopping threads took: 0.0000183 seconds
[2019-12-08T10:15:20.794+0000][1][safepoint    ] Application time: 1.0000770 seconds
[2019-12-08T10:15:20.794+0000][1][safepoint    ] Entering safepoint region: Cleanup
[2019-12-08T10:15:20.794+0000][1][safepoint    ] Leaving safepoint region
[2019-12-08T10:15:20.794+0000][1][safepoint    ] Total time for which application threads were stopped: 0.0000837 seconds, Stopping threads took: 0.0000192 seconds
[2019-12-08T10:15:21.794+0000][1][safepoint    ] Application time: 1.0000774 seconds
[2019-12-08T10:15:21.794+0000][1][safepoint    ] Entering safepoint region: Cleanup
[2019-12-08T10:15:21.795+0000][1][safepoint    ] Leaving safepoint region
[2019-12-08T10:15:21.795+0000][1][safepoint    ] Total time for which application threads were stopped: 0.0000798 seconds, Stopping threads took: 0.0000180 seconds
[2019-12-08T10:15:22.795+0000][1][safepoint    ] Application time: 1.0000763 seconds
[2019-12-08T10:15:22.795+0000][1][safepoint    ] Entering safepoint region: Cleanup
[2019-12-08T10:15:22.795+0000][1][safepoint    ] Leaving safepoint region
[2019-12-08T10:15:22.795+0000][1][safepoint    ] Total time for which application threads were stopped: 0.0000959 seconds, Stopping threads took: 0.0000181 seconds
[2019-12-08T10:15:23.795+0000][1][safepoint    ] Application time: 1.0000752 seconds
[2019-12-08T10:15:23.795+0000][1][safepoint    ] Entering safepoint region: Cleanup
[2019-12-08T10:15:23.795+0000][1][safepoint    ] Leaving safepoint region
[2019-12-08T10:15:23.795+0000][1][safepoint    ] Total time for which application threads were stopped: 0.0000806 seconds, Stopping threads took: 0.0000186 seconds
[2019-12-08T10:15:24.795+0000][1][safepoint    ] Application time: 1.0000799 seconds
[2019-12-08T10:15:24.795+0000][1][safepoint    ] Entering safepoint region: Cleanup
[2019-12-08T10:15:24.795+0000][1][safepoint    ] Leaving safepoint region
[2019-12-08T10:15:24.795+0000][1][safepoint    ] Total time for which application threads were stopped: 0.0000818 seconds, Stopping threads took: 0.0000194 seconds
[2019-12-08T10:15:24.996+0000][1][safepoint    ] Application time: 0.2003971 seconds
[2019-12-08T10:15:24.996+0000][1][safepoint    ] Entering safepoint region: GenCollectForAllocation
[2019-12-08T10:15:24.996+0000][1][gc,start     ] GC(39) Pause Young (Allocation Failure)
[2019-12-08T10:15:24.996+0000][1][gc,task      ] GC(39) Using 4 workers of 4 for evacuation
[2019-12-08T10:15:24.997+0000][1][gc,age       ] GC(39) Desired survivor size 4456448 bytes, new threshold 6 (max threshold 6)
[2019-12-08T10:15:24.997+0000][1][gc,age       ] GC(39) Age table with threshold 6 (max threshold 6)
[2019-12-08T10:15:24.997+0000][1][gc,age       ] GC(39) - age   1:       4864 bytes,       4864 total
[2019-12-08T10:15:24.997+0000][1][gc,age       ] GC(39) - age   2:        352 bytes,       5216 total
[2019-12-08T10:15:24.997+0000][1][gc,age       ] GC(39) - age   3:        936 bytes,       6152 total
[2019-12-08T10:15:24.997+0000][1][gc,age       ] GC(39) - age   4:       1936 bytes,       8088 total
[2019-12-08T10:15:24.997+0000][1][gc,age       ] GC(39) - age   5:       5528 bytes,      13616 total
[2019-12-08T10:15:24.997+0000][1][gc,age       ] GC(39) - age   6:        368 bytes,      13984 total
[2019-12-08T10:15:24.997+0000][1][gc,heap      ] GC(39) ParNew: 70041K->22K(78656K)
[2019-12-08T10:15:24.997+0000][1][gc,heap      ] GC(39) CMS: 70400K->70402K(174784K)
[2019-12-08T10:15:24.997+0000][1][gc,metaspace ] GC(39) Metaspace: 72522K->72522K(1116160K)
[2019-12-08T10:15:24.997+0000][1][gc           ] GC(39) Pause Young (Allocation Failure) 137M->68M(247M) 1.084ms
[2019-12-08T10:15:24.997+0000][1][gc,cpu       ] GC(39) User=0.00s Sys=0.00s Real=0.00s
[2019-12-08T10:15:24.997+0000][1][safepoint    ] Leaving safepoint region
[2019-12-08T10:15:24.997+0000][1][safepoint    ] Total time for which application threads were stopped: 0.0012330 seconds, Stopping threads took: 0.0000184 seconds
[2019-12-08T10:15:25.997+0000][1][safepoint    ] Application time: 1.0000904 seconds
[2019-12-08T10:15:25.997+0000][1][safepoint    ] Entering safepoint region: Cleanup
[2019-12-08T10:15:25.997+0000][1][safepoint    ] Leaving safepoint region
[2019-12-08T10:15:25.997+0000][1][safepoint    ] Total time for which application threads were stopped: 0.0000827 seconds, Stopping threads took: 0.0000194 seconds
[2019-12-08T10:15:26.997+0000][1][safepoint    ] Application time: 1.0000892 seconds
[2019-12-08T10:15:26.997+0000][1][safepoint    ] Entering safepoint region: Cleanup
[2019-12-08T10:15:26.997+0000][1][safepoint    ] Leaving safepoint region
[2019-12-08T10:15:26.997+0000][1][safepoint    ] Total time for which application threads were stopped: 0.0000824 seconds, Stopping threads took: 0.0000192 seconds
[2019-12-08T10:15:27.997+0000][1][safepoint    ] Application time: 1.0000824 seconds
[2019-12-08T10:15:27.997+0000][1][safepoint    ] Entering safepoint region: Cleanup
[2019-12-08T10:15:27.997+0000][1][safepoint    ] Leaving safepoint region
[2019-12-08T10:15:27.997+0000][1][safepoint    ] Total time for which application threads were stopped: 0.0000807 seconds, Stopping threads took: 0.0000184 seconds
[2019-12-08T10:15:28.997+0000][1][safepoint    ] Application time: 1.0000803 seconds
[2019-12-08T10:15:28.998+0000][1][safepoint    ] Entering safepoint region: Cleanup
[2019-12-08T10:15:28.998+0000][1][safepoint    ] Leaving safepoint region
[2019-12-08T10:15:28.998+0000][1][safepoint    ] Total time for which application threads were stopped: 0.0000876 seconds, Stopping threads took: 0.0000193 seconds
[2019-12-08T10:15:29.998+0000][1][safepoint    ] Application time: 1.0000877 seconds
[2019-12-08T10:15:29.998+0000][1][safepoint    ] Entering safepoint region: Cleanup
[2019-12-08T10:15:29.998+0000][1][safepoint    ] Leaving safepoint region
[2019-12-08T10:15:29.998+0000][1][safepoint    ] Total time for which application threads were stopped: 0.0001170 seconds, Stopping threads took: 0.0000525 seconds
[2019-12-08T10:15:30.998+0000][1][safepoint    ] Application time: 1.0000849 seconds
[2019-12-08T10:15:30.998+0000][1][safepoint    ] Entering safepoint region: Cleanup
[2019-12-08T10:15:30.998+0000][1][safepoint    ] Leaving safepoint region
[2019-12-08T10:15:30.998+0000][1][safepoint    ] Total time for which application threads were stopped: 0.0000822 seconds, Stopping threads took: 0.0000191 seconds
[2019-12-08T10:15:31.998+0000][1][safepoint    ] Application time: 1.0000755 seconds
[2019-12-08T10:15:31.998+0000][1][safepoint    ] Entering safepoint region: Cleanup
[2019-12-08T10:15:31.998+0000][1][safepoint    ] Leaving safepoint region
[2019-12-08T10:15:31.998+0000][1][safepoint    ] Total time for which application threads were stopped: 0.0000852 seconds, Stopping threads took: 0.0000191 seconds
[2019-12-08T10:15:32.998+0000][1][safepoint    ] Application time: 1.0000781 seconds
[2019-12-08T10:15:32.998+0000][1][safepoint    ] Entering safepoint region: Cleanup
[2019-12-08T10:15:32.998+0000][1][safepoint    ] Leaving safepoint region
[2019-12-08T10:15:32.998+0000][1][safepoint    ] Total time for which application threads were stopped: 0.0000850 seconds, Stopping threads took: 0.0000193 seconds
[2019-12-08T10:15:33.999+0000][1][safepoint    ] Application time: 1.0000787 seconds
[2019-12-08T10:15:33.999+0000][1][safepoint    ] Entering safepoint region: Cleanup
[2019-12-08T10:15:33.999+0000][1][safepoint    ] Leaving safepoint region
[2019-12-08T10:15:33.999+0000][1][safepoint    ] Total time for which application threads were stopped: 0.0000879 seconds, Stopping threads took: 0.0000191 seconds
[2019-12-08T10:15:34.999+0000][1][safepoint    ] Application time: 1.0000770 seconds
[2019-12-08T10:15:34.999+0000][1][safepoint    ] Entering safepoint region: Cleanup
[2019-12-08T10:15:34.999+0000][1][safepoint    ] Leaving safepoint region
[2019-12-08T10:15:34.999+0000][1][safepoint    ] Total time for which application threads were stopped: 0.0000846 seconds, Stopping threads took: 0.0000185 seconds
[2019-12-08T10:15:36.930+0000][1][safepoint    ] Application time: 1.9315501 seconds
[2019-12-08T10:15:36.930+0000][1][safepoint    ] Entering safepoint region: Cleanup
[2019-12-08T10:15:36.931+0000][1][safepoint    ] Leaving safepoint region
[2019-12-08T10:15:36.931+0000][1][safepoint    ] Total time for which application threads were stopped: 0.0000900 seconds, Stopping threads took: 0.0000188 seconds
[2019-12-08T10:15:37.931+0000][1][safepoint    ] Application time: 1.0000764 seconds
[2019-12-08T10:15:37.931+0000][1][safepoint    ] Entering safepoint region: Cleanup
[2019-12-08T10:15:37.931+0000][1][safepoint    ] Leaving safepoint region
[2019-12-08T10:15:37.931+0000][1][safepoint    ] Total time for which application threads were stopped: 0.0000947 seconds, Stopping threads took: 0.0000191 seconds
[2019-12-08T10:15:38.931+0000][1][safepoint    ] Application time: 1.0000792 seconds
[2019-12-08T10:15:38.931+0000][1][safepoint    ] Entering safepoint region: Cleanup
[2019-12-08T10:15:38.931+0000][1][safepoint    ] Leaving safepoint region
[2019-12-08T10:15:38.931+0000][1][safepoint    ] Total time for which application threads were stopped: 0.0000873 seconds, Stopping threads took: 0.0000208 seconds
[2019-12-08T10:15:39.931+0000][1][safepoint    ] Application time: 1.0000782 seconds
[2019-12-08T10:15:39.931+0000][1][safepoint    ] Entering safepoint region: Cleanup
[2019-12-08T10:15:39.931+0000][1][safepoint    ] Leaving safepoint region
[2019-12-08T10:15:39.931+0000][1][safepoint    ] Total time for which application threads were stopped: 0.0000862 seconds, Stopping threads took: 0.0000194 seconds
[2019-12-08T10:15:40.931+0000][1][safepoint    ] Application time: 1.0000972 seconds
[2019-12-08T10:15:40.931+0000][1][safepoint    ] Entering safepoint region: Cleanup
[2019-12-08T10:15:40.931+0000][1][safepoint    ] Leaving safepoint region
[2019-12-08T10:15:40.931+0000][1][safepoint    ] Total time for which application threads were stopped: 0.0000867 seconds, Stopping threads took: 0.0000210 seconds
[2019-12-08T10:15:41.931+0000][1][safepoint    ] Application time: 1.0000752 seconds
[2019-12-08T10:15:41.932+0000][1][safepoint    ] Entering safepoint region: Cleanup
[2019-12-08T10:15:41.932+0000][1][safepoint    ] Leaving safepoint region
[2019-12-08T10:15:41.932+0000][1][safepoint    ] Total time for which application threads were stopped: 0.0000828 seconds, Stopping threads took: 0.0000182 seconds
[2019-12-08T10:15:42.932+0000][1][safepoint    ] Application time: 1.0000789 seconds
[2019-12-08T10:15:42.932+0000][1][safepoint    ] Entering safepoint region: Cleanup
[2019-12-08T10:15:42.932+0000][1][safepoint    ] Leaving safepoint region
[2019-12-08T10:15:42.932+0000][1][safepoint    ] Total time for which application threads were stopped: 0.0000918 seconds, Stopping threads took: 0.0000258 seconds
[2019-12-08T10:15:43.932+0000][1][safepoint    ] Application time: 1.0000798 seconds
[2019-12-08T10:15:43.932+0000][1][safepoint    ] Entering safepoint region: Cleanup
[2019-12-08T10:15:43.932+0000][1][safepoint    ] Leaving safepoint region
[2019-12-08T10:15:43.932+0000][1][safepoint    ] Total time for which application threads were stopped: 0.0000866 seconds, Stopping threads took: 0.0000186 seconds
[2019-12-08T10:15:44.932+0000][1][safepoint    ] Application time: 1.0000770 seconds
[2019-12-08T10:15:44.932+0000][1][safepoint    ] Entering safepoint region: Cleanup
[2019-12-08T10:15:44.932+0000][1][safepoint    ] Leaving safepoint region
[2019-12-08T10:15:44.932+0000][1][safepoint    ] Total time for which application threads were stopped: 0.0000839 seconds, Stopping threads took: 0.0000178 seconds
[2019-12-08T10:15:45.932+0000][1][safepoint    ] Application time: 1.0000766 seconds
[2019-12-08T10:15:45.932+0000][1][safepoint    ] Entering safepoint region: Cleanup
[2019-12-08T10:15:45.932+0000][1][safepoint    ] Leaving safepoint region
[2019-12-08T10:15:45.932+0000][1][safepoint    ] Total time for which application threads were stopped: 0.0000865 seconds, Stopping threads took: 0.0000189 seconds
[2019-12-08T10:15:46.933+0000][1][safepoint    ] Application time: 1.0000759 seconds
[2019-12-08T10:15:46.933+0000][1][safepoint    ] Entering safepoint region: Cleanup
[2019-12-08T10:15:46.933+0000][1][safepoint    ] Leaving safepoint region
[2019-12-08T10:15:46.933+0000][1][safepoint    ] Total time for which application threads were stopped: 0.0000848 seconds, Stopping threads took: 0.0000187 seconds
[2019-12-08T10:15:47.933+0000][1][safepoint    ] Application time: 1.0000752 seconds
[2019-12-08T10:15:47.933+0000][1][safepoint    ] Entering safepoint region: Cleanup
[2019-12-08T10:15:47.933+0000][1][safepoint    ] Leaving safepoint region
[2019-12-08T10:15:47.933+0000][1][safepoint    ] Total time for which application threads were stopped: 0.0000840 seconds, Stopping threads took: 0.0000177 seconds
[2019-12-08T10:15:48.933+0000][1][safepoint    ] Application time: 1.0000772 seconds
[2019-12-08T10:15:48.933+0000][1][safepoint    ] Entering safepoint region: Cleanup
[2019-12-08T10:15:48.933+0000][1][safepoint    ] Leaving safepoint region
[2019-12-08T10:15:48.933+0000][1][safepoint    ] Total time for which application threads were stopped: 0.0000835 seconds, Stopping threads took: 0.0000178 seconds
[2019-12-08T10:15:49.933+0000][1][safepoint    ] Application time: 1.0000764 seconds
[2019-12-08T10:15:49.933+0000][1][safepoint    ] Entering safepoint region: Cleanup
[2019-12-08T10:15:49.933+0000][1][safepoint    ] Leaving safepoint region
[2019-12-08T10:15:49.933+0000][1][safepoint    ] Total time for which application threads were stopped: 0.0000797 seconds, Stopping threads took: 0.0000164 seconds
[2019-12-08T10:15:50.933+0000][1][safepoint    ] Application time: 1.0000751 seconds
[2019-12-08T10:15:50.933+0000][1][safepoint    ] Entering safepoint region: Cleanup
[2019-12-08T10:15:50.933+0000][1][safepoint    ] Leaving safepoint region
[2019-12-08T10:15:50.933+0000][1][safepoint    ] Total time for which application threads were stopped: 0.0000835 seconds, Stopping threads took: 0.0000182 seconds
[2019-12-08T10:15:51.934+0000][1][safepoint    ] Application time: 1.0000755 seconds
[2019-12-08T10:15:51.934+0000][1][safepoint    ] Entering safepoint region: Cleanup
[2019-12-08T10:15:51.934+0000][1][safepoint    ] Leaving safepoint region
[2019-12-08T10:15:51.934+0000][1][safepoint    ] Total time for which application threads were stopped: 0.0000846 seconds, Stopping threads took: 0.0000189 seconds
[2019-12-08T10:15:52.934+0000][1][safepoint    ] Application time: 1.0000787 seconds
[2019-12-08T10:15:52.934+0000][1][safepoint    ] Entering safepoint region: Cleanup
[2019-12-08T10:15:52.934+0000][1][safepoint    ] Leaving safepoint region
[2019-12-08T10:15:52.934+0000][1][safepoint    ] Total time for which application threads were stopped: 0.0000836 seconds, Stopping threads took: 0.0000170 seconds
[2019-12-08T10:15:53.934+0000][1][safepoint    ] Application time: 1.0000762 seconds
[2019-12-08T10:15:53.934+0000][1][safepoint    ] Entering safepoint region: Cleanup
[2019-12-08T10:15:53.934+0000][1][safepoint    ] Leaving safepoint region
[2019-12-08T10:15:53.934+0000][1][safepoint    ] Total time for which application threads were stopped: 0.0000842 seconds, Stopping threads took: 0.0000185 seconds
[2019-12-08T10:15:54.934+0000][1][safepoint    ] Application time: 1.0000795 seconds
[2019-12-08T10:15:54.934+0000][1][safepoint    ] Entering safepoint region: Cleanup
[2019-12-08T10:15:54.934+0000][1][safepoint    ] Leaving safepoint region
[2019-12-08T10:15:54.934+0000][1][safepoint    ] Total time for which application threads were stopped: 0.0000844 seconds, Stopping threads took: 0.0000172 seconds
[2019-12-08T10:15:55.934+0000][1][safepoint    ] Application time: 1.0000815 seconds
[2019-12-08T10:15:55.934+0000][1][safepoint    ] Entering safepoint region: Cleanup
[2019-12-08T10:15:55.934+0000][1][safepoint    ] Leaving safepoint region
[2019-12-08T10:15:55.935+0000][1][safepoint    ] Total time for which application threads were stopped: 0.0000905 seconds, Stopping threads took: 0.0000210 seconds
[2019-12-08T10:15:56.935+0000][1][safepoint    ] Application time: 1.0000836 seconds
[2019-12-08T10:15:56.935+0000][1][safepoint    ] Entering safepoint region: Cleanup
[2019-12-08T10:15:56.935+0000][1][safepoint    ] Leaving safepoint region
[2019-12-08T10:15:56.935+0000][1][safepoint    ] Total time for which application threads were stopped: 0.0001075 seconds, Stopping threads took: 0.0000201 seconds
[2019-12-08T10:15:57.935+0000][1][safepoint    ] Application time: 1.0000806 seconds
[2019-12-08T10:15:57.935+0000][1][safepoint    ] Entering safepoint region: Cleanup
[2019-12-08T10:15:57.935+0000][1][safepoint    ] Leaving safepoint region
[2019-12-08T10:15:57.935+0000][1][safepoint    ] Total time for which application threads were stopped: 0.0000883 seconds, Stopping threads took: 0.0000194 seconds
[2019-12-08T10:15:58.935+0000][1][safepoint    ] Application time: 1.0000786 seconds
[2019-12-08T10:15:58.935+0000][1][safepoint    ] Entering safepoint region: Cleanup
[2019-12-08T10:15:58.935+0000][1][safepoint    ] Leaving safepoint region
[2019-12-08T10:15:58.935+0000][1][safepoint    ] Total time for which application threads were stopped: 0.0000872 seconds, Stopping threads took: 0.0000194 seconds
[2019-12-08T10:15:59.935+0000][1][safepoint    ] Application time: 1.0000783 seconds
[2019-12-08T10:15:59.935+0000][1][safepoint    ] Entering safepoint region: Cleanup
[2019-12-08T10:15:59.935+0000][1][safepoint    ] Leaving safepoint region
[2019-12-08T10:15:59.935+0000][1][safepoint    ] Total time for which application threads were stopped: 0.0001164 seconds, Stopping threads took: 0.0000476 seconds
[2019-12-08T10:16:00.936+0000][1][safepoint    ] Application time: 1.0000945 seconds
[2019-12-08T10:16:00.936+0000][1][safepoint    ] Entering safepoint region: Cleanup
[2019-12-08T10:16:00.936+0000][1][safepoint    ] Leaving safepoint region
[2019-12-08T10:16:00.936+0000][1][safepoint    ] Total time for which application threads were stopped: 0.0000885 seconds, Stopping threads took: 0.0000206 seconds
[2019-12-08T10:16:01.936+0000][1][safepoint    ] Application time: 1.0000801 seconds
[2019-12-08T10:16:01.936+0000][1][safepoint    ] Entering safepoint region: Cleanup
[2019-12-08T10:16:01.936+0000][1][safepoint    ] Leaving safepoint region
[2019-12-08T10:16:01.936+0000][1][safepoint    ] Total time for which application threads were stopped: 0.0000903 seconds, Stopping threads took: 0.0000210 seconds
[2019-12-08T10:16:02.936+0000][1][safepoint    ] Application time: 1.0000832 seconds
[2019-12-08T10:16:02.936+0000][1][safepoint    ] Entering safepoint region: Cleanup
[2019-12-08T10:16:02.936+0000][1][safepoint    ] Leaving safepoint region
[2019-12-08T10:16:02.936+0000][1][safepoint    ] Total time for which application threads were stopped: 0.0000906 seconds, Stopping threads took: 0.0000214 seconds
[2019-12-08T10:16:03.936+0000][1][safepoint    ] Application time: 1.0000793 seconds
[2019-12-08T10:16:03.936+0000][1][safepoint    ] Entering safepoint region: Cleanup
[2019-12-08T10:16:03.936+0000][1][safepoint    ] Leaving safepoint region
[2019-12-08T10:16:03.936+0000][1][safepoint    ] Total time for which application threads were stopped: 0.0000876 seconds, Stopping threads took: 0.0000205 seconds
[2019-12-08T10:16:04.936+0000][1][safepoint    ] Application time: 1.0000777 seconds
[2019-12-08T10:16:04.936+0000][1][safepoint    ] Entering safepoint region: Cleanup
[2019-12-08T10:16:04.937+0000][1][safepoint    ] Leaving safepoint region
[2019-12-08T10:16:04.937+0000][1][safepoint    ] Total time for which application threads were stopped: 0.0001192 seconds, Stopping threads took: 0.0000471 seconds
[2019-12-08T10:16:05.937+0000][1][safepoint    ] Application time: 1.0000868 seconds
[2019-12-08T10:16:05.937+0000][1][safepoint    ] Entering safepoint region: Cleanup
[2019-12-08T10:16:05.937+0000][1][safepoint    ] Leaving safepoint region
[2019-12-08T10:16:05.937+0000][1][safepoint    ] Total time for which application threads were stopped: 0.0001006 seconds, Stopping threads took: 0.0000212 seconds
[2019-12-08T10:16:06.937+0000][1][safepoint    ] Application time: 1.0000803 seconds
[2019-12-08T10:16:06.937+0000][1][safepoint    ] Entering safepoint region: Cleanup
[2019-12-08T10:16:06.937+0000][1][safepoint    ] Leaving safepoint region
[2019-12-08T10:16:06.937+0000][1][safepoint    ] Total time for which application threads were stopped: 0.0000885 seconds, Stopping threads took: 0.0000197 seconds
[2019-12-08T10:16:07.937+0000][1][safepoint    ] Application time: 1.0000780 seconds
[2019-12-08T10:16:07.937+0000][1][safepoint    ] Entering safepoint region: Cleanup
[2019-12-08T10:16:07.937+0000][1][safepoint    ] Leaving safepoint region
[2019-12-08T10:16:07.937+0000][1][safepoint    ] Total time for which application threads were stopped: 0.0000862 seconds, Stopping threads took: 0.0000210 seconds
[2019-12-08T10:16:08.937+0000][1][safepoint    ] Application time: 1.0000814 seconds
[2019-12-08T10:16:08.937+0000][1][safepoint    ] Entering safepoint region: Cleanup
[2019-12-08T10:16:08.937+0000][1][safepoint    ] Leaving safepoint region
[2019-12-08T10:16:08.937+0000][1][safepoint    ] Total time for which application threads were stopped: 0.0000905 seconds, Stopping threads took: 0.0000230 seconds
[2019-12-08T10:16:09.937+0000][1][safepoint    ] Application time: 1.0000815 seconds
[2019-12-08T10:16:09.938+0000][1][safepoint    ] Entering safepoint region: Cleanup
[2019-12-08T10:16:09.938+0000][1][safepoint    ] Leaving safepoint region
[2019-12-08T10:16:09.938+0000][1][safepoint    ] Total time for which application threads were stopped: 0.0000910 seconds, Stopping threads took: 0.0000197 seconds
[2019-12-08T10:16:10.938+0000][1][safepoint    ] Application time: 1.0000901 seconds
[2019-12-08T10:16:10.938+0000][1][safepoint    ] Entering safepoint region: Cleanup
[2019-12-08T10:16:10.938+0000][1][safepoint    ] Leaving safepoint region
[2019-12-08T10:16:10.938+0000][1][safepoint    ] Total time for which application threads were stopped: 0.0000896 seconds, Stopping threads took: 0.0000216 seconds
[2019-12-08T10:16:11.938+0000][1][safepoint    ] Application time: 1.0000773 seconds
[2019-12-08T10:16:11.938+0000][1][safepoint    ] Entering safepoint region: Cleanup
[2019-12-08T10:16:11.938+0000][1][safepoint    ] Leaving safepoint region
[2019-12-08T10:16:11.938+0000][1][safepoint    ] Total time for which application threads were stopped: 0.0000855 seconds, Stopping threads took: 0.0000199 seconds
[2019-12-08T10:16:12.938+0000][1][safepoint    ] Application time: 1.0000831 seconds
[2019-12-08T10:16:12.938+0000][1][safepoint    ] Entering safepoint region: Cleanup
[2019-12-08T10:16:12.938+0000][1][safepoint    ] Leaving safepoint region
[2019-12-08T10:16:12.938+0000][1][safepoint    ] Total time for which application threads were stopped: 0.0000922 seconds, Stopping threads took: 0.0000211 seconds
[2019-12-08T10:16:13.938+0000][1][safepoint    ] Application time: 1.0000759 seconds
[2019-12-08T10:16:13.938+0000][1][safepoint    ] Entering safepoint region: Cleanup
[2019-12-08T10:16:13.938+0000][1][safepoint    ] Leaving safepoint region
[2019-12-08T10:16:13.938+0000][1][safepoint    ] Total time for which application threads were stopped: 0.0000834 seconds, Stopping threads took: 0.0000186 seconds
[2019-12-08T10:16:14.939+0000][1][safepoint    ] Application time: 1.0000757 seconds
[2019-12-08T10:16:14.939+0000][1][safepoint    ] Entering safepoint region: Cleanup
[2019-12-08T10:16:14.939+0000][1][safepoint    ] Leaving safepoint region
[2019-12-08T10:16:14.939+0000][1][safepoint    ] Total time for which application threads were stopped: 0.0000836 seconds, Stopping threads took: 0.0000191 seconds
[2019-12-08T10:16:15.939+0000][1][safepoint    ] Application time: 1.0000762 seconds
[2019-12-08T10:16:15.939+0000][1][safepoint    ] Entering safepoint region: Cleanup
[2019-12-08T10:16:15.939+0000][1][safepoint    ] Leaving safepoint region
[2019-12-08T10:16:15.939+0000][1][safepoint    ] Total time for which application threads were stopped: 0.0000866 seconds, Stopping threads took: 0.0000209 seconds
[2019-12-08T10:16:16.939+0000][1][safepoint    ] Application time: 1.0000779 seconds
[2019-12-08T10:16:16.939+0000][1][safepoint    ] Entering safepoint region: Cleanup
[2019-12-08T10:16:16.939+0000][1][safepoint    ] Leaving safepoint region
[2019-12-08T10:16:16.939+0000][1][safepoint    ] Total time for which application threads were stopped: 0.0000853 seconds, Stopping threads took: 0.0000184 seconds
[2019-12-08T10:16:17.939+0000][1][safepoint    ] Application time: 1.0000767 seconds
[2019-12-08T10:16:17.939+0000][1][safepoint    ] Entering safepoint region: Cleanup
[2019-12-08T10:16:17.939+0000][1][safepoint    ] Leaving safepoint region
[2019-12-08T10:16:17.939+0000][1][safepoint    ] Total time for which application threads were stopped: 0.0000845 seconds, Stopping threads took: 0.0000195 seconds
[2019-12-08T10:16:18.939+0000][1][safepoint    ] Application time: 1.0000805 seconds
[2019-12-08T10:16:18.939+0000][1][safepoint    ] Entering safepoint region: Cleanup
[2019-12-08T10:16:18.939+0000][1][safepoint    ] Leaving safepoint region
[2019-12-08T10:16:18.939+0000][1][safepoint    ] Total time for which application threads were stopped: 0.0000883 seconds, Stopping threads took: 0.0000197 seconds
[2019-12-08T10:16:19.940+0000][1][safepoint    ] Application time: 1.0000790 seconds
[2019-12-08T10:16:19.940+0000][1][safepoint    ] Entering safepoint region: Cleanup
[2019-12-08T10:16:19.940+0000][1][safepoint    ] Leaving safepoint region
[2019-12-08T10:16:19.940+0000][1][safepoint    ] Total time for which application threads were stopped: 0.0000945 seconds, Stopping threads took: 0.0000195 seconds
[2019-12-08T10:16:20.940+0000][1][safepoint    ] Application time: 1.0000765 seconds
[2019-12-08T10:16:20.940+0000][1][safepoint    ] Entering safepoint region: Cleanup
[2019-12-08T10:16:20.940+0000][1][safepoint    ] Leaving safepoint region
[2019-12-08T10:16:20.940+0000][1][safepoint    ] Total time for which application threads were stopped: 0.0000910 seconds, Stopping threads took: 0.0000224 seconds
[2019-12-08T10:16:21.940+0000][1][safepoint    ] Application time: 1.0000829 seconds
[2019-12-08T10:16:21.940+0000][1][safepoint    ] Entering safepoint region: Cleanup
[2019-12-08T10:16:21.940+0000][1][safepoint    ] Leaving safepoint region
[2019-12-08T10:16:21.940+0000][1][safepoint    ] Total time for which application threads were stopped: 0.0000858 seconds, Stopping threads took: 0.0000192 seconds
[2019-12-08T10:16:22.940+0000][1][safepoint    ] Application time: 1.0000833 seconds
[2019-12-08T10:16:22.940+0000][1][safepoint    ] Entering safepoint region: Cleanup
[2019-12-08T10:16:22.940+0000][1][safepoint    ] Leaving safepoint region
[2019-12-08T10:16:22.940+0000][1][safepoint    ] Total time for which application threads were stopped: 0.0000858 seconds, Stopping threads took: 0.0000192 seconds
[2019-12-08T10:16:23.940+0000][1][safepoint    ] Application time: 1.0000829 seconds
[2019-12-08T10:16:23.940+0000][1][safepoint    ] Entering safepoint region: Cleanup
[2019-12-08T10:16:23.941+0000][1][safepoint    ] Leaving safepoint region
[2019-12-08T10:16:23.941+0000][1][safepoint    ] Total time for which application threads were stopped: 0.0000881 seconds, Stopping threads took: 0.0000203 seconds
[2019-12-08T10:16:24.941+0000][1][safepoint    ] Application time: 1.0000817 seconds
[2019-12-08T10:16:24.941+0000][1][safepoint    ] Entering safepoint region: Cleanup
[2019-12-08T10:16:24.941+0000][1][safepoint    ] Leaving safepoint region
[2019-12-08T10:16:24.941+0000][1][safepoint    ] Total time for which application threads were stopped: 0.0000912 seconds, Stopping threads took: 0.0000216 seconds
[2019-12-08T10:16:25.941+0000][1][safepoint    ] Application time: 1.0000789 seconds
[2019-12-08T10:16:25.941+0000][1][safepoint    ] Entering safepoint region: Cleanup
[2019-12-08T10:16:25.941+0000][1][safepoint    ] Leaving safepoint region
[2019-12-08T10:16:25.941+0000][1][safepoint    ] Total time for which application threads were stopped: 0.0000924 seconds, Stopping threads took: 0.0000202 seconds
[2019-12-08T10:16:26.941+0000][1][safepoint    ] Application time: 1.0000818 seconds
[2019-12-08T10:16:26.941+0000][1][safepoint    ] Entering safepoint region: Cleanup
[2019-12-08T10:16:26.941+0000][1][safepoint    ] Leaving safepoint region
[2019-12-08T10:16:26.941+0000][1][safepoint    ] Total time for which application threads were stopped: 0.0000975 seconds, Stopping threads took: 0.0000200 seconds
[2019-12-08T10:16:27.941+0000][1][safepoint    ] Application time: 1.0000805 seconds
[2019-12-08T10:16:27.941+0000][1][safepoint    ] Entering safepoint region: Cleanup
[2019-12-08T10:16:27.941+0000][1][safepoint    ] Leaving safepoint region
[2019-12-08T10:16:27.941+0000][1][safepoint    ] Total time for which application threads were stopped: 0.0000864 seconds, Stopping threads took: 0.0000200 seconds
[2019-12-08T10:16:28.942+0000][1][safepoint    ] Application time: 1.0000756 seconds
[2019-12-08T10:16:28.942+0000][1][safepoint    ] Entering safepoint region: Cleanup
[2019-12-08T10:16:28.942+0000][1][safepoint    ] Leaving safepoint region
[2019-12-08T10:16:28.942+0000][1][safepoint    ] Total time for which application threads were stopped: 0.0000877 seconds, Stopping threads took: 0.0000197 seconds
[2019-12-08T10:16:29.942+0000][1][safepoint    ] Application time: 1.0000761 seconds
[2019-12-08T10:16:29.942+0000][1][safepoint    ] Entering safepoint region: Cleanup
[2019-12-08T10:16:29.942+0000][1][safepoint    ] Leaving safepoint region
[2019-12-08T10:16:29.942+0000][1][safepoint    ] Total time for which application threads were stopped: 0.0000860 seconds, Stopping threads took: 0.0000196 seconds
[2019-12-08T10:16:30.942+0000][1][safepoint    ] Application time: 1.0000843 seconds
[2019-12-08T10:16:30.942+0000][1][safepoint    ] Entering safepoint region: Cleanup
[2019-12-08T10:16:30.942+0000][1][safepoint    ] Leaving safepoint region
[2019-12-08T10:16:30.942+0000][1][safepoint    ] Total time for which application threads were stopped: 0.0000971 seconds, Stopping threads took: 0.0000279 seconds
[2019-12-08T10:16:31.942+0000][1][safepoint    ] Application time: 1.0000740 seconds
[2019-12-08T10:16:31.942+0000][1][safepoint    ] Entering safepoint region: Cleanup
[2019-12-08T10:16:31.942+0000][1][safepoint    ] Leaving safepoint region
[2019-12-08T10:16:31.942+0000][1][safepoint    ] Total time for which application threads were stopped: 0.0000894 seconds, Stopping threads took: 0.0000211 seconds
[2019-12-08T10:16:32.942+0000][1][safepoint    ] Application time: 1.0000780 seconds
[2019-12-08T10:16:32.942+0000][1][safepoint    ] Entering safepoint region: Cleanup
[2019-12-08T10:16:32.942+0000][1][safepoint    ] Leaving safepoint region
[2019-12-08T10:16:32.943+0000][1][safepoint    ] Total time for which application threads were stopped: 0.0000875 seconds, Stopping threads took: 0.0000201 seconds
[2019-12-08T10:16:33.943+0000][1][safepoint    ] Application time: 1.0000812 seconds
[2019-12-08T10:16:33.943+0000][1][safepoint    ] Entering safepoint region: Cleanup
[2019-12-08T10:16:33.943+0000][1][safepoint    ] Leaving safepoint region
[2019-12-08T10:16:33.943+0000][1][safepoint    ] Total time for which application threads were stopped: 0.0000994 seconds, Stopping threads took: 0.0000200 seconds
[2019-12-08T10:16:34.943+0000][1][safepoint    ] Application time: 1.0000794 seconds
[2019-12-08T10:16:34.943+0000][1][safepoint    ] Entering safepoint region: Cleanup
[2019-12-08T10:16:34.943+0000][1][safepoint    ] Leaving safepoint region
[2019-12-08T10:16:34.943+0000][1][safepoint    ] Total time for which application threads were stopped: 0.0000912 seconds, Stopping threads took: 0.0000203 seconds
[2019-12-08T10:16:35.943+0000][1][safepoint    ] Application time: 1.0000789 seconds
[2019-12-08T10:16:35.943+0000][1][safepoint    ] Entering safepoint region: Cleanup
[2019-12-08T10:16:35.943+0000][1][safepoint    ] Leaving safepoint region
[2019-12-08T10:16:35.943+0000][1][safepoint    ] Total time for which application threads were stopped: 0.0000845 seconds, Stopping threads took: 0.0000191 seconds
[2019-12-08T10:16:36.943+0000][1][safepoint    ] Application time: 1.0000810 seconds
[2019-12-08T10:16:36.943+0000][1][safepoint    ] Entering safepoint region: Cleanup
[2019-12-08T10:16:36.943+0000][1][safepoint    ] Leaving safepoint region
[2019-12-08T10:16:36.943+0000][1][safepoint    ] Total time for which application threads were stopped: 0.0000868 seconds, Stopping threads took: 0.0000212 seconds
[2019-12-08T10:16:37.943+0000][1][safepoint    ] Application time: 1.0000855 seconds
[2019-12-08T10:16:37.944+0000][1][safepoint    ] Entering safepoint region: Cleanup
[2019-12-08T10:16:37.944+0000][1][safepoint    ] Leaving safepoint region
[2019-12-08T10:16:37.944+0000][1][safepoint    ] Total time for which application threads were stopped: 0.0000862 seconds, Stopping threads took: 0.0000201 seconds
[2019-12-08T10:16:38.944+0000][1][safepoint    ] Application time: 1.0000816 seconds
[2019-12-08T10:16:38.944+0000][1][safepoint    ] Entering safepoint region: Cleanup
[2019-12-08T10:16:38.944+0000][1][safepoint    ] Leaving safepoint region
[2019-12-08T10:16:38.944+0000][1][safepoint    ] Total time for which application threads were stopped: 0.0000907 seconds, Stopping threads took: 0.0000204 seconds
[2019-12-08T10:16:39.944+0000][1][safepoint    ] Application time: 1.0000784 seconds
[2019-12-08T10:16:39.944+0000][1][safepoint    ] Entering safepoint region: Cleanup
[2019-12-08T10:16:39.944+0000][1][safepoint    ] Leaving safepoint region
[2019-12-08T10:16:39.944+0000][1][safepoint    ] Total time for which application threads were stopped: 0.0000862 seconds, Stopping threads took: 0.0000205 seconds
[2019-12-08T10:16:40.944+0000][1][safepoint    ] Application time: 1.0000812 seconds
[2019-12-08T10:16:40.944+0000][1][safepoint    ] Entering safepoint region: Cleanup
[2019-12-08T10:16:40.944+0000][1][safepoint    ] Leaving safepoint region
[2019-12-08T10:16:40.944+0000][1][safepoint    ] Total time for which application threads were stopped: 0.0000858 seconds, Stopping threads took: 0.0000205 seconds
[2019-12-08T10:16:41.944+0000][1][safepoint    ] Application time: 1.0000787 seconds
[2019-12-08T10:16:41.944+0000][1][safepoint    ] Entering safepoint region: Cleanup
[2019-12-08T10:16:41.944+0000][1][safepoint    ] Leaving safepoint region
[2019-12-08T10:16:41.944+0000][1][safepoint    ] Total time for which application threads were stopped: 0.0000822 seconds, Stopping threads took: 0.0000183 seconds
[2019-12-08T10:16:42.945+0000][1][safepoint    ] Application time: 1.0000827 seconds
[2019-12-08T10:16:42.945+0000][1][safepoint    ] Entering safepoint region: Cleanup
[2019-12-08T10:16:42.945+0000][1][safepoint    ] Leaving safepoint region
[2019-12-08T10:16:42.945+0000][1][safepoint    ] Total time for which application threads were stopped: 0.0000881 seconds, Stopping threads took: 0.0000205 seconds
[2019-12-08T10:16:43.945+0000][1][safepoint    ] Application time: 1.0000791 seconds
[2019-12-08T10:16:43.945+0000][1][safepoint    ] Entering safepoint region: Cleanup
[2019-12-08T10:16:43.945+0000][1][safepoint    ] Leaving safepoint region
[2019-12-08T10:16:43.945+0000][1][safepoint    ] Total time for which application threads were stopped: 0.0000931 seconds, Stopping threads took: 0.0000260 seconds
[2019-12-08T10:16:44.945+0000][1][safepoint    ] Application time: 1.0000788 seconds
[2019-12-08T10:16:44.945+0000][1][safepoint    ] Entering safepoint region: Cleanup
[2019-12-08T10:16:44.945+0000][1][safepoint    ] Leaving safepoint region
[2019-12-08T10:16:44.945+0000][1][safepoint    ] Total time for which application threads were stopped: 0.0000872 seconds, Stopping threads took: 0.0000199 seconds
[2019-12-08T10:16:46.843+0000][1][safepoint    ] Application time: 1.8984086 seconds
[2019-12-08T10:16:46.844+0000][1][safepoint    ] Entering safepoint region: Cleanup
[2019-12-08T10:16:46.844+0000][1][safepoint    ] Leaving safepoint region
[2019-12-08T10:16:46.844+0000][1][safepoint    ] Total time for which application threads were stopped: 0.0001094 seconds, Stopping threads took: 0.0000178 seconds
[2019-12-08T10:16:47.844+0000][1][safepoint    ] Application time: 1.0000780 seconds
[2019-12-08T10:16:47.844+0000][1][safepoint    ] Entering safepoint region: Cleanup
[2019-12-08T10:16:47.844+0000][1][safepoint    ] Leaving safepoint region
[2019-12-08T10:16:47.844+0000][1][safepoint    ] Total time for which application threads were stopped: 0.0000845 seconds, Stopping threads took: 0.0000187 seconds
[2019-12-08T10:16:48.844+0000][1][safepoint    ] Application time: 1.0000793 seconds
[2019-12-08T10:16:48.844+0000][1][safepoint    ] Entering safepoint region: Cleanup
[2019-12-08T10:16:48.844+0000][1][safepoint    ] Leaving safepoint region
[2019-12-08T10:16:48.844+0000][1][safepoint    ] Total time for which application threads were stopped: 0.0001414 seconds, Stopping threads took: 0.0000227 seconds
[2019-12-08T10:16:49.844+0000][1][safepoint    ] Application time: 1.0000893 seconds
[2019-12-08T10:16:49.844+0000][1][safepoint    ] Entering safepoint region: Cleanup
[2019-12-08T10:16:49.844+0000][1][safepoint    ] Leaving safepoint region
[2019-12-08T10:16:49.844+0000][1][safepoint    ] Total time for which application threads were stopped: 0.0000995 seconds, Stopping threads took: 0.0000318 seconds
[2019-12-08T10:16:50.040+0000][1][safepoint    ] Application time: 0.1952267 seconds
[2019-12-08T10:16:50.040+0000][1][safepoint    ] Entering safepoint region: GenCollectForAllocation
[2019-12-08T10:16:50.040+0000][1][gc,start     ] GC(40) Pause Young (Allocation Failure)
[2019-12-08T10:16:50.040+0000][1][gc,task      ] GC(40) Using 4 workers of 4 for evacuation
[2019-12-08T10:16:50.041+0000][1][gc,age       ] GC(40) Desired survivor size 4456448 bytes, new threshold 6 (max threshold 6)
[2019-12-08T10:16:50.041+0000][1][gc,age       ] GC(40) Age table with threshold 6 (max threshold 6)
[2019-12-08T10:16:50.041+0000][1][gc,age       ] GC(40) - age   1:       5608 bytes,       5608 total
[2019-12-08T10:16:50.041+0000][1][gc,age       ] GC(40) - age   2:        128 bytes,       5736 total
[2019-12-08T10:16:50.041+0000][1][gc,age       ] GC(40) - age   3:        288 bytes,       6024 total
[2019-12-08T10:16:50.041+0000][1][gc,age       ] GC(40) - age   4:        936 bytes,       6960 total
[2019-12-08T10:16:50.041+0000][1][gc,age       ] GC(40) - age   5:       1936 bytes,       8896 total
[2019-12-08T10:16:50.041+0000][1][gc,age       ] GC(40) - age   6:       5528 bytes,      14424 total
[2019-12-08T10:16:50.041+0000][1][gc,heap      ] GC(40) ParNew: 69974K->21K(78656K)
[2019-12-08T10:16:50.041+0000][1][gc,heap      ] GC(40) CMS: 70402K->70403K(174784K)
[2019-12-08T10:16:50.041+0000][1][gc,metaspace ] GC(40) Metaspace: 72536K->72536K(1116160K)
[2019-12-08T10:16:50.041+0000][1][gc           ] GC(40) Pause Young (Allocation Failure) 137M->68M(247M) 1.249ms
[2019-12-08T10:16:50.041+0000][1][gc,cpu       ] GC(40) User=0.01s Sys=0.00s Real=0.01s
[2019-12-08T10:16:50.041+0000][1][safepoint    ] Leaving safepoint region
[2019-12-08T10:16:50.041+0000][1][safepoint    ] Total time for which application threads were stopped: 0.0014168 seconds, Stopping threads took: 0.0000185 seconds
[2019-12-08T10:16:51.041+0000][1][safepoint    ] Application time: 1.0000893 seconds
[2019-12-08T10:16:51.041+0000][1][safepoint    ] Entering safepoint region: Cleanup
[2019-12-08T10:16:51.041+0000][1][safepoint    ] Leaving safepoint region
[2019-12-08T10:16:51.041+0000][1][safepoint    ] Total time for which application threads were stopped: 0.0000941 seconds, Stopping threads took: 0.0000173 seconds
[2019-12-08T10:16:52.041+0000][1][safepoint    ] Application time: 1.0000879 seconds
[2019-12-08T10:16:52.041+0000][1][safepoint    ] Entering safepoint region: Cleanup
[2019-12-08T10:16:52.041+0000][1][safepoint    ] Leaving safepoint region
[2019-12-08T10:16:52.041+0000][1][safepoint    ] Total time for which application threads were stopped: 0.0000855 seconds, Stopping threads took: 0.0000177 seconds
[2019-12-08T10:16:53.042+0000][1][safepoint    ] Application time: 1.0000811 seconds
[2019-12-08T10:16:53.042+0000][1][safepoint    ] Entering safepoint region: Cleanup
[2019-12-08T10:16:53.042+0000][1][safepoint    ] Leaving safepoint region
[2019-12-08T10:16:53.042+0000][1][safepoint    ] Total time for which application threads were stopped: 0.0000785 seconds, Stopping threads took: 0.0000167 seconds
[2019-12-08T10:16:54.042+0000][1][safepoint    ] Application time: 1.0000822 seconds
[2019-12-08T10:16:54.042+0000][1][safepoint    ] Entering safepoint region: Cleanup
[2019-12-08T10:16:54.042+0000][1][safepoint    ] Leaving safepoint region
[2019-12-08T10:16:54.042+0000][1][safepoint    ] Total time for which application threads were stopped: 0.0000824 seconds, Stopping threads took: 0.0000184 seconds
[2019-12-08T10:16:55.042+0000][1][safepoint    ] Application time: 1.0000803 seconds
[2019-12-08T10:16:55.042+0000][1][safepoint    ] Entering safepoint region: Cleanup
[2019-12-08T10:16:55.042+0000][1][safepoint    ] Leaving safepoint region
[2019-12-08T10:16:55.042+0000][1][safepoint    ] Total time for which application threads were stopped: 0.0000829 seconds, Stopping threads took: 0.0000194 seconds
[2019-12-08T10:16:56.042+0000][1][safepoint    ] Application time: 1.0000802 seconds
[2019-12-08T10:16:56.042+0000][1][safepoint    ] Entering safepoint region: Cleanup
[2019-12-08T10:16:56.042+0000][1][safepoint    ] Leaving safepoint region
[2019-12-08T10:16:56.042+0000][1][safepoint    ] Total time for which application threads were stopped: 0.0001079 seconds, Stopping threads took: 0.0000232 seconds
[2019-12-08T10:16:57.042+0000][1][safepoint    ] Application time: 1.0000858 seconds
[2019-12-08T10:16:57.042+0000][1][safepoint    ] Entering safepoint region: Cleanup
[2019-12-08T10:16:57.042+0000][1][safepoint    ] Leaving safepoint region
[2019-12-08T10:16:57.042+0000][1][safepoint    ] Total time for which application threads were stopped: 0.0000814 seconds, Stopping threads took: 0.0000173 seconds
[2019-12-08T10:16:58.043+0000][1][safepoint    ] Application time: 1.0000777 seconds
[2019-12-08T10:16:58.043+0000][1][safepoint    ] Entering safepoint region: Cleanup
[2019-12-08T10:16:58.043+0000][1][safepoint    ] Leaving safepoint region
[2019-12-08T10:16:58.043+0000][1][safepoint    ] Total time for which application threads were stopped: 0.0000808 seconds, Stopping threads took: 0.0000187 seconds
[2019-12-08T10:16:59.043+0000][1][safepoint    ] Application time: 1.0000749 seconds
[2019-12-08T10:16:59.043+0000][1][safepoint    ] Entering safepoint region: Cleanup
[2019-12-08T10:16:59.043+0000][1][safepoint    ] Leaving safepoint region
[2019-12-08T10:16:59.043+0000][1][safepoint    ] Total time for which application threads were stopped: 0.0000839 seconds, Stopping threads took: 0.0000204 seconds
[2019-12-08T10:17:00.043+0000][1][safepoint    ] Application time: 1.0000777 seconds
[2019-12-08T10:17:00.043+0000][1][safepoint    ] Entering safepoint region: Cleanup
[2019-12-08T10:17:00.043+0000][1][safepoint    ] Leaving safepoint region
[2019-12-08T10:17:00.043+0000][1][safepoint    ] Total time for which application threads were stopped: 0.0000806 seconds, Stopping threads took: 0.0000181 seconds
[2019-12-08T10:17:01.043+0000][1][safepoint    ] Application time: 1.0000756 seconds
[2019-12-08T10:17:01.043+0000][1][safepoint    ] Entering safepoint region: Cleanup
[2019-12-08T10:17:01.043+0000][1][safepoint    ] Leaving safepoint region
[2019-12-08T10:17:01.043+0000][1][safepoint    ] Total time for which application threads were stopped: 0.0000864 seconds, Stopping threads took: 0.0000204 seconds
[2019-12-08T10:17:02.043+0000][1][safepoint    ] Application time: 1.0000789 seconds
[2019-12-08T10:17:02.043+0000][1][safepoint    ] Entering safepoint region: Cleanup
[2019-12-08T10:17:02.043+0000][1][safepoint    ] Leaving safepoint region
[2019-12-08T10:17:02.043+0000][1][safepoint    ] Total time for which application threads were stopped: 0.0000861 seconds, Stopping threads took: 0.0000207 seconds
[2019-12-08T10:17:03.043+0000][1][safepoint    ] Application time: 1.0000770 seconds
[2019-12-08T10:17:03.044+0000][1][safepoint    ] Entering safepoint region: Cleanup
[2019-12-08T10:17:03.044+0000][1][safepoint    ] Leaving safepoint region
[2019-12-08T10:17:03.044+0000][1][safepoint    ] Total time for which application threads were stopped: 0.0000848 seconds, Stopping threads took: 0.0000201 seconds
[2019-12-08T10:17:04.044+0000][1][safepoint    ] Application time: 1.0000812 seconds
[2019-12-08T10:17:04.044+0000][1][safepoint    ] Entering safepoint region: Cleanup
[2019-12-08T10:17:04.044+0000][1][safepoint    ] Leaving safepoint region
[2019-12-08T10:17:04.044+0000][1][safepoint    ] Total time for which application threads were stopped: 0.0000813 seconds, Stopping threads took: 0.0000184 seconds
[2019-12-08T10:17:05.044+0000][1][safepoint    ] Application time: 1.0000782 seconds
[2019-12-08T10:17:05.044+0000][1][safepoint    ] Entering safepoint region: Cleanup
[2019-12-08T10:17:05.044+0000][1][safepoint    ] Leaving safepoint region
[2019-12-08T10:17:05.044+0000][1][safepoint    ] Total time for which application threads were stopped: 0.0000838 seconds, Stopping threads took: 0.0000198 seconds
[2019-12-08T10:17:06.044+0000][1][safepoint    ] Application time: 1.0000768 seconds
[2019-12-08T10:17:06.044+0000][1][safepoint    ] Entering safepoint region: Cleanup
[2019-12-08T10:17:06.044+0000][1][safepoint    ] Leaving safepoint region
[2019-12-08T10:17:06.044+0000][1][safepoint    ] Total time for which application threads were stopped: 0.0000839 seconds, Stopping threads took: 0.0000197 seconds
[2019-12-08T10:17:07.044+0000][1][safepoint    ] Application time: 1.0000826 seconds
[2019-12-08T10:17:07.044+0000][1][safepoint    ] Entering safepoint region: Cleanup
[2019-12-08T10:17:07.044+0000][1][safepoint    ] Leaving safepoint region
[2019-12-08T10:17:07.044+0000][1][safepoint    ] Total time for which application threads were stopped: 0.0000844 seconds, Stopping threads took: 0.0000208 seconds
[2019-12-08T10:17:08.045+0000][1][safepoint    ] Application time: 1.0000875 seconds
[2019-12-08T10:17:08.045+0000][1][safepoint    ] Entering safepoint region: Cleanup
[2019-12-08T10:17:08.045+0000][1][safepoint    ] Leaving safepoint region
[2019-12-08T10:17:08.045+0000][1][safepoint    ] Total time for which application threads were stopped: 0.0000856 seconds, Stopping threads took: 0.0000203 seconds
[2019-12-08T10:17:09.045+0000][1][safepoint    ] Application time: 1.0000921 seconds
[2019-12-08T10:17:09.045+0000][1][safepoint    ] Entering safepoint region: Cleanup
[2019-12-08T10:17:09.045+0000][1][safepoint    ] Leaving safepoint region
[2019-12-08T10:17:09.045+0000][1][safepoint    ] Total time for which application threads were stopped: 0.0000888 seconds, Stopping threads took: 0.0000209 seconds
[2019-12-08T10:17:10.045+0000][1][safepoint    ] Application time: 1.0000803 seconds
[2019-12-08T10:17:10.045+0000][1][safepoint    ] Entering safepoint region: Cleanup
[2019-12-08T10:17:10.045+0000][1][safepoint    ] Leaving safepoint region
[2019-12-08T10:17:10.045+0000][1][safepoint    ] Total time for which application threads were stopped: 0.0000839 seconds, Stopping threads took: 0.0000190 seconds
[2019-12-08T10:17:11.820+0000][1][safepoint    ] Application time: 1.7747022 seconds
[2019-12-08T10:17:11.820+0000][1][safepoint    ] Entering safepoint region: Cleanup
[2019-12-08T10:17:11.820+0000][1][safepoint    ] Leaving safepoint region
[2019-12-08T10:17:11.820+0000][1][safepoint    ] Total time for which application threads were stopped: 0.0000886 seconds, Stopping threads took: 0.0000203 seconds
[2019-12-08T10:17:12.820+0000][1][safepoint    ] Application time: 1.0000889 seconds
[2019-12-08T10:17:12.820+0000][1][safepoint    ] Entering safepoint region: Cleanup
[2019-12-08T10:17:12.820+0000][1][safepoint    ] Leaving safepoint region
[2019-12-08T10:17:12.820+0000][1][safepoint    ] Total time for which application threads were stopped: 0.0001078 seconds, Stopping threads took: 0.0000395 seconds
[2019-12-08T10:17:13.820+0000][1][safepoint    ] Application time: 1.0000791 seconds
[2019-12-08T10:17:13.820+0000][1][safepoint    ] Entering safepoint region: Cleanup
[2019-12-08T10:17:13.820+0000][1][safepoint    ] Leaving safepoint region
[2019-12-08T10:17:13.820+0000][1][safepoint    ] Total time for which application threads were stopped: 0.0000866 seconds, Stopping threads took: 0.0000185 seconds
[2019-12-08T10:17:14.820+0000][1][safepoint    ] Application time: 1.0000804 seconds
[2019-12-08T10:17:14.820+0000][1][safepoint    ] Entering safepoint region: Cleanup
[2019-12-08T10:17:14.821+0000][1][safepoint    ] Leaving safepoint region
[2019-12-08T10:17:14.821+0000][1][safepoint    ] Total time for which application threads were stopped: 0.0000891 seconds, Stopping threads took: 0.0000211 seconds
[2019-12-08T10:17:15.821+0000][1][safepoint    ] Application time: 1.0000796 seconds
[2019-12-08T10:17:15.821+0000][1][safepoint    ] Entering safepoint region: Cleanup
[2019-12-08T10:17:15.821+0000][1][safepoint    ] Leaving safepoint region
[2019-12-08T10:17:15.821+0000][1][safepoint    ] Total time for which application threads were stopped: 0.0001035 seconds, Stopping threads took: 0.0000365 seconds
[2019-12-08T10:17:16.821+0000][1][safepoint    ] Application time: 1.0000792 seconds
[2019-12-08T10:17:16.821+0000][1][safepoint    ] Entering safepoint region: Cleanup
[2019-12-08T10:17:16.821+0000][1][safepoint    ] Leaving safepoint region
[2019-12-08T10:17:16.821+0000][1][safepoint    ] Total time for which application threads were stopped: 0.0000873 seconds, Stopping threads took: 0.0000201 seconds
[2019-12-08T10:17:17.821+0000][1][safepoint    ] Application time: 1.0000808 seconds
[2019-12-08T10:17:17.821+0000][1][safepoint    ] Entering safepoint region: Cleanup
[2019-12-08T10:17:17.821+0000][1][safepoint    ] Leaving safepoint region
[2019-12-08T10:17:17.821+0000][1][safepoint    ] Total time for which application threads were stopped: 0.0000888 seconds, Stopping threads took: 0.0000194 seconds
[2019-12-08T10:17:18.821+0000][1][safepoint    ] Application time: 1.0000935 seconds
[2019-12-08T10:17:18.821+0000][1][safepoint    ] Entering safepoint region: Cleanup
[2019-12-08T10:17:18.821+0000][1][safepoint    ] Leaving safepoint region
[2019-12-08T10:17:18.821+0000][1][safepoint    ] Total time for which application threads were stopped: 0.0000878 seconds, Stopping threads took: 0.0000200 seconds
[2019-12-08T10:17:19.822+0000][1][safepoint    ] Application time: 1.0000823 seconds
[2019-12-08T10:17:19.822+0000][1][safepoint    ] Entering safepoint region: Cleanup
[2019-12-08T10:17:19.822+0000][1][safepoint    ] Leaving safepoint region
[2019-12-08T10:17:19.822+0000][1][safepoint    ] Total time for which application threads were stopped: 0.0000858 seconds, Stopping threads took: 0.0000190 seconds
[2019-12-08T10:17:20.822+0000][1][safepoint    ] Application time: 1.0000837 seconds
[2019-12-08T10:17:20.822+0000][1][safepoint    ] Entering safepoint region: Cleanup
[2019-12-08T10:17:20.822+0000][1][safepoint    ] Leaving safepoint region
[2019-12-08T10:17:20.822+0000][1][safepoint    ] Total time for which application threads were stopped: 0.0000889 seconds, Stopping threads took: 0.0000209 seconds
[2019-12-08T10:17:21.822+0000][1][safepoint    ] Application time: 1.0000857 seconds
[2019-12-08T10:17:21.822+0000][1][safepoint    ] Entering safepoint region: Cleanup
[2019-12-08T10:17:21.822+0000][1][safepoint    ] Leaving safepoint region
[2019-12-08T10:17:21.822+0000][1][safepoint    ] Total time for which application threads were stopped: 0.0000920 seconds, Stopping threads took: 0.0000204 seconds
[2019-12-08T10:17:22.822+0000][1][safepoint    ] Application time: 1.0000804 seconds
[2019-12-08T10:17:22.822+0000][1][safepoint    ] Entering safepoint region: Cleanup
[2019-12-08T10:17:22.822+0000][1][safepoint    ] Leaving safepoint region
[2019-12-08T10:17:22.822+0000][1][safepoint    ] Total time for which application threads were stopped: 0.0000909 seconds, Stopping threads took: 0.0000216 seconds
[2019-12-08T10:17:23.822+0000][1][safepoint    ] Application time: 1.0000808 seconds
[2019-12-08T10:17:23.822+0000][1][safepoint    ] Entering safepoint region: Cleanup
[2019-12-08T10:17:23.823+0000][1][safepoint    ] Leaving safepoint region
[2019-12-08T10:17:23.823+0000][1][safepoint    ] Total time for which application threads were stopped: 0.0000892 seconds, Stopping threads took: 0.0000215 seconds
[2019-12-08T10:17:24.823+0000][1][safepoint    ] Application time: 1.0000800 seconds
[2019-12-08T10:17:24.823+0000][1][safepoint    ] Entering safepoint region: Cleanup
[2019-12-08T10:17:24.823+0000][1][safepoint    ] Leaving safepoint region
[2019-12-08T10:17:24.823+0000][1][safepoint    ] Total time for which application threads were stopped: 0.0000963 seconds, Stopping threads took: 0.0000193 seconds
[2019-12-08T10:17:25.823+0000][1][safepoint    ] Application time: 1.0000811 seconds
[2019-12-08T10:17:25.823+0000][1][safepoint    ] Entering safepoint region: Cleanup
[2019-12-08T10:17:25.823+0000][1][safepoint    ] Leaving safepoint region
[2019-12-08T10:17:25.823+0000][1][safepoint    ] Total time for which application threads were stopped: 0.0000880 seconds, Stopping threads took: 0.0000206 seconds
[2019-12-08T10:17:26.823+0000][1][safepoint    ] Application time: 1.0000801 seconds
[2019-12-08T10:17:26.823+0000][1][safepoint    ] Entering safepoint region: Cleanup
[2019-12-08T10:17:26.823+0000][1][safepoint    ] Leaving safepoint region
[2019-12-08T10:17:26.823+0000][1][safepoint    ] Total time for which application threads were stopped: 0.0000894 seconds, Stopping threads took: 0.0000205 seconds
[2019-12-08T10:17:27.823+0000][1][safepoint    ] Application time: 1.0000822 seconds
[2019-12-08T10:17:27.823+0000][1][safepoint    ] Entering safepoint region: Cleanup
[2019-12-08T10:17:27.823+0000][1][safepoint    ] Leaving safepoint region
[2019-12-08T10:17:27.823+0000][1][safepoint    ] Total time for which application threads were stopped: 0.0000922 seconds, Stopping threads took: 0.0000207 seconds
[2019-12-08T10:17:28.823+0000][1][safepoint    ] Application time: 1.0000892 seconds
[2019-12-08T10:17:28.824+0000][1][safepoint    ] Entering safepoint region: Cleanup
[2019-12-08T10:17:28.824+0000][1][safepoint    ] Leaving safepoint region
[2019-12-08T10:17:28.824+0000][1][safepoint    ] Total time for which application threads were stopped: 0.0000917 seconds, Stopping threads took: 0.0000209 seconds
[2019-12-08T10:17:29.824+0000][1][safepoint    ] Application time: 1.0000866 seconds
[2019-12-08T10:17:29.824+0000][1][safepoint    ] Entering safepoint region: Cleanup
[2019-12-08T10:17:29.824+0000][1][safepoint    ] Leaving safepoint region
[2019-12-08T10:17:29.824+0000][1][safepoint    ] Total time for which application threads were stopped: 0.0000880 seconds, Stopping threads took: 0.0000189 seconds
[2019-12-08T10:17:30.824+0000][1][safepoint    ] Application time: 1.0000818 seconds
[2019-12-08T10:17:30.824+0000][1][safepoint    ] Entering safepoint region: Cleanup
[2019-12-08T10:17:30.824+0000][1][safepoint    ] Leaving safepoint region
[2019-12-08T10:17:30.824+0000][1][safepoint    ] Total time for which application threads were stopped: 0.0000979 seconds, Stopping threads took: 0.0000289 seconds
[2019-12-08T10:17:31.824+0000][1][safepoint    ] Application time: 1.0000779 seconds
[2019-12-08T10:17:31.824+0000][1][safepoint    ] Entering safepoint region: Cleanup
[2019-12-08T10:17:31.824+0000][1][safepoint    ] Leaving safepoint region
[2019-12-08T10:17:31.824+0000][1][safepoint    ] Total time for which application threads were stopped: 0.0000871 seconds, Stopping threads took: 0.0000206 seconds
[2019-12-08T10:17:32.824+0000][1][safepoint    ] Application time: 1.0000784 seconds
[2019-12-08T10:17:32.824+0000][1][safepoint    ] Entering safepoint region: Cleanup
[2019-12-08T10:17:32.824+0000][1][safepoint    ] Leaving safepoint region
[2019-12-08T10:17:32.824+0000][1][safepoint    ] Total time for which application threads were stopped: 0.0000895 seconds, Stopping threads took: 0.0000212 seconds
[2019-12-08T10:17:33.986+0000][1][safepoint    ] Application time: 1.1614272 seconds
[2019-12-08T10:17:33.986+0000][1][safepoint    ] Entering safepoint region: Cleanup
[2019-12-08T10:17:33.986+0000][1][safepoint    ] Leaving safepoint region
[2019-12-08T10:17:33.986+0000][1][safepoint    ] Total time for which application threads were stopped: 0.0000781 seconds, Stopping threads took: 0.0000164 seconds
[2019-12-08T10:17:34.986+0000][1][safepoint    ] Application time: 1.0000743 seconds
[2019-12-08T10:17:34.986+0000][1][safepoint    ] Entering safepoint region: Cleanup
[2019-12-08T10:17:34.986+0000][1][safepoint    ] Leaving safepoint region
[2019-12-08T10:17:34.986+0000][1][safepoint    ] Total time for which application threads were stopped: 0.0000823 seconds, Stopping threads took: 0.0000195 seconds
[2019-12-08T10:17:35.986+0000][1][safepoint    ] Application time: 1.0000739 seconds
[2019-12-08T10:17:35.986+0000][1][safepoint    ] Entering safepoint region: Cleanup
[2019-12-08T10:17:35.986+0000][1][safepoint    ] Leaving safepoint region
[2019-12-08T10:17:35.986+0000][1][safepoint    ] Total time for which application threads were stopped: 0.0000862 seconds, Stopping threads took: 0.0000195 seconds
[2019-12-08T10:17:36.986+0000][1][safepoint    ] Application time: 1.0000750 seconds
[2019-12-08T10:17:36.987+0000][1][safepoint    ] Entering safepoint region: Cleanup
[2019-12-08T10:17:36.987+0000][1][safepoint    ] Leaving safepoint region
[2019-12-08T10:17:36.987+0000][1][safepoint    ] Total time for which application threads were stopped: 0.0000828 seconds, Stopping threads took: 0.0000194 seconds
[2019-12-08T10:17:37.987+0000][1][safepoint    ] Application time: 1.0000746 seconds
[2019-12-08T10:17:37.987+0000][1][safepoint    ] Entering safepoint region: Cleanup
[2019-12-08T10:17:37.987+0000][1][safepoint    ] Leaving safepoint region
[2019-12-08T10:17:37.987+0000][1][safepoint    ] Total time for which application threads were stopped: 0.0000846 seconds, Stopping threads took: 0.0000201 seconds
[2019-12-08T10:17:38.987+0000][1][safepoint    ] Application time: 1.0000760 seconds
[2019-12-08T10:17:38.987+0000][1][safepoint    ] Entering safepoint region: Cleanup
[2019-12-08T10:17:38.987+0000][1][safepoint    ] Leaving safepoint region
[2019-12-08T10:17:38.987+0000][1][safepoint    ] Total time for which application threads were stopped: 0.0000818 seconds, Stopping threads took: 0.0000184 seconds
[2019-12-08T10:17:39.987+0000][1][safepoint    ] Application time: 1.0000785 seconds
[2019-12-08T10:17:39.987+0000][1][safepoint    ] Entering safepoint region: Cleanup
[2019-12-08T10:17:39.987+0000][1][safepoint    ] Leaving safepoint region
[2019-12-08T10:17:39.987+0000][1][safepoint    ] Total time for which application threads were stopped: 0.0000877 seconds, Stopping threads took: 0.0000196 seconds
[2019-12-08T10:17:40.987+0000][1][safepoint    ] Application time: 1.0000772 seconds
[2019-12-08T10:17:40.987+0000][1][safepoint    ] Entering safepoint region: Cleanup
[2019-12-08T10:17:40.987+0000][1][safepoint    ] Leaving safepoint region
[2019-12-08T10:17:40.987+0000][1][safepoint    ] Total time for which application threads were stopped: 0.0000858 seconds, Stopping threads took: 0.0000201 seconds
[2019-12-08T10:17:41.988+0000][1][safepoint    ] Application time: 1.0000748 seconds
[2019-12-08T10:17:41.988+0000][1][safepoint    ] Entering safepoint region: Cleanup
[2019-12-08T10:17:41.988+0000][1][safepoint    ] Leaving safepoint region
[2019-12-08T10:17:41.988+0000][1][safepoint    ] Total time for which application threads were stopped: 0.0000851 seconds, Stopping threads took: 0.0000179 seconds
[2019-12-08T10:17:42.988+0000][1][safepoint    ] Application time: 1.0000751 seconds
[2019-12-08T10:17:42.988+0000][1][safepoint    ] Entering safepoint region: Cleanup
[2019-12-08T10:17:42.988+0000][1][safepoint    ] Leaving safepoint region
[2019-12-08T10:17:42.988+0000][1][safepoint    ] Total time for which application threads were stopped: 0.0000814 seconds, Stopping threads took: 0.0000174 seconds
[2019-12-08T10:17:43.988+0000][1][safepoint    ] Application time: 1.0000771 seconds
[2019-12-08T10:17:43.988+0000][1][safepoint    ] Entering safepoint region: Cleanup
[2019-12-08T10:17:43.988+0000][1][safepoint    ] Leaving safepoint region
[2019-12-08T10:17:43.988+0000][1][safepoint    ] Total time for which application threads were stopped: 0.0000937 seconds, Stopping threads took: 0.0000251 seconds
[2019-12-08T10:17:44.988+0000][1][safepoint    ] Application time: 1.0000762 seconds
[2019-12-08T10:17:44.988+0000][1][safepoint    ] Entering safepoint region: Cleanup
[2019-12-08T10:17:44.988+0000][1][safepoint    ] Leaving safepoint region
[2019-12-08T10:17:44.988+0000][1][safepoint    ] Total time for which application threads were stopped: 0.0000792 seconds, Stopping threads took: 0.0000169 seconds
[2019-12-08T10:17:45.988+0000][1][safepoint    ] Application time: 1.0000767 seconds
[2019-12-08T10:17:45.988+0000][1][safepoint    ] Entering safepoint region: Cleanup
[2019-12-08T10:17:45.988+0000][1][safepoint    ] Leaving safepoint region
[2019-12-08T10:17:45.988+0000][1][safepoint    ] Total time for which application threads were stopped: 0.0000833 seconds, Stopping threads took: 0.0000192 seconds
[2019-12-08T10:17:46.989+0000][1][safepoint    ] Application time: 1.0000753 seconds
[2019-12-08T10:17:46.989+0000][1][safepoint    ] Entering safepoint region: Cleanup
[2019-12-08T10:17:46.989+0000][1][safepoint    ] Leaving safepoint region
[2019-12-08T10:17:46.989+0000][1][safepoint    ] Total time for which application threads were stopped: 0.0000831 seconds, Stopping threads took: 0.0000199 seconds
[2019-12-08T10:17:47.989+0000][1][safepoint    ] Application time: 1.0000892 seconds
[2019-12-08T10:17:47.989+0000][1][safepoint    ] Entering safepoint region: Cleanup
[2019-12-08T10:17:47.989+0000][1][safepoint    ] Leaving safepoint region
[2019-12-08T10:17:47.989+0000][1][safepoint    ] Total time for which application threads were stopped: 0.0001280 seconds, Stopping threads took: 0.0000271 seconds
[2019-12-08T10:17:48.989+0000][1][safepoint    ] Application time: 1.0000790 seconds
[2019-12-08T10:17:48.989+0000][1][safepoint    ] Entering safepoint region: Cleanup
[2019-12-08T10:17:48.989+0000][1][safepoint    ] Leaving safepoint region
[2019-12-08T10:17:48.989+0000][1][safepoint    ] Total time for which application threads were stopped: 0.0000821 seconds, Stopping threads took: 0.0000179 seconds
[2019-12-08T10:17:49.989+0000][1][safepoint    ] Application time: 1.0000741 seconds
[2019-12-08T10:17:49.989+0000][1][safepoint    ] Entering safepoint region: Cleanup
[2019-12-08T10:17:49.989+0000][1][safepoint    ] Leaving safepoint region
[2019-12-08T10:17:49.989+0000][1][safepoint    ] Total time for which application threads were stopped: 0.0000798 seconds, Stopping threads took: 0.0000169 seconds
[2019-12-08T10:17:50.989+0000][1][safepoint    ] Application time: 1.0000780 seconds
[2019-12-08T10:17:50.989+0000][1][safepoint    ] Entering safepoint region: Cleanup
[2019-12-08T10:17:50.989+0000][1][safepoint    ] Leaving safepoint region
[2019-12-08T10:17:50.989+0000][1][safepoint    ] Total time for which application threads were stopped: 0.0000827 seconds, Stopping threads took: 0.0000187 seconds
[2019-12-08T10:17:51.990+0000][1][safepoint    ] Application time: 1.0000766 seconds
[2019-12-08T10:17:51.990+0000][1][safepoint    ] Entering safepoint region: Cleanup
[2019-12-08T10:17:51.990+0000][1][safepoint    ] Leaving safepoint region
[2019-12-08T10:17:51.990+0000][1][safepoint    ] Total time for which application threads were stopped: 0.0000793 seconds, Stopping threads took: 0.0000177 seconds
[2019-12-08T10:17:52.990+0000][1][safepoint    ] Application time: 1.0000836 seconds
[2019-12-08T10:17:52.990+0000][1][safepoint    ] Entering safepoint region: Cleanup
[2019-12-08T10:17:52.990+0000][1][safepoint    ] Leaving safepoint region
[2019-12-08T10:17:52.990+0000][1][safepoint    ] Total time for which application threads were stopped: 0.0000847 seconds, Stopping threads took: 0.0000197 seconds
[2019-12-08T10:17:53.990+0000][1][safepoint    ] Application time: 1.0000788 seconds
[2019-12-08T10:17:53.990+0000][1][safepoint    ] Entering safepoint region: Cleanup
[2019-12-08T10:17:53.990+0000][1][safepoint    ] Leaving safepoint region
[2019-12-08T10:17:53.990+0000][1][safepoint    ] Total time for which application threads were stopped: 0.0001054 seconds, Stopping threads took: 0.0000200 seconds
[2019-12-08T10:17:54.990+0000][1][safepoint    ] Application time: 1.0000783 seconds
[2019-12-08T10:17:54.990+0000][1][safepoint    ] Entering safepoint region: Cleanup
[2019-12-08T10:17:54.990+0000][1][safepoint    ] Leaving safepoint region
[2019-12-08T10:17:54.990+0000][1][safepoint    ] Total time for which application threads were stopped: 0.0000846 seconds, Stopping threads took: 0.0000194 seconds
[2019-12-08T10:17:55.990+0000][1][safepoint    ] Application time: 1.0000800 seconds
[2019-12-08T10:17:55.990+0000][1][safepoint    ] Entering safepoint region: Cleanup
[2019-12-08T10:17:55.991+0000][1][safepoint    ] Leaving safepoint region
[2019-12-08T10:17:55.991+0000][1][safepoint    ] Total time for which application threads were stopped: 0.0000837 seconds, Stopping threads took: 0.0000175 seconds
[2019-12-08T10:17:56.991+0000][1][safepoint    ] Application time: 1.0000775 seconds
[2019-12-08T10:17:56.991+0000][1][safepoint    ] Entering safepoint region: Cleanup
[2019-12-08T10:17:56.991+0000][1][safepoint    ] Leaving safepoint region
[2019-12-08T10:17:56.991+0000][1][safepoint    ] Total time for which application threads were stopped: 0.0000939 seconds, Stopping threads took: 0.0000181 seconds
[2019-12-08T10:17:57.991+0000][1][safepoint    ] Application time: 1.0000768 seconds
[2019-12-08T10:17:57.991+0000][1][safepoint    ] Entering safepoint region: Cleanup
[2019-12-08T10:17:57.991+0000][1][safepoint    ] Leaving safepoint region
[2019-12-08T10:17:57.991+0000][1][safepoint    ] Total time for which application threads were stopped: 0.0000892 seconds, Stopping threads took: 0.0000201 seconds
[2019-12-08T10:17:58.991+0000][1][safepoint    ] Application time: 1.0000793 seconds
[2019-12-08T10:17:58.991+0000][1][safepoint    ] Entering safepoint region: Cleanup
[2019-12-08T10:17:58.991+0000][1][safepoint    ] Leaving safepoint region
[2019-12-08T10:17:58.991+0000][1][safepoint    ] Total time for which application threads were stopped: 0.0000857 seconds, Stopping threads took: 0.0000187 seconds
[2019-12-08T10:17:59.991+0000][1][safepoint    ] Application time: 1.0000875 seconds
[2019-12-08T10:17:59.991+0000][1][safepoint    ] Entering safepoint region: Cleanup
[2019-12-08T10:17:59.991+0000][1][safepoint    ] Leaving safepoint region
[2019-12-08T10:17:59.991+0000][1][safepoint    ] Total time for which application threads were stopped: 0.0000779 seconds, Stopping threads took: 0.0000160 seconds
[2019-12-08T10:18:00.991+0000][1][safepoint    ] Application time: 1.0000791 seconds
[2019-12-08T10:18:00.991+0000][1][safepoint    ] Entering safepoint region: Cleanup
[2019-12-08T10:18:00.992+0000][1][safepoint    ] Leaving safepoint region
[2019-12-08T10:18:00.992+0000][1][safepoint    ] Total time for which application threads were stopped: 0.0000844 seconds, Stopping threads took: 0.0000197 seconds
[2019-12-08T10:18:01.992+0000][1][safepoint    ] Application time: 1.0000780 seconds
[2019-12-08T10:18:01.992+0000][1][safepoint    ] Entering safepoint region: Cleanup
[2019-12-08T10:18:01.992+0000][1][safepoint    ] Leaving safepoint region
[2019-12-08T10:18:01.992+0000][1][safepoint    ] Total time for which application threads were stopped: 0.0001022 seconds, Stopping threads took: 0.0000331 seconds
[2019-12-08T10:18:02.992+0000][1][safepoint    ] Application time: 1.0000749 seconds
[2019-12-08T10:18:02.992+0000][1][safepoint    ] Entering safepoint region: Cleanup
[2019-12-08T10:18:02.992+0000][1][safepoint    ] Leaving safepoint region
[2019-12-08T10:18:02.992+0000][1][safepoint    ] Total time for which application threads were stopped: 0.0000809 seconds, Stopping threads took: 0.0000170 seconds
[2019-12-08T10:18:03.992+0000][1][safepoint    ] Application time: 1.0000767 seconds
[2019-12-08T10:18:03.992+0000][1][safepoint    ] Entering safepoint region: Cleanup
[2019-12-08T10:18:03.992+0000][1][safepoint    ] Leaving safepoint region
[2019-12-08T10:18:03.992+0000][1][safepoint    ] Total time for which application threads were stopped: 0.0000859 seconds, Stopping threads took: 0.0000192 seconds
[2019-12-08T10:18:04.992+0000][1][safepoint    ] Application time: 1.0000800 seconds
[2019-12-08T10:18:04.992+0000][1][safepoint    ] Entering safepoint region: Cleanup
[2019-12-08T10:18:04.992+0000][1][safepoint    ] Leaving safepoint region
[2019-12-08T10:18:04.992+0000][1][safepoint    ] Total time for which application threads were stopped: 0.0000842 seconds, Stopping threads took: 0.0000196 seconds
[2019-12-08T10:18:05.992+0000][1][safepoint    ] Application time: 1.0000776 seconds
[2019-12-08T10:18:05.992+0000][1][safepoint    ] Entering safepoint region: Cleanup
[2019-12-08T10:18:05.993+0000][1][safepoint    ] Leaving safepoint region
[2019-12-08T10:18:05.993+0000][1][safepoint    ] Total time for which application threads were stopped: 0.0000810 seconds, Stopping threads took: 0.0000180 seconds
[2019-12-08T10:18:06.993+0000][1][safepoint    ] Application time: 1.0000743 seconds
[2019-12-08T10:18:06.993+0000][1][safepoint    ] Entering safepoint region: Cleanup
[2019-12-08T10:18:06.993+0000][1][safepoint    ] Leaving safepoint region
[2019-12-08T10:18:06.993+0000][1][safepoint    ] Total time for which application threads were stopped: 0.0000928 seconds, Stopping threads took: 0.0000291 seconds
[2019-12-08T10:18:07.993+0000][1][safepoint    ] Application time: 1.0000752 seconds
[2019-12-08T10:18:07.993+0000][1][safepoint    ] Entering safepoint region: Cleanup
[2019-12-08T10:18:07.993+0000][1][safepoint    ] Leaving safepoint region
[2019-12-08T10:18:07.993+0000][1][safepoint    ] Total time for which application threads were stopped: 0.0000862 seconds, Stopping threads took: 0.0000195 seconds
[2019-12-08T10:18:08.993+0000][1][safepoint    ] Application time: 1.0000744 seconds
[2019-12-08T10:18:08.993+0000][1][safepoint    ] Entering safepoint region: Cleanup
[2019-12-08T10:18:08.993+0000][1][safepoint    ] Leaving safepoint region
[2019-12-08T10:18:08.993+0000][1][safepoint    ] Total time for which application threads were stopped: 0.0000839 seconds, Stopping threads took: 0.0000188 seconds
[2019-12-08T10:18:09.993+0000][1][safepoint    ] Application time: 1.0000740 seconds
[2019-12-08T10:18:09.993+0000][1][safepoint    ] Entering safepoint region: Cleanup
[2019-12-08T10:18:09.993+0000][1][safepoint    ] Leaving safepoint region
[2019-12-08T10:18:09.993+0000][1][safepoint    ] Total time for which application threads were stopped: 0.0000888 seconds, Stopping threads took: 0.0000175 seconds
[2019-12-08T10:18:10.993+0000][1][safepoint    ] Application time: 1.0000784 seconds
[2019-12-08T10:18:10.994+0000][1][safepoint    ] Entering safepoint region: Cleanup
[2019-12-08T10:18:10.994+0000][1][safepoint    ] Leaving safepoint region
[2019-12-08T10:18:10.994+0000][1][safepoint    ] Total time for which application threads were stopped: 0.0000842 seconds, Stopping threads took: 0.0000191 seconds
[2019-12-08T10:18:11.994+0000][1][safepoint    ] Application time: 1.0000782 seconds
[2019-12-08T10:18:11.994+0000][1][safepoint    ] Entering safepoint region: Cleanup
[2019-12-08T10:18:11.994+0000][1][safepoint    ] Leaving safepoint region
[2019-12-08T10:18:11.994+0000][1][safepoint    ] Total time for which application threads were stopped: 0.0000889 seconds, Stopping threads took: 0.0000214 seconds
[2019-12-08T10:18:12.994+0000][1][safepoint    ] Application time: 1.0000773 seconds
[2019-12-08T10:18:12.994+0000][1][safepoint    ] Entering safepoint region: Cleanup
[2019-12-08T10:18:12.994+0000][1][safepoint    ] Leaving safepoint region
[2019-12-08T10:18:12.994+0000][1][safepoint    ] Total time for which application threads were stopped: 0.0000811 seconds, Stopping threads took: 0.0000170 seconds
[2019-12-08T10:18:13.994+0000][1][safepoint    ] Application time: 1.0000790 seconds
[2019-12-08T10:18:13.994+0000][1][safepoint    ] Entering safepoint region: Cleanup
[2019-12-08T10:18:13.994+0000][1][safepoint    ] Leaving safepoint region
[2019-12-08T10:18:13.994+0000][1][safepoint    ] Total time for which application threads were stopped: 0.0000850 seconds, Stopping threads took: 0.0000190 seconds
[2019-12-08T10:18:14.994+0000][1][safepoint    ] Application time: 1.0000787 seconds
[2019-12-08T10:18:14.994+0000][1][safepoint    ] Entering safepoint region: Cleanup
[2019-12-08T10:18:14.994+0000][1][safepoint    ] Leaving safepoint region
[2019-12-08T10:18:14.994+0000][1][safepoint    ] Total time for which application threads were stopped: 0.0000810 seconds, Stopping threads took: 0.0000184 seconds
[2019-12-08T10:18:15.081+0000][1][safepoint    ] Application time: 0.0869543 seconds
[2019-12-08T10:18:15.081+0000][1][safepoint    ] Entering safepoint region: GenCollectForAllocation
[2019-12-08T10:18:15.082+0000][1][gc,start     ] GC(41) Pause Young (Allocation Failure)
[2019-12-08T10:18:15.082+0000][1][gc,task      ] GC(41) Using 4 workers of 4 for evacuation
[2019-12-08T10:18:15.083+0000][1][gc,age       ] GC(41) Desired survivor size 4456448 bytes, new threshold 6 (max threshold 6)
[2019-12-08T10:18:15.083+0000][1][gc,age       ] GC(41) Age table with threshold 6 (max threshold 6)
[2019-12-08T10:18:15.083+0000][1][gc,age       ] GC(41) - age   1:      72696 bytes,      72696 total
[2019-12-08T10:18:15.083+0000][1][gc,age       ] GC(41) - age   2:        840 bytes,      73536 total
[2019-12-08T10:18:15.083+0000][1][gc,age       ] GC(41) - age   3:        128 bytes,      73664 total
[2019-12-08T10:18:15.083+0000][1][gc,age       ] GC(41) - age   4:        288 bytes,      73952 total
[2019-12-08T10:18:15.083+0000][1][gc,age       ] GC(41) - age   5:        936 bytes,      74888 total
[2019-12-08T10:18:15.083+0000][1][gc,age       ] GC(41) - age   6:       1936 bytes,      76824 total
[2019-12-08T10:18:15.083+0000][1][gc,heap      ] GC(41) ParNew: 69973K->83K(78656K)
[2019-12-08T10:18:15.083+0000][1][gc,heap      ] GC(41) CMS: 70403K->70408K(174784K)
[2019-12-08T10:18:15.083+0000][1][gc,metaspace ] GC(41) Metaspace: 72536K->72536K(1116160K)
[2019-12-08T10:18:15.083+0000][1][gc           ] GC(41) Pause Young (Allocation Failure) 137M->68M(247M) 1.134ms
[2019-12-08T10:18:15.083+0000][1][gc,cpu       ] GC(41) User=0.00s Sys=0.00s Real=0.00s
[2019-12-08T10:18:15.083+0000][1][safepoint    ] Leaving safepoint region
[2019-12-08T10:18:15.083+0000][1][safepoint    ] Total time for which application threads were stopped: 0.0013305 seconds, Stopping threads took: 0.0000508 seconds
[2019-12-08T10:18:16.083+0000][1][safepoint    ] Application time: 1.0000977 seconds
[2019-12-08T10:18:16.083+0000][1][safepoint    ] Entering safepoint region: Cleanup
[2019-12-08T10:18:16.083+0000][1][safepoint    ] Leaving safepoint region
[2019-12-08T10:18:16.083+0000][1][safepoint    ] Total time for which application threads were stopped: 0.0001321 seconds, Stopping threads took: 0.0000496 seconds
[2019-12-08T10:18:17.083+0000][1][safepoint    ] Application time: 1.0000798 seconds
[2019-12-08T10:18:17.083+0000][1][safepoint    ] Entering safepoint region: Cleanup
[2019-12-08T10:18:17.083+0000][1][safepoint    ] Leaving safepoint region
[2019-12-08T10:18:17.083+0000][1][safepoint    ] Total time for which application threads were stopped: 0.0000874 seconds, Stopping threads took: 0.0000194 seconds
[2019-12-08T10:18:18.083+0000][1][safepoint    ] Application time: 1.0000756 seconds
[2019-12-08T10:18:18.083+0000][1][safepoint    ] Entering safepoint region: Cleanup
[2019-12-08T10:18:18.083+0000][1][safepoint    ] Leaving safepoint region
[2019-12-08T10:18:18.083+0000][1][safepoint    ] Total time for which application threads were stopped: 0.0000869 seconds, Stopping threads took: 0.0000209 seconds
[2019-12-08T10:18:19.084+0000][1][safepoint    ] Application time: 1.0000770 seconds
[2019-12-08T10:18:19.084+0000][1][safepoint    ] Entering safepoint region: Cleanup
[2019-12-08T10:18:19.084+0000][1][safepoint    ] Leaving safepoint region
[2019-12-08T10:18:19.084+0000][1][safepoint    ] Total time for which application threads were stopped: 0.0000886 seconds, Stopping threads took: 0.0000191 seconds
[2019-12-08T10:18:20.084+0000][1][safepoint    ] Application time: 1.0000752 seconds
[2019-12-08T10:18:20.084+0000][1][safepoint    ] Entering safepoint region: Cleanup
[2019-12-08T10:18:20.084+0000][1][safepoint    ] Leaving safepoint region
[2019-12-08T10:18:20.084+0000][1][safepoint    ] Total time for which application threads were stopped: 0.0000856 seconds, Stopping threads took: 0.0000208 seconds
[2019-12-08T10:18:21.084+0000][1][safepoint    ] Application time: 1.0000793 seconds
[2019-12-08T10:18:21.084+0000][1][safepoint    ] Entering safepoint region: Cleanup
[2019-12-08T10:18:21.084+0000][1][safepoint    ] Leaving safepoint region
[2019-12-08T10:18:21.084+0000][1][safepoint    ] Total time for which application threads were stopped: 0.0000838 seconds, Stopping threads took: 0.0000187 seconds
[2019-12-08T10:18:22.084+0000][1][safepoint    ] Application time: 1.0000766 seconds
[2019-12-08T10:18:22.084+0000][1][safepoint    ] Entering safepoint region: Cleanup
[2019-12-08T10:18:22.084+0000][1][safepoint    ] Leaving safepoint region
[2019-12-08T10:18:22.084+0000][1][safepoint    ] Total time for which application threads were stopped: 0.0000864 seconds, Stopping threads took: 0.0000197 seconds
[2019-12-08T10:18:23.084+0000][1][safepoint    ] Application time: 1.0000756 seconds
[2019-12-08T10:18:23.084+0000][1][safepoint    ] Entering safepoint region: Cleanup
[2019-12-08T10:18:23.084+0000][1][safepoint    ] Leaving safepoint region
[2019-12-08T10:18:23.084+0000][1][safepoint    ] Total time for which application threads were stopped: 0.0000846 seconds, Stopping threads took: 0.0000198 seconds
[2019-12-08T10:18:24.988+0000][1][safepoint    ] Application time: 1.9031353 seconds
[2019-12-08T10:18:24.988+0000][1][safepoint    ] Entering safepoint region: Cleanup
[2019-12-08T10:18:24.988+0000][1][safepoint    ] Leaving safepoint region
[2019-12-08T10:18:24.988+0000][1][safepoint    ] Total time for which application threads were stopped: 0.0000979 seconds, Stopping threads took: 0.0000170 seconds
[2019-12-08T10:18:25.988+0000][1][safepoint    ] Application time: 1.0000827 seconds
[2019-12-08T10:18:25.988+0000][1][safepoint    ] Entering safepoint region: Cleanup
[2019-12-08T10:18:25.988+0000][1][safepoint    ] Leaving safepoint region
[2019-12-08T10:18:25.988+0000][1][safepoint    ] Total time for which application threads were stopped: 0.0000852 seconds, Stopping threads took: 0.0000202 seconds
[2019-12-08T10:18:26.988+0000][1][safepoint    ] Application time: 1.0000775 seconds
[2019-12-08T10:18:26.988+0000][1][safepoint    ] Entering safepoint region: Cleanup
[2019-12-08T10:18:26.988+0000][1][safepoint    ] Leaving safepoint region
[2019-12-08T10:18:26.988+0000][1][safepoint    ] Total time for which application threads were stopped: 0.0000810 seconds, Stopping threads took: 0.0000171 seconds
[2019-12-08T10:18:27.988+0000][1][safepoint    ] Application time: 1.0000776 seconds
[2019-12-08T10:18:27.988+0000][1][safepoint    ] Entering safepoint region: Cleanup
[2019-12-08T10:18:27.988+0000][1][safepoint    ] Leaving safepoint region
[2019-12-08T10:18:27.988+0000][1][safepoint    ] Total time for which application threads were stopped: 0.0000819 seconds, Stopping threads took: 0.0000177 seconds
[2019-12-08T10:18:28.988+0000][1][safepoint    ] Application time: 1.0000767 seconds
[2019-12-08T10:18:28.988+0000][1][safepoint    ] Entering safepoint region: Cleanup
[2019-12-08T10:18:28.989+0000][1][safepoint    ] Leaving safepoint region
[2019-12-08T10:18:28.989+0000][1][safepoint    ] Total time for which application threads were stopped: 0.0000843 seconds, Stopping threads took: 0.0000185 seconds
[2019-12-08T10:18:29.989+0000][1][safepoint    ] Application time: 1.0000781 seconds
[2019-12-08T10:18:29.989+0000][1][safepoint    ] Entering safepoint region: Cleanup
[2019-12-08T10:18:29.989+0000][1][safepoint    ] Leaving safepoint region
[2019-12-08T10:18:29.989+0000][1][safepoint    ] Total time for which application threads were stopped: 0.0001013 seconds, Stopping threads took: 0.0000310 seconds
[2019-12-08T10:18:30.989+0000][1][safepoint    ] Application time: 1.0000798 seconds
[2019-12-08T10:18:30.989+0000][1][safepoint    ] Entering safepoint region: Cleanup
[2019-12-08T10:18:30.989+0000][1][safepoint    ] Leaving safepoint region
[2019-12-08T10:18:30.989+0000][1][safepoint    ] Total time for which application threads were stopped: 0.0000952 seconds, Stopping threads took: 0.0000263 seconds
[2019-12-08T10:18:31.989+0000][1][safepoint    ] Application time: 1.0000787 seconds
[2019-12-08T10:18:31.989+0000][1][safepoint    ] Entering safepoint region: Cleanup
[2019-12-08T10:18:31.989+0000][1][safepoint    ] Leaving safepoint region
[2019-12-08T10:18:31.989+0000][1][safepoint    ] Total time for which application threads were stopped: 0.0000852 seconds, Stopping threads took: 0.0000192 seconds
[2019-12-08T10:18:32.989+0000][1][safepoint    ] Application time: 1.0000385 seconds
[2019-12-08T10:18:32.989+0000][1][safepoint    ] Entering safepoint region: Cleanup
[2019-12-08T10:18:32.989+0000][1][safepoint    ] Leaving safepoint region
[2019-12-08T10:18:32.989+0000][1][safepoint    ] Total time for which application threads were stopped: 0.0000884 seconds, Stopping threads took: 0.0000197 seconds
[2019-12-08T10:18:33.989+0000][1][safepoint    ] Application time: 1.0000793 seconds
[2019-12-08T10:18:33.990+0000][1][safepoint    ] Entering safepoint region: Cleanup
[2019-12-08T10:18:33.990+0000][1][safepoint    ] Leaving safepoint region
[2019-12-08T10:18:33.990+0000][1][safepoint    ] Total time for which application threads were stopped: 0.0000896 seconds, Stopping threads took: 0.0000201 seconds
[2019-12-08T10:18:34.990+0000][1][safepoint    ] Application time: 1.0000832 seconds
[2019-12-08T10:18:34.990+0000][1][safepoint    ] Entering safepoint region: Cleanup
[2019-12-08T10:18:34.990+0000][1][safepoint    ] Leaving safepoint region
[2019-12-08T10:18:34.990+0000][1][safepoint    ] Total time for which application threads were stopped: 0.0001166 seconds, Stopping threads took: 0.0000472 seconds
[2019-12-08T10:18:35.990+0000][1][safepoint    ] Application time: 1.0000806 seconds
[2019-12-08T10:18:35.990+0000][1][safepoint    ] Entering safepoint region: Cleanup
[2019-12-08T10:18:35.990+0000][1][safepoint    ] Leaving safepoint region
[2019-12-08T10:18:35.990+0000][1][safepoint    ] Total time for which application threads were stopped: 0.0001093 seconds, Stopping threads took: 0.0000210 seconds
[2019-12-08T10:18:36.990+0000][1][safepoint    ] Application time: 1.0000861 seconds
[2019-12-08T10:18:36.990+0000][1][safepoint    ] Entering safepoint region: Cleanup
[2019-12-08T10:18:36.990+0000][1][safepoint    ] Leaving safepoint region
[2019-12-08T10:18:36.990+0000][1][safepoint    ] Total time for which application threads were stopped: 0.0000887 seconds, Stopping threads took: 0.0000218 seconds
[2019-12-08T10:18:37.990+0000][1][safepoint    ] Application time: 1.0000771 seconds
[2019-12-08T10:18:37.990+0000][1][safepoint    ] Entering safepoint region: Cleanup
[2019-12-08T10:18:37.990+0000][1][safepoint    ] Leaving safepoint region
[2019-12-08T10:18:37.990+0000][1][safepoint    ] Total time for which application threads were stopped: 0.0000882 seconds, Stopping threads took: 0.0000205 seconds
[2019-12-08T10:18:38.991+0000][1][safepoint    ] Application time: 1.0000764 seconds
[2019-12-08T10:18:38.991+0000][1][safepoint    ] Entering safepoint region: Cleanup
[2019-12-08T10:18:38.991+0000][1][safepoint    ] Leaving safepoint region
[2019-12-08T10:18:38.991+0000][1][safepoint    ] Total time for which application threads were stopped: 0.0001026 seconds, Stopping threads took: 0.0000191 seconds
[2019-12-08T10:18:39.991+0000][1][safepoint    ] Application time: 1.0000793 seconds
[2019-12-08T10:18:39.991+0000][1][safepoint    ] Entering safepoint region: Cleanup
[2019-12-08T10:18:39.991+0000][1][safepoint    ] Leaving safepoint region
[2019-12-08T10:18:39.991+0000][1][safepoint    ] Total time for which application threads were stopped: 0.0001304 seconds, Stopping threads took: 0.0000480 seconds
[2019-12-08T10:18:41.824+0000][1][safepoint    ] Application time: 1.8327627 seconds
[2019-12-08T10:18:41.824+0000][1][safepoint    ] Entering safepoint region: Cleanup
[2019-12-08T10:18:41.824+0000][1][safepoint    ] Leaving safepoint region
[2019-12-08T10:18:41.824+0000][1][safepoint    ] Total time for which application threads were stopped: 0.0000922 seconds, Stopping threads took: 0.0000194 seconds
[2019-12-08T10:18:42.824+0000][1][safepoint    ] Application time: 1.0000882 seconds
[2019-12-08T10:18:42.824+0000][1][safepoint    ] Entering safepoint region: Cleanup
[2019-12-08T10:18:42.824+0000][1][safepoint    ] Leaving safepoint region
[2019-12-08T10:18:42.824+0000][1][safepoint    ] Total time for which application threads were stopped: 0.0000896 seconds, Stopping threads took: 0.0000213 seconds
[2019-12-08T10:18:43.824+0000][1][safepoint    ] Application time: 1.0000811 seconds
[2019-12-08T10:18:43.824+0000][1][safepoint    ] Entering safepoint region: Cleanup
[2019-12-08T10:18:43.824+0000][1][safepoint    ] Leaving safepoint region
[2019-12-08T10:18:43.824+0000][1][safepoint    ] Total time for which application threads were stopped: 0.0000920 seconds, Stopping threads took: 0.0000208 seconds
[2019-12-08T10:18:44.824+0000][1][safepoint    ] Application time: 1.0000788 seconds
[2019-12-08T10:18:44.824+0000][1][safepoint    ] Entering safepoint region: Cleanup
[2019-12-08T10:18:44.825+0000][1][safepoint    ] Leaving safepoint region
[2019-12-08T10:18:44.825+0000][1][safepoint    ] Total time for which application threads were stopped: 0.0000951 seconds, Stopping threads took: 0.0000274 seconds
[2019-12-08T10:18:45.825+0000][1][safepoint    ] Application time: 1.0000758 seconds
[2019-12-08T10:18:45.825+0000][1][safepoint    ] Entering safepoint region: Cleanup
[2019-12-08T10:18:45.825+0000][1][safepoint    ] Leaving safepoint region
[2019-12-08T10:18:45.825+0000][1][safepoint    ] Total time for which application threads were stopped: 0.0001014 seconds, Stopping threads took: 0.0000215 seconds
[2019-12-08T10:18:46.825+0000][1][safepoint    ] Application time: 1.0000821 seconds
[2019-12-08T10:18:46.825+0000][1][safepoint    ] Entering safepoint region: Cleanup
[2019-12-08T10:18:46.825+0000][1][safepoint    ] Leaving safepoint region
[2019-12-08T10:18:46.825+0000][1][safepoint    ] Total time for which application threads were stopped: 0.0000897 seconds, Stopping threads took: 0.0000203 seconds
[2019-12-08T10:18:47.825+0000][1][safepoint    ] Application time: 1.0000795 seconds
[2019-12-08T10:18:47.825+0000][1][safepoint    ] Entering safepoint region: Cleanup
[2019-12-08T10:18:47.825+0000][1][safepoint    ] Leaving safepoint region
[2019-12-08T10:18:47.825+0000][1][safepoint    ] Total time for which application threads were stopped: 0.0000910 seconds, Stopping threads took: 0.0000203 seconds
[2019-12-08T10:18:48.825+0000][1][safepoint    ] Application time: 1.0000780 seconds
[2019-12-08T10:18:48.825+0000][1][safepoint    ] Entering safepoint region: Cleanup
[2019-12-08T10:18:48.825+0000][1][safepoint    ] Leaving safepoint region
[2019-12-08T10:18:48.825+0000][1][safepoint    ] Total time for which application threads were stopped: 0.0000889 seconds, Stopping threads took: 0.0000203 seconds
[2019-12-08T10:18:49.825+0000][1][safepoint    ] Application time: 1.0000851 seconds
[2019-12-08T10:18:49.826+0000][1][safepoint    ] Entering safepoint region: Cleanup
[2019-12-08T10:18:49.826+0000][1][safepoint    ] Leaving safepoint region
[2019-12-08T10:18:49.826+0000][1][safepoint    ] Total time for which application threads were stopped: 0.0000894 seconds, Stopping threads took: 0.0000215 seconds
[2019-12-08T10:18:50.826+0000][1][safepoint    ] Application time: 1.0000912 seconds
[2019-12-08T10:18:50.826+0000][1][safepoint    ] Entering safepoint region: Cleanup
[2019-12-08T10:18:50.826+0000][1][safepoint    ] Leaving safepoint region
[2019-12-08T10:18:50.826+0000][1][safepoint    ] Total time for which application threads were stopped: 0.0000900 seconds, Stopping threads took: 0.0000210 seconds
[2019-12-08T10:18:51.826+0000][1][safepoint    ] Application time: 1.0000862 seconds
[2019-12-08T10:18:51.826+0000][1][safepoint    ] Entering safepoint region: Cleanup
[2019-12-08T10:18:51.826+0000][1][safepoint    ] Leaving safepoint region
[2019-12-08T10:18:51.826+0000][1][safepoint    ] Total time for which application threads were stopped: 0.0000910 seconds, Stopping threads took: 0.0000227 seconds
[2019-12-08T10:18:52.826+0000][1][safepoint    ] Application time: 1.0000822 seconds
[2019-12-08T10:18:52.826+0000][1][safepoint    ] Entering safepoint region: Cleanup
[2019-12-08T10:18:52.826+0000][1][safepoint    ] Leaving safepoint region
[2019-12-08T10:18:52.826+0000][1][safepoint    ] Total time for which application threads were stopped: 0.0000875 seconds, Stopping threads took: 0.0000213 seconds
[2019-12-08T10:18:53.826+0000][1][safepoint    ] Application time: 1.0000783 seconds
[2019-12-08T10:18:53.826+0000][1][safepoint    ] Entering safepoint region: Cleanup
[2019-12-08T10:18:53.826+0000][1][safepoint    ] Leaving safepoint region
[2019-12-08T10:18:53.826+0000][1][safepoint    ] Total time for which application threads were stopped: 0.0000871 seconds, Stopping threads took: 0.0000225 seconds
[2019-12-08T10:18:54.827+0000][1][safepoint    ] Application time: 1.0000887 seconds
[2019-12-08T10:18:54.827+0000][1][safepoint    ] Entering safepoint region: Cleanup
[2019-12-08T10:18:54.827+0000][1][safepoint    ] Leaving safepoint region
[2019-12-08T10:18:54.827+0000][1][safepoint    ] Total time for which application threads were stopped: 0.0001126 seconds, Stopping threads took: 0.0000226 seconds
[2019-12-08T10:18:55.827+0000][1][safepoint    ] Application time: 1.0000824 seconds
[2019-12-08T10:18:55.827+0000][1][safepoint    ] Entering safepoint region: Cleanup
[2019-12-08T10:18:55.827+0000][1][safepoint    ] Leaving safepoint region
[2019-12-08T10:18:55.827+0000][1][safepoint    ] Total time for which application threads were stopped: 0.0000937 seconds, Stopping threads took: 0.0000228 seconds
[2019-12-08T10:18:56.827+0000][1][safepoint    ] Application time: 1.0000758 seconds
[2019-12-08T10:18:56.827+0000][1][safepoint    ] Entering safepoint region: Cleanup
[2019-12-08T10:18:56.827+0000][1][safepoint    ] Leaving safepoint region
[2019-12-08T10:18:56.827+0000][1][safepoint    ] Total time for which application threads were stopped: 0.0000861 seconds, Stopping threads took: 0.0000198 seconds
[2019-12-08T10:18:57.827+0000][1][safepoint    ] Application time: 1.0000867 seconds
[2019-12-08T10:18:57.827+0000][1][safepoint    ] Entering safepoint region: Cleanup
[2019-12-08T10:18:57.827+0000][1][safepoint    ] Leaving safepoint region
[2019-12-08T10:18:57.827+0000][1][safepoint    ] Total time for which application threads were stopped: 0.0000869 seconds, Stopping threads took: 0.0000212 seconds
[2019-12-08T10:18:58.827+0000][1][safepoint    ] Application time: 1.0000905 seconds
[2019-12-08T10:18:58.828+0000][1][safepoint    ] Entering safepoint region: Cleanup
[2019-12-08T10:18:58.828+0000][1][safepoint    ] Leaving safepoint region
[2019-12-08T10:18:58.828+0000][1][safepoint    ] Total time for which application threads were stopped: 0.0000872 seconds, Stopping threads took: 0.0000203 seconds
[2019-12-08T10:18:59.828+0000][1][safepoint    ] Application time: 1.0000815 seconds
[2019-12-08T10:18:59.828+0000][1][safepoint    ] Entering safepoint region: Cleanup
[2019-12-08T10:18:59.828+0000][1][safepoint    ] Leaving safepoint region
[2019-12-08T10:18:59.828+0000][1][safepoint    ] Total time for which application threads were stopped: 0.0000859 seconds, Stopping threads took: 0.0000195 seconds
[2019-12-08T10:19:00.828+0000][1][safepoint    ] Application time: 1.0000760 seconds
[2019-12-08T10:19:00.828+0000][1][safepoint    ] Entering safepoint region: Cleanup
[2019-12-08T10:19:00.828+0000][1][safepoint    ] Leaving safepoint region
[2019-12-08T10:19:00.828+0000][1][safepoint    ] Total time for which application threads were stopped: 0.0000900 seconds, Stopping threads took: 0.0000209 seconds
[2019-12-08T10:19:01.831+0000][1][safepoint    ] Application time: 1.0026927 seconds
[2019-12-08T10:19:01.831+0000][1][safepoint    ] Entering safepoint region: Cleanup
[2019-12-08T10:19:01.831+0000][1][safepoint    ] Leaving safepoint region
[2019-12-08T10:19:01.831+0000][1][safepoint    ] Total time for which application threads were stopped: 0.0001234 seconds, Stopping threads took: 0.0000294 seconds
[2019-12-08T10:19:02.831+0000][1][safepoint    ] Application time: 1.0000878 seconds
[2019-12-08T10:19:02.831+0000][1][safepoint    ] Entering safepoint region: Cleanup
[2019-12-08T10:19:02.831+0000][1][safepoint    ] Leaving safepoint region
[2019-12-08T10:19:02.831+0000][1][safepoint    ] Total time for which application threads were stopped: 0.0000874 seconds, Stopping threads took: 0.0000205 seconds
[2019-12-08T10:19:03.831+0000][1][safepoint    ] Application time: 1.0000824 seconds
[2019-12-08T10:19:03.831+0000][1][safepoint    ] Entering safepoint region: Cleanup
[2019-12-08T10:19:03.831+0000][1][safepoint    ] Leaving safepoint region
[2019-12-08T10:19:03.831+0000][1][safepoint    ] Total time for which application threads were stopped: 0.0000894 seconds, Stopping threads took: 0.0000199 seconds
[2019-12-08T10:19:04.831+0000][1][safepoint    ] Application time: 1.0000764 seconds
[2019-12-08T10:19:04.831+0000][1][safepoint    ] Entering safepoint region: Cleanup
[2019-12-08T10:19:04.832+0000][1][safepoint    ] Leaving safepoint region
[2019-12-08T10:19:04.832+0000][1][safepoint    ] Total time for which application threads were stopped: 0.0000819 seconds, Stopping threads took: 0.0000175 seconds
[2019-12-08T10:19:05.832+0000][1][safepoint    ] Application time: 1.0000768 seconds
[2019-12-08T10:19:05.832+0000][1][safepoint    ] Entering safepoint region: Cleanup
[2019-12-08T10:19:05.832+0000][1][safepoint    ] Leaving safepoint region
[2019-12-08T10:19:05.832+0000][1][safepoint    ] Total time for which application threads were stopped: 0.0000962 seconds, Stopping threads took: 0.0000201 seconds
[2019-12-08T10:19:06.832+0000][1][safepoint    ] Application time: 1.0000751 seconds
[2019-12-08T10:19:06.832+0000][1][safepoint    ] Entering safepoint region: Cleanup
[2019-12-08T10:19:06.832+0000][1][safepoint    ] Leaving safepoint region
[2019-12-08T10:19:06.832+0000][1][safepoint    ] Total time for which application threads were stopped: 0.0000830 seconds, Stopping threads took: 0.0000191 seconds
[2019-12-08T10:19:07.832+0000][1][safepoint    ] Application time: 1.0000770 seconds
[2019-12-08T10:19:07.832+0000][1][safepoint    ] Entering safepoint region: Cleanup
[2019-12-08T10:19:07.832+0000][1][safepoint    ] Leaving safepoint region
[2019-12-08T10:19:07.832+0000][1][safepoint    ] Total time for which application threads were stopped: 0.0000856 seconds, Stopping threads took: 0.0000191 seconds
[2019-12-08T10:19:08.832+0000][1][safepoint    ] Application time: 1.0000829 seconds
[2019-12-08T10:19:08.832+0000][1][safepoint    ] Entering safepoint region: Cleanup
[2019-12-08T10:19:08.832+0000][1][safepoint    ] Leaving safepoint region
[2019-12-08T10:19:08.832+0000][1][safepoint    ] Total time for which application threads were stopped: 0.0000897 seconds, Stopping threads took: 0.0000215 seconds
[2019-12-08T10:19:09.832+0000][1][safepoint    ] Application time: 1.0000878 seconds
[2019-12-08T10:19:09.832+0000][1][safepoint    ] Entering safepoint region: Cleanup
[2019-12-08T10:19:09.833+0000][1][safepoint    ] Leaving safepoint region
[2019-12-08T10:19:09.833+0000][1][safepoint    ] Total time for which application threads were stopped: 0.0000906 seconds, Stopping threads took: 0.0000211 seconds
[2019-12-08T10:19:10.833+0000][1][safepoint    ] Application time: 1.0000770 seconds
[2019-12-08T10:19:10.833+0000][1][safepoint    ] Entering safepoint region: Cleanup
[2019-12-08T10:19:10.833+0000][1][safepoint    ] Leaving safepoint region
[2019-12-08T10:19:10.833+0000][1][safepoint    ] Total time for which application threads were stopped: 0.0000842 seconds, Stopping threads took: 0.0000181 seconds
[2019-12-08T10:19:11.833+0000][1][safepoint    ] Application time: 1.0000797 seconds
[2019-12-08T10:19:11.833+0000][1][safepoint    ] Entering safepoint region: Cleanup
[2019-12-08T10:19:11.833+0000][1][safepoint    ] Leaving safepoint region
[2019-12-08T10:19:11.833+0000][1][safepoint    ] Total time for which application threads were stopped: 0.0000865 seconds, Stopping threads took: 0.0000194 seconds
[2019-12-08T10:19:12.833+0000][1][safepoint    ] Application time: 1.0000853 seconds
[2019-12-08T10:19:12.833+0000][1][safepoint    ] Entering safepoint region: Cleanup
[2019-12-08T10:19:12.833+0000][1][safepoint    ] Leaving safepoint region
[2019-12-08T10:19:12.833+0000][1][safepoint    ] Total time for which application threads were stopped: 0.0000899 seconds, Stopping threads took: 0.0000216 seconds
[2019-12-08T10:19:13.833+0000][1][safepoint    ] Application time: 1.0000814 seconds
[2019-12-08T10:19:13.833+0000][1][safepoint    ] Entering safepoint region: Cleanup
[2019-12-08T10:19:13.833+0000][1][safepoint    ] Leaving safepoint region
[2019-12-08T10:19:13.833+0000][1][safepoint    ] Total time for which application threads were stopped: 0.0000880 seconds, Stopping threads took: 0.0000202 seconds
[2019-12-08T10:19:14.833+0000][1][safepoint    ] Application time: 1.0000797 seconds
[2019-12-08T10:19:14.834+0000][1][safepoint    ] Entering safepoint region: Cleanup
[2019-12-08T10:19:14.834+0000][1][safepoint    ] Leaving safepoint region
[2019-12-08T10:19:14.834+0000][1][safepoint    ] Total time for which application threads were stopped: 0.0000884 seconds, Stopping threads took: 0.0000195 seconds
[2019-12-08T10:19:15.834+0000][1][safepoint    ] Application time: 1.0000805 seconds
[2019-12-08T10:19:15.834+0000][1][safepoint    ] Entering safepoint region: Cleanup
[2019-12-08T10:19:15.834+0000][1][safepoint    ] Leaving safepoint region
[2019-12-08T10:19:15.834+0000][1][safepoint    ] Total time for which application threads were stopped: 0.0000850 seconds, Stopping threads took: 0.0000203 seconds
[2019-12-08T10:19:16.835+0000][1][safepoint    ] Application time: 1.0012142 seconds
[2019-12-08T10:19:16.835+0000][1][safepoint    ] Entering safepoint region: Cleanup
[2019-12-08T10:19:16.835+0000][1][safepoint    ] Leaving safepoint region
[2019-12-08T10:19:16.835+0000][1][safepoint    ] Total time for which application threads were stopped: 0.0000910 seconds, Stopping threads took: 0.0000204 seconds
[2019-12-08T10:19:17.835+0000][1][safepoint    ] Application time: 1.0000806 seconds
[2019-12-08T10:19:17.835+0000][1][safepoint    ] Entering safepoint region: Cleanup
[2019-12-08T10:19:17.835+0000][1][safepoint    ] Leaving safepoint region
[2019-12-08T10:19:17.835+0000][1][safepoint    ] Total time for which application threads were stopped: 0.0000817 seconds, Stopping threads took: 0.0000201 seconds
[2019-12-08T10:19:19.114+0000][1][safepoint    ] Application time: 1.2789568 seconds
[2019-12-08T10:19:19.114+0000][1][safepoint    ] Entering safepoint region: Cleanup
[2019-12-08T10:19:19.114+0000][1][safepoint    ] Leaving safepoint region
[2019-12-08T10:19:19.114+0000][1][safepoint    ] Total time for which application threads were stopped: 0.0000871 seconds, Stopping threads took: 0.0000216 seconds
[2019-12-08T10:19:20.115+0000][1][safepoint    ] Application time: 1.0000867 seconds
[2019-12-08T10:19:20.115+0000][1][safepoint    ] Entering safepoint region: Cleanup
[2019-12-08T10:19:20.115+0000][1][safepoint    ] Leaving safepoint region
[2019-12-08T10:19:20.115+0000][1][safepoint    ] Total time for which application threads were stopped: 0.0001369 seconds, Stopping threads took: 0.0000262 seconds
[2019-12-08T10:19:21.115+0000][1][safepoint    ] Application time: 1.0000895 seconds
[2019-12-08T10:19:21.115+0000][1][safepoint    ] Entering safepoint region: Cleanup
[2019-12-08T10:19:21.115+0000][1][safepoint    ] Leaving safepoint region
[2019-12-08T10:19:21.115+0000][1][safepoint    ] Total time for which application threads were stopped: 0.0001249 seconds, Stopping threads took: 0.0000564 seconds
[2019-12-08T10:19:22.115+0000][1][safepoint    ] Application time: 1.0000849 seconds
[2019-12-08T10:19:22.115+0000][1][safepoint    ] Entering safepoint region: Cleanup
[2019-12-08T10:19:22.115+0000][1][safepoint    ] Leaving safepoint region
[2019-12-08T10:19:22.115+0000][1][safepoint    ] Total time for which application threads were stopped: 0.0000841 seconds, Stopping threads took: 0.0000173 seconds
[2019-12-08T10:19:23.115+0000][1][safepoint    ] Application time: 1.0000808 seconds
[2019-12-08T10:19:23.115+0000][1][safepoint    ] Entering safepoint region: Cleanup
[2019-12-08T10:19:23.115+0000][1][safepoint    ] Leaving safepoint region
[2019-12-08T10:19:23.115+0000][1][safepoint    ] Total time for which application threads were stopped: 0.0000841 seconds, Stopping threads took: 0.0000201 seconds
[2019-12-08T10:19:24.115+0000][1][safepoint    ] Application time: 1.0000820 seconds
[2019-12-08T10:19:24.116+0000][1][safepoint    ] Entering safepoint region: Cleanup
[2019-12-08T10:19:24.116+0000][1][safepoint    ] Leaving safepoint region
[2019-12-08T10:19:24.116+0000][1][safepoint    ] Total time for which application threads were stopped: 0.0001212 seconds, Stopping threads took: 0.0000502 seconds
[2019-12-08T10:19:25.116+0000][1][safepoint    ] Application time: 1.0000805 seconds
[2019-12-08T10:19:25.116+0000][1][safepoint    ] Entering safepoint region: Cleanup
[2019-12-08T10:19:25.116+0000][1][safepoint    ] Leaving safepoint region
[2019-12-08T10:19:25.116+0000][1][safepoint    ] Total time for which application threads were stopped: 0.0000778 seconds, Stopping threads took: 0.0000167 seconds
[2019-12-08T10:19:26.116+0000][1][safepoint    ] Application time: 1.0000732 seconds
[2019-12-08T10:19:26.116+0000][1][safepoint    ] Entering safepoint region: Cleanup
[2019-12-08T10:19:26.116+0000][1][safepoint    ] Leaving safepoint region
[2019-12-08T10:19:26.116+0000][1][safepoint    ] Total time for which application threads were stopped: 0.0000851 seconds, Stopping threads took: 0.0000224 seconds
[2019-12-08T10:19:27.116+0000][1][safepoint    ] Application time: 1.0000763 seconds
[2019-12-08T10:19:27.116+0000][1][safepoint    ] Entering safepoint region: Cleanup
[2019-12-08T10:19:27.116+0000][1][safepoint    ] Leaving safepoint region
[2019-12-08T10:19:27.116+0000][1][safepoint    ] Total time for which application threads were stopped: 0.0000844 seconds, Stopping threads took: 0.0000224 seconds
[2019-12-08T10:19:28.116+0000][1][safepoint    ] Application time: 1.0000751 seconds
[2019-12-08T10:19:28.116+0000][1][safepoint    ] Entering safepoint region: Cleanup
[2019-12-08T10:19:28.116+0000][1][safepoint    ] Leaving safepoint region
[2019-12-08T10:19:28.116+0000][1][safepoint    ] Total time for which application threads were stopped: 0.0000856 seconds, Stopping threads took: 0.0000230 seconds
[2019-12-08T10:19:29.117+0000][1][safepoint    ] Application time: 1.0000793 seconds
[2019-12-08T10:19:29.117+0000][1][safepoint    ] Entering safepoint region: Cleanup
[2019-12-08T10:19:29.117+0000][1][safepoint    ] Leaving safepoint region
[2019-12-08T10:19:29.117+0000][1][safepoint    ] Total time for which application threads were stopped: 0.0000820 seconds, Stopping threads took: 0.0000181 seconds
[2019-12-08T10:19:30.117+0000][1][safepoint    ] Application time: 1.0000817 seconds
[2019-12-08T10:19:30.117+0000][1][safepoint    ] Entering safepoint region: Cleanup
[2019-12-08T10:19:30.117+0000][1][safepoint    ] Leaving safepoint region
[2019-12-08T10:19:30.117+0000][1][safepoint    ] Total time for which application threads were stopped: 0.0000816 seconds, Stopping threads took: 0.0000184 seconds
[2019-12-08T10:19:31.117+0000][1][safepoint    ] Application time: 1.0000754 seconds
[2019-12-08T10:19:31.117+0000][1][safepoint    ] Entering safepoint region: Cleanup
[2019-12-08T10:19:31.117+0000][1][safepoint    ] Leaving safepoint region
[2019-12-08T10:19:31.117+0000][1][safepoint    ] Total time for which application threads were stopped: 0.0000909 seconds, Stopping threads took: 0.0000254 seconds
[2019-12-08T10:19:32.117+0000][1][safepoint    ] Application time: 1.0000749 seconds
[2019-12-08T10:19:32.117+0000][1][safepoint    ] Entering safepoint region: Cleanup
[2019-12-08T10:19:32.117+0000][1][safepoint    ] Leaving safepoint region
[2019-12-08T10:19:32.117+0000][1][safepoint    ] Total time for which application threads were stopped: 0.0000851 seconds, Stopping threads took: 0.0000219 seconds
[2019-12-08T10:19:33.117+0000][1][safepoint    ] Application time: 1.0000734 seconds
[2019-12-08T10:19:33.117+0000][1][safepoint    ] Entering safepoint region: Cleanup
[2019-12-08T10:19:33.117+0000][1][safepoint    ] Leaving safepoint region
[2019-12-08T10:19:33.117+0000][1][safepoint    ] Total time for which application threads were stopped: 0.0000832 seconds, Stopping threads took: 0.0000185 seconds
[2019-12-08T10:19:34.117+0000][1][safepoint    ] Application time: 1.0000741 seconds
[2019-12-08T10:19:34.118+0000][1][safepoint    ] Entering safepoint region: Cleanup
[2019-12-08T10:19:34.118+0000][1][safepoint    ] Leaving safepoint region
[2019-12-08T10:19:34.118+0000][1][safepoint    ] Total time for which application threads were stopped: 0.0000843 seconds, Stopping threads took: 0.0000208 seconds
[2019-12-08T10:19:35.118+0000][1][safepoint    ] Application time: 1.0000825 seconds
[2019-12-08T10:19:35.118+0000][1][safepoint    ] Entering safepoint region: Cleanup
[2019-12-08T10:19:35.118+0000][1][safepoint    ] Leaving safepoint region
[2019-12-08T10:19:35.118+0000][1][safepoint    ] Total time for which application threads were stopped: 0.0000862 seconds, Stopping threads took: 0.0000236 seconds
[2019-12-08T10:19:36.937+0000][1][safepoint    ] Application time: 1.8190876 seconds
[2019-12-08T10:19:36.937+0000][1][safepoint    ] Entering safepoint region: Cleanup
[2019-12-08T10:19:36.937+0000][1][safepoint    ] Leaving safepoint region
[2019-12-08T10:19:36.937+0000][1][safepoint    ] Total time for which application threads were stopped: 0.0000828 seconds, Stopping threads took: 0.0000179 seconds
[2019-12-08T10:19:37.937+0000][1][safepoint    ] Application time: 1.0000826 seconds
[2019-12-08T10:19:37.937+0000][1][safepoint    ] Entering safepoint region: Cleanup
[2019-12-08T10:19:37.937+0000][1][safepoint    ] Leaving safepoint region
[2019-12-08T10:19:37.937+0000][1][safepoint    ] Total time for which application threads were stopped: 0.0000823 seconds, Stopping threads took: 0.0000176 seconds
[2019-12-08T10:19:38.937+0000][1][safepoint    ] Application time: 1.0000784 seconds
[2019-12-08T10:19:38.937+0000][1][safepoint    ] Entering safepoint region: Cleanup
[2019-12-08T10:19:38.937+0000][1][safepoint    ] Leaving safepoint region
[2019-12-08T10:19:38.937+0000][1][safepoint    ] Total time for which application threads were stopped: 0.0000848 seconds, Stopping threads took: 0.0000189 seconds
[2019-12-08T10:19:39.938+0000][1][safepoint    ] Application time: 1.0000785 seconds
[2019-12-08T10:19:39.938+0000][1][safepoint    ] Entering safepoint region: Cleanup
[2019-12-08T10:19:39.938+0000][1][safepoint    ] Leaving safepoint region
[2019-12-08T10:19:39.938+0000][1][safepoint    ] Total time for which application threads were stopped: 0.0000821 seconds, Stopping threads took: 0.0000182 seconds
[2019-12-08T10:19:40.125+0000][1][safepoint    ] Application time: 0.1871546 seconds
[2019-12-08T10:19:40.125+0000][1][safepoint    ] Entering safepoint region: GenCollectForAllocation
[2019-12-08T10:19:40.125+0000][1][gc,start     ] GC(42) Pause Young (Allocation Failure)
[2019-12-08T10:19:40.125+0000][1][gc,task      ] GC(42) Using 4 workers of 4 for evacuation
[2019-12-08T10:19:40.126+0000][1][gc,age       ] GC(42) Desired survivor size 4456448 bytes, new threshold 6 (max threshold 6)
[2019-12-08T10:19:40.126+0000][1][gc,age       ] GC(42) Age table with threshold 6 (max threshold 6)
[2019-12-08T10:19:40.126+0000][1][gc,age       ] GC(42) - age   1:       4672 bytes,       4672 total
[2019-12-08T10:19:40.126+0000][1][gc,age       ] GC(42) - age   2:         96 bytes,       4768 total
[2019-12-08T10:19:40.126+0000][1][gc,age       ] GC(42) - age   3:        840 bytes,       5608 total
[2019-12-08T10:19:40.126+0000][1][gc,age       ] GC(42) - age   4:        128 bytes,       5736 total
[2019-12-08T10:19:40.126+0000][1][gc,age       ] GC(42) - age   5:        288 bytes,       6024 total
[2019-12-08T10:19:40.126+0000][1][gc,age       ] GC(42) - age   6:        936 bytes,       6960 total
[2019-12-08T10:19:40.126+0000][1][gc,heap      ] GC(42) ParNew: 70035K->10K(78656K)
[2019-12-08T10:19:40.126+0000][1][gc,heap      ] GC(42) CMS: 70408K->70410K(174784K)
[2019-12-08T10:19:40.126+0000][1][gc,metaspace ] GC(42) Metaspace: 72536K->72536K(1116160K)
[2019-12-08T10:19:40.126+0000][1][gc           ] GC(42) Pause Young (Allocation Failure) 137M->68M(247M) 1.088ms
[2019-12-08T10:19:40.126+0000][1][gc,cpu       ] GC(42) User=0.00s Sys=0.00s Real=0.00s
[2019-12-08T10:19:40.126+0000][1][safepoint    ] Leaving safepoint region
[2019-12-08T10:19:40.126+0000][1][safepoint    ] Total time for which application threads were stopped: 0.0012336 seconds, Stopping threads took: 0.0000175 seconds
[2019-12-08T10:19:41.126+0000][1][safepoint    ] Application time: 1.0000886 seconds
[2019-12-08T10:19:41.126+0000][1][safepoint    ] Entering safepoint region: Cleanup
[2019-12-08T10:19:41.126+0000][1][safepoint    ] Leaving safepoint region
[2019-12-08T10:19:41.126+0000][1][safepoint    ] Total time for which application threads were stopped: 0.0000798 seconds, Stopping threads took: 0.0000189 seconds
[2019-12-08T10:19:42.126+0000][1][safepoint    ] Application time: 1.0000804 seconds
[2019-12-08T10:19:42.126+0000][1][safepoint    ] Entering safepoint region: Cleanup
[2019-12-08T10:19:42.126+0000][1][safepoint    ] Leaving safepoint region
[2019-12-08T10:19:42.126+0000][1][safepoint    ] Total time for which application threads were stopped: 0.0000806 seconds, Stopping threads took: 0.0000195 seconds
[2019-12-08T10:19:43.127+0000][1][safepoint    ] Application time: 1.0000785 seconds
[2019-12-08T10:19:43.127+0000][1][safepoint    ] Entering safepoint region: Cleanup
[2019-12-08T10:19:43.127+0000][1][safepoint    ] Leaving safepoint region
[2019-12-08T10:19:43.127+0000][1][safepoint    ] Total time for which application threads were stopped: 0.0000795 seconds, Stopping threads took: 0.0000177 seconds
[2019-12-08T10:19:44.127+0000][1][safepoint    ] Application time: 1.0000791 seconds
[2019-12-08T10:19:44.127+0000][1][safepoint    ] Entering safepoint region: Cleanup
[2019-12-08T10:19:44.127+0000][1][safepoint    ] Leaving safepoint region
[2019-12-08T10:19:44.127+0000][1][safepoint    ] Total time for which application threads were stopped: 0.0000809 seconds, Stopping threads took: 0.0000195 seconds
[2019-12-08T10:19:45.127+0000][1][safepoint    ] Application time: 1.0000783 seconds
[2019-12-08T10:19:45.127+0000][1][safepoint    ] Entering safepoint region: Cleanup
[2019-12-08T10:19:45.127+0000][1][safepoint    ] Leaving safepoint region
[2019-12-08T10:19:45.127+0000][1][safepoint    ] Total time for which application threads were stopped: 0.0000848 seconds, Stopping threads took: 0.0000230 seconds
[2019-12-08T10:19:46.127+0000][1][safepoint    ] Application time: 1.0000767 seconds
[2019-12-08T10:19:46.127+0000][1][safepoint    ] Entering safepoint region: Cleanup
[2019-12-08T10:19:46.127+0000][1][safepoint    ] Leaving safepoint region
[2019-12-08T10:19:46.127+0000][1][safepoint    ] Total time for which application threads were stopped: 0.0000781 seconds, Stopping threads took: 0.0000182 seconds
[2019-12-08T10:19:47.127+0000][1][safepoint    ] Application time: 1.0000775 seconds
[2019-12-08T10:19:47.127+0000][1][safepoint    ] Entering safepoint region: Cleanup
[2019-12-08T10:19:47.127+0000][1][safepoint    ] Leaving safepoint region
[2019-12-08T10:19:47.127+0000][1][safepoint    ] Total time for which application threads were stopped: 0.0000785 seconds, Stopping threads took: 0.0000178 seconds
[2019-12-08T10:19:48.127+0000][1][safepoint    ] Application time: 1.0000780 seconds
[2019-12-08T10:19:48.128+0000][1][safepoint    ] Entering safepoint region: Cleanup
[2019-12-08T10:19:48.128+0000][1][safepoint    ] Leaving safepoint region
[2019-12-08T10:19:48.128+0000][1][safepoint    ] Total time for which application threads were stopped: 0.0000864 seconds, Stopping threads took: 0.0000260 seconds
[2019-12-08T10:19:49.128+0000][1][safepoint    ] Application time: 1.0000798 seconds
[2019-12-08T10:19:49.128+0000][1][safepoint    ] Entering safepoint region: Cleanup
[2019-12-08T10:19:49.128+0000][1][safepoint    ] Leaving safepoint region
[2019-12-08T10:19:49.128+0000][1][safepoint    ] Total time for which application threads were stopped: 0.0000812 seconds, Stopping threads took: 0.0000186 seconds
[2019-12-08T10:19:50.128+0000][1][safepoint    ] Application time: 1.0000772 seconds
[2019-12-08T10:19:50.128+0000][1][safepoint    ] Entering safepoint region: Cleanup
[2019-12-08T10:19:50.128+0000][1][safepoint    ] Leaving safepoint region
[2019-12-08T10:19:50.128+0000][1][safepoint    ] Total time for which application threads were stopped: 0.0001109 seconds, Stopping threads took: 0.0000492 seconds
[2019-12-08T10:19:51.128+0000][1][safepoint    ] Application time: 1.0000809 seconds
[2019-12-08T10:19:51.128+0000][1][safepoint    ] Entering safepoint region: Cleanup
[2019-12-08T10:19:51.128+0000][1][safepoint    ] Leaving safepoint region
[2019-12-08T10:19:51.128+0000][1][safepoint    ] Total time for which application threads were stopped: 0.0000787 seconds, Stopping threads took: 0.0000189 seconds
[2019-12-08T10:19:52.128+0000][1][safepoint    ] Application time: 1.0000746 seconds
[2019-12-08T10:19:52.128+0000][1][safepoint    ] Entering safepoint region: Cleanup
[2019-12-08T10:19:52.128+0000][1][safepoint    ] Leaving safepoint region
[2019-12-08T10:19:52.128+0000][1][safepoint    ] Total time for which application threads were stopped: 0.0000823 seconds, Stopping threads took: 0.0000203 seconds
[2019-12-08T10:19:53.128+0000][1][safepoint    ] Application time: 1.0000772 seconds
[2019-12-08T10:19:53.128+0000][1][safepoint    ] Entering safepoint region: Cleanup
[2019-12-08T10:19:53.129+0000][1][safepoint    ] Leaving safepoint region
[2019-12-08T10:19:53.129+0000][1][safepoint    ] Total time for which application threads were stopped: 0.0000869 seconds, Stopping threads took: 0.0000185 seconds
[2019-12-08T10:19:54.129+0000][1][safepoint    ] Application time: 1.0000758 seconds
[2019-12-08T10:19:54.129+0000][1][safepoint    ] Entering safepoint region: Cleanup
[2019-12-08T10:19:54.129+0000][1][safepoint    ] Leaving safepoint region
[2019-12-08T10:19:54.129+0000][1][safepoint    ] Total time for which application threads were stopped: 0.0000867 seconds, Stopping threads took: 0.0000231 seconds
[2019-12-08T10:19:55.129+0000][1][safepoint    ] Application time: 1.0000766 seconds
[2019-12-08T10:19:55.129+0000][1][safepoint    ] Entering safepoint region: Cleanup
[2019-12-08T10:19:55.129+0000][1][safepoint    ] Leaving safepoint region
[2019-12-08T10:19:55.129+0000][1][safepoint    ] Total time for which application threads were stopped: 0.0000805 seconds, Stopping threads took: 0.0000189 seconds
[2019-12-08T10:19:56.129+0000][1][safepoint    ] Application time: 1.0000768 seconds
[2019-12-08T10:19:56.129+0000][1][safepoint    ] Entering safepoint region: Cleanup
[2019-12-08T10:19:56.129+0000][1][safepoint    ] Leaving safepoint region
[2019-12-08T10:19:56.129+0000][1][safepoint    ] Total time for which application threads were stopped: 0.0000820 seconds, Stopping threads took: 0.0000200 seconds
[2019-12-08T10:19:57.129+0000][1][safepoint    ] Application time: 1.0000796 seconds
[2019-12-08T10:19:57.129+0000][1][safepoint    ] Entering safepoint region: Cleanup
[2019-12-08T10:19:57.129+0000][1][safepoint    ] Leaving safepoint region
[2019-12-08T10:19:57.129+0000][1][safepoint    ] Total time for which application threads were stopped: 0.0000868 seconds, Stopping threads took: 0.0000194 seconds
[2019-12-08T10:19:58.129+0000][1][safepoint    ] Application time: 1.0000779 seconds
[2019-12-08T10:19:58.129+0000][1][safepoint    ] Entering safepoint region: Cleanup
[2019-12-08T10:19:58.130+0000][1][safepoint    ] Leaving safepoint region
[2019-12-08T10:19:58.130+0000][1][safepoint    ] Total time for which application threads were stopped: 0.0000930 seconds, Stopping threads took: 0.0000274 seconds
[2019-12-08T10:19:59.130+0000][1][safepoint    ] Application time: 1.0000761 seconds
[2019-12-08T10:19:59.130+0000][1][safepoint    ] Entering safepoint region: Cleanup
[2019-12-08T10:19:59.130+0000][1][safepoint    ] Leaving safepoint region
[2019-12-08T10:19:59.130+0000][1][safepoint    ] Total time for which application threads were stopped: 0.0000793 seconds, Stopping threads took: 0.0000170 seconds
[2019-12-08T10:20:00.130+0000][1][safepoint    ] Application time: 1.0000766 seconds
[2019-12-08T10:20:00.130+0000][1][safepoint    ] Entering safepoint region: Cleanup
[2019-12-08T10:20:00.130+0000][1][safepoint    ] Leaving safepoint region
[2019-12-08T10:20:00.130+0000][1][safepoint    ] Total time for which application threads were stopped: 0.0000819 seconds, Stopping threads took: 0.0000185 seconds
[2019-12-08T10:20:01.130+0000][1][safepoint    ] Application time: 1.0000761 seconds
[2019-12-08T10:20:01.130+0000][1][safepoint    ] Entering safepoint region: Cleanup
[2019-12-08T10:20:01.130+0000][1][safepoint    ] Leaving safepoint region
[2019-12-08T10:20:01.130+0000][1][safepoint    ] Total time for which application threads were stopped: 0.0000815 seconds, Stopping threads took: 0.0000189 seconds
[2019-12-08T10:20:02.130+0000][1][safepoint    ] Application time: 1.0000845 seconds
[2019-12-08T10:20:02.130+0000][1][safepoint    ] Entering safepoint region: Cleanup
[2019-12-08T10:20:02.130+0000][1][safepoint    ] Leaving safepoint region
[2019-12-08T10:20:02.130+0000][1][safepoint    ] Total time for which application threads were stopped: 0.0001376 seconds, Stopping threads took: 0.0000310 seconds
[2019-12-08T10:20:03.131+0000][1][safepoint    ] Application time: 1.0000822 seconds
[2019-12-08T10:20:03.131+0000][1][safepoint    ] Entering safepoint region: Cleanup
[2019-12-08T10:20:03.131+0000][1][safepoint    ] Leaving safepoint region
[2019-12-08T10:20:03.131+0000][1][safepoint    ] Total time for which application threads were stopped: 0.0000933 seconds, Stopping threads took: 0.0000214 seconds
[2019-12-08T10:20:04.131+0000][1][safepoint    ] Application time: 1.0000926 seconds
[2019-12-08T10:20:04.131+0000][1][safepoint    ] Entering safepoint region: Cleanup
[2019-12-08T10:20:04.131+0000][1][safepoint    ] Leaving safepoint region
[2019-12-08T10:20:04.131+0000][1][safepoint    ] Total time for which application threads were stopped: 0.0000864 seconds, Stopping threads took: 0.0000193 seconds
[2019-12-08T10:20:05.131+0000][1][safepoint    ] Application time: 1.0000773 seconds
[2019-12-08T10:20:05.131+0000][1][safepoint    ] Entering safepoint region: Cleanup
[2019-12-08T10:20:05.131+0000][1][safepoint    ] Leaving safepoint region
[2019-12-08T10:20:05.131+0000][1][safepoint    ] Total time for which application threads were stopped: 0.0000837 seconds, Stopping threads took: 0.0000209 seconds
[2019-12-08T10:20:06.131+0000][1][safepoint    ] Application time: 1.0000789 seconds
[2019-12-08T10:20:06.131+0000][1][safepoint    ] Entering safepoint region: Cleanup
[2019-12-08T10:20:06.131+0000][1][safepoint    ] Leaving safepoint region
[2019-12-08T10:20:06.131+0000][1][safepoint    ] Total time for which application threads were stopped: 0.0000959 seconds, Stopping threads took: 0.0000194 seconds
[2019-12-08T10:20:07.131+0000][1][safepoint    ] Application time: 1.0000786 seconds
[2019-12-08T10:20:07.131+0000][1][safepoint    ] Entering safepoint region: Cleanup
[2019-12-08T10:20:07.131+0000][1][safepoint    ] Leaving safepoint region
[2019-12-08T10:20:07.131+0000][1][safepoint    ] Total time for which application threads were stopped: 0.0000850 seconds, Stopping threads took: 0.0000195 seconds
[2019-12-08T10:20:08.132+0000][1][safepoint    ] Application time: 1.0000846 seconds
[2019-12-08T10:20:08.132+0000][1][safepoint    ] Entering safepoint region: Cleanup
[2019-12-08T10:20:08.132+0000][1][safepoint    ] Leaving safepoint region
[2019-12-08T10:20:08.132+0000][1][safepoint    ] Total time for which application threads were stopped: 0.0001127 seconds, Stopping threads took: 0.0000212 seconds
[2019-12-08T10:20:09.132+0000][1][safepoint    ] Application time: 1.0000778 seconds
[2019-12-08T10:20:09.132+0000][1][safepoint    ] Entering safepoint region: Cleanup
[2019-12-08T10:20:09.132+0000][1][safepoint    ] Leaving safepoint region
[2019-12-08T10:20:09.132+0000][1][safepoint    ] Total time for which application threads were stopped: 0.0000848 seconds, Stopping threads took: 0.0000198 seconds
[2019-12-08T10:20:10.132+0000][1][safepoint    ] Application time: 1.0000847 seconds
[2019-12-08T10:20:10.132+0000][1][safepoint    ] Entering safepoint region: Cleanup
[2019-12-08T10:20:10.132+0000][1][safepoint    ] Leaving safepoint region
[2019-12-08T10:20:10.132+0000][1][safepoint    ] Total time for which application threads were stopped: 0.0000882 seconds, Stopping threads took: 0.0000198 seconds
[2019-12-08T10:20:11.132+0000][1][safepoint    ] Application time: 1.0000838 seconds
[2019-12-08T10:20:11.132+0000][1][safepoint    ] Entering safepoint region: Cleanup
[2019-12-08T10:20:11.132+0000][1][safepoint    ] Leaving safepoint region
[2019-12-08T10:20:11.132+0000][1][safepoint    ] Total time for which application threads were stopped: 0.0000848 seconds, Stopping threads took: 0.0000189 seconds
[2019-12-08T10:20:12.132+0000][1][safepoint    ] Application time: 1.0000739 seconds
[2019-12-08T10:20:12.132+0000][1][safepoint    ] Entering safepoint region: Cleanup
[2019-12-08T10:20:12.133+0000][1][safepoint    ] Leaving safepoint region
[2019-12-08T10:20:12.133+0000][1][safepoint    ] Total time for which application threads were stopped: 0.0000826 seconds, Stopping threads took: 0.0000191 seconds
[2019-12-08T10:20:13.133+0000][1][safepoint    ] Application time: 1.0000824 seconds
[2019-12-08T10:20:13.133+0000][1][safepoint    ] Entering safepoint region: Cleanup
[2019-12-08T10:20:13.133+0000][1][safepoint    ] Leaving safepoint region
[2019-12-08T10:20:13.133+0000][1][safepoint    ] Total time for which application threads were stopped: 0.0000882 seconds, Stopping threads took: 0.0000179 seconds
[2019-12-08T10:20:14.133+0000][1][safepoint    ] Application time: 1.0000759 seconds
[2019-12-08T10:20:14.133+0000][1][safepoint    ] Entering safepoint region: Cleanup
[2019-12-08T10:20:14.133+0000][1][safepoint    ] Leaving safepoint region
[2019-12-08T10:20:14.133+0000][1][safepoint    ] Total time for which application threads were stopped: 0.0000811 seconds, Stopping threads took: 0.0000181 seconds
[2019-12-08T10:20:15.133+0000][1][safepoint    ] Application time: 1.0000755 seconds
[2019-12-08T10:20:15.133+0000][1][safepoint    ] Entering safepoint region: Cleanup
[2019-12-08T10:20:15.133+0000][1][safepoint    ] Leaving safepoint region
[2019-12-08T10:20:15.133+0000][1][safepoint    ] Total time for which application threads were stopped: 0.0000794 seconds, Stopping threads took: 0.0000182 seconds
[2019-12-08T10:20:16.133+0000][1][safepoint    ] Application time: 1.0000783 seconds
[2019-12-08T10:20:16.133+0000][1][safepoint    ] Entering safepoint region: Cleanup
[2019-12-08T10:20:16.133+0000][1][safepoint    ] Leaving safepoint region
[2019-12-08T10:20:16.133+0000][1][safepoint    ] Total time for which application threads were stopped: 0.0000841 seconds, Stopping threads took: 0.0000184 seconds
[2019-12-08T10:20:17.133+0000][1][safepoint    ] Application time: 1.0000803 seconds
[2019-12-08T10:20:17.133+0000][1][safepoint    ] Entering safepoint region: Cleanup
[2019-12-08T10:20:17.134+0000][1][safepoint    ] Leaving safepoint region
[2019-12-08T10:20:17.134+0000][1][safepoint    ] Total time for which application threads were stopped: 0.0000828 seconds, Stopping threads took: 0.0000196 seconds
[2019-12-08T10:20:18.134+0000][1][safepoint    ] Application time: 1.0000752 seconds
[2019-12-08T10:20:18.134+0000][1][safepoint    ] Entering safepoint region: Cleanup
[2019-12-08T10:20:18.134+0000][1][safepoint    ] Leaving safepoint region
[2019-12-08T10:20:18.134+0000][1][safepoint    ] Total time for which application threads were stopped: 0.0000939 seconds, Stopping threads took: 0.0000178 seconds
[2019-12-08T10:20:19.134+0000][1][safepoint    ] Application time: 1.0000776 seconds
[2019-12-08T10:20:19.134+0000][1][safepoint    ] Entering safepoint region: Cleanup
[2019-12-08T10:20:19.134+0000][1][safepoint    ] Leaving safepoint region
[2019-12-08T10:20:19.134+0000][1][safepoint    ] Total time for which application threads were stopped: 0.0000776 seconds, Stopping threads took: 0.0000177 seconds
[2019-12-08T10:20:20.134+0000][1][safepoint    ] Application time: 1.0000746 seconds
[2019-12-08T10:20:20.134+0000][1][safepoint    ] Entering safepoint region: Cleanup
[2019-12-08T10:20:20.134+0000][1][safepoint    ] Leaving safepoint region
[2019-12-08T10:20:20.134+0000][1][safepoint    ] Total time for which application threads were stopped: 0.0000781 seconds, Stopping threads took: 0.0000173 seconds
[2019-12-08T10:20:21.134+0000][1][safepoint    ] Application time: 1.0000779 seconds
[2019-12-08T10:20:21.134+0000][1][safepoint    ] Entering safepoint region: Cleanup
[2019-12-08T10:20:21.134+0000][1][safepoint    ] Leaving safepoint region
[2019-12-08T10:20:21.134+0000][1][safepoint    ] Total time for which application threads were stopped: 0.0000762 seconds, Stopping threads took: 0.0000173 seconds
[2019-12-08T10:20:22.134+0000][1][safepoint    ] Application time: 1.0000737 seconds
[2019-12-08T10:20:22.134+0000][1][safepoint    ] Entering safepoint region: Cleanup
[2019-12-08T10:20:22.134+0000][1][safepoint    ] Leaving safepoint region
[2019-12-08T10:20:22.134+0000][1][safepoint    ] Total time for which application threads were stopped: 0.0000819 seconds, Stopping threads took: 0.0000190 seconds
[2019-12-08T10:20:23.135+0000][1][safepoint    ] Application time: 1.0000815 seconds
[2019-12-08T10:20:23.135+0000][1][safepoint    ] Entering safepoint region: Cleanup
[2019-12-08T10:20:23.135+0000][1][safepoint    ] Leaving safepoint region
[2019-12-08T10:20:23.135+0000][1][safepoint    ] Total time for which application threads were stopped: 0.0001082 seconds, Stopping threads took: 0.0000202 seconds
[2019-12-08T10:20:24.135+0000][1][safepoint    ] Application time: 1.0000765 seconds
[2019-12-08T10:20:24.135+0000][1][safepoint    ] Entering safepoint region: Cleanup
[2019-12-08T10:20:24.135+0000][1][safepoint    ] Leaving safepoint region
[2019-12-08T10:20:24.135+0000][1][safepoint    ] Total time for which application threads were stopped: 0.0000835 seconds, Stopping threads took: 0.0000194 seconds
[2019-12-08T10:20:25.135+0000][1][safepoint    ] Application time: 1.0000749 seconds
[2019-12-08T10:20:25.135+0000][1][safepoint    ] Entering safepoint region: Cleanup
[2019-12-08T10:20:25.135+0000][1][safepoint    ] Leaving safepoint region
[2019-12-08T10:20:25.135+0000][1][safepoint    ] Total time for which application threads were stopped: 0.0000813 seconds, Stopping threads took: 0.0000183 seconds
[2019-12-08T10:20:26.135+0000][1][safepoint    ] Application time: 1.0000818 seconds
[2019-12-08T10:20:26.135+0000][1][safepoint    ] Entering safepoint region: Cleanup
[2019-12-08T10:20:26.135+0000][1][safepoint    ] Leaving safepoint region
[2019-12-08T10:20:26.135+0000][1][safepoint    ] Total time for which application threads were stopped: 0.0000978 seconds, Stopping threads took: 0.0000212 seconds
[2019-12-08T10:20:27.135+0000][1][safepoint    ] Application time: 1.0000760 seconds
[2019-12-08T10:20:27.135+0000][1][safepoint    ] Entering safepoint region: Cleanup
[2019-12-08T10:20:27.135+0000][1][safepoint    ] Leaving safepoint region
[2019-12-08T10:20:27.135+0000][1][safepoint    ] Total time for which application threads were stopped: 0.0000791 seconds, Stopping threads took: 0.0000181 seconds
[2019-12-08T10:20:28.136+0000][1][safepoint    ] Application time: 1.0000761 seconds
[2019-12-08T10:20:28.136+0000][1][safepoint    ] Entering safepoint region: Cleanup
[2019-12-08T10:20:28.136+0000][1][safepoint    ] Leaving safepoint region
[2019-12-08T10:20:28.136+0000][1][safepoint    ] Total time for which application threads were stopped: 0.0001018 seconds, Stopping threads took: 0.0000168 seconds
[2019-12-08T10:20:29.136+0000][1][safepoint    ] Application time: 1.0000747 seconds
[2019-12-08T10:20:29.136+0000][1][safepoint    ] Entering safepoint region: Cleanup
[2019-12-08T10:20:29.136+0000][1][safepoint    ] Leaving safepoint region
[2019-12-08T10:20:29.136+0000][1][safepoint    ] Total time for which application threads were stopped: 0.0000802 seconds, Stopping threads took: 0.0000186 seconds
[2019-12-08T10:20:30.136+0000][1][safepoint    ] Application time: 1.0000739 seconds
[2019-12-08T10:20:30.136+0000][1][safepoint    ] Entering safepoint region: Cleanup
[2019-12-08T10:20:30.136+0000][1][safepoint    ] Leaving safepoint region
[2019-12-08T10:20:30.136+0000][1][safepoint    ] Total time for which application threads were stopped: 0.0000784 seconds, Stopping threads took: 0.0000179 seconds
[2019-12-08T10:20:31.136+0000][1][safepoint    ] Application time: 1.0000746 seconds
[2019-12-08T10:20:31.136+0000][1][safepoint    ] Entering safepoint region: Cleanup
[2019-12-08T10:20:31.136+0000][1][safepoint    ] Leaving safepoint region
[2019-12-08T10:20:31.136+0000][1][safepoint    ] Total time for which application threads were stopped: 0.0000861 seconds, Stopping threads took: 0.0000198 seconds
[2019-12-08T10:20:32.136+0000][1][safepoint    ] Application time: 1.0000761 seconds
[2019-12-08T10:20:32.136+0000][1][safepoint    ] Entering safepoint region: Cleanup
[2019-12-08T10:20:32.136+0000][1][safepoint    ] Leaving safepoint region
[2019-12-08T10:20:32.136+0000][1][safepoint    ] Total time for which application threads were stopped: 0.0000798 seconds, Stopping threads took: 0.0000177 seconds
[2019-12-08T10:20:33.137+0000][1][safepoint    ] Application time: 1.0000762 seconds
[2019-12-08T10:20:33.137+0000][1][safepoint    ] Entering safepoint region: Cleanup
[2019-12-08T10:20:33.137+0000][1][safepoint    ] Leaving safepoint region
[2019-12-08T10:20:33.137+0000][1][safepoint    ] Total time for which application threads were stopped: 0.0000800 seconds, Stopping threads took: 0.0000168 seconds
[2019-12-08T10:20:34.137+0000][1][safepoint    ] Application time: 1.0000783 seconds
[2019-12-08T10:20:34.137+0000][1][safepoint    ] Entering safepoint region: Cleanup
[2019-12-08T10:20:34.137+0000][1][safepoint    ] Leaving safepoint region
[2019-12-08T10:20:34.137+0000][1][safepoint    ] Total time for which application threads were stopped: 0.0000790 seconds, Stopping threads took: 0.0000171 seconds
[2019-12-08T10:20:35.137+0000][1][safepoint    ] Application time: 1.0000752 seconds
[2019-12-08T10:20:35.137+0000][1][safepoint    ] Entering safepoint region: Cleanup
[2019-12-08T10:20:35.137+0000][1][safepoint    ] Leaving safepoint region
[2019-12-08T10:20:35.137+0000][1][safepoint    ] Total time for which application threads were stopped: 0.0000808 seconds, Stopping threads took: 0.0000183 seconds
[2019-12-08T10:20:36.137+0000][1][safepoint    ] Application time: 1.0000742 seconds
[2019-12-08T10:20:36.137+0000][1][safepoint    ] Entering safepoint region: Cleanup
[2019-12-08T10:20:36.137+0000][1][safepoint    ] Leaving safepoint region
[2019-12-08T10:20:36.137+0000][1][safepoint    ] Total time for which application threads were stopped: 0.0000844 seconds, Stopping threads took: 0.0000203 seconds
[2019-12-08T10:20:37.137+0000][1][safepoint    ] Application time: 1.0000783 seconds
[2019-12-08T10:20:37.137+0000][1][safepoint    ] Entering safepoint region: Cleanup
[2019-12-08T10:20:37.137+0000][1][safepoint    ] Leaving safepoint region
[2019-12-08T10:20:37.137+0000][1][safepoint    ] Total time for which application threads were stopped: 0.0000821 seconds, Stopping threads took: 0.0000180 seconds
[2019-12-08T10:20:38.138+0000][1][safepoint    ] Application time: 1.0000748 seconds
[2019-12-08T10:20:38.138+0000][1][safepoint    ] Entering safepoint region: Cleanup
[2019-12-08T10:20:38.138+0000][1][safepoint    ] Leaving safepoint region
[2019-12-08T10:20:38.138+0000][1][safepoint    ] Total time for which application threads were stopped: 0.0000873 seconds, Stopping threads took: 0.0000227 seconds
[2019-12-08T10:20:39.138+0000][1][safepoint    ] Application time: 1.0000776 seconds
[2019-12-08T10:20:39.138+0000][1][safepoint    ] Entering safepoint region: Cleanup
[2019-12-08T10:20:39.138+0000][1][safepoint    ] Leaving safepoint region
[2019-12-08T10:20:39.138+0000][1][safepoint    ] Total time for which application threads were stopped: 0.0000854 seconds, Stopping threads took: 0.0000203 seconds
[2019-12-08T10:20:40.138+0000][1][safepoint    ] Application time: 1.0000775 seconds
[2019-12-08T10:20:40.138+0000][1][safepoint    ] Entering safepoint region: Cleanup
[2019-12-08T10:20:40.138+0000][1][safepoint    ] Leaving safepoint region
[2019-12-08T10:20:40.138+0000][1][safepoint    ] Total time for which application threads were stopped: 0.0000856 seconds, Stopping threads took: 0.0000214 seconds
[2019-12-08T10:20:41.138+0000][1][safepoint    ] Application time: 1.0000793 seconds
[2019-12-08T10:20:41.138+0000][1][safepoint    ] Entering safepoint region: Cleanup
[2019-12-08T10:20:41.138+0000][1][safepoint    ] Leaving safepoint region
[2019-12-08T10:20:41.138+0000][1][safepoint    ] Total time for which application threads were stopped: 0.0000860 seconds, Stopping threads took: 0.0000194 seconds
[2019-12-08T10:20:42.138+0000][1][safepoint    ] Application time: 1.0000777 seconds
[2019-12-08T10:20:42.138+0000][1][safepoint    ] Entering safepoint region: Cleanup
[2019-12-08T10:20:42.138+0000][1][safepoint    ] Leaving safepoint region
[2019-12-08T10:20:42.138+0000][1][safepoint    ] Total time for which application threads were stopped: 0.0000831 seconds, Stopping threads took: 0.0000190 seconds
[2019-12-08T10:20:43.139+0000][1][safepoint    ] Application time: 1.0000786 seconds
[2019-12-08T10:20:43.139+0000][1][safepoint    ] Entering safepoint region: Cleanup
[2019-12-08T10:20:43.139+0000][1][safepoint    ] Leaving safepoint region
[2019-12-08T10:20:43.139+0000][1][safepoint    ] Total time for which application threads were stopped: 0.0000849 seconds, Stopping threads took: 0.0000191 seconds
[2019-12-08T10:20:44.139+0000][1][safepoint    ] Application time: 1.0000330 seconds
[2019-12-08T10:20:44.139+0000][1][safepoint    ] Entering safepoint region: Cleanup
[2019-12-08T10:20:44.139+0000][1][safepoint    ] Leaving safepoint region
[2019-12-08T10:20:44.139+0000][1][safepoint    ] Total time for which application threads were stopped: 0.0000845 seconds, Stopping threads took: 0.0000197 seconds
[2019-12-08T10:20:45.366+0000][1][safepoint    ] Application time: 1.2269723 seconds
[2019-12-08T10:20:45.366+0000][1][safepoint    ] Entering safepoint region: Cleanup
[2019-12-08T10:20:45.366+0000][1][safepoint    ] Leaving safepoint region
[2019-12-08T10:20:45.366+0000][1][safepoint    ] Total time for which application threads were stopped: 0.0000922 seconds, Stopping threads took: 0.0000254 seconds
[2019-12-08T10:20:46.366+0000][1][safepoint    ] Application time: 1.0000802 seconds
[2019-12-08T10:20:46.366+0000][1][safepoint    ] Entering safepoint region: Cleanup
[2019-12-08T10:20:46.366+0000][1][safepoint    ] Leaving safepoint region
[2019-12-08T10:20:46.366+0000][1][safepoint    ] Total time for which application threads were stopped: 0.0000903 seconds, Stopping threads took: 0.0000215 seconds
[2019-12-08T10:20:47.366+0000][1][safepoint    ] Application time: 1.0000785 seconds
[2019-12-08T10:20:47.366+0000][1][safepoint    ] Entering safepoint region: Cleanup
[2019-12-08T10:20:47.366+0000][1][safepoint    ] Leaving safepoint region
[2019-12-08T10:20:47.366+0000][1][safepoint    ] Total time for which application threads were stopped: 0.0000856 seconds, Stopping threads took: 0.0000194 seconds
[2019-12-08T10:20:48.366+0000][1][safepoint    ] Application time: 1.0000893 seconds
[2019-12-08T10:20:48.366+0000][1][safepoint    ] Entering safepoint region: Cleanup
[2019-12-08T10:20:48.367+0000][1][safepoint    ] Leaving safepoint region
[2019-12-08T10:20:48.367+0000][1][safepoint    ] Total time for which application threads were stopped: 0.0000858 seconds, Stopping threads took: 0.0000200 seconds
[2019-12-08T10:20:49.367+0000][1][safepoint    ] Application time: 1.0000838 seconds
[2019-12-08T10:20:49.367+0000][1][safepoint    ] Entering safepoint region: Cleanup
[2019-12-08T10:20:49.367+0000][1][safepoint    ] Leaving safepoint region
[2019-12-08T10:20:49.367+0000][1][safepoint    ] Total time for which application threads were stopped: 0.0000880 seconds, Stopping threads took: 0.0000211 seconds
[2019-12-08T10:20:50.367+0000][1][safepoint    ] Application time: 1.0000790 seconds
[2019-12-08T10:20:50.367+0000][1][safepoint    ] Entering safepoint region: Cleanup
[2019-12-08T10:20:50.367+0000][1][safepoint    ] Leaving safepoint region
[2019-12-08T10:20:50.367+0000][1][safepoint    ] Total time for which application threads were stopped: 0.0000872 seconds, Stopping threads took: 0.0000196 seconds
[2019-12-08T10:20:51.367+0000][1][safepoint    ] Application time: 1.0000874 seconds
[2019-12-08T10:20:51.367+0000][1][safepoint    ] Entering safepoint region: Cleanup
[2019-12-08T10:20:51.367+0000][1][safepoint    ] Leaving safepoint region
[2019-12-08T10:20:51.367+0000][1][safepoint    ] Total time for which application threads were stopped: 0.0000877 seconds, Stopping threads took: 0.0000197 seconds
[2019-12-08T10:20:52.367+0000][1][safepoint    ] Application time: 1.0000825 seconds
[2019-12-08T10:20:52.367+0000][1][safepoint    ] Entering safepoint region: Cleanup
[2019-12-08T10:20:52.367+0000][1][safepoint    ] Leaving safepoint region
[2019-12-08T10:20:52.367+0000][1][safepoint    ] Total time for which application threads were stopped: 0.0000872 seconds, Stopping threads took: 0.0000211 seconds
[2019-12-08T10:20:53.368+0000][1][safepoint    ] Application time: 1.0000789 seconds
[2019-12-08T10:20:53.368+0000][1][safepoint    ] Entering safepoint region: Cleanup
[2019-12-08T10:20:53.368+0000][1][safepoint    ] Leaving safepoint region
[2019-12-08T10:20:53.368+0000][1][safepoint    ] Total time for which application threads were stopped: 0.0000884 seconds, Stopping threads took: 0.0000207 seconds
[2019-12-08T10:20:54.368+0000][1][safepoint    ] Application time: 1.0000808 seconds
[2019-12-08T10:20:54.368+0000][1][safepoint    ] Entering safepoint region: Cleanup
[2019-12-08T10:20:54.368+0000][1][safepoint    ] Leaving safepoint region
[2019-12-08T10:20:54.368+0000][1][safepoint    ] Total time for which application threads were stopped: 0.0000899 seconds, Stopping threads took: 0.0000205 seconds
[2019-12-08T10:20:55.368+0000][1][safepoint    ] Application time: 1.0000798 seconds
[2019-12-08T10:20:55.368+0000][1][safepoint    ] Entering safepoint region: Cleanup
[2019-12-08T10:20:55.368+0000][1][safepoint    ] Leaving safepoint region
[2019-12-08T10:20:55.368+0000][1][safepoint    ] Total time for which application threads were stopped: 0.0000850 seconds, Stopping threads took: 0.0000214 seconds
[2019-12-08T10:20:56.368+0000][1][safepoint    ] Application time: 1.0000787 seconds
[2019-12-08T10:20:56.368+0000][1][safepoint    ] Entering safepoint region: Cleanup
[2019-12-08T10:20:56.368+0000][1][safepoint    ] Leaving safepoint region
[2019-12-08T10:20:56.368+0000][1][safepoint    ] Total time for which application threads were stopped: 0.0000841 seconds, Stopping threads took: 0.0000191 seconds
[2019-12-08T10:20:57.368+0000][1][safepoint    ] Application time: 1.0000853 seconds
[2019-12-08T10:20:57.368+0000][1][safepoint    ] Entering safepoint region: Cleanup
[2019-12-08T10:20:57.369+0000][1][safepoint    ] Leaving safepoint region
[2019-12-08T10:20:57.369+0000][1][safepoint    ] Total time for which application threads were stopped: 0.0000889 seconds, Stopping threads took: 0.0000202 seconds
[2019-12-08T10:20:58.369+0000][1][safepoint    ] Application time: 1.0000812 seconds
[2019-12-08T10:20:58.369+0000][1][safepoint    ] Entering safepoint region: Cleanup
[2019-12-08T10:20:58.369+0000][1][safepoint    ] Leaving safepoint region
[2019-12-08T10:20:58.369+0000][1][safepoint    ] Total time for which application threads were stopped: 0.0001012 seconds, Stopping threads took: 0.0000213 seconds
[2019-12-08T10:20:59.369+0000][1][safepoint    ] Application time: 1.0000795 seconds
[2019-12-08T10:20:59.369+0000][1][safepoint    ] Entering safepoint region: Cleanup
[2019-12-08T10:20:59.369+0000][1][safepoint    ] Leaving safepoint region
[2019-12-08T10:20:59.369+0000][1][safepoint    ] Total time for which application threads were stopped: 0.0000853 seconds, Stopping threads took: 0.0000190 seconds
[2019-12-08T10:21:00.369+0000][1][safepoint    ] Application time: 1.0000800 seconds
[2019-12-08T10:21:00.369+0000][1][safepoint    ] Entering safepoint region: Cleanup
[2019-12-08T10:21:00.369+0000][1][safepoint    ] Leaving safepoint region
[2019-12-08T10:21:00.369+0000][1][safepoint    ] Total time for which application threads were stopped: 0.0000879 seconds, Stopping threads took: 0.0000213 seconds
[2019-12-08T10:21:01.369+0000][1][safepoint    ] Application time: 1.0000808 seconds
[2019-12-08T10:21:01.369+0000][1][safepoint    ] Entering safepoint region: Cleanup
[2019-12-08T10:21:01.369+0000][1][safepoint    ] Leaving safepoint region
[2019-12-08T10:21:01.369+0000][1][safepoint    ] Total time for which application threads were stopped: 0.0000893 seconds, Stopping threads took: 0.0000200 seconds
[2019-12-08T10:21:02.369+0000][1][safepoint    ] Application time: 1.0000805 seconds
[2019-12-08T10:21:02.370+0000][1][safepoint    ] Entering safepoint region: Cleanup
[2019-12-08T10:21:02.370+0000][1][safepoint    ] Leaving safepoint region
[2019-12-08T10:21:02.370+0000][1][safepoint    ] Total time for which application threads were stopped: 0.0000871 seconds, Stopping threads took: 0.0000218 seconds
[2019-12-08T10:21:03.370+0000][1][safepoint    ] Application time: 1.0000807 seconds
[2019-12-08T10:21:03.370+0000][1][safepoint    ] Entering safepoint region: Cleanup
[2019-12-08T10:21:03.370+0000][1][safepoint    ] Leaving safepoint region
[2019-12-08T10:21:03.370+0000][1][safepoint    ] Total time for which application threads were stopped: 0.0000888 seconds, Stopping threads took: 0.0000207 seconds
[2019-12-08T10:21:04.370+0000][1][safepoint    ] Application time: 1.0000882 seconds
[2019-12-08T10:21:04.370+0000][1][safepoint    ] Entering safepoint region: Cleanup
[2019-12-08T10:21:04.370+0000][1][safepoint    ] Leaving safepoint region
[2019-12-08T10:21:04.370+0000][1][safepoint    ] Total time for which application threads were stopped: 0.0000960 seconds, Stopping threads took: 0.0000201 seconds
[2019-12-08T10:21:05.165+0000][1][safepoint    ] Application time: 0.7948190 seconds
[2019-12-08T10:21:05.165+0000][1][safepoint    ] Entering safepoint region: GenCollectForAllocation
[2019-12-08T10:21:05.165+0000][1][gc,start     ] GC(43) Pause Young (Allocation Failure)
[2019-12-08T10:21:05.165+0000][1][gc,task      ] GC(43) Using 4 workers of 4 for evacuation
[2019-12-08T10:21:05.166+0000][1][gc,age       ] GC(43) Desired survivor size 4456448 bytes, new threshold 6 (max threshold 6)
[2019-12-08T10:21:05.166+0000][1][gc,age       ] GC(43) Age table with threshold 6 (max threshold 6)
[2019-12-08T10:21:05.166+0000][1][gc,age       ] GC(43) - age   1:       6160 bytes,       6160 total
[2019-12-08T10:21:05.166+0000][1][gc,age       ] GC(43) - age   3:         32 bytes,       6192 total
[2019-12-08T10:21:05.166+0000][1][gc,age       ] GC(43) - age   4:        808 bytes,       7000 total
[2019-12-08T10:21:05.166+0000][1][gc,age       ] GC(43) - age   5:        128 bytes,       7128 total
[2019-12-08T10:21:05.166+0000][1][gc,age       ] GC(43) - age   6:        288 bytes,       7416 total
[2019-12-08T10:21:05.166+0000][1][gc,heap      ] GC(43) ParNew: 69962K->12K(78656K)
[2019-12-08T10:21:05.166+0000][1][gc,heap      ] GC(43) CMS: 70410K->70411K(174784K)
[2019-12-08T10:21:05.166+0000][1][gc,metaspace ] GC(43) Metaspace: 72539K->72539K(1116160K)
[2019-12-08T10:21:05.166+0000][1][gc           ] GC(43) Pause Young (Allocation Failure) 137M->68M(247M) 1.077ms
[2019-12-08T10:21:05.166+0000][1][gc,cpu       ] GC(43) User=0.01s Sys=0.00s Real=0.00s
[2019-12-08T10:21:05.166+0000][1][safepoint    ] Leaving safepoint region
[2019-12-08T10:21:05.166+0000][1][safepoint    ] Total time for which application threads were stopped: 0.0012367 seconds, Stopping threads took: 0.0000194 seconds
[2019-12-08T10:21:06.166+0000][1][safepoint    ] Application time: 1.0000906 seconds
[2019-12-08T10:21:06.166+0000][1][safepoint    ] Entering safepoint region: Cleanup
[2019-12-08T10:21:06.166+0000][1][safepoint    ] Leaving safepoint region
[2019-12-08T10:21:06.166+0000][1][safepoint    ] Total time for which application threads were stopped: 0.0001312 seconds, Stopping threads took: 0.0000616 seconds
[2019-12-08T10:21:07.166+0000][1][safepoint    ] Application time: 1.0000831 seconds
[2019-12-08T10:21:07.167+0000][1][safepoint    ] Entering safepoint region: Cleanup
[2019-12-08T10:21:07.167+0000][1][safepoint    ] Leaving safepoint region
[2019-12-08T10:21:07.167+0000][1][safepoint    ] Total time for which application threads were stopped: 0.0000862 seconds, Stopping threads took: 0.0000184 seconds
[2019-12-08T10:21:08.167+0000][1][safepoint    ] Application time: 1.0000777 seconds
[2019-12-08T10:21:08.167+0000][1][safepoint    ] Entering safepoint region: Cleanup
[2019-12-08T10:21:08.167+0000][1][safepoint    ] Leaving safepoint region
[2019-12-08T10:21:08.167+0000][1][safepoint    ] Total time for which application threads were stopped: 0.0000879 seconds, Stopping threads took: 0.0000216 seconds
[2019-12-08T10:21:09.167+0000][1][safepoint    ] Application time: 1.0000781 seconds
[2019-12-08T10:21:09.167+0000][1][safepoint    ] Entering safepoint region: Cleanup
[2019-12-08T10:21:09.167+0000][1][safepoint    ] Leaving safepoint region
[2019-12-08T10:21:09.167+0000][1][safepoint    ] Total time for which application threads were stopped: 0.0000830 seconds, Stopping threads took: 0.0000187 seconds
[2019-12-08T10:21:10.167+0000][1][safepoint    ] Application time: 1.0000895 seconds
[2019-12-08T10:21:10.167+0000][1][safepoint    ] Entering safepoint region: Cleanup
[2019-12-08T10:21:10.167+0000][1][safepoint    ] Leaving safepoint region
[2019-12-08T10:21:10.167+0000][1][safepoint    ] Total time for which application threads were stopped: 0.0001206 seconds, Stopping threads took: 0.0000468 seconds
[2019-12-08T10:21:11.167+0000][1][safepoint    ] Application time: 1.0000869 seconds
[2019-12-08T10:21:11.167+0000][1][safepoint    ] Entering safepoint region: Cleanup
[2019-12-08T10:21:11.167+0000][1][safepoint    ] Leaving safepoint region
[2019-12-08T10:21:11.167+0000][1][safepoint    ] Total time for which application threads were stopped: 0.0000924 seconds, Stopping threads took: 0.0000260 seconds
[2019-12-08T10:21:12.168+0000][1][safepoint    ] Application time: 1.0000809 seconds
[2019-12-08T10:21:12.168+0000][1][safepoint    ] Entering safepoint region: Cleanup
[2019-12-08T10:21:12.168+0000][1][safepoint    ] Leaving safepoint region
[2019-12-08T10:21:12.168+0000][1][safepoint    ] Total time for which application threads were stopped: 0.0000785 seconds, Stopping threads took: 0.0000172 seconds
[2019-12-08T10:21:13.168+0000][1][safepoint    ] Application time: 1.0000801 seconds
[2019-12-08T10:21:13.168+0000][1][safepoint    ] Entering safepoint region: Cleanup
[2019-12-08T10:21:13.168+0000][1][safepoint    ] Leaving safepoint region
[2019-12-08T10:21:13.168+0000][1][safepoint    ] Total time for which application threads were stopped: 0.0000814 seconds, Stopping threads took: 0.0000201 seconds
[2019-12-08T10:21:14.168+0000][1][safepoint    ] Application time: 1.0000773 seconds
[2019-12-08T10:21:14.168+0000][1][safepoint    ] Entering safepoint region: Cleanup
[2019-12-08T10:21:14.168+0000][1][safepoint    ] Leaving safepoint region
[2019-12-08T10:21:14.168+0000][1][safepoint    ] Total time for which application threads were stopped: 0.0000775 seconds, Stopping threads took: 0.0000168 seconds
[2019-12-08T10:21:15.168+0000][1][safepoint    ] Application time: 1.0000746 seconds
[2019-12-08T10:21:15.168+0000][1][safepoint    ] Entering safepoint region: Cleanup
[2019-12-08T10:21:15.168+0000][1][safepoint    ] Leaving safepoint region
[2019-12-08T10:21:15.168+0000][1][safepoint    ] Total time for which application threads were stopped: 0.0000855 seconds, Stopping threads took: 0.0000164 seconds
[2019-12-08T10:21:16.168+0000][1][safepoint    ] Application time: 1.0000787 seconds
[2019-12-08T10:21:16.168+0000][1][safepoint    ] Entering safepoint region: Cleanup
[2019-12-08T10:21:16.168+0000][1][safepoint    ] Leaving safepoint region
[2019-12-08T10:21:16.168+0000][1][safepoint    ] Total time for which application threads were stopped: 0.0000822 seconds, Stopping threads took: 0.0000182 seconds
[2019-12-08T10:21:17.168+0000][1][safepoint    ] Application time: 1.0000757 seconds
[2019-12-08T10:21:17.169+0000][1][safepoint    ] Entering safepoint region: Cleanup
[2019-12-08T10:21:17.169+0000][1][safepoint    ] Leaving safepoint region
[2019-12-08T10:21:17.169+0000][1][safepoint    ] Total time for which application threads were stopped: 0.0000776 seconds, Stopping threads took: 0.0000173 seconds
[2019-12-08T10:21:18.169+0000][1][safepoint    ] Application time: 1.0000744 seconds
[2019-12-08T10:21:18.169+0000][1][safepoint    ] Entering safepoint region: Cleanup
[2019-12-08T10:21:18.169+0000][1][safepoint    ] Leaving safepoint region
[2019-12-08T10:21:18.169+0000][1][safepoint    ] Total time for which application threads were stopped: 0.0000792 seconds, Stopping threads took: 0.0000192 seconds
[2019-12-08T10:21:19.169+0000][1][safepoint    ] Application time: 1.0000741 seconds
[2019-12-08T10:21:19.169+0000][1][safepoint    ] Entering safepoint region: Cleanup
[2019-12-08T10:21:19.169+0000][1][safepoint    ] Leaving safepoint region
[2019-12-08T10:21:19.169+0000][1][safepoint    ] Total time for which application threads were stopped: 0.0000817 seconds, Stopping threads took: 0.0000186 seconds
[2019-12-08T10:21:20.169+0000][1][safepoint    ] Application time: 1.0000786 seconds
[2019-12-08T10:21:20.169+0000][1][safepoint    ] Entering safepoint region: Cleanup
[2019-12-08T10:21:20.169+0000][1][safepoint    ] Leaving safepoint region
[2019-12-08T10:21:20.169+0000][1][safepoint    ] Total time for which application threads were stopped: 0.0000791 seconds, Stopping threads took: 0.0000182 seconds
[2019-12-08T10:21:21.169+0000][1][safepoint    ] Application time: 1.0000760 seconds
[2019-12-08T10:21:21.169+0000][1][safepoint    ] Entering safepoint region: Cleanup
[2019-12-08T10:21:21.169+0000][1][safepoint    ] Leaving safepoint region
[2019-12-08T10:21:21.169+0000][1][safepoint    ] Total time for which application threads were stopped: 0.0000868 seconds, Stopping threads took: 0.0000247 seconds
[2019-12-08T10:21:22.169+0000][1][safepoint    ] Application time: 1.0000779 seconds
[2019-12-08T10:21:22.169+0000][1][safepoint    ] Entering safepoint region: Cleanup
[2019-12-08T10:21:22.170+0000][1][safepoint    ] Leaving safepoint region
[2019-12-08T10:21:22.170+0000][1][safepoint    ] Total time for which application threads were stopped: 0.0000833 seconds, Stopping threads took: 0.0000184 seconds
[2019-12-08T10:21:23.170+0000][1][safepoint    ] Application time: 1.0000774 seconds
[2019-12-08T10:21:23.170+0000][1][safepoint    ] Entering safepoint region: Cleanup
[2019-12-08T10:21:23.170+0000][1][safepoint    ] Leaving safepoint region
[2019-12-08T10:21:23.170+0000][1][safepoint    ] Total time for which application threads were stopped: 0.0000921 seconds, Stopping threads took: 0.0000194 seconds
[2019-12-08T10:21:24.170+0000][1][safepoint    ] Application time: 1.0000757 seconds
[2019-12-08T10:21:24.170+0000][1][safepoint    ] Entering safepoint region: Cleanup
[2019-12-08T10:21:24.170+0000][1][safepoint    ] Leaving safepoint region
[2019-12-08T10:21:24.170+0000][1][safepoint    ] Total time for which application threads were stopped: 0.0000785 seconds, Stopping threads took: 0.0000185 seconds
[2019-12-08T10:21:25.170+0000][1][safepoint    ] Application time: 1.0000781 seconds
[2019-12-08T10:21:25.170+0000][1][safepoint    ] Entering safepoint region: Cleanup
[2019-12-08T10:21:25.170+0000][1][safepoint    ] Leaving safepoint region
[2019-12-08T10:21:25.170+0000][1][safepoint    ] Total time for which application threads were stopped: 0.0001051 seconds, Stopping threads took: 0.0000354 seconds
[2019-12-08T10:21:26.170+0000][1][safepoint    ] Application time: 1.0000803 seconds
[2019-12-08T10:21:26.170+0000][1][safepoint    ] Entering safepoint region: Cleanup
[2019-12-08T10:21:26.170+0000][1][safepoint    ] Leaving safepoint region
[2019-12-08T10:21:26.170+0000][1][safepoint    ] Total time for which application threads were stopped: 0.0000872 seconds, Stopping threads took: 0.0000216 seconds
[2019-12-08T10:21:27.170+0000][1][safepoint    ] Application time: 1.0000779 seconds
[2019-12-08T10:21:27.170+0000][1][safepoint    ] Entering safepoint region: Cleanup
[2019-12-08T10:21:27.171+0000][1][safepoint    ] Leaving safepoint region
[2019-12-08T10:21:27.171+0000][1][safepoint    ] Total time for which application threads were stopped: 0.0000812 seconds, Stopping threads took: 0.0000193 seconds
[2019-12-08T10:21:28.171+0000][1][safepoint    ] Application time: 1.0000773 seconds
[2019-12-08T10:21:28.171+0000][1][safepoint    ] Entering safepoint region: Cleanup
[2019-12-08T10:21:28.171+0000][1][safepoint    ] Leaving safepoint region
[2019-12-08T10:21:28.171+0000][1][safepoint    ] Total time for which application threads were stopped: 0.0000939 seconds, Stopping threads took: 0.0000302 seconds
[2019-12-08T10:21:29.171+0000][1][safepoint    ] Application time: 1.0000763 seconds
[2019-12-08T10:21:29.171+0000][1][safepoint    ] Entering safepoint region: Cleanup
[2019-12-08T10:21:29.171+0000][1][safepoint    ] Leaving safepoint region
[2019-12-08T10:21:29.171+0000][1][safepoint    ] Total time for which application threads were stopped: 0.0000809 seconds, Stopping threads took: 0.0000183 seconds
[2019-12-08T10:21:30.171+0000][1][safepoint    ] Application time: 1.0000776 seconds
[2019-12-08T10:21:30.171+0000][1][safepoint    ] Entering safepoint region: Cleanup
[2019-12-08T10:21:30.171+0000][1][safepoint    ] Leaving safepoint region
[2019-12-08T10:21:30.171+0000][1][safepoint    ] Total time for which application threads were stopped: 0.0000800 seconds, Stopping threads took: 0.0000175 seconds
[2019-12-08T10:21:31.171+0000][1][safepoint    ] Application time: 1.0000807 seconds
[2019-12-08T10:21:31.171+0000][1][safepoint    ] Entering safepoint region: Cleanup
[2019-12-08T10:21:31.171+0000][1][safepoint    ] Leaving safepoint region
[2019-12-08T10:21:31.171+0000][1][safepoint    ] Total time for which application threads were stopped: 0.0000824 seconds, Stopping threads took: 0.0000191 seconds
[2019-12-08T10:21:32.171+0000][1][safepoint    ] Application time: 1.0000756 seconds
[2019-12-08T10:21:32.171+0000][1][safepoint    ] Entering safepoint region: Cleanup
[2019-12-08T10:21:32.172+0000][1][safepoint    ] Leaving safepoint region
[2019-12-08T10:21:32.172+0000][1][safepoint    ] Total time for which application threads were stopped: 0.0000876 seconds, Stopping threads took: 0.0000262 seconds
[2019-12-08T10:21:33.172+0000][1][safepoint    ] Application time: 1.0000761 seconds
[2019-12-08T10:21:33.172+0000][1][safepoint    ] Entering safepoint region: Cleanup
[2019-12-08T10:21:33.172+0000][1][safepoint    ] Leaving safepoint region
[2019-12-08T10:21:33.172+0000][1][safepoint    ] Total time for which application threads were stopped: 0.0000930 seconds, Stopping threads took: 0.0000263 seconds
[2019-12-08T10:21:34.172+0000][1][safepoint    ] Application time: 1.0000755 seconds
[2019-12-08T10:21:34.172+0000][1][safepoint    ] Entering safepoint region: Cleanup
[2019-12-08T10:21:34.172+0000][1][safepoint    ] Leaving safepoint region
[2019-12-08T10:21:34.172+0000][1][safepoint    ] Total time for which application threads were stopped: 0.0000861 seconds, Stopping threads took: 0.0000227 seconds
[2019-12-08T10:21:35.172+0000][1][safepoint    ] Application time: 1.0000762 seconds
[2019-12-08T10:21:35.172+0000][1][safepoint    ] Entering safepoint region: Cleanup
[2019-12-08T10:21:35.172+0000][1][safepoint    ] Leaving safepoint region
[2019-12-08T10:21:35.172+0000][1][safepoint    ] Total time for which application threads were stopped: 0.0000795 seconds, Stopping threads took: 0.0000186 seconds
[2019-12-08T10:21:36.172+0000][1][safepoint    ] Application time: 1.0000767 seconds
[2019-12-08T10:21:36.172+0000][1][safepoint    ] Entering safepoint region: Cleanup
[2019-12-08T10:21:36.172+0000][1][safepoint    ] Leaving safepoint region
[2019-12-08T10:21:36.172+0000][1][safepoint    ] Total time for which application threads were stopped: 0.0000780 seconds, Stopping threads took: 0.0000180 seconds
[2019-12-08T10:21:37.172+0000][1][safepoint    ] Application time: 1.0000767 seconds
[2019-12-08T10:21:37.172+0000][1][safepoint    ] Entering safepoint region: Cleanup
[2019-12-08T10:21:37.173+0000][1][safepoint    ] Leaving safepoint region
[2019-12-08T10:21:37.173+0000][1][safepoint    ] Total time for which application threads were stopped: 0.0000796 seconds, Stopping threads took: 0.0000190 seconds
[2019-12-08T10:21:38.173+0000][1][safepoint    ] Application time: 1.0000762 seconds
[2019-12-08T10:21:38.173+0000][1][safepoint    ] Entering safepoint region: Cleanup
[2019-12-08T10:21:38.173+0000][1][safepoint    ] Leaving safepoint region
[2019-12-08T10:21:38.173+0000][1][safepoint    ] Total time for which application threads were stopped: 0.0000983 seconds, Stopping threads took: 0.0000196 seconds
[2019-12-08T10:21:39.173+0000][1][safepoint    ] Application time: 1.0000752 seconds
[2019-12-08T10:21:39.173+0000][1][safepoint    ] Entering safepoint region: Cleanup
[2019-12-08T10:21:39.173+0000][1][safepoint    ] Leaving safepoint region
[2019-12-08T10:21:39.173+0000][1][safepoint    ] Total time for which application threads were stopped: 0.0000816 seconds, Stopping threads took: 0.0000190 seconds
[2019-12-08T10:21:40.173+0000][1][safepoint    ] Application time: 1.0000791 seconds
[2019-12-08T10:21:40.173+0000][1][safepoint    ] Entering safepoint region: Cleanup
[2019-12-08T10:21:40.173+0000][1][safepoint    ] Leaving safepoint region
[2019-12-08T10:21:40.173+0000][1][safepoint    ] Total time for which application threads were stopped: 0.0000865 seconds, Stopping threads took: 0.0000196 seconds
[2019-12-08T10:21:41.173+0000][1][safepoint    ] Application time: 1.0000779 seconds
[2019-12-08T10:21:41.173+0000][1][safepoint    ] Entering safepoint region: Cleanup
[2019-12-08T10:21:41.173+0000][1][safepoint    ] Leaving safepoint region
[2019-12-08T10:21:41.173+0000][1][safepoint    ] Total time for which application threads were stopped: 0.0000819 seconds, Stopping threads took: 0.0000187 seconds
[2019-12-08T10:21:42.173+0000][1][safepoint    ] Application time: 1.0000772 seconds
[2019-12-08T10:21:42.173+0000][1][safepoint    ] Entering safepoint region: Cleanup
[2019-12-08T10:21:42.174+0000][1][safepoint    ] Leaving safepoint region
[2019-12-08T10:21:42.174+0000][1][safepoint    ] Total time for which application threads were stopped: 0.0000803 seconds, Stopping threads took: 0.0000172 seconds
[2019-12-08T10:21:43.174+0000][1][safepoint    ] Application time: 1.0000770 seconds
[2019-12-08T10:21:43.174+0000][1][safepoint    ] Entering safepoint region: Cleanup
[2019-12-08T10:21:43.174+0000][1][safepoint    ] Leaving safepoint region
[2019-12-08T10:21:43.174+0000][1][safepoint    ] Total time for which application threads were stopped: 0.0000930 seconds, Stopping threads took: 0.0000181 seconds
[2019-12-08T10:21:44.174+0000][1][safepoint    ] Application time: 1.0000751 seconds
[2019-12-08T10:21:44.174+0000][1][safepoint    ] Entering safepoint region: Cleanup
[2019-12-08T10:21:44.174+0000][1][safepoint    ] Leaving safepoint region
[2019-12-08T10:21:44.174+0000][1][safepoint    ] Total time for which application threads were stopped: 0.0000790 seconds, Stopping threads took: 0.0000183 seconds
[2019-12-08T10:21:45.174+0000][1][safepoint    ] Application time: 1.0000770 seconds
[2019-12-08T10:21:45.174+0000][1][safepoint    ] Entering safepoint region: Cleanup
[2019-12-08T10:21:45.174+0000][1][safepoint    ] Leaving safepoint region
[2019-12-08T10:21:45.174+0000][1][safepoint    ] Total time for which application threads were stopped: 0.0000800 seconds, Stopping threads took: 0.0000192 seconds
[2019-12-08T10:21:46.174+0000][1][safepoint    ] Application time: 1.0000753 seconds
[2019-12-08T10:21:46.174+0000][1][safepoint    ] Entering safepoint region: Cleanup
[2019-12-08T10:21:46.174+0000][1][safepoint    ] Leaving safepoint region
[2019-12-08T10:21:46.174+0000][1][safepoint    ] Total time for which application threads were stopped: 0.0000902 seconds, Stopping threads took: 0.0000258 seconds
[2019-12-08T10:21:47.174+0000][1][safepoint    ] Application time: 1.0000753 seconds
[2019-12-08T10:21:47.174+0000][1][safepoint    ] Entering safepoint region: Cleanup
[2019-12-08T10:21:47.175+0000][1][safepoint    ] Leaving safepoint region
[2019-12-08T10:21:47.175+0000][1][safepoint    ] Total time for which application threads were stopped: 0.0000829 seconds, Stopping threads took: 0.0000200 seconds
[2019-12-08T10:21:48.175+0000][1][safepoint    ] Application time: 1.0000740 seconds
[2019-12-08T10:21:48.175+0000][1][safepoint    ] Entering safepoint region: Cleanup
[2019-12-08T10:21:48.175+0000][1][safepoint    ] Leaving safepoint region
[2019-12-08T10:21:48.175+0000][1][safepoint    ] Total time for which application threads were stopped: 0.0000938 seconds, Stopping threads took: 0.0000190 seconds
[2019-12-08T10:21:50.055+0000][1][safepoint    ] Application time: 1.8799294 seconds
[2019-12-08T10:21:50.055+0000][1][safepoint    ] Entering safepoint region: Cleanup
[2019-12-08T10:21:50.055+0000][1][safepoint    ] Leaving safepoint region
[2019-12-08T10:21:50.055+0000][1][safepoint    ] Total time for which application threads were stopped: 0.0000899 seconds, Stopping threads took: 0.0000183 seconds
[2019-12-08T10:21:51.055+0000][1][safepoint    ] Application time: 1.0000779 seconds
[2019-12-08T10:21:51.055+0000][1][safepoint    ] Entering safepoint region: Cleanup
[2019-12-08T10:21:51.055+0000][1][safepoint    ] Leaving safepoint region
[2019-12-08T10:21:51.055+0000][1][safepoint    ] Total time for which application threads were stopped: 0.0000905 seconds, Stopping threads took: 0.0000187 seconds
[2019-12-08T10:21:52.055+0000][1][safepoint    ] Application time: 1.0000770 seconds
[2019-12-08T10:21:52.055+0000][1][safepoint    ] Entering safepoint region: Cleanup
[2019-12-08T10:21:52.055+0000][1][safepoint    ] Leaving safepoint region
[2019-12-08T10:21:52.055+0000][1][safepoint    ] Total time for which application threads were stopped: 0.0000801 seconds, Stopping threads took: 0.0000181 seconds
[2019-12-08T10:21:53.055+0000][1][safepoint    ] Application time: 1.0000764 seconds
[2019-12-08T10:21:53.055+0000][1][safepoint    ] Entering safepoint region: Cleanup
[2019-12-08T10:21:53.055+0000][1][safepoint    ] Leaving safepoint region
[2019-12-08T10:21:53.055+0000][1][safepoint    ] Total time for which application threads were stopped: 0.0000816 seconds, Stopping threads took: 0.0000184 seconds
[2019-12-08T10:21:54.056+0000][1][safepoint    ] Application time: 1.0000772 seconds
[2019-12-08T10:21:54.056+0000][1][safepoint    ] Entering safepoint region: Cleanup
[2019-12-08T10:21:54.056+0000][1][safepoint    ] Leaving safepoint region
[2019-12-08T10:21:54.056+0000][1][safepoint    ] Total time for which application threads were stopped: 0.0000817 seconds, Stopping threads took: 0.0000184 seconds
[2019-12-08T10:21:55.056+0000][1][safepoint    ] Application time: 1.0000761 seconds
[2019-12-08T10:21:55.056+0000][1][safepoint    ] Entering safepoint region: Cleanup
[2019-12-08T10:21:55.056+0000][1][safepoint    ] Leaving safepoint region
[2019-12-08T10:21:55.056+0000][1][safepoint    ] Total time for which application threads were stopped: 0.0000845 seconds, Stopping threads took: 0.0000198 seconds
[2019-12-08T10:21:57.010+0000][1][safepoint    ] Application time: 1.9541186 seconds
[2019-12-08T10:21:57.010+0000][1][safepoint    ] Entering safepoint region: Cleanup
[2019-12-08T10:21:57.010+0000][1][safepoint    ] Leaving safepoint region
[2019-12-08T10:21:57.010+0000][1][safepoint    ] Total time for which application threads were stopped: 0.0001628 seconds, Stopping threads took: 0.0000362 seconds
[2019-12-08T10:21:58.010+0000][1][safepoint    ] Application time: 1.0000991 seconds
[2019-12-08T10:21:58.010+0000][1][safepoint    ] Entering safepoint region: Cleanup
[2019-12-08T10:21:58.010+0000][1][safepoint    ] Leaving safepoint region
[2019-12-08T10:21:58.010+0000][1][safepoint    ] Total time for which application threads were stopped: 0.0001154 seconds, Stopping threads took: 0.0000282 seconds
[2019-12-08T10:21:59.011+0000][1][safepoint    ] Application time: 1.0000892 seconds
[2019-12-08T10:21:59.011+0000][1][safepoint    ] Entering safepoint region: Cleanup
[2019-12-08T10:21:59.011+0000][1][safepoint    ] Leaving safepoint region
[2019-12-08T10:21:59.011+0000][1][safepoint    ] Total time for which application threads were stopped: 0.0000904 seconds, Stopping threads took: 0.0000222 seconds
[2019-12-08T10:22:00.011+0000][1][safepoint    ] Application time: 1.0000781 seconds
[2019-12-08T10:22:00.011+0000][1][safepoint    ] Entering safepoint region: Cleanup
[2019-12-08T10:22:00.011+0000][1][safepoint    ] Leaving safepoint region
[2019-12-08T10:22:00.011+0000][1][safepoint    ] Total time for which application threads were stopped: 0.0000900 seconds, Stopping threads took: 0.0000208 seconds
[2019-12-08T10:22:01.011+0000][1][safepoint    ] Application time: 1.0000757 seconds
[2019-12-08T10:22:01.011+0000][1][safepoint    ] Entering safepoint region: Cleanup
[2019-12-08T10:22:01.011+0000][1][safepoint    ] Leaving safepoint region
[2019-12-08T10:22:01.011+0000][1][safepoint    ] Total time for which application threads were stopped: 0.0000909 seconds, Stopping threads took: 0.0000215 seconds
[2019-12-08T10:22:02.011+0000][1][safepoint    ] Application time: 1.0000827 seconds
[2019-12-08T10:22:02.011+0000][1][safepoint    ] Entering safepoint region: Cleanup
[2019-12-08T10:22:02.011+0000][1][safepoint    ] Leaving safepoint region
[2019-12-08T10:22:02.011+0000][1][safepoint    ] Total time for which application threads were stopped: 0.0001035 seconds, Stopping threads took: 0.0000213 seconds
[2019-12-08T10:22:03.011+0000][1][safepoint    ] Application time: 1.0000835 seconds
[2019-12-08T10:22:03.011+0000][1][safepoint    ] Entering safepoint region: Cleanup
[2019-12-08T10:22:03.012+0000][1][safepoint    ] Leaving safepoint region
[2019-12-08T10:22:03.012+0000][1][safepoint    ] Total time for which application threads were stopped: 0.0000870 seconds, Stopping threads took: 0.0000199 seconds
[2019-12-08T10:22:04.012+0000][1][safepoint    ] Application time: 1.0000815 seconds
[2019-12-08T10:22:04.012+0000][1][safepoint    ] Entering safepoint region: Cleanup
[2019-12-08T10:22:04.012+0000][1][safepoint    ] Leaving safepoint region
[2019-12-08T10:22:04.012+0000][1][safepoint    ] Total time for which application threads were stopped: 0.0000996 seconds, Stopping threads took: 0.0000191 seconds
[2019-12-08T10:22:05.012+0000][1][safepoint    ] Application time: 1.0000830 seconds
[2019-12-08T10:22:05.012+0000][1][safepoint    ] Entering safepoint region: Cleanup
[2019-12-08T10:22:05.012+0000][1][safepoint    ] Leaving safepoint region
[2019-12-08T10:22:05.012+0000][1][safepoint    ] Total time for which application threads were stopped: 0.0000882 seconds, Stopping threads took: 0.0000205 seconds
[2019-12-08T10:22:06.012+0000][1][safepoint    ] Application time: 1.0000810 seconds
[2019-12-08T10:22:06.012+0000][1][safepoint    ] Entering safepoint region: Cleanup
[2019-12-08T10:22:06.012+0000][1][safepoint    ] Leaving safepoint region
[2019-12-08T10:22:06.012+0000][1][safepoint    ] Total time for which application threads were stopped: 0.0000880 seconds, Stopping threads took: 0.0000208 seconds
[2019-12-08T10:22:07.012+0000][1][safepoint    ] Application time: 1.0000826 seconds
[2019-12-08T10:22:07.012+0000][1][safepoint    ] Entering safepoint region: Cleanup
[2019-12-08T10:22:07.012+0000][1][safepoint    ] Leaving safepoint region
[2019-12-08T10:22:07.012+0000][1][safepoint    ] Total time for which application threads were stopped: 0.0001006 seconds, Stopping threads took: 0.0000234 seconds
[2019-12-08T10:22:08.013+0000][1][safepoint    ] Application time: 1.0000827 seconds
[2019-12-08T10:22:08.013+0000][1][safepoint    ] Entering safepoint region: Cleanup
[2019-12-08T10:22:08.013+0000][1][safepoint    ] Leaving safepoint region
[2019-12-08T10:22:08.013+0000][1][safepoint    ] Total time for which application threads were stopped: 0.0000857 seconds, Stopping threads took: 0.0000205 seconds
[2019-12-08T10:22:09.013+0000][1][safepoint    ] Application time: 1.0000819 seconds
[2019-12-08T10:22:09.013+0000][1][safepoint    ] Entering safepoint region: Cleanup
[2019-12-08T10:22:09.013+0000][1][safepoint    ] Leaving safepoint region
[2019-12-08T10:22:09.013+0000][1][safepoint    ] Total time for which application threads were stopped: 0.0000865 seconds, Stopping threads took: 0.0000207 seconds
[2019-12-08T10:22:10.013+0000][1][safepoint    ] Application time: 1.0000835 seconds
[2019-12-08T10:22:10.013+0000][1][safepoint    ] Entering safepoint region: Cleanup
[2019-12-08T10:22:10.013+0000][1][safepoint    ] Leaving safepoint region
[2019-12-08T10:22:10.013+0000][1][safepoint    ] Total time for which application threads were stopped: 0.0000869 seconds, Stopping threads took: 0.0000198 seconds
[2019-12-08T10:22:11.837+0000][1][safepoint    ] Application time: 1.8235134 seconds
[2019-12-08T10:22:11.837+0000][1][safepoint    ] Entering safepoint region: Cleanup
[2019-12-08T10:22:11.837+0000][1][safepoint    ] Leaving safepoint region
[2019-12-08T10:22:11.837+0000][1][safepoint    ] Total time for which application threads were stopped: 0.0001026 seconds, Stopping threads took: 0.0000215 seconds
[2019-12-08T10:22:12.837+0000][1][safepoint    ] Application time: 1.0000849 seconds
[2019-12-08T10:22:12.837+0000][1][safepoint    ] Entering safepoint region: Cleanup
[2019-12-08T10:22:12.837+0000][1][safepoint    ] Leaving safepoint region
[2019-12-08T10:22:12.837+0000][1][safepoint    ] Total time for which application threads were stopped: 0.0000919 seconds, Stopping threads took: 0.0000223 seconds
[2019-12-08T10:22:13.837+0000][1][safepoint    ] Application time: 1.0000802 seconds
[2019-12-08T10:22:13.837+0000][1][safepoint    ] Entering safepoint region: Cleanup
[2019-12-08T10:22:13.837+0000][1][safepoint    ] Leaving safepoint region
[2019-12-08T10:22:13.837+0000][1][safepoint    ] Total time for which application threads were stopped: 0.0000867 seconds, Stopping threads took: 0.0000207 seconds
[2019-12-08T10:22:14.837+0000][1][safepoint    ] Application time: 1.0000802 seconds
[2019-12-08T10:22:14.837+0000][1][safepoint    ] Entering safepoint region: Cleanup
[2019-12-08T10:22:14.837+0000][1][safepoint    ] Leaving safepoint region
[2019-12-08T10:22:14.837+0000][1][safepoint    ] Total time for which application threads were stopped: 0.0000886 seconds, Stopping threads took: 0.0000199 seconds
[2019-12-08T10:22:15.837+0000][1][safepoint    ] Application time: 1.0000746 seconds
[2019-12-08T10:22:15.837+0000][1][safepoint    ] Entering safepoint region: Cleanup
[2019-12-08T10:22:15.838+0000][1][safepoint    ] Leaving safepoint region
[2019-12-08T10:22:15.838+0000][1][safepoint    ] Total time for which application threads were stopped: 0.0000882 seconds, Stopping threads took: 0.0000210 seconds
[2019-12-08T10:22:16.838+0000][1][safepoint    ] Application time: 1.0000757 seconds
[2019-12-08T10:22:16.838+0000][1][safepoint    ] Entering safepoint region: Cleanup
[2019-12-08T10:22:16.838+0000][1][safepoint    ] Leaving safepoint region
[2019-12-08T10:22:16.838+0000][1][safepoint    ] Total time for which application threads were stopped: 0.0000883 seconds, Stopping threads took: 0.0000235 seconds
[2019-12-08T10:22:17.838+0000][1][safepoint    ] Application time: 1.0000803 seconds
[2019-12-08T10:22:17.838+0000][1][safepoint    ] Entering safepoint region: Cleanup
[2019-12-08T10:22:17.838+0000][1][safepoint    ] Leaving safepoint region
[2019-12-08T10:22:17.838+0000][1][safepoint    ] Total time for which application threads were stopped: 0.0000865 seconds, Stopping threads took: 0.0000198 seconds
[2019-12-08T10:22:18.838+0000][1][safepoint    ] Application time: 1.0000855 seconds
[2019-12-08T10:22:18.838+0000][1][safepoint    ] Entering safepoint region: Cleanup
[2019-12-08T10:22:18.838+0000][1][safepoint    ] Leaving safepoint region
[2019-12-08T10:22:18.838+0000][1][safepoint    ] Total time for which application threads were stopped: 0.0000883 seconds, Stopping threads took: 0.0000201 seconds
[2019-12-08T10:22:19.838+0000][1][safepoint    ] Application time: 1.0000794 seconds
[2019-12-08T10:22:19.838+0000][1][safepoint    ] Entering safepoint region: Cleanup
[2019-12-08T10:22:19.838+0000][1][safepoint    ] Leaving safepoint region
[2019-12-08T10:22:19.838+0000][1][safepoint    ] Total time for which application threads were stopped: 0.0000863 seconds, Stopping threads took: 0.0000217 seconds
[2019-12-08T10:22:20.839+0000][1][safepoint    ] Application time: 1.0000746 seconds
[2019-12-08T10:22:20.839+0000][1][safepoint    ] Entering safepoint region: Cleanup
[2019-12-08T10:22:20.839+0000][1][safepoint    ] Leaving safepoint region
[2019-12-08T10:22:20.839+0000][1][safepoint    ] Total time for which application threads were stopped: 0.0000861 seconds, Stopping threads took: 0.0000190 seconds
[2019-12-08T10:22:21.839+0000][1][safepoint    ] Application time: 1.0000781 seconds
[2019-12-08T10:22:21.839+0000][1][safepoint    ] Entering safepoint region: Cleanup
[2019-12-08T10:22:21.839+0000][1][safepoint    ] Leaving safepoint region
[2019-12-08T10:22:21.839+0000][1][safepoint    ] Total time for which application threads were stopped: 0.0000864 seconds, Stopping threads took: 0.0000195 seconds
[2019-12-08T10:22:22.839+0000][1][safepoint    ] Application time: 1.0000792 seconds
[2019-12-08T10:22:22.839+0000][1][safepoint    ] Entering safepoint region: Cleanup
[2019-12-08T10:22:22.839+0000][1][safepoint    ] Leaving safepoint region
[2019-12-08T10:22:22.839+0000][1][safepoint    ] Total time for which application threads were stopped: 0.0000909 seconds, Stopping threads took: 0.0000212 seconds
[2019-12-08T10:22:23.839+0000][1][safepoint    ] Application time: 1.0000827 seconds
[2019-12-08T10:22:23.839+0000][1][safepoint    ] Entering safepoint region: Cleanup
[2019-12-08T10:22:23.839+0000][1][safepoint    ] Leaving safepoint region
[2019-12-08T10:22:23.839+0000][1][safepoint    ] Total time for which application threads were stopped: 0.0000876 seconds, Stopping threads took: 0.0000205 seconds
[2019-12-08T10:22:24.839+0000][1][safepoint    ] Application time: 1.0000787 seconds
[2019-12-08T10:22:24.839+0000][1][safepoint    ] Entering safepoint region: Cleanup
[2019-12-08T10:22:24.839+0000][1][safepoint    ] Leaving safepoint region
[2019-12-08T10:22:24.839+0000][1][safepoint    ] Total time for which application threads were stopped: 0.0000891 seconds, Stopping threads took: 0.0000211 seconds
[2019-12-08T10:22:25.840+0000][1][safepoint    ] Application time: 1.0000764 seconds
[2019-12-08T10:22:25.840+0000][1][safepoint    ] Entering safepoint region: Cleanup
[2019-12-08T10:22:25.840+0000][1][safepoint    ] Leaving safepoint region
[2019-12-08T10:22:25.840+0000][1][safepoint    ] Total time for which application threads were stopped: 0.0001071 seconds, Stopping threads took: 0.0000248 seconds
[2019-12-08T10:22:26.840+0000][1][safepoint    ] Application time: 1.0000803 seconds
[2019-12-08T10:22:26.840+0000][1][safepoint    ] Entering safepoint region: Cleanup
[2019-12-08T10:22:26.840+0000][1][safepoint    ] Leaving safepoint region
[2019-12-08T10:22:26.840+0000][1][safepoint    ] Total time for which application threads were stopped: 0.0000883 seconds, Stopping threads took: 0.0000215 seconds
[2019-12-08T10:22:27.840+0000][1][safepoint    ] Application time: 1.0000814 seconds
[2019-12-08T10:22:27.840+0000][1][safepoint    ] Entering safepoint region: Cleanup
[2019-12-08T10:22:27.840+0000][1][safepoint    ] Leaving safepoint region
[2019-12-08T10:22:27.840+0000][1][safepoint    ] Total time for which application threads were stopped: 0.0001107 seconds, Stopping threads took: 0.0000406 seconds
[2019-12-08T10:22:28.840+0000][1][safepoint    ] Application time: 1.0000828 seconds
[2019-12-08T10:22:28.840+0000][1][safepoint    ] Entering safepoint region: Cleanup
[2019-12-08T10:22:28.840+0000][1][safepoint    ] Leaving safepoint region
[2019-12-08T10:22:28.840+0000][1][safepoint    ] Total time for which application threads were stopped: 0.0000901 seconds, Stopping threads took: 0.0000210 seconds
[2019-12-08T10:22:29.840+0000][1][safepoint    ] Application time: 1.0000815 seconds
[2019-12-08T10:22:29.841+0000][1][safepoint    ] Entering safepoint region: Cleanup
[2019-12-08T10:22:29.841+0000][1][safepoint    ] Leaving safepoint region
[2019-12-08T10:22:29.841+0000][1][safepoint    ] Total time for which application threads were stopped: 0.0000880 seconds, Stopping threads took: 0.0000214 seconds
[2019-12-08T10:22:30.205+0000][1][safepoint    ] Application time: 0.3642225 seconds
[2019-12-08T10:22:30.205+0000][1][safepoint    ] Entering safepoint region: GenCollectForAllocation
[2019-12-08T10:22:30.205+0000][1][gc,start     ] GC(44) Pause Young (Allocation Failure)
[2019-12-08T10:22:30.205+0000][1][gc,task      ] GC(44) Using 4 workers of 4 for evacuation
[2019-12-08T10:22:30.206+0000][1][gc,age       ] GC(44) Desired survivor size 4456448 bytes, new threshold 6 (max threshold 6)
[2019-12-08T10:22:30.206+0000][1][gc,age       ] GC(44) Age table with threshold 6 (max threshold 6)
[2019-12-08T10:22:30.206+0000][1][gc,age       ] GC(44) - age   1:       4736 bytes,       4736 total
[2019-12-08T10:22:30.206+0000][1][gc,age       ] GC(44) - age   2:       1424 bytes,       6160 total
[2019-12-08T10:22:30.206+0000][1][gc,age       ] GC(44) - age   4:         32 bytes,       6192 total
[2019-12-08T10:22:30.206+0000][1][gc,age       ] GC(44) - age   5:        808 bytes,       7000 total
[2019-12-08T10:22:30.206+0000][1][gc,age       ] GC(44) - age   6:        128 bytes,       7128 total
[2019-12-08T10:22:30.206+0000][1][gc,heap      ] GC(44) ParNew: 69964K->12K(78656K)
[2019-12-08T10:22:30.206+0000][1][gc,heap      ] GC(44) CMS: 70411K->70411K(174784K)
[2019-12-08T10:22:30.206+0000][1][gc,metaspace ] GC(44) Metaspace: 72540K->72540K(1116160K)
[2019-12-08T10:22:30.206+0000][1][gc           ] GC(44) Pause Young (Allocation Failure) 137M->68M(247M) 1.072ms
[2019-12-08T10:22:30.206+0000][1][gc,cpu       ] GC(44) User=0.00s Sys=0.00s Real=0.00s
[2019-12-08T10:22:30.206+0000][1][safepoint    ] Leaving safepoint region
[2019-12-08T10:22:30.206+0000][1][safepoint    ] Total time for which application threads were stopped: 0.0012197 seconds, Stopping threads took: 0.0000178 seconds
[2019-12-08T10:22:31.206+0000][1][safepoint    ] Application time: 1.0000851 seconds
[2019-12-08T10:22:31.206+0000][1][safepoint    ] Entering safepoint region: Cleanup
[2019-12-08T10:22:31.206+0000][1][safepoint    ] Leaving safepoint region
[2019-12-08T10:22:31.206+0000][1][safepoint    ] Total time for which application threads were stopped: 0.0000826 seconds, Stopping threads took: 0.0000214 seconds
[2019-12-08T10:22:32.208+0000][1][safepoint    ] Application time: 1.0015559 seconds
[2019-12-08T10:22:32.208+0000][1][safepoint    ] Entering safepoint region: Cleanup
[2019-12-08T10:22:32.208+0000][1][safepoint    ] Leaving safepoint region
[2019-12-08T10:22:32.208+0000][1][safepoint    ] Total time for which application threads were stopped: 0.0000852 seconds, Stopping threads took: 0.0000242 seconds
[2019-12-08T10:22:33.208+0000][1][safepoint    ] Application time: 1.0000748 seconds
[2019-12-08T10:22:33.208+0000][1][safepoint    ] Entering safepoint region: Cleanup
[2019-12-08T10:22:33.208+0000][1][safepoint    ] Leaving safepoint region
[2019-12-08T10:22:33.208+0000][1][safepoint    ] Total time for which application threads were stopped: 0.0000770 seconds, Stopping threads took: 0.0000188 seconds
[2019-12-08T10:22:34.208+0000][1][safepoint    ] Application time: 1.0000757 seconds
[2019-12-08T10:22:34.208+0000][1][safepoint    ] Entering safepoint region: Cleanup
[2019-12-08T10:22:34.208+0000][1][safepoint    ] Leaving safepoint region
[2019-12-08T10:22:34.208+0000][1][safepoint    ] Total time for which application threads were stopped: 0.0000869 seconds, Stopping threads took: 0.0000177 seconds
[2019-12-08T10:22:35.208+0000][1][safepoint    ] Application time: 1.0000802 seconds
[2019-12-08T10:22:35.208+0000][1][safepoint    ] Entering safepoint region: Cleanup
[2019-12-08T10:22:35.209+0000][1][safepoint    ] Leaving safepoint region
[2019-12-08T10:22:35.209+0000][1][safepoint    ] Total time for which application threads were stopped: 0.0000774 seconds, Stopping threads took: 0.0000192 seconds
[2019-12-08T10:22:36.209+0000][1][safepoint    ] Application time: 1.0000749 seconds
[2019-12-08T10:22:36.209+0000][1][safepoint    ] Entering safepoint region: Cleanup
[2019-12-08T10:22:36.209+0000][1][safepoint    ] Leaving safepoint region
[2019-12-08T10:22:36.209+0000][1][safepoint    ] Total time for which application threads were stopped: 0.0000911 seconds, Stopping threads took: 0.0000174 seconds
[2019-12-08T10:22:37.209+0000][1][safepoint    ] Application time: 1.0000742 seconds
[2019-12-08T10:22:37.209+0000][1][safepoint    ] Entering safepoint region: Cleanup
[2019-12-08T10:22:37.209+0000][1][safepoint    ] Leaving safepoint region
[2019-12-08T10:22:37.209+0000][1][safepoint    ] Total time for which application threads were stopped: 0.0000790 seconds, Stopping threads took: 0.0000181 seconds
[2019-12-08T10:22:38.209+0000][1][safepoint    ] Application time: 1.0000868 seconds
[2019-12-08T10:22:38.209+0000][1][safepoint    ] Entering safepoint region: Cleanup
[2019-12-08T10:22:38.209+0000][1][safepoint    ] Leaving safepoint region
[2019-12-08T10:22:38.209+0000][1][safepoint    ] Total time for which application threads were stopped: 0.0001007 seconds, Stopping threads took: 0.0000219 seconds
[2019-12-08T10:22:39.209+0000][1][safepoint    ] Application time: 1.0000857 seconds
[2019-12-08T10:22:39.209+0000][1][safepoint    ] Entering safepoint region: Cleanup
[2019-12-08T10:22:39.209+0000][1][safepoint    ] Leaving safepoint region
[2019-12-08T10:22:39.209+0000][1][safepoint    ] Total time for which application threads were stopped: 0.0000798 seconds, Stopping threads took: 0.0000174 seconds
[2019-12-08T10:22:40.209+0000][1][safepoint    ] Application time: 1.0000808 seconds
[2019-12-08T10:22:40.209+0000][1][safepoint    ] Entering safepoint region: Cleanup
[2019-12-08T10:22:40.209+0000][1][safepoint    ] Leaving safepoint region
[2019-12-08T10:22:40.210+0000][1][safepoint    ] Total time for which application threads were stopped: 0.0000832 seconds, Stopping threads took: 0.0000179 seconds
[2019-12-08T10:22:41.210+0000][1][safepoint    ] Application time: 1.0000791 seconds
[2019-12-08T10:22:41.210+0000][1][safepoint    ] Entering safepoint region: Cleanup
[2019-12-08T10:22:41.210+0000][1][safepoint    ] Leaving safepoint region
[2019-12-08T10:22:41.210+0000][1][safepoint    ] Total time for which application threads were stopped: 0.0001183 seconds, Stopping threads took: 0.0000405 seconds
[2019-12-08T10:22:42.210+0000][1][safepoint    ] Application time: 1.0000844 seconds
[2019-12-08T10:22:42.210+0000][1][safepoint    ] Entering safepoint region: Cleanup
[2019-12-08T10:22:42.210+0000][1][safepoint    ] Leaving safepoint region
[2019-12-08T10:22:42.210+0000][1][safepoint    ] Total time for which application threads were stopped: 0.0000821 seconds, Stopping threads took: 0.0000203 seconds
[2019-12-08T10:22:43.210+0000][1][safepoint    ] Application time: 1.0000742 seconds
[2019-12-08T10:22:43.210+0000][1][safepoint    ] Entering safepoint region: Cleanup
[2019-12-08T10:22:43.210+0000][1][safepoint    ] Leaving safepoint region
[2019-12-08T10:22:43.210+0000][1][safepoint    ] Total time for which application threads were stopped: 0.0001038 seconds, Stopping threads took: 0.0000232 seconds
[2019-12-08T10:22:44.210+0000][1][safepoint    ] Application time: 1.0000766 seconds
[2019-12-08T10:22:44.210+0000][1][safepoint    ] Entering safepoint region: Cleanup
[2019-12-08T10:22:44.210+0000][1][safepoint    ] Leaving safepoint region
[2019-12-08T10:22:44.210+0000][1][safepoint    ] Total time for which application threads were stopped: 0.0000795 seconds, Stopping threads took: 0.0000189 seconds
[2019-12-08T10:22:45.210+0000][1][safepoint    ] Application time: 1.0000787 seconds
[2019-12-08T10:22:45.210+0000][1][safepoint    ] Entering safepoint region: Cleanup
[2019-12-08T10:22:45.211+0000][1][safepoint    ] Leaving safepoint region
[2019-12-08T10:22:45.211+0000][1][safepoint    ] Total time for which application threads were stopped: 0.0000872 seconds, Stopping threads took: 0.0000188 seconds
[2019-12-08T10:22:46.211+0000][1][safepoint    ] Application time: 1.0000839 seconds
[2019-12-08T10:22:46.211+0000][1][safepoint    ] Entering safepoint region: Cleanup
[2019-12-08T10:22:46.211+0000][1][safepoint    ] Leaving safepoint region
[2019-12-08T10:22:46.211+0000][1][safepoint    ] Total time for which application threads were stopped: 0.0001371 seconds, Stopping threads took: 0.0000392 seconds
[2019-12-08T10:22:47.211+0000][1][safepoint    ] Application time: 1.0000741 seconds
[2019-12-08T10:22:47.211+0000][1][safepoint    ] Entering safepoint region: Cleanup
[2019-12-08T10:22:47.211+0000][1][safepoint    ] Leaving safepoint region
[2019-12-08T10:22:47.211+0000][1][safepoint    ] Total time for which application threads were stopped: 0.0000900 seconds, Stopping threads took: 0.0000255 seconds
[2019-12-08T10:22:48.211+0000][1][safepoint    ] Application time: 1.0000754 seconds
[2019-12-08T10:22:48.211+0000][1][safepoint    ] Entering safepoint region: Cleanup
[2019-12-08T10:22:48.211+0000][1][safepoint    ] Leaving safepoint region
[2019-12-08T10:22:48.211+0000][1][safepoint    ] Total time for which application threads were stopped: 0.0000835 seconds, Stopping threads took: 0.0000195 seconds
[2019-12-08T10:22:49.211+0000][1][safepoint    ] Application time: 1.0000883 seconds
[2019-12-08T10:22:49.211+0000][1][safepoint    ] Entering safepoint region: Cleanup
[2019-12-08T10:22:49.211+0000][1][safepoint    ] Leaving safepoint region
[2019-12-08T10:22:49.211+0000][1][safepoint    ] Total time for which application threads were stopped: 0.0000800 seconds, Stopping threads took: 0.0000183 seconds
[2019-12-08T10:22:50.211+0000][1][safepoint    ] Application time: 1.0000750 seconds
[2019-12-08T10:22:50.212+0000][1][safepoint    ] Entering safepoint region: Cleanup
[2019-12-08T10:22:50.212+0000][1][safepoint    ] Leaving safepoint region
[2019-12-08T10:22:50.212+0000][1][safepoint    ] Total time for which application threads were stopped: 0.0000844 seconds, Stopping threads took: 0.0000179 seconds
[2019-12-08T10:22:51.212+0000][1][safepoint    ] Application time: 1.0000756 seconds
[2019-12-08T10:22:51.212+0000][1][safepoint    ] Entering safepoint region: Cleanup
[2019-12-08T10:22:51.212+0000][1][safepoint    ] Leaving safepoint region
[2019-12-08T10:22:51.212+0000][1][safepoint    ] Total time for which application threads were stopped: 0.0000771 seconds, Stopping threads took: 0.0000186 seconds
[2019-12-08T10:22:52.212+0000][1][safepoint    ] Application time: 1.0000824 seconds
[2019-12-08T10:22:52.212+0000][1][safepoint    ] Entering safepoint region: Cleanup
[2019-12-08T10:22:52.212+0000][1][safepoint    ] Leaving safepoint region
[2019-12-08T10:22:52.212+0000][1][safepoint    ] Total time for which application threads were stopped: 0.0001132 seconds, Stopping threads took: 0.0000243 seconds
[2019-12-08T10:22:53.212+0000][1][safepoint    ] Application time: 1.0000800 seconds
[2019-12-08T10:22:53.212+0000][1][safepoint    ] Entering safepoint region: Cleanup
[2019-12-08T10:22:53.212+0000][1][safepoint    ] Leaving safepoint region
[2019-12-08T10:22:53.212+0000][1][safepoint    ] Total time for which application threads were stopped: 0.0000807 seconds, Stopping threads took: 0.0000189 seconds
[2019-12-08T10:22:54.212+0000][1][safepoint    ] Application time: 1.0000821 seconds
[2019-12-08T10:22:54.212+0000][1][safepoint    ] Entering safepoint region: Cleanup
[2019-12-08T10:22:54.212+0000][1][safepoint    ] Leaving safepoint region
[2019-12-08T10:22:54.212+0000][1][safepoint    ] Total time for which application threads were stopped: 0.0000826 seconds, Stopping threads took: 0.0000193 seconds
[2019-12-08T10:22:55.213+0000][1][safepoint    ] Application time: 1.0000784 seconds
[2019-12-08T10:22:55.213+0000][1][safepoint    ] Entering safepoint region: Cleanup
[2019-12-08T10:22:55.213+0000][1][safepoint    ] Leaving safepoint region
[2019-12-08T10:22:55.213+0000][1][safepoint    ] Total time for which application threads were stopped: 0.0000797 seconds, Stopping threads took: 0.0000178 seconds
[2019-12-08T10:22:56.213+0000][1][safepoint    ] Application time: 1.0000945 seconds
[2019-12-08T10:22:56.213+0000][1][safepoint    ] Entering safepoint region: Cleanup
[2019-12-08T10:22:56.213+0000][1][safepoint    ] Leaving safepoint region
[2019-12-08T10:22:56.213+0000][1][safepoint    ] Total time for which application threads were stopped: 0.0000858 seconds, Stopping threads took: 0.0000198 seconds
[2019-12-08T10:22:57.213+0000][1][safepoint    ] Application time: 1.0000785 seconds
[2019-12-08T10:22:57.213+0000][1][safepoint    ] Entering safepoint region: Cleanup
[2019-12-08T10:22:57.213+0000][1][safepoint    ] Leaving safepoint region
[2019-12-08T10:22:57.213+0000][1][safepoint    ] Total time for which application threads were stopped: 0.0000785 seconds, Stopping threads took: 0.0000168 seconds
[2019-12-08T10:22:58.213+0000][1][safepoint    ] Application time: 1.0000796 seconds
[2019-12-08T10:22:58.213+0000][1][safepoint    ] Entering safepoint region: Cleanup
[2019-12-08T10:22:58.213+0000][1][safepoint    ] Leaving safepoint region
[2019-12-08T10:22:58.213+0000][1][safepoint    ] Total time for which application threads were stopped: 0.0000823 seconds, Stopping threads took: 0.0000190 seconds
[2019-12-08T10:22:59.213+0000][1][safepoint    ] Application time: 1.0000784 seconds
[2019-12-08T10:22:59.213+0000][1][safepoint    ] Entering safepoint region: Cleanup
[2019-12-08T10:22:59.213+0000][1][safepoint    ] Leaving safepoint region
[2019-12-08T10:22:59.213+0000][1][safepoint    ] Total time for which application threads were stopped: 0.0000792 seconds, Stopping threads took: 0.0000189 seconds
[2019-12-08T10:23:00.213+0000][1][safepoint    ] Application time: 1.0000836 seconds
[2019-12-08T10:23:00.214+0000][1][safepoint    ] Entering safepoint region: Cleanup
[2019-12-08T10:23:00.214+0000][1][safepoint    ] Leaving safepoint region
[2019-12-08T10:23:00.214+0000][1][safepoint    ] Total time for which application threads were stopped: 0.0000821 seconds, Stopping threads took: 0.0000197 seconds
[2019-12-08T10:23:01.214+0000][1][safepoint    ] Application time: 1.0000967 seconds
[2019-12-08T10:23:01.214+0000][1][safepoint    ] Entering safepoint region: Cleanup
[2019-12-08T10:23:01.214+0000][1][safepoint    ] Leaving safepoint region
[2019-12-08T10:23:01.214+0000][1][safepoint    ] Total time for which application threads were stopped: 0.0000872 seconds, Stopping threads took: 0.0000209 seconds
[2019-12-08T10:23:02.214+0000][1][safepoint    ] Application time: 1.0000849 seconds
[2019-12-08T10:23:02.214+0000][1][safepoint    ] Entering safepoint region: Cleanup
[2019-12-08T10:23:02.214+0000][1][safepoint    ] Leaving safepoint region
[2019-12-08T10:23:02.214+0000][1][safepoint    ] Total time for which application threads were stopped: 0.0000969 seconds, Stopping threads took: 0.0000235 seconds
[2019-12-08T10:23:03.214+0000][1][safepoint    ] Application time: 1.0000774 seconds
[2019-12-08T10:23:03.214+0000][1][safepoint    ] Entering safepoint region: Cleanup
[2019-12-08T10:23:03.214+0000][1][safepoint    ] Leaving safepoint region
[2019-12-08T10:23:03.214+0000][1][safepoint    ] Total time for which application threads were stopped: 0.0000795 seconds, Stopping threads took: 0.0000183 seconds
[2019-12-08T10:23:04.214+0000][1][safepoint    ] Application time: 1.0000824 seconds
[2019-12-08T10:23:04.214+0000][1][safepoint    ] Entering safepoint region: Cleanup
[2019-12-08T10:23:04.214+0000][1][safepoint    ] Leaving safepoint region
[2019-12-08T10:23:04.214+0000][1][safepoint    ] Total time for which application threads were stopped: 0.0000871 seconds, Stopping threads took: 0.0000195 seconds
[2019-12-08T10:23:05.215+0000][1][safepoint    ] Application time: 1.0000809 seconds
[2019-12-08T10:23:05.215+0000][1][safepoint    ] Entering safepoint region: Cleanup
[2019-12-08T10:23:05.215+0000][1][safepoint    ] Leaving safepoint region
[2019-12-08T10:23:05.215+0000][1][safepoint    ] Total time for which application threads were stopped: 0.0000805 seconds, Stopping threads took: 0.0000178 seconds
[2019-12-08T10:23:06.215+0000][1][safepoint    ] Application time: 1.0000984 seconds
[2019-12-08T10:23:06.215+0000][1][safepoint    ] Entering safepoint region: Cleanup
[2019-12-08T10:23:06.215+0000][1][safepoint    ] Leaving safepoint region
[2019-12-08T10:23:06.215+0000][1][safepoint    ] Total time for which application threads were stopped: 0.0000854 seconds, Stopping threads took: 0.0000189 seconds
[2019-12-08T10:23:07.215+0000][1][safepoint    ] Application time: 1.0000783 seconds
[2019-12-08T10:23:07.215+0000][1][safepoint    ] Entering safepoint region: Cleanup
[2019-12-08T10:23:07.215+0000][1][safepoint    ] Leaving safepoint region
[2019-12-08T10:23:07.215+0000][1][safepoint    ] Total time for which application threads were stopped: 0.0000864 seconds, Stopping threads took: 0.0000203 seconds
[2019-12-08T10:23:08.215+0000][1][safepoint    ] Application time: 1.0000804 seconds
[2019-12-08T10:23:08.215+0000][1][safepoint    ] Entering safepoint region: Cleanup
[2019-12-08T10:23:08.215+0000][1][safepoint    ] Leaving safepoint region
[2019-12-08T10:23:08.215+0000][1][safepoint    ] Total time for which application threads were stopped: 0.0000842 seconds, Stopping threads took: 0.0000192 seconds
[2019-12-08T10:23:09.215+0000][1][safepoint    ] Application time: 1.0000788 seconds
[2019-12-08T10:23:09.215+0000][1][safepoint    ] Entering safepoint region: Cleanup
[2019-12-08T10:23:09.216+0000][1][safepoint    ] Leaving safepoint region
[2019-12-08T10:23:09.216+0000][1][safepoint    ] Total time for which application threads were stopped: 0.0000820 seconds, Stopping threads took: 0.0000181 seconds
[2019-12-08T10:23:10.216+0000][1][safepoint    ] Application time: 1.0000879 seconds
[2019-12-08T10:23:10.216+0000][1][safepoint    ] Entering safepoint region: Cleanup
[2019-12-08T10:23:10.216+0000][1][safepoint    ] Leaving safepoint region
[2019-12-08T10:23:10.216+0000][1][safepoint    ] Total time for which application threads were stopped: 0.0000993 seconds, Stopping threads took: 0.0000216 seconds
[2019-12-08T10:23:11.216+0000][1][safepoint    ] Application time: 1.0000766 seconds
[2019-12-08T10:23:11.216+0000][1][safepoint    ] Entering safepoint region: Cleanup
[2019-12-08T10:23:11.216+0000][1][safepoint    ] Leaving safepoint region
[2019-12-08T10:23:11.216+0000][1][safepoint    ] Total time for which application threads were stopped: 0.0000910 seconds, Stopping threads took: 0.0000198 seconds
[2019-12-08T10:23:13.055+0000][1][safepoint    ] Application time: 1.8387781 seconds
[2019-12-08T10:23:13.055+0000][1][safepoint    ] Entering safepoint region: Cleanup
[2019-12-08T10:23:13.055+0000][1][safepoint    ] Leaving safepoint region
[2019-12-08T10:23:13.055+0000][1][safepoint    ] Total time for which application threads were stopped: 0.0000808 seconds, Stopping threads took: 0.0000183 seconds
[2019-12-08T10:23:14.055+0000][1][safepoint    ] Application time: 1.0000765 seconds
[2019-12-08T10:23:14.055+0000][1][safepoint    ] Entering safepoint region: Cleanup
[2019-12-08T10:23:14.055+0000][1][safepoint    ] Leaving safepoint region
[2019-12-08T10:23:14.055+0000][1][safepoint    ] Total time for which application threads were stopped: 0.0000775 seconds, Stopping threads took: 0.0000178 seconds
[2019-12-08T10:23:15.055+0000][1][safepoint    ] Application time: 1.0000773 seconds
[2019-12-08T10:23:15.055+0000][1][safepoint    ] Entering safepoint region: Cleanup
[2019-12-08T10:23:15.055+0000][1][safepoint    ] Leaving safepoint region
[2019-12-08T10:23:15.055+0000][1][safepoint    ] Total time for which application threads were stopped: 0.0000775 seconds, Stopping threads took: 0.0000180 seconds
[2019-12-08T10:23:16.055+0000][1][safepoint    ] Application time: 1.0000776 seconds
[2019-12-08T10:23:16.055+0000][1][safepoint    ] Entering safepoint region: Cleanup
[2019-12-08T10:23:16.055+0000][1][safepoint    ] Leaving safepoint region
[2019-12-08T10:23:16.055+0000][1][safepoint    ] Total time for which application threads were stopped: 0.0000772 seconds, Stopping threads took: 0.0000179 seconds
[2019-12-08T10:23:17.055+0000][1][safepoint    ] Application time: 1.0000776 seconds
[2019-12-08T10:23:17.056+0000][1][safepoint    ] Entering safepoint region: Cleanup
[2019-12-08T10:23:17.056+0000][1][safepoint    ] Leaving safepoint region
[2019-12-08T10:23:17.056+0000][1][safepoint    ] Total time for which application threads were stopped: 0.0000762 seconds, Stopping threads took: 0.0000179 seconds
[2019-12-08T10:23:18.056+0000][1][safepoint    ] Application time: 1.0000882 seconds
[2019-12-08T10:23:18.056+0000][1][safepoint    ] Entering safepoint region: Cleanup
[2019-12-08T10:23:18.056+0000][1][safepoint    ] Leaving safepoint region
[2019-12-08T10:23:18.056+0000][1][safepoint    ] Total time for which application threads were stopped: 0.0000759 seconds, Stopping threads took: 0.0000168 seconds
[2019-12-08T10:23:19.056+0000][1][safepoint    ] Application time: 1.0000817 seconds
[2019-12-08T10:23:19.056+0000][1][safepoint    ] Entering safepoint region: Cleanup
[2019-12-08T10:23:19.056+0000][1][safepoint    ] Leaving safepoint region
[2019-12-08T10:23:19.056+0000][1][safepoint    ] Total time for which application threads were stopped: 0.0000824 seconds, Stopping threads took: 0.0000199 seconds
[2019-12-08T10:23:20.056+0000][1][safepoint    ] Application time: 1.0000985 seconds
[2019-12-08T10:23:20.056+0000][1][safepoint    ] Entering safepoint region: Cleanup
[2019-12-08T10:23:20.056+0000][1][safepoint    ] Leaving safepoint region
[2019-12-08T10:23:20.056+0000][1][safepoint    ] Total time for which application threads were stopped: 0.0000845 seconds, Stopping threads took: 0.0000193 seconds
[2019-12-08T10:23:21.056+0000][1][safepoint    ] Application time: 1.0001205 seconds
[2019-12-08T10:23:21.056+0000][1][safepoint    ] Entering safepoint region: Cleanup
[2019-12-08T10:23:21.056+0000][1][safepoint    ] Leaving safepoint region
[2019-12-08T10:23:21.056+0000][1][safepoint    ] Total time for which application threads were stopped: 0.0001089 seconds, Stopping threads took: 0.0000241 seconds
[2019-12-08T10:23:22.057+0000][1][safepoint    ] Application time: 1.0000762 seconds
[2019-12-08T10:23:22.057+0000][1][safepoint    ] Entering safepoint region: Cleanup
[2019-12-08T10:23:22.057+0000][1][safepoint    ] Leaving safepoint region
[2019-12-08T10:23:22.057+0000][1][safepoint    ] Total time for which application threads were stopped: 0.0000903 seconds, Stopping threads took: 0.0000186 seconds
[2019-12-08T10:23:23.057+0000][1][safepoint    ] Application time: 1.0000948 seconds
[2019-12-08T10:23:23.057+0000][1][safepoint    ] Entering safepoint region: Cleanup
[2019-12-08T10:23:23.057+0000][1][safepoint    ] Leaving safepoint region
[2019-12-08T10:23:23.057+0000][1][safepoint    ] Total time for which application threads were stopped: 0.0000796 seconds, Stopping threads took: 0.0000185 seconds
[2019-12-08T10:23:24.057+0000][1][safepoint    ] Application time: 1.0000765 seconds
[2019-12-08T10:23:24.057+0000][1][safepoint    ] Entering safepoint region: Cleanup
[2019-12-08T10:23:24.057+0000][1][safepoint    ] Leaving safepoint region
[2019-12-08T10:23:24.057+0000][1][safepoint    ] Total time for which application threads were stopped: 0.0000803 seconds, Stopping threads took: 0.0000188 seconds
[2019-12-08T10:23:25.057+0000][1][safepoint    ] Application time: 1.0000793 seconds
[2019-12-08T10:23:25.057+0000][1][safepoint    ] Entering safepoint region: Cleanup
[2019-12-08T10:23:25.057+0000][1][safepoint    ] Leaving safepoint region
[2019-12-08T10:23:25.057+0000][1][safepoint    ] Total time for which application threads were stopped: 0.0000820 seconds, Stopping threads took: 0.0000185 seconds
[2019-12-08T10:23:26.057+0000][1][safepoint    ] Application time: 1.0000769 seconds
[2019-12-08T10:23:26.057+0000][1][safepoint    ] Entering safepoint region: Cleanup
[2019-12-08T10:23:26.057+0000][1][safepoint    ] Leaving safepoint region
[2019-12-08T10:23:26.057+0000][1][safepoint    ] Total time for which application threads were stopped: 0.0000799 seconds, Stopping threads took: 0.0000175 seconds
[2019-12-08T10:23:27.058+0000][1][safepoint    ] Application time: 1.0000765 seconds
[2019-12-08T10:23:27.058+0000][1][safepoint    ] Entering safepoint region: Cleanup
[2019-12-08T10:23:27.058+0000][1][safepoint    ] Leaving safepoint region
[2019-12-08T10:23:27.058+0000][1][safepoint    ] Total time for which application threads were stopped: 0.0000831 seconds, Stopping threads took: 0.0000189 seconds
[2019-12-08T10:23:28.058+0000][1][safepoint    ] Application time: 1.0000825 seconds
[2019-12-08T10:23:28.058+0000][1][safepoint    ] Entering safepoint region: Cleanup
[2019-12-08T10:23:28.058+0000][1][safepoint    ] Leaving safepoint region
[2019-12-08T10:23:28.058+0000][1][safepoint    ] Total time for which application threads were stopped: 0.0000891 seconds, Stopping threads took: 0.0000197 seconds
[2019-12-08T10:23:29.058+0000][1][safepoint    ] Application time: 1.0000756 seconds
[2019-12-08T10:23:29.058+0000][1][safepoint    ] Entering safepoint region: Cleanup
[2019-12-08T10:23:29.058+0000][1][safepoint    ] Leaving safepoint region
[2019-12-08T10:23:29.058+0000][1][safepoint    ] Total time for which application threads were stopped: 0.0000817 seconds, Stopping threads took: 0.0000193 seconds
[2019-12-08T10:23:30.058+0000][1][safepoint    ] Application time: 1.0000765 seconds
[2019-12-08T10:23:30.058+0000][1][safepoint    ] Entering safepoint region: Cleanup
[2019-12-08T10:23:30.058+0000][1][safepoint    ] Leaving safepoint region
[2019-12-08T10:23:30.058+0000][1][safepoint    ] Total time for which application threads were stopped: 0.0000815 seconds, Stopping threads took: 0.0000192 seconds
[2019-12-08T10:23:31.058+0000][1][safepoint    ] Application time: 1.0000759 seconds
[2019-12-08T10:23:31.058+0000][1][safepoint    ] Entering safepoint region: Cleanup
[2019-12-08T10:23:31.058+0000][1][safepoint    ] Leaving safepoint region
[2019-12-08T10:23:31.058+0000][1][safepoint    ] Total time for which application threads were stopped: 0.0000819 seconds, Stopping threads took: 0.0000198 seconds
[2019-12-08T10:23:32.058+0000][1][safepoint    ] Application time: 1.0000768 seconds
[2019-12-08T10:23:32.058+0000][1][safepoint    ] Entering safepoint region: Cleanup
[2019-12-08T10:23:32.059+0000][1][safepoint    ] Leaving safepoint region
[2019-12-08T10:23:32.059+0000][1][safepoint    ] Total time for which application threads were stopped: 0.0000867 seconds, Stopping threads took: 0.0000236 seconds
[2019-12-08T10:23:33.059+0000][1][safepoint    ] Application time: 1.0000774 seconds
[2019-12-08T10:23:33.059+0000][1][safepoint    ] Entering safepoint region: Cleanup
[2019-12-08T10:23:33.059+0000][1][safepoint    ] Leaving safepoint region
[2019-12-08T10:23:33.059+0000][1][safepoint    ] Total time for which application threads were stopped: 0.0000932 seconds, Stopping threads took: 0.0000200 seconds
[2019-12-08T10:23:34.059+0000][1][safepoint    ] Application time: 1.0000757 seconds
[2019-12-08T10:23:34.059+0000][1][safepoint    ] Entering safepoint region: Cleanup
[2019-12-08T10:23:34.059+0000][1][safepoint    ] Leaving safepoint region
[2019-12-08T10:23:34.059+0000][1][safepoint    ] Total time for which application threads were stopped: 0.0000800 seconds, Stopping threads took: 0.0000180 seconds
[2019-12-08T10:23:35.059+0000][1][safepoint    ] Application time: 1.0000772 seconds
[2019-12-08T10:23:35.059+0000][1][safepoint    ] Entering safepoint region: Cleanup
[2019-12-08T10:23:35.059+0000][1][safepoint    ] Leaving safepoint region
[2019-12-08T10:23:35.059+0000][1][safepoint    ] Total time for which application threads were stopped: 0.0000810 seconds, Stopping threads took: 0.0000181 seconds
[2019-12-08T10:23:36.059+0000][1][safepoint    ] Application time: 1.0000764 seconds
[2019-12-08T10:23:36.059+0000][1][safepoint    ] Entering safepoint region: Cleanup
[2019-12-08T10:23:36.059+0000][1][safepoint    ] Leaving safepoint region
[2019-12-08T10:23:36.059+0000][1][safepoint    ] Total time for which application threads were stopped: 0.0000816 seconds, Stopping threads took: 0.0000181 seconds
[2019-12-08T10:23:37.059+0000][1][safepoint    ] Application time: 1.0000772 seconds
[2019-12-08T10:23:37.059+0000][1][safepoint    ] Entering safepoint region: Cleanup
[2019-12-08T10:23:37.059+0000][1][safepoint    ] Leaving safepoint region
[2019-12-08T10:23:37.059+0000][1][safepoint    ] Total time for which application threads were stopped: 0.0000818 seconds, Stopping threads took: 0.0000203 seconds
[2019-12-08T10:23:38.060+0000][1][safepoint    ] Application time: 1.0000767 seconds
[2019-12-08T10:23:38.060+0000][1][safepoint    ] Entering safepoint region: Cleanup
[2019-12-08T10:23:38.060+0000][1][safepoint    ] Leaving safepoint region
[2019-12-08T10:23:38.060+0000][1][safepoint    ] Total time for which application threads were stopped: 0.0000779 seconds, Stopping threads took: 0.0000176 seconds
[2019-12-08T10:23:39.060+0000][1][safepoint    ] Application time: 1.0000808 seconds
[2019-12-08T10:23:39.060+0000][1][safepoint    ] Entering safepoint region: Cleanup
[2019-12-08T10:23:39.060+0000][1][safepoint    ] Leaving safepoint region
[2019-12-08T10:23:39.060+0000][1][safepoint    ] Total time for which application threads were stopped: 0.0000893 seconds, Stopping threads took: 0.0000218 seconds
[2019-12-08T10:23:40.060+0000][1][safepoint    ] Application time: 1.0000764 seconds
[2019-12-08T10:23:40.060+0000][1][safepoint    ] Entering safepoint region: Cleanup
[2019-12-08T10:23:40.060+0000][1][safepoint    ] Leaving safepoint region
[2019-12-08T10:23:40.060+0000][1][safepoint    ] Total time for which application threads were stopped: 0.0000952 seconds, Stopping threads took: 0.0000206 seconds
[2019-12-08T10:23:41.060+0000][1][safepoint    ] Application time: 1.0000789 seconds
[2019-12-08T10:23:41.060+0000][1][safepoint    ] Entering safepoint region: Cleanup
[2019-12-08T10:23:41.060+0000][1][safepoint    ] Leaving safepoint region
[2019-12-08T10:23:41.060+0000][1][safepoint    ] Total time for which application threads were stopped: 0.0000999 seconds, Stopping threads took: 0.0000233 seconds
[2019-12-08T10:23:42.060+0000][1][safepoint    ] Application time: 1.0000773 seconds
[2019-12-08T10:23:42.060+0000][1][safepoint    ] Entering safepoint region: Cleanup
[2019-12-08T10:23:42.061+0000][1][safepoint    ] Leaving safepoint region
[2019-12-08T10:23:42.061+0000][1][safepoint    ] Total time for which application threads were stopped: 0.0000943 seconds, Stopping threads took: 0.0000225 seconds
[2019-12-08T10:23:43.061+0000][1][safepoint    ] Application time: 1.0000778 seconds
[2019-12-08T10:23:43.061+0000][1][safepoint    ] Entering safepoint region: Cleanup
[2019-12-08T10:23:43.061+0000][1][safepoint    ] Leaving safepoint region
[2019-12-08T10:23:43.061+0000][1][safepoint    ] Total time for which application threads were stopped: 0.0001027 seconds, Stopping threads took: 0.0000360 seconds
[2019-12-08T10:23:44.061+0000][1][safepoint    ] Application time: 1.0000774 seconds
[2019-12-08T10:23:44.061+0000][1][safepoint    ] Entering safepoint region: Cleanup
[2019-12-08T10:23:44.061+0000][1][safepoint    ] Leaving safepoint region
[2019-12-08T10:23:44.061+0000][1][safepoint    ] Total time for which application threads were stopped: 0.0000905 seconds, Stopping threads took: 0.0000212 seconds
[2019-12-08T10:23:45.061+0000][1][safepoint    ] Application time: 1.0000784 seconds
[2019-12-08T10:23:45.061+0000][1][safepoint    ] Entering safepoint region: Cleanup
[2019-12-08T10:23:45.061+0000][1][safepoint    ] Leaving safepoint region
[2019-12-08T10:23:45.061+0000][1][safepoint    ] Total time for which application threads were stopped: 0.0000958 seconds, Stopping threads took: 0.0000221 seconds
[2019-12-08T10:23:46.061+0000][1][safepoint    ] Application time: 1.0000803 seconds
[2019-12-08T10:23:46.061+0000][1][safepoint    ] Entering safepoint region: Cleanup
[2019-12-08T10:23:46.061+0000][1][safepoint    ] Leaving safepoint region
[2019-12-08T10:23:46.061+0000][1][safepoint    ] Total time for which application threads were stopped: 0.0000871 seconds, Stopping threads took: 0.0000203 seconds
[2019-12-08T10:23:47.062+0000][1][safepoint    ] Application time: 1.0000760 seconds
[2019-12-08T10:23:47.062+0000][1][safepoint    ] Entering safepoint region: Cleanup
[2019-12-08T10:23:47.062+0000][1][safepoint    ] Leaving safepoint region
[2019-12-08T10:23:47.062+0000][1][safepoint    ] Total time for which application threads were stopped: 0.0000946 seconds, Stopping threads took: 0.0000269 seconds
[2019-12-08T10:23:48.062+0000][1][safepoint    ] Application time: 1.0000780 seconds
[2019-12-08T10:23:48.062+0000][1][safepoint    ] Entering safepoint region: Cleanup
[2019-12-08T10:23:48.062+0000][1][safepoint    ] Leaving safepoint region
[2019-12-08T10:23:48.062+0000][1][safepoint    ] Total time for which application threads were stopped: 0.0000919 seconds, Stopping threads took: 0.0000218 seconds
[2019-12-08T10:23:49.062+0000][1][safepoint    ] Application time: 1.0000756 seconds
[2019-12-08T10:23:49.062+0000][1][safepoint    ] Entering safepoint region: Cleanup
[2019-12-08T10:23:49.062+0000][1][safepoint    ] Leaving safepoint region
[2019-12-08T10:23:49.062+0000][1][safepoint    ] Total time for which application threads were stopped: 0.0000872 seconds, Stopping threads took: 0.0000210 seconds
[2019-12-08T10:23:50.062+0000][1][safepoint    ] Application time: 1.0000791 seconds
[2019-12-08T10:23:50.062+0000][1][safepoint    ] Entering safepoint region: Cleanup
[2019-12-08T10:23:50.062+0000][1][safepoint    ] Leaving safepoint region
[2019-12-08T10:23:50.062+0000][1][safepoint    ] Total time for which application threads were stopped: 0.0000897 seconds, Stopping threads took: 0.0000209 seconds
[2019-12-08T10:23:51.062+0000][1][safepoint    ] Application time: 1.0000788 seconds
[2019-12-08T10:23:51.062+0000][1][safepoint    ] Entering safepoint region: Cleanup
[2019-12-08T10:23:51.062+0000][1][safepoint    ] Leaving safepoint region
[2019-12-08T10:23:51.062+0000][1][safepoint    ] Total time for which application threads were stopped: 0.0000893 seconds, Stopping threads took: 0.0000209 seconds
[2019-12-08T10:23:52.063+0000][1][safepoint    ] Application time: 1.0000771 seconds
[2019-12-08T10:23:52.063+0000][1][safepoint    ] Entering safepoint region: Cleanup
[2019-12-08T10:23:52.063+0000][1][safepoint    ] Leaving safepoint region
[2019-12-08T10:23:52.063+0000][1][safepoint    ] Total time for which application threads were stopped: 0.0000988 seconds, Stopping threads took: 0.0000209 seconds
[2019-12-08T10:23:53.063+0000][1][safepoint    ] Application time: 1.0000828 seconds
[2019-12-08T10:23:53.063+0000][1][safepoint    ] Entering safepoint region: Cleanup
[2019-12-08T10:23:53.063+0000][1][safepoint    ] Leaving safepoint region
[2019-12-08T10:23:53.063+0000][1][safepoint    ] Total time for which application threads were stopped: 0.0000895 seconds, Stopping threads took: 0.0000214 seconds
[2019-12-08T10:23:54.063+0000][1][safepoint    ] Application time: 1.0000815 seconds
[2019-12-08T10:23:54.063+0000][1][safepoint    ] Entering safepoint region: Cleanup
[2019-12-08T10:23:54.063+0000][1][safepoint    ] Leaving safepoint region
[2019-12-08T10:23:54.063+0000][1][safepoint    ] Total time for which application threads were stopped: 0.0000888 seconds, Stopping threads took: 0.0000208 seconds
[2019-12-08T10:23:55.063+0000][1][safepoint    ] Application time: 1.0000792 seconds
[2019-12-08T10:23:55.063+0000][1][safepoint    ] Entering safepoint region: Cleanup
[2019-12-08T10:23:55.063+0000][1][safepoint    ] Leaving safepoint region
[2019-12-08T10:23:55.063+0000][1][safepoint    ] Total time for which application threads were stopped: 0.0000860 seconds, Stopping threads took: 0.0000200 seconds
[2019-12-08T10:23:55.245+0000][1][safepoint    ] Application time: 0.1814870 seconds
[2019-12-08T10:23:55.245+0000][1][safepoint    ] Entering safepoint region: GenCollectForAllocation
[2019-12-08T10:23:55.245+0000][1][gc,start     ] GC(45) Pause Young (Allocation Failure)
[2019-12-08T10:23:55.245+0000][1][gc,task      ] GC(45) Using 4 workers of 4 for evacuation
[2019-12-08T10:23:55.246+0000][1][gc,age       ] GC(45) Desired survivor size 4456448 bytes, new threshold 6 (max threshold 6)
[2019-12-08T10:23:55.246+0000][1][gc,age       ] GC(45) Age table with threshold 6 (max threshold 6)
[2019-12-08T10:23:55.246+0000][1][gc,age       ] GC(45) - age   1:       6128 bytes,       6128 total
[2019-12-08T10:23:55.246+0000][1][gc,age       ] GC(45) - age   3:       1392 bytes,       7520 total
[2019-12-08T10:23:55.246+0000][1][gc,age       ] GC(45) - age   6:        808 bytes,       8328 total
[2019-12-08T10:23:55.246+0000][1][gc,heap      ] GC(45) ParNew: 69964K->12K(78656K)
[2019-12-08T10:23:55.246+0000][1][gc,heap      ] GC(45) CMS: 70411K->70411K(174784K)
[2019-12-08T10:23:55.246+0000][1][gc,metaspace ] GC(45) Metaspace: 72545K->72545K(1116160K)
[2019-12-08T10:23:55.246+0000][1][gc           ] GC(45) Pause Young (Allocation Failure) 137M->68M(247M) 1.277ms
[2019-12-08T10:23:55.246+0000][1][gc,cpu       ] GC(45) User=0.00s Sys=0.00s Real=0.00s
[2019-12-08T10:23:55.246+0000][1][safepoint    ] Leaving safepoint region
[2019-12-08T10:23:55.246+0000][1][safepoint    ] Total time for which application threads were stopped: 0.0014657 seconds, Stopping threads took: 0.0000259 seconds
[2019-12-08T10:23:56.246+0000][1][safepoint    ] Application time: 1.0000874 seconds
[2019-12-08T10:23:56.247+0000][1][safepoint    ] Entering safepoint region: Cleanup
[2019-12-08T10:23:56.247+0000][1][safepoint    ] Leaving safepoint region
[2019-12-08T10:23:56.247+0000][1][safepoint    ] Total time for which application threads were stopped: 0.0001061 seconds, Stopping threads took: 0.0000396 seconds
[2019-12-08T10:23:57.247+0000][1][safepoint    ] Application time: 1.0000843 seconds
[2019-12-08T10:23:57.247+0000][1][safepoint    ] Entering safepoint region: Cleanup
[2019-12-08T10:23:57.247+0000][1][safepoint    ] Leaving safepoint region
[2019-12-08T10:23:57.247+0000][1][safepoint    ] Total time for which application threads were stopped: 0.0000811 seconds, Stopping threads took: 0.0000181 seconds
[2019-12-08T10:23:59.081+0000][1][safepoint    ] Application time: 1.8337557 seconds
[2019-12-08T10:23:59.081+0000][1][safepoint    ] Entering safepoint region: Cleanup
[2019-12-08T10:23:59.081+0000][1][safepoint    ] Leaving safepoint region
[2019-12-08T10:23:59.081+0000][1][safepoint    ] Total time for which application threads were stopped: 0.0000906 seconds, Stopping threads took: 0.0000181 seconds
[2019-12-08T10:24:00.081+0000][1][safepoint    ] Application time: 1.0000791 seconds
[2019-12-08T10:24:00.081+0000][1][safepoint    ] Entering safepoint region: Cleanup
[2019-12-08T10:24:00.081+0000][1][safepoint    ] Leaving safepoint region
[2019-12-08T10:24:00.081+0000][1][safepoint    ] Total time for which application threads were stopped: 0.0000842 seconds, Stopping threads took: 0.0000180 seconds
[2019-12-08T10:24:01.081+0000][1][safepoint    ] Application time: 1.0000875 seconds
[2019-12-08T10:24:01.081+0000][1][safepoint    ] Entering safepoint region: Cleanup
[2019-12-08T10:24:01.081+0000][1][safepoint    ] Leaving safepoint region
[2019-12-08T10:24:01.081+0000][1][safepoint    ] Total time for which application threads were stopped: 0.0001121 seconds, Stopping threads took: 0.0000231 seconds
[2019-12-08T10:24:02.081+0000][1][safepoint    ] Application time: 1.0000910 seconds
[2019-12-08T10:24:02.081+0000][1][safepoint    ] Entering safepoint region: Cleanup
[2019-12-08T10:24:02.081+0000][1][safepoint    ] Leaving safepoint region
[2019-12-08T10:24:02.081+0000][1][safepoint    ] Total time for which application threads were stopped: 0.0001306 seconds, Stopping threads took: 0.0000324 seconds
[2019-12-08T10:24:03.082+0000][1][safepoint    ] Application time: 1.0000883 seconds
[2019-12-08T10:24:03.082+0000][1][safepoint    ] Entering safepoint region: Cleanup
[2019-12-08T10:24:03.082+0000][1][safepoint    ] Leaving safepoint region
[2019-12-08T10:24:03.082+0000][1][safepoint    ] Total time for which application threads were stopped: 0.0001491 seconds, Stopping threads took: 0.0000552 seconds
[2019-12-08T10:24:04.082+0000][1][safepoint    ] Application time: 1.0001011 seconds
[2019-12-08T10:24:04.082+0000][1][safepoint    ] Entering safepoint region: Cleanup
[2019-12-08T10:24:04.082+0000][1][safepoint    ] Leaving safepoint region
[2019-12-08T10:24:04.082+0000][1][safepoint    ] Total time for which application threads were stopped: 0.0001304 seconds, Stopping threads took: 0.0000522 seconds
[2019-12-08T10:24:05.082+0000][1][safepoint    ] Application time: 1.0000951 seconds
[2019-12-08T10:24:05.082+0000][1][safepoint    ] Entering safepoint region: Cleanup
[2019-12-08T10:24:05.082+0000][1][safepoint    ] Leaving safepoint region
[2019-12-08T10:24:05.082+0000][1][safepoint    ] Total time for which application threads were stopped: 0.0001509 seconds, Stopping threads took: 0.0000530 seconds
[2019-12-08T10:24:06.082+0000][1][safepoint    ] Application time: 1.0000947 seconds
[2019-12-08T10:24:06.082+0000][1][safepoint    ] Entering safepoint region: Cleanup
[2019-12-08T10:24:06.083+0000][1][safepoint    ] Leaving safepoint region
[2019-12-08T10:24:06.083+0000][1][safepoint    ] Total time for which application threads were stopped: 0.0001022 seconds, Stopping threads took: 0.0000205 seconds
[2019-12-08T10:24:07.083+0000][1][safepoint    ] Application time: 1.0000793 seconds
[2019-12-08T10:24:07.083+0000][1][safepoint    ] Entering safepoint region: Cleanup
[2019-12-08T10:24:07.083+0000][1][safepoint    ] Leaving safepoint region
[2019-12-08T10:24:07.083+0000][1][safepoint    ] Total time for which application threads were stopped: 0.0001045 seconds, Stopping threads took: 0.0000372 seconds
[2019-12-08T10:24:08.083+0000][1][safepoint    ] Application time: 1.0000778 seconds
[2019-12-08T10:24:08.083+0000][1][safepoint    ] Entering safepoint region: Cleanup
[2019-12-08T10:24:08.083+0000][1][safepoint    ] Leaving safepoint region
[2019-12-08T10:24:08.083+0000][1][safepoint    ] Total time for which application threads were stopped: 0.0000875 seconds, Stopping threads took: 0.0000219 seconds
[2019-12-08T10:24:09.083+0000][1][safepoint    ] Application time: 1.0000778 seconds
[2019-12-08T10:24:09.083+0000][1][safepoint    ] Entering safepoint region: Cleanup
[2019-12-08T10:24:09.083+0000][1][safepoint    ] Leaving safepoint region
[2019-12-08T10:24:09.083+0000][1][safepoint    ] Total time for which application threads were stopped: 0.0000896 seconds, Stopping threads took: 0.0000234 seconds
[2019-12-08T10:24:10.083+0000][1][safepoint    ] Application time: 1.0001653 seconds
[2019-12-08T10:24:10.084+0000][1][safepoint    ] Entering safepoint region: Cleanup
[2019-12-08T10:24:10.084+0000][1][safepoint    ] Leaving safepoint region
[2019-12-08T10:24:10.084+0000][1][safepoint    ] Total time for which application threads were stopped: 0.0006671 seconds, Stopping threads took: 0.0001093 seconds
[2019-12-08T10:24:11.085+0000][1][safepoint    ] Application time: 1.0001345 seconds
[2019-12-08T10:24:11.085+0000][1][safepoint    ] Entering safepoint region: Cleanup
[2019-12-08T10:24:11.085+0000][1][safepoint    ] Leaving safepoint region
[2019-12-08T10:24:11.085+0000][1][safepoint    ] Total time for which application threads were stopped: 0.0001052 seconds, Stopping threads took: 0.0000205 seconds
[2019-12-08T10:24:12.085+0000][1][safepoint    ] Application time: 1.0002668 seconds
[2019-12-08T10:24:12.085+0000][1][safepoint    ] Entering safepoint region: Cleanup
[2019-12-08T10:24:12.086+0000][1][safepoint    ] Leaving safepoint region
[2019-12-08T10:24:12.086+0000][1][safepoint    ] Total time for which application threads were stopped: 0.0009983 seconds, Stopping threads took: 0.0001597 seconds
[2019-12-08T10:24:13.086+0000][1][safepoint    ] Application time: 1.0001540 seconds
[2019-12-08T10:24:13.087+0000][1][safepoint    ] Entering safepoint region: Cleanup
[2019-12-08T10:24:13.087+0000][1][safepoint    ] Leaving safepoint region
[2019-12-08T10:24:13.087+0000][1][safepoint    ] Total time for which application threads were stopped: 0.0000932 seconds, Stopping threads took: 0.0000289 seconds
[2019-12-08T10:24:14.087+0000][1][safepoint    ] Application time: 1.0001045 seconds
[2019-12-08T10:24:14.087+0000][1][safepoint    ] Entering safepoint region: Cleanup
[2019-12-08T10:24:14.087+0000][1][safepoint    ] Leaving safepoint region
[2019-12-08T10:24:14.087+0000][1][safepoint    ] Total time for which application threads were stopped: 0.0000885 seconds, Stopping threads took: 0.0000213 seconds
[2019-12-08T10:24:15.087+0000][1][safepoint    ] Application time: 1.0000835 seconds
[2019-12-08T10:24:15.087+0000][1][safepoint    ] Entering safepoint region: Cleanup
[2019-12-08T10:24:15.087+0000][1][safepoint    ] Leaving safepoint region
[2019-12-08T10:24:15.087+0000][1][safepoint    ] Total time for which application threads were stopped: 0.0000896 seconds, Stopping threads took: 0.0000193 seconds
[2019-12-08T10:24:16.087+0000][1][safepoint    ] Application time: 1.0000924 seconds
[2019-12-08T10:24:16.087+0000][1][safepoint    ] Entering safepoint region: Cleanup
[2019-12-08T10:24:16.087+0000][1][safepoint    ] Leaving safepoint region
[2019-12-08T10:24:16.087+0000][1][safepoint    ] Total time for which application threads were stopped: 0.0000860 seconds, Stopping threads took: 0.0000198 seconds
[2019-12-08T10:24:17.087+0000][1][safepoint    ] Application time: 1.0000852 seconds
[2019-12-08T10:24:17.087+0000][1][safepoint    ] Entering safepoint region: Cleanup
[2019-12-08T10:24:17.087+0000][1][safepoint    ] Leaving safepoint region
[2019-12-08T10:24:17.087+0000][1][safepoint    ] Total time for which application threads were stopped: 0.0000856 seconds, Stopping threads took: 0.0000205 seconds
[2019-12-08T10:24:18.088+0000][1][safepoint    ] Application time: 1.0000816 seconds
[2019-12-08T10:24:18.088+0000][1][safepoint    ] Entering safepoint region: Cleanup
[2019-12-08T10:24:18.088+0000][1][safepoint    ] Leaving safepoint region
[2019-12-08T10:24:18.088+0000][1][safepoint    ] Total time for which application threads were stopped: 0.0001069 seconds, Stopping threads took: 0.0000202 seconds
[2019-12-08T10:24:19.088+0000][1][safepoint    ] Application time: 1.0000865 seconds
[2019-12-08T10:24:19.088+0000][1][safepoint    ] Entering safepoint region: Cleanup
[2019-12-08T10:24:19.088+0000][1][safepoint    ] Leaving safepoint region
[2019-12-08T10:24:19.088+0000][1][safepoint    ] Total time for which application threads were stopped: 0.0000849 seconds, Stopping threads took: 0.0000204 seconds
[2019-12-08T10:24:20.088+0000][1][safepoint    ] Application time: 1.0000822 seconds
[2019-12-08T10:24:20.088+0000][1][safepoint    ] Entering safepoint region: Cleanup
[2019-12-08T10:24:20.088+0000][1][safepoint    ] Leaving safepoint region
[2019-12-08T10:24:20.088+0000][1][safepoint    ] Total time for which application threads were stopped: 0.0000874 seconds, Stopping threads took: 0.0000203 seconds
[2019-12-08T10:24:21.088+0000][1][safepoint    ] Application time: 1.0000777 seconds
[2019-12-08T10:24:21.088+0000][1][safepoint    ] Entering safepoint region: Cleanup
[2019-12-08T10:24:21.088+0000][1][safepoint    ] Leaving safepoint region
[2019-12-08T10:24:21.088+0000][1][safepoint    ] Total time for which application threads were stopped: 0.0000883 seconds, Stopping threads took: 0.0000210 seconds
[2019-12-08T10:24:22.088+0000][1][safepoint    ] Application time: 1.0000791 seconds
[2019-12-08T10:24:22.088+0000][1][safepoint    ] Entering safepoint region: Cleanup
[2019-12-08T10:24:22.089+0000][1][safepoint    ] Leaving safepoint region
[2019-12-08T10:24:22.089+0000][1][safepoint    ] Total time for which application threads were stopped: 0.0000889 seconds, Stopping threads took: 0.0000211 seconds
[2019-12-08T10:24:23.089+0000][1][safepoint    ] Application time: 1.0000814 seconds
[2019-12-08T10:24:23.089+0000][1][safepoint    ] Entering safepoint region: Cleanup
[2019-12-08T10:24:23.089+0000][1][safepoint    ] Leaving safepoint region
[2019-12-08T10:24:23.089+0000][1][safepoint    ] Total time for which application threads were stopped: 0.0000985 seconds, Stopping threads took: 0.0000278 seconds
[2019-12-08T10:24:24.089+0000][1][safepoint    ] Application time: 1.0000867 seconds
[2019-12-08T10:24:24.089+0000][1][safepoint    ] Entering safepoint region: Cleanup
[2019-12-08T10:24:24.089+0000][1][safepoint    ] Leaving safepoint region
[2019-12-08T10:24:24.089+0000][1][safepoint    ] Total time for which application threads were stopped: 0.0000895 seconds, Stopping threads took: 0.0000217 seconds
[2019-12-08T10:24:25.089+0000][1][safepoint    ] Application time: 1.0000965 seconds
[2019-12-08T10:24:25.089+0000][1][safepoint    ] Entering safepoint region: Cleanup
[2019-12-08T10:24:25.089+0000][1][safepoint    ] Leaving safepoint region
[2019-12-08T10:24:25.089+0000][1][safepoint    ] Total time for which application threads were stopped: 0.0000870 seconds, Stopping threads took: 0.0000199 seconds
[2019-12-08T10:24:26.089+0000][1][safepoint    ] Application time: 1.0000917 seconds
[2019-12-08T10:24:26.089+0000][1][safepoint    ] Entering safepoint region: Cleanup
[2019-12-08T10:24:26.089+0000][1][safepoint    ] Leaving safepoint region
[2019-12-08T10:24:26.089+0000][1][safepoint    ] Total time for which application threads were stopped: 0.0000869 seconds, Stopping threads took: 0.0000204 seconds
[2019-12-08T10:24:27.090+0000][1][safepoint    ] Application time: 1.0000799 seconds
[2019-12-08T10:24:27.090+0000][1][safepoint    ] Entering safepoint region: Cleanup
[2019-12-08T10:24:27.090+0000][1][safepoint    ] Leaving safepoint region
[2019-12-08T10:24:27.090+0000][1][safepoint    ] Total time for which application threads were stopped: 0.0001038 seconds, Stopping threads took: 0.0000206 seconds
[2019-12-08T10:24:28.090+0000][1][safepoint    ] Application time: 1.0000761 seconds
[2019-12-08T10:24:28.090+0000][1][safepoint    ] Entering safepoint region: Cleanup
[2019-12-08T10:24:28.090+0000][1][safepoint    ] Leaving safepoint region
[2019-12-08T10:24:28.090+0000][1][safepoint    ] Total time for which application threads were stopped: 0.0000873 seconds, Stopping threads took: 0.0000207 seconds
[2019-12-08T10:24:29.090+0000][1][safepoint    ] Application time: 1.0000775 seconds
[2019-12-08T10:24:29.090+0000][1][safepoint    ] Entering safepoint region: Cleanup
[2019-12-08T10:24:29.090+0000][1][safepoint    ] Leaving safepoint region
[2019-12-08T10:24:29.090+0000][1][safepoint    ] Total time for which application threads were stopped: 0.0001106 seconds, Stopping threads took: 0.0000204 seconds
[2019-12-08T10:24:30.090+0000][1][safepoint    ] Application time: 1.0000879 seconds
[2019-12-08T10:24:30.090+0000][1][safepoint    ] Entering safepoint region: Cleanup
[2019-12-08T10:24:30.090+0000][1][safepoint    ] Leaving safepoint region
[2019-12-08T10:24:30.090+0000][1][safepoint    ] Total time for which application threads were stopped: 0.0000875 seconds, Stopping threads took: 0.0000200 seconds
[2019-12-08T10:24:31.090+0000][1][safepoint    ] Application time: 1.0000784 seconds
[2019-12-08T10:24:31.091+0000][1][safepoint    ] Entering safepoint region: Cleanup
[2019-12-08T10:24:31.091+0000][1][safepoint    ] Leaving safepoint region
[2019-12-08T10:24:31.091+0000][1][safepoint    ] Total time for which application threads were stopped: 0.0000893 seconds, Stopping threads took: 0.0000210 seconds
[2019-12-08T10:24:32.091+0000][1][safepoint    ] Application time: 1.0000859 seconds
[2019-12-08T10:24:32.091+0000][1][safepoint    ] Entering safepoint region: Cleanup
[2019-12-08T10:24:32.091+0000][1][safepoint    ] Leaving safepoint region
[2019-12-08T10:24:32.091+0000][1][safepoint    ] Total time for which application threads were stopped: 0.0000991 seconds, Stopping threads took: 0.0000267 seconds
[2019-12-08T10:24:33.091+0000][1][safepoint    ] Application time: 1.0000790 seconds
[2019-12-08T10:24:33.091+0000][1][safepoint    ] Entering safepoint region: Cleanup
[2019-12-08T10:24:33.091+0000][1][safepoint    ] Leaving safepoint region
[2019-12-08T10:24:33.091+0000][1][safepoint    ] Total time for which application threads were stopped: 0.0001053 seconds, Stopping threads took: 0.0000369 seconds
[2019-12-08T10:24:34.091+0000][1][safepoint    ] Application time: 1.0000814 seconds
[2019-12-08T10:24:34.091+0000][1][safepoint    ] Entering safepoint region: Cleanup
[2019-12-08T10:24:34.091+0000][1][safepoint    ] Leaving safepoint region
[2019-12-08T10:24:34.091+0000][1][safepoint    ] Total time for which application threads were stopped: 0.0001048 seconds, Stopping threads took: 0.0000336 seconds
[2019-12-08T10:24:35.091+0000][1][safepoint    ] Application time: 1.0000907 seconds
[2019-12-08T10:24:35.091+0000][1][safepoint    ] Entering safepoint region: Cleanup
[2019-12-08T10:24:35.091+0000][1][safepoint    ] Leaving safepoint region
[2019-12-08T10:24:35.091+0000][1][safepoint    ] Total time for which application threads were stopped: 0.0000892 seconds, Stopping threads took: 0.0000229 seconds
[2019-12-08T10:24:36.092+0000][1][safepoint    ] Application time: 1.0000773 seconds
[2019-12-08T10:24:36.092+0000][1][safepoint    ] Entering safepoint region: Cleanup
[2019-12-08T10:24:36.092+0000][1][safepoint    ] Leaving safepoint region
[2019-12-08T10:24:36.092+0000][1][safepoint    ] Total time for which application threads were stopped: 0.0001004 seconds, Stopping threads took: 0.0000206 seconds
[2019-12-08T10:24:37.092+0000][1][safepoint    ] Application time: 1.0000810 seconds
[2019-12-08T10:24:37.092+0000][1][safepoint    ] Entering safepoint region: Cleanup
[2019-12-08T10:24:37.092+0000][1][safepoint    ] Leaving safepoint region
[2019-12-08T10:24:37.092+0000][1][safepoint    ] Total time for which application threads were stopped: 0.0000886 seconds, Stopping threads took: 0.0000198 seconds
[2019-12-08T10:24:38.092+0000][1][safepoint    ] Application time: 1.0000799 seconds
[2019-12-08T10:24:38.092+0000][1][safepoint    ] Entering safepoint region: Cleanup
[2019-12-08T10:24:38.092+0000][1][safepoint    ] Leaving safepoint region
[2019-12-08T10:24:38.092+0000][1][safepoint    ] Total time for which application threads were stopped: 0.0000886 seconds, Stopping threads took: 0.0000211 seconds
[2019-12-08T10:24:39.092+0000][1][safepoint    ] Application time: 1.0000753 seconds
[2019-12-08T10:24:39.092+0000][1][safepoint    ] Entering safepoint region: Cleanup
[2019-12-08T10:24:39.092+0000][1][safepoint    ] Leaving safepoint region
[2019-12-08T10:24:39.092+0000][1][safepoint    ] Total time for which application threads were stopped: 0.0000872 seconds, Stopping threads took: 0.0000214 seconds
[2019-12-08T10:24:40.092+0000][1][safepoint    ] Application time: 1.0000774 seconds
[2019-12-08T10:24:40.092+0000][1][safepoint    ] Entering safepoint region: Cleanup
[2019-12-08T10:24:40.093+0000][1][safepoint    ] Leaving safepoint region
[2019-12-08T10:24:40.093+0000][1][safepoint    ] Total time for which application threads were stopped: 0.0000864 seconds, Stopping threads took: 0.0000204 seconds
[2019-12-08T10:24:41.093+0000][1][safepoint    ] Application time: 1.0000759 seconds
[2019-12-08T10:24:41.093+0000][1][safepoint    ] Entering safepoint region: Cleanup
[2019-12-08T10:24:41.093+0000][1][safepoint    ] Leaving safepoint region
[2019-12-08T10:24:41.093+0000][1][safepoint    ] Total time for which application threads were stopped: 0.0001023 seconds, Stopping threads took: 0.0000303 seconds
[2019-12-08T10:24:42.093+0000][1][safepoint    ] Application time: 1.0000773 seconds
[2019-12-08T10:24:42.093+0000][1][safepoint    ] Entering safepoint region: Cleanup
[2019-12-08T10:24:42.093+0000][1][safepoint    ] Leaving safepoint region
[2019-12-08T10:24:42.093+0000][1][safepoint    ] Total time for which application threads were stopped: 0.0000842 seconds, Stopping threads took: 0.0000204 seconds
[2019-12-08T10:24:43.093+0000][1][safepoint    ] Application time: 1.0000774 seconds
[2019-12-08T10:24:43.093+0000][1][safepoint    ] Entering safepoint region: Cleanup
[2019-12-08T10:24:43.093+0000][1][safepoint    ] Leaving safepoint region
[2019-12-08T10:24:43.093+0000][1][safepoint    ] Total time for which application threads were stopped: 0.0000951 seconds, Stopping threads took: 0.0000208 seconds
[2019-12-08T10:24:44.093+0000][1][safepoint    ] Application time: 1.0000752 seconds
[2019-12-08T10:24:44.093+0000][1][safepoint    ] Entering safepoint region: Cleanup
[2019-12-08T10:24:44.093+0000][1][safepoint    ] Leaving safepoint region
[2019-12-08T10:24:44.093+0000][1][safepoint    ] Total time for which application threads were stopped: 0.0000861 seconds, Stopping threads took: 0.0000201 seconds
[2019-12-08T10:24:45.093+0000][1][safepoint    ] Application time: 1.0000791 seconds
[2019-12-08T10:24:45.094+0000][1][safepoint    ] Entering safepoint region: Cleanup
[2019-12-08T10:24:45.094+0000][1][safepoint    ] Leaving safepoint region
[2019-12-08T10:24:45.094+0000][1][safepoint    ] Total time for which application threads were stopped: 0.0000868 seconds, Stopping threads took: 0.0000189 seconds
[2019-12-08T10:24:46.094+0000][1][safepoint    ] Application time: 1.0000754 seconds
[2019-12-08T10:24:46.094+0000][1][safepoint    ] Entering safepoint region: Cleanup
[2019-12-08T10:24:46.094+0000][1][safepoint    ] Leaving safepoint region
[2019-12-08T10:24:46.094+0000][1][safepoint    ] Total time for which application threads were stopped: 0.0000836 seconds, Stopping threads took: 0.0000188 seconds
[2019-12-08T10:24:47.094+0000][1][safepoint    ] Application time: 1.0001060 seconds
[2019-12-08T10:24:47.094+0000][1][safepoint    ] Entering safepoint region: Cleanup
[2019-12-08T10:24:47.094+0000][1][safepoint    ] Leaving safepoint region
[2019-12-08T10:24:47.094+0000][1][safepoint    ] Total time for which application threads were stopped: 0.0001149 seconds, Stopping threads took: 0.0000271 seconds
[2019-12-08T10:24:48.094+0000][1][safepoint    ] Application time: 1.0000775 seconds
[2019-12-08T10:24:48.094+0000][1][safepoint    ] Entering safepoint region: Cleanup
[2019-12-08T10:24:48.094+0000][1][safepoint    ] Leaving safepoint region
[2019-12-08T10:24:48.094+0000][1][safepoint    ] Total time for which application threads were stopped: 0.0000985 seconds, Stopping threads took: 0.0000277 seconds
[2019-12-08T10:24:49.094+0000][1][safepoint    ] Application time: 1.0000791 seconds
[2019-12-08T10:24:49.094+0000][1][safepoint    ] Entering safepoint region: Cleanup
[2019-12-08T10:24:49.095+0000][1][safepoint    ] Leaving safepoint region
[2019-12-08T10:24:49.095+0000][1][safepoint    ] Total time for which application threads were stopped: 0.0000847 seconds, Stopping threads took: 0.0000202 seconds
[2019-12-08T10:24:50.095+0000][1][safepoint    ] Application time: 1.0000798 seconds
[2019-12-08T10:24:50.095+0000][1][safepoint    ] Entering safepoint region: Cleanup
[2019-12-08T10:24:50.095+0000][1][safepoint    ] Leaving safepoint region
[2019-12-08T10:24:50.095+0000][1][safepoint    ] Total time for which application threads were stopped: 0.0001046 seconds, Stopping threads took: 0.0000198 seconds
[2019-12-08T10:24:51.095+0000][1][safepoint    ] Application time: 1.0000806 seconds
[2019-12-08T10:24:51.095+0000][1][safepoint    ] Entering safepoint region: Cleanup
[2019-12-08T10:24:51.095+0000][1][safepoint    ] Leaving safepoint region
[2019-12-08T10:24:51.095+0000][1][safepoint    ] Total time for which application threads were stopped: 0.0000852 seconds, Stopping threads took: 0.0000199 seconds
[2019-12-08T10:24:52.350+0000][1][safepoint    ] Application time: 1.2545504 seconds
[2019-12-08T10:24:52.350+0000][1][safepoint    ] Entering safepoint region: Cleanup
[2019-12-08T10:24:52.350+0000][1][safepoint    ] Leaving safepoint region
[2019-12-08T10:24:52.350+0000][1][safepoint    ] Total time for which application threads were stopped: 0.0000886 seconds, Stopping threads took: 0.0000193 seconds
[2019-12-08T10:24:53.350+0000][1][safepoint    ] Application time: 1.0000763 seconds
[2019-12-08T10:24:53.350+0000][1][safepoint    ] Entering safepoint region: Cleanup
[2019-12-08T10:24:53.350+0000][1][safepoint    ] Leaving safepoint region
[2019-12-08T10:24:53.350+0000][1][safepoint    ] Total time for which application threads were stopped: 0.0001123 seconds, Stopping threads took: 0.0000263 seconds
[2019-12-08T10:24:54.350+0000][1][safepoint    ] Application time: 1.0000790 seconds
[2019-12-08T10:24:54.350+0000][1][safepoint    ] Entering safepoint region: Cleanup
[2019-12-08T10:24:54.350+0000][1][safepoint    ] Leaving safepoint region
[2019-12-08T10:24:54.350+0000][1][safepoint    ] Total time for which application threads were stopped: 0.0000861 seconds, Stopping threads took: 0.0000213 seconds
[2019-12-08T10:24:55.350+0000][1][safepoint    ] Application time: 1.0000848 seconds
[2019-12-08T10:24:55.350+0000][1][safepoint    ] Entering safepoint region: Cleanup
[2019-12-08T10:24:55.350+0000][1][safepoint    ] Leaving safepoint region
[2019-12-08T10:24:55.350+0000][1][safepoint    ] Total time for which application threads were stopped: 0.0000841 seconds, Stopping threads took: 0.0000193 seconds
[2019-12-08T10:24:56.350+0000][1][safepoint    ] Application time: 1.0000806 seconds
[2019-12-08T10:24:56.350+0000][1][safepoint    ] Entering safepoint region: Cleanup
[2019-12-08T10:24:56.350+0000][1][safepoint    ] Leaving safepoint region
[2019-12-08T10:24:56.350+0000][1][safepoint    ] Total time for which application threads were stopped: 0.0000873 seconds, Stopping threads took: 0.0000215 seconds
[2019-12-08T10:24:57.351+0000][1][safepoint    ] Application time: 1.0000809 seconds
[2019-12-08T10:24:57.351+0000][1][safepoint    ] Entering safepoint region: Cleanup
[2019-12-08T10:24:57.351+0000][1][safepoint    ] Leaving safepoint region
[2019-12-08T10:24:57.351+0000][1][safepoint    ] Total time for which application threads were stopped: 0.0001021 seconds, Stopping threads took: 0.0000209 seconds
[2019-12-08T10:24:58.351+0000][1][safepoint    ] Application time: 1.0000799 seconds
[2019-12-08T10:24:58.351+0000][1][safepoint    ] Entering safepoint region: Cleanup
[2019-12-08T10:24:58.351+0000][1][safepoint    ] Leaving safepoint region
[2019-12-08T10:24:58.351+0000][1][safepoint    ] Total time for which application threads were stopped: 0.0000839 seconds, Stopping threads took: 0.0000191 seconds
[2019-12-08T10:24:59.351+0000][1][safepoint    ] Application time: 1.0000770 seconds
[2019-12-08T10:24:59.351+0000][1][safepoint    ] Entering safepoint region: Cleanup
[2019-12-08T10:24:59.351+0000][1][safepoint    ] Leaving safepoint region
[2019-12-08T10:24:59.351+0000][1][safepoint    ] Total time for which application threads were stopped: 0.0000861 seconds, Stopping threads took: 0.0000204 seconds
[2019-12-08T10:25:00.351+0000][1][safepoint    ] Application time: 1.0000797 seconds
[2019-12-08T10:25:00.351+0000][1][safepoint    ] Entering safepoint region: Cleanup
[2019-12-08T10:25:00.351+0000][1][safepoint    ] Leaving safepoint region
[2019-12-08T10:25:00.351+0000][1][safepoint    ] Total time for which application threads were stopped: 0.0000991 seconds, Stopping threads took: 0.0000199 seconds
[2019-12-08T10:25:01.351+0000][1][safepoint    ] Application time: 1.0000800 seconds
[2019-12-08T10:25:01.351+0000][1][safepoint    ] Entering safepoint region: Cleanup
[2019-12-08T10:25:01.352+0000][1][safepoint    ] Leaving safepoint region
[2019-12-08T10:25:01.352+0000][1][safepoint    ] Total time for which application threads were stopped: 0.0000866 seconds, Stopping threads took: 0.0000212 seconds
[2019-12-08T10:25:02.352+0000][1][safepoint    ] Application time: 1.0000795 seconds
[2019-12-08T10:25:02.352+0000][1][safepoint    ] Entering safepoint region: Cleanup
[2019-12-08T10:25:02.352+0000][1][safepoint    ] Leaving safepoint region
[2019-12-08T10:25:02.352+0000][1][safepoint    ] Total time for which application threads were stopped: 0.0000890 seconds, Stopping threads took: 0.0000218 seconds
[2019-12-08T10:25:03.352+0000][1][safepoint    ] Application time: 1.0000752 seconds
[2019-12-08T10:25:03.352+0000][1][safepoint    ] Entering safepoint region: Cleanup
[2019-12-08T10:25:03.352+0000][1][safepoint    ] Leaving safepoint region
[2019-12-08T10:25:03.352+0000][1][safepoint    ] Total time for which application threads were stopped: 0.0000889 seconds, Stopping threads took: 0.0000188 seconds
[2019-12-08T10:25:04.352+0000][1][safepoint    ] Application time: 1.0000777 seconds
[2019-12-08T10:25:04.352+0000][1][safepoint    ] Entering safepoint region: Cleanup
[2019-12-08T10:25:04.352+0000][1][safepoint    ] Leaving safepoint region
[2019-12-08T10:25:04.352+0000][1][safepoint    ] Total time for which application threads were stopped: 0.0000897 seconds, Stopping threads took: 0.0000233 seconds
[2019-12-08T10:25:05.352+0000][1][safepoint    ] Application time: 1.0000759 seconds
[2019-12-08T10:25:05.352+0000][1][safepoint    ] Entering safepoint region: Cleanup
[2019-12-08T10:25:05.352+0000][1][safepoint    ] Leaving safepoint region
[2019-12-08T10:25:05.352+0000][1][safepoint    ] Total time for which application threads were stopped: 0.0000852 seconds, Stopping threads took: 0.0000209 seconds
[2019-12-08T10:25:06.353+0000][1][safepoint    ] Application time: 1.0000794 seconds
[2019-12-08T10:25:06.353+0000][1][safepoint    ] Entering safepoint region: Cleanup
[2019-12-08T10:25:06.353+0000][1][safepoint    ] Leaving safepoint region
[2019-12-08T10:25:06.353+0000][1][safepoint    ] Total time for which application threads were stopped: 0.0000880 seconds, Stopping threads took: 0.0000218 seconds
[2019-12-08T10:25:07.353+0000][1][safepoint    ] Application time: 1.0000811 seconds
[2019-12-08T10:25:07.353+0000][1][safepoint    ] Entering safepoint region: Cleanup
[2019-12-08T10:25:07.353+0000][1][safepoint    ] Leaving safepoint region
[2019-12-08T10:25:07.353+0000][1][safepoint    ] Total time for which application threads were stopped: 0.0000839 seconds, Stopping threads took: 0.0000193 seconds
[2019-12-08T10:25:08.353+0000][1][safepoint    ] Application time: 1.0001569 seconds
[2019-12-08T10:25:08.353+0000][1][safepoint    ] Entering safepoint region: Cleanup
[2019-12-08T10:25:08.354+0000][1][safepoint    ] Leaving safepoint region
[2019-12-08T10:25:08.354+0000][1][safepoint    ] Total time for which application threads were stopped: 0.0006936 seconds, Stopping threads took: 0.0001267 seconds
[2019-12-08T10:25:09.354+0000][1][safepoint    ] Application time: 1.0001281 seconds
[2019-12-08T10:25:09.354+0000][1][safepoint    ] Entering safepoint region: Cleanup
[2019-12-08T10:25:09.354+0000][1][safepoint    ] Leaving safepoint region
[2019-12-08T10:25:09.354+0000][1][safepoint    ] Total time for which application threads were stopped: 0.0000886 seconds, Stopping threads took: 0.0000196 seconds
[2019-12-08T10:25:10.354+0000][1][safepoint    ] Application time: 1.0000818 seconds
[2019-12-08T10:25:10.354+0000][1][safepoint    ] Entering safepoint region: Cleanup
[2019-12-08T10:25:10.354+0000][1][safepoint    ] Leaving safepoint region
[2019-12-08T10:25:10.354+0000][1][safepoint    ] Total time for which application threads were stopped: 0.0000852 seconds, Stopping threads took: 0.0000207 seconds
[2019-12-08T10:25:11.354+0000][1][safepoint    ] Application time: 1.0000753 seconds
[2019-12-08T10:25:11.355+0000][1][safepoint    ] Entering safepoint region: Cleanup
[2019-12-08T10:25:11.355+0000][1][safepoint    ] Leaving safepoint region
[2019-12-08T10:25:11.355+0000][1][safepoint    ] Total time for which application threads were stopped: 0.0000769 seconds, Stopping threads took: 0.0000172 seconds
[2019-12-08T10:25:12.355+0000][1][safepoint    ] Application time: 1.0000763 seconds
[2019-12-08T10:25:12.355+0000][1][safepoint    ] Entering safepoint region: Cleanup
[2019-12-08T10:25:12.355+0000][1][safepoint    ] Leaving safepoint region
[2019-12-08T10:25:12.355+0000][1][safepoint    ] Total time for which application threads were stopped: 0.0000779 seconds, Stopping threads took: 0.0000179 seconds
[2019-12-08T10:25:13.355+0000][1][safepoint    ] Application time: 1.0000792 seconds
[2019-12-08T10:25:13.355+0000][1][safepoint    ] Entering safepoint region: Cleanup
[2019-12-08T10:25:13.355+0000][1][safepoint    ] Leaving safepoint region
[2019-12-08T10:25:13.355+0000][1][safepoint    ] Total time for which application threads were stopped: 0.0000809 seconds, Stopping threads took: 0.0000206 seconds
[2019-12-08T10:25:14.355+0000][1][safepoint    ] Application time: 1.0000907 seconds
[2019-12-08T10:25:14.355+0000][1][safepoint    ] Entering safepoint region: Cleanup
[2019-12-08T10:25:14.355+0000][1][safepoint    ] Leaving safepoint region
[2019-12-08T10:25:14.355+0000][1][safepoint    ] Total time for which application threads were stopped: 0.0000870 seconds, Stopping threads took: 0.0000208 seconds
[2019-12-08T10:25:15.355+0000][1][safepoint    ] Application time: 1.0000871 seconds
[2019-12-08T10:25:15.355+0000][1][safepoint    ] Entering safepoint region: Cleanup
[2019-12-08T10:25:15.355+0000][1][safepoint    ] Leaving safepoint region
[2019-12-08T10:25:15.355+0000][1][safepoint    ] Total time for which application threads were stopped: 0.0000857 seconds, Stopping threads took: 0.0000202 seconds
[2019-12-08T10:25:16.356+0000][1][safepoint    ] Application time: 1.0000818 seconds
[2019-12-08T10:25:16.356+0000][1][safepoint    ] Entering safepoint region: Cleanup
[2019-12-08T10:25:16.356+0000][1][safepoint    ] Leaving safepoint region
[2019-12-08T10:25:16.356+0000][1][safepoint    ] Total time for which application threads were stopped: 0.0000835 seconds, Stopping threads took: 0.0000210 seconds
[2019-12-08T10:25:17.356+0000][1][safepoint    ] Application time: 1.0000879 seconds
[2019-12-08T10:25:17.356+0000][1][safepoint    ] Entering safepoint region: Cleanup
[2019-12-08T10:25:17.356+0000][1][safepoint    ] Leaving safepoint region
[2019-12-08T10:25:17.356+0000][1][safepoint    ] Total time for which application threads were stopped: 0.0000933 seconds, Stopping threads took: 0.0000290 seconds
[2019-12-08T10:25:18.356+0000][1][safepoint    ] Application time: 1.0000792 seconds
[2019-12-08T10:25:18.356+0000][1][safepoint    ] Entering safepoint region: Cleanup
[2019-12-08T10:25:18.356+0000][1][safepoint    ] Leaving safepoint region
[2019-12-08T10:25:18.356+0000][1][safepoint    ] Total time for which application threads were stopped: 0.0000771 seconds, Stopping threads took: 0.0000191 seconds
[2019-12-08T10:25:19.356+0000][1][safepoint    ] Application time: 1.0000861 seconds
[2019-12-08T10:25:19.356+0000][1][safepoint    ] Entering safepoint region: Cleanup
[2019-12-08T10:25:19.356+0000][1][safepoint    ] Leaving safepoint region
[2019-12-08T10:25:19.356+0000][1][safepoint    ] Total time for which application threads were stopped: 0.0000779 seconds, Stopping threads took: 0.0000198 seconds
[2019-12-08T10:25:20.133+0000][1][safepoint    ] Application time: 0.7768027 seconds
[2019-12-08T10:25:20.133+0000][1][safepoint    ] Entering safepoint region: GenCollectForAllocation
[2019-12-08T10:25:20.133+0000][1][gc,start     ] GC(46) Pause Young (Allocation Failure)
[2019-12-08T10:25:20.133+0000][1][gc,task      ] GC(46) Using 4 workers of 4 for evacuation
[2019-12-08T10:25:20.134+0000][1][gc,age       ] GC(46) Desired survivor size 4456448 bytes, new threshold 6 (max threshold 6)
[2019-12-08T10:25:20.134+0000][1][gc,age       ] GC(46) Age table with threshold 6 (max threshold 6)
[2019-12-08T10:25:20.134+0000][1][gc,age       ] GC(46) - age   1:      14152 bytes,      14152 total
[2019-12-08T10:25:20.134+0000][1][gc,age       ] GC(46) - age   2:       1328 bytes,      15480 total
[2019-12-08T10:25:20.134+0000][1][gc,age       ] GC(46) - age   4:       1392 bytes,      16872 total
[2019-12-08T10:25:20.134+0000][1][gc,heap      ] GC(46) ParNew: 69947K->20K(78656K)
[2019-12-08T10:25:20.134+0000][1][gc,heap      ] GC(46) CMS: 70411K->70412K(174784K)
[2019-12-08T10:25:20.134+0000][1][gc,metaspace ] GC(46) Metaspace: 72545K->72545K(1116160K)
[2019-12-08T10:25:20.134+0000][1][gc           ] GC(46) Pause Young (Allocation Failure) 137M->68M(247M) 1.130ms
[2019-12-08T10:25:20.134+0000][1][gc,cpu       ] GC(46) User=0.00s Sys=0.00s Real=0.00s
[2019-12-08T10:25:20.134+0000][1][safepoint    ] Leaving safepoint region
[2019-12-08T10:25:20.134+0000][1][safepoint    ] Total time for which application threads were stopped: 0.0012839 seconds, Stopping threads took: 0.0000219 seconds
[2019-12-08T10:25:21.134+0000][1][safepoint    ] Application time: 1.0000944 seconds
[2019-12-08T10:25:21.135+0000][1][safepoint    ] Entering safepoint region: Cleanup
[2019-12-08T10:25:21.135+0000][1][safepoint    ] Leaving safepoint region
[2019-12-08T10:25:21.135+0000][1][safepoint    ] Total time for which application threads were stopped: 0.0000882 seconds, Stopping threads took: 0.0000287 seconds
[2019-12-08T10:25:22.135+0000][1][safepoint    ] Application time: 1.0000887 seconds
[2019-12-08T10:25:22.135+0000][1][safepoint    ] Entering safepoint region: Cleanup
[2019-12-08T10:25:22.135+0000][1][safepoint    ] Leaving safepoint region
[2019-12-08T10:25:22.135+0000][1][safepoint    ] Total time for which application threads were stopped: 0.0000781 seconds, Stopping threads took: 0.0000175 seconds
[2019-12-08T10:25:23.135+0000][1][safepoint    ] Application time: 1.0000740 seconds
[2019-12-08T10:25:23.135+0000][1][safepoint    ] Entering safepoint region: Cleanup
[2019-12-08T10:25:23.135+0000][1][safepoint    ] Leaving safepoint region
[2019-12-08T10:25:23.135+0000][1][safepoint    ] Total time for which application threads were stopped: 0.0000790 seconds, Stopping threads took: 0.0000192 seconds
[2019-12-08T10:25:24.135+0000][1][safepoint    ] Application time: 1.0000757 seconds
[2019-12-08T10:25:24.135+0000][1][safepoint    ] Entering safepoint region: Cleanup
[2019-12-08T10:25:24.135+0000][1][safepoint    ] Leaving safepoint region
[2019-12-08T10:25:24.135+0000][1][safepoint    ] Total time for which application threads were stopped: 0.0000813 seconds, Stopping threads took: 0.0000189 seconds
[2019-12-08T10:25:25.304+0000][1][safepoint    ] Application time: 1.1684623 seconds
[2019-12-08T10:25:25.304+0000][1][safepoint    ] Entering safepoint region: Cleanup
[2019-12-08T10:25:25.304+0000][1][safepoint    ] Leaving safepoint region
[2019-12-08T10:25:25.304+0000][1][safepoint    ] Total time for which application threads were stopped: 0.0000952 seconds, Stopping threads took: 0.0000200 seconds
[2019-12-08T10:25:26.304+0000][1][safepoint    ] Application time: 1.0000894 seconds
[2019-12-08T10:25:26.304+0000][1][safepoint    ] Entering safepoint region: Cleanup
[2019-12-08T10:25:26.304+0000][1][safepoint    ] Leaving safepoint region
[2019-12-08T10:25:26.304+0000][1][safepoint    ] Total time for which application threads were stopped: 0.0000824 seconds, Stopping threads took: 0.0000193 seconds
[2019-12-08T10:25:27.304+0000][1][safepoint    ] Application time: 1.0001319 seconds
[2019-12-08T10:25:27.304+0000][1][safepoint    ] Entering safepoint region: Cleanup
[2019-12-08T10:25:27.304+0000][1][safepoint    ] Leaving safepoint region
[2019-12-08T10:25:27.304+0000][1][safepoint    ] Total time for which application threads were stopped: 0.0001291 seconds, Stopping threads took: 0.0000609 seconds
[2019-12-08T10:25:28.304+0000][1][safepoint    ] Application time: 1.0000893 seconds
[2019-12-08T10:25:28.304+0000][1][safepoint    ] Entering safepoint region: Cleanup
[2019-12-08T10:25:28.305+0000][1][safepoint    ] Leaving safepoint region
[2019-12-08T10:25:28.305+0000][1][safepoint    ] Total time for which application threads were stopped: 0.0001373 seconds, Stopping threads took: 0.0000468 seconds
[2019-12-08T10:25:29.305+0000][1][safepoint    ] Application time: 1.0000913 seconds
[2019-12-08T10:25:29.305+0000][1][safepoint    ] Entering safepoint region: Cleanup
[2019-12-08T10:25:29.305+0000][1][safepoint    ] Leaving safepoint region
[2019-12-08T10:25:29.305+0000][1][safepoint    ] Total time for which application threads were stopped: 0.0000802 seconds, Stopping threads took: 0.0000198 seconds
[2019-12-08T10:25:30.305+0000][1][safepoint    ] Application time: 1.0000834 seconds
[2019-12-08T10:25:30.305+0000][1][safepoint    ] Entering safepoint region: Cleanup
[2019-12-08T10:25:30.305+0000][1][safepoint    ] Leaving safepoint region
[2019-12-08T10:25:30.305+0000][1][safepoint    ] Total time for which application threads were stopped: 0.0000866 seconds, Stopping threads took: 0.0000203 seconds
[2019-12-08T10:25:31.305+0000][1][safepoint    ] Application time: 1.0000817 seconds
[2019-12-08T10:25:31.305+0000][1][safepoint    ] Entering safepoint region: Cleanup
[2019-12-08T10:25:31.305+0000][1][safepoint    ] Leaving safepoint region
[2019-12-08T10:25:31.305+0000][1][safepoint    ] Total time for which application threads were stopped: 0.0000834 seconds, Stopping threads took: 0.0000211 seconds
[2019-12-08T10:25:32.305+0000][1][safepoint    ] Application time: 1.0000802 seconds
[2019-12-08T10:25:32.305+0000][1][safepoint    ] Entering safepoint region: Cleanup
[2019-12-08T10:25:32.305+0000][1][safepoint    ] Leaving safepoint region
[2019-12-08T10:25:32.305+0000][1][safepoint    ] Total time for which application threads were stopped: 0.0000827 seconds, Stopping threads took: 0.0000202 seconds
[2019-12-08T10:25:33.305+0000][1][safepoint    ] Application time: 1.0000747 seconds
[2019-12-08T10:25:33.306+0000][1][safepoint    ] Entering safepoint region: Cleanup
[2019-12-08T10:25:33.306+0000][1][safepoint    ] Leaving safepoint region
[2019-12-08T10:25:33.306+0000][1][safepoint    ] Total time for which application threads were stopped: 0.0000801 seconds, Stopping threads took: 0.0000201 seconds
[2019-12-08T10:25:34.306+0000][1][safepoint    ] Application time: 1.0000760 seconds
[2019-12-08T10:25:34.306+0000][1][safepoint    ] Entering safepoint region: Cleanup
[2019-12-08T10:25:34.306+0000][1][safepoint    ] Leaving safepoint region
[2019-12-08T10:25:34.306+0000][1][safepoint    ] Total time for which application threads were stopped: 0.0000846 seconds, Stopping threads took: 0.0000226 seconds
[2019-12-08T10:25:35.306+0000][1][safepoint    ] Application time: 1.0000758 seconds
[2019-12-08T10:25:35.306+0000][1][safepoint    ] Entering safepoint region: Cleanup
[2019-12-08T10:25:35.306+0000][1][safepoint    ] Leaving safepoint region
[2019-12-08T10:25:35.306+0000][1][safepoint    ] Total time for which application threads were stopped: 0.0000806 seconds, Stopping threads took: 0.0000191 seconds
[2019-12-08T10:25:36.306+0000][1][safepoint    ] Application time: 1.0000750 seconds
[2019-12-08T10:25:36.306+0000][1][safepoint    ] Entering safepoint region: Cleanup
[2019-12-08T10:25:36.306+0000][1][safepoint    ] Leaving safepoint region
[2019-12-08T10:25:36.306+0000][1][safepoint    ] Total time for which application threads were stopped: 0.0000771 seconds, Stopping threads took: 0.0000188 seconds
[2019-12-08T10:25:37.306+0000][1][safepoint    ] Application time: 1.0000766 seconds
[2019-12-08T10:25:37.306+0000][1][safepoint    ] Entering safepoint region: Cleanup
[2019-12-08T10:25:37.306+0000][1][safepoint    ] Leaving safepoint region
[2019-12-08T10:25:37.306+0000][1][safepoint    ] Total time for which application threads were stopped: 0.0000825 seconds, Stopping threads took: 0.0000212 seconds
[2019-12-08T10:25:38.306+0000][1][safepoint    ] Application time: 1.0000759 seconds
[2019-12-08T10:25:38.306+0000][1][safepoint    ] Entering safepoint region: Cleanup
[2019-12-08T10:25:38.307+0000][1][safepoint    ] Leaving safepoint region
[2019-12-08T10:25:38.307+0000][1][safepoint    ] Total time for which application threads were stopped: 0.0000793 seconds, Stopping threads took: 0.0000186 seconds
[2019-12-08T10:25:39.307+0000][1][safepoint    ] Application time: 1.0000761 seconds
[2019-12-08T10:25:39.307+0000][1][safepoint    ] Entering safepoint region: Cleanup
[2019-12-08T10:25:39.307+0000][1][safepoint    ] Leaving safepoint region
[2019-12-08T10:25:39.307+0000][1][safepoint    ] Total time for which application threads were stopped: 0.0000911 seconds, Stopping threads took: 0.0000171 seconds
[2019-12-08T10:25:40.307+0000][1][safepoint    ] Application time: 1.0000772 seconds
[2019-12-08T10:25:40.307+0000][1][safepoint    ] Entering safepoint region: Cleanup
[2019-12-08T10:25:40.307+0000][1][safepoint    ] Leaving safepoint region
[2019-12-08T10:25:40.307+0000][1][safepoint    ] Total time for which application threads were stopped: 0.0000788 seconds, Stopping threads took: 0.0000203 seconds
[2019-12-08T10:25:41.307+0000][1][safepoint    ] Application time: 1.0000796 seconds
[2019-12-08T10:25:41.307+0000][1][safepoint    ] Entering safepoint region: Cleanup
[2019-12-08T10:25:41.307+0000][1][safepoint    ] Leaving safepoint region
[2019-12-08T10:25:41.307+0000][1][safepoint    ] Total time for which application threads were stopped: 0.0000781 seconds, Stopping threads took: 0.0000195 seconds
[2019-12-08T10:25:42.307+0000][1][safepoint    ] Application time: 1.0000745 seconds
[2019-12-08T10:25:42.307+0000][1][safepoint    ] Entering safepoint region: Cleanup
[2019-12-08T10:25:42.307+0000][1][safepoint    ] Leaving safepoint region
[2019-12-08T10:25:42.307+0000][1][safepoint    ] Total time for which application threads were stopped: 0.0000745 seconds, Stopping threads took: 0.0000181 seconds
[2019-12-08T10:25:43.307+0000][1][safepoint    ] Application time: 1.0000827 seconds
[2019-12-08T10:25:43.307+0000][1][safepoint    ] Entering safepoint region: Cleanup
[2019-12-08T10:25:43.307+0000][1][safepoint    ] Leaving safepoint region
[2019-12-08T10:25:43.307+0000][1][safepoint    ] Total time for which application threads were stopped: 0.0000751 seconds, Stopping threads took: 0.0000177 seconds
[2019-12-08T10:25:44.308+0000][1][safepoint    ] Application time: 1.0000761 seconds
[2019-12-08T10:25:44.308+0000][1][safepoint    ] Entering safepoint region: Cleanup
[2019-12-08T10:25:44.308+0000][1][safepoint    ] Leaving safepoint region
[2019-12-08T10:25:44.308+0000][1][safepoint    ] Total time for which application threads were stopped: 0.0000736 seconds, Stopping threads took: 0.0000182 seconds
[2019-12-08T10:25:45.308+0000][1][safepoint    ] Application time: 1.0000767 seconds
[2019-12-08T10:25:45.308+0000][1][safepoint    ] Entering safepoint region: Cleanup
[2019-12-08T10:25:45.308+0000][1][safepoint    ] Leaving safepoint region
[2019-12-08T10:25:45.308+0000][1][safepoint    ] Total time for which application threads were stopped: 0.0000730 seconds, Stopping threads took: 0.0000176 seconds
[2019-12-08T10:25:46.308+0000][1][safepoint    ] Application time: 1.0000762 seconds
[2019-12-08T10:25:46.308+0000][1][safepoint    ] Entering safepoint region: Cleanup
[2019-12-08T10:25:46.308+0000][1][safepoint    ] Leaving safepoint region
[2019-12-08T10:25:46.308+0000][1][safepoint    ] Total time for which application threads were stopped: 0.0000720 seconds, Stopping threads took: 0.0000169 seconds
[2019-12-08T10:25:47.308+0000][1][safepoint    ] Application time: 1.0000738 seconds
[2019-12-08T10:25:47.308+0000][1][safepoint    ] Entering safepoint region: Cleanup
[2019-12-08T10:25:47.308+0000][1][safepoint    ] Leaving safepoint region
[2019-12-08T10:25:47.308+0000][1][safepoint    ] Total time for which application threads were stopped: 0.0000802 seconds, Stopping threads took: 0.0000188 seconds
[2019-12-08T10:25:48.308+0000][1][safepoint    ] Application time: 1.0000750 seconds
[2019-12-08T10:25:48.308+0000][1][safepoint    ] Entering safepoint region: Cleanup
[2019-12-08T10:25:48.308+0000][1][safepoint    ] Leaving safepoint region
[2019-12-08T10:25:48.308+0000][1][safepoint    ] Total time for which application threads were stopped: 0.0000780 seconds, Stopping threads took: 0.0000223 seconds
[2019-12-08T10:25:49.308+0000][1][safepoint    ] Application time: 1.0000763 seconds
[2019-12-08T10:25:49.308+0000][1][safepoint    ] Entering safepoint region: Cleanup
[2019-12-08T10:25:49.308+0000][1][safepoint    ] Leaving safepoint region
[2019-12-08T10:25:49.309+0000][1][safepoint    ] Total time for which application threads were stopped: 0.0000732 seconds, Stopping threads took: 0.0000171 seconds
[2019-12-08T10:25:50.309+0000][1][safepoint    ] Application time: 1.0000749 seconds
[2019-12-08T10:25:50.309+0000][1][safepoint    ] Entering safepoint region: Cleanup
[2019-12-08T10:25:50.309+0000][1][safepoint    ] Leaving safepoint region
[2019-12-08T10:25:50.309+0000][1][safepoint    ] Total time for which application threads were stopped: 0.0000740 seconds, Stopping threads took: 0.0000177 seconds
[2019-12-08T10:25:51.309+0000][1][safepoint    ] Application time: 1.0000759 seconds
[2019-12-08T10:25:51.309+0000][1][safepoint    ] Entering safepoint region: Cleanup
[2019-12-08T10:25:51.309+0000][1][safepoint    ] Leaving safepoint region
[2019-12-08T10:25:51.309+0000][1][safepoint    ] Total time for which application threads were stopped: 0.0000708 seconds, Stopping threads took: 0.0000174 seconds
[2019-12-08T10:25:52.309+0000][1][safepoint    ] Application time: 1.0000750 seconds
[2019-12-08T10:25:52.309+0000][1][safepoint    ] Entering safepoint region: Cleanup
[2019-12-08T10:25:52.309+0000][1][safepoint    ] Leaving safepoint region
[2019-12-08T10:25:52.309+0000][1][safepoint    ] Total time for which application threads were stopped: 0.0000740 seconds, Stopping threads took: 0.0000186 seconds
[2019-12-08T10:25:53.312+0000][1][safepoint    ] Application time: 1.0031246 seconds
[2019-12-08T10:25:53.312+0000][1][safepoint    ] Entering safepoint region: Cleanup
[2019-12-08T10:25:53.312+0000][1][safepoint    ] Leaving safepoint region
[2019-12-08T10:25:53.312+0000][1][safepoint    ] Total time for which application threads were stopped: 0.0001096 seconds, Stopping threads took: 0.0000342 seconds
[2019-12-08T10:25:54.312+0000][1][safepoint    ] Application time: 1.0000789 seconds
[2019-12-08T10:25:54.312+0000][1][safepoint    ] Entering safepoint region: Cleanup
[2019-12-08T10:25:54.312+0000][1][safepoint    ] Leaving safepoint region
[2019-12-08T10:25:54.312+0000][1][safepoint    ] Total time for which application threads were stopped: 0.0000738 seconds, Stopping threads took: 0.0000177 seconds
[2019-12-08T10:25:56.141+0000][1][safepoint    ] Application time: 1.8289740 seconds
[2019-12-08T10:25:56.142+0000][1][safepoint    ] Entering safepoint region: Cleanup
[2019-12-08T10:25:56.142+0000][1][safepoint    ] Leaving safepoint region
[2019-12-08T10:25:56.142+0000][1][safepoint    ] Total time for which application threads were stopped: 0.0000852 seconds, Stopping threads took: 0.0000200 seconds
[2019-12-08T10:25:57.142+0000][1][safepoint    ] Application time: 1.0000763 seconds
[2019-12-08T10:25:57.142+0000][1][safepoint    ] Entering safepoint region: Cleanup
[2019-12-08T10:25:57.142+0000][1][safepoint    ] Leaving safepoint region
[2019-12-08T10:25:57.142+0000][1][safepoint    ] Total time for which application threads were stopped: 0.0000816 seconds, Stopping threads took: 0.0000207 seconds
[2019-12-08T10:25:58.142+0000][1][safepoint    ] Application time: 1.0000775 seconds
[2019-12-08T10:25:58.142+0000][1][safepoint    ] Entering safepoint region: Cleanup
[2019-12-08T10:25:58.142+0000][1][safepoint    ] Leaving safepoint region
[2019-12-08T10:25:58.142+0000][1][safepoint    ] Total time for which application threads were stopped: 0.0000808 seconds, Stopping threads took: 0.0000193 seconds
[2019-12-08T10:25:59.142+0000][1][safepoint    ] Application time: 1.0000784 seconds
[2019-12-08T10:25:59.142+0000][1][safepoint    ] Entering safepoint region: Cleanup
[2019-12-08T10:25:59.142+0000][1][safepoint    ] Leaving safepoint region
[2019-12-08T10:25:59.142+0000][1][safepoint    ] Total time for which application threads were stopped: 0.0000815 seconds, Stopping threads took: 0.0000222 seconds
[2019-12-08T10:26:00.142+0000][1][safepoint    ] Application time: 1.0000825 seconds
[2019-12-08T10:26:00.142+0000][1][safepoint    ] Entering safepoint region: Cleanup
[2019-12-08T10:26:00.142+0000][1][safepoint    ] Leaving safepoint region
[2019-12-08T10:26:00.142+0000][1][safepoint    ] Total time for which application threads were stopped: 0.0000840 seconds, Stopping threads took: 0.0000178 seconds
[2019-12-08T10:26:01.143+0000][1][safepoint    ] Application time: 1.0000768 seconds
[2019-12-08T10:26:01.143+0000][1][safepoint    ] Entering safepoint region: Cleanup
[2019-12-08T10:26:01.143+0000][1][safepoint    ] Leaving safepoint region
[2019-12-08T10:26:01.143+0000][1][safepoint    ] Total time for which application threads were stopped: 0.0000806 seconds, Stopping threads took: 0.0000209 seconds
[2019-12-08T10:26:02.143+0000][1][safepoint    ] Application time: 1.0000810 seconds
[2019-12-08T10:26:02.143+0000][1][safepoint    ] Entering safepoint region: Cleanup
[2019-12-08T10:26:02.143+0000][1][safepoint    ] Leaving safepoint region
[2019-12-08T10:26:02.143+0000][1][safepoint    ] Total time for which application threads were stopped: 0.0000801 seconds, Stopping threads took: 0.0000201 seconds
[2019-12-08T10:26:03.143+0000][1][safepoint    ] Application time: 1.0000762 seconds
[2019-12-08T10:26:03.143+0000][1][safepoint    ] Entering safepoint region: Cleanup
[2019-12-08T10:26:03.143+0000][1][safepoint    ] Leaving safepoint region
[2019-12-08T10:26:03.143+0000][1][safepoint    ] Total time for which application threads were stopped: 0.0000791 seconds, Stopping threads took: 0.0000179 seconds
[2019-12-08T10:26:04.143+0000][1][safepoint    ] Application time: 1.0000786 seconds
[2019-12-08T10:26:04.143+0000][1][safepoint    ] Entering safepoint region: Cleanup
[2019-12-08T10:26:04.143+0000][1][safepoint    ] Leaving safepoint region
[2019-12-08T10:26:04.143+0000][1][safepoint    ] Total time for which application threads were stopped: 0.0000810 seconds, Stopping threads took: 0.0000197 seconds
[2019-12-08T10:26:05.143+0000][1][safepoint    ] Application time: 1.0000833 seconds
[2019-12-08T10:26:05.143+0000][1][safepoint    ] Entering safepoint region: Cleanup
[2019-12-08T10:26:05.143+0000][1][safepoint    ] Leaving safepoint region
[2019-12-08T10:26:05.143+0000][1][safepoint    ] Total time for which application threads were stopped: 0.0000818 seconds, Stopping threads took: 0.0000180 seconds
[2019-12-08T10:26:06.144+0000][1][safepoint    ] Application time: 1.0000801 seconds
[2019-12-08T10:26:06.144+0000][1][safepoint    ] Entering safepoint region: Cleanup
[2019-12-08T10:26:06.144+0000][1][safepoint    ] Leaving safepoint region
[2019-12-08T10:26:06.144+0000][1][safepoint    ] Total time for which application threads were stopped: 0.0000843 seconds, Stopping threads took: 0.0000192 seconds
[2019-12-08T10:26:07.144+0000][1][safepoint    ] Application time: 1.0000970 seconds
[2019-12-08T10:26:07.144+0000][1][safepoint    ] Entering safepoint region: Cleanup
[2019-12-08T10:26:07.144+0000][1][safepoint    ] Leaving safepoint region
[2019-12-08T10:26:07.144+0000][1][safepoint    ] Total time for which application threads were stopped: 0.0000846 seconds, Stopping threads took: 0.0000198 seconds
[2019-12-08T10:26:08.144+0000][1][safepoint    ] Application time: 1.0000786 seconds
[2019-12-08T10:26:08.144+0000][1][safepoint    ] Entering safepoint region: Cleanup
[2019-12-08T10:26:08.144+0000][1][safepoint    ] Leaving safepoint region
[2019-12-08T10:26:08.144+0000][1][safepoint    ] Total time for which application threads were stopped: 0.0000846 seconds, Stopping threads took: 0.0000212 seconds
[2019-12-08T10:26:09.144+0000][1][safepoint    ] Application time: 1.0000799 seconds
[2019-12-08T10:26:09.144+0000][1][safepoint    ] Entering safepoint region: Cleanup
[2019-12-08T10:26:09.144+0000][1][safepoint    ] Leaving safepoint region
[2019-12-08T10:26:09.144+0000][1][safepoint    ] Total time for which application threads were stopped: 0.0000853 seconds, Stopping threads took: 0.0000209 seconds
[2019-12-08T10:26:10.144+0000][1][safepoint    ] Application time: 1.0000852 seconds
[2019-12-08T10:26:10.144+0000][1][safepoint    ] Entering safepoint region: Cleanup
[2019-12-08T10:26:10.145+0000][1][safepoint    ] Leaving safepoint region
[2019-12-08T10:26:10.145+0000][1][safepoint    ] Total time for which application threads were stopped: 0.0001182 seconds, Stopping threads took: 0.0000472 seconds
[2019-12-08T10:26:11.145+0000][1][safepoint    ] Application time: 1.0000869 seconds
[2019-12-08T10:26:11.145+0000][1][safepoint    ] Entering safepoint region: Cleanup
[2019-12-08T10:26:11.145+0000][1][safepoint    ] Leaving safepoint region
[2019-12-08T10:26:11.145+0000][1][safepoint    ] Total time for which application threads were stopped: 0.0000844 seconds, Stopping threads took: 0.0000219 seconds
[2019-12-08T10:26:12.145+0000][1][safepoint    ] Application time: 1.0000780 seconds
[2019-12-08T10:26:12.145+0000][1][safepoint    ] Entering safepoint region: Cleanup
[2019-12-08T10:26:12.145+0000][1][safepoint    ] Leaving safepoint region
[2019-12-08T10:26:12.145+0000][1][safepoint    ] Total time for which application threads were stopped: 0.0000830 seconds, Stopping threads took: 0.0000214 seconds
[2019-12-08T10:26:13.145+0000][1][safepoint    ] Application time: 1.0000814 seconds
[2019-12-08T10:26:13.145+0000][1][safepoint    ] Entering safepoint region: Cleanup
[2019-12-08T10:26:13.145+0000][1][safepoint    ] Leaving safepoint region
[2019-12-08T10:26:13.145+0000][1][safepoint    ] Total time for which application threads were stopped: 0.0000799 seconds, Stopping threads took: 0.0000194 seconds
[2019-12-08T10:26:14.145+0000][1][safepoint    ] Application time: 1.0000826 seconds
[2019-12-08T10:26:14.145+0000][1][safepoint    ] Entering safepoint region: Cleanup
[2019-12-08T10:26:14.145+0000][1][safepoint    ] Leaving safepoint region
[2019-12-08T10:26:14.145+0000][1][safepoint    ] Total time for which application threads were stopped: 0.0001105 seconds, Stopping threads took: 0.0000267 seconds
[2019-12-08T10:26:15.146+0000][1][safepoint    ] Application time: 1.0000895 seconds
[2019-12-08T10:26:15.146+0000][1][safepoint    ] Entering safepoint region: Cleanup
[2019-12-08T10:26:15.146+0000][1][safepoint    ] Leaving safepoint region
[2019-12-08T10:26:15.146+0000][1][safepoint    ] Total time for which application threads were stopped: 0.0001263 seconds, Stopping threads took: 0.0000484 seconds
[2019-12-08T10:26:16.146+0000][1][safepoint    ] Application time: 1.0000875 seconds
[2019-12-08T10:26:16.146+0000][1][safepoint    ] Entering safepoint region: Cleanup
[2019-12-08T10:26:16.146+0000][1][safepoint    ] Leaving safepoint region
[2019-12-08T10:26:16.146+0000][1][safepoint    ] Total time for which application threads were stopped: 0.0000837 seconds, Stopping threads took: 0.0000209 seconds
[2019-12-08T10:26:17.146+0000][1][safepoint    ] Application time: 1.0000790 seconds
[2019-12-08T10:26:17.146+0000][1][safepoint    ] Entering safepoint region: Cleanup
[2019-12-08T10:26:17.146+0000][1][safepoint    ] Leaving safepoint region
[2019-12-08T10:26:17.146+0000][1][safepoint    ] Total time for which application threads were stopped: 0.0000834 seconds, Stopping threads took: 0.0000207 seconds
[2019-12-08T10:26:18.146+0000][1][safepoint    ] Application time: 1.0000871 seconds
[2019-12-08T10:26:18.146+0000][1][safepoint    ] Entering safepoint region: Cleanup
[2019-12-08T10:26:18.146+0000][1][safepoint    ] Leaving safepoint region
[2019-12-08T10:26:18.146+0000][1][safepoint    ] Total time for which application threads were stopped: 0.0000838 seconds, Stopping threads took: 0.0000202 seconds
[2019-12-08T10:26:19.146+0000][1][safepoint    ] Application time: 1.0000787 seconds
[2019-12-08T10:26:19.146+0000][1][safepoint    ] Entering safepoint region: Cleanup
[2019-12-08T10:26:19.147+0000][1][safepoint    ] Leaving safepoint region
[2019-12-08T10:26:19.147+0000][1][safepoint    ] Total time for which application threads were stopped: 0.0000819 seconds, Stopping threads took: 0.0000193 seconds
[2019-12-08T10:26:20.147+0000][1][safepoint    ] Application time: 1.0000810 seconds
[2019-12-08T10:26:20.147+0000][1][safepoint    ] Entering safepoint region: Cleanup
[2019-12-08T10:26:20.147+0000][1][safepoint    ] Leaving safepoint region
[2019-12-08T10:26:20.147+0000][1][safepoint    ] Total time for which application threads were stopped: 0.0001258 seconds, Stopping threads took: 0.0000533 seconds
[2019-12-08T10:26:21.147+0000][1][safepoint    ] Application time: 1.0000895 seconds
[2019-12-08T10:26:21.147+0000][1][safepoint    ] Entering safepoint region: Cleanup
[2019-12-08T10:26:21.147+0000][1][safepoint    ] Leaving safepoint region
[2019-12-08T10:26:21.147+0000][1][safepoint    ] Total time for which application threads were stopped: 0.0000841 seconds, Stopping threads took: 0.0000210 seconds
[2019-12-08T10:26:22.169+0000][1][safepoint    ] Application time: 1.0214513 seconds
[2019-12-08T10:26:22.169+0000][1][safepoint    ] Entering safepoint region: Cleanup
[2019-12-08T10:26:22.169+0000][1][safepoint    ] Leaving safepoint region
[2019-12-08T10:26:22.169+0000][1][safepoint    ] Total time for which application threads were stopped: 0.0000794 seconds, Stopping threads took: 0.0000197 seconds
[2019-12-08T10:26:23.169+0000][1][safepoint    ] Application time: 1.0000752 seconds
[2019-12-08T10:26:23.169+0000][1][safepoint    ] Entering safepoint region: Cleanup
[2019-12-08T10:26:23.169+0000][1][safepoint    ] Leaving safepoint region
[2019-12-08T10:26:23.169+0000][1][safepoint    ] Total time for which application threads were stopped: 0.0000727 seconds, Stopping threads took: 0.0000182 seconds
[2019-12-08T10:26:24.169+0000][1][safepoint    ] Application time: 1.0000804 seconds
[2019-12-08T10:26:24.169+0000][1][safepoint    ] Entering safepoint region: Cleanup
[2019-12-08T10:26:24.169+0000][1][safepoint    ] Leaving safepoint region
[2019-12-08T10:26:24.169+0000][1][safepoint    ] Total time for which application threads were stopped: 0.0000727 seconds, Stopping threads took: 0.0000185 seconds
[2019-12-08T10:26:25.169+0000][1][safepoint    ] Application time: 1.0000763 seconds
[2019-12-08T10:26:25.169+0000][1][safepoint    ] Entering safepoint region: Cleanup
[2019-12-08T10:26:25.169+0000][1][safepoint    ] Leaving safepoint region
[2019-12-08T10:26:25.169+0000][1][safepoint    ] Total time for which application threads were stopped: 0.0000723 seconds, Stopping threads took: 0.0000168 seconds
[2019-12-08T10:26:26.169+0000][1][safepoint    ] Application time: 1.0000794 seconds
[2019-12-08T10:26:26.169+0000][1][safepoint    ] Entering safepoint region: Cleanup
[2019-12-08T10:26:26.169+0000][1][safepoint    ] Leaving safepoint region
[2019-12-08T10:26:26.169+0000][1][safepoint    ] Total time for which application threads were stopped: 0.0000736 seconds, Stopping threads took: 0.0000164 seconds
[2019-12-08T10:26:27.169+0000][1][safepoint    ] Application time: 1.0000779 seconds
[2019-12-08T10:26:27.169+0000][1][safepoint    ] Entering safepoint region: Cleanup
[2019-12-08T10:26:27.170+0000][1][safepoint    ] Leaving safepoint region
[2019-12-08T10:26:27.170+0000][1][safepoint    ] Total time for which application threads were stopped: 0.0000746 seconds, Stopping threads took: 0.0000183 seconds
[2019-12-08T10:26:28.170+0000][1][safepoint    ] Application time: 1.0000775 seconds
[2019-12-08T10:26:28.170+0000][1][safepoint    ] Entering safepoint region: Cleanup
[2019-12-08T10:26:28.170+0000][1][safepoint    ] Leaving safepoint region
[2019-12-08T10:26:28.170+0000][1][safepoint    ] Total time for which application threads were stopped: 0.0000869 seconds, Stopping threads took: 0.0000185 seconds
[2019-12-08T10:26:29.170+0000][1][safepoint    ] Application time: 1.0000776 seconds
[2019-12-08T10:26:29.170+0000][1][safepoint    ] Entering safepoint region: Cleanup
[2019-12-08T10:26:29.170+0000][1][safepoint    ] Leaving safepoint region
[2019-12-08T10:26:29.170+0000][1][safepoint    ] Total time for which application threads were stopped: 0.0000750 seconds, Stopping threads took: 0.0000183 seconds
[2019-12-08T10:26:30.170+0000][1][safepoint    ] Application time: 1.0000774 seconds
[2019-12-08T10:26:30.170+0000][1][safepoint    ] Entering safepoint region: Cleanup
[2019-12-08T10:26:30.170+0000][1][safepoint    ] Leaving safepoint region
[2019-12-08T10:26:30.170+0000][1][safepoint    ] Total time for which application threads were stopped: 0.0000840 seconds, Stopping threads took: 0.0000183 seconds
[2019-12-08T10:26:31.170+0000][1][safepoint    ] Application time: 1.0001295 seconds
[2019-12-08T10:26:31.170+0000][1][safepoint    ] Entering safepoint region: Cleanup
[2019-12-08T10:26:31.170+0000][1][safepoint    ] Leaving safepoint region
[2019-12-08T10:26:31.170+0000][1][safepoint    ] Total time for which application threads were stopped: 0.0001327 seconds, Stopping threads took: 0.0000559 seconds
[2019-12-08T10:26:32.171+0000][1][safepoint    ] Application time: 1.0000902 seconds
[2019-12-08T10:26:32.171+0000][1][safepoint    ] Entering safepoint region: Cleanup
[2019-12-08T10:26:32.171+0000][1][safepoint    ] Leaving safepoint region
[2019-12-08T10:26:32.171+0000][1][safepoint    ] Total time for which application threads were stopped: 0.0001616 seconds, Stopping threads took: 0.0000567 seconds
[2019-12-08T10:26:33.171+0000][1][safepoint    ] Application time: 1.0000888 seconds
[2019-12-08T10:26:33.171+0000][1][safepoint    ] Entering safepoint region: Cleanup
[2019-12-08T10:26:33.171+0000][1][safepoint    ] Leaving safepoint region
[2019-12-08T10:26:33.171+0000][1][safepoint    ] Total time for which application threads were stopped: 0.0000904 seconds, Stopping threads took: 0.0000313 seconds
[2019-12-08T10:26:34.171+0000][1][safepoint    ] Application time: 1.0000852 seconds
[2019-12-08T10:26:34.171+0000][1][safepoint    ] Entering safepoint region: Cleanup
[2019-12-08T10:26:34.171+0000][1][safepoint    ] Leaving safepoint region
[2019-12-08T10:26:34.171+0000][1][safepoint    ] Total time for which application threads were stopped: 0.0000790 seconds, Stopping threads took: 0.0000172 seconds
[2019-12-08T10:26:35.171+0000][1][safepoint    ] Application time: 1.0000764 seconds
[2019-12-08T10:26:35.171+0000][1][safepoint    ] Entering safepoint region: Cleanup
[2019-12-08T10:26:35.171+0000][1][safepoint    ] Leaving safepoint region
[2019-12-08T10:26:35.171+0000][1][safepoint    ] Total time for which application threads were stopped: 0.0000882 seconds, Stopping threads took: 0.0000180 seconds
[2019-12-08T10:26:36.171+0000][1][safepoint    ] Application time: 1.0000761 seconds
[2019-12-08T10:26:36.171+0000][1][safepoint    ] Entering safepoint region: Cleanup
[2019-12-08T10:26:36.172+0000][1][safepoint    ] Leaving safepoint region
[2019-12-08T10:26:36.172+0000][1][safepoint    ] Total time for which application threads were stopped: 0.0000767 seconds, Stopping threads took: 0.0000198 seconds
[2019-12-08T10:26:37.172+0000][1][safepoint    ] Application time: 1.0000788 seconds
[2019-12-08T10:26:37.172+0000][1][safepoint    ] Entering safepoint region: Cleanup
[2019-12-08T10:26:37.172+0000][1][safepoint    ] Leaving safepoint region
[2019-12-08T10:26:37.172+0000][1][safepoint    ] Total time for which application threads were stopped: 0.0000880 seconds, Stopping threads took: 0.0000177 seconds
[2019-12-08T10:26:38.172+0000][1][safepoint    ] Application time: 1.0000759 seconds
[2019-12-08T10:26:38.172+0000][1][safepoint    ] Entering safepoint region: Cleanup
[2019-12-08T10:26:38.172+0000][1][safepoint    ] Leaving safepoint region
[2019-12-08T10:26:38.172+0000][1][safepoint    ] Total time for which application threads were stopped: 0.0000773 seconds, Stopping threads took: 0.0000195 seconds
[2019-12-08T10:26:39.172+0000][1][safepoint    ] Application time: 1.0000784 seconds
[2019-12-08T10:26:39.172+0000][1][safepoint    ] Entering safepoint region: Cleanup
[2019-12-08T10:26:39.172+0000][1][safepoint    ] Leaving safepoint region
[2019-12-08T10:26:39.172+0000][1][safepoint    ] Total time for which application threads were stopped: 0.0000764 seconds, Stopping threads took: 0.0000180 seconds
[2019-12-08T10:26:40.172+0000][1][safepoint    ] Application time: 1.0000782 seconds
[2019-12-08T10:26:40.172+0000][1][safepoint    ] Entering safepoint region: Cleanup
[2019-12-08T10:26:40.172+0000][1][safepoint    ] Leaving safepoint region
[2019-12-08T10:26:40.172+0000][1][safepoint    ] Total time for which application threads were stopped: 0.0000777 seconds, Stopping threads took: 0.0000175 seconds
[2019-12-08T10:26:41.172+0000][1][safepoint    ] Application time: 1.0000797 seconds
[2019-12-08T10:26:41.172+0000][1][safepoint    ] Entering safepoint region: Cleanup
[2019-12-08T10:26:41.173+0000][1][safepoint    ] Leaving safepoint region
[2019-12-08T10:26:41.173+0000][1][safepoint    ] Total time for which application threads were stopped: 0.0000800 seconds, Stopping threads took: 0.0000195 seconds
[2019-12-08T10:26:42.173+0000][1][safepoint    ] Application time: 1.0000783 seconds
[2019-12-08T10:26:42.173+0000][1][safepoint    ] Entering safepoint region: Cleanup
[2019-12-08T10:26:42.173+0000][1][safepoint    ] Leaving safepoint region
[2019-12-08T10:26:42.173+0000][1][safepoint    ] Total time for which application threads were stopped: 0.0001001 seconds, Stopping threads took: 0.0000241 seconds
[2019-12-08T10:26:43.173+0000][1][safepoint    ] Application time: 1.0000801 seconds
[2019-12-08T10:26:43.173+0000][1][safepoint    ] Entering safepoint region: Cleanup
[2019-12-08T10:26:43.173+0000][1][safepoint    ] Leaving safepoint region
[2019-12-08T10:26:43.173+0000][1][safepoint    ] Total time for which application threads were stopped: 0.0000786 seconds, Stopping threads took: 0.0000173 seconds
[2019-12-08T10:26:44.173+0000][1][safepoint    ] Application time: 1.0000790 seconds
[2019-12-08T10:26:44.173+0000][1][safepoint    ] Entering safepoint region: Cleanup
[2019-12-08T10:26:44.173+0000][1][safepoint    ] Leaving safepoint region
[2019-12-08T10:26:44.173+0000][1][safepoint    ] Total time for which application threads were stopped: 0.0000793 seconds, Stopping threads took: 0.0000185 seconds
[2019-12-08T10:26:45.173+0000][1][safepoint    ] Application time: 1.0000777 seconds
[2019-12-08T10:26:45.173+0000][1][safepoint    ] Entering safepoint region: Cleanup
[2019-12-08T10:26:45.173+0000][1][safepoint    ] Leaving safepoint region
[2019-12-08T10:26:45.173+0000][1][safepoint    ] Total time for which application threads were stopped: 0.0000774 seconds, Stopping threads took: 0.0000170 seconds
[2019-12-08T10:26:45.178+0000][1][safepoint    ] Application time: 0.0043959 seconds
[2019-12-08T10:26:45.178+0000][1][safepoint    ] Entering safepoint region: GenCollectForAllocation
[2019-12-08T10:26:45.178+0000][1][gc,start     ] GC(47) Pause Young (Allocation Failure)
[2019-12-08T10:26:45.178+0000][1][gc,task      ] GC(47) Using 4 workers of 4 for evacuation
[2019-12-08T10:26:45.179+0000][1][gc,age       ] GC(47) Desired survivor size 4456448 bytes, new threshold 6 (max threshold 6)
[2019-12-08T10:26:45.179+0000][1][gc,age       ] GC(47) Age table with threshold 6 (max threshold 6)
[2019-12-08T10:26:45.179+0000][1][gc,age       ] GC(47) - age   1:       5496 bytes,       5496 total
[2019-12-08T10:26:45.179+0000][1][gc,age       ] GC(47) - age   2:       8992 bytes,      14488 total
[2019-12-08T10:26:45.179+0000][1][gc,age       ] GC(47) - age   3:       1328 bytes,      15816 total
[2019-12-08T10:26:45.179+0000][1][gc,age       ] GC(47) - age   5:       1392 bytes,      17208 total
[2019-12-08T10:26:45.179+0000][1][gc,heap      ] GC(47) ParNew: 69972K->24K(78656K)
[2019-12-08T10:26:45.179+0000][1][gc,heap      ] GC(47) CMS: 70412K->70412K(174784K)
[2019-12-08T10:26:45.179+0000][1][gc,metaspace ] GC(47) Metaspace: 72547K->72547K(1116160K)
[2019-12-08T10:26:45.179+0000][1][gc           ] GC(47) Pause Young (Allocation Failure) 137M->68M(247M) 1.052ms
[2019-12-08T10:26:45.179+0000][1][gc,cpu       ] GC(47) User=0.00s Sys=0.00s Real=0.00s
[2019-12-08T10:26:45.179+0000][1][safepoint    ] Leaving safepoint region
[2019-12-08T10:26:45.179+0000][1][safepoint    ] Total time for which application threads were stopped: 0.0012094 seconds, Stopping threads took: 0.0000215 seconds
[2019-12-08T10:26:46.179+0000][1][safepoint    ] Application time: 1.0000887 seconds
[2019-12-08T10:26:46.179+0000][1][safepoint    ] Entering safepoint region: Cleanup
[2019-12-08T10:26:46.179+0000][1][safepoint    ] Leaving safepoint region
[2019-12-08T10:26:46.179+0000][1][safepoint    ] Total time for which application threads were stopped: 0.0000830 seconds, Stopping threads took: 0.0000247 seconds
[2019-12-08T10:26:47.179+0000][1][safepoint    ] Application time: 1.0000847 seconds
[2019-12-08T10:26:47.179+0000][1][safepoint    ] Entering safepoint region: Cleanup
[2019-12-08T10:26:47.179+0000][1][safepoint    ] Leaving safepoint region
[2019-12-08T10:26:47.179+0000][1][safepoint    ] Total time for which application threads were stopped: 0.0000764 seconds, Stopping threads took: 0.0000171 seconds
[2019-12-08T10:26:48.179+0000][1][safepoint    ] Application time: 1.0000822 seconds
[2019-12-08T10:26:48.180+0000][1][safepoint    ] Entering safepoint region: Cleanup
[2019-12-08T10:26:48.180+0000][1][safepoint    ] Leaving safepoint region
[2019-12-08T10:26:48.180+0000][1][safepoint    ] Total time for which application threads were stopped: 0.0000934 seconds, Stopping threads took: 0.0000285 seconds
[2019-12-08T10:26:49.180+0000][1][safepoint    ] Application time: 1.0000832 seconds
[2019-12-08T10:26:49.180+0000][1][safepoint    ] Entering safepoint region: Cleanup
[2019-12-08T10:26:49.180+0000][1][safepoint    ] Leaving safepoint region
[2019-12-08T10:26:49.180+0000][1][safepoint    ] Total time for which application threads were stopped: 0.0000900 seconds, Stopping threads took: 0.0000286 seconds
[2019-12-08T10:26:50.180+0000][1][safepoint    ] Application time: 1.0000805 seconds
[2019-12-08T10:26:50.180+0000][1][safepoint    ] Entering safepoint region: Cleanup
[2019-12-08T10:26:50.180+0000][1][safepoint    ] Leaving safepoint region
[2019-12-08T10:26:50.180+0000][1][safepoint    ] Total time for which application threads were stopped: 0.0001279 seconds, Stopping threads took: 0.0000245 seconds
[2019-12-08T10:26:51.180+0000][1][safepoint    ] Application time: 1.0000877 seconds
[2019-12-08T10:26:51.180+0000][1][safepoint    ] Entering safepoint region: Cleanup
[2019-12-08T10:26:51.180+0000][1][safepoint    ] Leaving safepoint region
[2019-12-08T10:26:51.180+0000][1][safepoint    ] Total time for which application threads were stopped: 0.0000838 seconds, Stopping threads took: 0.0000191 seconds
[2019-12-08T10:26:52.180+0000][1][safepoint    ] Application time: 1.0000758 seconds
[2019-12-08T10:26:52.180+0000][1][safepoint    ] Entering safepoint region: Cleanup
[2019-12-08T10:26:52.181+0000][1][safepoint    ] Leaving safepoint region
[2019-12-08T10:26:52.181+0000][1][safepoint    ] Total time for which application threads were stopped: 0.0000780 seconds, Stopping threads took: 0.0000180 seconds
[2019-12-08T10:26:53.181+0000][1][safepoint    ] Application time: 1.0000757 seconds
[2019-12-08T10:26:53.181+0000][1][safepoint    ] Entering safepoint region: Cleanup
[2019-12-08T10:26:53.181+0000][1][safepoint    ] Leaving safepoint region
[2019-12-08T10:26:53.181+0000][1][safepoint    ] Total time for which application threads were stopped: 0.0000962 seconds, Stopping threads took: 0.0000190 seconds
[2019-12-08T10:26:54.181+0000][1][safepoint    ] Application time: 1.0000760 seconds
[2019-12-08T10:26:54.181+0000][1][safepoint    ] Entering safepoint region: Cleanup
[2019-12-08T10:26:54.181+0000][1][safepoint    ] Leaving safepoint region
[2019-12-08T10:26:54.181+0000][1][safepoint    ] Total time for which application threads were stopped: 0.0000818 seconds, Stopping threads took: 0.0000215 seconds
[2019-12-08T10:26:55.181+0000][1][safepoint    ] Application time: 1.0000774 seconds
[2019-12-08T10:26:55.181+0000][1][safepoint    ] Entering safepoint region: Cleanup
[2019-12-08T10:26:55.181+0000][1][safepoint    ] Leaving safepoint region
[2019-12-08T10:26:55.181+0000][1][safepoint    ] Total time for which application threads were stopped: 0.0000780 seconds, Stopping threads took: 0.0000186 seconds
[2019-12-08T10:26:56.181+0000][1][safepoint    ] Application time: 1.0000778 seconds
[2019-12-08T10:26:56.181+0000][1][safepoint    ] Entering safepoint region: Cleanup
[2019-12-08T10:26:56.181+0000][1][safepoint    ] Leaving safepoint region
[2019-12-08T10:26:56.181+0000][1][safepoint    ] Total time for which application threads were stopped: 0.0000950 seconds, Stopping threads took: 0.0000190 seconds
[2019-12-08T10:26:57.181+0000][1][safepoint    ] Application time: 1.0000767 seconds
[2019-12-08T10:26:57.181+0000][1][safepoint    ] Entering safepoint region: Cleanup
[2019-12-08T10:26:57.182+0000][1][safepoint    ] Leaving safepoint region
[2019-12-08T10:26:57.182+0000][1][safepoint    ] Total time for which application threads were stopped: 0.0000782 seconds, Stopping threads took: 0.0000188 seconds
[2019-12-08T10:26:58.182+0000][1][safepoint    ] Application time: 1.0000780 seconds
[2019-12-08T10:26:58.182+0000][1][safepoint    ] Entering safepoint region: Cleanup
[2019-12-08T10:26:58.182+0000][1][safepoint    ] Leaving safepoint region
[2019-12-08T10:26:58.182+0000][1][safepoint    ] Total time for which application threads were stopped: 0.0001031 seconds, Stopping threads took: 0.0000435 seconds
[2019-12-08T10:26:59.182+0000][1][safepoint    ] Application time: 1.0000768 seconds
[2019-12-08T10:26:59.182+0000][1][safepoint    ] Entering safepoint region: Cleanup
[2019-12-08T10:26:59.182+0000][1][safepoint    ] Leaving safepoint region
[2019-12-08T10:26:59.182+0000][1][safepoint    ] Total time for which application threads were stopped: 0.0000801 seconds, Stopping threads took: 0.0000188 seconds
[2019-12-08T10:27:00.182+0000][1][safepoint    ] Application time: 1.0000752 seconds
[2019-12-08T10:27:00.182+0000][1][safepoint    ] Entering safepoint region: Cleanup
[2019-12-08T10:27:00.182+0000][1][safepoint    ] Leaving safepoint region
[2019-12-08T10:27:00.182+0000][1][safepoint    ] Total time for which application threads were stopped: 0.0000744 seconds, Stopping threads took: 0.0000167 seconds
[2019-12-08T10:27:01.182+0000][1][safepoint    ] Application time: 1.0000797 seconds
[2019-12-08T10:27:01.182+0000][1][safepoint    ] Entering safepoint region: Cleanup
[2019-12-08T10:27:01.182+0000][1][safepoint    ] Leaving safepoint region
[2019-12-08T10:27:01.182+0000][1][safepoint    ] Total time for which application threads were stopped: 0.0000811 seconds, Stopping threads took: 0.0000179 seconds
[2019-12-08T10:27:02.182+0000][1][safepoint    ] Application time: 1.0000774 seconds
[2019-12-08T10:27:02.182+0000][1][safepoint    ] Entering safepoint region: Cleanup
[2019-12-08T10:27:02.183+0000][1][safepoint    ] Leaving safepoint region
[2019-12-08T10:27:02.183+0000][1][safepoint    ] Total time for which application threads were stopped: 0.0000777 seconds, Stopping threads took: 0.0000176 seconds
[2019-12-08T10:27:03.183+0000][1][safepoint    ] Application time: 1.0000766 seconds
[2019-12-08T10:27:03.183+0000][1][safepoint    ] Entering safepoint region: Cleanup
[2019-12-08T10:27:03.183+0000][1][safepoint    ] Leaving safepoint region
[2019-12-08T10:27:03.183+0000][1][safepoint    ] Total time for which application threads were stopped: 0.0000767 seconds, Stopping threads took: 0.0000179 seconds
[2019-12-08T10:27:04.183+0000][1][safepoint    ] Application time: 1.0000824 seconds
[2019-12-08T10:27:04.183+0000][1][safepoint    ] Entering safepoint region: Cleanup
[2019-12-08T10:27:04.183+0000][1][safepoint    ] Leaving safepoint region
[2019-12-08T10:27:04.183+0000][1][safepoint    ] Total time for which application threads were stopped: 0.0000777 seconds, Stopping threads took: 0.0000180 seconds
[2019-12-08T10:27:05.183+0000][1][safepoint    ] Application time: 1.0000767 seconds
[2019-12-08T10:27:05.183+0000][1][safepoint    ] Entering safepoint region: Cleanup
[2019-12-08T10:27:05.183+0000][1][safepoint    ] Leaving safepoint region
[2019-12-08T10:27:05.183+0000][1][safepoint    ] Total time for which application threads were stopped: 0.0000781 seconds, Stopping threads took: 0.0000190 seconds
[2019-12-08T10:27:06.183+0000][1][safepoint    ] Application time: 1.0000749 seconds
[2019-12-08T10:27:06.183+0000][1][safepoint    ] Entering safepoint region: Cleanup
[2019-12-08T10:27:06.183+0000][1][safepoint    ] Leaving safepoint region
[2019-12-08T10:27:06.183+0000][1][safepoint    ] Total time for which application threads were stopped: 0.0000774 seconds, Stopping threads took: 0.0000188 seconds
[2019-12-08T10:27:07.183+0000][1][safepoint    ] Application time: 1.0000765 seconds
[2019-12-08T10:27:07.184+0000][1][safepoint    ] Entering safepoint region: Cleanup
[2019-12-08T10:27:07.184+0000][1][safepoint    ] Leaving safepoint region
[2019-12-08T10:27:07.184+0000][1][safepoint    ] Total time for which application threads were stopped: 0.0000783 seconds, Stopping threads took: 0.0000197 seconds
[2019-12-08T10:27:08.184+0000][1][safepoint    ] Application time: 1.0000794 seconds
[2019-12-08T10:27:08.184+0000][1][safepoint    ] Entering safepoint region: Cleanup
[2019-12-08T10:27:08.184+0000][1][safepoint    ] Leaving safepoint region
[2019-12-08T10:27:08.184+0000][1][safepoint    ] Total time for which application threads were stopped: 0.0000877 seconds, Stopping threads took: 0.0000274 seconds
[2019-12-08T10:27:09.186+0000][1][safepoint    ] Application time: 1.0024733 seconds
[2019-12-08T10:27:09.186+0000][1][safepoint    ] Entering safepoint region: Cleanup
[2019-12-08T10:27:09.186+0000][1][safepoint    ] Leaving safepoint region
[2019-12-08T10:27:09.186+0000][1][safepoint    ] Total time for which application threads were stopped: 0.0001047 seconds, Stopping threads took: 0.0000245 seconds
[2019-12-08T10:27:10.187+0000][1][safepoint    ] Application time: 1.0000756 seconds
[2019-12-08T10:27:10.187+0000][1][safepoint    ] Entering safepoint region: Cleanup
[2019-12-08T10:27:10.187+0000][1][safepoint    ] Leaving safepoint region
[2019-12-08T10:27:10.187+0000][1][safepoint    ] Total time for which application threads were stopped: 0.0000798 seconds, Stopping threads took: 0.0000184 seconds
[2019-12-08T10:27:11.187+0000][1][safepoint    ] Application time: 1.0000786 seconds
[2019-12-08T10:27:11.187+0000][1][safepoint    ] Entering safepoint region: Cleanup
[2019-12-08T10:27:11.187+0000][1][safepoint    ] Leaving safepoint region
[2019-12-08T10:27:11.187+0000][1][safepoint    ] Total time for which application threads were stopped: 0.0000804 seconds, Stopping threads took: 0.0000197 seconds
[2019-12-08T10:27:12.187+0000][1][safepoint    ] Application time: 1.0000766 seconds
[2019-12-08T10:27:12.187+0000][1][safepoint    ] Entering safepoint region: Cleanup
[2019-12-08T10:27:12.187+0000][1][safepoint    ] Leaving safepoint region
[2019-12-08T10:27:12.187+0000][1][safepoint    ] Total time for which application threads were stopped: 0.0000786 seconds, Stopping threads took: 0.0000188 seconds
[2019-12-08T10:27:13.187+0000][1][safepoint    ] Application time: 1.0000770 seconds
[2019-12-08T10:27:13.187+0000][1][safepoint    ] Entering safepoint region: Cleanup
[2019-12-08T10:27:13.187+0000][1][safepoint    ] Leaving safepoint region
[2019-12-08T10:27:13.187+0000][1][safepoint    ] Total time for which application threads were stopped: 0.0000827 seconds, Stopping threads took: 0.0000215 seconds
[2019-12-08T10:27:14.187+0000][1][safepoint    ] Application time: 1.0000758 seconds
[2019-12-08T10:27:14.187+0000][1][safepoint    ] Entering safepoint region: Cleanup
[2019-12-08T10:27:14.187+0000][1][safepoint    ] Leaving safepoint region
[2019-12-08T10:27:14.187+0000][1][safepoint    ] Total time for which application threads were stopped: 0.0000799 seconds, Stopping threads took: 0.0000193 seconds
[2019-12-08T10:27:15.188+0000][1][safepoint    ] Application time: 1.0000767 seconds
[2019-12-08T10:27:15.188+0000][1][safepoint    ] Entering safepoint region: Cleanup
[2019-12-08T10:27:15.188+0000][1][safepoint    ] Leaving safepoint region
[2019-12-08T10:27:15.188+0000][1][safepoint    ] Total time for which application threads were stopped: 0.0000772 seconds, Stopping threads took: 0.0000196 seconds
[2019-12-08T10:27:16.188+0000][1][safepoint    ] Application time: 1.0000783 seconds
[2019-12-08T10:27:16.188+0000][1][safepoint    ] Entering safepoint region: Cleanup
[2019-12-08T10:27:16.188+0000][1][safepoint    ] Leaving safepoint region
[2019-12-08T10:27:16.188+0000][1][safepoint    ] Total time for which application threads were stopped: 0.0000815 seconds, Stopping threads took: 0.0000213 seconds
[2019-12-08T10:27:17.188+0000][1][safepoint    ] Application time: 1.0000785 seconds
[2019-12-08T10:27:17.188+0000][1][safepoint    ] Entering safepoint region: Cleanup
[2019-12-08T10:27:17.188+0000][1][safepoint    ] Leaving safepoint region
[2019-12-08T10:27:17.188+0000][1][safepoint    ] Total time for which application threads were stopped: 0.0000808 seconds, Stopping threads took: 0.0000207 seconds
[2019-12-08T10:27:18.188+0000][1][safepoint    ] Application time: 1.0000789 seconds
[2019-12-08T10:27:18.188+0000][1][safepoint    ] Entering safepoint region: Cleanup
[2019-12-08T10:27:18.188+0000][1][safepoint    ] Leaving safepoint region
[2019-12-08T10:27:18.188+0000][1][safepoint    ] Total time for which application threads were stopped: 0.0000887 seconds, Stopping threads took: 0.0000265 seconds
[2019-12-08T10:27:19.188+0000][1][safepoint    ] Application time: 1.0000777 seconds
[2019-12-08T10:27:19.188+0000][1][safepoint    ] Entering safepoint region: Cleanup
[2019-12-08T10:27:19.188+0000][1][safepoint    ] Leaving safepoint region
[2019-12-08T10:27:19.188+0000][1][safepoint    ] Total time for which application threads were stopped: 0.0000793 seconds, Stopping threads took: 0.0000190 seconds
[2019-12-08T10:27:20.189+0000][1][safepoint    ] Application time: 1.0000771 seconds
[2019-12-08T10:27:20.189+0000][1][safepoint    ] Entering safepoint region: Cleanup
[2019-12-08T10:27:20.189+0000][1][safepoint    ] Leaving safepoint region
[2019-12-08T10:27:20.189+0000][1][safepoint    ] Total time for which application threads were stopped: 0.0000786 seconds, Stopping threads took: 0.0000182 seconds
[2019-12-08T10:27:21.189+0000][1][safepoint    ] Application time: 1.0000754 seconds
[2019-12-08T10:27:21.189+0000][1][safepoint    ] Entering safepoint region: Cleanup
[2019-12-08T10:27:21.189+0000][1][safepoint    ] Leaving safepoint region
[2019-12-08T10:27:21.189+0000][1][safepoint    ] Total time for which application threads were stopped: 0.0000791 seconds, Stopping threads took: 0.0000189 seconds
[2019-12-08T10:27:22.189+0000][1][safepoint    ] Application time: 1.0000785 seconds
[2019-12-08T10:27:22.189+0000][1][safepoint    ] Entering safepoint region: Cleanup
[2019-12-08T10:27:22.189+0000][1][safepoint    ] Leaving safepoint region
[2019-12-08T10:27:22.189+0000][1][safepoint    ] Total time for which application threads were stopped: 0.0000806 seconds, Stopping threads took: 0.0000195 seconds
[2019-12-08T10:27:23.189+0000][1][safepoint    ] Application time: 1.0000792 seconds
[2019-12-08T10:27:23.189+0000][1][safepoint    ] Entering safepoint region: Cleanup
[2019-12-08T10:27:23.189+0000][1][safepoint    ] Leaving safepoint region
[2019-12-08T10:27:23.189+0000][1][safepoint    ] Total time for which application threads were stopped: 0.0000852 seconds, Stopping threads took: 0.0000199 seconds
[2019-12-08T10:27:24.189+0000][1][safepoint    ] Application time: 1.0000777 seconds
[2019-12-08T10:27:24.189+0000][1][safepoint    ] Entering safepoint region: Cleanup
[2019-12-08T10:27:24.189+0000][1][safepoint    ] Leaving safepoint region
[2019-12-08T10:27:24.189+0000][1][safepoint    ] Total time for which application threads were stopped: 0.0000785 seconds, Stopping threads took: 0.0000191 seconds
[2019-12-08T10:27:25.190+0000][1][safepoint    ] Application time: 1.0000813 seconds
[2019-12-08T10:27:25.190+0000][1][safepoint    ] Entering safepoint region: Cleanup
[2019-12-08T10:27:25.190+0000][1][safepoint    ] Leaving safepoint region
[2019-12-08T10:27:25.190+0000][1][safepoint    ] Total time for which application threads were stopped: 0.0000768 seconds, Stopping threads took: 0.0000167 seconds
[2019-12-08T10:27:26.190+0000][1][safepoint    ] Application time: 1.0000945 seconds
[2019-12-08T10:27:26.190+0000][1][safepoint    ] Entering safepoint region: Cleanup
[2019-12-08T10:27:26.190+0000][1][safepoint    ] Leaving safepoint region
[2019-12-08T10:27:26.190+0000][1][safepoint    ] Total time for which application threads were stopped: 0.0000819 seconds, Stopping threads took: 0.0000189 seconds
[2019-12-08T10:27:27.190+0000][1][safepoint    ] Application time: 1.0000764 seconds
[2019-12-08T10:27:27.190+0000][1][safepoint    ] Entering safepoint region: Cleanup
[2019-12-08T10:27:27.190+0000][1][safepoint    ] Leaving safepoint region
[2019-12-08T10:27:27.190+0000][1][safepoint    ] Total time for which application threads were stopped: 0.0000818 seconds, Stopping threads took: 0.0000201 seconds
[2019-12-08T10:27:28.190+0000][1][safepoint    ] Application time: 1.0000795 seconds
[2019-12-08T10:27:28.190+0000][1][safepoint    ] Entering safepoint region: Cleanup
[2019-12-08T10:27:28.190+0000][1][safepoint    ] Leaving safepoint region
[2019-12-08T10:27:28.190+0000][1][safepoint    ] Total time for which application threads were stopped: 0.0000907 seconds, Stopping threads took: 0.0000201 seconds
[2019-12-08T10:27:29.190+0000][1][safepoint    ] Application time: 1.0000768 seconds
[2019-12-08T10:27:29.190+0000][1][safepoint    ] Entering safepoint region: Cleanup
[2019-12-08T10:27:29.191+0000][1][safepoint    ] Leaving safepoint region
[2019-12-08T10:27:29.191+0000][1][safepoint    ] Total time for which application threads were stopped: 0.0000782 seconds, Stopping threads took: 0.0000178 seconds
[2019-12-08T10:27:30.191+0000][1][safepoint    ] Application time: 1.0000730 seconds
[2019-12-08T10:27:30.191+0000][1][safepoint    ] Entering safepoint region: Cleanup
[2019-12-08T10:27:30.191+0000][1][safepoint    ] Leaving safepoint region
[2019-12-08T10:27:30.191+0000][1][safepoint    ] Total time for which application threads were stopped: 0.0000885 seconds, Stopping threads took: 0.0000193 seconds
[2019-12-08T10:27:31.191+0000][1][safepoint    ] Application time: 1.0000763 seconds
[2019-12-08T10:27:31.191+0000][1][safepoint    ] Entering safepoint region: Cleanup
[2019-12-08T10:27:31.191+0000][1][safepoint    ] Leaving safepoint region
[2019-12-08T10:27:31.191+0000][1][safepoint    ] Total time for which application threads were stopped: 0.0000793 seconds, Stopping threads took: 0.0000185 seconds
[2019-12-08T10:27:32.191+0000][1][safepoint    ] Application time: 1.0000788 seconds
[2019-12-08T10:27:32.191+0000][1][safepoint    ] Entering safepoint region: Cleanup
[2019-12-08T10:27:32.191+0000][1][safepoint    ] Leaving safepoint region
[2019-12-08T10:27:32.191+0000][1][safepoint    ] Total time for which application threads were stopped: 0.0000789 seconds, Stopping threads took: 0.0000191 seconds
[2019-12-08T10:27:33.191+0000][1][safepoint    ] Application time: 1.0000760 seconds
[2019-12-08T10:27:33.191+0000][1][safepoint    ] Entering safepoint region: Cleanup
[2019-12-08T10:27:33.191+0000][1][safepoint    ] Leaving safepoint region
[2019-12-08T10:27:33.191+0000][1][safepoint    ] Total time for which application threads were stopped: 0.0000851 seconds, Stopping threads took: 0.0000250 seconds
[2019-12-08T10:27:34.191+0000][1][safepoint    ] Application time: 1.0000900 seconds
[2019-12-08T10:27:34.191+0000][1][safepoint    ] Entering safepoint region: Cleanup
[2019-12-08T10:27:34.192+0000][1][safepoint    ] Leaving safepoint region
[2019-12-08T10:27:34.192+0000][1][safepoint    ] Total time for which application threads were stopped: 0.0000783 seconds, Stopping threads took: 0.0000189 seconds
[2019-12-08T10:27:35.192+0000][1][safepoint    ] Application time: 1.0000758 seconds
[2019-12-08T10:27:35.192+0000][1][safepoint    ] Entering safepoint region: Cleanup
[2019-12-08T10:27:35.192+0000][1][safepoint    ] Leaving safepoint region
[2019-12-08T10:27:35.192+0000][1][safepoint    ] Total time for which application threads were stopped: 0.0000835 seconds, Stopping threads took: 0.0000167 seconds
[2019-12-08T10:27:36.192+0000][1][safepoint    ] Application time: 1.0000759 seconds
[2019-12-08T10:27:36.192+0000][1][safepoint    ] Entering safepoint region: Cleanup
[2019-12-08T10:27:36.192+0000][1][safepoint    ] Leaving safepoint region
[2019-12-08T10:27:36.192+0000][1][safepoint    ] Total time for which application threads were stopped: 0.0000795 seconds, Stopping threads took: 0.0000191 seconds
[2019-12-08T10:27:37.192+0000][1][safepoint    ] Application time: 1.0000764 seconds
[2019-12-08T10:27:37.192+0000][1][safepoint    ] Entering safepoint region: Cleanup
[2019-12-08T10:27:37.192+0000][1][safepoint    ] Leaving safepoint region
[2019-12-08T10:27:37.192+0000][1][safepoint    ] Total time for which application threads were stopped: 0.0000789 seconds, Stopping threads took: 0.0000193 seconds
[2019-12-08T10:27:38.192+0000][1][safepoint    ] Application time: 1.0000763 seconds
[2019-12-08T10:27:38.192+0000][1][safepoint    ] Entering safepoint region: Cleanup
[2019-12-08T10:27:38.192+0000][1][safepoint    ] Leaving safepoint region
[2019-12-08T10:27:38.192+0000][1][safepoint    ] Total time for which application threads were stopped: 0.0000840 seconds, Stopping threads took: 0.0000182 seconds
[2019-12-08T10:27:39.192+0000][1][safepoint    ] Application time: 1.0000748 seconds
[2019-12-08T10:27:39.192+0000][1][safepoint    ] Entering safepoint region: Cleanup
[2019-12-08T10:27:39.193+0000][1][safepoint    ] Leaving safepoint region
[2019-12-08T10:27:39.193+0000][1][safepoint    ] Total time for which application threads were stopped: 0.0000788 seconds, Stopping threads took: 0.0000194 seconds
[2019-12-08T10:27:40.193+0000][1][safepoint    ] Application time: 1.0000762 seconds
[2019-12-08T10:27:40.193+0000][1][safepoint    ] Entering safepoint region: Cleanup
[2019-12-08T10:27:40.193+0000][1][safepoint    ] Leaving safepoint region
[2019-12-08T10:27:40.193+0000][1][safepoint    ] Total time for which application threads were stopped: 0.0000870 seconds, Stopping threads took: 0.0000173 seconds
[2019-12-08T10:27:41.193+0000][1][safepoint    ] Application time: 1.0000834 seconds
[2019-12-08T10:27:41.193+0000][1][safepoint    ] Entering safepoint region: Cleanup
[2019-12-08T10:27:41.193+0000][1][safepoint    ] Leaving safepoint region
[2019-12-08T10:27:41.193+0000][1][safepoint    ] Total time for which application threads were stopped: 0.0000789 seconds, Stopping threads took: 0.0000183 seconds
[2019-12-08T10:27:42.193+0000][1][safepoint    ] Application time: 1.0000805 seconds
[2019-12-08T10:27:42.193+0000][1][safepoint    ] Entering safepoint region: Cleanup
[2019-12-08T10:27:42.193+0000][1][safepoint    ] Leaving safepoint region
[2019-12-08T10:27:42.193+0000][1][safepoint    ] Total time for which application threads were stopped: 0.0000805 seconds, Stopping threads took: 0.0000201 seconds
[2019-12-08T10:27:43.193+0000][1][safepoint    ] Application time: 1.0000815 seconds
[2019-12-08T10:27:43.193+0000][1][safepoint    ] Entering safepoint region: Cleanup
[2019-12-08T10:27:43.193+0000][1][safepoint    ] Leaving safepoint region
[2019-12-08T10:27:43.193+0000][1][safepoint    ] Total time for which application threads were stopped: 0.0000796 seconds, Stopping threads took: 0.0000193 seconds
[2019-12-08T10:27:44.193+0000][1][safepoint    ] Application time: 1.0000794 seconds
[2019-12-08T10:27:44.194+0000][1][safepoint    ] Entering safepoint region: Cleanup
[2019-12-08T10:27:44.194+0000][1][safepoint    ] Leaving safepoint region
[2019-12-08T10:27:44.194+0000][1][safepoint    ] Total time for which application threads were stopped: 0.0000788 seconds, Stopping threads took: 0.0000200 seconds
[2019-12-08T10:27:45.194+0000][1][safepoint    ] Application time: 1.0000766 seconds
[2019-12-08T10:27:45.194+0000][1][safepoint    ] Entering safepoint region: Cleanup
[2019-12-08T10:27:45.194+0000][1][safepoint    ] Leaving safepoint region
[2019-12-08T10:27:45.194+0000][1][safepoint    ] Total time for which application threads were stopped: 0.0000772 seconds, Stopping threads took: 0.0000185 seconds
[2019-12-08T10:27:46.194+0000][1][safepoint    ] Application time: 1.0000787 seconds
[2019-12-08T10:27:46.194+0000][1][safepoint    ] Entering safepoint region: Cleanup
[2019-12-08T10:27:46.194+0000][1][safepoint    ] Leaving safepoint region
[2019-12-08T10:27:46.194+0000][1][safepoint    ] Total time for which application threads were stopped: 0.0000803 seconds, Stopping threads took: 0.0000194 seconds
[2019-12-08T10:27:47.194+0000][1][safepoint    ] Application time: 1.0000792 seconds
[2019-12-08T10:27:47.194+0000][1][safepoint    ] Entering safepoint region: Cleanup
[2019-12-08T10:27:47.194+0000][1][safepoint    ] Leaving safepoint region
[2019-12-08T10:27:47.194+0000][1][safepoint    ] Total time for which application threads were stopped: 0.0000802 seconds, Stopping threads took: 0.0000187 seconds
[2019-12-08T10:27:48.194+0000][1][safepoint    ] Application time: 1.0000899 seconds
[2019-12-08T10:27:48.194+0000][1][safepoint    ] Entering safepoint region: Cleanup
[2019-12-08T10:27:48.194+0000][1][safepoint    ] Leaving safepoint region
[2019-12-08T10:27:48.194+0000][1][safepoint    ] Total time for which application threads were stopped: 0.0001151 seconds, Stopping threads took: 0.0000314 seconds
[2019-12-08T10:27:49.195+0000][1][safepoint    ] Application time: 1.0000764 seconds
[2019-12-08T10:27:49.195+0000][1][safepoint    ] Entering safepoint region: Cleanup
[2019-12-08T10:27:49.195+0000][1][safepoint    ] Leaving safepoint region
[2019-12-08T10:27:49.195+0000][1][safepoint    ] Total time for which application threads were stopped: 0.0000873 seconds, Stopping threads took: 0.0000278 seconds
[2019-12-08T10:27:50.195+0000][1][safepoint    ] Application time: 1.0000779 seconds
[2019-12-08T10:27:50.195+0000][1][safepoint    ] Entering safepoint region: Cleanup
[2019-12-08T10:27:50.195+0000][1][safepoint    ] Leaving safepoint region
[2019-12-08T10:27:50.195+0000][1][safepoint    ] Total time for which application threads were stopped: 0.0000773 seconds, Stopping threads took: 0.0000203 seconds
[2019-12-08T10:27:51.195+0000][1][safepoint    ] Application time: 1.0000751 seconds
[2019-12-08T10:27:51.195+0000][1][safepoint    ] Entering safepoint region: Cleanup
[2019-12-08T10:27:51.195+0000][1][safepoint    ] Leaving safepoint region
[2019-12-08T10:27:51.195+0000][1][safepoint    ] Total time for which application threads were stopped: 0.0000771 seconds, Stopping threads took: 0.0000179 seconds
[2019-12-08T10:27:52.195+0000][1][safepoint    ] Application time: 1.0000820 seconds
[2019-12-08T10:27:52.195+0000][1][safepoint    ] Entering safepoint region: Cleanup
[2019-12-08T10:27:52.195+0000][1][safepoint    ] Leaving safepoint region
[2019-12-08T10:27:52.195+0000][1][safepoint    ] Total time for which application threads were stopped: 0.0000800 seconds, Stopping threads took: 0.0000200 seconds
[2019-12-08T10:27:53.195+0000][1][safepoint    ] Application time: 1.0000765 seconds
[2019-12-08T10:27:53.195+0000][1][safepoint    ] Entering safepoint region: Cleanup
[2019-12-08T10:27:53.195+0000][1][safepoint    ] Leaving safepoint region
[2019-12-08T10:27:53.195+0000][1][safepoint    ] Total time for which application threads were stopped: 0.0000797 seconds, Stopping threads took: 0.0000201 seconds
[2019-12-08T10:27:54.196+0000][1][safepoint    ] Application time: 1.0000804 seconds
[2019-12-08T10:27:54.196+0000][1][safepoint    ] Entering safepoint region: Cleanup
[2019-12-08T10:27:54.196+0000][1][safepoint    ] Leaving safepoint region
[2019-12-08T10:27:54.196+0000][1][safepoint    ] Total time for which application threads were stopped: 0.0000783 seconds, Stopping threads took: 0.0000184 seconds
[2019-12-08T10:27:55.196+0000][1][safepoint    ] Application time: 1.0000797 seconds
[2019-12-08T10:27:55.196+0000][1][safepoint    ] Entering safepoint region: Cleanup
[2019-12-08T10:27:55.196+0000][1][safepoint    ] Leaving safepoint region
[2019-12-08T10:27:55.196+0000][1][safepoint    ] Total time for which application threads were stopped: 0.0000784 seconds, Stopping threads took: 0.0000180 seconds
[2019-12-08T10:27:56.196+0000][1][safepoint    ] Application time: 1.0000832 seconds
[2019-12-08T10:27:56.196+0000][1][safepoint    ] Entering safepoint region: Cleanup
[2019-12-08T10:27:56.196+0000][1][safepoint    ] Leaving safepoint region
[2019-12-08T10:27:56.196+0000][1][safepoint    ] Total time for which application threads were stopped: 0.0000797 seconds, Stopping threads took: 0.0000189 seconds
[2019-12-08T10:27:57.196+0000][1][safepoint    ] Application time: 1.0000761 seconds
[2019-12-08T10:27:57.196+0000][1][safepoint    ] Entering safepoint region: Cleanup
[2019-12-08T10:27:57.196+0000][1][safepoint    ] Leaving safepoint region
[2019-12-08T10:27:57.196+0000][1][safepoint    ] Total time for which application threads were stopped: 0.0000778 seconds, Stopping threads took: 0.0000185 seconds
[2019-12-08T10:27:58.196+0000][1][safepoint    ] Application time: 1.0000783 seconds
[2019-12-08T10:27:58.196+0000][1][safepoint    ] Entering safepoint region: Cleanup
[2019-12-08T10:27:58.196+0000][1][safepoint    ] Leaving safepoint region
[2019-12-08T10:27:58.196+0000][1][safepoint    ] Total time for which application threads were stopped: 0.0000799 seconds, Stopping threads took: 0.0000201 seconds
[2019-12-08T10:27:59.197+0000][1][safepoint    ] Application time: 1.0000772 seconds
[2019-12-08T10:27:59.197+0000][1][safepoint    ] Entering safepoint region: Cleanup
[2019-12-08T10:27:59.197+0000][1][safepoint    ] Leaving safepoint region
[2019-12-08T10:27:59.197+0000][1][safepoint    ] Total time for which application threads were stopped: 0.0000782 seconds, Stopping threads took: 0.0000186 seconds
[2019-12-08T10:28:00.197+0000][1][safepoint    ] Application time: 1.0001522 seconds
[2019-12-08T10:28:00.197+0000][1][safepoint    ] Entering safepoint region: Cleanup
[2019-12-08T10:28:00.197+0000][1][safepoint    ] Leaving safepoint region
[2019-12-08T10:28:00.197+0000][1][safepoint    ] Total time for which application threads were stopped: 0.0000799 seconds, Stopping threads took: 0.0000197 seconds
[2019-12-08T10:28:01.197+0000][1][safepoint    ] Application time: 1.0000816 seconds
[2019-12-08T10:28:01.197+0000][1][safepoint    ] Entering safepoint region: Cleanup
[2019-12-08T10:28:01.197+0000][1][safepoint    ] Leaving safepoint region
[2019-12-08T10:28:01.197+0000][1][safepoint    ] Total time for which application threads were stopped: 0.0000796 seconds, Stopping threads took: 0.0000190 seconds
[2019-12-08T10:28:02.197+0000][1][safepoint    ] Application time: 1.0000797 seconds
[2019-12-08T10:28:02.197+0000][1][safepoint    ] Entering safepoint region: Cleanup
[2019-12-08T10:28:02.197+0000][1][safepoint    ] Leaving safepoint region
[2019-12-08T10:28:02.197+0000][1][safepoint    ] Total time for which application threads were stopped: 0.0001071 seconds, Stopping threads took: 0.0000255 seconds
[2019-12-08T10:28:03.197+0000][1][safepoint    ] Application time: 1.0000791 seconds
[2019-12-08T10:28:03.198+0000][1][safepoint    ] Entering safepoint region: Cleanup
[2019-12-08T10:28:03.198+0000][1][safepoint    ] Leaving safepoint region
[2019-12-08T10:28:03.198+0000][1][safepoint    ] Total time for which application threads were stopped: 0.0000798 seconds, Stopping threads took: 0.0000200 seconds
[2019-12-08T10:28:04.198+0000][1][safepoint    ] Application time: 1.0000885 seconds
[2019-12-08T10:28:04.198+0000][1][safepoint    ] Entering safepoint region: Cleanup
[2019-12-08T10:28:04.198+0000][1][safepoint    ] Leaving safepoint region
[2019-12-08T10:28:04.198+0000][1][safepoint    ] Total time for which application threads were stopped: 0.0000802 seconds, Stopping threads took: 0.0000197 seconds
[2019-12-08T10:28:05.198+0000][1][safepoint    ] Application time: 1.0000777 seconds
[2019-12-08T10:28:05.198+0000][1][safepoint    ] Entering safepoint region: Cleanup
[2019-12-08T10:28:05.198+0000][1][safepoint    ] Leaving safepoint region
[2019-12-08T10:28:05.198+0000][1][safepoint    ] Total time for which application threads were stopped: 0.0000750 seconds, Stopping threads took: 0.0000167 seconds
[2019-12-08T10:28:06.198+0000][1][safepoint    ] Application time: 1.0000753 seconds
[2019-12-08T10:28:06.198+0000][1][safepoint    ] Entering safepoint region: Cleanup
[2019-12-08T10:28:06.198+0000][1][safepoint    ] Leaving safepoint region
[2019-12-08T10:28:06.198+0000][1][safepoint    ] Total time for which application threads were stopped: 0.0000772 seconds, Stopping threads took: 0.0000182 seconds
[2019-12-08T10:28:07.198+0000][1][safepoint    ] Application time: 1.0000792 seconds
[2019-12-08T10:28:07.198+0000][1][safepoint    ] Entering safepoint region: Cleanup
[2019-12-08T10:28:07.198+0000][1][safepoint    ] Leaving safepoint region
[2019-12-08T10:28:07.198+0000][1][safepoint    ] Total time for which application threads were stopped: 0.0000762 seconds, Stopping threads took: 0.0000176 seconds
[2019-12-08T10:28:08.198+0000][1][safepoint    ] Application time: 1.0000799 seconds
[2019-12-08T10:28:08.199+0000][1][safepoint    ] Entering safepoint region: Cleanup
[2019-12-08T10:28:08.199+0000][1][safepoint    ] Leaving safepoint region
[2019-12-08T10:28:08.199+0000][1][safepoint    ] Total time for which application threads were stopped: 0.0000816 seconds, Stopping threads took: 0.0000198 seconds
[2019-12-08T10:28:09.199+0000][1][safepoint    ] Application time: 1.0000777 seconds
[2019-12-08T10:28:09.199+0000][1][safepoint    ] Entering safepoint region: Cleanup
[2019-12-08T10:28:09.199+0000][1][safepoint    ] Leaving safepoint region
[2019-12-08T10:28:09.199+0000][1][safepoint    ] Total time for which application threads were stopped: 0.0000770 seconds, Stopping threads took: 0.0000195 seconds
[2019-12-08T10:28:10.199+0000][1][safepoint    ] Application time: 1.0000798 seconds
[2019-12-08T10:28:10.199+0000][1][safepoint    ] Entering safepoint region: Cleanup
[2019-12-08T10:28:10.199+0000][1][safepoint    ] Leaving safepoint region
[2019-12-08T10:28:10.199+0000][1][safepoint    ] Total time for which application threads were stopped: 0.0000750 seconds, Stopping threads took: 0.0000167 seconds
[2019-12-08T10:28:10.221+0000][1][safepoint    ] Application time: 0.0215787 seconds
[2019-12-08T10:28:10.221+0000][1][safepoint    ] Entering safepoint region: GenCollectForAllocation
[2019-12-08T10:28:10.221+0000][1][gc,start     ] GC(48) Pause Young (Allocation Failure)
[2019-12-08T10:28:10.221+0000][1][gc,task      ] GC(48) Using 4 workers of 4 for evacuation
[2019-12-08T10:28:10.222+0000][1][gc,age       ] GC(48) Desired survivor size 4456448 bytes, new threshold 6 (max threshold 6)
[2019-12-08T10:28:10.222+0000][1][gc,age       ] GC(48) Age table with threshold 6 (max threshold 6)
[2019-12-08T10:28:10.222+0000][1][gc,age       ] GC(48) - age   1:      70992 bytes,      70992 total
[2019-12-08T10:28:10.222+0000][1][gc,age       ] GC(48) - age   2:        552 bytes,      71544 total
[2019-12-08T10:28:10.222+0000][1][gc,age       ] GC(48) - age   3:       8992 bytes,      80536 total
[2019-12-08T10:28:10.222+0000][1][gc,age       ] GC(48) - age   4:       1328 bytes,      81864 total
[2019-12-08T10:28:10.222+0000][1][gc,age       ] GC(48) - age   6:       1392 bytes,      83256 total
[2019-12-08T10:28:10.222+0000][1][gc,heap      ] GC(48) ParNew: 69976K->88K(78656K)
[2019-12-08T10:28:10.222+0000][1][gc,heap      ] GC(48) CMS: 70412K->70412K(174784K)
[2019-12-08T10:28:10.222+0000][1][gc,metaspace ] GC(48) Metaspace: 72549K->72549K(1116160K)
[2019-12-08T10:28:10.222+0000][1][gc           ] GC(48) Pause Young (Allocation Failure) 137M->68M(247M) 1.086ms
[2019-12-08T10:28:10.222+0000][1][gc,cpu       ] GC(48) User=0.00s Sys=0.00s Real=0.00s
[2019-12-08T10:28:10.222+0000][1][safepoint    ] Leaving safepoint region
[2019-12-08T10:28:10.222+0000][1][safepoint    ] Total time for which application threads were stopped: 0.0012798 seconds, Stopping threads took: 0.0000651 seconds
[2019-12-08T10:28:11.222+0000][1][safepoint    ] Application time: 1.0000907 seconds
[2019-12-08T10:28:11.222+0000][1][safepoint    ] Entering safepoint region: Cleanup
[2019-12-08T10:28:11.222+0000][1][safepoint    ] Leaving safepoint region
[2019-12-08T10:28:11.222+0000][1][safepoint    ] Total time for which application threads were stopped: 0.0000842 seconds, Stopping threads took: 0.0000233 seconds
[2019-12-08T10:28:12.222+0000][1][safepoint    ] Application time: 1.0000866 seconds
[2019-12-08T10:28:12.222+0000][1][safepoint    ] Entering safepoint region: Cleanup
[2019-12-08T10:28:12.222+0000][1][safepoint    ] Leaving safepoint region
[2019-12-08T10:28:12.222+0000][1][safepoint    ] Total time for which application threads were stopped: 0.0000767 seconds, Stopping threads took: 0.0000178 seconds
[2019-12-08T10:28:13.222+0000][1][safepoint    ] Application time: 1.0000798 seconds
[2019-12-08T10:28:13.222+0000][1][safepoint    ] Entering safepoint region: Cleanup
[2019-12-08T10:28:13.223+0000][1][safepoint    ] Leaving safepoint region
[2019-12-08T10:28:13.223+0000][1][safepoint    ] Total time for which application threads were stopped: 0.0000799 seconds, Stopping threads took: 0.0000188 seconds
[2019-12-08T10:28:14.223+0000][1][safepoint    ] Application time: 1.0000783 seconds
[2019-12-08T10:28:14.223+0000][1][safepoint    ] Entering safepoint region: Cleanup
[2019-12-08T10:28:14.223+0000][1][safepoint    ] Leaving safepoint region
[2019-12-08T10:28:14.223+0000][1][safepoint    ] Total time for which application threads were stopped: 0.0000949 seconds, Stopping threads took: 0.0000373 seconds
[2019-12-08T10:28:15.223+0000][1][safepoint    ] Application time: 1.0000775 seconds
[2019-12-08T10:28:15.223+0000][1][safepoint    ] Entering safepoint region: Cleanup
[2019-12-08T10:28:15.223+0000][1][safepoint    ] Leaving safepoint region
[2019-12-08T10:28:15.223+0000][1][safepoint    ] Total time for which application threads were stopped: 0.0000783 seconds, Stopping threads took: 0.0000188 seconds
[2019-12-08T10:28:16.223+0000][1][safepoint    ] Application time: 1.0000770 seconds
[2019-12-08T10:28:16.223+0000][1][safepoint    ] Entering safepoint region: Cleanup
[2019-12-08T10:28:16.223+0000][1][safepoint    ] Leaving safepoint region
[2019-12-08T10:28:16.223+0000][1][safepoint    ] Total time for which application threads were stopped: 0.0000788 seconds, Stopping threads took: 0.0000188 seconds
[2019-12-08T10:28:17.223+0000][1][safepoint    ] Application time: 1.0000741 seconds
[2019-12-08T10:28:17.223+0000][1][safepoint    ] Entering safepoint region: Cleanup
[2019-12-08T10:28:17.223+0000][1][safepoint    ] Leaving safepoint region
[2019-12-08T10:28:17.223+0000][1][safepoint    ] Total time for which application threads were stopped: 0.0000796 seconds, Stopping threads took: 0.0000183 seconds
[2019-12-08T10:28:18.223+0000][1][safepoint    ] Application time: 1.0000761 seconds
[2019-12-08T10:28:18.223+0000][1][safepoint    ] Entering safepoint region: Cleanup
[2019-12-08T10:28:18.224+0000][1][safepoint    ] Leaving safepoint region
[2019-12-08T10:28:18.224+0000][1][safepoint    ] Total time for which application threads were stopped: 0.0000790 seconds, Stopping threads took: 0.0000197 seconds
[2019-12-08T10:28:19.224+0000][1][safepoint    ] Application time: 1.0000771 seconds
[2019-12-08T10:28:19.224+0000][1][safepoint    ] Entering safepoint region: Cleanup
[2019-12-08T10:28:19.224+0000][1][safepoint    ] Leaving safepoint region
[2019-12-08T10:28:19.224+0000][1][safepoint    ] Total time for which application threads were stopped: 0.0000837 seconds, Stopping threads took: 0.0000230 seconds
[2019-12-08T10:28:20.504+0000][1][safepoint    ] Application time: 1.2804740 seconds
[2019-12-08T10:28:20.504+0000][1][safepoint    ] Entering safepoint region: Cleanup
[2019-12-08T10:28:20.504+0000][1][safepoint    ] Leaving safepoint region
[2019-12-08T10:28:20.504+0000][1][safepoint    ] Total time for which application threads were stopped: 0.0000712 seconds, Stopping threads took: 0.0000169 seconds
[2019-12-08T10:28:21.504+0000][1][safepoint    ] Application time: 1.0000748 seconds
[2019-12-08T10:28:21.504+0000][1][safepoint    ] Entering safepoint region: Cleanup
[2019-12-08T10:28:21.505+0000][1][safepoint    ] Leaving safepoint region
[2019-12-08T10:28:21.505+0000][1][safepoint    ] Total time for which application threads were stopped: 0.0000744 seconds, Stopping threads took: 0.0000168 seconds
[2019-12-08T10:28:22.505+0000][1][safepoint    ] Application time: 1.0000801 seconds
[2019-12-08T10:28:22.505+0000][1][safepoint    ] Entering safepoint region: Cleanup
[2019-12-08T10:28:22.505+0000][1][safepoint    ] Leaving safepoint region
[2019-12-08T10:28:22.505+0000][1][safepoint    ] Total time for which application threads were stopped: 0.0000914 seconds, Stopping threads took: 0.0000325 seconds
[2019-12-08T10:28:23.505+0000][1][safepoint    ] Application time: 1.0000772 seconds
[2019-12-08T10:28:23.505+0000][1][safepoint    ] Entering safepoint region: Cleanup
[2019-12-08T10:28:23.505+0000][1][safepoint    ] Leaving safepoint region
[2019-12-08T10:28:23.505+0000][1][safepoint    ] Total time for which application threads were stopped: 0.0000809 seconds, Stopping threads took: 0.0000199 seconds
[2019-12-08T10:28:24.505+0000][1][safepoint    ] Application time: 1.0000743 seconds
[2019-12-08T10:28:24.505+0000][1][safepoint    ] Entering safepoint region: Cleanup
[2019-12-08T10:28:24.505+0000][1][safepoint    ] Leaving safepoint region
[2019-12-08T10:28:24.505+0000][1][safepoint    ] Total time for which application threads were stopped: 0.0000803 seconds, Stopping threads took: 0.0000251 seconds
[2019-12-08T10:28:25.505+0000][1][safepoint    ] Application time: 1.0000828 seconds
[2019-12-08T10:28:25.505+0000][1][safepoint    ] Entering safepoint region: Cleanup
[2019-12-08T10:28:25.505+0000][1][safepoint    ] Leaving safepoint region
[2019-12-08T10:28:25.505+0000][1][safepoint    ] Total time for which application threads were stopped: 0.0000779 seconds, Stopping threads took: 0.0000186 seconds
[2019-12-08T10:28:26.505+0000][1][safepoint    ] Application time: 1.0000790 seconds
[2019-12-08T10:28:26.505+0000][1][safepoint    ] Entering safepoint region: Cleanup
[2019-12-08T10:28:26.506+0000][1][safepoint    ] Leaving safepoint region
[2019-12-08T10:28:26.506+0000][1][safepoint    ] Total time for which application threads were stopped: 0.0000735 seconds, Stopping threads took: 0.0000168 seconds
[2019-12-08T10:28:27.506+0000][1][safepoint    ] Application time: 1.0000787 seconds
[2019-12-08T10:28:27.506+0000][1][safepoint    ] Entering safepoint region: Cleanup
[2019-12-08T10:28:27.506+0000][1][safepoint    ] Leaving safepoint region
[2019-12-08T10:28:27.506+0000][1][safepoint    ] Total time for which application threads were stopped: 0.0000818 seconds, Stopping threads took: 0.0000167 seconds
[2019-12-08T10:28:28.506+0000][1][safepoint    ] Application time: 1.0000785 seconds
[2019-12-08T10:28:28.506+0000][1][safepoint    ] Entering safepoint region: Cleanup
[2019-12-08T10:28:28.506+0000][1][safepoint    ] Leaving safepoint region
[2019-12-08T10:28:28.506+0000][1][safepoint    ] Total time for which application threads were stopped: 0.0000789 seconds, Stopping threads took: 0.0000192 seconds
[2019-12-08T10:28:29.506+0000][1][safepoint    ] Application time: 1.0000814 seconds
[2019-12-08T10:28:29.506+0000][1][safepoint    ] Entering safepoint region: Cleanup
[2019-12-08T10:28:29.506+0000][1][safepoint    ] Leaving safepoint region
[2019-12-08T10:28:29.506+0000][1][safepoint    ] Total time for which application threads were stopped: 0.0000759 seconds, Stopping threads took: 0.0000182 seconds
[2019-12-08T10:28:30.506+0000][1][safepoint    ] Application time: 1.0000793 seconds
[2019-12-08T10:28:30.506+0000][1][safepoint    ] Entering safepoint region: Cleanup
[2019-12-08T10:28:30.506+0000][1][safepoint    ] Leaving safepoint region
[2019-12-08T10:28:30.506+0000][1][safepoint    ] Total time for which application threads were stopped: 0.0000764 seconds, Stopping threads took: 0.0000179 seconds
[2019-12-08T10:28:31.506+0000][1][safepoint    ] Application time: 1.0000775 seconds
[2019-12-08T10:28:31.506+0000][1][safepoint    ] Entering safepoint region: Cleanup
[2019-12-08T10:28:31.507+0000][1][safepoint    ] Leaving safepoint region
[2019-12-08T10:28:31.507+0000][1][safepoint    ] Total time for which application threads were stopped: 0.0000740 seconds, Stopping threads took: 0.0000170 seconds
[2019-12-08T10:28:32.507+0000][1][safepoint    ] Application time: 1.0000778 seconds
[2019-12-08T10:28:32.507+0000][1][safepoint    ] Entering safepoint region: Cleanup
[2019-12-08T10:28:32.507+0000][1][safepoint    ] Leaving safepoint region
[2019-12-08T10:28:32.507+0000][1][safepoint    ] Total time for which application threads were stopped: 0.0000822 seconds, Stopping threads took: 0.0000164 seconds
[2019-12-08T10:28:33.507+0000][1][safepoint    ] Application time: 1.0000728 seconds
[2019-12-08T10:28:33.507+0000][1][safepoint    ] Entering safepoint region: Cleanup
[2019-12-08T10:28:33.507+0000][1][safepoint    ] Leaving safepoint region
[2019-12-08T10:28:33.507+0000][1][safepoint    ] Total time for which application threads were stopped: 0.0000807 seconds, Stopping threads took: 0.0000244 seconds
[2019-12-08T10:28:34.507+0000][1][safepoint    ] Application time: 1.0000788 seconds
[2019-12-08T10:28:34.507+0000][1][safepoint    ] Entering safepoint region: Cleanup
[2019-12-08T10:28:34.507+0000][1][safepoint    ] Leaving safepoint region
[2019-12-08T10:28:34.507+0000][1][safepoint    ] Total time for which application threads were stopped: 0.0000882 seconds, Stopping threads took: 0.0000191 seconds
[2019-12-08T10:28:35.507+0000][1][safepoint    ] Application time: 1.0000781 seconds
[2019-12-08T10:28:35.507+0000][1][safepoint    ] Entering safepoint region: Cleanup
[2019-12-08T10:28:35.507+0000][1][safepoint    ] Leaving safepoint region
[2019-12-08T10:28:35.507+0000][1][safepoint    ] Total time for which application threads were stopped: 0.0000742 seconds, Stopping threads took: 0.0000167 seconds
[2019-12-08T10:28:36.507+0000][1][safepoint    ] Application time: 1.0000748 seconds
[2019-12-08T10:28:36.507+0000][1][safepoint    ] Entering safepoint region: Cleanup
[2019-12-08T10:28:36.507+0000][1][safepoint    ] Leaving safepoint region
[2019-12-08T10:28:36.507+0000][1][safepoint    ] Total time for which application threads were stopped: 0.0000741 seconds, Stopping threads took: 0.0000175 seconds
[2019-12-08T10:28:37.508+0000][1][safepoint    ] Application time: 1.0000789 seconds
[2019-12-08T10:28:37.508+0000][1][safepoint    ] Entering safepoint region: Cleanup
[2019-12-08T10:28:37.508+0000][1][safepoint    ] Leaving safepoint region
[2019-12-08T10:28:37.508+0000][1][safepoint    ] Total time for which application threads were stopped: 0.0000923 seconds, Stopping threads took: 0.0000172 seconds
[2019-12-08T10:28:38.508+0000][1][safepoint    ] Application time: 1.0000748 seconds
[2019-12-08T10:28:38.508+0000][1][safepoint    ] Entering safepoint region: Cleanup
[2019-12-08T10:28:38.508+0000][1][safepoint    ] Leaving safepoint region
[2019-12-08T10:28:38.508+0000][1][safepoint    ] Total time for which application threads were stopped: 0.0000712 seconds, Stopping threads took: 0.0000159 seconds
[2019-12-08T10:28:39.508+0000][1][safepoint    ] Application time: 1.0000764 seconds
[2019-12-08T10:28:39.508+0000][1][safepoint    ] Entering safepoint region: Cleanup
[2019-12-08T10:28:39.508+0000][1][safepoint    ] Leaving safepoint region
[2019-12-08T10:28:39.508+0000][1][safepoint    ] Total time for which application threads were stopped: 0.0000730 seconds, Stopping threads took: 0.0000170 seconds
[2019-12-08T10:28:40.508+0000][1][safepoint    ] Application time: 1.0000810 seconds
[2019-12-08T10:28:40.508+0000][1][safepoint    ] Entering safepoint region: Cleanup
[2019-12-08T10:28:40.508+0000][1][safepoint    ] Leaving safepoint region
[2019-12-08T10:28:40.508+0000][1][safepoint    ] Total time for which application threads were stopped: 0.0000764 seconds, Stopping threads took: 0.0000181 seconds
[2019-12-08T10:28:41.508+0000][1][safepoint    ] Application time: 1.0000780 seconds
[2019-12-08T10:28:41.508+0000][1][safepoint    ] Entering safepoint region: Cleanup
[2019-12-08T10:28:41.508+0000][1][safepoint    ] Leaving safepoint region
[2019-12-08T10:28:41.508+0000][1][safepoint    ] Total time for which application threads were stopped: 0.0000726 seconds, Stopping threads took: 0.0000183 seconds
[2019-12-08T10:28:42.509+0000][1][safepoint    ] Application time: 1.0000763 seconds
[2019-12-08T10:28:42.509+0000][1][safepoint    ] Entering safepoint region: Cleanup
[2019-12-08T10:28:42.509+0000][1][safepoint    ] Leaving safepoint region
[2019-12-08T10:28:42.509+0000][1][safepoint    ] Total time for which application threads were stopped: 0.0000724 seconds, Stopping threads took: 0.0000169 seconds
[2019-12-08T10:28:43.509+0000][1][safepoint    ] Application time: 1.0000741 seconds
[2019-12-08T10:28:43.509+0000][1][safepoint    ] Entering safepoint region: Cleanup
[2019-12-08T10:28:43.509+0000][1][safepoint    ] Leaving safepoint region
[2019-12-08T10:28:43.509+0000][1][safepoint    ] Total time for which application threads were stopped: 0.0000724 seconds, Stopping threads took: 0.0000172 seconds
[2019-12-08T10:28:44.509+0000][1][safepoint    ] Application time: 1.0000769 seconds
[2019-12-08T10:28:44.509+0000][1][safepoint    ] Entering safepoint region: Cleanup
[2019-12-08T10:28:44.509+0000][1][safepoint    ] Leaving safepoint region
[2019-12-08T10:28:44.509+0000][1][safepoint    ] Total time for which application threads were stopped: 0.0000828 seconds, Stopping threads took: 0.0000162 seconds
[2019-12-08T10:28:45.509+0000][1][safepoint    ] Application time: 1.0000745 seconds
[2019-12-08T10:28:45.509+0000][1][safepoint    ] Entering safepoint region: Cleanup
[2019-12-08T10:28:45.509+0000][1][safepoint    ] Leaving safepoint region
[2019-12-08T10:28:45.509+0000][1][safepoint    ] Total time for which application threads were stopped: 0.0000714 seconds, Stopping threads took: 0.0000172 seconds
[2019-12-08T10:28:46.509+0000][1][safepoint    ] Application time: 1.0000785 seconds
[2019-12-08T10:28:46.509+0000][1][safepoint    ] Entering safepoint region: Cleanup
[2019-12-08T10:28:46.509+0000][1][safepoint    ] Leaving safepoint region
[2019-12-08T10:28:46.509+0000][1][safepoint    ] Total time for which application threads were stopped: 0.0000784 seconds, Stopping threads took: 0.0000184 seconds
[2019-12-08T10:28:47.509+0000][1][safepoint    ] Application time: 1.0000750 seconds
[2019-12-08T10:28:47.509+0000][1][safepoint    ] Entering safepoint region: Cleanup
[2019-12-08T10:28:47.510+0000][1][safepoint    ] Leaving safepoint region
[2019-12-08T10:28:47.510+0000][1][safepoint    ] Total time for which application threads were stopped: 0.0000706 seconds, Stopping threads took: 0.0000159 seconds
[2019-12-08T10:28:48.510+0000][1][safepoint    ] Application time: 1.0000766 seconds
[2019-12-08T10:28:48.510+0000][1][safepoint    ] Entering safepoint region: Cleanup
[2019-12-08T10:28:48.510+0000][1][safepoint    ] Leaving safepoint region
[2019-12-08T10:28:48.510+0000][1][safepoint    ] Total time for which application threads were stopped: 0.0000890 seconds, Stopping threads took: 0.0000286 seconds
[2019-12-08T10:28:49.510+0000][1][safepoint    ] Application time: 1.0000745 seconds
[2019-12-08T10:28:49.510+0000][1][safepoint    ] Entering safepoint region: Cleanup
[2019-12-08T10:28:49.510+0000][1][safepoint    ] Leaving safepoint region
[2019-12-08T10:28:49.510+0000][1][safepoint    ] Total time for which application threads were stopped: 0.0000820 seconds, Stopping threads took: 0.0000165 seconds
[2019-12-08T10:28:50.510+0000][1][safepoint    ] Application time: 1.0000760 seconds
[2019-12-08T10:28:50.510+0000][1][safepoint    ] Entering safepoint region: Cleanup
[2019-12-08T10:28:50.510+0000][1][safepoint    ] Leaving safepoint region
[2019-12-08T10:28:50.510+0000][1][safepoint    ] Total time for which application threads were stopped: 0.0000785 seconds, Stopping threads took: 0.0000164 seconds
[2019-12-08T10:28:51.510+0000][1][safepoint    ] Application time: 1.0000962 seconds
[2019-12-08T10:28:51.510+0000][1][safepoint    ] Entering safepoint region: Cleanup
[2019-12-08T10:28:51.510+0000][1][safepoint    ] Leaving safepoint region
[2019-12-08T10:28:51.510+0000][1][safepoint    ] Total time for which application threads were stopped: 0.0000745 seconds, Stopping threads took: 0.0000193 seconds
[2019-12-08T10:28:52.510+0000][1][safepoint    ] Application time: 1.0000765 seconds
[2019-12-08T10:28:52.510+0000][1][safepoint    ] Entering safepoint region: Cleanup
[2019-12-08T10:28:52.511+0000][1][safepoint    ] Leaving safepoint region
[2019-12-08T10:28:52.511+0000][1][safepoint    ] Total time for which application threads were stopped: 0.0000746 seconds, Stopping threads took: 0.0000183 seconds
[2019-12-08T10:28:53.511+0000][1][safepoint    ] Application time: 1.0000751 seconds
[2019-12-08T10:28:53.511+0000][1][safepoint    ] Entering safepoint region: Cleanup
[2019-12-08T10:28:53.511+0000][1][safepoint    ] Leaving safepoint region
[2019-12-08T10:28:53.511+0000][1][safepoint    ] Total time for which application threads were stopped: 0.0000874 seconds, Stopping threads took: 0.0000174 seconds
[2019-12-08T10:28:54.511+0000][1][safepoint    ] Application time: 1.0000759 seconds
[2019-12-08T10:28:54.511+0000][1][safepoint    ] Entering safepoint region: Cleanup
[2019-12-08T10:28:54.511+0000][1][safepoint    ] Leaving safepoint region
[2019-12-08T10:28:54.511+0000][1][safepoint    ] Total time for which application threads were stopped: 0.0000807 seconds, Stopping threads took: 0.0000169 seconds
[2019-12-08T10:28:55.511+0000][1][safepoint    ] Application time: 1.0000782 seconds
[2019-12-08T10:28:55.511+0000][1][safepoint    ] Entering safepoint region: Cleanup
[2019-12-08T10:28:55.511+0000][1][safepoint    ] Leaving safepoint region
[2019-12-08T10:28:55.511+0000][1][safepoint    ] Total time for which application threads were stopped: 0.0000718 seconds, Stopping threads took: 0.0000170 seconds
[2019-12-08T10:28:56.511+0000][1][safepoint    ] Application time: 1.0000769 seconds
[2019-12-08T10:28:56.511+0000][1][safepoint    ] Entering safepoint region: Cleanup
[2019-12-08T10:28:56.511+0000][1][safepoint    ] Leaving safepoint region
[2019-12-08T10:28:56.511+0000][1][safepoint    ] Total time for which application threads were stopped: 0.0000743 seconds, Stopping threads took: 0.0000175 seconds
[2019-12-08T10:28:57.511+0000][1][safepoint    ] Application time: 1.0000751 seconds
[2019-12-08T10:28:57.511+0000][1][safepoint    ] Entering safepoint region: Cleanup
[2019-12-08T10:28:57.511+0000][1][safepoint    ] Leaving safepoint region
[2019-12-08T10:28:57.511+0000][1][safepoint    ] Total time for which application threads were stopped: 0.0000707 seconds, Stopping threads took: 0.0000165 seconds
[2019-12-08T10:28:58.512+0000][1][safepoint    ] Application time: 1.0000762 seconds
[2019-12-08T10:28:58.512+0000][1][safepoint    ] Entering safepoint region: Cleanup
[2019-12-08T10:28:58.512+0000][1][safepoint    ] Leaving safepoint region
[2019-12-08T10:28:58.512+0000][1][safepoint    ] Total time for which application threads were stopped: 0.0000725 seconds, Stopping threads took: 0.0000172 seconds
[2019-12-08T10:28:59.512+0000][1][safepoint    ] Application time: 1.0000760 seconds
[2019-12-08T10:28:59.512+0000][1][safepoint    ] Entering safepoint region: Cleanup
[2019-12-08T10:28:59.512+0000][1][safepoint    ] Leaving safepoint region
[2019-12-08T10:28:59.512+0000][1][safepoint    ] Total time for which application threads were stopped: 0.0000711 seconds, Stopping threads took: 0.0000178 seconds
[2019-12-08T10:29:00.512+0000][1][safepoint    ] Application time: 1.0000769 seconds
[2019-12-08T10:29:00.512+0000][1][safepoint    ] Entering safepoint region: Cleanup
[2019-12-08T10:29:00.512+0000][1][safepoint    ] Leaving safepoint region
[2019-12-08T10:29:00.512+0000][1][safepoint    ] Total time for which application threads were stopped: 0.0000695 seconds, Stopping threads took: 0.0000156 seconds
[2019-12-08T10:29:01.512+0000][1][safepoint    ] Application time: 1.0000800 seconds
[2019-12-08T10:29:01.512+0000][1][safepoint    ] Entering safepoint region: Cleanup
[2019-12-08T10:29:01.512+0000][1][safepoint    ] Leaving safepoint region
[2019-12-08T10:29:01.512+0000][1][safepoint    ] Total time for which application threads were stopped: 0.0000906 seconds, Stopping threads took: 0.0000222 seconds
[2019-12-08T10:29:02.512+0000][1][safepoint    ] Application time: 1.0000831 seconds
[2019-12-08T10:29:02.512+0000][1][safepoint    ] Entering safepoint region: Cleanup
[2019-12-08T10:29:02.512+0000][1][safepoint    ] Leaving safepoint region
[2019-12-08T10:29:02.512+0000][1][safepoint    ] Total time for which application threads were stopped: 0.0000756 seconds, Stopping threads took: 0.0000174 seconds
[2019-12-08T10:29:03.513+0000][1][safepoint    ] Application time: 1.0000821 seconds
[2019-12-08T10:29:03.513+0000][1][safepoint    ] Entering safepoint region: Cleanup
[2019-12-08T10:29:03.513+0000][1][safepoint    ] Leaving safepoint region
[2019-12-08T10:29:03.513+0000][1][safepoint    ] Total time for which application threads were stopped: 0.0000747 seconds, Stopping threads took: 0.0000166 seconds
[2019-12-08T10:29:04.513+0000][1][safepoint    ] Application time: 1.0000790 seconds
[2019-12-08T10:29:04.513+0000][1][safepoint    ] Entering safepoint region: Cleanup
[2019-12-08T10:29:04.513+0000][1][safepoint    ] Leaving safepoint region
[2019-12-08T10:29:04.513+0000][1][safepoint    ] Total time for which application threads were stopped: 0.0000796 seconds, Stopping threads took: 0.0000198 seconds
[2019-12-08T10:29:05.513+0000][1][safepoint    ] Application time: 1.0000766 seconds
[2019-12-08T10:29:05.513+0000][1][safepoint    ] Entering safepoint region: Cleanup
[2019-12-08T10:29:05.513+0000][1][safepoint    ] Leaving safepoint region
[2019-12-08T10:29:05.513+0000][1][safepoint    ] Total time for which application threads were stopped: 0.0000763 seconds, Stopping threads took: 0.0000184 seconds
[2019-12-08T10:29:06.513+0000][1][safepoint    ] Application time: 1.0000888 seconds
[2019-12-08T10:29:06.513+0000][1][safepoint    ] Entering safepoint region: Cleanup
[2019-12-08T10:29:06.513+0000][1][safepoint    ] Leaving safepoint region
[2019-12-08T10:29:06.513+0000][1][safepoint    ] Total time for which application threads were stopped: 0.0000775 seconds, Stopping threads took: 0.0000184 seconds
[2019-12-08T10:29:07.513+0000][1][safepoint    ] Application time: 1.0000788 seconds
[2019-12-08T10:29:07.513+0000][1][safepoint    ] Entering safepoint region: Cleanup
[2019-12-08T10:29:07.513+0000][1][safepoint    ] Leaving safepoint region
[2019-12-08T10:29:07.513+0000][1][safepoint    ] Total time for which application threads were stopped: 0.0000723 seconds, Stopping threads took: 0.0000160 seconds
[2019-12-08T10:29:08.514+0000][1][safepoint    ] Application time: 1.0000740 seconds
[2019-12-08T10:29:08.514+0000][1][safepoint    ] Entering safepoint region: Cleanup
[2019-12-08T10:29:08.514+0000][1][safepoint    ] Leaving safepoint region
[2019-12-08T10:29:08.514+0000][1][safepoint    ] Total time for which application threads were stopped: 0.0000793 seconds, Stopping threads took: 0.0000176 seconds
[2019-12-08T10:29:09.514+0000][1][safepoint    ] Application time: 1.0000807 seconds
[2019-12-08T10:29:09.514+0000][1][safepoint    ] Entering safepoint region: Cleanup
[2019-12-08T10:29:09.514+0000][1][safepoint    ] Leaving safepoint region
[2019-12-08T10:29:09.514+0000][1][safepoint    ] Total time for which application threads were stopped: 0.0000724 seconds, Stopping threads took: 0.0000167 seconds
[2019-12-08T10:29:10.514+0000][1][safepoint    ] Application time: 1.0000813 seconds
[2019-12-08T10:29:10.514+0000][1][safepoint    ] Entering safepoint region: Cleanup
[2019-12-08T10:29:10.514+0000][1][safepoint    ] Leaving safepoint region
[2019-12-08T10:29:10.514+0000][1][safepoint    ] Total time for which application threads were stopped: 0.0000778 seconds, Stopping threads took: 0.0000196 seconds
[2019-12-08T10:29:11.514+0000][1][safepoint    ] Application time: 1.0000835 seconds
[2019-12-08T10:29:11.514+0000][1][safepoint    ] Entering safepoint region: Cleanup
[2019-12-08T10:29:11.514+0000][1][safepoint    ] Leaving safepoint region
[2019-12-08T10:29:11.514+0000][1][safepoint    ] Total time for which application threads were stopped: 0.0000744 seconds, Stopping threads took: 0.0000178 seconds
[2019-12-08T10:29:12.514+0000][1][safepoint    ] Application time: 1.0000773 seconds
[2019-12-08T10:29:12.514+0000][1][safepoint    ] Entering safepoint region: Cleanup
[2019-12-08T10:29:12.514+0000][1][safepoint    ] Leaving safepoint region
[2019-12-08T10:29:12.514+0000][1][safepoint    ] Total time for which application threads were stopped: 0.0000724 seconds, Stopping threads took: 0.0000179 seconds
[2019-12-08T10:29:13.514+0000][1][safepoint    ] Application time: 1.0000870 seconds
[2019-12-08T10:29:13.514+0000][1][safepoint    ] Entering safepoint region: Cleanup
[2019-12-08T10:29:13.515+0000][1][safepoint    ] Leaving safepoint region
[2019-12-08T10:29:13.515+0000][1][safepoint    ] Total time for which application threads were stopped: 0.0000797 seconds, Stopping threads took: 0.0000184 seconds
[2019-12-08T10:29:14.515+0000][1][safepoint    ] Application time: 1.0000783 seconds
[2019-12-08T10:29:14.515+0000][1][safepoint    ] Entering safepoint region: Cleanup
[2019-12-08T10:29:14.515+0000][1][safepoint    ] Leaving safepoint region
[2019-12-08T10:29:14.515+0000][1][safepoint    ] Total time for which application threads were stopped: 0.0000759 seconds, Stopping threads took: 0.0000181 seconds
[2019-12-08T10:29:15.515+0000][1][safepoint    ] Application time: 1.0000779 seconds
[2019-12-08T10:29:15.515+0000][1][safepoint    ] Entering safepoint region: Cleanup
[2019-12-08T10:29:15.515+0000][1][safepoint    ] Leaving safepoint region
[2019-12-08T10:29:15.515+0000][1][safepoint    ] Total time for which application threads were stopped: 0.0000699 seconds, Stopping threads took: 0.0000150 seconds
[2019-12-08T10:29:16.515+0000][1][safepoint    ] Application time: 1.0000792 seconds
[2019-12-08T10:29:16.515+0000][1][safepoint    ] Entering safepoint region: Cleanup
[2019-12-08T10:29:16.515+0000][1][safepoint    ] Leaving safepoint region
[2019-12-08T10:29:16.515+0000][1][safepoint    ] Total time for which application threads were stopped: 0.0000747 seconds, Stopping threads took: 0.0000170 seconds
[2019-12-08T10:29:17.515+0000][1][safepoint    ] Application time: 1.0000738 seconds
[2019-12-08T10:29:17.515+0000][1][safepoint    ] Entering safepoint region: Cleanup
[2019-12-08T10:29:17.515+0000][1][safepoint    ] Leaving safepoint region
[2019-12-08T10:29:17.515+0000][1][safepoint    ] Total time for which application threads were stopped: 0.0000707 seconds, Stopping threads took: 0.0000157 seconds
[2019-12-08T10:29:18.515+0000][1][safepoint    ] Application time: 1.0000741 seconds
[2019-12-08T10:29:18.515+0000][1][safepoint    ] Entering safepoint region: Cleanup
[2019-12-08T10:29:18.515+0000][1][safepoint    ] Leaving safepoint region
[2019-12-08T10:29:18.515+0000][1][safepoint    ] Total time for which application threads were stopped: 0.0000720 seconds, Stopping threads took: 0.0000169 seconds
[2019-12-08T10:29:19.516+0000][1][safepoint    ] Application time: 1.0000753 seconds
[2019-12-08T10:29:19.516+0000][1][safepoint    ] Entering safepoint region: Cleanup
[2019-12-08T10:29:19.516+0000][1][safepoint    ] Leaving safepoint region
[2019-12-08T10:29:19.516+0000][1][safepoint    ] Total time for which application threads were stopped: 0.0000898 seconds, Stopping threads took: 0.0000172 seconds
[2019-12-08T10:29:20.516+0000][1][safepoint    ] Application time: 1.0000749 seconds
[2019-12-08T10:29:20.516+0000][1][safepoint    ] Entering safepoint region: Cleanup
[2019-12-08T10:29:20.516+0000][1][safepoint    ] Leaving safepoint region
[2019-12-08T10:29:20.516+0000][1][safepoint    ] Total time for which application threads were stopped: 0.0000771 seconds, Stopping threads took: 0.0000184 seconds
[2019-12-08T10:29:21.516+0000][1][safepoint    ] Application time: 1.0000805 seconds
[2019-12-08T10:29:21.516+0000][1][safepoint    ] Entering safepoint region: Cleanup
[2019-12-08T10:29:21.516+0000][1][safepoint    ] Leaving safepoint region
[2019-12-08T10:29:21.516+0000][1][safepoint    ] Total time for which application threads were stopped: 0.0000791 seconds, Stopping threads took: 0.0000194 seconds
[2019-12-08T10:29:22.516+0000][1][safepoint    ] Application time: 1.0000900 seconds
[2019-12-08T10:29:22.516+0000][1][safepoint    ] Entering safepoint region: Cleanup
[2019-12-08T10:29:22.516+0000][1][safepoint    ] Leaving safepoint region
[2019-12-08T10:29:22.516+0000][1][safepoint    ] Total time for which application threads were stopped: 0.0000785 seconds, Stopping threads took: 0.0000190 seconds
[2019-12-08T10:29:23.516+0000][1][safepoint    ] Application time: 1.0000776 seconds
[2019-12-08T10:29:23.516+0000][1][safepoint    ] Entering safepoint region: Cleanup
[2019-12-08T10:29:23.516+0000][1][safepoint    ] Leaving safepoint region
[2019-12-08T10:29:23.517+0000][1][safepoint    ] Total time for which application threads were stopped: 0.0000767 seconds, Stopping threads took: 0.0000191 seconds
[2019-12-08T10:29:24.517+0000][1][safepoint    ] Application time: 1.0000764 seconds
[2019-12-08T10:29:24.517+0000][1][safepoint    ] Entering safepoint region: Cleanup
[2019-12-08T10:29:24.517+0000][1][safepoint    ] Leaving safepoint region
[2019-12-08T10:29:24.517+0000][1][safepoint    ] Total time for which application threads were stopped: 0.0000846 seconds, Stopping threads took: 0.0000168 seconds
[2019-12-08T10:29:25.517+0000][1][safepoint    ] Application time: 1.0000796 seconds
[2019-12-08T10:29:25.517+0000][1][safepoint    ] Entering safepoint region: Cleanup
[2019-12-08T10:29:25.517+0000][1][safepoint    ] Leaving safepoint region
[2019-12-08T10:29:25.517+0000][1][safepoint    ] Total time for which application threads were stopped: 0.0000753 seconds, Stopping threads took: 0.0000169 seconds
[2019-12-08T10:29:26.517+0000][1][safepoint    ] Application time: 1.0000775 seconds
[2019-12-08T10:29:26.517+0000][1][safepoint    ] Entering safepoint region: Cleanup
[2019-12-08T10:29:26.517+0000][1][safepoint    ] Leaving safepoint region
[2019-12-08T10:29:26.517+0000][1][safepoint    ] Total time for which application threads were stopped: 0.0000723 seconds, Stopping threads took: 0.0000175 seconds
[2019-12-08T10:29:27.517+0000][1][safepoint    ] Application time: 1.0000763 seconds
[2019-12-08T10:29:27.517+0000][1][safepoint    ] Entering safepoint region: Cleanup
[2019-12-08T10:29:27.517+0000][1][safepoint    ] Leaving safepoint region
[2019-12-08T10:29:27.517+0000][1][safepoint    ] Total time for which application threads were stopped: 0.0000774 seconds, Stopping threads took: 0.0000181 seconds
[2019-12-08T10:29:28.517+0000][1][safepoint    ] Application time: 1.0000777 seconds
[2019-12-08T10:29:28.517+0000][1][safepoint    ] Entering safepoint region: Cleanup
[2019-12-08T10:29:28.517+0000][1][safepoint    ] Leaving safepoint region
[2019-12-08T10:29:28.517+0000][1][safepoint    ] Total time for which application threads were stopped: 0.0000761 seconds, Stopping threads took: 0.0000180 seconds
[2019-12-08T10:29:29.518+0000][1][safepoint    ] Application time: 1.0000796 seconds
[2019-12-08T10:29:29.518+0000][1][safepoint    ] Entering safepoint region: Cleanup
[2019-12-08T10:29:29.518+0000][1][safepoint    ] Leaving safepoint region
[2019-12-08T10:29:29.518+0000][1][safepoint    ] Total time for which application threads were stopped: 0.0000784 seconds, Stopping threads took: 0.0000184 seconds
[2019-12-08T10:29:30.518+0000][1][safepoint    ] Application time: 1.0000926 seconds
[2019-12-08T10:29:30.518+0000][1][safepoint    ] Entering safepoint region: Cleanup
[2019-12-08T10:29:30.518+0000][1][safepoint    ] Leaving safepoint region
[2019-12-08T10:29:30.518+0000][1][safepoint    ] Total time for which application threads were stopped: 0.0000761 seconds, Stopping threads took: 0.0000182 seconds
[2019-12-08T10:29:31.518+0000][1][safepoint    ] Application time: 1.0000811 seconds
[2019-12-08T10:29:31.518+0000][1][safepoint    ] Entering safepoint region: Cleanup
[2019-12-08T10:29:31.518+0000][1][safepoint    ] Leaving safepoint region
[2019-12-08T10:29:31.518+0000][1][safepoint    ] Total time for which application threads were stopped: 0.0000755 seconds, Stopping threads took: 0.0000180 seconds
[2019-12-08T10:29:32.518+0000][1][safepoint    ] Application time: 1.0000770 seconds
[2019-12-08T10:29:32.518+0000][1][safepoint    ] Entering safepoint region: Cleanup
[2019-12-08T10:29:32.518+0000][1][safepoint    ] Leaving safepoint region
[2019-12-08T10:29:32.518+0000][1][safepoint    ] Total time for which application threads were stopped: 0.0000762 seconds, Stopping threads took: 0.0000174 seconds
[2019-12-08T10:29:33.518+0000][1][safepoint    ] Application time: 1.0000776 seconds
[2019-12-08T10:29:33.518+0000][1][safepoint    ] Entering safepoint region: Cleanup
[2019-12-08T10:29:33.518+0000][1][safepoint    ] Leaving safepoint region
[2019-12-08T10:29:33.518+0000][1][safepoint    ] Total time for which application threads were stopped: 0.0000785 seconds, Stopping threads took: 0.0000190 seconds
[2019-12-08T10:29:34.519+0000][1][safepoint    ] Application time: 1.0000767 seconds
[2019-12-08T10:29:34.519+0000][1][safepoint    ] Entering safepoint region: Cleanup
[2019-12-08T10:29:34.519+0000][1][safepoint    ] Leaving safepoint region
[2019-12-08T10:29:34.519+0000][1][safepoint    ] Total time for which application threads were stopped: 0.0000781 seconds, Stopping threads took: 0.0000190 seconds
[2019-12-08T10:29:35.266+0000][1][safepoint    ] Application time: 0.7474073 seconds
[2019-12-08T10:29:35.266+0000][1][safepoint    ] Entering safepoint region: GenCollectForAllocation
[2019-12-08T10:29:35.266+0000][1][gc,start     ] GC(49) Pause Young (Allocation Failure)
[2019-12-08T10:29:35.266+0000][1][gc,task      ] GC(49) Using 4 workers of 4 for evacuation
[2019-12-08T10:29:35.267+0000][1][gc,age       ] GC(49) Desired survivor size 4456448 bytes, new threshold 6 (max threshold 6)
[2019-12-08T10:29:35.267+0000][1][gc,age       ] GC(49) Age table with threshold 6 (max threshold 6)
[2019-12-08T10:29:35.267+0000][1][gc,age       ] GC(49) - age   1:      73584 bytes,      73584 total
[2019-12-08T10:29:35.267+0000][1][gc,age       ] GC(49) - age   3:        488 bytes,      74072 total
[2019-12-08T10:29:35.267+0000][1][gc,age       ] GC(49) - age   4:       8992 bytes,      83064 total
[2019-12-08T10:29:35.267+0000][1][gc,age       ] GC(49) - age   5:       1328 bytes,      84392 total
[2019-12-08T10:29:35.267+0000][1][gc,heap      ] GC(49) ParNew: 70040K->93K(78656K)
[2019-12-08T10:29:35.267+0000][1][gc,heap      ] GC(49) CMS: 70412K->70413K(174784K)
[2019-12-08T10:29:35.267+0000][1][gc,metaspace ] GC(49) Metaspace: 72550K->72550K(1116160K)
[2019-12-08T10:29:35.267+0000][1][gc           ] GC(49) Pause Young (Allocation Failure) 137M->68M(247M) 1.054ms
[2019-12-08T10:29:35.267+0000][1][gc,cpu       ] GC(49) User=0.00s Sys=0.00s Real=0.00s
[2019-12-08T10:29:35.267+0000][1][safepoint    ] Leaving safepoint region
[2019-12-08T10:29:35.267+0000][1][safepoint    ] Total time for which application threads were stopped: 0.0012109 seconds, Stopping threads took: 0.0000241 seconds
[2019-12-08T10:29:36.267+0000][1][safepoint    ] Application time: 1.0000943 seconds
[2019-12-08T10:29:36.267+0000][1][safepoint    ] Entering safepoint region: Cleanup
[2019-12-08T10:29:36.268+0000][1][safepoint    ] Leaving safepoint region
[2019-12-08T10:29:36.268+0000][1][safepoint    ] Total time for which application threads were stopped: 0.0001000 seconds, Stopping threads took: 0.0000406 seconds
[2019-12-08T10:29:37.268+0000][1][safepoint    ] Application time: 1.0000946 seconds
[2019-12-08T10:29:37.268+0000][1][safepoint    ] Entering safepoint region: Cleanup
[2019-12-08T10:29:37.268+0000][1][safepoint    ] Leaving safepoint region
[2019-12-08T10:29:37.268+0000][1][safepoint    ] Total time for which application threads were stopped: 0.0001290 seconds, Stopping threads took: 0.0000500 seconds
[2019-12-08T10:29:38.268+0000][1][safepoint    ] Application time: 1.0000829 seconds
[2019-12-08T10:29:38.268+0000][1][safepoint    ] Entering safepoint region: Cleanup
[2019-12-08T10:29:38.268+0000][1][safepoint    ] Leaving safepoint region
[2019-12-08T10:29:38.268+0000][1][safepoint    ] Total time for which application threads were stopped: 0.0001070 seconds, Stopping threads took: 0.0000256 seconds
[2019-12-08T10:29:39.268+0000][1][safepoint    ] Application time: 1.0000791 seconds
[2019-12-08T10:29:39.268+0000][1][safepoint    ] Entering safepoint region: Cleanup
[2019-12-08T10:29:39.268+0000][1][safepoint    ] Leaving safepoint region
[2019-12-08T10:29:39.268+0000][1][safepoint    ] Total time for which application threads were stopped: 0.0000769 seconds, Stopping threads took: 0.0000178 seconds
[2019-12-08T10:29:40.268+0000][1][safepoint    ] Application time: 1.0000754 seconds
[2019-12-08T10:29:40.268+0000][1][safepoint    ] Entering safepoint region: Cleanup
[2019-12-08T10:29:40.268+0000][1][safepoint    ] Leaving safepoint region
[2019-12-08T10:29:40.268+0000][1][safepoint    ] Total time for which application threads were stopped: 0.0000757 seconds, Stopping threads took: 0.0000195 seconds
[2019-12-08T10:29:41.268+0000][1][safepoint    ] Application time: 1.0000850 seconds
[2019-12-08T10:29:41.269+0000][1][safepoint    ] Entering safepoint region: Cleanup
[2019-12-08T10:29:41.269+0000][1][safepoint    ] Leaving safepoint region
[2019-12-08T10:29:41.269+0000][1][safepoint    ] Total time for which application threads were stopped: 0.0000742 seconds, Stopping threads took: 0.0000187 seconds
[2019-12-08T10:29:42.269+0000][1][safepoint    ] Application time: 1.0000752 seconds
[2019-12-08T10:29:42.269+0000][1][safepoint    ] Entering safepoint region: Cleanup
[2019-12-08T10:29:42.269+0000][1][safepoint    ] Leaving safepoint region
[2019-12-08T10:29:42.269+0000][1][safepoint    ] Total time for which application threads were stopped: 0.0000766 seconds, Stopping threads took: 0.0000177 seconds
[2019-12-08T10:29:43.269+0000][1][safepoint    ] Application time: 1.0000771 seconds
[2019-12-08T10:29:43.269+0000][1][safepoint    ] Entering safepoint region: Cleanup
[2019-12-08T10:29:43.269+0000][1][safepoint    ] Leaving safepoint region
[2019-12-08T10:29:43.269+0000][1][safepoint    ] Total time for which application threads were stopped: 0.0000783 seconds, Stopping threads took: 0.0000192 seconds
[2019-12-08T10:29:44.269+0000][1][safepoint    ] Application time: 1.0000786 seconds
[2019-12-08T10:29:44.269+0000][1][safepoint    ] Entering safepoint region: Cleanup
[2019-12-08T10:29:44.269+0000][1][safepoint    ] Leaving safepoint region
[2019-12-08T10:29:44.269+0000][1][safepoint    ] Total time for which application threads were stopped: 0.0000776 seconds, Stopping threads took: 0.0000192 seconds
[2019-12-08T10:29:45.269+0000][1][safepoint    ] Application time: 1.0000784 seconds
[2019-12-08T10:29:45.269+0000][1][safepoint    ] Entering safepoint region: Cleanup
[2019-12-08T10:29:45.269+0000][1][safepoint    ] Leaving safepoint region
[2019-12-08T10:29:45.269+0000][1][safepoint    ] Total time for which application threads were stopped: 0.0000764 seconds, Stopping threads took: 0.0000168 seconds
[2019-12-08T10:29:46.269+0000][1][safepoint    ] Application time: 1.0000868 seconds
[2019-12-08T10:29:46.270+0000][1][safepoint    ] Entering safepoint region: Cleanup
[2019-12-08T10:29:46.270+0000][1][safepoint    ] Leaving safepoint region
[2019-12-08T10:29:46.270+0000][1][safepoint    ] Total time for which application threads were stopped: 0.0000845 seconds, Stopping threads took: 0.0000205 seconds
[2019-12-08T10:29:47.270+0000][1][safepoint    ] Application time: 1.0000767 seconds
[2019-12-08T10:29:47.270+0000][1][safepoint    ] Entering safepoint region: Cleanup
[2019-12-08T10:29:47.270+0000][1][safepoint    ] Leaving safepoint region
[2019-12-08T10:29:47.270+0000][1][safepoint    ] Total time for which application threads were stopped: 0.0000787 seconds, Stopping threads took: 0.0000189 seconds
[2019-12-08T10:29:48.270+0000][1][safepoint    ] Application time: 1.0000734 seconds
[2019-12-08T10:29:48.270+0000][1][safepoint    ] Entering safepoint region: Cleanup
[2019-12-08T10:29:48.270+0000][1][safepoint    ] Leaving safepoint region
[2019-12-08T10:29:48.270+0000][1][safepoint    ] Total time for which application threads were stopped: 0.0000784 seconds, Stopping threads took: 0.0000179 seconds
[2019-12-08T10:29:49.270+0000][1][safepoint    ] Application time: 1.0000778 seconds
[2019-12-08T10:29:49.270+0000][1][safepoint    ] Entering safepoint region: Cleanup
[2019-12-08T10:29:49.270+0000][1][safepoint    ] Leaving safepoint region
[2019-12-08T10:29:49.270+0000][1][safepoint    ] Total time for which application threads were stopped: 0.0001066 seconds, Stopping threads took: 0.0000227 seconds
[2019-12-08T10:29:50.274+0000][1][safepoint    ] Application time: 1.0034650 seconds
[2019-12-08T10:29:50.274+0000][1][safepoint    ] Entering safepoint region: Cleanup
[2019-12-08T10:29:50.274+0000][1][safepoint    ] Leaving safepoint region
[2019-12-08T10:29:50.274+0000][1][safepoint    ] Total time for which application threads were stopped: 0.0000818 seconds, Stopping threads took: 0.0000239 seconds
[2019-12-08T10:29:51.274+0000][1][safepoint    ] Application time: 1.0000863 seconds
[2019-12-08T10:29:51.274+0000][1][safepoint    ] Entering safepoint region: Cleanup
[2019-12-08T10:29:51.274+0000][1][safepoint    ] Leaving safepoint region
[2019-12-08T10:29:51.274+0000][1][safepoint    ] Total time for which application threads were stopped: 0.0000772 seconds, Stopping threads took: 0.0000189 seconds
[2019-12-08T10:29:52.274+0000][1][safepoint    ] Application time: 1.0000794 seconds
[2019-12-08T10:29:52.274+0000][1][safepoint    ] Entering safepoint region: Cleanup
[2019-12-08T10:29:52.274+0000][1][safepoint    ] Leaving safepoint region
[2019-12-08T10:29:52.274+0000][1][safepoint    ] Total time for which application threads were stopped: 0.0000753 seconds, Stopping threads took: 0.0000191 seconds
[2019-12-08T10:29:53.277+0000][1][safepoint    ] Application time: 1.0028965 seconds
[2019-12-08T10:29:53.277+0000][1][safepoint    ] Entering safepoint region: Cleanup
[2019-12-08T10:29:53.277+0000][1][safepoint    ] Leaving safepoint region
[2019-12-08T10:29:53.277+0000][1][safepoint    ] Total time for which application threads were stopped: 0.0001620 seconds, Stopping threads took: 0.0000677 seconds
[2019-12-08T10:29:54.277+0000][1][safepoint    ] Application time: 1.0000961 seconds
[2019-12-08T10:29:54.277+0000][1][safepoint    ] Entering safepoint region: Cleanup
[2019-12-08T10:29:54.278+0000][1][safepoint    ] Leaving safepoint region
[2019-12-08T10:29:54.278+0000][1][safepoint    ] Total time for which application threads were stopped: 0.0000835 seconds, Stopping threads took: 0.0000197 seconds
[2019-12-08T10:29:55.278+0000][1][safepoint    ] Application time: 1.0000865 seconds
[2019-12-08T10:29:55.278+0000][1][safepoint    ] Entering safepoint region: Cleanup
[2019-12-08T10:29:55.278+0000][1][safepoint    ] Leaving safepoint region
[2019-12-08T10:29:55.278+0000][1][safepoint    ] Total time for which application threads were stopped: 0.0001160 seconds, Stopping threads took: 0.0000561 seconds
[2019-12-08T10:29:56.278+0000][1][safepoint    ] Application time: 1.0000840 seconds
[2019-12-08T10:29:56.278+0000][1][safepoint    ] Entering safepoint region: Cleanup
[2019-12-08T10:29:56.278+0000][1][safepoint    ] Leaving safepoint region
[2019-12-08T10:29:56.278+0000][1][safepoint    ] Total time for which application threads were stopped: 0.0000793 seconds, Stopping threads took: 0.0000184 seconds
[2019-12-08T10:29:57.278+0000][1][safepoint    ] Application time: 1.0000766 seconds
[2019-12-08T10:29:57.278+0000][1][safepoint    ] Entering safepoint region: Cleanup
[2019-12-08T10:29:57.278+0000][1][safepoint    ] Leaving safepoint region
[2019-12-08T10:29:57.278+0000][1][safepoint    ] Total time for which application threads were stopped: 0.0000758 seconds, Stopping threads took: 0.0000184 seconds
[2019-12-08T10:29:58.278+0000][1][safepoint    ] Application time: 1.0000772 seconds
[2019-12-08T10:29:58.278+0000][1][safepoint    ] Entering safepoint region: Cleanup
[2019-12-08T10:29:58.278+0000][1][safepoint    ] Leaving safepoint region
[2019-12-08T10:29:58.278+0000][1][safepoint    ] Total time for which application threads were stopped: 0.0000798 seconds, Stopping threads took: 0.0000219 seconds
[2019-12-08T10:29:59.278+0000][1][safepoint    ] Application time: 1.0000736 seconds
[2019-12-08T10:29:59.278+0000][1][safepoint    ] Entering safepoint region: Cleanup
[2019-12-08T10:29:59.279+0000][1][safepoint    ] Leaving safepoint region
[2019-12-08T10:29:59.279+0000][1][safepoint    ] Total time for which application threads were stopped: 0.0000757 seconds, Stopping threads took: 0.0000194 seconds
[2019-12-08T10:30:00.279+0000][1][safepoint    ] Application time: 1.0000745 seconds
[2019-12-08T10:30:00.279+0000][1][safepoint    ] Entering safepoint region: Cleanup
[2019-12-08T10:30:00.279+0000][1][safepoint    ] Leaving safepoint region
[2019-12-08T10:30:00.279+0000][1][safepoint    ] Total time for which application threads were stopped: 0.0000856 seconds, Stopping threads took: 0.0000176 seconds
[2019-12-08T10:30:01.279+0000][1][safepoint    ] Application time: 1.0000774 seconds
[2019-12-08T10:30:01.279+0000][1][safepoint    ] Entering safepoint region: Cleanup
[2019-12-08T10:30:01.279+0000][1][safepoint    ] Leaving safepoint region
[2019-12-08T10:30:01.279+0000][1][safepoint    ] Total time for which application threads were stopped: 0.0000792 seconds, Stopping threads took: 0.0000192 seconds
[2019-12-08T10:30:02.279+0000][1][safepoint    ] Application time: 1.0000768 seconds
[2019-12-08T10:30:02.279+0000][1][safepoint    ] Entering safepoint region: Cleanup
[2019-12-08T10:30:02.279+0000][1][safepoint    ] Leaving safepoint region
[2019-12-08T10:30:02.279+0000][1][safepoint    ] Total time for which application threads were stopped: 0.0000727 seconds, Stopping threads took: 0.0000174 seconds
[2019-12-08T10:30:03.279+0000][1][safepoint    ] Application time: 1.0000738 seconds
[2019-12-08T10:30:03.279+0000][1][safepoint    ] Entering safepoint region: Cleanup
[2019-12-08T10:30:03.279+0000][1][safepoint    ] Leaving safepoint region
[2019-12-08T10:30:03.279+0000][1][safepoint    ] Total time for which application threads were stopped: 0.0000739 seconds, Stopping threads took: 0.0000167 seconds
[2019-12-08T10:30:04.279+0000][1][safepoint    ] Application time: 1.0000737 seconds
[2019-12-08T10:30:04.279+0000][1][safepoint    ] Entering safepoint region: Cleanup
[2019-12-08T10:30:04.279+0000][1][safepoint    ] Leaving safepoint region
[2019-12-08T10:30:04.279+0000][1][safepoint    ] Total time for which application threads were stopped: 0.0000718 seconds, Stopping threads took: 0.0000162 seconds
[2019-12-08T10:30:05.280+0000][1][safepoint    ] Application time: 1.0000736 seconds
[2019-12-08T10:30:05.280+0000][1][safepoint    ] Entering safepoint region: Cleanup
[2019-12-08T10:30:05.280+0000][1][safepoint    ] Leaving safepoint region
[2019-12-08T10:30:05.280+0000][1][safepoint    ] Total time for which application threads were stopped: 0.0000718 seconds, Stopping threads took: 0.0000166 seconds
[2019-12-08T10:30:06.280+0000][1][safepoint    ] Application time: 1.0000821 seconds
[2019-12-08T10:30:06.280+0000][1][safepoint    ] Entering safepoint region: Cleanup
[2019-12-08T10:30:06.280+0000][1][safepoint    ] Leaving safepoint region
[2019-12-08T10:30:06.280+0000][1][safepoint    ] Total time for which application threads were stopped: 0.0000737 seconds, Stopping threads took: 0.0000165 seconds
[2019-12-08T10:30:07.280+0000][1][safepoint    ] Application time: 1.0000753 seconds
[2019-12-08T10:30:07.280+0000][1][safepoint    ] Entering safepoint region: Cleanup
[2019-12-08T10:30:07.280+0000][1][safepoint    ] Leaving safepoint region
[2019-12-08T10:30:07.280+0000][1][safepoint    ] Total time for which application threads were stopped: 0.0000734 seconds, Stopping threads took: 0.0000167 seconds
[2019-12-08T10:30:08.282+0000][1][safepoint    ] Application time: 1.0015732 seconds
[2019-12-08T10:30:08.282+0000][1][safepoint    ] Entering safepoint region: Cleanup
[2019-12-08T10:30:08.282+0000][1][safepoint    ] Leaving safepoint region
[2019-12-08T10:30:08.282+0000][1][safepoint    ] Total time for which application threads were stopped: 0.0001195 seconds, Stopping threads took: 0.0000254 seconds
[2019-12-08T10:30:09.282+0000][1][safepoint    ] Application time: 1.0000799 seconds
[2019-12-08T10:30:09.282+0000][1][safepoint    ] Entering safepoint region: Cleanup
[2019-12-08T10:30:09.282+0000][1][safepoint    ] Leaving safepoint region
[2019-12-08T10:30:09.282+0000][1][safepoint    ] Total time for which application threads were stopped: 0.0000748 seconds, Stopping threads took: 0.0000193 seconds
[2019-12-08T10:30:10.282+0000][1][safepoint    ] Application time: 1.0000782 seconds
[2019-12-08T10:30:10.282+0000][1][safepoint    ] Entering safepoint region: Cleanup
[2019-12-08T10:30:10.282+0000][1][safepoint    ] Leaving safepoint region
[2019-12-08T10:30:10.282+0000][1][safepoint    ] Total time for which application threads were stopped: 0.0000749 seconds, Stopping threads took: 0.0000188 seconds
[2019-12-08T10:30:11.282+0000][1][safepoint    ] Application time: 1.0000789 seconds
[2019-12-08T10:30:11.282+0000][1][safepoint    ] Entering safepoint region: Cleanup
[2019-12-08T10:30:11.282+0000][1][safepoint    ] Leaving safepoint region
[2019-12-08T10:30:11.282+0000][1][safepoint    ] Total time for which application threads were stopped: 0.0000777 seconds, Stopping threads took: 0.0000198 seconds
[2019-12-08T10:30:12.282+0000][1][safepoint    ] Application time: 1.0000766 seconds
[2019-12-08T10:30:12.282+0000][1][safepoint    ] Entering safepoint region: Cleanup
[2019-12-08T10:30:12.282+0000][1][safepoint    ] Leaving safepoint region
[2019-12-08T10:30:12.282+0000][1][safepoint    ] Total time for which application threads were stopped: 0.0000759 seconds, Stopping threads took: 0.0000180 seconds
[2019-12-08T10:30:13.283+0000][1][safepoint    ] Application time: 1.0000749 seconds
[2019-12-08T10:30:13.283+0000][1][safepoint    ] Entering safepoint region: Cleanup
[2019-12-08T10:30:13.283+0000][1][safepoint    ] Leaving safepoint region
[2019-12-08T10:30:13.283+0000][1][safepoint    ] Total time for which application threads were stopped: 0.0000799 seconds, Stopping threads took: 0.0000216 seconds
[2019-12-08T10:30:14.283+0000][1][safepoint    ] Application time: 1.0000943 seconds
[2019-12-08T10:30:14.283+0000][1][safepoint    ] Entering safepoint region: Cleanup
[2019-12-08T10:30:14.283+0000][1][safepoint    ] Leaving safepoint region
[2019-12-08T10:30:14.283+0000][1][safepoint    ] Total time for which application threads were stopped: 0.0000725 seconds, Stopping threads took: 0.0000181 seconds
[2019-12-08T10:30:15.283+0000][1][safepoint    ] Application time: 1.0000737 seconds
[2019-12-08T10:30:15.283+0000][1][safepoint    ] Entering safepoint region: Cleanup
[2019-12-08T10:30:15.283+0000][1][safepoint    ] Leaving safepoint region
[2019-12-08T10:30:15.283+0000][1][safepoint    ] Total time for which application threads were stopped: 0.0000711 seconds, Stopping threads took: 0.0000173 seconds
[2019-12-08T10:30:16.283+0000][1][safepoint    ] Application time: 1.0000773 seconds
[2019-12-08T10:30:16.283+0000][1][safepoint    ] Entering safepoint region: Cleanup
[2019-12-08T10:30:16.283+0000][1][safepoint    ] Leaving safepoint region
[2019-12-08T10:30:16.283+0000][1][safepoint    ] Total time for which application threads were stopped: 0.0000716 seconds, Stopping threads took: 0.0000178 seconds
[2019-12-08T10:30:17.289+0000][1][safepoint    ] Application time: 1.0053702 seconds
[2019-12-08T10:30:17.289+0000][1][safepoint    ] Entering safepoint region: Cleanup
[2019-12-08T10:30:17.289+0000][1][safepoint    ] Leaving safepoint region
[2019-12-08T10:30:17.289+0000][1][safepoint    ] Total time for which application threads were stopped: 0.0001366 seconds, Stopping threads took: 0.0000575 seconds
[2019-12-08T10:30:18.289+0000][1][safepoint    ] Application time: 1.0000890 seconds
[2019-12-08T10:30:18.289+0000][1][safepoint    ] Entering safepoint region: Cleanup
[2019-12-08T10:30:18.289+0000][1][safepoint    ] Leaving safepoint region
[2019-12-08T10:30:18.289+0000][1][safepoint    ] Total time for which application threads were stopped: 0.0001073 seconds, Stopping threads took: 0.0000222 seconds
[2019-12-08T10:30:19.289+0000][1][safepoint    ] Application time: 1.0000974 seconds
[2019-12-08T10:30:19.289+0000][1][safepoint    ] Entering safepoint region: Cleanup
[2019-12-08T10:30:19.289+0000][1][safepoint    ] Leaving safepoint region
[2019-12-08T10:30:19.289+0000][1][safepoint    ] Total time for which application threads were stopped: 0.0001967 seconds, Stopping threads took: 0.0001015 seconds
[2019-12-08T10:30:20.289+0000][1][safepoint    ] Application time: 1.0000889 seconds
[2019-12-08T10:30:20.289+0000][1][safepoint    ] Entering safepoint region: Cleanup
[2019-12-08T10:30:20.290+0000][1][safepoint    ] Leaving safepoint region
[2019-12-08T10:30:20.290+0000][1][safepoint    ] Total time for which application threads were stopped: 0.0000759 seconds, Stopping threads took: 0.0000186 seconds
[2019-12-08T10:30:21.290+0000][1][safepoint    ] Application time: 1.0000745 seconds
[2019-12-08T10:30:21.290+0000][1][safepoint    ] Entering safepoint region: Cleanup
[2019-12-08T10:30:21.290+0000][1][safepoint    ] Leaving safepoint region
[2019-12-08T10:30:21.290+0000][1][safepoint    ] Total time for which application threads were stopped: 0.0000825 seconds, Stopping threads took: 0.0000183 seconds
[2019-12-08T10:30:22.290+0000][1][safepoint    ] Application time: 1.0000815 seconds
[2019-12-08T10:30:22.290+0000][1][safepoint    ] Entering safepoint region: Cleanup
[2019-12-08T10:30:22.290+0000][1][safepoint    ] Leaving safepoint region
[2019-12-08T10:30:22.290+0000][1][safepoint    ] Total time for which application threads were stopped: 0.0000760 seconds, Stopping threads took: 0.0000180 seconds
[2019-12-08T10:30:23.290+0000][1][safepoint    ] Application time: 1.0000800 seconds
[2019-12-08T10:30:23.290+0000][1][safepoint    ] Entering safepoint region: Cleanup
[2019-12-08T10:30:23.290+0000][1][safepoint    ] Leaving safepoint region
[2019-12-08T10:30:23.290+0000][1][safepoint    ] Total time for which application threads were stopped: 0.0000786 seconds, Stopping threads took: 0.0000200 seconds
[2019-12-08T10:30:24.290+0000][1][safepoint    ] Application time: 1.0000788 seconds
[2019-12-08T10:30:24.290+0000][1][safepoint    ] Entering safepoint region: Cleanup
[2019-12-08T10:30:24.290+0000][1][safepoint    ] Leaving safepoint region
[2019-12-08T10:30:24.290+0000][1][safepoint    ] Total time for which application threads were stopped: 0.0001152 seconds, Stopping threads took: 0.0000231 seconds
[2019-12-08T10:30:25.290+0000][1][safepoint    ] Application time: 1.0000858 seconds
[2019-12-08T10:30:25.290+0000][1][safepoint    ] Entering safepoint region: Cleanup
[2019-12-08T10:30:25.291+0000][1][safepoint    ] Leaving safepoint region
[2019-12-08T10:30:25.291+0000][1][safepoint    ] Total time for which application threads were stopped: 0.0000746 seconds, Stopping threads took: 0.0000172 seconds
[2019-12-08T10:30:26.291+0000][1][safepoint    ] Application time: 1.0000845 seconds
[2019-12-08T10:30:26.291+0000][1][safepoint    ] Entering safepoint region: Cleanup
[2019-12-08T10:30:26.291+0000][1][safepoint    ] Leaving safepoint region
[2019-12-08T10:30:26.291+0000][1][safepoint    ] Total time for which application threads were stopped: 0.0000915 seconds, Stopping threads took: 0.0000204 seconds
[2019-12-08T10:30:27.291+0000][1][safepoint    ] Application time: 1.0000813 seconds
[2019-12-08T10:30:27.291+0000][1][safepoint    ] Entering safepoint region: Cleanup
[2019-12-08T10:30:27.291+0000][1][safepoint    ] Leaving safepoint region
[2019-12-08T10:30:27.291+0000][1][safepoint    ] Total time for which application threads were stopped: 0.0000747 seconds, Stopping threads took: 0.0000180 seconds
[2019-12-08T10:30:28.291+0000][1][safepoint    ] Application time: 1.0000874 seconds
[2019-12-08T10:30:28.291+0000][1][safepoint    ] Entering safepoint region: Cleanup
[2019-12-08T10:30:28.291+0000][1][safepoint    ] Leaving safepoint region
[2019-12-08T10:30:28.291+0000][1][safepoint    ] Total time for which application threads were stopped: 0.0000759 seconds, Stopping threads took: 0.0000193 seconds
[2019-12-08T10:30:29.291+0000][1][safepoint    ] Application time: 1.0000791 seconds
[2019-12-08T10:30:29.291+0000][1][safepoint    ] Entering safepoint region: Cleanup
[2019-12-08T10:30:29.291+0000][1][safepoint    ] Leaving safepoint region
[2019-12-08T10:30:29.291+0000][1][safepoint    ] Total time for which application threads were stopped: 0.0000729 seconds, Stopping threads took: 0.0000176 seconds
[2019-12-08T10:30:30.291+0000][1][safepoint    ] Application time: 1.0000767 seconds
[2019-12-08T10:30:30.291+0000][1][safepoint    ] Entering safepoint region: Cleanup
[2019-12-08T10:30:30.291+0000][1][safepoint    ] Leaving safepoint region
[2019-12-08T10:30:30.291+0000][1][safepoint    ] Total time for which application threads were stopped: 0.0000744 seconds, Stopping threads took: 0.0000193 seconds
[2019-12-08T10:30:31.292+0000][1][safepoint    ] Application time: 1.0000776 seconds
[2019-12-08T10:30:31.292+0000][1][safepoint    ] Entering safepoint region: Cleanup
[2019-12-08T10:30:31.292+0000][1][safepoint    ] Leaving safepoint region
[2019-12-08T10:30:31.292+0000][1][safepoint    ] Total time for which application threads were stopped: 0.0000722 seconds, Stopping threads took: 0.0000189 seconds
[2019-12-08T10:30:32.292+0000][1][safepoint    ] Application time: 1.0000801 seconds
[2019-12-08T10:30:32.292+0000][1][safepoint    ] Entering safepoint region: Cleanup
[2019-12-08T10:30:32.292+0000][1][safepoint    ] Leaving safepoint region
[2019-12-08T10:30:32.292+0000][1][safepoint    ] Total time for which application threads were stopped: 0.0000818 seconds, Stopping threads took: 0.0000200 seconds
[2019-12-08T10:30:33.292+0000][1][safepoint    ] Application time: 1.0000785 seconds
[2019-12-08T10:30:33.292+0000][1][safepoint    ] Entering safepoint region: Cleanup
[2019-12-08T10:30:33.292+0000][1][safepoint    ] Leaving safepoint region
[2019-12-08T10:30:33.292+0000][1][safepoint    ] Total time for which application threads were stopped: 0.0000774 seconds, Stopping threads took: 0.0000184 seconds
[2019-12-08T10:30:34.292+0000][1][safepoint    ] Application time: 1.0000758 seconds
[2019-12-08T10:30:34.292+0000][1][safepoint    ] Entering safepoint region: Cleanup
[2019-12-08T10:30:34.292+0000][1][safepoint    ] Leaving safepoint region
[2019-12-08T10:30:34.292+0000][1][safepoint    ] Total time for which application threads were stopped: 0.0000881 seconds, Stopping threads took: 0.0000272 seconds
[2019-12-08T10:30:35.292+0000][1][safepoint    ] Application time: 1.0000836 seconds
[2019-12-08T10:30:35.292+0000][1][safepoint    ] Entering safepoint region: Cleanup
[2019-12-08T10:30:35.292+0000][1][safepoint    ] Leaving safepoint region
[2019-12-08T10:30:35.292+0000][1][safepoint    ] Total time for which application threads were stopped: 0.0000812 seconds, Stopping threads took: 0.0000200 seconds
[2019-12-08T10:30:36.293+0000][1][safepoint    ] Application time: 1.0000783 seconds
[2019-12-08T10:30:36.293+0000][1][safepoint    ] Entering safepoint region: Cleanup
[2019-12-08T10:30:36.293+0000][1][safepoint    ] Leaving safepoint region
[2019-12-08T10:30:36.293+0000][1][safepoint    ] Total time for which application threads were stopped: 0.0000806 seconds, Stopping threads took: 0.0000203 seconds
[2019-12-08T10:30:37.293+0000][1][safepoint    ] Application time: 1.0000792 seconds
[2019-12-08T10:30:37.293+0000][1][safepoint    ] Entering safepoint region: Cleanup
[2019-12-08T10:30:37.293+0000][1][safepoint    ] Leaving safepoint region
[2019-12-08T10:30:37.293+0000][1][safepoint    ] Total time for which application threads were stopped: 0.0000796 seconds, Stopping threads took: 0.0000198 seconds
[2019-12-08T10:30:38.293+0000][1][safepoint    ] Application time: 1.0000782 seconds
[2019-12-08T10:30:38.293+0000][1][safepoint    ] Entering safepoint region: Cleanup
[2019-12-08T10:30:38.293+0000][1][safepoint    ] Leaving safepoint region
[2019-12-08T10:30:38.293+0000][1][safepoint    ] Total time for which application threads were stopped: 0.0000817 seconds, Stopping threads took: 0.0000199 seconds
[2019-12-08T10:30:39.293+0000][1][safepoint    ] Application time: 1.0000867 seconds
[2019-12-08T10:30:39.293+0000][1][safepoint    ] Entering safepoint region: Cleanup
[2019-12-08T10:30:39.293+0000][1][safepoint    ] Leaving safepoint region
[2019-12-08T10:30:39.293+0000][1][safepoint    ] Total time for which application threads were stopped: 0.0001046 seconds, Stopping threads took: 0.0000248 seconds
[2019-12-08T10:30:40.293+0000][1][safepoint    ] Application time: 1.0000871 seconds
[2019-12-08T10:30:40.293+0000][1][safepoint    ] Entering safepoint region: Cleanup
[2019-12-08T10:30:40.294+0000][1][safepoint    ] Leaving safepoint region
[2019-12-08T10:30:40.294+0000][1][safepoint    ] Total time for which application threads were stopped: 0.0000807 seconds, Stopping threads took: 0.0000197 seconds
[2019-12-08T10:30:41.294+0000][1][safepoint    ] Application time: 1.0000788 seconds
[2019-12-08T10:30:41.294+0000][1][safepoint    ] Entering safepoint region: Cleanup
[2019-12-08T10:30:41.294+0000][1][safepoint    ] Leaving safepoint region
[2019-12-08T10:30:41.294+0000][1][safepoint    ] Total time for which application threads were stopped: 0.0000913 seconds, Stopping threads took: 0.0000189 seconds
[2019-12-08T10:30:42.294+0000][1][safepoint    ] Application time: 1.0000774 seconds
[2019-12-08T10:30:42.294+0000][1][safepoint    ] Entering safepoint region: Cleanup
[2019-12-08T10:30:42.294+0000][1][safepoint    ] Leaving safepoint region
[2019-12-08T10:30:42.294+0000][1][safepoint    ] Total time for which application threads were stopped: 0.0000869 seconds, Stopping threads took: 0.0000226 seconds
[2019-12-08T10:30:43.294+0000][1][safepoint    ] Application time: 1.0000811 seconds
[2019-12-08T10:30:43.294+0000][1][safepoint    ] Entering safepoint region: Cleanup
[2019-12-08T10:30:43.294+0000][1][safepoint    ] Leaving safepoint region
[2019-12-08T10:30:43.294+0000][1][safepoint    ] Total time for which application threads were stopped: 0.0000789 seconds, Stopping threads took: 0.0000196 seconds
[2019-12-08T10:30:44.294+0000][1][safepoint    ] Application time: 1.0000792 seconds
[2019-12-08T10:30:44.294+0000][1][safepoint    ] Entering safepoint region: Cleanup
[2019-12-08T10:30:44.294+0000][1][safepoint    ] Leaving safepoint region
[2019-12-08T10:30:44.294+0000][1][safepoint    ] Total time for which application threads were stopped: 0.0000784 seconds, Stopping threads took: 0.0000184 seconds
[2019-12-08T10:30:45.294+0000][1][safepoint    ] Application time: 1.0000775 seconds
[2019-12-08T10:30:45.294+0000][1][safepoint    ] Entering safepoint region: Cleanup
[2019-12-08T10:30:45.295+0000][1][safepoint    ] Leaving safepoint region
[2019-12-08T10:30:45.295+0000][1][safepoint    ] Total time for which application threads were stopped: 0.0000746 seconds, Stopping threads took: 0.0000166 seconds
[2019-12-08T10:30:46.295+0000][1][safepoint    ] Application time: 1.0000800 seconds
[2019-12-08T10:30:46.295+0000][1][safepoint    ] Entering safepoint region: Cleanup
[2019-12-08T10:30:46.295+0000][1][safepoint    ] Leaving safepoint region
[2019-12-08T10:30:46.295+0000][1][safepoint    ] Total time for which application threads were stopped: 0.0000912 seconds, Stopping threads took: 0.0000316 seconds
[2019-12-08T10:30:47.295+0000][1][safepoint    ] Application time: 1.0000764 seconds
[2019-12-08T10:30:47.295+0000][1][safepoint    ] Entering safepoint region: Cleanup
[2019-12-08T10:30:47.295+0000][1][safepoint    ] Leaving safepoint region
[2019-12-08T10:30:47.295+0000][1][safepoint    ] Total time for which application threads were stopped: 0.0000790 seconds, Stopping threads took: 0.0000196 seconds
[2019-12-08T10:30:48.295+0000][1][safepoint    ] Application time: 1.0000793 seconds
[2019-12-08T10:30:48.295+0000][1][safepoint    ] Entering safepoint region: Cleanup
[2019-12-08T10:30:48.295+0000][1][safepoint    ] Leaving safepoint region
[2019-12-08T10:30:48.295+0000][1][safepoint    ] Total time for which application threads were stopped: 0.0000790 seconds, Stopping threads took: 0.0000191 seconds
[2019-12-08T10:30:49.295+0000][1][safepoint    ] Application time: 1.0000836 seconds
[2019-12-08T10:30:49.295+0000][1][safepoint    ] Entering safepoint region: Cleanup
[2019-12-08T10:30:49.295+0000][1][safepoint    ] Leaving safepoint region
[2019-12-08T10:30:49.295+0000][1][safepoint    ] Total time for which application threads were stopped: 0.0000775 seconds, Stopping threads took: 0.0000184 seconds
[2019-12-08T10:30:50.295+0000][1][safepoint    ] Application time: 1.0000765 seconds
[2019-12-08T10:30:50.295+0000][1][safepoint    ] Entering safepoint region: Cleanup
[2019-12-08T10:30:50.296+0000][1][safepoint    ] Leaving safepoint region
[2019-12-08T10:30:50.296+0000][1][safepoint    ] Total time for which application threads were stopped: 0.0000804 seconds, Stopping threads took: 0.0000227 seconds
[2019-12-08T10:30:51.296+0000][1][safepoint    ] Application time: 1.0000761 seconds
[2019-12-08T10:30:51.296+0000][1][safepoint    ] Entering safepoint region: Cleanup
[2019-12-08T10:30:51.296+0000][1][safepoint    ] Leaving safepoint region
[2019-12-08T10:30:51.296+0000][1][safepoint    ] Total time for which application threads were stopped: 0.0000909 seconds, Stopping threads took: 0.0000306 seconds
[2019-12-08T10:30:52.296+0000][1][safepoint    ] Application time: 1.0000854 seconds
[2019-12-08T10:30:52.296+0000][1][safepoint    ] Entering safepoint region: Cleanup
[2019-12-08T10:30:52.296+0000][1][safepoint    ] Leaving safepoint region
[2019-12-08T10:30:52.296+0000][1][safepoint    ] Total time for which application threads were stopped: 0.0000836 seconds, Stopping threads took: 0.0000211 seconds
[2019-12-08T10:30:53.296+0000][1][safepoint    ] Application time: 1.0000796 seconds
[2019-12-08T10:30:53.296+0000][1][safepoint    ] Entering safepoint region: Cleanup
[2019-12-08T10:30:53.296+0000][1][safepoint    ] Leaving safepoint region
[2019-12-08T10:30:53.296+0000][1][safepoint    ] Total time for which application threads were stopped: 0.0000830 seconds, Stopping threads took: 0.0000204 seconds
[2019-12-08T10:30:54.296+0000][1][safepoint    ] Application time: 1.0000762 seconds
[2019-12-08T10:30:54.296+0000][1][safepoint    ] Entering safepoint region: Cleanup
[2019-12-08T10:30:54.296+0000][1][safepoint    ] Leaving safepoint region
[2019-12-08T10:30:54.296+0000][1][safepoint    ] Total time for which application threads were stopped: 0.0000855 seconds, Stopping threads took: 0.0000213 seconds
[2019-12-08T10:30:55.297+0000][1][safepoint    ] Application time: 1.0000817 seconds
[2019-12-08T10:30:55.297+0000][1][safepoint    ] Entering safepoint region: Cleanup
[2019-12-08T10:30:55.297+0000][1][safepoint    ] Leaving safepoint region
[2019-12-08T10:30:55.297+0000][1][safepoint    ] Total time for which application threads were stopped: 0.0000795 seconds, Stopping threads took: 0.0000180 seconds
[2019-12-08T10:30:56.297+0000][1][safepoint    ] Application time: 1.0000760 seconds
[2019-12-08T10:30:56.297+0000][1][safepoint    ] Entering safepoint region: Cleanup
[2019-12-08T10:30:56.297+0000][1][safepoint    ] Leaving safepoint region
[2019-12-08T10:30:56.297+0000][1][safepoint    ] Total time for which application threads were stopped: 0.0000777 seconds, Stopping threads took: 0.0000177 seconds
[2019-12-08T10:30:57.297+0000][1][safepoint    ] Application time: 1.0000771 seconds
[2019-12-08T10:30:57.297+0000][1][safepoint    ] Entering safepoint region: Cleanup
[2019-12-08T10:30:57.297+0000][1][safepoint    ] Leaving safepoint region
[2019-12-08T10:30:57.297+0000][1][safepoint    ] Total time for which application threads were stopped: 0.0000775 seconds, Stopping threads took: 0.0000184 seconds
[2019-12-08T10:30:58.297+0000][1][safepoint    ] Application time: 1.0000823 seconds
[2019-12-08T10:30:58.297+0000][1][safepoint    ] Entering safepoint region: Cleanup
[2019-12-08T10:30:58.297+0000][1][safepoint    ] Leaving safepoint region
[2019-12-08T10:30:58.297+0000][1][safepoint    ] Total time for which application threads were stopped: 0.0000826 seconds, Stopping threads took: 0.0000204 seconds
[2019-12-08T10:30:59.297+0000][1][safepoint    ] Application time: 1.0000776 seconds
[2019-12-08T10:30:59.297+0000][1][safepoint    ] Entering safepoint region: Cleanup
[2019-12-08T10:30:59.297+0000][1][safepoint    ] Leaving safepoint region
[2019-12-08T10:30:59.297+0000][1][safepoint    ] Total time for which application threads were stopped: 0.0000770 seconds, Stopping threads took: 0.0000194 seconds
[2019-12-08T10:31:00.298+0000][1][safepoint    ] Application time: 1.0000742 seconds
[2019-12-08T10:31:00.298+0000][1][safepoint    ] Entering safepoint region: Cleanup
[2019-12-08T10:31:00.298+0000][1][safepoint    ] Leaving safepoint region
[2019-12-08T10:31:00.298+0000][1][safepoint    ] Total time for which application threads were stopped: 0.0000732 seconds, Stopping threads took: 0.0000175 seconds
[2019-12-08T10:31:00.311+0000][1][safepoint    ] Application time: 0.0134329 seconds
[2019-12-08T10:31:00.311+0000][1][safepoint    ] Entering safepoint region: GenCollectForAllocation
[2019-12-08T10:31:00.311+0000][1][gc,start     ] GC(50) Pause Young (Allocation Failure)
[2019-12-08T10:31:00.311+0000][1][gc,task      ] GC(50) Using 4 workers of 4 for evacuation
[2019-12-08T10:31:00.312+0000][1][gc,age       ] GC(50) Desired survivor size 4456448 bytes, new threshold 6 (max threshold 6)
[2019-12-08T10:31:00.312+0000][1][gc,age       ] GC(50) Age table with threshold 6 (max threshold 6)
[2019-12-08T10:31:00.312+0000][1][gc,age       ] GC(50) - age   1:       5312 bytes,       5312 total
[2019-12-08T10:31:00.312+0000][1][gc,age       ] GC(50) - age   2:         56 bytes,       5368 total
[2019-12-08T10:31:00.312+0000][1][gc,age       ] GC(50) - age   4:        456 bytes,       5824 total
[2019-12-08T10:31:00.312+0000][1][gc,age       ] GC(50) - age   5:       8992 bytes,      14816 total
[2019-12-08T10:31:00.312+0000][1][gc,age       ] GC(50) - age   6:       1328 bytes,      16144 total
[2019-12-08T10:31:00.312+0000][1][gc,heap      ] GC(50) ParNew: 70045K->27K(78656K)
[2019-12-08T10:31:00.312+0000][1][gc,heap      ] GC(50) CMS: 70413K->70413K(174784K)
[2019-12-08T10:31:00.312+0000][1][gc,metaspace ] GC(50) Metaspace: 72551K->72551K(1116160K)
[2019-12-08T10:31:00.312+0000][1][gc           ] GC(50) Pause Young (Allocation Failure) 137M->68M(247M) 1.082ms
[2019-12-08T10:31:00.312+0000][1][gc,cpu       ] GC(50) User=0.00s Sys=0.00s Real=0.00s
[2019-12-08T10:31:00.312+0000][1][safepoint    ] Leaving safepoint region
[2019-12-08T10:31:00.312+0000][1][safepoint    ] Total time for which application threads were stopped: 0.0012235 seconds, Stopping threads took: 0.0000156 seconds
[2019-12-08T10:31:01.312+0000][1][safepoint    ] Application time: 1.0001001 seconds
[2019-12-08T10:31:01.312+0000][1][safepoint    ] Entering safepoint region: Cleanup
[2019-12-08T10:31:01.313+0000][1][safepoint    ] Leaving safepoint region
[2019-12-08T10:31:01.313+0000][1][safepoint    ] Total time for which application threads were stopped: 0.0001111 seconds, Stopping threads took: 0.0000483 seconds
[2019-12-08T10:31:02.313+0000][1][safepoint    ] Application time: 1.0000812 seconds
[2019-12-08T10:31:02.313+0000][1][safepoint    ] Entering safepoint region: Cleanup
[2019-12-08T10:31:02.313+0000][1][safepoint    ] Leaving safepoint region
[2019-12-08T10:31:02.313+0000][1][safepoint    ] Total time for which application threads were stopped: 0.0000877 seconds, Stopping threads took: 0.0000180 seconds
[2019-12-08T10:31:03.313+0000][1][safepoint    ] Application time: 1.0000776 seconds
[2019-12-08T10:31:03.313+0000][1][safepoint    ] Entering safepoint region: Cleanup
[2019-12-08T10:31:03.313+0000][1][safepoint    ] Leaving safepoint region
[2019-12-08T10:31:03.313+0000][1][safepoint    ] Total time for which application threads were stopped: 0.0000757 seconds, Stopping threads took: 0.0000188 seconds
[2019-12-08T10:31:04.313+0000][1][safepoint    ] Application time: 1.0000796 seconds
[2019-12-08T10:31:04.313+0000][1][safepoint    ] Entering safepoint region: Cleanup
[2019-12-08T10:31:04.313+0000][1][safepoint    ] Leaving safepoint region
[2019-12-08T10:31:04.313+0000][1][safepoint    ] Total time for which application threads were stopped: 0.0000754 seconds, Stopping threads took: 0.0000178 seconds
[2019-12-08T10:31:05.313+0000][1][safepoint    ] Application time: 1.0000818 seconds
[2019-12-08T10:31:05.313+0000][1][safepoint    ] Entering safepoint region: Cleanup
[2019-12-08T10:31:05.313+0000][1][safepoint    ] Leaving safepoint region
[2019-12-08T10:31:05.313+0000][1][safepoint    ] Total time for which application threads were stopped: 0.0001104 seconds, Stopping threads took: 0.0000426 seconds
[2019-12-08T10:31:06.313+0000][1][safepoint    ] Application time: 1.0000837 seconds
[2019-12-08T10:31:06.313+0000][1][safepoint    ] Entering safepoint region: Cleanup
[2019-12-08T10:31:06.314+0000][1][safepoint    ] Leaving safepoint region
[2019-12-08T10:31:06.314+0000][1][safepoint    ] Total time for which application threads were stopped: 0.0000781 seconds, Stopping threads took: 0.0000187 seconds
[2019-12-08T10:31:07.314+0000][1][safepoint    ] Application time: 1.0000790 seconds
[2019-12-08T10:31:07.314+0000][1][safepoint    ] Entering safepoint region: Cleanup
[2019-12-08T10:31:07.314+0000][1][safepoint    ] Leaving safepoint region
[2019-12-08T10:31:07.314+0000][1][safepoint    ] Total time for which application threads were stopped: 0.0000884 seconds, Stopping threads took: 0.0000317 seconds
[2019-12-08T10:31:08.314+0000][1][safepoint    ] Application time: 1.0000769 seconds
[2019-12-08T10:31:08.314+0000][1][safepoint    ] Entering safepoint region: Cleanup
[2019-12-08T10:31:08.314+0000][1][safepoint    ] Leaving safepoint region
[2019-12-08T10:31:08.314+0000][1][safepoint    ] Total time for which application threads were stopped: 0.0000760 seconds, Stopping threads took: 0.0000205 seconds
[2019-12-08T10:31:09.314+0000][1][safepoint    ] Application time: 1.0000751 seconds
[2019-12-08T10:31:09.314+0000][1][safepoint    ] Entering safepoint region: Cleanup
[2019-12-08T10:31:09.314+0000][1][safepoint    ] Leaving safepoint region
[2019-12-08T10:31:09.314+0000][1][safepoint    ] Total time for which application threads were stopped: 0.0000746 seconds, Stopping threads took: 0.0000176 seconds
[2019-12-08T10:31:10.314+0000][1][safepoint    ] Application time: 1.0000745 seconds
[2019-12-08T10:31:10.314+0000][1][safepoint    ] Entering safepoint region: Cleanup
[2019-12-08T10:31:10.314+0000][1][safepoint    ] Leaving safepoint region
[2019-12-08T10:31:10.314+0000][1][safepoint    ] Total time for which application threads were stopped: 0.0000740 seconds, Stopping threads took: 0.0000178 seconds
[2019-12-08T10:31:11.314+0000][1][safepoint    ] Application time: 1.0000754 seconds
[2019-12-08T10:31:11.314+0000][1][safepoint    ] Entering safepoint region: Cleanup
[2019-12-08T10:31:11.315+0000][1][safepoint    ] Leaving safepoint region
[2019-12-08T10:31:11.315+0000][1][safepoint    ] Total time for which application threads were stopped: 0.0000773 seconds, Stopping threads took: 0.0000191 seconds
[2019-12-08T10:31:12.315+0000][1][safepoint    ] Application time: 1.0000763 seconds
[2019-12-08T10:31:12.315+0000][1][safepoint    ] Entering safepoint region: Cleanup
[2019-12-08T10:31:12.315+0000][1][safepoint    ] Leaving safepoint region
[2019-12-08T10:31:12.315+0000][1][safepoint    ] Total time for which application threads were stopped: 0.0000957 seconds, Stopping threads took: 0.0000187 seconds
[2019-12-08T10:31:13.315+0000][1][safepoint    ] Application time: 1.0000783 seconds
[2019-12-08T10:31:13.315+0000][1][safepoint    ] Entering safepoint region: Cleanup
[2019-12-08T10:31:13.315+0000][1][safepoint    ] Leaving safepoint region
[2019-12-08T10:31:13.315+0000][1][safepoint    ] Total time for which application threads were stopped: 0.0000753 seconds, Stopping threads took: 0.0000189 seconds
[2019-12-08T10:31:14.315+0000][1][safepoint    ] Application time: 1.0000770 seconds
[2019-12-08T10:31:14.315+0000][1][safepoint    ] Entering safepoint region: Cleanup
[2019-12-08T10:31:14.315+0000][1][safepoint    ] Leaving safepoint region
[2019-12-08T10:31:14.315+0000][1][safepoint    ] Total time for which application threads were stopped: 0.0000812 seconds, Stopping threads took: 0.0000200 seconds
[2019-12-08T10:31:15.315+0000][1][safepoint    ] Application time: 1.0000779 seconds
[2019-12-08T10:31:15.315+0000][1][safepoint    ] Entering safepoint region: Cleanup
[2019-12-08T10:31:15.315+0000][1][safepoint    ] Leaving safepoint region
[2019-12-08T10:31:15.315+0000][1][safepoint    ] Total time for which application threads were stopped: 0.0000752 seconds, Stopping threads took: 0.0000190 seconds
[2019-12-08T10:31:16.315+0000][1][safepoint    ] Application time: 1.0000773 seconds
[2019-12-08T10:31:16.315+0000][1][safepoint    ] Entering safepoint region: Cleanup
[2019-12-08T10:31:16.315+0000][1][safepoint    ] Leaving safepoint region
[2019-12-08T10:31:16.316+0000][1][safepoint    ] Total time for which application threads were stopped: 0.0000876 seconds, Stopping threads took: 0.0000187 seconds
[2019-12-08T10:31:17.316+0000][1][safepoint    ] Application time: 1.0000760 seconds
[2019-12-08T10:31:17.316+0000][1][safepoint    ] Entering safepoint region: Cleanup
[2019-12-08T10:31:17.316+0000][1][safepoint    ] Leaving safepoint region
[2019-12-08T10:31:17.316+0000][1][safepoint    ] Total time for which application threads were stopped: 0.0000900 seconds, Stopping threads took: 0.0000189 seconds
[2019-12-08T10:31:18.316+0000][1][safepoint    ] Application time: 1.0000780 seconds
[2019-12-08T10:31:18.316+0000][1][safepoint    ] Entering safepoint region: Cleanup
[2019-12-08T10:31:18.316+0000][1][safepoint    ] Leaving safepoint region
[2019-12-08T10:31:18.316+0000][1][safepoint    ] Total time for which application threads were stopped: 0.0000767 seconds, Stopping threads took: 0.0000198 seconds
[2019-12-08T10:31:19.316+0000][1][safepoint    ] Application time: 1.0000792 seconds
[2019-12-08T10:31:19.316+0000][1][safepoint    ] Entering safepoint region: Cleanup
[2019-12-08T10:31:19.316+0000][1][safepoint    ] Leaving safepoint region
[2019-12-08T10:31:19.316+0000][1][safepoint    ] Total time for which application threads were stopped: 0.0000782 seconds, Stopping threads took: 0.0000194 seconds
[2019-12-08T10:31:20.316+0000][1][safepoint    ] Application time: 1.0000805 seconds
[2019-12-08T10:31:20.316+0000][1][safepoint    ] Entering safepoint region: Cleanup
[2019-12-08T10:31:20.316+0000][1][safepoint    ] Leaving safepoint region
[2019-12-08T10:31:20.316+0000][1][safepoint    ] Total time for which application threads were stopped: 0.0000753 seconds, Stopping threads took: 0.0000172 seconds
[2019-12-08T10:31:21.507+0000][1][safepoint    ] Application time: 1.1903024 seconds
[2019-12-08T10:31:21.507+0000][1][safepoint    ] Entering safepoint region: Cleanup
[2019-12-08T10:31:21.507+0000][1][safepoint    ] Leaving safepoint region
[2019-12-08T10:31:21.507+0000][1][safepoint    ] Total time for which application threads were stopped: 0.0000911 seconds, Stopping threads took: 0.0000173 seconds
[2019-12-08T10:31:22.507+0000][1][safepoint    ] Application time: 1.0000976 seconds
[2019-12-08T10:31:22.507+0000][1][safepoint    ] Entering safepoint region: Cleanup
[2019-12-08T10:31:22.507+0000][1][safepoint    ] Leaving safepoint region
[2019-12-08T10:31:22.507+0000][1][safepoint    ] Total time for which application threads were stopped: 0.0000743 seconds, Stopping threads took: 0.0000182 seconds
[2019-12-08T10:31:23.507+0000][1][safepoint    ] Application time: 1.0000821 seconds
[2019-12-08T10:31:23.507+0000][1][safepoint    ] Entering safepoint region: Cleanup
[2019-12-08T10:31:23.507+0000][1][safepoint    ] Leaving safepoint region
[2019-12-08T10:31:23.507+0000][1][safepoint    ] Total time for which application threads were stopped: 0.0000807 seconds, Stopping threads took: 0.0000184 seconds
[2019-12-08T10:31:24.507+0000][1][safepoint    ] Application time: 1.0000796 seconds
[2019-12-08T10:31:24.507+0000][1][safepoint    ] Entering safepoint region: Cleanup
[2019-12-08T10:31:24.507+0000][1][safepoint    ] Leaving safepoint region
[2019-12-08T10:31:24.507+0000][1][safepoint    ] Total time for which application threads were stopped: 0.0000740 seconds, Stopping threads took: 0.0000178 seconds
[2019-12-08T10:31:25.507+0000][1][safepoint    ] Application time: 1.0000776 seconds
[2019-12-08T10:31:25.507+0000][1][safepoint    ] Entering safepoint region: Cleanup
[2019-12-08T10:31:25.507+0000][1][safepoint    ] Leaving safepoint region
[2019-12-08T10:31:25.507+0000][1][safepoint    ] Total time for which application threads were stopped: 0.0000724 seconds, Stopping threads took: 0.0000172 seconds
[2019-12-08T10:31:26.508+0000][1][safepoint    ] Application time: 1.0000890 seconds
[2019-12-08T10:31:26.508+0000][1][safepoint    ] Entering safepoint region: Cleanup
[2019-12-08T10:31:26.508+0000][1][safepoint    ] Leaving safepoint region
[2019-12-08T10:31:26.508+0000][1][safepoint    ] Total time for which application threads were stopped: 0.0000727 seconds, Stopping threads took: 0.0000173 seconds
[2019-12-08T10:31:27.508+0000][1][safepoint    ] Application time: 1.0000842 seconds
[2019-12-08T10:31:27.508+0000][1][safepoint    ] Entering safepoint region: Cleanup
[2019-12-08T10:31:27.508+0000][1][safepoint    ] Leaving safepoint region
[2019-12-08T10:31:27.508+0000][1][safepoint    ] Total time for which application threads were stopped: 0.0000750 seconds, Stopping threads took: 0.0000178 seconds
[2019-12-08T10:31:28.508+0000][1][safepoint    ] Application time: 1.0000793 seconds
[2019-12-08T10:31:28.508+0000][1][safepoint    ] Entering safepoint region: Cleanup
[2019-12-08T10:31:28.508+0000][1][safepoint    ] Leaving safepoint region
[2019-12-08T10:31:28.508+0000][1][safepoint    ] Total time for which application threads were stopped: 0.0000752 seconds, Stopping threads took: 0.0000178 seconds
[2019-12-08T10:31:29.508+0000][1][safepoint    ] Application time: 1.0000809 seconds
[2019-12-08T10:31:29.508+0000][1][safepoint    ] Entering safepoint region: Cleanup
[2019-12-08T10:31:29.508+0000][1][safepoint    ] Leaving safepoint region
[2019-12-08T10:31:29.508+0000][1][safepoint    ] Total time for which application threads were stopped: 0.0000706 seconds, Stopping threads took: 0.0000158 seconds
[2019-12-08T10:31:30.508+0000][1][safepoint    ] Application time: 1.0000764 seconds
[2019-12-08T10:31:30.508+0000][1][safepoint    ] Entering safepoint region: Cleanup
[2019-12-08T10:31:30.508+0000][1][safepoint    ] Leaving safepoint region
[2019-12-08T10:31:30.508+0000][1][safepoint    ] Total time for which application threads were stopped: 0.0000724 seconds, Stopping threads took: 0.0000172 seconds
[2019-12-08T10:31:31.508+0000][1][safepoint    ] Application time: 1.0000778 seconds
[2019-12-08T10:31:31.509+0000][1][safepoint    ] Entering safepoint region: Cleanup
[2019-12-08T10:31:31.509+0000][1][safepoint    ] Leaving safepoint region
[2019-12-08T10:31:31.509+0000][1][safepoint    ] Total time for which application threads were stopped: 0.0000742 seconds, Stopping threads took: 0.0000183 seconds
[2019-12-08T10:31:32.509+0000][1][safepoint    ] Application time: 1.0000766 seconds
[2019-12-08T10:31:32.509+0000][1][safepoint    ] Entering safepoint region: Cleanup
[2019-12-08T10:31:32.509+0000][1][safepoint    ] Leaving safepoint region
[2019-12-08T10:31:32.509+0000][1][safepoint    ] Total time for which application threads were stopped: 0.0000816 seconds, Stopping threads took: 0.0000286 seconds
[2019-12-08T10:31:33.509+0000][1][safepoint    ] Application time: 1.0000738 seconds
[2019-12-08T10:31:33.509+0000][1][safepoint    ] Entering safepoint region: Cleanup
[2019-12-08T10:31:33.509+0000][1][safepoint    ] Leaving safepoint region
[2019-12-08T10:31:33.509+0000][1][safepoint    ] Total time for which application threads were stopped: 0.0000739 seconds, Stopping threads took: 0.0000180 seconds
[2019-12-08T10:31:34.509+0000][1][safepoint    ] Application time: 1.0000787 seconds
[2019-12-08T10:31:34.509+0000][1][safepoint    ] Entering safepoint region: Cleanup
[2019-12-08T10:31:34.509+0000][1][safepoint    ] Leaving safepoint region
[2019-12-08T10:31:34.509+0000][1][safepoint    ] Total time for which application threads were stopped: 0.0000859 seconds, Stopping threads took: 0.0000279 seconds
[2019-12-08T10:31:35.509+0000][1][safepoint    ] Application time: 1.0000807 seconds
[2019-12-08T10:31:35.509+0000][1][safepoint    ] Entering safepoint region: Cleanup
[2019-12-08T10:31:35.509+0000][1][safepoint    ] Leaving safepoint region
[2019-12-08T10:31:35.509+0000][1][safepoint    ] Total time for which application threads were stopped: 0.0001003 seconds, Stopping threads took: 0.0000241 seconds
[2019-12-08T10:31:36.509+0000][1][safepoint    ] Application time: 1.0000747 seconds
[2019-12-08T10:31:36.509+0000][1][safepoint    ] Entering safepoint region: Cleanup
[2019-12-08T10:31:36.510+0000][1][safepoint    ] Leaving safepoint region
[2019-12-08T10:31:36.510+0000][1][safepoint    ] Total time for which application threads were stopped: 0.0000764 seconds, Stopping threads took: 0.0000189 seconds
[2019-12-08T10:31:37.510+0000][1][safepoint    ] Application time: 1.0000780 seconds
[2019-12-08T10:31:37.510+0000][1][safepoint    ] Entering safepoint region: Cleanup
[2019-12-08T10:31:37.510+0000][1][safepoint    ] Leaving safepoint region
[2019-12-08T10:31:37.510+0000][1][safepoint    ] Total time for which application threads were stopped: 0.0000883 seconds, Stopping threads took: 0.0000178 seconds
[2019-12-08T10:31:38.510+0000][1][safepoint    ] Application time: 1.0000788 seconds
[2019-12-08T10:31:38.510+0000][1][safepoint    ] Entering safepoint region: Cleanup
[2019-12-08T10:31:38.510+0000][1][safepoint    ] Leaving safepoint region
[2019-12-08T10:31:38.510+0000][1][safepoint    ] Total time for which application threads were stopped: 0.0000760 seconds, Stopping threads took: 0.0000193 seconds
[2019-12-08T10:31:39.510+0000][1][safepoint    ] Application time: 1.0000769 seconds
[2019-12-08T10:31:39.510+0000][1][safepoint    ] Entering safepoint region: Cleanup
[2019-12-08T10:31:39.510+0000][1][safepoint    ] Leaving safepoint region
[2019-12-08T10:31:39.510+0000][1][safepoint    ] Total time for which application threads were stopped: 0.0000825 seconds, Stopping threads took: 0.0000179 seconds
[2019-12-08T10:31:40.510+0000][1][safepoint    ] Application time: 1.0000885 seconds
[2019-12-08T10:31:40.510+0000][1][safepoint    ] Entering safepoint region: Cleanup
[2019-12-08T10:31:40.510+0000][1][safepoint    ] Leaving safepoint region
[2019-12-08T10:31:40.510+0000][1][safepoint    ] Total time for which application threads were stopped: 0.0000803 seconds, Stopping threads took: 0.0000204 seconds
[2019-12-08T10:31:41.510+0000][1][safepoint    ] Application time: 1.0000857 seconds
[2019-12-08T10:31:41.510+0000][1][safepoint    ] Entering safepoint region: Cleanup
[2019-12-08T10:31:41.511+0000][1][safepoint    ] Leaving safepoint region
[2019-12-08T10:31:41.511+0000][1][safepoint    ] Total time for which application threads were stopped: 0.0000778 seconds, Stopping threads took: 0.0000202 seconds
[2019-12-08T10:31:42.511+0000][1][safepoint    ] Application time: 1.0000856 seconds
[2019-12-08T10:31:42.511+0000][1][safepoint    ] Entering safepoint region: Cleanup
[2019-12-08T10:31:42.511+0000][1][safepoint    ] Leaving safepoint region
[2019-12-08T10:31:42.511+0000][1][safepoint    ] Total time for which application threads were stopped: 0.0000918 seconds, Stopping threads took: 0.0000339 seconds
[2019-12-08T10:31:43.511+0000][1][safepoint    ] Application time: 1.0000845 seconds
[2019-12-08T10:31:43.511+0000][1][safepoint    ] Entering safepoint region: Cleanup
[2019-12-08T10:31:43.511+0000][1][safepoint    ] Leaving safepoint region
[2019-12-08T10:31:43.511+0000][1][safepoint    ] Total time for which application threads were stopped: 0.0000791 seconds, Stopping threads took: 0.0000196 seconds
[2019-12-08T10:31:44.511+0000][1][safepoint    ] Application time: 1.0000781 seconds
[2019-12-08T10:31:44.511+0000][1][safepoint    ] Entering safepoint region: Cleanup
[2019-12-08T10:31:44.511+0000][1][safepoint    ] Leaving safepoint region
[2019-12-08T10:31:44.511+0000][1][safepoint    ] Total time for which application threads were stopped: 0.0000755 seconds, Stopping threads took: 0.0000201 seconds
[2019-12-08T10:31:45.511+0000][1][safepoint    ] Application time: 1.0000818 seconds
[2019-12-08T10:31:45.511+0000][1][safepoint    ] Entering safepoint region: Cleanup
[2019-12-08T10:31:45.511+0000][1][safepoint    ] Leaving safepoint region
[2019-12-08T10:31:45.511+0000][1][safepoint    ] Total time for which application threads were stopped: 0.0000771 seconds, Stopping threads took: 0.0000185 seconds
[2019-12-08T10:31:46.511+0000][1][safepoint    ] Application time: 1.0000775 seconds
[2019-12-08T10:31:46.511+0000][1][safepoint    ] Entering safepoint region: Cleanup
[2019-12-08T10:31:46.512+0000][1][safepoint    ] Leaving safepoint region
[2019-12-08T10:31:46.512+0000][1][safepoint    ] Total time for which application threads were stopped: 0.0000743 seconds, Stopping threads took: 0.0000175 seconds
[2019-12-08T10:31:47.512+0000][1][safepoint    ] Application time: 1.0000772 seconds
[2019-12-08T10:31:47.512+0000][1][safepoint    ] Entering safepoint region: Cleanup
[2019-12-08T10:31:47.512+0000][1][safepoint    ] Leaving safepoint region
[2019-12-08T10:31:47.512+0000][1][safepoint    ] Total time for which application threads were stopped: 0.0000869 seconds, Stopping threads took: 0.0000183 seconds
[2019-12-08T10:31:48.512+0000][1][safepoint    ] Application time: 1.0000778 seconds
[2019-12-08T10:31:48.512+0000][1][safepoint    ] Entering safepoint region: Cleanup
[2019-12-08T10:31:48.512+0000][1][safepoint    ] Leaving safepoint region
[2019-12-08T10:31:48.512+0000][1][safepoint    ] Total time for which application threads were stopped: 0.0000733 seconds, Stopping threads took: 0.0000173 seconds
[2019-12-08T10:31:49.512+0000][1][safepoint    ] Application time: 1.0000768 seconds
[2019-12-08T10:31:49.512+0000][1][safepoint    ] Entering safepoint region: Cleanup
[2019-12-08T10:31:49.512+0000][1][safepoint    ] Leaving safepoint region
[2019-12-08T10:31:49.512+0000][1][safepoint    ] Total time for which application threads were stopped: 0.0000699 seconds, Stopping threads took: 0.0000166 seconds
[2019-12-08T10:31:50.512+0000][1][safepoint    ] Application time: 1.0000806 seconds
[2019-12-08T10:31:50.512+0000][1][safepoint    ] Entering safepoint region: Cleanup
[2019-12-08T10:31:50.512+0000][1][safepoint    ] Leaving safepoint region
[2019-12-08T10:31:50.512+0000][1][safepoint    ] Total time for which application threads were stopped: 0.0000750 seconds, Stopping threads took: 0.0000184 seconds
[2019-12-08T10:31:51.512+0000][1][safepoint    ] Application time: 1.0000774 seconds
[2019-12-08T10:31:51.512+0000][1][safepoint    ] Entering safepoint region: Cleanup
[2019-12-08T10:31:51.512+0000][1][safepoint    ] Leaving safepoint region
[2019-12-08T10:31:51.512+0000][1][safepoint    ] Total time for which application threads were stopped: 0.0000759 seconds, Stopping threads took: 0.0000228 seconds
[2019-12-08T10:31:52.513+0000][1][safepoint    ] Application time: 1.0000764 seconds
[2019-12-08T10:31:52.513+0000][1][safepoint    ] Entering safepoint region: Cleanup
[2019-12-08T10:31:52.513+0000][1][safepoint    ] Leaving safepoint region
[2019-12-08T10:31:52.513+0000][1][safepoint    ] Total time for which application threads were stopped: 0.0000717 seconds, Stopping threads took: 0.0000170 seconds
[2019-12-08T10:31:53.513+0000][1][safepoint    ] Application time: 1.0000781 seconds
[2019-12-08T10:31:53.513+0000][1][safepoint    ] Entering safepoint region: Cleanup
[2019-12-08T10:31:53.513+0000][1][safepoint    ] Leaving safepoint region
[2019-12-08T10:31:53.513+0000][1][safepoint    ] Total time for which application threads were stopped: 0.0000726 seconds, Stopping threads took: 0.0000189 seconds
[2019-12-08T10:31:54.513+0000][1][safepoint    ] Application time: 1.0000766 seconds
[2019-12-08T10:31:54.513+0000][1][safepoint    ] Entering safepoint region: Cleanup
[2019-12-08T10:31:54.513+0000][1][safepoint    ] Leaving safepoint region
[2019-12-08T10:31:54.513+0000][1][safepoint    ] Total time for which application threads were stopped: 0.0000685 seconds, Stopping threads took: 0.0000155 seconds
[2019-12-08T10:31:55.513+0000][1][safepoint    ] Application time: 1.0000781 seconds
[2019-12-08T10:31:55.513+0000][1][safepoint    ] Entering safepoint region: Cleanup
[2019-12-08T10:31:55.513+0000][1][safepoint    ] Leaving safepoint region
[2019-12-08T10:31:55.513+0000][1][safepoint    ] Total time for which application threads were stopped: 0.0000750 seconds, Stopping threads took: 0.0000191 seconds
[2019-12-08T10:31:56.513+0000][1][safepoint    ] Application time: 1.0000768 seconds
[2019-12-08T10:31:56.513+0000][1][safepoint    ] Entering safepoint region: Cleanup
[2019-12-08T10:31:56.513+0000][1][safepoint    ] Leaving safepoint region
[2019-12-08T10:31:56.513+0000][1][safepoint    ] Total time for which application threads were stopped: 0.0000715 seconds, Stopping threads took: 0.0000175 seconds
[2019-12-08T10:31:57.513+0000][1][safepoint    ] Application time: 1.0000755 seconds
[2019-12-08T10:31:57.513+0000][1][safepoint    ] Entering safepoint region: Cleanup
[2019-12-08T10:31:57.514+0000][1][safepoint    ] Leaving safepoint region
[2019-12-08T10:31:57.514+0000][1][safepoint    ] Total time for which application threads were stopped: 0.0000726 seconds, Stopping threads took: 0.0000179 seconds
[2019-12-08T10:31:58.514+0000][1][safepoint    ] Application time: 1.0000773 seconds
[2019-12-08T10:31:58.514+0000][1][safepoint    ] Entering safepoint region: Cleanup
[2019-12-08T10:31:58.514+0000][1][safepoint    ] Leaving safepoint region
[2019-12-08T10:31:58.514+0000][1][safepoint    ] Total time for which application threads were stopped: 0.0000859 seconds, Stopping threads took: 0.0000307 seconds
[2019-12-08T10:31:59.514+0000][1][safepoint    ] Application time: 1.0000761 seconds
[2019-12-08T10:31:59.514+0000][1][safepoint    ] Entering safepoint region: Cleanup
[2019-12-08T10:31:59.514+0000][1][safepoint    ] Leaving safepoint region
[2019-12-08T10:31:59.514+0000][1][safepoint    ] Total time for which application threads were stopped: 0.0000707 seconds, Stopping threads took: 0.0000170 seconds
[2019-12-08T10:32:00.514+0000][1][safepoint    ] Application time: 1.0000746 seconds
[2019-12-08T10:32:00.514+0000][1][safepoint    ] Entering safepoint region: Cleanup
[2019-12-08T10:32:00.514+0000][1][safepoint    ] Leaving safepoint region
[2019-12-08T10:32:00.514+0000][1][safepoint    ] Total time for which application threads were stopped: 0.0000707 seconds, Stopping threads took: 0.0000167 seconds
[2019-12-08T10:32:01.514+0000][1][safepoint    ] Application time: 1.0000787 seconds
[2019-12-08T10:32:01.514+0000][1][safepoint    ] Entering safepoint region: Cleanup
[2019-12-08T10:32:01.514+0000][1][safepoint    ] Leaving safepoint region
[2019-12-08T10:32:01.514+0000][1][safepoint    ] Total time for which application threads were stopped: 0.0000815 seconds, Stopping threads took: 0.0000193 seconds
[2019-12-08T10:32:02.515+0000][1][safepoint    ] Application time: 1.0003716 seconds
[2019-12-08T10:32:02.515+0000][1][safepoint    ] Entering safepoint region: Cleanup
[2019-12-08T10:32:02.515+0000][1][safepoint    ] Leaving safepoint region
[2019-12-08T10:32:02.515+0000][1][safepoint    ] Total time for which application threads were stopped: 0.0001125 seconds, Stopping threads took: 0.0000269 seconds
[2019-12-08T10:32:03.515+0000][1][safepoint    ] Application time: 1.0000782 seconds
[2019-12-08T10:32:03.515+0000][1][safepoint    ] Entering safepoint region: Cleanup
[2019-12-08T10:32:03.515+0000][1][safepoint    ] Leaving safepoint region
[2019-12-08T10:32:03.515+0000][1][safepoint    ] Total time for which application threads were stopped: 0.0000702 seconds, Stopping threads took: 0.0000163 seconds
[2019-12-08T10:32:04.515+0000][1][safepoint    ] Application time: 1.0000802 seconds
[2019-12-08T10:32:04.515+0000][1][safepoint    ] Entering safepoint region: Cleanup
[2019-12-08T10:32:04.515+0000][1][safepoint    ] Leaving safepoint region
[2019-12-08T10:32:04.515+0000][1][safepoint    ] Total time for which application threads were stopped: 0.0000785 seconds, Stopping threads took: 0.0000197 seconds
[2019-12-08T10:32:05.515+0000][1][safepoint    ] Application time: 1.0000734 seconds
[2019-12-08T10:32:05.515+0000][1][safepoint    ] Entering safepoint region: Cleanup
[2019-12-08T10:32:05.515+0000][1][safepoint    ] Leaving safepoint region
[2019-12-08T10:32:05.515+0000][1][safepoint    ] Total time for which application threads were stopped: 0.0000770 seconds, Stopping threads took: 0.0000188 seconds
[2019-12-08T10:32:06.515+0000][1][safepoint    ] Application time: 1.0000710 seconds
[2019-12-08T10:32:06.516+0000][1][safepoint    ] Entering safepoint region: Cleanup
[2019-12-08T10:32:06.516+0000][1][safepoint    ] Leaving safepoint region
[2019-12-08T10:32:06.516+0000][1][safepoint    ] Total time for which application threads were stopped: 0.0000726 seconds, Stopping threads took: 0.0000182 seconds
[2019-12-08T10:32:07.516+0000][1][safepoint    ] Application time: 1.0000813 seconds
[2019-12-08T10:32:07.516+0000][1][safepoint    ] Entering safepoint region: Cleanup
[2019-12-08T10:32:07.516+0000][1][safepoint    ] Leaving safepoint region
[2019-12-08T10:32:07.516+0000][1][safepoint    ] Total time for which application threads were stopped: 0.0000745 seconds, Stopping threads took: 0.0000189 seconds
[2019-12-08T10:32:08.516+0000][1][safepoint    ] Application time: 1.0000797 seconds
[2019-12-08T10:32:08.516+0000][1][safepoint    ] Entering safepoint region: Cleanup
[2019-12-08T10:32:08.516+0000][1][safepoint    ] Leaving safepoint region
[2019-12-08T10:32:08.516+0000][1][safepoint    ] Total time for which application threads were stopped: 0.0000828 seconds, Stopping threads took: 0.0000263 seconds
[2019-12-08T10:32:09.516+0000][1][safepoint    ] Application time: 1.0000849 seconds
[2019-12-08T10:32:09.516+0000][1][safepoint    ] Entering safepoint region: Cleanup
[2019-12-08T10:32:09.516+0000][1][safepoint    ] Leaving safepoint region
[2019-12-08T10:32:09.516+0000][1][safepoint    ] Total time for which application threads were stopped: 0.0000716 seconds, Stopping threads took: 0.0000175 seconds
[2019-12-08T10:32:10.516+0000][1][safepoint    ] Application time: 1.0000783 seconds
[2019-12-08T10:32:10.516+0000][1][safepoint    ] Entering safepoint region: Cleanup
[2019-12-08T10:32:10.516+0000][1][safepoint    ] Leaving safepoint region
[2019-12-08T10:32:10.516+0000][1][safepoint    ] Total time for which application threads were stopped: 0.0000724 seconds, Stopping threads took: 0.0000170 seconds
[2019-12-08T10:32:11.516+0000][1][safepoint    ] Application time: 1.0000810 seconds
[2019-12-08T10:32:11.516+0000][1][safepoint    ] Entering safepoint region: Cleanup
[2019-12-08T10:32:11.516+0000][1][safepoint    ] Leaving safepoint region
[2019-12-08T10:32:11.517+0000][1][safepoint    ] Total time for which application threads were stopped: 0.0000739 seconds, Stopping threads took: 0.0000172 seconds
[2019-12-08T10:32:12.517+0000][1][safepoint    ] Application time: 1.0000822 seconds
[2019-12-08T10:32:12.517+0000][1][safepoint    ] Entering safepoint region: Cleanup
[2019-12-08T10:32:12.517+0000][1][safepoint    ] Leaving safepoint region
[2019-12-08T10:32:12.517+0000][1][safepoint    ] Total time for which application threads were stopped: 0.0000803 seconds, Stopping threads took: 0.0000171 seconds
[2019-12-08T10:32:13.517+0000][1][safepoint    ] Application time: 1.0000807 seconds
[2019-12-08T10:32:13.517+0000][1][safepoint    ] Entering safepoint region: Cleanup
[2019-12-08T10:32:13.517+0000][1][safepoint    ] Leaving safepoint region
[2019-12-08T10:32:13.517+0000][1][safepoint    ] Total time for which application threads were stopped: 0.0000760 seconds, Stopping threads took: 0.0000174 seconds
[2019-12-08T10:32:14.517+0000][1][safepoint    ] Application time: 1.0000762 seconds
[2019-12-08T10:32:14.517+0000][1][safepoint    ] Entering safepoint region: Cleanup
[2019-12-08T10:32:14.517+0000][1][safepoint    ] Leaving safepoint region
[2019-12-08T10:32:14.517+0000][1][safepoint    ] Total time for which application threads were stopped: 0.0000739 seconds, Stopping threads took: 0.0000187 seconds
[2019-12-08T10:32:15.517+0000][1][safepoint    ] Application time: 1.0000751 seconds
[2019-12-08T10:32:15.517+0000][1][safepoint    ] Entering safepoint region: Cleanup
[2019-12-08T10:32:15.517+0000][1][safepoint    ] Leaving safepoint region
[2019-12-08T10:32:15.517+0000][1][safepoint    ] Total time for which application threads were stopped: 0.0000707 seconds, Stopping threads took: 0.0000170 seconds
[2019-12-08T10:32:16.517+0000][1][safepoint    ] Application time: 1.0000753 seconds
[2019-12-08T10:32:16.517+0000][1][safepoint    ] Entering safepoint region: Cleanup
[2019-12-08T10:32:16.517+0000][1][safepoint    ] Leaving safepoint region
[2019-12-08T10:32:16.517+0000][1][safepoint    ] Total time for which application threads were stopped: 0.0000726 seconds, Stopping threads took: 0.0000175 seconds
[2019-12-08T10:32:17.517+0000][1][safepoint    ] Application time: 1.0000760 seconds
[2019-12-08T10:32:17.518+0000][1][safepoint    ] Entering safepoint region: Cleanup
[2019-12-08T10:32:17.518+0000][1][safepoint    ] Leaving safepoint region
[2019-12-08T10:32:17.518+0000][1][safepoint    ] Total time for which application threads were stopped: 0.0000734 seconds, Stopping threads took: 0.0000182 seconds
[2019-12-08T10:32:18.518+0000][1][safepoint    ] Application time: 1.0000744 seconds
[2019-12-08T10:32:18.518+0000][1][safepoint    ] Entering safepoint region: Cleanup
[2019-12-08T10:32:18.518+0000][1][safepoint    ] Leaving safepoint region
[2019-12-08T10:32:18.518+0000][1][safepoint    ] Total time for which application threads were stopped: 0.0000904 seconds, Stopping threads took: 0.0000349 seconds
[2019-12-08T10:32:19.518+0000][1][safepoint    ] Application time: 1.0000755 seconds
[2019-12-08T10:32:19.518+0000][1][safepoint    ] Entering safepoint region: Cleanup
[2019-12-08T10:32:19.518+0000][1][safepoint    ] Leaving safepoint region
[2019-12-08T10:32:19.518+0000][1][safepoint    ] Total time for which application threads were stopped: 0.0000726 seconds, Stopping threads took: 0.0000163 seconds
[2019-12-08T10:32:20.518+0000][1][safepoint    ] Application time: 1.0000748 seconds
[2019-12-08T10:32:20.518+0000][1][safepoint    ] Entering safepoint region: Cleanup
[2019-12-08T10:32:20.518+0000][1][safepoint    ] Leaving safepoint region
[2019-12-08T10:32:20.518+0000][1][safepoint    ] Total time for which application threads were stopped: 0.0000717 seconds, Stopping threads took: 0.0000194 seconds
[2019-12-08T10:32:21.518+0000][1][safepoint    ] Application time: 1.0000742 seconds
[2019-12-08T10:32:21.518+0000][1][safepoint    ] Entering safepoint region: Cleanup
[2019-12-08T10:32:21.518+0000][1][safepoint    ] Leaving safepoint region
[2019-12-08T10:32:21.518+0000][1][safepoint    ] Total time for which application threads were stopped: 0.0000711 seconds, Stopping threads took: 0.0000167 seconds
[2019-12-08T10:32:22.518+0000][1][safepoint    ] Application time: 1.0000754 seconds
[2019-12-08T10:32:22.518+0000][1][safepoint    ] Entering safepoint region: Cleanup
[2019-12-08T10:32:22.518+0000][1][safepoint    ] Leaving safepoint region
[2019-12-08T10:32:22.518+0000][1][safepoint    ] Total time for which application threads were stopped: 0.0000701 seconds, Stopping threads took: 0.0000165 seconds
[2019-12-08T10:32:23.519+0000][1][safepoint    ] Application time: 1.0000747 seconds
[2019-12-08T10:32:23.519+0000][1][safepoint    ] Entering safepoint region: Cleanup
[2019-12-08T10:32:23.519+0000][1][safepoint    ] Leaving safepoint region
[2019-12-08T10:32:23.519+0000][1][safepoint    ] Total time for which application threads were stopped: 0.0000711 seconds, Stopping threads took: 0.0000167 seconds
[2019-12-08T10:32:24.519+0000][1][safepoint    ] Application time: 1.0000754 seconds
[2019-12-08T10:32:24.519+0000][1][safepoint    ] Entering safepoint region: Cleanup
[2019-12-08T10:32:24.519+0000][1][safepoint    ] Leaving safepoint region
[2019-12-08T10:32:24.519+0000][1][safepoint    ] Total time for which application threads were stopped: 0.0000724 seconds, Stopping threads took: 0.0000181 seconds
[2019-12-08T10:32:25.355+0000][1][safepoint    ] Application time: 0.8366867 seconds
[2019-12-08T10:32:25.356+0000][1][safepoint    ] Entering safepoint region: GenCollectForAllocation
[2019-12-08T10:32:25.356+0000][1][gc,start     ] GC(51) Pause Young (Allocation Failure)
[2019-12-08T10:32:25.356+0000][1][gc,task      ] GC(51) Using 4 workers of 4 for evacuation
[2019-12-08T10:32:25.357+0000][1][gc,age       ] GC(51) Desired survivor size 4456448 bytes, new threshold 6 (max threshold 6)
[2019-12-08T10:32:25.357+0000][1][gc,age       ] GC(51) Age table with threshold 6 (max threshold 6)
[2019-12-08T10:32:25.357+0000][1][gc,age       ] GC(51) - age   1:      74008 bytes,      74008 total
[2019-12-08T10:32:25.357+0000][1][gc,age       ] GC(51) - age   2:        512 bytes,      74520 total
[2019-12-08T10:32:25.357+0000][1][gc,age       ] GC(51) - age   3:         56 bytes,      74576 total
[2019-12-08T10:32:25.357+0000][1][gc,age       ] GC(51) - age   5:        456 bytes,      75032 total
[2019-12-08T10:32:25.357+0000][1][gc,age       ] GC(51) - age   6:       8992 bytes,      84024 total
[2019-12-08T10:32:25.357+0000][1][gc,heap      ] GC(51) ParNew: 69979K->87K(78656K)
[2019-12-08T10:32:25.357+0000][1][gc,heap      ] GC(51) CMS: 70413K->70415K(174784K)
[2019-12-08T10:32:25.357+0000][1][gc,metaspace ] GC(51) Metaspace: 72552K->72552K(1116160K)
[2019-12-08T10:32:25.357+0000][1][gc           ] GC(51) Pause Young (Allocation Failure) 137M->68M(247M) 1.116ms
[2019-12-08T10:32:25.357+0000][1][gc,cpu       ] GC(51) User=0.00s Sys=0.00s Real=0.00s
[2019-12-08T10:32:25.357+0000][1][safepoint    ] Leaving safepoint region
[2019-12-08T10:32:25.357+0000][1][safepoint    ] Total time for which application threads were stopped: 0.0013493 seconds, Stopping threads took: 0.0000489 seconds
[2019-12-08T10:32:26.357+0000][1][safepoint    ] Application time: 1.0000895 seconds
[2019-12-08T10:32:26.357+0000][1][safepoint    ] Entering safepoint region: Cleanup
[2019-12-08T10:32:26.357+0000][1][safepoint    ] Leaving safepoint region
[2019-12-08T10:32:26.357+0000][1][safepoint    ] Total time for which application threads were stopped: 0.0000813 seconds, Stopping threads took: 0.0000176 seconds
[2019-12-08T10:32:27.357+0000][1][safepoint    ] Application time: 1.0000908 seconds
[2019-12-08T10:32:27.357+0000][1][safepoint    ] Entering safepoint region: Cleanup
[2019-12-08T10:32:27.357+0000][1][safepoint    ] Leaving safepoint region
[2019-12-08T10:32:27.357+0000][1][safepoint    ] Total time for which application threads were stopped: 0.0000722 seconds, Stopping threads took: 0.0000177 seconds
[2019-12-08T10:32:28.357+0000][1][safepoint    ] Application time: 1.0000787 seconds
[2019-12-08T10:32:28.357+0000][1][safepoint    ] Entering safepoint region: Cleanup
[2019-12-08T10:32:28.357+0000][1][safepoint    ] Leaving safepoint region
[2019-12-08T10:32:28.357+0000][1][safepoint    ] Total time for which application threads were stopped: 0.0000722 seconds, Stopping threads took: 0.0000178 seconds
[2019-12-08T10:32:29.358+0000][1][safepoint    ] Application time: 1.0000765 seconds
[2019-12-08T10:32:29.358+0000][1][safepoint    ] Entering safepoint region: Cleanup
[2019-12-08T10:32:29.358+0000][1][safepoint    ] Leaving safepoint region
[2019-12-08T10:32:29.358+0000][1][safepoint    ] Total time for which application threads were stopped: 0.0000742 seconds, Stopping threads took: 0.0000173 seconds
[2019-12-08T10:32:30.358+0000][1][safepoint    ] Application time: 1.0000795 seconds
[2019-12-08T10:32:30.358+0000][1][safepoint    ] Entering safepoint region: Cleanup
[2019-12-08T10:32:30.358+0000][1][safepoint    ] Leaving safepoint region
[2019-12-08T10:32:30.358+0000][1][safepoint    ] Total time for which application threads were stopped: 0.0000742 seconds, Stopping threads took: 0.0000184 seconds
[2019-12-08T10:32:31.358+0000][1][safepoint    ] Application time: 1.0000832 seconds
[2019-12-08T10:32:31.358+0000][1][safepoint    ] Entering safepoint region: Cleanup
[2019-12-08T10:32:31.358+0000][1][safepoint    ] Leaving safepoint region
[2019-12-08T10:32:31.358+0000][1][safepoint    ] Total time for which application threads were stopped: 0.0000740 seconds, Stopping threads took: 0.0000183 seconds
[2019-12-08T10:32:32.358+0000][1][safepoint    ] Application time: 1.0000757 seconds
[2019-12-08T10:32:32.358+0000][1][safepoint    ] Entering safepoint region: Cleanup
[2019-12-08T10:32:32.358+0000][1][safepoint    ] Leaving safepoint region
[2019-12-08T10:32:32.358+0000][1][safepoint    ] Total time for which application threads were stopped: 0.0000752 seconds, Stopping threads took: 0.0000189 seconds
[2019-12-08T10:32:33.358+0000][1][safepoint    ] Application time: 1.0000768 seconds
[2019-12-08T10:32:33.358+0000][1][safepoint    ] Entering safepoint region: Cleanup
[2019-12-08T10:32:33.358+0000][1][safepoint    ] Leaving safepoint region
[2019-12-08T10:32:33.358+0000][1][safepoint    ] Total time for which application threads were stopped: 0.0000706 seconds, Stopping threads took: 0.0000176 seconds
[2019-12-08T10:32:34.358+0000][1][safepoint    ] Application time: 1.0000758 seconds
[2019-12-08T10:32:34.358+0000][1][safepoint    ] Entering safepoint region: Cleanup
[2019-12-08T10:32:34.359+0000][1][safepoint    ] Leaving safepoint region
[2019-12-08T10:32:34.359+0000][1][safepoint    ] Total time for which application threads were stopped: 0.0000813 seconds, Stopping threads took: 0.0000249 seconds
[2019-12-08T10:32:35.359+0000][1][safepoint    ] Application time: 1.0000746 seconds
[2019-12-08T10:32:35.359+0000][1][safepoint    ] Entering safepoint region: Cleanup
[2019-12-08T10:32:35.359+0000][1][safepoint    ] Leaving safepoint region
[2019-12-08T10:32:35.359+0000][1][safepoint    ] Total time for which application threads were stopped: 0.0000816 seconds, Stopping threads took: 0.0000167 seconds
[2019-12-08T10:32:36.359+0000][1][safepoint    ] Application time: 1.0000768 seconds
[2019-12-08T10:32:36.359+0000][1][safepoint    ] Entering safepoint region: Cleanup
[2019-12-08T10:32:36.359+0000][1][safepoint    ] Leaving safepoint region
[2019-12-08T10:32:36.359+0000][1][safepoint    ] Total time for which application threads were stopped: 0.0000740 seconds, Stopping threads took: 0.0000179 seconds
[2019-12-08T10:32:37.359+0000][1][safepoint    ] Application time: 1.0000764 seconds
[2019-12-08T10:32:37.359+0000][1][safepoint    ] Entering safepoint region: Cleanup
[2019-12-08T10:32:37.359+0000][1][safepoint    ] Leaving safepoint region
[2019-12-08T10:32:37.359+0000][1][safepoint    ] Total time for which application threads were stopped: 0.0000727 seconds, Stopping threads took: 0.0000178 seconds
[2019-12-08T10:32:38.359+0000][1][safepoint    ] Application time: 1.0000813 seconds
[2019-12-08T10:32:38.359+0000][1][safepoint    ] Entering safepoint region: Cleanup
[2019-12-08T10:32:38.359+0000][1][safepoint    ] Leaving safepoint region
[2019-12-08T10:32:38.359+0000][1][safepoint    ] Total time for which application threads were stopped: 0.0001026 seconds, Stopping threads took: 0.0000245 seconds
[2019-12-08T10:32:39.359+0000][1][safepoint    ] Application time: 1.0000808 seconds
[2019-12-08T10:32:39.359+0000][1][safepoint    ] Entering safepoint region: Cleanup
[2019-12-08T10:32:39.359+0000][1][safepoint    ] Leaving safepoint region
[2019-12-08T10:32:39.359+0000][1][safepoint    ] Total time for which application threads were stopped: 0.0000785 seconds, Stopping threads took: 0.0000183 seconds
[2019-12-08T10:32:40.360+0000][1][safepoint    ] Application time: 1.0000773 seconds
[2019-12-08T10:32:40.360+0000][1][safepoint    ] Entering safepoint region: Cleanup
[2019-12-08T10:32:40.360+0000][1][safepoint    ] Leaving safepoint region
[2019-12-08T10:32:40.360+0000][1][safepoint    ] Total time for which application threads were stopped: 0.0000751 seconds, Stopping threads took: 0.0000181 seconds
[2019-12-08T10:32:41.360+0000][1][safepoint    ] Application time: 1.0000758 seconds
[2019-12-08T10:32:41.360+0000][1][safepoint    ] Entering safepoint region: Cleanup
[2019-12-08T10:32:41.360+0000][1][safepoint    ] Leaving safepoint region
[2019-12-08T10:32:41.360+0000][1][safepoint    ] Total time for which application threads were stopped: 0.0000750 seconds, Stopping threads took: 0.0000177 seconds
[2019-12-08T10:32:42.360+0000][1][safepoint    ] Application time: 1.0000756 seconds
[2019-12-08T10:32:42.360+0000][1][safepoint    ] Entering safepoint region: Cleanup
[2019-12-08T10:32:42.360+0000][1][safepoint    ] Leaving safepoint region
[2019-12-08T10:32:42.360+0000][1][safepoint    ] Total time for which application threads were stopped: 0.0000738 seconds, Stopping threads took: 0.0000174 seconds
[2019-12-08T10:32:43.360+0000][1][safepoint    ] Application time: 1.0000763 seconds
[2019-12-08T10:32:43.360+0000][1][safepoint    ] Entering safepoint region: Cleanup
[2019-12-08T10:32:43.360+0000][1][safepoint    ] Leaving safepoint region
[2019-12-08T10:32:43.360+0000][1][safepoint    ] Total time for which application threads were stopped: 0.0000953 seconds, Stopping threads took: 0.0000193 seconds
[2019-12-08T10:32:44.360+0000][1][safepoint    ] Application time: 1.0000805 seconds
[2019-12-08T10:32:44.360+0000][1][safepoint    ] Entering safepoint region: Cleanup
[2019-12-08T10:32:44.360+0000][1][safepoint    ] Leaving safepoint region
[2019-12-08T10:32:44.360+0000][1][safepoint    ] Total time for which application threads were stopped: 0.0000777 seconds, Stopping threads took: 0.0000184 seconds
[2019-12-08T10:32:45.361+0000][1][safepoint    ] Application time: 1.0000764 seconds
[2019-12-08T10:32:45.361+0000][1][safepoint    ] Entering safepoint region: Cleanup
[2019-12-08T10:32:45.361+0000][1][safepoint    ] Leaving safepoint region
[2019-12-08T10:32:45.361+0000][1][safepoint    ] Total time for which application threads were stopped: 0.0000756 seconds, Stopping threads took: 0.0000186 seconds
[2019-12-08T10:32:46.015+0000][1][safepoint    ] Application time: 0.6543717 seconds
[2019-12-08T10:32:46.015+0000][1][safepoint    ] Entering safepoint region: RevokeBias
[2019-12-08T10:32:46.015+0000][1][safepoint    ] Leaving safepoint region
[2019-12-08T10:32:46.015+0000][1][safepoint    ] Total time for which application threads were stopped: 0.0001118 seconds, Stopping threads took: 0.0000222 seconds
[2019-12-08T10:32:47.367+0000][1][safepoint    ] Application time: 1.3519182 seconds
[2019-12-08T10:32:47.367+0000][1][safepoint    ] Entering safepoint region: Cleanup
[2019-12-08T10:32:47.367+0000][1][safepoint    ] Leaving safepoint region
[2019-12-08T10:32:47.367+0000][1][safepoint    ] Total time for which application threads were stopped: 0.0001413 seconds, Stopping threads took: 0.0000542 seconds
[2019-12-08T10:32:48.367+0000][1][safepoint    ] Application time: 1.0000914 seconds
[2019-12-08T10:32:48.367+0000][1][safepoint    ] Entering safepoint region: Cleanup
[2019-12-08T10:32:48.367+0000][1][safepoint    ] Leaving safepoint region
[2019-12-08T10:32:48.367+0000][1][safepoint    ] Total time for which application threads were stopped: 0.0000858 seconds, Stopping threads took: 0.0000251 seconds
[2019-12-08T10:32:49.368+0000][1][safepoint    ] Application time: 1.0000589 seconds
[2019-12-08T10:32:49.368+0000][1][safepoint    ] Entering safepoint region: Cleanup
[2019-12-08T10:32:49.368+0000][1][safepoint    ] Leaving safepoint region
[2019-12-08T10:32:49.368+0000][1][safepoint    ] Total time for which application threads were stopped: 0.0000954 seconds, Stopping threads took: 0.0000224 seconds
[2019-12-08T10:32:50.368+0000][1][safepoint    ] Application time: 1.0000951 seconds
[2019-12-08T10:32:50.368+0000][1][safepoint    ] Entering safepoint region: Cleanup
[2019-12-08T10:32:50.368+0000][1][safepoint    ] Leaving safepoint region
[2019-12-08T10:32:50.368+0000][1][safepoint    ] Total time for which application threads were stopped: 0.0000794 seconds, Stopping threads took: 0.0000191 seconds
[2019-12-08T10:32:51.368+0000][1][safepoint    ] Application time: 1.0000821 seconds
[2019-12-08T10:32:51.368+0000][1][safepoint    ] Entering safepoint region: Cleanup
[2019-12-08T10:32:51.368+0000][1][safepoint    ] Leaving safepoint region
[2019-12-08T10:32:51.368+0000][1][safepoint    ] Total time for which application threads were stopped: 0.0000903 seconds, Stopping threads took: 0.0000259 seconds
[2019-12-08T10:32:52.368+0000][1][safepoint    ] Application time: 1.0000820 seconds
[2019-12-08T10:32:52.368+0000][1][safepoint    ] Entering safepoint region: Cleanup
[2019-12-08T10:32:52.368+0000][1][safepoint    ] Leaving safepoint region
[2019-12-08T10:32:52.368+0000][1][safepoint    ] Total time for which application threads were stopped: 0.0000775 seconds, Stopping threads took: 0.0000195 seconds
[2019-12-08T10:32:53.368+0000][1][safepoint    ] Application time: 1.0000766 seconds
[2019-12-08T10:32:53.368+0000][1][safepoint    ] Entering safepoint region: Cleanup
[2019-12-08T10:32:53.368+0000][1][safepoint    ] Leaving safepoint region
[2019-12-08T10:32:53.368+0000][1][safepoint    ] Total time for which application threads were stopped: 0.0000829 seconds, Stopping threads took: 0.0000200 seconds
[2019-12-08T10:32:54.369+0000][1][safepoint    ] Application time: 1.0000843 seconds
[2019-12-08T10:32:54.369+0000][1][safepoint    ] Entering safepoint region: Cleanup
[2019-12-08T10:32:54.369+0000][1][safepoint    ] Leaving safepoint region
[2019-12-08T10:32:54.369+0000][1][safepoint    ] Total time for which application threads were stopped: 0.0000751 seconds, Stopping threads took: 0.0000187 seconds
[2019-12-08T10:32:55.369+0000][1][safepoint    ] Application time: 1.0000778 seconds
[2019-12-08T10:32:55.369+0000][1][safepoint    ] Entering safepoint region: Cleanup
[2019-12-08T10:32:55.369+0000][1][safepoint    ] Leaving safepoint region
[2019-12-08T10:32:55.369+0000][1][safepoint    ] Total time for which application threads were stopped: 0.0000750 seconds, Stopping threads took: 0.0000177 seconds
[2019-12-08T10:32:56.369+0000][1][safepoint    ] Application time: 1.0000811 seconds
[2019-12-08T10:32:56.369+0000][1][safepoint    ] Entering safepoint region: Cleanup
[2019-12-08T10:32:56.369+0000][1][safepoint    ] Leaving safepoint region
[2019-12-08T10:32:56.369+0000][1][safepoint    ] Total time for which application threads were stopped: 0.0000814 seconds, Stopping threads took: 0.0000205 seconds
[2019-12-08T10:32:57.369+0000][1][safepoint    ] Application time: 1.0000766 seconds
[2019-12-08T10:32:57.369+0000][1][safepoint    ] Entering safepoint region: Cleanup
[2019-12-08T10:32:57.369+0000][1][safepoint    ] Leaving safepoint region
[2019-12-08T10:32:57.369+0000][1][safepoint    ] Total time for which application threads were stopped: 0.0000793 seconds, Stopping threads took: 0.0000191 seconds
[2019-12-08T10:32:58.369+0000][1][safepoint    ] Application time: 1.0000845 seconds
[2019-12-08T10:32:58.369+0000][1][safepoint    ] Entering safepoint region: Cleanup
[2019-12-08T10:32:58.369+0000][1][safepoint    ] Leaving safepoint region
[2019-12-08T10:32:58.369+0000][1][safepoint    ] Total time for which application threads were stopped: 0.0000900 seconds, Stopping threads took: 0.0000200 seconds
[2019-12-08T10:32:59.370+0000][1][safepoint    ] Application time: 1.0000787 seconds
[2019-12-08T10:32:59.370+0000][1][safepoint    ] Entering safepoint region: Cleanup
[2019-12-08T10:32:59.370+0000][1][safepoint    ] Leaving safepoint region
[2019-12-08T10:32:59.370+0000][1][safepoint    ] Total time for which application threads were stopped: 0.0000795 seconds, Stopping threads took: 0.0000196 seconds
[2019-12-08T10:33:00.370+0000][1][safepoint    ] Application time: 1.0000768 seconds
[2019-12-08T10:33:00.370+0000][1][safepoint    ] Entering safepoint region: Cleanup
[2019-12-08T10:33:00.370+0000][1][safepoint    ] Leaving safepoint region
[2019-12-08T10:33:00.370+0000][1][safepoint    ] Total time for which application threads were stopped: 0.0000796 seconds, Stopping threads took: 0.0000190 seconds
[2019-12-08T10:33:01.370+0000][1][safepoint    ] Application time: 1.0000755 seconds
[2019-12-08T10:33:01.370+0000][1][safepoint    ] Entering safepoint region: Cleanup
[2019-12-08T10:33:01.370+0000][1][safepoint    ] Leaving safepoint region
[2019-12-08T10:33:01.370+0000][1][safepoint    ] Total time for which application threads were stopped: 0.0000821 seconds, Stopping threads took: 0.0000200 seconds
[2019-12-08T10:33:02.370+0000][1][safepoint    ] Application time: 1.0000759 seconds
[2019-12-08T10:33:02.370+0000][1][safepoint    ] Entering safepoint region: Cleanup
[2019-12-08T10:33:02.370+0000][1][safepoint    ] Leaving safepoint region
[2019-12-08T10:33:02.370+0000][1][safepoint    ] Total time for which application threads were stopped: 0.0000816 seconds, Stopping threads took: 0.0000183 seconds
[2019-12-08T10:33:03.370+0000][1][safepoint    ] Application time: 1.0000763 seconds
[2019-12-08T10:33:03.370+0000][1][safepoint    ] Entering safepoint region: Cleanup
[2019-12-08T10:33:03.371+0000][1][safepoint    ] Leaving safepoint region
[2019-12-08T10:33:03.371+0000][1][safepoint    ] Total time for which application threads were stopped: 0.0000817 seconds, Stopping threads took: 0.0000200 seconds
[2019-12-08T10:33:04.371+0000][1][safepoint    ] Application time: 1.0000797 seconds
[2019-12-08T10:33:04.371+0000][1][safepoint    ] Entering safepoint region: Cleanup
[2019-12-08T10:33:04.371+0000][1][safepoint    ] Leaving safepoint region
[2019-12-08T10:33:04.371+0000][1][safepoint    ] Total time for which application threads were stopped: 0.0000969 seconds, Stopping threads took: 0.0000195 seconds
[2019-12-08T10:33:05.371+0000][1][safepoint    ] Application time: 1.0000877 seconds
[2019-12-08T10:33:05.371+0000][1][safepoint    ] Entering safepoint region: Cleanup
[2019-12-08T10:33:05.371+0000][1][safepoint    ] Leaving safepoint region
[2019-12-08T10:33:05.371+0000][1][safepoint    ] Total time for which application threads were stopped: 0.0000798 seconds, Stopping threads took: 0.0000200 seconds
[2019-12-08T10:33:05.670+0000][1][safepoint    ] Application time: 0.2987859 seconds
[2019-12-08T10:33:05.670+0000][1][safepoint    ] Entering safepoint region: RevokeBias
[2019-12-08T10:33:05.670+0000][1][safepoint    ] Leaving safepoint region
[2019-12-08T10:33:05.670+0000][1][safepoint    ] Total time for which application threads were stopped: 0.0001056 seconds, Stopping threads took: 0.0000178 seconds
[2019-12-08T10:33:05.674+0000][1][safepoint    ] Application time: 0.0042270 seconds
[2019-12-08T10:33:05.674+0000][1][safepoint    ] Entering safepoint region: RevokeBias
[2019-12-08T10:33:05.674+0000][1][safepoint    ] Leaving safepoint region
[2019-12-08T10:33:05.674+0000][1][safepoint    ] Total time for which application threads were stopped: 0.0001249 seconds, Stopping threads took: 0.0000199 seconds
[2019-12-08T10:33:05.676+0000][1][safepoint    ] Application time: 0.0019077 seconds
[2019-12-08T10:33:05.676+0000][1][safepoint    ] Entering safepoint region: RevokeBias
[2019-12-08T10:33:05.676+0000][1][safepoint    ] Leaving safepoint region
[2019-12-08T10:33:05.676+0000][1][safepoint    ] Total time for which application threads were stopped: 0.0000925 seconds, Stopping threads took: 0.0000182 seconds
[2019-12-08T10:33:06.676+0000][1][safepoint    ] Application time: 1.0000818 seconds
[2019-12-08T10:33:06.676+0000][1][safepoint    ] Entering safepoint region: Cleanup
[2019-12-08T10:33:06.676+0000][1][safepoint    ] Leaving safepoint region
[2019-12-08T10:33:06.677+0000][1][safepoint    ] Total time for which application threads were stopped: 0.0000990 seconds, Stopping threads took: 0.0000192 seconds
[2019-12-08T10:33:07.677+0000][1][safepoint    ] Application time: 1.0000776 seconds
[2019-12-08T10:33:07.677+0000][1][safepoint    ] Entering safepoint region: Cleanup
[2019-12-08T10:33:07.677+0000][1][safepoint    ] Leaving safepoint region
[2019-12-08T10:33:07.677+0000][1][safepoint    ] Total time for which application threads were stopped: 0.0000951 seconds, Stopping threads took: 0.0000216 seconds
[2019-12-08T10:33:08.677+0000][1][safepoint    ] Application time: 1.0000765 seconds
[2019-12-08T10:33:08.677+0000][1][safepoint    ] Entering safepoint region: Cleanup
[2019-12-08T10:33:08.677+0000][1][safepoint    ] Leaving safepoint region
[2019-12-08T10:33:08.677+0000][1][safepoint    ] Total time for which application threads were stopped: 0.0000838 seconds, Stopping threads took: 0.0000197 seconds
[2019-12-08T10:33:09.677+0000][1][safepoint    ] Application time: 1.0000821 seconds
[2019-12-08T10:33:09.677+0000][1][safepoint    ] Entering safepoint region: Cleanup
[2019-12-08T10:33:09.677+0000][1][safepoint    ] Leaving safepoint region
[2019-12-08T10:33:09.677+0000][1][safepoint    ] Total time for which application threads were stopped: 0.0000796 seconds, Stopping threads took: 0.0000185 seconds
[2019-12-08T10:33:10.677+0000][1][safepoint    ] Application time: 1.0000732 seconds
[2019-12-08T10:33:10.677+0000][1][safepoint    ] Entering safepoint region: Cleanup
[2019-12-08T10:33:10.677+0000][1][safepoint    ] Leaving safepoint region
[2019-12-08T10:33:10.677+0000][1][safepoint    ] Total time for which application threads were stopped: 0.0000802 seconds, Stopping threads took: 0.0000198 seconds
[2019-12-08T10:33:11.677+0000][1][safepoint    ] Application time: 1.0000803 seconds
[2019-12-08T10:33:11.677+0000][1][safepoint    ] Entering safepoint region: Cleanup
[2019-12-08T10:33:11.678+0000][1][safepoint    ] Leaving safepoint region
[2019-12-08T10:33:11.678+0000][1][safepoint    ] Total time for which application threads were stopped: 0.0000776 seconds, Stopping threads took: 0.0000182 seconds
[2019-12-08T10:33:12.678+0000][1][safepoint    ] Application time: 1.0000761 seconds
[2019-12-08T10:33:12.678+0000][1][safepoint    ] Entering safepoint region: Cleanup
[2019-12-08T10:33:12.678+0000][1][safepoint    ] Leaving safepoint region
[2019-12-08T10:33:12.678+0000][1][safepoint    ] Total time for which application threads were stopped: 0.0000979 seconds, Stopping threads took: 0.0000268 seconds
[2019-12-08T10:33:13.645+0000][1][safepoint    ] Application time: 0.9670987 seconds
[2019-12-08T10:33:13.645+0000][1][safepoint    ] Entering safepoint region: RevokeBias
[2019-12-08T10:33:13.645+0000][1][safepoint    ] Leaving safepoint region
[2019-12-08T10:33:13.645+0000][1][safepoint    ] Total time for which application threads were stopped: 0.0001445 seconds, Stopping threads took: 0.0000611 seconds
[2019-12-08T10:33:13.649+0000][1][safepoint    ] Application time: 0.0038188 seconds
[2019-12-08T10:33:13.649+0000][1][safepoint    ] Entering safepoint region: RevokeBias
[2019-12-08T10:33:13.649+0000][1][safepoint    ] Leaving safepoint region
[2019-12-08T10:33:13.649+0000][1][safepoint    ] Total time for which application threads were stopped: 0.0001170 seconds, Stopping threads took: 0.0000178 seconds
[2019-12-08T10:33:13.649+0000][1][safepoint    ] Application time: 0.0000643 seconds
[2019-12-08T10:33:13.649+0000][1][safepoint    ] Entering safepoint region: RevokeBias
[2019-12-08T10:33:13.649+0000][1][safepoint    ] Leaving safepoint region
[2019-12-08T10:33:13.649+0000][1][safepoint    ] Total time for which application threads were stopped: 0.0001064 seconds, Stopping threads took: 0.0000400 seconds
[2019-12-08T10:33:13.651+0000][1][safepoint    ] Application time: 0.0014558 seconds
[2019-12-08T10:33:13.651+0000][1][safepoint    ] Entering safepoint region: Deoptimize
[2019-12-08T10:33:13.651+0000][1][safepoint    ] Leaving safepoint region
[2019-12-08T10:33:13.651+0000][1][safepoint    ] Total time for which application threads were stopped: 0.0007854 seconds, Stopping threads took: 0.0000164 seconds
[2019-12-08T10:33:13.652+0000][1][safepoint    ] Application time: 0.0007156 seconds
[2019-12-08T10:33:13.652+0000][1][safepoint    ] Entering safepoint region: Deoptimize
[2019-12-08T10:33:13.653+0000][1][safepoint    ] Leaving safepoint region
[2019-12-08T10:33:13.653+0000][1][safepoint    ] Total time for which application threads were stopped: 0.0006806 seconds, Stopping threads took: 0.0000124 seconds
[2019-12-08T10:33:13.656+0000][1][safepoint    ] Application time: 0.0032897 seconds
[2019-12-08T10:33:13.656+0000][1][safepoint    ] Entering safepoint region: Deoptimize
[2019-12-08T10:33:13.657+0000][1][safepoint    ] Leaving safepoint region
[2019-12-08T10:33:13.657+0000][1][safepoint    ] Total time for which application threads were stopped: 0.0003486 seconds, Stopping threads took: 0.0000111 seconds
[2019-12-08T10:33:14.657+0000][1][safepoint    ] Application time: 1.0000985 seconds
[2019-12-08T10:33:14.657+0000][1][safepoint    ] Entering safepoint region: Cleanup
[2019-12-08T10:33:14.657+0000][1][safepoint    ] Leaving safepoint region
[2019-12-08T10:33:14.657+0000][1][safepoint    ] Total time for which application threads were stopped: 0.0001227 seconds, Stopping threads took: 0.0000330 seconds
[2019-12-08T10:33:15.657+0000][1][safepoint    ] Application time: 1.0000790 seconds
[2019-12-08T10:33:15.657+0000][1][safepoint    ] Entering safepoint region: Cleanup
[2019-12-08T10:33:15.657+0000][1][safepoint    ] Leaving safepoint region
[2019-12-08T10:33:15.657+0000][1][safepoint    ] Total time for which application threads were stopped: 0.0000823 seconds, Stopping threads took: 0.0000199 seconds
[2019-12-08T10:33:16.657+0000][1][safepoint    ] Application time: 1.0000783 seconds
[2019-12-08T10:33:16.657+0000][1][safepoint    ] Entering safepoint region: Cleanup
[2019-12-08T10:33:16.657+0000][1][safepoint    ] Leaving safepoint region
[2019-12-08T10:33:16.657+0000][1][safepoint    ] Total time for which application threads were stopped: 0.0000943 seconds, Stopping threads took: 0.0000317 seconds
[2019-12-08T10:33:17.657+0000][1][safepoint    ] Application time: 1.0000783 seconds
[2019-12-08T10:33:17.657+0000][1][safepoint    ] Entering safepoint region: Cleanup
[2019-12-08T10:33:17.657+0000][1][safepoint    ] Leaving safepoint region
[2019-12-08T10:33:17.657+0000][1][safepoint    ] Total time for which application threads were stopped: 0.0000925 seconds, Stopping threads took: 0.0000235 seconds
[2019-12-08T10:33:18.658+0000][1][safepoint    ] Application time: 1.0000755 seconds
[2019-12-08T10:33:18.658+0000][1][safepoint    ] Entering safepoint region: Cleanup
[2019-12-08T10:33:18.658+0000][1][safepoint    ] Leaving safepoint region
[2019-12-08T10:33:18.658+0000][1][safepoint    ] Total time for which application threads were stopped: 0.0000779 seconds, Stopping threads took: 0.0000180 seconds
[2019-12-08T10:33:19.658+0000][1][safepoint    ] Application time: 1.0000778 seconds
[2019-12-08T10:33:19.658+0000][1][safepoint    ] Entering safepoint region: Cleanup
[2019-12-08T10:33:19.658+0000][1][safepoint    ] Leaving safepoint region
[2019-12-08T10:33:19.658+0000][1][safepoint    ] Total time for which application threads were stopped: 0.0000832 seconds, Stopping threads took: 0.0000182 seconds
[2019-12-08T10:33:20.658+0000][1][safepoint    ] Application time: 1.0000858 seconds
[2019-12-08T10:33:20.658+0000][1][safepoint    ] Entering safepoint region: Cleanup
[2019-12-08T10:33:20.658+0000][1][safepoint    ] Leaving safepoint region
[2019-12-08T10:33:20.658+0000][1][safepoint    ] Total time for which application threads were stopped: 0.0000832 seconds, Stopping threads took: 0.0000201 seconds
[2019-12-08T10:33:21.658+0000][1][safepoint    ] Application time: 1.0000798 seconds
[2019-12-08T10:33:21.658+0000][1][safepoint    ] Entering safepoint region: Cleanup
[2019-12-08T10:33:21.658+0000][1][safepoint    ] Leaving safepoint region
[2019-12-08T10:33:21.658+0000][1][safepoint    ] Total time for which application threads were stopped: 0.0000810 seconds, Stopping threads took: 0.0000191 seconds
[2019-12-08T10:33:22.658+0000][1][safepoint    ] Application time: 1.0000799 seconds
[2019-12-08T10:33:22.658+0000][1][safepoint    ] Entering safepoint region: Cleanup
[2019-12-08T10:33:22.658+0000][1][safepoint    ] Leaving safepoint region
[2019-12-08T10:33:22.658+0000][1][safepoint    ] Total time for which application threads were stopped: 0.0000843 seconds, Stopping threads took: 0.0000194 seconds
[2019-12-08T10:33:23.659+0000][1][safepoint    ] Application time: 1.0000779 seconds
[2019-12-08T10:33:23.659+0000][1][safepoint    ] Entering safepoint region: Cleanup
[2019-12-08T10:33:23.659+0000][1][safepoint    ] Leaving safepoint region
[2019-12-08T10:33:23.659+0000][1][safepoint    ] Total time for which application threads were stopped: 0.0000810 seconds, Stopping threads took: 0.0000184 seconds
[2019-12-08T10:33:24.659+0000][1][safepoint    ] Application time: 1.0000767 seconds
[2019-12-08T10:33:24.659+0000][1][safepoint    ] Entering safepoint region: Cleanup
[2019-12-08T10:33:24.659+0000][1][safepoint    ] Leaving safepoint region
[2019-12-08T10:33:24.659+0000][1][safepoint    ] Total time for which application threads were stopped: 0.0000827 seconds, Stopping threads took: 0.0000174 seconds
[2019-12-08T10:33:25.659+0000][1][safepoint    ] Application time: 1.0000775 seconds
[2019-12-08T10:33:25.659+0000][1][safepoint    ] Entering safepoint region: Cleanup
[2019-12-08T10:33:25.659+0000][1][safepoint    ] Leaving safepoint region
[2019-12-08T10:33:25.659+0000][1][safepoint    ] Total time for which application threads were stopped: 0.0000830 seconds, Stopping threads took: 0.0000189 seconds
[2019-12-08T10:33:26.659+0000][1][safepoint    ] Application time: 1.0000775 seconds
[2019-12-08T10:33:26.659+0000][1][safepoint    ] Entering safepoint region: Cleanup
[2019-12-08T10:33:26.659+0000][1][safepoint    ] Leaving safepoint region
[2019-12-08T10:33:26.659+0000][1][safepoint    ] Total time for which application threads were stopped: 0.0000803 seconds, Stopping threads took: 0.0000169 seconds
[2019-12-08T10:33:27.659+0000][1][safepoint    ] Application time: 1.0000738 seconds
[2019-12-08T10:33:27.659+0000][1][safepoint    ] Entering safepoint region: Cleanup
[2019-12-08T10:33:27.659+0000][1][safepoint    ] Leaving safepoint region
[2019-12-08T10:33:27.659+0000][1][safepoint    ] Total time for which application threads were stopped: 0.0000811 seconds, Stopping threads took: 0.0000217 seconds
[2019-12-08T10:33:28.660+0000][1][safepoint    ] Application time: 1.0000811 seconds
[2019-12-08T10:33:28.660+0000][1][safepoint    ] Entering safepoint region: Cleanup
[2019-12-08T10:33:28.660+0000][1][safepoint    ] Leaving safepoint region
[2019-12-08T10:33:28.660+0000][1][safepoint    ] Total time for which application threads were stopped: 0.0000864 seconds, Stopping threads took: 0.0000178 seconds
[2019-12-08T10:33:29.660+0000][1][safepoint    ] Application time: 1.0000776 seconds
[2019-12-08T10:33:29.660+0000][1][safepoint    ] Entering safepoint region: Cleanup
[2019-12-08T10:33:29.660+0000][1][safepoint    ] Leaving safepoint region
[2019-12-08T10:33:29.660+0000][1][safepoint    ] Total time for which application threads were stopped: 0.0000768 seconds, Stopping threads took: 0.0000181 seconds
[2019-12-08T10:33:30.660+0000][1][safepoint    ] Application time: 1.0000883 seconds
[2019-12-08T10:33:30.660+0000][1][safepoint    ] Entering safepoint region: Cleanup
[2019-12-08T10:33:30.660+0000][1][safepoint    ] Leaving safepoint region
[2019-12-08T10:33:30.660+0000][1][safepoint    ] Total time for which application threads were stopped: 0.0000842 seconds, Stopping threads took: 0.0000203 seconds
[2019-12-08T10:33:31.660+0000][1][safepoint    ] Application time: 1.0000825 seconds
[2019-12-08T10:33:31.660+0000][1][safepoint    ] Entering safepoint region: Cleanup
[2019-12-08T10:33:31.660+0000][1][safepoint    ] Leaving safepoint region
[2019-12-08T10:33:31.660+0000][1][safepoint    ] Total time for which application threads were stopped: 0.0001037 seconds, Stopping threads took: 0.0000214 seconds
[2019-12-08T10:33:32.660+0000][1][safepoint    ] Application time: 1.0000800 seconds
[2019-12-08T10:33:32.660+0000][1][safepoint    ] Entering safepoint region: Cleanup
[2019-12-08T10:33:32.660+0000][1][safepoint    ] Leaving safepoint region
[2019-12-08T10:33:32.660+0000][1][safepoint    ] Total time for which application threads were stopped: 0.0000884 seconds, Stopping threads took: 0.0000206 seconds
[2019-12-08T10:33:33.661+0000][1][safepoint    ] Application time: 1.0000754 seconds
[2019-12-08T10:33:33.661+0000][1][safepoint    ] Entering safepoint region: Cleanup
[2019-12-08T10:33:33.661+0000][1][safepoint    ] Leaving safepoint region
[2019-12-08T10:33:33.661+0000][1][safepoint    ] Total time for which application threads were stopped: 0.0000797 seconds, Stopping threads took: 0.0000187 seconds
[2019-12-08T10:33:34.661+0000][1][safepoint    ] Application time: 1.0000925 seconds
[2019-12-08T10:33:34.661+0000][1][safepoint    ] Entering safepoint region: Cleanup
[2019-12-08T10:33:34.661+0000][1][safepoint    ] Leaving safepoint region
[2019-12-08T10:33:34.661+0000][1][safepoint    ] Total time for which application threads were stopped: 0.0001007 seconds, Stopping threads took: 0.0000297 seconds
[2019-12-08T10:33:35.661+0000][1][safepoint    ] Application time: 1.0000883 seconds
[2019-12-08T10:33:35.661+0000][1][safepoint    ] Entering safepoint region: Cleanup
[2019-12-08T10:33:35.661+0000][1][safepoint    ] Leaving safepoint region
[2019-12-08T10:33:35.661+0000][1][safepoint    ] Total time for which application threads were stopped: 0.0000841 seconds, Stopping threads took: 0.0000198 seconds
[2019-12-08T10:33:36.661+0000][1][safepoint    ] Application time: 1.0000845 seconds
[2019-12-08T10:33:36.661+0000][1][safepoint    ] Entering safepoint region: Cleanup
[2019-12-08T10:33:36.661+0000][1][safepoint    ] Leaving safepoint region
[2019-12-08T10:33:36.661+0000][1][safepoint    ] Total time for which application threads were stopped: 0.0000807 seconds, Stopping threads took: 0.0000196 seconds
[2019-12-08T10:33:37.661+0000][1][safepoint    ] Application time: 1.0000904 seconds
[2019-12-08T10:33:37.661+0000][1][safepoint    ] Entering safepoint region: Cleanup
[2019-12-08T10:33:37.662+0000][1][safepoint    ] Leaving safepoint region
[2019-12-08T10:33:37.662+0000][1][safepoint    ] Total time for which application threads were stopped: 0.0000883 seconds, Stopping threads took: 0.0000254 seconds
[2019-12-08T10:33:38.662+0000][1][safepoint    ] Application time: 1.0000805 seconds
[2019-12-08T10:33:38.662+0000][1][safepoint    ] Entering safepoint region: Cleanup
[2019-12-08T10:33:38.662+0000][1][safepoint    ] Leaving safepoint region
[2019-12-08T10:33:38.662+0000][1][safepoint    ] Total time for which application threads were stopped: 0.0000926 seconds, Stopping threads took: 0.0000292 seconds
[2019-12-08T10:33:39.662+0000][1][safepoint    ] Application time: 1.0000768 seconds
[2019-12-08T10:33:39.662+0000][1][safepoint    ] Entering safepoint region: Cleanup
[2019-12-08T10:33:39.662+0000][1][safepoint    ] Leaving safepoint region
[2019-12-08T10:33:39.662+0000][1][safepoint    ] Total time for which application threads were stopped: 0.0000801 seconds, Stopping threads took: 0.0000178 seconds
[2019-12-08T10:33:40.662+0000][1][safepoint    ] Application time: 1.0000831 seconds
[2019-12-08T10:33:40.662+0000][1][safepoint    ] Entering safepoint region: Cleanup
[2019-12-08T10:33:40.662+0000][1][safepoint    ] Leaving safepoint region
[2019-12-08T10:33:40.662+0000][1][safepoint    ] Total time for which application threads were stopped: 0.0000902 seconds, Stopping threads took: 0.0000224 seconds
[2019-12-08T10:33:41.662+0000][1][safepoint    ] Application time: 1.0000796 seconds
[2019-12-08T10:33:41.662+0000][1][safepoint    ] Entering safepoint region: Cleanup
[2019-12-08T10:33:41.662+0000][1][safepoint    ] Leaving safepoint region
[2019-12-08T10:33:41.662+0000][1][safepoint    ] Total time for which application threads were stopped: 0.0000786 seconds, Stopping threads took: 0.0000185 seconds
[2019-12-08T10:33:42.662+0000][1][safepoint    ] Application time: 1.0000792 seconds
[2019-12-08T10:33:42.662+0000][1][safepoint    ] Entering safepoint region: Cleanup
[2019-12-08T10:33:42.663+0000][1][safepoint    ] Leaving safepoint region
[2019-12-08T10:33:42.663+0000][1][safepoint    ] Total time for which application threads were stopped: 0.0000794 seconds, Stopping threads took: 0.0000184 seconds
[2019-12-08T10:33:43.663+0000][1][safepoint    ] Application time: 1.0000838 seconds
[2019-12-08T10:33:43.663+0000][1][safepoint    ] Entering safepoint region: Cleanup
[2019-12-08T10:33:43.663+0000][1][safepoint    ] Leaving safepoint region
[2019-12-08T10:33:43.663+0000][1][safepoint    ] Total time for which application threads were stopped: 0.0000970 seconds, Stopping threads took: 0.0000339 seconds
[2019-12-08T10:33:44.663+0000][1][safepoint    ] Application time: 1.0000774 seconds
[2019-12-08T10:33:44.663+0000][1][safepoint    ] Entering safepoint region: Cleanup
[2019-12-08T10:33:44.663+0000][1][safepoint    ] Leaving safepoint region
[2019-12-08T10:33:44.663+0000][1][safepoint    ] Total time for which application threads were stopped: 0.0000831 seconds, Stopping threads took: 0.0000196 seconds
[2019-12-08T10:33:45.663+0000][1][safepoint    ] Application time: 1.0000763 seconds
[2019-12-08T10:33:45.663+0000][1][safepoint    ] Entering safepoint region: Cleanup
[2019-12-08T10:33:45.663+0000][1][safepoint    ] Leaving safepoint region
[2019-12-08T10:33:45.663+0000][1][safepoint    ] Total time for which application threads were stopped: 0.0000805 seconds, Stopping threads took: 0.0000183 seconds
[2019-12-08T10:33:46.399+0000][1][safepoint    ] Application time: 0.7357192 seconds
[2019-12-08T10:33:46.399+0000][1][safepoint    ] Entering safepoint region: GenCollectForAllocation
[2019-12-08T10:33:46.399+0000][1][gc,start     ] GC(52) Pause Young (Allocation Failure)
[2019-12-08T10:33:46.399+0000][1][gc,task      ] GC(52) Using 4 workers of 4 for evacuation
[2019-12-08T10:33:46.400+0000][1][gc,age       ] GC(52) Desired survivor size 4456448 bytes, new threshold 6 (max threshold 6)
[2019-12-08T10:33:46.400+0000][1][gc,age       ] GC(52) Age table with threshold 6 (max threshold 6)
[2019-12-08T10:33:46.400+0000][1][gc,age       ] GC(52) - age   1:     138152 bytes,     138152 total
[2019-12-08T10:33:46.400+0000][1][gc,age       ] GC(52) - age   3:        408 bytes,     138560 total
[2019-12-08T10:33:46.400+0000][1][gc,age       ] GC(52) - age   4:         56 bytes,     138616 total
[2019-12-08T10:33:46.400+0000][1][gc,age       ] GC(52) - age   6:        456 bytes,     139072 total
[2019-12-08T10:33:46.400+0000][1][gc,heap      ] GC(52) ParNew: 70004K->141K(78656K)
[2019-12-08T10:33:46.400+0000][1][gc,heap      ] GC(52) CMS: 70415K->70424K(174784K)
[2019-12-08T10:33:46.400+0000][1][gc,metaspace ] GC(52) Metaspace: 72757K->72757K(1116160K)
[2019-12-08T10:33:46.400+0000][1][gc           ] GC(52) Pause Young (Allocation Failure) 137M->68M(247M) 1.249ms
[2019-12-08T10:33:46.400+0000][1][gc,cpu       ] GC(52) User=0.00s Sys=0.00s Real=0.00s
[2019-12-08T10:33:46.400+0000][1][safepoint    ] Leaving safepoint region
[2019-12-08T10:33:46.400+0000][1][safepoint    ] Total time for which application threads were stopped: 0.0014023 seconds, Stopping threads took: 0.0000195 seconds
[2019-12-08T10:33:47.400+0000][1][safepoint    ] Application time: 1.0000932 seconds
[2019-12-08T10:33:47.400+0000][1][safepoint    ] Entering safepoint region: Cleanup
[2019-12-08T10:33:47.401+0000][1][safepoint    ] Leaving safepoint region
[2019-12-08T10:33:47.401+0000][1][safepoint    ] Total time for which application threads were stopped: 0.0000791 seconds, Stopping threads took: 0.0000198 seconds
[2019-12-08T10:33:48.401+0000][1][safepoint    ] Application time: 1.0000821 seconds
[2019-12-08T10:33:48.401+0000][1][safepoint    ] Entering safepoint region: Cleanup
[2019-12-08T10:33:48.401+0000][1][safepoint    ] Leaving safepoint region
[2019-12-08T10:33:48.401+0000][1][safepoint    ] Total time for which application threads were stopped: 0.0000884 seconds, Stopping threads took: 0.0000189 seconds
[2019-12-08T10:33:49.401+0000][1][safepoint    ] Application time: 1.0000803 seconds
[2019-12-08T10:33:49.401+0000][1][safepoint    ] Entering safepoint region: Cleanup
[2019-12-08T10:33:49.401+0000][1][safepoint    ] Leaving safepoint region
[2019-12-08T10:33:49.401+0000][1][safepoint    ] Total time for which application threads were stopped: 0.0000824 seconds, Stopping threads took: 0.0000206 seconds
[2019-12-08T10:33:50.401+0000][1][safepoint    ] Application time: 1.0000771 seconds
[2019-12-08T10:33:50.401+0000][1][safepoint    ] Entering safepoint region: Cleanup
[2019-12-08T10:33:50.401+0000][1][safepoint    ] Leaving safepoint region
[2019-12-08T10:33:50.401+0000][1][safepoint    ] Total time for which application threads were stopped: 0.0000832 seconds, Stopping threads took: 0.0000196 seconds
[2019-12-08T10:33:51.401+0000][1][safepoint    ] Application time: 1.0000808 seconds
[2019-12-08T10:33:51.401+0000][1][safepoint    ] Entering safepoint region: Cleanup
[2019-12-08T10:33:51.401+0000][1][safepoint    ] Leaving safepoint region
[2019-12-08T10:33:51.401+0000][1][safepoint    ] Total time for which application threads were stopped: 0.0001060 seconds, Stopping threads took: 0.0000246 seconds
[2019-12-08T10:33:52.401+0000][1][safepoint    ] Application time: 1.0000883 seconds
[2019-12-08T10:33:52.401+0000][1][safepoint    ] Entering safepoint region: Cleanup
[2019-12-08T10:33:52.402+0000][1][safepoint    ] Leaving safepoint region
[2019-12-08T10:33:52.402+0000][1][safepoint    ] Total time for which application threads were stopped: 0.0000839 seconds, Stopping threads took: 0.0000251 seconds
[2019-12-08T10:33:53.402+0000][1][safepoint    ] Application time: 1.0000769 seconds
[2019-12-08T10:33:53.402+0000][1][safepoint    ] Entering safepoint region: Cleanup
[2019-12-08T10:33:53.402+0000][1][safepoint    ] Leaving safepoint region
[2019-12-08T10:33:53.402+0000][1][safepoint    ] Total time for which application threads were stopped: 0.0000967 seconds, Stopping threads took: 0.0000324 seconds
[2019-12-08T10:33:54.402+0000][1][safepoint    ] Application time: 1.0000813 seconds
[2019-12-08T10:33:54.402+0000][1][safepoint    ] Entering safepoint region: Cleanup
[2019-12-08T10:33:54.402+0000][1][safepoint    ] Leaving safepoint region
[2019-12-08T10:33:54.402+0000][1][safepoint    ] Total time for which application threads were stopped: 0.0000884 seconds, Stopping threads took: 0.0000280 seconds
[2019-12-08T10:33:55.402+0000][1][safepoint    ] Application time: 1.0000816 seconds
[2019-12-08T10:33:55.402+0000][1][safepoint    ] Entering safepoint region: Cleanup
[2019-12-08T10:33:55.402+0000][1][safepoint    ] Leaving safepoint region
[2019-12-08T10:33:55.402+0000][1][safepoint    ] Total time for which application threads were stopped: 0.0000846 seconds, Stopping threads took: 0.0000208 seconds
[2019-12-08T10:33:56.402+0000][1][safepoint    ] Application time: 1.0000833 seconds
[2019-12-08T10:33:56.402+0000][1][safepoint    ] Entering safepoint region: Cleanup
[2019-12-08T10:33:56.402+0000][1][safepoint    ] Leaving safepoint region
[2019-12-08T10:33:56.402+0000][1][safepoint    ] Total time for which application threads were stopped: 0.0000880 seconds, Stopping threads took: 0.0000206 seconds
[2019-12-08T10:33:57.402+0000][1][safepoint    ] Application time: 1.0000848 seconds
[2019-12-08T10:33:57.403+0000][1][safepoint    ] Entering safepoint region: Cleanup
[2019-12-08T10:33:57.403+0000][1][safepoint    ] Leaving safepoint region
[2019-12-08T10:33:57.403+0000][1][safepoint    ] Total time for which application threads were stopped: 0.0000876 seconds, Stopping threads took: 0.0000211 seconds
[2019-12-08T10:33:58.403+0000][1][safepoint    ] Application time: 1.0000907 seconds
[2019-12-08T10:33:58.403+0000][1][safepoint    ] Entering safepoint region: Cleanup
[2019-12-08T10:33:58.403+0000][1][safepoint    ] Leaving safepoint region
[2019-12-08T10:33:58.403+0000][1][safepoint    ] Total time for which application threads were stopped: 0.0000825 seconds, Stopping threads took: 0.0000206 seconds
[2019-12-08T10:33:59.403+0000][1][safepoint    ] Application time: 1.0000806 seconds
[2019-12-08T10:33:59.403+0000][1][safepoint    ] Entering safepoint region: Cleanup
[2019-12-08T10:33:59.403+0000][1][safepoint    ] Leaving safepoint region
[2019-12-08T10:33:59.403+0000][1][safepoint    ] Total time for which application threads were stopped: 0.0000870 seconds, Stopping threads took: 0.0000213 seconds
[2019-12-08T10:34:00.403+0000][1][safepoint    ] Application time: 1.0000812 seconds
[2019-12-08T10:34:00.403+0000][1][safepoint    ] Entering safepoint region: Cleanup
[2019-12-08T10:34:00.403+0000][1][safepoint    ] Leaving safepoint region
[2019-12-08T10:34:00.403+0000][1][safepoint    ] Total time for which application threads were stopped: 0.0000851 seconds, Stopping threads took: 0.0000213 seconds
[2019-12-08T10:34:01.403+0000][1][safepoint    ] Application time: 1.0000860 seconds
[2019-12-08T10:34:01.403+0000][1][safepoint    ] Entering safepoint region: Cleanup
[2019-12-08T10:34:01.403+0000][1][safepoint    ] Leaving safepoint region
[2019-12-08T10:34:01.403+0000][1][safepoint    ] Total time for which application threads were stopped: 0.0001124 seconds, Stopping threads took: 0.0000262 seconds
[2019-12-08T10:34:02.404+0000][1][safepoint    ] Application time: 1.0000811 seconds
[2019-12-08T10:34:02.404+0000][1][safepoint    ] Entering safepoint region: Cleanup
[2019-12-08T10:34:02.404+0000][1][safepoint    ] Leaving safepoint region
[2019-12-08T10:34:02.404+0000][1][safepoint    ] Total time for which application threads were stopped: 0.0001087 seconds, Stopping threads took: 0.0000228 seconds
[2019-12-08T10:34:03.404+0000][1][safepoint    ] Application time: 1.0000833 seconds
[2019-12-08T10:34:03.404+0000][1][safepoint    ] Entering safepoint region: Cleanup
[2019-12-08T10:34:03.404+0000][1][safepoint    ] Leaving safepoint region
[2019-12-08T10:34:03.404+0000][1][safepoint    ] Total time for which application threads were stopped: 0.0000854 seconds, Stopping threads took: 0.0000208 seconds
[2019-12-08T10:34:04.404+0000][1][safepoint    ] Application time: 1.0000805 seconds
[2019-12-08T10:34:04.404+0000][1][safepoint    ] Entering safepoint region: Cleanup
[2019-12-08T10:34:04.404+0000][1][safepoint    ] Leaving safepoint region
[2019-12-08T10:34:04.404+0000][1][safepoint    ] Total time for which application threads were stopped: 0.0000915 seconds, Stopping threads took: 0.0000283 seconds
[2019-12-08T10:34:05.404+0000][1][safepoint    ] Application time: 1.0000887 seconds
[2019-12-08T10:34:05.404+0000][1][safepoint    ] Entering safepoint region: Cleanup
[2019-12-08T10:34:05.404+0000][1][safepoint    ] Leaving safepoint region
[2019-12-08T10:34:05.404+0000][1][safepoint    ] Total time for which application threads were stopped: 0.0000983 seconds, Stopping threads took: 0.0000335 seconds
[2019-12-08T10:34:06.404+0000][1][safepoint    ] Application time: 1.0000880 seconds
[2019-12-08T10:34:06.405+0000][1][safepoint    ] Entering safepoint region: Cleanup
[2019-12-08T10:34:06.405+0000][1][safepoint    ] Leaving safepoint region
[2019-12-08T10:34:06.405+0000][1][safepoint    ] Total time for which application threads were stopped: 0.0000882 seconds, Stopping threads took: 0.0000206 seconds
[2019-12-08T10:34:07.405+0000][1][safepoint    ] Application time: 1.0000899 seconds
[2019-12-08T10:34:07.405+0000][1][safepoint    ] Entering safepoint region: Cleanup
[2019-12-08T10:34:07.405+0000][1][safepoint    ] Leaving safepoint region
[2019-12-08T10:34:07.405+0000][1][safepoint    ] Total time for which application threads were stopped: 0.0000858 seconds, Stopping threads took: 0.0000198 seconds
[2019-12-08T10:34:08.405+0000][1][safepoint    ] Application time: 1.0000815 seconds
[2019-12-08T10:34:08.405+0000][1][safepoint    ] Entering safepoint region: Cleanup
[2019-12-08T10:34:08.405+0000][1][safepoint    ] Leaving safepoint region
[2019-12-08T10:34:08.405+0000][1][safepoint    ] Total time for which application threads were stopped: 0.0000896 seconds, Stopping threads took: 0.0000252 seconds
[2019-12-08T10:34:09.405+0000][1][safepoint    ] Application time: 1.0000843 seconds
[2019-12-08T10:34:09.405+0000][1][safepoint    ] Entering safepoint region: Cleanup
[2019-12-08T10:34:09.405+0000][1][safepoint    ] Leaving safepoint region
[2019-12-08T10:34:09.405+0000][1][safepoint    ] Total time for which application threads were stopped: 0.0000846 seconds, Stopping threads took: 0.0000202 seconds
[2019-12-08T10:34:10.405+0000][1][safepoint    ] Application time: 1.0000827 seconds
[2019-12-08T10:34:10.405+0000][1][safepoint    ] Entering safepoint region: Cleanup
[2019-12-08T10:34:10.405+0000][1][safepoint    ] Leaving safepoint region
[2019-12-08T10:34:10.405+0000][1][safepoint    ] Total time for which application threads were stopped: 0.0000831 seconds, Stopping threads took: 0.0000201 seconds
[2019-12-08T10:34:11.406+0000][1][safepoint    ] Application time: 1.0000849 seconds
[2019-12-08T10:34:11.406+0000][1][safepoint    ] Entering safepoint region: Cleanup
[2019-12-08T10:34:11.406+0000][1][safepoint    ] Leaving safepoint region
[2019-12-08T10:34:11.406+0000][1][safepoint    ] Total time for which application threads were stopped: 0.0001026 seconds, Stopping threads took: 0.0000188 seconds
[2019-12-08T10:34:12.406+0000][1][safepoint    ] Application time: 1.0000832 seconds
[2019-12-08T10:34:12.406+0000][1][safepoint    ] Entering safepoint region: Cleanup
[2019-12-08T10:34:12.406+0000][1][safepoint    ] Leaving safepoint region
[2019-12-08T10:34:12.406+0000][1][safepoint    ] Total time for which application threads were stopped: 0.0000848 seconds, Stopping threads took: 0.0000204 seconds
[2019-12-08T10:34:13.406+0000][1][safepoint    ] Application time: 1.0000873 seconds
[2019-12-08T10:34:13.406+0000][1][safepoint    ] Entering safepoint region: Cleanup
[2019-12-08T10:34:13.406+0000][1][safepoint    ] Leaving safepoint region
[2019-12-08T10:34:13.406+0000][1][safepoint    ] Total time for which application threads were stopped: 0.0000838 seconds, Stopping threads took: 0.0000203 seconds
[2019-12-08T10:34:14.406+0000][1][safepoint    ] Application time: 1.0000786 seconds
[2019-12-08T10:34:14.406+0000][1][safepoint    ] Entering safepoint region: Cleanup
[2019-12-08T10:34:14.406+0000][1][safepoint    ] Leaving safepoint region
[2019-12-08T10:34:14.406+0000][1][safepoint    ] Total time for which application threads were stopped: 0.0000993 seconds, Stopping threads took: 0.0000207 seconds
[2019-12-08T10:34:15.406+0000][1][safepoint    ] Application time: 1.0000773 seconds
[2019-12-08T10:34:15.407+0000][1][safepoint    ] Entering safepoint region: Cleanup
[2019-12-08T10:34:15.407+0000][1][safepoint    ] Leaving safepoint region
[2019-12-08T10:34:15.407+0000][1][safepoint    ] Total time for which application threads were stopped: 0.0000820 seconds, Stopping threads took: 0.0000195 seconds
[2019-12-08T10:34:16.407+0000][1][safepoint    ] Application time: 1.0000793 seconds
[2019-12-08T10:34:16.407+0000][1][safepoint    ] Entering safepoint region: Cleanup
[2019-12-08T10:34:16.407+0000][1][safepoint    ] Leaving safepoint region
[2019-12-08T10:34:16.407+0000][1][safepoint    ] Total time for which application threads were stopped: 0.0000864 seconds, Stopping threads took: 0.0000211 seconds
[2019-12-08T10:34:17.407+0000][1][safepoint    ] Application time: 1.0000789 seconds
[2019-12-08T10:34:17.407+0000][1][safepoint    ] Entering safepoint region: Cleanup
[2019-12-08T10:34:17.407+0000][1][safepoint    ] Leaving safepoint region
[2019-12-08T10:34:17.407+0000][1][safepoint    ] Total time for which application threads were stopped: 0.0000854 seconds, Stopping threads took: 0.0000198 seconds
[2019-12-08T10:34:18.407+0000][1][safepoint    ] Application time: 1.0000797 seconds
[2019-12-08T10:34:18.407+0000][1][safepoint    ] Entering safepoint region: Cleanup
[2019-12-08T10:34:18.407+0000][1][safepoint    ] Leaving safepoint region
[2019-12-08T10:34:18.407+0000][1][safepoint    ] Total time for which application threads were stopped: 0.0000822 seconds, Stopping threads took: 0.0000194 seconds
[2019-12-08T10:34:19.407+0000][1][safepoint    ] Application time: 1.0000795 seconds
[2019-12-08T10:34:19.407+0000][1][safepoint    ] Entering safepoint region: Cleanup
[2019-12-08T10:34:19.407+0000][1][safepoint    ] Leaving safepoint region
[2019-12-08T10:34:19.407+0000][1][safepoint    ] Total time for which application threads were stopped: 0.0000821 seconds, Stopping threads took: 0.0000177 seconds
[2019-12-08T10:34:20.408+0000][1][safepoint    ] Application time: 1.0000845 seconds
[2019-12-08T10:34:20.408+0000][1][safepoint    ] Entering safepoint region: Cleanup
[2019-12-08T10:34:20.408+0000][1][safepoint    ] Leaving safepoint region
[2019-12-08T10:34:20.408+0000][1][safepoint    ] Total time for which application threads were stopped: 0.0000822 seconds, Stopping threads took: 0.0000199 seconds
[2019-12-08T10:34:21.408+0000][1][safepoint    ] Application time: 1.0000791 seconds
[2019-12-08T10:34:21.408+0000][1][safepoint    ] Entering safepoint region: Cleanup
[2019-12-08T10:34:21.408+0000][1][safepoint    ] Leaving safepoint region
[2019-12-08T10:34:21.408+0000][1][safepoint    ] Total time for which application threads were stopped: 0.0000839 seconds, Stopping threads took: 0.0000206 seconds
[2019-12-08T10:34:23.311+0000][1][safepoint    ] Application time: 1.9033918 seconds
[2019-12-08T10:34:23.311+0000][1][safepoint    ] Entering safepoint region: Cleanup
[2019-12-08T10:34:23.311+0000][1][safepoint    ] Leaving safepoint region
[2019-12-08T10:34:23.311+0000][1][safepoint    ] Total time for which application threads were stopped: 0.0001173 seconds, Stopping threads took: 0.0000213 seconds
[2019-12-08T10:34:24.311+0000][1][safepoint    ] Application time: 1.0000892 seconds
[2019-12-08T10:34:24.312+0000][1][safepoint    ] Entering safepoint region: Cleanup
[2019-12-08T10:34:24.312+0000][1][safepoint    ] Leaving safepoint region
[2019-12-08T10:34:24.312+0000][1][safepoint    ] Total time for which application threads were stopped: 0.0000823 seconds, Stopping threads took: 0.0000191 seconds
[2019-12-08T10:34:25.312+0000][1][safepoint    ] Application time: 1.0000852 seconds
[2019-12-08T10:34:25.312+0000][1][safepoint    ] Entering safepoint region: Cleanup
[2019-12-08T10:34:25.312+0000][1][safepoint    ] Leaving safepoint region
[2019-12-08T10:34:25.312+0000][1][safepoint    ] Total time for which application threads were stopped: 0.0000886 seconds, Stopping threads took: 0.0000182 seconds
[2019-12-08T10:34:26.312+0000][1][safepoint    ] Application time: 1.0000750 seconds
[2019-12-08T10:34:26.312+0000][1][safepoint    ] Entering safepoint region: Cleanup
[2019-12-08T10:34:26.312+0000][1][safepoint    ] Leaving safepoint region
[2019-12-08T10:34:26.312+0000][1][safepoint    ] Total time for which application threads were stopped: 0.0000810 seconds, Stopping threads took: 0.0000184 seconds
[2019-12-08T10:34:27.312+0000][1][safepoint    ] Application time: 1.0000775 seconds
[2019-12-08T10:34:27.312+0000][1][safepoint    ] Entering safepoint region: Cleanup
[2019-12-08T10:34:27.312+0000][1][safepoint    ] Leaving safepoint region
[2019-12-08T10:34:27.312+0000][1][safepoint    ] Total time for which application threads were stopped: 0.0000845 seconds, Stopping threads took: 0.0000205 seconds
[2019-12-08T10:34:28.312+0000][1][safepoint    ] Application time: 1.0000799 seconds
[2019-12-08T10:34:28.312+0000][1][safepoint    ] Entering safepoint region: Cleanup
[2019-12-08T10:34:28.312+0000][1][safepoint    ] Leaving safepoint region
[2019-12-08T10:34:28.312+0000][1][safepoint    ] Total time for which application threads were stopped: 0.0000840 seconds, Stopping threads took: 0.0000184 seconds
[2019-12-08T10:34:29.313+0000][1][safepoint    ] Application time: 1.0000787 seconds
[2019-12-08T10:34:29.313+0000][1][safepoint    ] Entering safepoint region: Cleanup
[2019-12-08T10:34:29.313+0000][1][safepoint    ] Leaving safepoint region
[2019-12-08T10:34:29.313+0000][1][safepoint    ] Total time for which application threads were stopped: 0.0000809 seconds, Stopping threads took: 0.0000189 seconds
[2019-12-08T10:34:30.313+0000][1][safepoint    ] Application time: 1.0000605 seconds
[2019-12-08T10:34:30.313+0000][1][safepoint    ] Entering safepoint region: Cleanup
[2019-12-08T10:34:30.313+0000][1][safepoint    ] Leaving safepoint region
[2019-12-08T10:34:30.313+0000][1][safepoint    ] Total time for which application threads were stopped: 0.0000768 seconds, Stopping threads took: 0.0000164 seconds
[2019-12-08T10:34:31.313+0000][1][safepoint    ] Application time: 1.0000783 seconds
[2019-12-08T10:34:31.313+0000][1][safepoint    ] Entering safepoint region: Cleanup
[2019-12-08T10:34:31.313+0000][1][safepoint    ] Leaving safepoint region
[2019-12-08T10:34:31.313+0000][1][safepoint    ] Total time for which application threads were stopped: 0.0000780 seconds, Stopping threads took: 0.0000164 seconds
[2019-12-08T10:34:32.313+0000][1][safepoint    ] Application time: 1.0000751 seconds
[2019-12-08T10:34:32.313+0000][1][safepoint    ] Entering safepoint region: Cleanup
[2019-12-08T10:34:32.313+0000][1][safepoint    ] Leaving safepoint region
[2019-12-08T10:34:32.313+0000][1][safepoint    ] Total time for which application threads were stopped: 0.0000788 seconds, Stopping threads took: 0.0000181 seconds
[2019-12-08T10:34:33.313+0000][1][safepoint    ] Application time: 1.0000749 seconds
[2019-12-08T10:34:33.313+0000][1][safepoint    ] Entering safepoint region: Cleanup
[2019-12-08T10:34:33.313+0000][1][safepoint    ] Leaving safepoint region
[2019-12-08T10:34:33.313+0000][1][safepoint    ] Total time for which application threads were stopped: 0.0000777 seconds, Stopping threads took: 0.0000178 seconds
[2019-12-08T10:34:34.313+0000][1][safepoint    ] Application time: 1.0000774 seconds
[2019-12-08T10:34:34.314+0000][1][safepoint    ] Entering safepoint region: Cleanup
[2019-12-08T10:34:34.314+0000][1][safepoint    ] Leaving safepoint region
[2019-12-08T10:34:34.314+0000][1][safepoint    ] Total time for which application threads were stopped: 0.0000836 seconds, Stopping threads took: 0.0000177 seconds
[2019-12-08T10:34:35.314+0000][1][safepoint    ] Application time: 1.0000852 seconds
[2019-12-08T10:34:35.314+0000][1][safepoint    ] Entering safepoint region: Cleanup
[2019-12-08T10:34:35.314+0000][1][safepoint    ] Leaving safepoint region
[2019-12-08T10:34:35.314+0000][1][safepoint    ] Total time for which application threads were stopped: 0.0000942 seconds, Stopping threads took: 0.0000307 seconds
[2019-12-08T10:34:36.314+0000][1][safepoint    ] Application time: 1.0000746 seconds
[2019-12-08T10:34:36.314+0000][1][safepoint    ] Entering safepoint region: Cleanup
[2019-12-08T10:34:36.314+0000][1][safepoint    ] Leaving safepoint region
[2019-12-08T10:34:36.314+0000][1][safepoint    ] Total time for which application threads were stopped: 0.0000805 seconds, Stopping threads took: 0.0000199 seconds
[2019-12-08T10:34:37.314+0000][1][safepoint    ] Application time: 1.0000753 seconds
[2019-12-08T10:34:37.314+0000][1][safepoint    ] Entering safepoint region: Cleanup
[2019-12-08T10:34:37.314+0000][1][safepoint    ] Leaving safepoint region
[2019-12-08T10:34:37.314+0000][1][safepoint    ] Total time for which application threads were stopped: 0.0000794 seconds, Stopping threads took: 0.0000173 seconds
[2019-12-08T10:34:38.314+0000][1][safepoint    ] Application time: 1.0000814 seconds
[2019-12-08T10:34:38.314+0000][1][safepoint    ] Entering safepoint region: Cleanup
[2019-12-08T10:34:38.314+0000][1][safepoint    ] Leaving safepoint region
[2019-12-08T10:34:38.314+0000][1][safepoint    ] Total time for which application threads were stopped: 0.0001091 seconds, Stopping threads took: 0.0000247 seconds
[2019-12-08T10:34:39.315+0000][1][safepoint    ] Application time: 1.0000769 seconds
[2019-12-08T10:34:39.315+0000][1][safepoint    ] Entering safepoint region: Cleanup
[2019-12-08T10:34:39.315+0000][1][safepoint    ] Leaving safepoint region
[2019-12-08T10:34:39.315+0000][1][safepoint    ] Total time for which application threads were stopped: 0.0000812 seconds, Stopping threads took: 0.0000203 seconds
[2019-12-08T10:34:40.315+0000][1][safepoint    ] Application time: 1.0000869 seconds
[2019-12-08T10:34:40.315+0000][1][safepoint    ] Entering safepoint region: Cleanup
[2019-12-08T10:34:40.315+0000][1][safepoint    ] Leaving safepoint region
[2019-12-08T10:34:40.315+0000][1][safepoint    ] Total time for which application threads were stopped: 0.0000799 seconds, Stopping threads took: 0.0000192 seconds
[2019-12-08T10:34:41.315+0000][1][safepoint    ] Application time: 1.0000762 seconds
[2019-12-08T10:34:41.315+0000][1][safepoint    ] Entering safepoint region: Cleanup
[2019-12-08T10:34:41.315+0000][1][safepoint    ] Leaving safepoint region
[2019-12-08T10:34:41.315+0000][1][safepoint    ] Total time for which application threads were stopped: 0.0000794 seconds, Stopping threads took: 0.0000178 seconds
[2019-12-08T10:34:42.315+0000][1][safepoint    ] Application time: 1.0000759 seconds
[2019-12-08T10:34:42.315+0000][1][safepoint    ] Entering safepoint region: Cleanup
[2019-12-08T10:34:42.315+0000][1][safepoint    ] Leaving safepoint region
[2019-12-08T10:34:42.315+0000][1][safepoint    ] Total time for which application threads were stopped: 0.0000816 seconds, Stopping threads took: 0.0000189 seconds
[2019-12-08T10:34:43.315+0000][1][safepoint    ] Application time: 1.0000740 seconds
[2019-12-08T10:34:43.315+0000][1][safepoint    ] Entering safepoint region: Cleanup
[2019-12-08T10:34:43.315+0000][1][safepoint    ] Leaving safepoint region
[2019-12-08T10:34:43.315+0000][1][safepoint    ] Total time for which application threads were stopped: 0.0000794 seconds, Stopping threads took: 0.0000177 seconds
[2019-12-08T10:34:44.316+0000][1][safepoint    ] Application time: 1.0000753 seconds
[2019-12-08T10:34:44.316+0000][1][safepoint    ] Entering safepoint region: Cleanup
[2019-12-08T10:34:44.316+0000][1][safepoint    ] Leaving safepoint region
[2019-12-08T10:34:44.316+0000][1][safepoint    ] Total time for which application threads were stopped: 0.0000803 seconds, Stopping threads took: 0.0000182 seconds
[2019-12-08T10:34:45.316+0000][1][safepoint    ] Application time: 1.0000764 seconds
[2019-12-08T10:34:45.316+0000][1][safepoint    ] Entering safepoint region: Cleanup
[2019-12-08T10:34:45.316+0000][1][safepoint    ] Leaving safepoint region
[2019-12-08T10:34:45.316+0000][1][safepoint    ] Total time for which application threads were stopped: 0.0000794 seconds, Stopping threads took: 0.0000166 seconds
[2019-12-08T10:34:46.316+0000][1][safepoint    ] Application time: 1.0000783 seconds
[2019-12-08T10:34:46.316+0000][1][safepoint    ] Entering safepoint region: Cleanup
[2019-12-08T10:34:46.316+0000][1][safepoint    ] Leaving safepoint region
[2019-12-08T10:34:46.316+0000][1][safepoint    ] Total time for which application threads were stopped: 0.0000805 seconds, Stopping threads took: 0.0000179 seconds
[2019-12-08T10:34:47.316+0000][1][safepoint    ] Application time: 1.0000761 seconds
[2019-12-08T10:34:47.316+0000][1][safepoint    ] Entering safepoint region: Cleanup
[2019-12-08T10:34:47.316+0000][1][safepoint    ] Leaving safepoint region
[2019-12-08T10:34:47.316+0000][1][safepoint    ] Total time for which application threads were stopped: 0.0000801 seconds, Stopping threads took: 0.0000188 seconds
[2019-12-08T10:34:48.316+0000][1][safepoint    ] Application time: 1.0000747 seconds
[2019-12-08T10:34:48.316+0000][1][safepoint    ] Entering safepoint region: Cleanup
[2019-12-08T10:34:48.316+0000][1][safepoint    ] Leaving safepoint region
[2019-12-08T10:34:48.316+0000][1][safepoint    ] Total time for which application threads were stopped: 0.0000832 seconds, Stopping threads took: 0.0000193 seconds
[2019-12-08T10:34:49.317+0000][1][safepoint    ] Application time: 1.0000774 seconds
[2019-12-08T10:34:49.317+0000][1][safepoint    ] Entering safepoint region: Cleanup
[2019-12-08T10:34:49.317+0000][1][safepoint    ] Leaving safepoint region
[2019-12-08T10:34:49.317+0000][1][safepoint    ] Total time for which application threads were stopped: 0.0000931 seconds, Stopping threads took: 0.0000184 seconds
[2019-12-08T10:34:50.317+0000][1][safepoint    ] Application time: 1.0000739 seconds
[2019-12-08T10:34:50.317+0000][1][safepoint    ] Entering safepoint region: Cleanup
[2019-12-08T10:34:50.317+0000][1][safepoint    ] Leaving safepoint region
[2019-12-08T10:34:50.317+0000][1][safepoint    ] Total time for which application threads were stopped: 0.0000913 seconds, Stopping threads took: 0.0000180 seconds
[2019-12-08T10:34:51.317+0000][1][safepoint    ] Application time: 1.0000766 seconds
[2019-12-08T10:34:51.317+0000][1][safepoint    ] Entering safepoint region: Cleanup
[2019-12-08T10:34:51.317+0000][1][safepoint    ] Leaving safepoint region
[2019-12-08T10:34:51.317+0000][1][safepoint    ] Total time for which application threads were stopped: 0.0000926 seconds, Stopping threads took: 0.0000195 seconds
[2019-12-08T10:34:52.317+0000][1][safepoint    ] Application time: 1.0000758 seconds
[2019-12-08T10:34:52.317+0000][1][safepoint    ] Entering safepoint region: Cleanup
[2019-12-08T10:34:52.317+0000][1][safepoint    ] Leaving safepoint region
[2019-12-08T10:34:52.317+0000][1][safepoint    ] Total time for which application threads were stopped: 0.0000991 seconds, Stopping threads took: 0.0000270 seconds
[2019-12-08T10:34:53.317+0000][1][safepoint    ] Application time: 1.0000777 seconds
[2019-12-08T10:34:53.317+0000][1][safepoint    ] Entering safepoint region: Cleanup
[2019-12-08T10:34:53.318+0000][1][safepoint    ] Leaving safepoint region
[2019-12-08T10:34:53.318+0000][1][safepoint    ] Total time for which application threads were stopped: 0.0000810 seconds, Stopping threads took: 0.0000186 seconds
[2019-12-08T10:34:54.519+0000][1][safepoint    ] Application time: 1.2016195 seconds
[2019-12-08T10:34:54.519+0000][1][safepoint    ] Entering safepoint region: Cleanup
[2019-12-08T10:34:54.519+0000][1][safepoint    ] Leaving safepoint region
[2019-12-08T10:34:54.519+0000][1][safepoint    ] Total time for which application threads were stopped: 0.0000761 seconds, Stopping threads took: 0.0000154 seconds
[2019-12-08T10:34:55.519+0000][1][safepoint    ] Application time: 1.0000746 seconds
[2019-12-08T10:34:55.519+0000][1][safepoint    ] Entering safepoint region: Cleanup
[2019-12-08T10:34:55.519+0000][1][safepoint    ] Leaving safepoint region
[2019-12-08T10:34:55.519+0000][1][safepoint    ] Total time for which application threads were stopped: 0.0000782 seconds, Stopping threads took: 0.0000165 seconds
[2019-12-08T10:34:56.520+0000][1][safepoint    ] Application time: 1.0000738 seconds
[2019-12-08T10:34:56.520+0000][1][safepoint    ] Entering safepoint region: Cleanup
[2019-12-08T10:34:56.520+0000][1][safepoint    ] Leaving safepoint region
[2019-12-08T10:34:56.520+0000][1][safepoint    ] Total time for which application threads were stopped: 0.0000924 seconds, Stopping threads took: 0.0000194 seconds
[2019-12-08T10:34:57.520+0000][1][safepoint    ] Application time: 1.0000726 seconds
[2019-12-08T10:34:57.520+0000][1][safepoint    ] Entering safepoint region: Cleanup
[2019-12-08T10:34:57.520+0000][1][safepoint    ] Leaving safepoint region
[2019-12-08T10:34:57.520+0000][1][safepoint    ] Total time for which application threads were stopped: 0.0000772 seconds, Stopping threads took: 0.0000193 seconds
[2019-12-08T10:34:58.520+0000][1][safepoint    ] Application time: 1.0000731 seconds
[2019-12-08T10:34:58.520+0000][1][safepoint    ] Entering safepoint region: Cleanup
[2019-12-08T10:34:58.520+0000][1][safepoint    ] Leaving safepoint region
[2019-12-08T10:34:58.520+0000][1][safepoint    ] Total time for which application threads were stopped: 0.0000812 seconds, Stopping threads took: 0.0000192 seconds
[2019-12-08T10:34:59.520+0000][1][safepoint    ] Application time: 1.0000729 seconds
[2019-12-08T10:34:59.520+0000][1][safepoint    ] Entering safepoint region: Cleanup
[2019-12-08T10:34:59.520+0000][1][safepoint    ] Leaving safepoint region
[2019-12-08T10:34:59.520+0000][1][safepoint    ] Total time for which application threads were stopped: 0.0000918 seconds, Stopping threads took: 0.0000333 seconds
[2019-12-08T10:35:00.520+0000][1][safepoint    ] Application time: 1.0000747 seconds
[2019-12-08T10:35:00.520+0000][1][safepoint    ] Entering safepoint region: Cleanup
[2019-12-08T10:35:00.520+0000][1][safepoint    ] Leaving safepoint region
[2019-12-08T10:35:00.520+0000][1][safepoint    ] Total time for which application threads were stopped: 0.0000763 seconds, Stopping threads took: 0.0000180 seconds
[2019-12-08T10:35:01.521+0000][1][safepoint    ] Application time: 1.0000839 seconds
[2019-12-08T10:35:01.521+0000][1][safepoint    ] Entering safepoint region: Cleanup
[2019-12-08T10:35:01.521+0000][1][safepoint    ] Leaving safepoint region
[2019-12-08T10:35:01.521+0000][1][safepoint    ] Total time for which application threads were stopped: 0.0000801 seconds, Stopping threads took: 0.0000172 seconds
[2019-12-08T10:35:02.521+0000][1][safepoint    ] Application time: 1.0000821 seconds
[2019-12-08T10:35:02.521+0000][1][safepoint    ] Entering safepoint region: Cleanup
[2019-12-08T10:35:02.521+0000][1][safepoint    ] Leaving safepoint region
[2019-12-08T10:35:02.521+0000][1][safepoint    ] Total time for which application threads were stopped: 0.0000783 seconds, Stopping threads took: 0.0000179 seconds
[2019-12-08T10:35:03.521+0000][1][safepoint    ] Application time: 1.0000776 seconds
[2019-12-08T10:35:03.521+0000][1][safepoint    ] Entering safepoint region: Cleanup
[2019-12-08T10:35:03.521+0000][1][safepoint    ] Leaving safepoint region
[2019-12-08T10:35:03.521+0000][1][safepoint    ] Total time for which application threads were stopped: 0.0000781 seconds, Stopping threads took: 0.0000183 seconds
[2019-12-08T10:35:04.521+0000][1][safepoint    ] Application time: 1.0000796 seconds
[2019-12-08T10:35:04.521+0000][1][safepoint    ] Entering safepoint region: Cleanup
[2019-12-08T10:35:04.521+0000][1][safepoint    ] Leaving safepoint region
[2019-12-08T10:35:04.521+0000][1][safepoint    ] Total time for which application threads were stopped: 0.0000849 seconds, Stopping threads took: 0.0000187 seconds
[2019-12-08T10:35:05.521+0000][1][safepoint    ] Application time: 1.0000779 seconds
[2019-12-08T10:35:05.521+0000][1][safepoint    ] Entering safepoint region: Cleanup
[2019-12-08T10:35:05.521+0000][1][safepoint    ] Leaving safepoint region
[2019-12-08T10:35:05.521+0000][1][safepoint    ] Total time for which application threads were stopped: 0.0000914 seconds, Stopping threads took: 0.0000195 seconds
[2019-12-08T10:35:06.522+0000][1][safepoint    ] Application time: 1.0000730 seconds
[2019-12-08T10:35:06.522+0000][1][safepoint    ] Entering safepoint region: Cleanup
[2019-12-08T10:35:06.522+0000][1][safepoint    ] Leaving safepoint region
[2019-12-08T10:35:06.522+0000][1][safepoint    ] Total time for which application threads were stopped: 0.0000806 seconds, Stopping threads took: 0.0000183 seconds
[2019-12-08T10:35:07.522+0000][1][safepoint    ] Application time: 1.0000836 seconds
[2019-12-08T10:35:07.522+0000][1][safepoint    ] Entering safepoint region: Cleanup
[2019-12-08T10:35:07.522+0000][1][safepoint    ] Leaving safepoint region
[2019-12-08T10:35:07.522+0000][1][safepoint    ] Total time for which application threads were stopped: 0.0000767 seconds, Stopping threads took: 0.0000168 seconds
[2019-12-08T10:35:08.522+0000][1][safepoint    ] Application time: 1.0000755 seconds
[2019-12-08T10:35:08.522+0000][1][safepoint    ] Entering safepoint region: Cleanup
[2019-12-08T10:35:08.522+0000][1][safepoint    ] Leaving safepoint region
[2019-12-08T10:35:08.522+0000][1][safepoint    ] Total time for which application threads were stopped: 0.0000758 seconds, Stopping threads took: 0.0000164 seconds
[2019-12-08T10:35:09.522+0000][1][safepoint    ] Application time: 1.0000778 seconds
[2019-12-08T10:35:09.522+0000][1][safepoint    ] Entering safepoint region: Cleanup
[2019-12-08T10:35:09.522+0000][1][safepoint    ] Leaving safepoint region
[2019-12-08T10:35:09.522+0000][1][safepoint    ] Total time for which application threads were stopped: 0.0000803 seconds, Stopping threads took: 0.0000179 seconds
[2019-12-08T10:35:10.448+0000][1][safepoint    ] Application time: 0.9256628 seconds
[2019-12-08T10:35:10.448+0000][1][safepoint    ] Entering safepoint region: GenCollectForAllocation
[2019-12-08T10:35:10.448+0000][1][gc,start     ] GC(53) Pause Young (Allocation Failure)
[2019-12-08T10:35:10.448+0000][1][gc,task      ] GC(53) Using 4 workers of 4 for evacuation
[2019-12-08T10:35:10.449+0000][1][gc,age       ] GC(53) Desired survivor size 4456448 bytes, new threshold 6 (max threshold 6)
[2019-12-08T10:35:10.449+0000][1][gc,age       ] GC(53) Age table with threshold 6 (max threshold 6)
[2019-12-08T10:35:10.449+0000][1][gc,age       ] GC(53) - age   1:       5584 bytes,       5584 total
[2019-12-08T10:35:10.449+0000][1][gc,age       ] GC(53) - age   2:     129088 bytes,     134672 total
[2019-12-08T10:35:10.449+0000][1][gc,age       ] GC(53) - age   4:        408 bytes,     135080 total
[2019-12-08T10:35:10.449+0000][1][gc,age       ] GC(53) - age   5:         56 bytes,     135136 total
[2019-12-08T10:35:10.449+0000][1][gc,heap      ] GC(53) ParNew: 70093K->172K(78656K)
[2019-12-08T10:35:10.449+0000][1][gc,heap      ] GC(53) CMS: 70424K->70424K(174784K)
[2019-12-08T10:35:10.449+0000][1][gc,metaspace ] GC(53) Metaspace: 72758K->72758K(1116160K)
[2019-12-08T10:35:10.449+0000][1][gc           ] GC(53) Pause Young (Allocation Failure) 137M->68M(247M) 1.157ms
[2019-12-08T10:35:10.449+0000][1][gc,cpu       ] GC(53) User=0.01s Sys=0.00s Real=0.00s
[2019-12-08T10:35:10.449+0000][1][safepoint    ] Leaving safepoint region
[2019-12-08T10:35:10.449+0000][1][safepoint    ] Total time for which application threads were stopped: 0.0013109 seconds, Stopping threads took: 0.0000186 seconds
[2019-12-08T10:35:11.449+0000][1][safepoint    ] Application time: 1.0000856 seconds
[2019-12-08T10:35:11.449+0000][1][safepoint    ] Entering safepoint region: Cleanup
[2019-12-08T10:35:11.449+0000][1][safepoint    ] Leaving safepoint region
[2019-12-08T10:35:11.449+0000][1][safepoint    ] Total time for which application threads were stopped: 0.0000784 seconds, Stopping threads took: 0.0000185 seconds
[2019-12-08T10:35:12.450+0000][1][safepoint    ] Application time: 1.0000848 seconds
[2019-12-08T10:35:12.450+0000][1][safepoint    ] Entering safepoint region: Cleanup
[2019-12-08T10:35:12.450+0000][1][safepoint    ] Leaving safepoint region
[2019-12-08T10:35:12.450+0000][1][safepoint    ] Total time for which application threads were stopped: 0.0000795 seconds, Stopping threads took: 0.0000183 seconds
[2019-12-08T10:35:13.450+0000][1][safepoint    ] Application time: 1.0000778 seconds
[2019-12-08T10:35:13.450+0000][1][safepoint    ] Entering safepoint region: Cleanup
[2019-12-08T10:35:13.450+0000][1][safepoint    ] Leaving safepoint region
[2019-12-08T10:35:13.450+0000][1][safepoint    ] Total time for which application threads were stopped: 0.0000804 seconds, Stopping threads took: 0.0000186 seconds
[2019-12-08T10:35:14.450+0000][1][safepoint    ] Application time: 1.0000823 seconds
[2019-12-08T10:35:14.450+0000][1][safepoint    ] Entering safepoint region: Cleanup
[2019-12-08T10:35:14.450+0000][1][safepoint    ] Leaving safepoint region
[2019-12-08T10:35:14.450+0000][1][safepoint    ] Total time for which application threads were stopped: 0.0001087 seconds, Stopping threads took: 0.0000241 seconds
[2019-12-08T10:35:15.450+0000][1][safepoint    ] Application time: 1.0000818 seconds
[2019-12-08T10:35:15.450+0000][1][safepoint    ] Entering safepoint region: Cleanup
[2019-12-08T10:35:15.450+0000][1][safepoint    ] Leaving safepoint region
[2019-12-08T10:35:15.450+0000][1][safepoint    ] Total time for which application threads were stopped: 0.0001532 seconds, Stopping threads took: 0.0000799 seconds
[2019-12-08T10:35:16.450+0000][1][safepoint    ] Application time: 1.0000923 seconds
[2019-12-08T10:35:16.451+0000][1][safepoint    ] Entering safepoint region: Cleanup
[2019-12-08T10:35:16.451+0000][1][safepoint    ] Leaving safepoint region
[2019-12-08T10:35:16.451+0000][1][safepoint    ] Total time for which application threads were stopped: 0.0001475 seconds, Stopping threads took: 0.0000765 seconds
[2019-12-08T10:35:17.451+0000][1][safepoint    ] Application time: 1.0000833 seconds
[2019-12-08T10:35:17.451+0000][1][safepoint    ] Entering safepoint region: Cleanup
[2019-12-08T10:35:17.451+0000][1][safepoint    ] Leaving safepoint region
[2019-12-08T10:35:17.451+0000][1][safepoint    ] Total time for which application threads were stopped: 0.0000830 seconds, Stopping threads took: 0.0000204 seconds
[2019-12-08T10:35:18.453+0000][1][safepoint    ] Application time: 1.0017740 seconds
[2019-12-08T10:35:18.453+0000][1][safepoint    ] Entering safepoint region: Cleanup
[2019-12-08T10:35:18.453+0000][1][safepoint    ] Leaving safepoint region
[2019-12-08T10:35:18.453+0000][1][safepoint    ] Total time for which application threads were stopped: 0.0000974 seconds, Stopping threads took: 0.0000196 seconds
[2019-12-08T10:35:19.453+0000][1][safepoint    ] Application time: 1.0000815 seconds
[2019-12-08T10:35:19.453+0000][1][safepoint    ] Entering safepoint region: Cleanup
[2019-12-08T10:35:19.453+0000][1][safepoint    ] Leaving safepoint region
[2019-12-08T10:35:19.453+0000][1][safepoint    ] Total time for which application threads were stopped: 0.0000791 seconds, Stopping threads took: 0.0000188 seconds
[2019-12-08T10:35:20.453+0000][1][safepoint    ] Application time: 1.0001572 seconds
[2019-12-08T10:35:20.453+0000][1][safepoint    ] Entering safepoint region: Cleanup
[2019-12-08T10:35:20.453+0000][1][safepoint    ] Leaving safepoint region
[2019-12-08T10:35:20.453+0000][1][safepoint    ] Total time for which application threads were stopped: 0.0001437 seconds, Stopping threads took: 0.0000652 seconds
[2019-12-08T10:35:21.453+0000][1][safepoint    ] Application time: 1.0000891 seconds
[2019-12-08T10:35:21.453+0000][1][safepoint    ] Entering safepoint region: Cleanup
[2019-12-08T10:35:21.453+0000][1][safepoint    ] Leaving safepoint region
[2019-12-08T10:35:21.453+0000][1][safepoint    ] Total time for which application threads were stopped: 0.0000995 seconds, Stopping threads took: 0.0000243 seconds
[2019-12-08T10:35:22.454+0000][1][safepoint    ] Application time: 1.0000943 seconds
[2019-12-08T10:35:22.454+0000][1][safepoint    ] Entering safepoint region: Cleanup
[2019-12-08T10:35:22.454+0000][1][safepoint    ] Leaving safepoint region
[2019-12-08T10:35:22.454+0000][1][safepoint    ] Total time for which application threads were stopped: 0.0000964 seconds, Stopping threads took: 0.0000182 seconds
[2019-12-08T10:35:23.454+0000][1][safepoint    ] Application time: 1.0000746 seconds
[2019-12-08T10:35:23.454+0000][1][safepoint    ] Entering safepoint region: Cleanup
[2019-12-08T10:35:23.454+0000][1][safepoint    ] Leaving safepoint region
[2019-12-08T10:35:23.454+0000][1][safepoint    ] Total time for which application threads were stopped: 0.0000784 seconds, Stopping threads took: 0.0000185 seconds
[2019-12-08T10:35:24.454+0000][1][safepoint    ] Application time: 1.0000775 seconds
[2019-12-08T10:35:24.454+0000][1][safepoint    ] Entering safepoint region: Cleanup
[2019-12-08T10:35:24.454+0000][1][safepoint    ] Leaving safepoint region
[2019-12-08T10:35:24.454+0000][1][safepoint    ] Total time for which application threads were stopped: 0.0000788 seconds, Stopping threads took: 0.0000181 seconds
[2019-12-08T10:35:25.454+0000][1][safepoint    ] Application time: 1.0000764 seconds
[2019-12-08T10:35:25.454+0000][1][safepoint    ] Entering safepoint region: Cleanup
[2019-12-08T10:35:25.454+0000][1][safepoint    ] Leaving safepoint region
[2019-12-08T10:35:25.454+0000][1][safepoint    ] Total time for which application threads were stopped: 0.0000804 seconds, Stopping threads took: 0.0000200 seconds
[2019-12-08T10:35:26.454+0000][1][safepoint    ] Application time: 1.0000748 seconds
[2019-12-08T10:35:26.454+0000][1][safepoint    ] Entering safepoint region: Cleanup
[2019-12-08T10:35:26.454+0000][1][safepoint    ] Leaving safepoint region
[2019-12-08T10:35:26.454+0000][1][safepoint    ] Total time for which application threads were stopped: 0.0000775 seconds, Stopping threads took: 0.0000189 seconds
[2019-12-08T10:35:27.455+0000][1][safepoint    ] Application time: 1.0000758 seconds
[2019-12-08T10:35:27.455+0000][1][safepoint    ] Entering safepoint region: Cleanup
[2019-12-08T10:35:27.455+0000][1][safepoint    ] Leaving safepoint region
[2019-12-08T10:35:27.455+0000][1][safepoint    ] Total time for which application threads were stopped: 0.0000801 seconds, Stopping threads took: 0.0000186 seconds
[2019-12-08T10:35:28.455+0000][1][safepoint    ] Application time: 1.0000731 seconds
[2019-12-08T10:35:28.455+0000][1][safepoint    ] Entering safepoint region: Cleanup
[2019-12-08T10:35:28.455+0000][1][safepoint    ] Leaving safepoint region
[2019-12-08T10:35:28.455+0000][1][safepoint    ] Total time for which application threads were stopped: 0.0000770 seconds, Stopping threads took: 0.0000176 seconds
[2019-12-08T10:35:29.455+0000][1][safepoint    ] Application time: 1.0000771 seconds
[2019-12-08T10:35:29.455+0000][1][safepoint    ] Entering safepoint region: Cleanup
[2019-12-08T10:35:29.455+0000][1][safepoint    ] Leaving safepoint region
[2019-12-08T10:35:29.455+0000][1][safepoint    ] Total time for which application threads were stopped: 0.0000776 seconds, Stopping threads took: 0.0000179 seconds
[2019-12-08T10:35:30.455+0000][1][safepoint    ] Application time: 1.0000758 seconds
[2019-12-08T10:35:30.455+0000][1][safepoint    ] Entering safepoint region: Cleanup
[2019-12-08T10:35:30.455+0000][1][safepoint    ] Leaving safepoint region
[2019-12-08T10:35:30.455+0000][1][safepoint    ] Total time for which application threads were stopped: 0.0000814 seconds, Stopping threads took: 0.0000184 seconds
[2019-12-08T10:35:31.455+0000][1][safepoint    ] Application time: 1.0000766 seconds
[2019-12-08T10:35:31.455+0000][1][safepoint    ] Entering safepoint region: Cleanup
[2019-12-08T10:35:31.455+0000][1][safepoint    ] Leaving safepoint region
[2019-12-08T10:35:31.455+0000][1][safepoint    ] Total time for which application threads were stopped: 0.0000783 seconds, Stopping threads took: 0.0000190 seconds
[2019-12-08T10:35:32.455+0000][1][safepoint    ] Application time: 1.0000753 seconds
[2019-12-08T10:35:32.455+0000][1][safepoint    ] Entering safepoint region: Cleanup
[2019-12-08T10:35:32.456+0000][1][safepoint    ] Leaving safepoint region
[2019-12-08T10:35:32.456+0000][1][safepoint    ] Total time for which application threads were stopped: 0.0000759 seconds, Stopping threads took: 0.0000172 seconds
[2019-12-08T10:35:33.456+0000][1][safepoint    ] Application time: 1.0000750 seconds
[2019-12-08T10:35:33.456+0000][1][safepoint    ] Entering safepoint region: Cleanup
[2019-12-08T10:35:33.456+0000][1][safepoint    ] Leaving safepoint region
[2019-12-08T10:35:33.456+0000][1][safepoint    ] Total time for which application threads were stopped: 0.0000878 seconds, Stopping threads took: 0.0000187 seconds
[2019-12-08T10:35:34.456+0000][1][safepoint    ] Application time: 1.0000789 seconds
[2019-12-08T10:35:34.456+0000][1][safepoint    ] Entering safepoint region: Cleanup
[2019-12-08T10:35:34.456+0000][1][safepoint    ] Leaving safepoint region
[2019-12-08T10:35:34.456+0000][1][safepoint    ] Total time for which application threads were stopped: 0.0000770 seconds, Stopping threads took: 0.0000186 seconds
[2019-12-08T10:35:35.456+0000][1][safepoint    ] Application time: 1.0000742 seconds
[2019-12-08T10:35:35.456+0000][1][safepoint    ] Entering safepoint region: Cleanup
[2019-12-08T10:35:35.456+0000][1][safepoint    ] Leaving safepoint region
[2019-12-08T10:35:35.456+0000][1][safepoint    ] Total time for which application threads were stopped: 0.0000961 seconds, Stopping threads took: 0.0000262 seconds
[2019-12-08T10:35:36.456+0000][1][safepoint    ] Application time: 1.0000770 seconds
[2019-12-08T10:35:36.456+0000][1][safepoint    ] Entering safepoint region: Cleanup
[2019-12-08T10:35:36.456+0000][1][safepoint    ] Leaving safepoint region
[2019-12-08T10:35:36.456+0000][1][safepoint    ] Total time for which application threads were stopped: 0.0000799 seconds, Stopping threads took: 0.0000194 seconds
[2019-12-08T10:35:37.456+0000][1][safepoint    ] Application time: 1.0000766 seconds
[2019-12-08T10:35:37.456+0000][1][safepoint    ] Entering safepoint region: Cleanup
[2019-12-08T10:35:37.456+0000][1][safepoint    ] Leaving safepoint region
[2019-12-08T10:35:37.456+0000][1][safepoint    ] Total time for which application threads were stopped: 0.0000811 seconds, Stopping threads took: 0.0000186 seconds
[2019-12-08T10:35:38.457+0000][1][safepoint    ] Application time: 1.0000763 seconds
[2019-12-08T10:35:38.457+0000][1][safepoint    ] Entering safepoint region: Cleanup
[2019-12-08T10:35:38.457+0000][1][safepoint    ] Leaving safepoint region
[2019-12-08T10:35:38.457+0000][1][safepoint    ] Total time for which application threads were stopped: 0.0000995 seconds, Stopping threads took: 0.0000218 seconds
[2019-12-08T10:35:39.457+0000][1][safepoint    ] Application time: 1.0000791 seconds
[2019-12-08T10:35:39.457+0000][1][safepoint    ] Entering safepoint region: Cleanup
[2019-12-08T10:35:39.457+0000][1][safepoint    ] Leaving safepoint region
[2019-12-08T10:35:39.457+0000][1][safepoint    ] Total time for which application threads were stopped: 0.0000841 seconds, Stopping threads took: 0.0000194 seconds
[2019-12-08T10:35:40.457+0000][1][safepoint    ] Application time: 1.0000897 seconds
[2019-12-08T10:35:40.457+0000][1][safepoint    ] Entering safepoint region: Cleanup
[2019-12-08T10:35:40.457+0000][1][safepoint    ] Leaving safepoint region
[2019-12-08T10:35:40.457+0000][1][safepoint    ] Total time for which application threads were stopped: 0.0000845 seconds, Stopping threads took: 0.0000202 seconds
[2019-12-08T10:35:41.457+0000][1][safepoint    ] Application time: 1.0000819 seconds
[2019-12-08T10:35:41.457+0000][1][safepoint    ] Entering safepoint region: Cleanup
[2019-12-08T10:35:41.457+0000][1][safepoint    ] Leaving safepoint region
[2019-12-08T10:35:41.457+0000][1][safepoint    ] Total time for which application threads were stopped: 0.0000818 seconds, Stopping threads took: 0.0000196 seconds
[2019-12-08T10:35:42.457+0000][1][safepoint    ] Application time: 1.0000798 seconds
[2019-12-08T10:35:42.457+0000][1][safepoint    ] Entering safepoint region: Cleanup
[2019-12-08T10:35:42.458+0000][1][safepoint    ] Leaving safepoint region
[2019-12-08T10:35:42.458+0000][1][safepoint    ] Total time for which application threads were stopped: 0.0000845 seconds, Stopping threads took: 0.0000206 seconds
[2019-12-08T10:35:43.458+0000][1][safepoint    ] Application time: 1.0000816 seconds
[2019-12-08T10:35:43.458+0000][1][safepoint    ] Entering safepoint region: Cleanup
[2019-12-08T10:35:43.458+0000][1][safepoint    ] Leaving safepoint region
[2019-12-08T10:35:43.458+0000][1][safepoint    ] Total time for which application threads were stopped: 0.0001214 seconds, Stopping threads took: 0.0000269 seconds
[2019-12-08T10:35:44.458+0000][1][safepoint    ] Application time: 1.0000890 seconds
[2019-12-08T10:35:44.458+0000][1][safepoint    ] Entering safepoint region: Cleanup
[2019-12-08T10:35:44.458+0000][1][safepoint    ] Leaving safepoint region
[2019-12-08T10:35:44.458+0000][1][safepoint    ] Total time for which application threads were stopped: 0.0001198 seconds, Stopping threads took: 0.0000280 seconds
[2019-12-08T10:35:45.458+0000][1][safepoint    ] Application time: 1.0000797 seconds
[2019-12-08T10:35:45.458+0000][1][safepoint    ] Entering safepoint region: Cleanup
[2019-12-08T10:35:45.458+0000][1][safepoint    ] Leaving safepoint region
[2019-12-08T10:35:45.458+0000][1][safepoint    ] Total time for which application threads were stopped: 0.0000787 seconds, Stopping threads took: 0.0000194 seconds
[2019-12-08T10:35:46.459+0000][1][safepoint    ] Application time: 1.0004963 seconds
[2019-12-08T10:35:46.459+0000][1][safepoint    ] Entering safepoint region: Cleanup
[2019-12-08T10:35:46.459+0000][1][safepoint    ] Leaving safepoint region
[2019-12-08T10:35:46.459+0000][1][safepoint    ] Total time for which application threads were stopped: 0.0001281 seconds, Stopping threads took: 0.0000371 seconds
[2019-12-08T10:35:47.460+0000][1][safepoint    ] Application time: 1.0008157 seconds
[2019-12-08T10:35:47.460+0000][1][safepoint    ] Entering safepoint region: Cleanup
[2019-12-08T10:35:47.460+0000][1][safepoint    ] Leaving safepoint region
[2019-12-08T10:35:47.460+0000][1][safepoint    ] Total time for which application threads were stopped: 0.0001059 seconds, Stopping threads took: 0.0000251 seconds
[2019-12-08T10:35:48.461+0000][1][safepoint    ] Application time: 1.0008536 seconds
[2019-12-08T10:35:48.461+0000][1][safepoint    ] Entering safepoint region: Cleanup
[2019-12-08T10:35:48.461+0000][1][safepoint    ] Leaving safepoint region
[2019-12-08T10:35:48.461+0000][1][safepoint    ] Total time for which application threads were stopped: 0.0001118 seconds, Stopping threads took: 0.0000264 seconds
[2019-12-08T10:35:49.462+0000][1][safepoint    ] Application time: 1.0008293 seconds
[2019-12-08T10:35:49.462+0000][1][safepoint    ] Entering safepoint region: Cleanup
[2019-12-08T10:35:49.462+0000][1][safepoint    ] Leaving safepoint region
[2019-12-08T10:35:49.462+0000][1][safepoint    ] Total time for which application threads were stopped: 0.0001139 seconds, Stopping threads took: 0.0000281 seconds
[2019-12-08T10:35:50.462+0000][1][safepoint    ] Application time: 1.0003832 seconds
[2019-12-08T10:35:50.462+0000][1][safepoint    ] Entering safepoint region: Cleanup
[2019-12-08T10:35:50.462+0000][1][safepoint    ] Leaving safepoint region
[2019-12-08T10:35:50.462+0000][1][safepoint    ] Total time for which application threads were stopped: 0.0001186 seconds, Stopping threads took: 0.0000270 seconds
[2019-12-08T10:35:51.464+0000][1][safepoint    ] Application time: 1.0013131 seconds
[2019-12-08T10:35:51.464+0000][1][safepoint    ] Entering safepoint region: Cleanup
[2019-12-08T10:35:51.464+0000][1][safepoint    ] Leaving safepoint region
[2019-12-08T10:35:51.464+0000][1][safepoint    ] Total time for which application threads were stopped: 0.0001151 seconds, Stopping threads took: 0.0000274 seconds
[2019-12-08T10:35:52.464+0000][1][safepoint    ] Application time: 1.0000862 seconds
[2019-12-08T10:35:52.464+0000][1][safepoint    ] Entering safepoint region: Cleanup
[2019-12-08T10:35:52.464+0000][1][safepoint    ] Leaving safepoint region
[2019-12-08T10:35:52.464+0000][1][safepoint    ] Total time for which application threads were stopped: 0.0000912 seconds, Stopping threads took: 0.0000201 seconds
[2019-12-08T10:35:53.464+0000][1][safepoint    ] Application time: 1.0000781 seconds
[2019-12-08T10:35:53.464+0000][1][safepoint    ] Entering safepoint region: Cleanup
[2019-12-08T10:35:53.464+0000][1][safepoint    ] Leaving safepoint region
[2019-12-08T10:35:53.464+0000][1][safepoint    ] Total time for which application threads were stopped: 0.0001054 seconds, Stopping threads took: 0.0000248 seconds
[2019-12-08T10:35:53.508+0000][1][safepoint    ] Application time: 0.0434836 seconds
[2019-12-08T10:35:53.508+0000][1][safepoint    ] Entering safepoint region: RevokeBias
[2019-12-08T10:35:53.508+0000][1][safepoint    ] Leaving safepoint region
[2019-12-08T10:35:53.508+0000][1][safepoint    ] Total time for which application threads were stopped: 0.0001432 seconds, Stopping threads took: 0.0000201 seconds
[2019-12-08T10:35:53.625+0000][1][safepoint    ] Application time: 0.1171913 seconds
[2019-12-08T10:35:53.625+0000][1][safepoint    ] Entering safepoint region: RevokeBias
[2019-12-08T10:35:53.625+0000][1][safepoint    ] Leaving safepoint region
[2019-12-08T10:35:53.625+0000][1][safepoint    ] Total time for which application threads were stopped: 0.0001520 seconds, Stopping threads took: 0.0000218 seconds
[2019-12-08T10:35:53.628+0000][1][safepoint    ] Application time: 0.0022638 seconds
[2019-12-08T10:35:53.628+0000][1][safepoint    ] Entering safepoint region: RevokeBias
[2019-12-08T10:35:53.628+0000][1][safepoint    ] Leaving safepoint region
[2019-12-08T10:35:53.628+0000][1][safepoint    ] Total time for which application threads were stopped: 0.0001593 seconds, Stopping threads took: 0.0000171 seconds
[2019-12-08T10:35:53.632+0000][1][safepoint    ] Application time: 0.0040991 seconds
[2019-12-08T10:35:53.632+0000][1][safepoint    ] Entering safepoint region: RevokeBias
[2019-12-08T10:35:53.632+0000][1][safepoint    ] Leaving safepoint region
[2019-12-08T10:35:53.632+0000][1][safepoint    ] Total time for which application threads were stopped: 0.0001520 seconds, Stopping threads took: 0.0000141 seconds
[2019-12-08T10:35:53.634+0000][1][safepoint    ] Application time: 0.0014683 seconds
[2019-12-08T10:35:53.634+0000][1][safepoint    ] Entering safepoint region: RevokeBias
[2019-12-08T10:35:53.634+0000][1][safepoint    ] Leaving safepoint region
[2019-12-08T10:35:53.634+0000][1][safepoint    ] Total time for which application threads were stopped: 0.0001198 seconds, Stopping threads took: 0.0000142 seconds
[2019-12-08T10:35:53.634+0000][1][safepoint    ] Application time: 0.0003699 seconds
[2019-12-08T10:35:53.634+0000][1][safepoint    ] Entering safepoint region: RevokeBias
[2019-12-08T10:35:53.634+0000][1][safepoint    ] Leaving safepoint region
[2019-12-08T10:35:53.634+0000][1][safepoint    ] Total time for which application threads were stopped: 0.0000874 seconds, Stopping threads took: 0.0000125 seconds
[2019-12-08T10:35:53.635+0000][1][safepoint    ] Application time: 0.0004693 seconds
[2019-12-08T10:35:53.635+0000][1][safepoint    ] Entering safepoint region: RevokeBias
[2019-12-08T10:35:53.635+0000][1][safepoint    ] Leaving safepoint region
[2019-12-08T10:35:53.635+0000][1][safepoint    ] Total time for which application threads were stopped: 0.0001328 seconds, Stopping threads took: 0.0000562 seconds
[2019-12-08T10:35:54.328+0000][1][safepoint    ] Application time: 0.6930032 seconds
[2019-12-08T10:35:54.328+0000][1][safepoint    ] Entering safepoint region: RevokeBias
[2019-12-08T10:35:54.329+0000][1][safepoint    ] Leaving safepoint region
[2019-12-08T10:35:54.329+0000][1][safepoint    ] Total time for which application threads were stopped: 0.0006996 seconds, Stopping threads took: 0.0005234 seconds
[2019-12-08T10:35:54.329+0000][1][safepoint    ] Application time: 0.0001674 seconds
[2019-12-08T10:35:54.329+0000][1][safepoint    ] Entering safepoint region: RevokeBias
[2019-12-08T10:35:54.329+0000][1][safepoint    ] Leaving safepoint region
[2019-12-08T10:35:54.329+0000][1][safepoint    ] Total time for which application threads were stopped: 0.0001193 seconds, Stopping threads took: 0.0000306 seconds
[2019-12-08T10:35:55.329+0000][1][safepoint    ] Application time: 1.0000933 seconds
[2019-12-08T10:35:55.329+0000][1][safepoint    ] Entering safepoint region: Cleanup
[2019-12-08T10:35:55.329+0000][1][safepoint    ] Leaving safepoint region
[2019-12-08T10:35:55.329+0000][1][safepoint    ] Total time for which application threads were stopped: 0.0001098 seconds, Stopping threads took: 0.0000215 seconds
[2019-12-08T10:35:56.329+0000][1][safepoint    ] Application time: 1.0000832 seconds
[2019-12-08T10:35:56.329+0000][1][safepoint    ] Entering safepoint region: Cleanup
[2019-12-08T10:35:56.329+0000][1][safepoint    ] Leaving safepoint region
[2019-12-08T10:35:56.329+0000][1][safepoint    ] Total time for which application threads were stopped: 0.0000932 seconds, Stopping threads took: 0.0000216 seconds
[2019-12-08T10:35:57.329+0000][1][safepoint    ] Application time: 1.0000774 seconds
[2019-12-08T10:35:57.330+0000][1][safepoint    ] Entering safepoint region: Cleanup
[2019-12-08T10:35:57.330+0000][1][safepoint    ] Leaving safepoint region
[2019-12-08T10:35:57.330+0000][1][safepoint    ] Total time for which application threads were stopped: 0.0000882 seconds, Stopping threads took: 0.0000200 seconds
[2019-12-08T10:35:58.330+0000][1][safepoint    ] Application time: 1.0000792 seconds
[2019-12-08T10:35:58.330+0000][1][safepoint    ] Entering safepoint region: Cleanup
[2019-12-08T10:35:58.330+0000][1][safepoint    ] Leaving safepoint region
[2019-12-08T10:35:58.330+0000][1][safepoint    ] Total time for which application threads were stopped: 0.0000859 seconds, Stopping threads took: 0.0000220 seconds
[2019-12-08T10:35:59.330+0000][1][safepoint    ] Application time: 1.0000786 seconds
[2019-12-08T10:35:59.330+0000][1][safepoint    ] Entering safepoint region: Cleanup
[2019-12-08T10:35:59.330+0000][1][safepoint    ] Leaving safepoint region
[2019-12-08T10:35:59.330+0000][1][safepoint    ] Total time for which application threads were stopped: 0.0000912 seconds, Stopping threads took: 0.0000222 seconds
[2019-12-08T10:36:00.330+0000][1][safepoint    ] Application time: 1.0000777 seconds
[2019-12-08T10:36:00.330+0000][1][safepoint    ] Entering safepoint region: Cleanup
[2019-12-08T10:36:00.330+0000][1][safepoint    ] Leaving safepoint region
[2019-12-08T10:36:00.330+0000][1][safepoint    ] Total time for which application threads were stopped: 0.0001146 seconds, Stopping threads took: 0.0000217 seconds
[2019-12-08T10:36:01.330+0000][1][safepoint    ] Application time: 1.0000808 seconds
[2019-12-08T10:36:01.330+0000][1][safepoint    ] Entering safepoint region: Cleanup
[2019-12-08T10:36:01.330+0000][1][safepoint    ] Leaving safepoint region
[2019-12-08T10:36:01.330+0000][1][safepoint    ] Total time for which application threads were stopped: 0.0000884 seconds, Stopping threads took: 0.0000206 seconds
[2019-12-08T10:36:02.331+0000][1][safepoint    ] Application time: 1.0000783 seconds
[2019-12-08T10:36:02.331+0000][1][safepoint    ] Entering safepoint region: Cleanup
[2019-12-08T10:36:02.331+0000][1][safepoint    ] Leaving safepoint region
[2019-12-08T10:36:02.331+0000][1][safepoint    ] Total time for which application threads were stopped: 0.0000841 seconds, Stopping threads took: 0.0000184 seconds
[2019-12-08T10:36:03.331+0000][1][safepoint    ] Application time: 1.0000773 seconds
[2019-12-08T10:36:03.331+0000][1][safepoint    ] Entering safepoint region: Cleanup
[2019-12-08T10:36:03.331+0000][1][safepoint    ] Leaving safepoint region
[2019-12-08T10:36:03.331+0000][1][safepoint    ] Total time for which application threads were stopped: 0.0000886 seconds, Stopping threads took: 0.0000200 seconds
[2019-12-08T10:36:04.331+0000][1][safepoint    ] Application time: 1.0000781 seconds
[2019-12-08T10:36:04.331+0000][1][safepoint    ] Entering safepoint region: Cleanup
[2019-12-08T10:36:04.331+0000][1][safepoint    ] Leaving safepoint region
[2019-12-08T10:36:04.331+0000][1][safepoint    ] Total time for which application threads were stopped: 0.0000895 seconds, Stopping threads took: 0.0000223 seconds
[2019-12-08T10:36:05.331+0000][1][safepoint    ] Application time: 1.0000788 seconds
[2019-12-08T10:36:05.331+0000][1][safepoint    ] Entering safepoint region: Cleanup
[2019-12-08T10:36:05.331+0000][1][safepoint    ] Leaving safepoint region
[2019-12-08T10:36:05.331+0000][1][safepoint    ] Total time for which application threads were stopped: 0.0000889 seconds, Stopping threads took: 0.0000229 seconds
[2019-12-08T10:36:06.331+0000][1][safepoint    ] Application time: 1.0000796 seconds
[2019-12-08T10:36:06.331+0000][1][safepoint    ] Entering safepoint region: Cleanup
[2019-12-08T10:36:06.332+0000][1][safepoint    ] Leaving safepoint region
[2019-12-08T10:36:06.332+0000][1][safepoint    ] Total time for which application threads were stopped: 0.0001101 seconds, Stopping threads took: 0.0000356 seconds
[2019-12-08T10:36:07.332+0000][1][safepoint    ] Application time: 1.0000774 seconds
[2019-12-08T10:36:07.332+0000][1][safepoint    ] Entering safepoint region: Cleanup
[2019-12-08T10:36:07.332+0000][1][safepoint    ] Leaving safepoint region
[2019-12-08T10:36:07.332+0000][1][safepoint    ] Total time for which application threads were stopped: 0.0000926 seconds, Stopping threads took: 0.0000207 seconds
[2019-12-08T10:36:08.332+0000][1][safepoint    ] Application time: 1.0000825 seconds
[2019-12-08T10:36:08.332+0000][1][safepoint    ] Entering safepoint region: Cleanup
[2019-12-08T10:36:08.332+0000][1][safepoint    ] Leaving safepoint region
[2019-12-08T10:36:08.332+0000][1][safepoint    ] Total time for which application threads were stopped: 0.0001113 seconds, Stopping threads took: 0.0000257 seconds
[2019-12-08T10:36:09.332+0000][1][safepoint    ] Application time: 1.0000803 seconds
[2019-12-08T10:36:09.332+0000][1][safepoint    ] Entering safepoint region: Cleanup
[2019-12-08T10:36:09.332+0000][1][safepoint    ] Leaving safepoint region
[2019-12-08T10:36:09.332+0000][1][safepoint    ] Total time for which application threads were stopped: 0.0000904 seconds, Stopping threads took: 0.0000202 seconds
[2019-12-08T10:36:10.332+0000][1][safepoint    ] Application time: 1.0000762 seconds
[2019-12-08T10:36:10.332+0000][1][safepoint    ] Entering safepoint region: Cleanup
[2019-12-08T10:36:10.332+0000][1][safepoint    ] Leaving safepoint region
[2019-12-08T10:36:10.332+0000][1][safepoint    ] Total time for which application threads were stopped: 0.0000897 seconds, Stopping threads took: 0.0000207 seconds
[2019-12-08T10:36:11.332+0000][1][safepoint    ] Application time: 1.0000803 seconds
[2019-12-08T10:36:11.333+0000][1][safepoint    ] Entering safepoint region: Cleanup
[2019-12-08T10:36:11.333+0000][1][safepoint    ] Leaving safepoint region
[2019-12-08T10:36:11.333+0000][1][safepoint    ] Total time for which application threads were stopped: 0.0000916 seconds, Stopping threads took: 0.0000197 seconds
[2019-12-08T10:36:12.333+0000][1][safepoint    ] Application time: 1.0000754 seconds
[2019-12-08T10:36:12.333+0000][1][safepoint    ] Entering safepoint region: Cleanup
[2019-12-08T10:36:12.333+0000][1][safepoint    ] Leaving safepoint region
[2019-12-08T10:36:12.333+0000][1][safepoint    ] Total time for which application threads were stopped: 0.0000881 seconds, Stopping threads took: 0.0000204 seconds
[2019-12-08T10:36:13.333+0000][1][safepoint    ] Application time: 1.0000753 seconds
[2019-12-08T10:36:13.333+0000][1][safepoint    ] Entering safepoint region: Cleanup
[2019-12-08T10:36:13.333+0000][1][safepoint    ] Leaving safepoint region
[2019-12-08T10:36:13.333+0000][1][safepoint    ] Total time for which application threads were stopped: 0.0000856 seconds, Stopping threads took: 0.0000207 seconds
[2019-12-08T10:36:14.333+0000][1][safepoint    ] Application time: 1.0000815 seconds
[2019-12-08T10:36:14.333+0000][1][safepoint    ] Entering safepoint region: Cleanup
[2019-12-08T10:36:14.333+0000][1][safepoint    ] Leaving safepoint region
[2019-12-08T10:36:14.333+0000][1][safepoint    ] Total time for which application threads were stopped: 0.0000923 seconds, Stopping threads took: 0.0000287 seconds
[2019-12-08T10:36:15.333+0000][1][safepoint    ] Application time: 1.0000748 seconds
[2019-12-08T10:36:15.333+0000][1][safepoint    ] Entering safepoint region: Cleanup
[2019-12-08T10:36:15.333+0000][1][safepoint    ] Leaving safepoint region
[2019-12-08T10:36:15.333+0000][1][safepoint    ] Total time for which application threads were stopped: 0.0000821 seconds, Stopping threads took: 0.0000185 seconds
[2019-12-08T10:36:16.334+0000][1][safepoint    ] Application time: 1.0000756 seconds
[2019-12-08T10:36:16.334+0000][1][safepoint    ] Entering safepoint region: Cleanup
[2019-12-08T10:36:16.334+0000][1][safepoint    ] Leaving safepoint region
[2019-12-08T10:36:16.334+0000][1][safepoint    ] Total time for which application threads were stopped: 0.0000865 seconds, Stopping threads took: 0.0000223 seconds
[2019-12-08T10:36:17.334+0000][1][safepoint    ] Application time: 1.0000767 seconds
[2019-12-08T10:36:17.334+0000][1][safepoint    ] Entering safepoint region: Cleanup
[2019-12-08T10:36:17.334+0000][1][safepoint    ] Leaving safepoint region
[2019-12-08T10:36:17.334+0000][1][safepoint    ] Total time for which application threads were stopped: 0.0000841 seconds, Stopping threads took: 0.0000214 seconds
[2019-12-08T10:36:18.334+0000][1][safepoint    ] Application time: 1.0000758 seconds
[2019-12-08T10:36:18.334+0000][1][safepoint    ] Entering safepoint region: Cleanup
[2019-12-08T10:36:18.334+0000][1][safepoint    ] Leaving safepoint region
[2019-12-08T10:36:18.334+0000][1][safepoint    ] Total time for which application threads were stopped: 0.0000833 seconds, Stopping threads took: 0.0000207 seconds
[2019-12-08T10:36:19.334+0000][1][safepoint    ] Application time: 1.0000841 seconds
[2019-12-08T10:36:19.334+0000][1][safepoint    ] Entering safepoint region: Cleanup
[2019-12-08T10:36:19.334+0000][1][safepoint    ] Leaving safepoint region
[2019-12-08T10:36:19.334+0000][1][safepoint    ] Total time for which application threads were stopped: 0.0000950 seconds, Stopping threads took: 0.0000290 seconds
[2019-12-08T10:36:20.334+0000][1][safepoint    ] Application time: 1.0000781 seconds
[2019-12-08T10:36:20.334+0000][1][safepoint    ] Entering safepoint region: Cleanup
[2019-12-08T10:36:20.334+0000][1][safepoint    ] Leaving safepoint region
[2019-12-08T10:36:20.334+0000][1][safepoint    ] Total time for which application threads were stopped: 0.0000952 seconds, Stopping threads took: 0.0000251 seconds
[2019-12-08T10:36:21.335+0000][1][safepoint    ] Application time: 1.0000777 seconds
[2019-12-08T10:36:21.335+0000][1][safepoint    ] Entering safepoint region: Cleanup
[2019-12-08T10:36:21.335+0000][1][safepoint    ] Leaving safepoint region
[2019-12-08T10:36:21.335+0000][1][safepoint    ] Total time for which application threads were stopped: 0.0000963 seconds, Stopping threads took: 0.0000207 seconds
[2019-12-08T10:36:22.335+0000][1][safepoint    ] Application time: 1.0000768 seconds
[2019-12-08T10:36:22.335+0000][1][safepoint    ] Entering safepoint region: Cleanup
[2019-12-08T10:36:22.335+0000][1][safepoint    ] Leaving safepoint region
[2019-12-08T10:36:22.335+0000][1][safepoint    ] Total time for which application threads were stopped: 0.0000916 seconds, Stopping threads took: 0.0000214 seconds
[2019-12-08T10:36:23.335+0000][1][safepoint    ] Application time: 1.0000805 seconds
[2019-12-08T10:36:23.335+0000][1][safepoint    ] Entering safepoint region: Cleanup
[2019-12-08T10:36:23.335+0000][1][safepoint    ] Leaving safepoint region
[2019-12-08T10:36:23.335+0000][1][safepoint    ] Total time for which application threads were stopped: 0.0001105 seconds, Stopping threads took: 0.0000261 seconds
[2019-12-08T10:36:24.335+0000][1][safepoint    ] Application time: 1.0000772 seconds
[2019-12-08T10:36:24.335+0000][1][safepoint    ] Entering safepoint region: Cleanup
[2019-12-08T10:36:24.335+0000][1][safepoint    ] Leaving safepoint region
[2019-12-08T10:36:24.335+0000][1][safepoint    ] Total time for which application threads were stopped: 0.0000827 seconds, Stopping threads took: 0.0000182 seconds
[2019-12-08T10:36:25.335+0000][1][safepoint    ] Application time: 1.0000753 seconds
[2019-12-08T10:36:25.335+0000][1][safepoint    ] Entering safepoint region: Cleanup
[2019-12-08T10:36:25.336+0000][1][safepoint    ] Leaving safepoint region
[2019-12-08T10:36:25.336+0000][1][safepoint    ] Total time for which application threads were stopped: 0.0000843 seconds, Stopping threads took: 0.0000215 seconds
[2019-12-08T10:36:26.336+0000][1][safepoint    ] Application time: 1.0000794 seconds
[2019-12-08T10:36:26.336+0000][1][safepoint    ] Entering safepoint region: Cleanup
[2019-12-08T10:36:26.336+0000][1][safepoint    ] Leaving safepoint region
[2019-12-08T10:36:26.336+0000][1][safepoint    ] Total time for which application threads were stopped: 0.0001018 seconds, Stopping threads took: 0.0000351 seconds
[2019-12-08T10:36:26.716+0000][1][safepoint    ] Application time: 0.3798322 seconds
[2019-12-08T10:36:26.716+0000][1][safepoint    ] Entering safepoint region: GenCollectForAllocation
[2019-12-08T10:36:26.716+0000][1][gc,start     ] GC(54) Pause Young (Allocation Failure)
[2019-12-08T10:36:26.716+0000][1][gc,task      ] GC(54) Using 4 workers of 4 for evacuation
[2019-12-08T10:36:26.717+0000][1][gc,age       ] GC(54) Desired survivor size 4456448 bytes, new threshold 6 (max threshold 6)
[2019-12-08T10:36:26.717+0000][1][gc,age       ] GC(54) Age table with threshold 6 (max threshold 6)
[2019-12-08T10:36:26.717+0000][1][gc,age       ] GC(54) - age   1:     115808 bytes,     115808 total
[2019-12-08T10:36:26.717+0000][1][gc,age       ] GC(54) - age   2:        848 bytes,     116656 total
[2019-12-08T10:36:26.717+0000][1][gc,age       ] GC(54) - age   3:      84616 bytes,     201272 total
[2019-12-08T10:36:26.717+0000][1][gc,age       ] GC(54) - age   5:        408 bytes,     201680 total
[2019-12-08T10:36:26.717+0000][1][gc,age       ] GC(54) - age   6:         56 bytes,     201736 total
[2019-12-08T10:36:26.717+0000][1][gc,heap      ] GC(54) ParNew: 70082K->240K(78656K)
[2019-12-08T10:36:26.717+0000][1][gc,heap      ] GC(54) CMS: 70424K->70424K(174784K)
[2019-12-08T10:36:26.717+0000][1][gc,metaspace ] GC(54) Metaspace: 72797K->72797K(1116160K)
[2019-12-08T10:36:26.717+0000][1][gc           ] GC(54) Pause Young (Allocation Failure) 137M->69M(247M) 1.516ms
[2019-12-08T10:36:26.717+0000][1][gc,cpu       ] GC(54) User=0.00s Sys=0.00s Real=0.00s
[2019-12-08T10:36:26.717+0000][1][safepoint    ] Leaving safepoint region
[2019-12-08T10:36:26.717+0000][1][safepoint    ] Total time for which application threads were stopped: 0.0016799 seconds, Stopping threads took: 0.0000220 seconds
[2019-12-08T10:36:27.717+0000][1][safepoint    ] Application time: 1.0000857 seconds
[2019-12-08T10:36:27.717+0000][1][safepoint    ] Entering safepoint region: Cleanup
[2019-12-08T10:36:27.718+0000][1][safepoint    ] Leaving safepoint region
[2019-12-08T10:36:27.718+0000][1][safepoint    ] Total time for which application threads were stopped: 0.0000808 seconds, Stopping threads took: 0.0000190 seconds
[2019-12-08T10:36:28.718+0000][1][safepoint    ] Application time: 1.0000780 seconds
[2019-12-08T10:36:28.718+0000][1][safepoint    ] Entering safepoint region: Cleanup
[2019-12-08T10:36:28.718+0000][1][safepoint    ] Leaving safepoint region
[2019-12-08T10:36:28.718+0000][1][safepoint    ] Total time for which application threads were stopped: 0.0000946 seconds, Stopping threads took: 0.0000194 seconds
[2019-12-08T10:36:29.718+0000][1][safepoint    ] Application time: 1.0000797 seconds
[2019-12-08T10:36:29.718+0000][1][safepoint    ] Entering safepoint region: Cleanup
[2019-12-08T10:36:29.718+0000][1][safepoint    ] Leaving safepoint region
[2019-12-08T10:36:29.718+0000][1][safepoint    ] Total time for which application threads were stopped: 0.0001153 seconds, Stopping threads took: 0.0000257 seconds
[2019-12-08T10:36:30.718+0000][1][safepoint    ] Application time: 1.0000747 seconds
[2019-12-08T10:36:30.718+0000][1][safepoint    ] Entering safepoint region: Cleanup
[2019-12-08T10:36:30.718+0000][1][safepoint    ] Leaving safepoint region
[2019-12-08T10:36:30.718+0000][1][safepoint    ] Total time for which application threads were stopped: 0.0000833 seconds, Stopping threads took: 0.0000198 seconds
[2019-12-08T10:36:31.718+0000][1][safepoint    ] Application time: 1.0000811 seconds
[2019-12-08T10:36:31.718+0000][1][safepoint    ] Entering safepoint region: Cleanup
[2019-12-08T10:36:31.718+0000][1][safepoint    ] Leaving safepoint region
[2019-12-08T10:36:31.718+0000][1][safepoint    ] Total time for which application threads were stopped: 0.0000862 seconds, Stopping threads took: 0.0000213 seconds
[2019-12-08T10:36:32.719+0000][1][safepoint    ] Application time: 1.0000784 seconds
[2019-12-08T10:36:32.719+0000][1][safepoint    ] Entering safepoint region: Cleanup
[2019-12-08T10:36:32.719+0000][1][safepoint    ] Leaving safepoint region
[2019-12-08T10:36:32.719+0000][1][safepoint    ] Total time for which application threads were stopped: 0.0000879 seconds, Stopping threads took: 0.0000213 seconds
[2019-12-08T10:36:33.719+0000][1][safepoint    ] Application time: 1.0000773 seconds
[2019-12-08T10:36:33.719+0000][1][safepoint    ] Entering safepoint region: Cleanup
[2019-12-08T10:36:33.719+0000][1][safepoint    ] Leaving safepoint region
[2019-12-08T10:36:33.719+0000][1][safepoint    ] Total time for which application threads were stopped: 0.0000820 seconds, Stopping threads took: 0.0000194 seconds
[2019-12-08T10:36:34.719+0000][1][safepoint    ] Application time: 1.0000766 seconds
[2019-12-08T10:36:34.719+0000][1][safepoint    ] Entering safepoint region: Cleanup
[2019-12-08T10:36:34.719+0000][1][safepoint    ] Leaving safepoint region
[2019-12-08T10:36:34.719+0000][1][safepoint    ] Total time for which application threads were stopped: 0.0000897 seconds, Stopping threads took: 0.0000220 seconds
[2019-12-08T10:36:35.719+0000][1][safepoint    ] Application time: 1.0000777 seconds
[2019-12-08T10:36:35.719+0000][1][safepoint    ] Entering safepoint region: Cleanup
[2019-12-08T10:36:35.719+0000][1][safepoint    ] Leaving safepoint region
[2019-12-08T10:36:35.719+0000][1][safepoint    ] Total time for which application threads were stopped: 0.0000917 seconds, Stopping threads took: 0.0000284 seconds
[2019-12-08T10:36:36.719+0000][1][safepoint    ] Application time: 1.0000741 seconds
[2019-12-08T10:36:36.719+0000][1][safepoint    ] Entering safepoint region: Cleanup
[2019-12-08T10:36:36.719+0000][1][safepoint    ] Leaving safepoint region
[2019-12-08T10:36:36.719+0000][1][safepoint    ] Total time for which application threads were stopped: 0.0000976 seconds, Stopping threads took: 0.0000220 seconds
[2019-12-08T10:36:37.720+0000][1][safepoint    ] Application time: 1.0000764 seconds
[2019-12-08T10:36:37.720+0000][1][safepoint    ] Entering safepoint region: Cleanup
[2019-12-08T10:36:37.720+0000][1][safepoint    ] Leaving safepoint region
[2019-12-08T10:36:37.720+0000][1][safepoint    ] Total time for which application threads were stopped: 0.0000873 seconds, Stopping threads took: 0.0000217 seconds
[2019-12-08T10:36:38.720+0000][1][safepoint    ] Application time: 1.0000838 seconds
[2019-12-08T10:36:38.720+0000][1][safepoint    ] Entering safepoint region: Cleanup
[2019-12-08T10:36:38.720+0000][1][safepoint    ] Leaving safepoint region
[2019-12-08T10:36:38.720+0000][1][safepoint    ] Total time for which application threads were stopped: 0.0000831 seconds, Stopping threads took: 0.0000195 seconds
[2019-12-08T10:36:39.720+0000][1][safepoint    ] Application time: 1.0000748 seconds
[2019-12-08T10:36:39.720+0000][1][safepoint    ] Entering safepoint region: Cleanup
[2019-12-08T10:36:39.720+0000][1][safepoint    ] Leaving safepoint region
[2019-12-08T10:36:39.720+0000][1][safepoint    ] Total time for which application threads were stopped: 0.0000831 seconds, Stopping threads took: 0.0000215 seconds
[2019-12-08T10:36:40.720+0000][1][safepoint    ] Application time: 1.0000804 seconds
[2019-12-08T10:36:40.720+0000][1][safepoint    ] Entering safepoint region: Cleanup
[2019-12-08T10:36:40.720+0000][1][safepoint    ] Leaving safepoint region
[2019-12-08T10:36:40.720+0000][1][safepoint    ] Total time for which application threads were stopped: 0.0001094 seconds, Stopping threads took: 0.0000417 seconds
[2019-12-08T10:36:41.720+0000][1][safepoint    ] Application time: 1.0000773 seconds
[2019-12-08T10:36:41.720+0000][1][safepoint    ] Entering safepoint region: Cleanup
[2019-12-08T10:36:41.721+0000][1][safepoint    ] Leaving safepoint region
[2019-12-08T10:36:41.721+0000][1][safepoint    ] Total time for which application threads were stopped: 0.0000850 seconds, Stopping threads took: 0.0000194 seconds
[2019-12-08T10:36:42.721+0000][1][safepoint    ] Application time: 1.0000811 seconds
[2019-12-08T10:36:42.721+0000][1][safepoint    ] Entering safepoint region: Cleanup
[2019-12-08T10:36:42.721+0000][1][safepoint    ] Leaving safepoint region
[2019-12-08T10:36:42.721+0000][1][safepoint    ] Total time for which application threads were stopped: 0.0000997 seconds, Stopping threads took: 0.0000215 seconds
[2019-12-08T10:36:43.721+0000][1][safepoint    ] Application time: 1.0000796 seconds
[2019-12-08T10:36:43.721+0000][1][safepoint    ] Entering safepoint region: Cleanup
[2019-12-08T10:36:43.721+0000][1][safepoint    ] Leaving safepoint region
[2019-12-08T10:36:43.721+0000][1][safepoint    ] Total time for which application threads were stopped: 0.0000890 seconds, Stopping threads took: 0.0000223 seconds
[2019-12-08T10:36:44.721+0000][1][safepoint    ] Application time: 1.0000803 seconds
[2019-12-08T10:36:44.721+0000][1][safepoint    ] Entering safepoint region: Cleanup
[2019-12-08T10:36:44.721+0000][1][safepoint    ] Leaving safepoint region
[2019-12-08T10:36:44.721+0000][1][safepoint    ] Total time for which application threads were stopped: 0.0000861 seconds, Stopping threads took: 0.0000227 seconds
[2019-12-08T10:36:45.721+0000][1][safepoint    ] Application time: 1.0000776 seconds
[2019-12-08T10:36:45.721+0000][1][safepoint    ] Entering safepoint region: Cleanup
[2019-12-08T10:36:45.721+0000][1][safepoint    ] Leaving safepoint region
[2019-12-08T10:36:45.721+0000][1][safepoint    ] Total time for which application threads were stopped: 0.0000852 seconds, Stopping threads took: 0.0000222 seconds
[2019-12-08T10:36:46.721+0000][1][safepoint    ] Application time: 1.0000794 seconds
[2019-12-08T10:36:46.722+0000][1][safepoint    ] Entering safepoint region: Cleanup
[2019-12-08T10:36:46.722+0000][1][safepoint    ] Leaving safepoint region
[2019-12-08T10:36:46.722+0000][1][safepoint    ] Total time for which application threads were stopped: 0.0000894 seconds, Stopping threads took: 0.0000214 seconds
[2019-12-08T10:36:47.722+0000][1][safepoint    ] Application time: 1.0000934 seconds
[2019-12-08T10:36:47.722+0000][1][safepoint    ] Entering safepoint region: Cleanup
[2019-12-08T10:36:47.722+0000][1][safepoint    ] Leaving safepoint region
[2019-12-08T10:36:47.722+0000][1][safepoint    ] Total time for which application threads were stopped: 0.0000877 seconds, Stopping threads took: 0.0000222 seconds
[2019-12-08T10:36:48.722+0000][1][safepoint    ] Application time: 1.0000773 seconds
[2019-12-08T10:36:48.722+0000][1][safepoint    ] Entering safepoint region: Cleanup
[2019-12-08T10:36:48.722+0000][1][safepoint    ] Leaving safepoint region
[2019-12-08T10:36:48.722+0000][1][safepoint    ] Total time for which application threads were stopped: 0.0000867 seconds, Stopping threads took: 0.0000219 seconds
[2019-12-08T10:36:49.722+0000][1][safepoint    ] Application time: 1.0000774 seconds
[2019-12-08T10:36:49.722+0000][1][safepoint    ] Entering safepoint region: Cleanup
[2019-12-08T10:36:49.722+0000][1][safepoint    ] Leaving safepoint region
[2019-12-08T10:36:49.722+0000][1][safepoint    ] Total time for which application threads were stopped: 0.0000842 seconds, Stopping threads took: 0.0000206 seconds
[2019-12-08T10:36:50.722+0000][1][safepoint    ] Application time: 1.0000882 seconds
[2019-12-08T10:36:50.722+0000][1][safepoint    ] Entering safepoint region: Cleanup
[2019-12-08T10:36:50.722+0000][1][safepoint    ] Leaving safepoint region
[2019-12-08T10:36:50.722+0000][1][safepoint    ] Total time for which application threads were stopped: 0.0000997 seconds, Stopping threads took: 0.0000301 seconds
[2019-12-08T10:36:51.723+0000][1][safepoint    ] Application time: 1.0000939 seconds
[2019-12-08T10:36:51.723+0000][1][safepoint    ] Entering safepoint region: Cleanup
[2019-12-08T10:36:51.723+0000][1][safepoint    ] Leaving safepoint region
[2019-12-08T10:36:51.723+0000][1][safepoint    ] Total time for which application threads were stopped: 0.0001020 seconds, Stopping threads took: 0.0000210 seconds
[2019-12-08T10:36:52.723+0000][1][safepoint    ] Application time: 1.0000817 seconds
[2019-12-08T10:36:52.723+0000][1][safepoint    ] Entering safepoint region: Cleanup
[2019-12-08T10:36:52.723+0000][1][safepoint    ] Leaving safepoint region
[2019-12-08T10:36:52.723+0000][1][safepoint    ] Total time for which application threads were stopped: 0.0000880 seconds, Stopping threads took: 0.0000202 seconds
[2019-12-08T10:36:53.723+0000][1][safepoint    ] Application time: 1.0000787 seconds
[2019-12-08T10:36:53.723+0000][1][safepoint    ] Entering safepoint region: Cleanup
[2019-12-08T10:36:53.723+0000][1][safepoint    ] Leaving safepoint region
[2019-12-08T10:36:53.723+0000][1][safepoint    ] Total time for which application threads were stopped: 0.0000900 seconds, Stopping threads took: 0.0000206 seconds
[2019-12-08T10:36:54.723+0000][1][safepoint    ] Application time: 1.0000759 seconds
[2019-12-08T10:36:54.723+0000][1][safepoint    ] Entering safepoint region: Cleanup
[2019-12-08T10:36:54.723+0000][1][safepoint    ] Leaving safepoint region
[2019-12-08T10:36:54.723+0000][1][safepoint    ] Total time for which application threads were stopped: 0.0000836 seconds, Stopping threads took: 0.0000203 seconds
[2019-12-08T10:36:55.723+0000][1][safepoint    ] Application time: 1.0000745 seconds
[2019-12-08T10:36:55.723+0000][1][safepoint    ] Entering safepoint region: Cleanup
[2019-12-08T10:36:55.724+0000][1][safepoint    ] Leaving safepoint region
[2019-12-08T10:36:55.724+0000][1][safepoint    ] Total time for which application threads were stopped: 0.0000868 seconds, Stopping threads took: 0.0000221 seconds
[2019-12-08T10:36:56.724+0000][1][safepoint    ] Application time: 1.0000792 seconds
[2019-12-08T10:36:56.724+0000][1][safepoint    ] Entering safepoint region: Cleanup
[2019-12-08T10:36:56.724+0000][1][safepoint    ] Leaving safepoint region
[2019-12-08T10:36:56.724+0000][1][safepoint    ] Total time for which application threads were stopped: 0.0000974 seconds, Stopping threads took: 0.0000323 seconds
[2019-12-08T10:36:57.724+0000][1][safepoint    ] Application time: 1.0000760 seconds
[2019-12-08T10:36:57.724+0000][1][safepoint    ] Entering safepoint region: Cleanup
[2019-12-08T10:36:57.724+0000][1][safepoint    ] Leaving safepoint region
[2019-12-08T10:36:57.724+0000][1][safepoint    ] Total time for which application threads were stopped: 0.0000871 seconds, Stopping threads took: 0.0000203 seconds
[2019-12-08T10:36:58.724+0000][1][safepoint    ] Application time: 1.0000770 seconds
[2019-12-08T10:36:58.724+0000][1][safepoint    ] Entering safepoint region: Cleanup
[2019-12-08T10:36:58.724+0000][1][safepoint    ] Leaving safepoint region
[2019-12-08T10:36:58.724+0000][1][safepoint    ] Total time for which application threads were stopped: 0.0000860 seconds, Stopping threads took: 0.0000211 seconds
[2019-12-08T10:36:59.724+0000][1][safepoint    ] Application time: 1.0000763 seconds
[2019-12-08T10:36:59.724+0000][1][safepoint    ] Entering safepoint region: Cleanup
[2019-12-08T10:36:59.724+0000][1][safepoint    ] Leaving safepoint region
[2019-12-08T10:36:59.724+0000][1][safepoint    ] Total time for which application threads were stopped: 0.0000808 seconds, Stopping threads took: 0.0000181 seconds
[2019-12-08T10:37:00.724+0000][1][safepoint    ] Application time: 1.0000785 seconds
[2019-12-08T10:37:00.725+0000][1][safepoint    ] Entering safepoint region: Cleanup
[2019-12-08T10:37:00.725+0000][1][safepoint    ] Leaving safepoint region
[2019-12-08T10:37:00.725+0000][1][safepoint    ] Total time for which application threads were stopped: 0.0000832 seconds, Stopping threads took: 0.0000209 seconds
[2019-12-08T10:37:01.725+0000][1][safepoint    ] Application time: 1.0000842 seconds
[2019-12-08T10:37:01.725+0000][1][safepoint    ] Entering safepoint region: Cleanup
[2019-12-08T10:37:01.725+0000][1][safepoint    ] Leaving safepoint region
[2019-12-08T10:37:01.725+0000][1][safepoint    ] Total time for which application threads were stopped: 0.0000898 seconds, Stopping threads took: 0.0000231 seconds
[2019-12-08T10:37:02.725+0000][1][safepoint    ] Application time: 1.0000392 seconds
[2019-12-08T10:37:02.725+0000][1][safepoint    ] Entering safepoint region: Cleanup
[2019-12-08T10:37:02.725+0000][1][safepoint    ] Leaving safepoint region
[2019-12-08T10:37:02.725+0000][1][safepoint    ] Total time for which application threads were stopped: 0.0000879 seconds, Stopping threads took: 0.0000230 seconds
[2019-12-08T10:37:03.725+0000][1][safepoint    ] Application time: 1.0000794 seconds
[2019-12-08T10:37:03.725+0000][1][safepoint    ] Entering safepoint region: Cleanup
[2019-12-08T10:37:03.725+0000][1][safepoint    ] Leaving safepoint region
[2019-12-08T10:37:03.725+0000][1][safepoint    ] Total time for which application threads were stopped: 0.0000872 seconds, Stopping threads took: 0.0000213 seconds
[2019-12-08T10:37:04.725+0000][1][safepoint    ] Application time: 1.0000788 seconds
[2019-12-08T10:37:04.725+0000][1][safepoint    ] Entering safepoint region: Cleanup
[2019-12-08T10:37:04.725+0000][1][safepoint    ] Leaving safepoint region
[2019-12-08T10:37:04.725+0000][1][safepoint    ] Total time for which application threads were stopped: 0.0000863 seconds, Stopping threads took: 0.0000211 seconds
[2019-12-08T10:37:05.726+0000][1][safepoint    ] Application time: 1.0000856 seconds
[2019-12-08T10:37:05.726+0000][1][safepoint    ] Entering safepoint region: Cleanup
[2019-12-08T10:37:05.726+0000][1][safepoint    ] Leaving safepoint region
[2019-12-08T10:37:05.726+0000][1][safepoint    ] Total time for which application threads were stopped: 0.0000901 seconds, Stopping threads took: 0.0000226 seconds
[2019-12-08T10:37:06.726+0000][1][safepoint    ] Application time: 1.0000800 seconds
[2019-12-08T10:37:06.726+0000][1][safepoint    ] Entering safepoint region: Cleanup
[2019-12-08T10:37:06.726+0000][1][safepoint    ] Leaving safepoint region
[2019-12-08T10:37:06.726+0000][1][safepoint    ] Total time for which application threads were stopped: 0.0000846 seconds, Stopping threads took: 0.0000206 seconds
[2019-12-08T10:37:07.726+0000][1][safepoint    ] Application time: 1.0000781 seconds
[2019-12-08T10:37:07.726+0000][1][safepoint    ] Entering safepoint region: Cleanup
[2019-12-08T10:37:07.726+0000][1][safepoint    ] Leaving safepoint region
[2019-12-08T10:37:07.726+0000][1][safepoint    ] Total time for which application threads were stopped: 0.0000861 seconds, Stopping threads took: 0.0000208 seconds
[2019-12-08T10:37:08.726+0000][1][safepoint    ] Application time: 1.0000790 seconds
[2019-12-08T10:37:08.726+0000][1][safepoint    ] Entering safepoint region: Cleanup
[2019-12-08T10:37:08.726+0000][1][safepoint    ] Leaving safepoint region
[2019-12-08T10:37:08.726+0000][1][safepoint    ] Total time for which application threads were stopped: 0.0000848 seconds, Stopping threads took: 0.0000218 seconds
[2019-12-08T10:37:09.726+0000][1][safepoint    ] Application time: 1.0000781 seconds
[2019-12-08T10:37:09.726+0000][1][safepoint    ] Entering safepoint region: Cleanup
[2019-12-08T10:37:09.726+0000][1][safepoint    ] Leaving safepoint region
[2019-12-08T10:37:09.726+0000][1][safepoint    ] Total time for which application threads were stopped: 0.0000842 seconds, Stopping threads took: 0.0000195 seconds
[2019-12-08T10:37:10.727+0000][1][safepoint    ] Application time: 1.0000762 seconds
[2019-12-08T10:37:10.727+0000][1][safepoint    ] Entering safepoint region: Cleanup
[2019-12-08T10:37:10.727+0000][1][safepoint    ] Leaving safepoint region
[2019-12-08T10:37:10.727+0000][1][safepoint    ] Total time for which application threads were stopped: 0.0000861 seconds, Stopping threads took: 0.0000225 seconds
[2019-12-08T10:37:11.727+0000][1][safepoint    ] Application time: 1.0000777 seconds
[2019-12-08T10:37:11.727+0000][1][safepoint    ] Entering safepoint region: Cleanup
[2019-12-08T10:37:11.727+0000][1][safepoint    ] Leaving safepoint region
[2019-12-08T10:37:11.727+0000][1][safepoint    ] Total time for which application threads were stopped: 0.0000900 seconds, Stopping threads took: 0.0000200 seconds
[2019-12-08T10:37:12.727+0000][1][safepoint    ] Application time: 1.0000781 seconds
[2019-12-08T10:37:12.727+0000][1][safepoint    ] Entering safepoint region: Cleanup
[2019-12-08T10:37:12.727+0000][1][safepoint    ] Leaving safepoint region
[2019-12-08T10:37:12.727+0000][1][safepoint    ] Total time for which application threads were stopped: 0.0000830 seconds, Stopping threads took: 0.0000192 seconds
[2019-12-08T10:37:13.727+0000][1][safepoint    ] Application time: 1.0000777 seconds
[2019-12-08T10:37:13.727+0000][1][safepoint    ] Entering safepoint region: Cleanup
[2019-12-08T10:37:13.727+0000][1][safepoint    ] Leaving safepoint region
[2019-12-08T10:37:13.727+0000][1][safepoint    ] Total time for which application threads were stopped: 0.0000876 seconds, Stopping threads took: 0.0000227 seconds
[2019-12-08T10:37:14.727+0000][1][safepoint    ] Application time: 1.0000763 seconds
[2019-12-08T10:37:14.727+0000][1][safepoint    ] Entering safepoint region: Cleanup
[2019-12-08T10:37:14.727+0000][1][safepoint    ] Leaving safepoint region
[2019-12-08T10:37:14.727+0000][1][safepoint    ] Total time for which application threads were stopped: 0.0000850 seconds, Stopping threads took: 0.0000203 seconds
[2019-12-08T10:37:15.728+0000][1][safepoint    ] Application time: 1.0000817 seconds
[2019-12-08T10:37:15.728+0000][1][safepoint    ] Entering safepoint region: Cleanup
[2019-12-08T10:37:15.728+0000][1][safepoint    ] Leaving safepoint region
[2019-12-08T10:37:15.728+0000][1][safepoint    ] Total time for which application threads were stopped: 0.0000859 seconds, Stopping threads took: 0.0000202 seconds
