[2019-12-09T02:31:56.469+0000][1][gc] Using Concurrent Mark Sweep
[2019-12-09T02:31:56.469+0000][1][gc,heap,coops] Heap address: 0x00000000f0000000, size: 256 MB, Compressed Oops mode: 32-bit
[2019-12-09T02:31:56.914+0000][1][safepoint    ] Entering safepoint region: EnableBiasedLocking
[2019-12-09T02:31:56.914+0000][1][safepoint    ] Leaving safepoint region
[2019-12-09T02:31:56.914+0000][1][safepoint    ] Total time for which application threads were stopped: 0.0379795 seconds, Stopping threads took: 0.0378963 seconds
[2019-12-09T02:31:56.925+0000][1][safepoint    ] Application time: 0.0105068 seconds
[2019-12-09T02:31:56.962+0000][1][safepoint    ] Entering safepoint region: RevokeBias
[2019-12-09T02:31:56.962+0000][1][safepoint    ] Leaving safepoint region
[2019-12-09T02:31:56.962+0000][1][safepoint    ] Total time for which application threads were stopped: 0.0368554 seconds, Stopping threads took: 0.0367427 seconds
[2019-12-09T02:31:56.991+0000][1][safepoint    ] Application time: 0.0290367 seconds
[2019-12-09T02:31:56.991+0000][1][safepoint    ] Entering safepoint region: Deoptimize
[2019-12-09T02:31:56.991+0000][1][safepoint    ] Leaving safepoint region
[2019-12-09T02:31:56.991+0000][1][safepoint    ] Total time for which application threads were stopped: 0.0000622 seconds, Stopping threads took: 0.0000108 seconds
[2019-12-09T02:31:57.475+0000][1][safepoint    ] Application time: 0.4841638 seconds
[2019-12-09T02:31:57.475+0000][1][safepoint    ] Entering safepoint region: RevokeBias
[2019-12-09T02:31:57.475+0000][1][safepoint    ] Leaving safepoint region
[2019-12-09T02:31:57.475+0000][1][safepoint    ] Total time for which application threads were stopped: 0.0000767 seconds, Stopping threads took: 0.0000110 seconds
[2019-12-09T02:31:57.709+0000][1][safepoint    ] Application time: 0.2335195 seconds
[2019-12-09T02:31:57.709+0000][1][safepoint    ] Entering safepoint region: Deoptimize
[2019-12-09T02:31:57.709+0000][1][safepoint    ] Leaving safepoint region
[2019-12-09T02:31:57.709+0000][1][safepoint    ] Total time for which application threads were stopped: 0.0000906 seconds, Stopping threads took: 0.0000244 seconds
[2019-12-09T02:31:58.714+0000][1][safepoint    ] Application time: 1.0049397 seconds
[2019-12-09T02:31:58.763+0000][1][safepoint    ] Entering safepoint region: Cleanup
[2019-12-09T02:31:58.763+0000][1][safepoint    ] Leaving safepoint region
[2019-12-09T02:31:58.763+0000][1][safepoint    ] Total time for which application threads were stopped: 0.0492678 seconds, Stopping threads took: 0.0491904 seconds
[2019-12-09T02:31:59.767+0000][1][safepoint    ] Application time: 1.0036949 seconds
[2019-12-09T02:31:59.776+0000][1][safepoint    ] Entering safepoint region: Cleanup
[2019-12-09T02:31:59.776+0000][1][safepoint    ] Leaving safepoint region
[2019-12-09T02:31:59.776+0000][1][safepoint    ] Total time for which application threads were stopped: 0.0090690 seconds, Stopping threads took: 0.0090101 seconds
[2019-12-09T02:31:59.992+0000][1][safepoint    ] Application time: 0.2164108 seconds
[2019-12-09T02:31:59.992+0000][1][safepoint    ] Entering safepoint region: Deoptimize
[2019-12-09T02:31:59.992+0000][1][safepoint    ] Leaving safepoint region
[2019-12-09T02:31:59.992+0000][1][safepoint    ] Total time for which application threads were stopped: 0.0001513 seconds, Stopping threads took: 0.0000122 seconds
[2019-12-09T02:32:00.261+0000][1][safepoint    ] Application time: 0.2685992 seconds
[2019-12-09T02:32:00.261+0000][1][safepoint    ] Entering safepoint region: Deoptimize
[2019-12-09T02:32:00.261+0000][1][safepoint    ] Leaving safepoint region
[2019-12-09T02:32:00.261+0000][1][safepoint    ] Total time for which application threads were stopped: 0.0001339 seconds, Stopping threads took: 0.0000115 seconds
[2019-12-09T02:32:00.665+0000][1][safepoint    ] Application time: 0.4038658 seconds
[2019-12-09T02:32:00.684+0000][1][safepoint    ] Entering safepoint region: Deoptimize
[2019-12-09T02:32:00.684+0000][1][safepoint    ] Leaving safepoint region
[2019-12-09T02:32:00.684+0000][1][safepoint    ] Total time for which application threads were stopped: 0.0188071 seconds, Stopping threads took: 0.0186387 seconds
[2019-12-09T02:32:00.808+0000][1][safepoint    ] Application time: 0.1240461 seconds
[2019-12-09T02:32:00.808+0000][1][safepoint    ] Entering safepoint region: Deoptimize
[2019-12-09T02:32:00.808+0000][1][safepoint    ] Leaving safepoint region
[2019-12-09T02:32:00.808+0000][1][safepoint    ] Total time for which application threads were stopped: 0.0001521 seconds, Stopping threads took: 0.0000117 seconds
[2019-12-09T02:32:01.809+0000][1][safepoint    ] Application time: 1.0005631 seconds
[2019-12-09T02:32:01.947+0000][1][safepoint    ] Entering safepoint region: Cleanup
[2019-12-09T02:32:01.947+0000][1][safepoint    ] Leaving safepoint region
[2019-12-09T02:32:01.947+0000][1][safepoint    ] Total time for which application threads were stopped: 0.1380835 seconds, Stopping threads took: 0.1380295 seconds
[2019-12-09T02:32:02.948+0000][1][safepoint    ] Application time: 1.0009006 seconds
[2019-12-09T02:32:02.962+0000][1][safepoint    ] Entering safepoint region: Cleanup
[2019-12-09T02:32:02.962+0000][1][safepoint    ] Leaving safepoint region
[2019-12-09T02:32:02.962+0000][1][safepoint    ] Total time for which application threads were stopped: 0.0139944 seconds, Stopping threads took: 0.0139423 seconds
[2019-12-09T02:32:03.964+0000][1][safepoint    ] Application time: 1.0019273 seconds
[2019-12-09T02:32:04.015+0000][1][safepoint    ] Entering safepoint region: Cleanup
[2019-12-09T02:32:04.015+0000][1][safepoint    ] Leaving safepoint region
[2019-12-09T02:32:04.015+0000][1][safepoint    ] Total time for which application threads were stopped: 0.0511196 seconds, Stopping threads took: 0.0510464 seconds
[2019-12-09T02:32:05.016+0000][1][safepoint    ] Application time: 1.0008185 seconds
[2019-12-09T02:32:05.016+0000][1][safepoint    ] Entering safepoint region: Cleanup
[2019-12-09T02:32:05.016+0000][1][safepoint    ] Leaving safepoint region
[2019-12-09T02:32:05.016+0000][1][safepoint    ] Total time for which application threads were stopped: 0.0000581 seconds, Stopping threads took: 0.0000151 seconds
[2019-12-09T02:32:05.186+0000][1][safepoint    ] Application time: 0.1705578 seconds
[2019-12-09T02:32:05.186+0000][1][safepoint    ] Entering safepoint region: Deoptimize
[2019-12-09T02:32:05.187+0000][1][safepoint    ] Leaving safepoint region
[2019-12-09T02:32:05.187+0000][1][safepoint    ] Total time for which application threads were stopped: 0.0001877 seconds, Stopping threads took: 0.0000113 seconds
[2019-12-09T02:32:06.187+0000][1][safepoint    ] Application time: 1.0001013 seconds
[2019-12-09T02:32:06.187+0000][1][safepoint    ] Entering safepoint region: Cleanup
[2019-12-09T02:32:06.187+0000][1][safepoint    ] Leaving safepoint region
[2019-12-09T02:32:06.187+0000][1][safepoint    ] Total time for which application threads were stopped: 0.0000688 seconds, Stopping threads took: 0.0000151 seconds
[2019-12-09T02:32:07.188+0000][1][safepoint    ] Application time: 1.0008827 seconds
[2019-12-09T02:32:07.242+0000][1][safepoint    ] Entering safepoint region: Cleanup
[2019-12-09T02:32:07.243+0000][1][safepoint    ] Leaving safepoint region
[2019-12-09T02:32:07.243+0000][1][safepoint    ] Total time for which application threads were stopped: 0.0548368 seconds, Stopping threads took: 0.0547606 seconds
[2019-12-09T02:32:07.705+0000][1][safepoint    ] Application time: 0.4625710 seconds
[2019-12-09T02:32:07.705+0000][1][safepoint    ] Entering safepoint region: Deoptimize
[2019-12-09T02:32:07.705+0000][1][safepoint    ] Leaving safepoint region
[2019-12-09T02:32:07.705+0000][1][safepoint    ] Total time for which application threads were stopped: 0.0002235 seconds, Stopping threads took: 0.0000101 seconds
[2019-12-09T02:32:08.707+0000][1][safepoint    ] Application time: 1.0012797 seconds
[2019-12-09T02:32:08.741+0000][1][safepoint    ] Entering safepoint region: Cleanup
[2019-12-09T02:32:08.741+0000][1][safepoint    ] Leaving safepoint region
[2019-12-09T02:32:08.741+0000][1][safepoint    ] Total time for which application threads were stopped: 0.0342129 seconds, Stopping threads took: 0.0341362 seconds
[2019-12-09T02:32:08.902+0000][1][safepoint    ] Application time: 0.1607345 seconds
[2019-12-09T02:32:08.902+0000][1][safepoint    ] Entering safepoint region: Deoptimize
[2019-12-09T02:32:08.902+0000][1][safepoint    ] Leaving safepoint region
[2019-12-09T02:32:08.902+0000][1][safepoint    ] Total time for which application threads were stopped: 0.0002765 seconds, Stopping threads took: 0.0000108 seconds
[2019-12-09T02:32:08.922+0000][1][safepoint    ] Application time: 0.0202822 seconds
[2019-12-09T02:32:08.922+0000][1][safepoint    ] Entering safepoint region: Deoptimize
[2019-12-09T02:32:08.923+0000][1][safepoint    ] Leaving safepoint region
[2019-12-09T02:32:08.923+0000][1][safepoint    ] Total time for which application threads were stopped: 0.0002454 seconds, Stopping threads took: 0.0000106 seconds
[2019-12-09T02:32:09.114+0000][1][safepoint    ] Application time: 0.1911218 seconds
[2019-12-09T02:32:09.114+0000][1][safepoint    ] Entering safepoint region: Deoptimize
[2019-12-09T02:32:09.114+0000][1][safepoint    ] Leaving safepoint region
[2019-12-09T02:32:09.114+0000][1][safepoint    ] Total time for which application threads were stopped: 0.0002629 seconds, Stopping threads took: 0.0000128 seconds
[2019-12-09T02:32:09.157+0000][1][safepoint    ] Application time: 0.0426941 seconds
[2019-12-09T02:32:09.158+0000][1][safepoint    ] Entering safepoint region: RevokeBias
[2019-12-09T02:32:09.158+0000][1][safepoint    ] Leaving safepoint region
[2019-12-09T02:32:09.158+0000][1][safepoint    ] Total time for which application threads were stopped: 0.0010699 seconds, Stopping threads took: 0.0009932 seconds
[2019-12-09T02:32:09.160+0000][1][safepoint    ] Application time: 0.0018905 seconds
[2019-12-09T02:32:09.163+0000][1][safepoint    ] Entering safepoint region: RevokeBias
[2019-12-09T02:32:09.163+0000][1][safepoint    ] Leaving safepoint region
[2019-12-09T02:32:09.163+0000][1][safepoint    ] Total time for which application threads were stopped: 0.0030446 seconds, Stopping threads took: 0.0029841 seconds
[2019-12-09T02:32:09.173+0000][1][safepoint    ] Application time: 0.0099246 seconds
[2019-12-09T02:32:09.173+0000][1][safepoint    ] Entering safepoint region: RevokeBias
[2019-12-09T02:32:09.173+0000][1][safepoint    ] Leaving safepoint region
[2019-12-09T02:32:09.173+0000][1][safepoint    ] Total time for which application threads were stopped: 0.0000458 seconds, Stopping threads took: 0.0000119 seconds
[2019-12-09T02:32:09.173+0000][1][safepoint    ] Application time: 0.0001776 seconds
[2019-12-09T02:32:09.173+0000][1][safepoint    ] Entering safepoint region: RevokeBias
[2019-12-09T02:32:09.173+0000][1][safepoint    ] Leaving safepoint region
[2019-12-09T02:32:09.173+0000][1][safepoint    ] Total time for which application threads were stopped: 0.0000441 seconds, Stopping threads took: 0.0000090 seconds
[2019-12-09T02:32:10.175+0000][1][safepoint    ] Application time: 1.0016801 seconds
[2019-12-09T02:32:10.225+0000][1][safepoint    ] Entering safepoint region: Cleanup
[2019-12-09T02:32:10.225+0000][1][safepoint    ] Leaving safepoint region
[2019-12-09T02:32:10.225+0000][1][safepoint    ] Total time for which application threads were stopped: 0.0502165 seconds, Stopping threads took: 0.0501537 seconds
[2019-12-09T02:32:10.473+0000][1][safepoint    ] Application time: 0.2477465 seconds
[2019-12-09T02:32:10.473+0000][1][safepoint    ] Entering safepoint region: GenCollectForAllocation
[2019-12-09T02:32:10.473+0000][1][gc,start     ] GC(0) Pause Young (Allocation Failure)
[2019-12-09T02:32:10.474+0000][1][gc,task      ] GC(0) Using 2 workers of 2 for evacuation
[2019-12-09T02:32:10.661+0000][1][gc,age       ] GC(0) Desired survivor size 4456448 bytes, new threshold 1 (max threshold 6)
[2019-12-09T02:32:10.661+0000][1][gc,age       ] GC(0) Age table with threshold 1 (max threshold 6)
[2019-12-09T02:32:10.661+0000][1][gc,age       ] GC(0) - age   1:    6501296 bytes,    6501296 total
[2019-12-09T02:32:10.661+0000][1][gc,heap      ] GC(0) ParNew: 69952K->6392K(78656K)
[2019-12-09T02:32:10.661+0000][1][gc,heap      ] GC(0) CMS: 0K->0K(174784K)
[2019-12-09T02:32:10.661+0000][1][gc,metaspace ] GC(0) Metaspace: 12807K->12807K(1060864K)
[2019-12-09T02:32:10.661+0000][1][gc           ] GC(0) Pause Young (Allocation Failure) 68M->6M(247M) 188.337ms
[2019-12-09T02:32:10.661+0000][1][gc,cpu       ] GC(0) User=0.02s Sys=0.00s Real=0.19s
[2019-12-09T02:32:10.661+0000][1][safepoint    ] Leaving safepoint region
[2019-12-09T02:32:10.661+0000][1][safepoint    ] Total time for which application threads were stopped: 0.1884984 seconds, Stopping threads took: 0.0000254 seconds
[2019-12-09T02:32:10.713+0000][1][safepoint    ] Application time: 0.0514601 seconds
[2019-12-09T02:32:10.720+0000][1][safepoint    ] Entering safepoint region: RevokeBias
[2019-12-09T02:32:10.720+0000][1][safepoint    ] Leaving safepoint region
[2019-12-09T02:32:10.720+0000][1][safepoint    ] Total time for which application threads were stopped: 0.0070695 seconds, Stopping threads took: 0.0070035 seconds
[2019-12-09T02:32:10.720+0000][1][safepoint    ] Application time: 0.0001560 seconds
[2019-12-09T02:32:10.720+0000][1][safepoint    ] Entering safepoint region: RevokeBias
[2019-12-09T02:32:10.720+0000][1][safepoint    ] Leaving safepoint region
[2019-12-09T02:32:10.720+0000][1][safepoint    ] Total time for which application threads were stopped: 0.0000466 seconds, Stopping threads took: 0.0000099 seconds
[2019-12-09T02:32:10.720+0000][1][safepoint    ] Application time: 0.0000700 seconds
[2019-12-09T02:32:10.720+0000][1][safepoint    ] Entering safepoint region: RevokeBias
[2019-12-09T02:32:10.720+0000][1][safepoint    ] Leaving safepoint region
[2019-12-09T02:32:10.720+0000][1][safepoint    ] Total time for which application threads were stopped: 0.0000333 seconds, Stopping threads took: 0.0000086 seconds
[2019-12-09T02:32:10.720+0000][1][safepoint    ] Application time: 0.0000529 seconds
[2019-12-09T02:32:10.720+0000][1][safepoint    ] Entering safepoint region: RevokeBias
[2019-12-09T02:32:10.720+0000][1][safepoint    ] Leaving safepoint region
[2019-12-09T02:32:10.720+0000][1][safepoint    ] Total time for which application threads were stopped: 0.0000328 seconds, Stopping threads took: 0.0000084 seconds
[2019-12-09T02:32:10.720+0000][1][safepoint    ] Application time: 0.0000597 seconds
[2019-12-09T02:32:10.720+0000][1][safepoint    ] Entering safepoint region: RevokeBias
[2019-12-09T02:32:10.720+0000][1][safepoint    ] Leaving safepoint region
[2019-12-09T02:32:10.720+0000][1][safepoint    ] Total time for which application threads were stopped: 0.0000322 seconds, Stopping threads took: 0.0000078 seconds
[2019-12-09T02:32:10.720+0000][1][safepoint    ] Application time: 0.0000527 seconds
[2019-12-09T02:32:10.720+0000][1][safepoint    ] Entering safepoint region: RevokeBias
[2019-12-09T02:32:10.720+0000][1][safepoint    ] Leaving safepoint region
[2019-12-09T02:32:10.720+0000][1][safepoint    ] Total time for which application threads were stopped: 0.0000339 seconds, Stopping threads took: 0.0000084 seconds
[2019-12-09T02:32:10.721+0000][1][safepoint    ] Application time: 0.0000589 seconds
[2019-12-09T02:32:10.721+0000][1][safepoint    ] Entering safepoint region: RevokeBias
[2019-12-09T02:32:10.721+0000][1][safepoint    ] Leaving safepoint region
[2019-12-09T02:32:10.721+0000][1][safepoint    ] Total time for which application threads were stopped: 0.0000308 seconds, Stopping threads took: 0.0000079 seconds
[2019-12-09T02:32:10.721+0000][1][safepoint    ] Application time: 0.0000519 seconds
[2019-12-09T02:32:10.721+0000][1][safepoint    ] Entering safepoint region: RevokeBias
[2019-12-09T02:32:10.721+0000][1][safepoint    ] Leaving safepoint region
[2019-12-09T02:32:10.721+0000][1][safepoint    ] Total time for which application threads were stopped: 0.0000527 seconds, Stopping threads took: 0.0000085 seconds
[2019-12-09T02:32:10.721+0000][1][safepoint    ] Application time: 0.0000645 seconds
[2019-12-09T02:32:10.721+0000][1][safepoint    ] Entering safepoint region: RevokeBias
[2019-12-09T02:32:10.721+0000][1][safepoint    ] Leaving safepoint region
[2019-12-09T02:32:10.721+0000][1][safepoint    ] Total time for which application threads were stopped: 0.0000401 seconds, Stopping threads took: 0.0000173 seconds
[2019-12-09T02:32:10.721+0000][1][safepoint    ] Application time: 0.0000506 seconds
[2019-12-09T02:32:10.721+0000][1][safepoint    ] Entering safepoint region: RevokeBias
[2019-12-09T02:32:10.721+0000][1][safepoint    ] Leaving safepoint region
[2019-12-09T02:32:10.721+0000][1][safepoint    ] Total time for which application threads were stopped: 0.0000282 seconds, Stopping threads took: 0.0000069 seconds
[2019-12-09T02:32:10.721+0000][1][safepoint    ] Application time: 0.0000555 seconds
[2019-12-09T02:32:10.721+0000][1][safepoint    ] Entering safepoint region: RevokeBias
[2019-12-09T02:32:10.721+0000][1][safepoint    ] Leaving safepoint region
[2019-12-09T02:32:10.721+0000][1][safepoint    ] Total time for which application threads were stopped: 0.0000293 seconds, Stopping threads took: 0.0000077 seconds
[2019-12-09T02:32:10.721+0000][1][safepoint    ] Application time: 0.0000509 seconds
[2019-12-09T02:32:10.721+0000][1][safepoint    ] Entering safepoint region: RevokeBias
[2019-12-09T02:32:10.721+0000][1][safepoint    ] Leaving safepoint region
[2019-12-09T02:32:10.721+0000][1][safepoint    ] Total time for which application threads were stopped: 0.0000316 seconds, Stopping threads took: 0.0000082 seconds
[2019-12-09T02:32:10.721+0000][1][safepoint    ] Application time: 0.0000553 seconds
[2019-12-09T02:32:10.721+0000][1][safepoint    ] Entering safepoint region: RevokeBias
[2019-12-09T02:32:10.721+0000][1][safepoint    ] Leaving safepoint region
[2019-12-09T02:32:10.721+0000][1][safepoint    ] Total time for which application threads were stopped: 0.0000294 seconds, Stopping threads took: 0.0000078 seconds
[2019-12-09T02:32:10.721+0000][1][safepoint    ] Application time: 0.0000518 seconds
[2019-12-09T02:32:10.721+0000][1][safepoint    ] Entering safepoint region: RevokeBias
[2019-12-09T02:32:10.721+0000][1][safepoint    ] Leaving safepoint region
[2019-12-09T02:32:10.721+0000][1][safepoint    ] Total time for which application threads were stopped: 0.0000293 seconds, Stopping threads took: 0.0000074 seconds
[2019-12-09T02:32:10.721+0000][1][safepoint    ] Application time: 0.0000503 seconds
[2019-12-09T02:32:10.721+0000][1][safepoint    ] Entering safepoint region: RevokeBias
[2019-12-09T02:32:10.721+0000][1][safepoint    ] Leaving safepoint region
[2019-12-09T02:32:10.721+0000][1][safepoint    ] Total time for which application threads were stopped: 0.0000272 seconds, Stopping threads took: 0.0000070 seconds
[2019-12-09T02:32:10.721+0000][1][safepoint    ] Application time: 0.0000488 seconds
[2019-12-09T02:32:10.721+0000][1][safepoint    ] Entering safepoint region: RevokeBias
[2019-12-09T02:32:10.722+0000][1][safepoint    ] Leaving safepoint region
[2019-12-09T02:32:10.722+0000][1][safepoint    ] Total time for which application threads were stopped: 0.0000259 seconds, Stopping threads took: 0.0000067 seconds
[2019-12-09T02:32:10.722+0000][1][safepoint    ] Application time: 0.0000542 seconds
[2019-12-09T02:32:10.722+0000][1][safepoint    ] Entering safepoint region: RevokeBias
[2019-12-09T02:32:10.722+0000][1][safepoint    ] Leaving safepoint region
[2019-12-09T02:32:10.722+0000][1][safepoint    ] Total time for which application threads were stopped: 0.0000275 seconds, Stopping threads took: 0.0000070 seconds
[2019-12-09T02:32:10.722+0000][1][safepoint    ] Application time: 0.0000447 seconds
[2019-12-09T02:32:10.722+0000][1][safepoint    ] Entering safepoint region: RevokeBias
[2019-12-09T02:32:10.722+0000][1][safepoint    ] Leaving safepoint region
[2019-12-09T02:32:10.722+0000][1][safepoint    ] Total time for which application threads were stopped: 0.0000433 seconds, Stopping threads took: 0.0000063 seconds
[2019-12-09T02:32:10.722+0000][1][safepoint    ] Application time: 0.0000752 seconds
[2019-12-09T02:32:10.722+0000][1][safepoint    ] Entering safepoint region: RevokeBias
[2019-12-09T02:32:10.722+0000][1][safepoint    ] Leaving safepoint region
[2019-12-09T02:32:10.722+0000][1][safepoint    ] Total time for which application threads were stopped: 0.0000353 seconds, Stopping threads took: 0.0000133 seconds
[2019-12-09T02:32:10.722+0000][1][safepoint    ] Application time: 0.0000456 seconds
[2019-12-09T02:32:10.722+0000][1][safepoint    ] Entering safepoint region: RevokeBias
[2019-12-09T02:32:10.722+0000][1][safepoint    ] Leaving safepoint region
[2019-12-09T02:32:10.722+0000][1][safepoint    ] Total time for which application threads were stopped: 0.0000280 seconds, Stopping threads took: 0.0000071 seconds
[2019-12-09T02:32:10.722+0000][1][safepoint    ] Application time: 0.0000491 seconds
[2019-12-09T02:32:10.722+0000][1][safepoint    ] Entering safepoint region: RevokeBias
[2019-12-09T02:32:10.722+0000][1][safepoint    ] Leaving safepoint region
[2019-12-09T02:32:10.722+0000][1][safepoint    ] Total time for which application threads were stopped: 0.0000367 seconds, Stopping threads took: 0.0000074 seconds
[2019-12-09T02:32:10.722+0000][1][safepoint    ] Application time: 0.0000457 seconds
[2019-12-09T02:32:10.722+0000][1][safepoint    ] Entering safepoint region: RevokeBias
[2019-12-09T02:32:10.722+0000][1][safepoint    ] Leaving safepoint region
[2019-12-09T02:32:10.722+0000][1][safepoint    ] Total time for which application threads were stopped: 0.0000287 seconds, Stopping threads took: 0.0000069 seconds
[2019-12-09T02:32:10.722+0000][1][safepoint    ] Application time: 0.0000498 seconds
[2019-12-09T02:32:10.722+0000][1][safepoint    ] Entering safepoint region: RevokeBias
[2019-12-09T02:32:10.722+0000][1][safepoint    ] Leaving safepoint region
[2019-12-09T02:32:10.722+0000][1][safepoint    ] Total time for which application threads were stopped: 0.0000280 seconds, Stopping threads took: 0.0000071 seconds
[2019-12-09T02:32:10.722+0000][1][safepoint    ] Application time: 0.0000455 seconds
[2019-12-09T02:32:10.722+0000][1][safepoint    ] Entering safepoint region: RevokeBias
[2019-12-09T02:32:10.722+0000][1][safepoint    ] Leaving safepoint region
[2019-12-09T02:32:10.722+0000][1][safepoint    ] Total time for which application threads were stopped: 0.0000278 seconds, Stopping threads took: 0.0000070 seconds
[2019-12-09T02:32:10.722+0000][1][safepoint    ] Application time: 0.0000673 seconds
[2019-12-09T02:32:10.722+0000][1][safepoint    ] Entering safepoint region: RevokeBias
[2019-12-09T02:32:10.722+0000][1][safepoint    ] Leaving safepoint region
[2019-12-09T02:32:10.722+0000][1][safepoint    ] Total time for which application threads were stopped: 0.0000285 seconds, Stopping threads took: 0.0000073 seconds
[2019-12-09T02:32:10.722+0000][1][safepoint    ] Application time: 0.0000456 seconds
[2019-12-09T02:32:10.722+0000][1][safepoint    ] Entering safepoint region: RevokeBias
[2019-12-09T02:32:10.722+0000][1][safepoint    ] Leaving safepoint region
[2019-12-09T02:32:10.722+0000][1][safepoint    ] Total time for which application threads were stopped: 0.0000280 seconds, Stopping threads took: 0.0000071 seconds
[2019-12-09T02:32:10.723+0000][1][safepoint    ] Application time: 0.0003344 seconds
[2019-12-09T02:32:10.723+0000][1][safepoint    ] Entering safepoint region: RevokeBias
[2019-12-09T02:32:10.723+0000][1][safepoint    ] Leaving safepoint region
[2019-12-09T02:32:10.723+0000][1][safepoint    ] Total time for which application threads were stopped: 0.0000417 seconds, Stopping threads took: 0.0000094 seconds
[2019-12-09T02:32:10.723+0000][1][safepoint    ] Application time: 0.0000529 seconds
[2019-12-09T02:32:10.723+0000][1][safepoint    ] Entering safepoint region: RevokeBias
[2019-12-09T02:32:10.723+0000][1][safepoint    ] Leaving safepoint region
[2019-12-09T02:32:10.723+0000][1][safepoint    ] Total time for which application threads were stopped: 0.0000306 seconds, Stopping threads took: 0.0000082 seconds
[2019-12-09T02:32:10.723+0000][1][safepoint    ] Application time: 0.0000615 seconds
[2019-12-09T02:32:10.723+0000][1][safepoint    ] Entering safepoint region: RevokeBias
[2019-12-09T02:32:10.723+0000][1][safepoint    ] Leaving safepoint region
[2019-12-09T02:32:10.723+0000][1][safepoint    ] Total time for which application threads were stopped: 0.0000368 seconds, Stopping threads took: 0.0000139 seconds
[2019-12-09T02:32:10.723+0000][1][safepoint    ] Application time: 0.0000503 seconds
[2019-12-09T02:32:10.723+0000][1][safepoint    ] Entering safepoint region: RevokeBias
[2019-12-09T02:32:10.723+0000][1][safepoint    ] Leaving safepoint region
[2019-12-09T02:32:10.723+0000][1][safepoint    ] Total time for which application threads were stopped: 0.0000303 seconds, Stopping threads took: 0.0000083 seconds
[2019-12-09T02:32:11.770+0000][1][safepoint    ] Application time: 1.0465015 seconds
[2019-12-09T02:32:11.806+0000][1][safepoint    ] Entering safepoint region: Cleanup
[2019-12-09T02:32:11.806+0000][1][safepoint    ] Leaving safepoint region
[2019-12-09T02:32:11.806+0000][1][safepoint    ] Total time for which application threads were stopped: 0.0361168 seconds, Stopping threads took: 0.0360231 seconds
[2019-12-09T02:32:12.452+0000][1][safepoint    ] Application time: 0.6458505 seconds
[2019-12-09T02:32:12.452+0000][1][safepoint    ] Entering safepoint region: Deoptimize
[2019-12-09T02:32:12.452+0000][1][safepoint    ] Leaving safepoint region
[2019-12-09T02:32:12.452+0000][1][safepoint    ] Total time for which application threads were stopped: 0.0004127 seconds, Stopping threads took: 0.0000136 seconds
[2019-12-09T02:32:13.453+0000][1][safepoint    ] Application time: 1.0005470 seconds
[2019-12-09T02:32:13.459+0000][1][safepoint    ] Entering safepoint region: Cleanup
[2019-12-09T02:32:13.459+0000][1][safepoint    ] Leaving safepoint region
[2019-12-09T02:32:13.459+0000][1][safepoint    ] Total time for which application threads were stopped: 0.0060594 seconds, Stopping threads took: 0.0059850 seconds
[2019-12-09T02:32:13.620+0000][1][safepoint    ] Application time: 0.1614369 seconds
[2019-12-09T02:32:13.620+0000][1][safepoint    ] Entering safepoint region: RevokeBias
[2019-12-09T02:32:13.620+0000][1][safepoint    ] Leaving safepoint region
[2019-12-09T02:32:13.620+0000][1][safepoint    ] Total time for which application threads were stopped: 0.0000752 seconds, Stopping threads took: 0.0000142 seconds
[2019-12-09T02:32:14.622+0000][1][safepoint    ] Application time: 1.0013397 seconds
[2019-12-09T02:32:14.667+0000][1][safepoint    ] Entering safepoint region: Cleanup
[2019-12-09T02:32:14.667+0000][1][safepoint    ] Leaving safepoint region
[2019-12-09T02:32:14.667+0000][1][safepoint    ] Total time for which application threads were stopped: 0.0450912 seconds, Stopping threads took: 0.0450354 seconds
[2019-12-09T02:32:15.040+0000][1][safepoint    ] Application time: 0.3733135 seconds
[2019-12-09T02:32:15.040+0000][1][safepoint    ] Entering safepoint region: GenCollectForAllocation
[2019-12-09T02:32:15.040+0000][1][gc,start     ] GC(1) Pause Young (Allocation Failure)
[2019-12-09T02:32:15.040+0000][1][gc,task      ] GC(1) Using 2 workers of 2 for evacuation
[2019-12-09T02:32:15.369+0000][1][gc,age       ] GC(1) Desired survivor size 4456448 bytes, new threshold 6 (max threshold 6)
[2019-12-09T02:32:15.369+0000][1][gc,age       ] GC(1) Age table with threshold 6 (max threshold 6)
[2019-12-09T02:32:15.369+0000][1][gc,age       ] GC(1) - age   1:    1377128 bytes,    1377128 total
[2019-12-09T02:32:15.369+0000][1][gc,heap      ] GC(1) ParNew: 76344K->4104K(78656K)
[2019-12-09T02:32:15.369+0000][1][gc,heap      ] GC(1) CMS: 0K->6831K(174784K)
[2019-12-09T02:32:15.369+0000][1][gc,metaspace ] GC(1) Metaspace: 14927K->14927K(1062912K)
[2019-12-09T02:32:15.369+0000][1][gc           ] GC(1) Pause Young (Allocation Failure) 74M->10M(247M) 328.672ms
[2019-12-09T02:32:15.369+0000][1][gc,cpu       ] GC(1) User=0.06s Sys=0.00s Real=0.33s
[2019-12-09T02:32:15.369+0000][1][safepoint    ] Leaving safepoint region
[2019-12-09T02:32:15.369+0000][1][safepoint    ] Total time for which application threads were stopped: 0.3288114 seconds, Stopping threads took: 0.0000141 seconds
[2019-12-09T02:32:15.370+0000][1][safepoint    ] Application time: 0.0008599 seconds
[2019-12-09T02:32:15.370+0000][1][safepoint    ] Entering safepoint region: BulkRevokeBias
[2019-12-09T02:32:15.370+0000][1][safepoint    ] Leaving safepoint region
[2019-12-09T02:32:15.370+0000][1][safepoint    ] Total time for which application threads were stopped: 0.0002129 seconds, Stopping threads took: 0.0000443 seconds
[2019-12-09T02:32:15.370+0000][1][safepoint    ] Application time: 0.0001074 seconds
[2019-12-09T02:32:15.370+0000][1][safepoint    ] Entering safepoint region: RevokeBias
[2019-12-09T02:32:15.370+0000][1][safepoint    ] Leaving safepoint region
[2019-12-09T02:32:15.370+0000][1][safepoint    ] Total time for which application threads were stopped: 0.0000520 seconds, Stopping threads took: 0.0000079 seconds
[2019-12-09T02:32:15.370+0000][1][safepoint    ] Application time: 0.0000515 seconds
[2019-12-09T02:32:15.370+0000][1][safepoint    ] Entering safepoint region: RevokeBias
[2019-12-09T02:32:15.370+0000][1][safepoint    ] Leaving safepoint region
[2019-12-09T02:32:15.370+0000][1][safepoint    ] Total time for which application threads were stopped: 0.0000480 seconds, Stopping threads took: 0.0000073 seconds
[2019-12-09T02:32:15.370+0000][1][safepoint    ] Application time: 0.0000433 seconds
[2019-12-09T02:32:15.370+0000][1][safepoint    ] Entering safepoint region: RevokeBias
[2019-12-09T02:32:15.371+0000][1][safepoint    ] Leaving safepoint region
[2019-12-09T02:32:15.371+0000][1][safepoint    ] Total time for which application threads were stopped: 0.0000469 seconds, Stopping threads took: 0.0000069 seconds
[2019-12-09T02:32:15.371+0000][1][safepoint    ] Application time: 0.0000498 seconds
[2019-12-09T02:32:15.371+0000][1][safepoint    ] Entering safepoint region: RevokeBias
[2019-12-09T02:32:15.371+0000][1][safepoint    ] Leaving safepoint region
[2019-12-09T02:32:15.371+0000][1][safepoint    ] Total time for which application threads were stopped: 0.0000476 seconds, Stopping threads took: 0.0000071 seconds
[2019-12-09T02:32:15.371+0000][1][safepoint    ] Application time: 0.0000543 seconds
[2019-12-09T02:32:15.371+0000][1][safepoint    ] Entering safepoint region: RevokeBias
[2019-12-09T02:32:15.371+0000][1][safepoint    ] Leaving safepoint region
[2019-12-09T02:32:15.371+0000][1][safepoint    ] Total time for which application threads were stopped: 0.0000477 seconds, Stopping threads took: 0.0000069 seconds
[2019-12-09T02:32:15.371+0000][1][safepoint    ] Application time: 0.0000488 seconds
[2019-12-09T02:32:15.371+0000][1][safepoint    ] Entering safepoint region: BulkRevokeBias
[2019-12-09T02:32:15.371+0000][1][safepoint    ] Leaving safepoint region
[2019-12-09T02:32:15.371+0000][1][safepoint    ] Total time for which application threads were stopped: 0.0000696 seconds, Stopping threads took: 0.0000070 seconds
[2019-12-09T02:32:15.371+0000][1][safepoint    ] Application time: 0.0000444 seconds
[2019-12-09T02:32:15.371+0000][1][safepoint    ] Entering safepoint region: RevokeBias
[2019-12-09T02:32:15.371+0000][1][safepoint    ] Leaving safepoint region
[2019-12-09T02:32:15.371+0000][1][safepoint    ] Total time for which application threads were stopped: 0.0000469 seconds, Stopping threads took: 0.0000070 seconds
[2019-12-09T02:32:15.371+0000][1][safepoint    ] Application time: 0.0000472 seconds
[2019-12-09T02:32:15.371+0000][1][safepoint    ] Entering safepoint region: BulkRevokeBias
[2019-12-09T02:32:15.371+0000][1][safepoint    ] Leaving safepoint region
[2019-12-09T02:32:15.371+0000][1][safepoint    ] Total time for which application threads were stopped: 0.0000670 seconds, Stopping threads took: 0.0000070 seconds
[2019-12-09T02:32:16.372+0000][1][safepoint    ] Application time: 1.0006073 seconds
[2019-12-09T02:32:16.413+0000][1][safepoint    ] Entering safepoint region: Cleanup
[2019-12-09T02:32:16.413+0000][1][safepoint    ] Leaving safepoint region
[2019-12-09T02:32:16.413+0000][1][safepoint    ] Total time for which application threads were stopped: 0.0411058 seconds, Stopping threads took: 0.0410223 seconds
[2019-12-09T02:32:16.587+0000][1][safepoint    ] Application time: 0.1740584 seconds
[2019-12-09T02:32:16.587+0000][1][safepoint    ] Entering safepoint region: GenCollectForAllocation
[2019-12-09T02:32:16.587+0000][1][gc,start     ] GC(2) Pause Young (Allocation Failure)
[2019-12-09T02:32:16.587+0000][1][gc,task      ] GC(2) Using 2 workers of 2 for evacuation
[2019-12-09T02:32:16.801+0000][1][gc,age       ] GC(2) Desired survivor size 4456448 bytes, new threshold 6 (max threshold 6)
[2019-12-09T02:32:16.801+0000][1][gc,age       ] GC(2) Age table with threshold 6 (max threshold 6)
[2019-12-09T02:32:16.801+0000][1][gc,age       ] GC(2) - age   1:     496272 bytes,     496272 total
[2019-12-09T02:32:16.801+0000][1][gc,age       ] GC(2) - age   2:    1151240 bytes,    1647512 total
[2019-12-09T02:32:16.801+0000][1][gc,heap      ] GC(2) ParNew: 74056K->2043K(78656K)
[2019-12-09T02:32:16.801+0000][1][gc,heap      ] GC(2) CMS: 6831K->6831K(174784K)
[2019-12-09T02:32:16.801+0000][1][gc,metaspace ] GC(2) Metaspace: 15026K->15026K(1062912K)
[2019-12-09T02:32:16.801+0000][1][gc           ] GC(2) Pause Young (Allocation Failure) 78M->8M(247M) 213.894ms
[2019-12-09T02:32:16.801+0000][1][gc,cpu       ] GC(2) User=0.04s Sys=0.00s Real=0.21s
[2019-12-09T02:32:16.801+0000][1][safepoint    ] Leaving safepoint region
[2019-12-09T02:32:16.801+0000][1][safepoint    ] Total time for which application threads were stopped: 0.2140266 seconds, Stopping threads took: 0.0000148 seconds
[2019-12-09T02:32:16.813+0000][1][safepoint    ] Application time: 0.0118146 seconds
[2019-12-09T02:32:16.906+0000][1][safepoint    ] Entering safepoint region: RevokeBias
[2019-12-09T02:32:16.906+0000][1][safepoint    ] Leaving safepoint region
[2019-12-09T02:32:16.906+0000][1][safepoint    ] Total time for which application threads were stopped: 0.0931293 seconds, Stopping threads took: 0.0929156 seconds
[2019-12-09T02:32:16.906+0000][1][safepoint    ] Application time: 0.0000728 seconds
[2019-12-09T02:32:16.906+0000][1][safepoint    ] Entering safepoint region: RevokeBias
[2019-12-09T02:32:16.906+0000][1][safepoint    ] Leaving safepoint region
[2019-12-09T02:32:16.906+0000][1][safepoint    ] Total time for which application threads were stopped: 0.0001146 seconds, Stopping threads took: 0.0000093 seconds
[2019-12-09T02:32:16.906+0000][1][safepoint    ] Application time: 0.0000736 seconds
[2019-12-09T02:32:16.906+0000][1][safepoint    ] Entering safepoint region: RevokeBias
[2019-12-09T02:32:16.906+0000][1][safepoint    ] Leaving safepoint region
[2019-12-09T02:32:16.906+0000][1][safepoint    ] Total time for which application threads were stopped: 0.0001094 seconds, Stopping threads took: 0.0000083 seconds
[2019-12-09T02:32:16.906+0000][1][safepoint    ] Application time: 0.0000477 seconds
[2019-12-09T02:32:16.906+0000][1][safepoint    ] Entering safepoint region: RevokeBias
[2019-12-09T02:32:16.907+0000][1][safepoint    ] Leaving safepoint region
[2019-12-09T02:32:16.907+0000][1][safepoint    ] Total time for which application threads were stopped: 0.0000911 seconds, Stopping threads took: 0.0000076 seconds
[2019-12-09T02:32:16.907+0000][1][safepoint    ] Application time: 0.0000564 seconds
[2019-12-09T02:32:16.907+0000][1][safepoint    ] Entering safepoint region: RevokeBias
[2019-12-09T02:32:16.907+0000][1][safepoint    ] Leaving safepoint region
[2019-12-09T02:32:16.907+0000][1][safepoint    ] Total time for which application threads were stopped: 0.0001122 seconds, Stopping threads took: 0.0000075 seconds
[2019-12-09T02:32:16.907+0000][1][safepoint    ] Application time: 0.0000445 seconds
[2019-12-09T02:32:16.907+0000][1][safepoint    ] Entering safepoint region: RevokeBias
[2019-12-09T02:32:16.907+0000][1][safepoint    ] Leaving safepoint region
[2019-12-09T02:32:16.907+0000][1][safepoint    ] Total time for which application threads were stopped: 0.0000756 seconds, Stopping threads took: 0.0000058 seconds
[2019-12-09T02:32:17.920+0000][1][safepoint    ] Application time: 1.0128606 seconds
[2019-12-09T02:32:17.966+0000][1][safepoint    ] Entering safepoint region: Cleanup
[2019-12-09T02:32:17.966+0000][1][safepoint    ] Leaving safepoint region
[2019-12-09T02:32:17.966+0000][1][safepoint    ] Total time for which application threads were stopped: 0.0460935 seconds, Stopping threads took: 0.0459922 seconds
[2019-12-09T02:32:18.108+0000][1][safepoint    ] Application time: 0.1422012 seconds
[2019-12-09T02:32:18.108+0000][1][safepoint    ] Entering safepoint region: Deoptimize
[2019-12-09T02:32:18.108+0000][1][safepoint    ] Leaving safepoint region
[2019-12-09T02:32:18.108+0000][1][safepoint    ] Total time for which application threads were stopped: 0.0003678 seconds, Stopping threads took: 0.0000132 seconds
[2019-12-09T02:32:18.109+0000][1][safepoint    ] Application time: 0.0005634 seconds
[2019-12-09T02:32:18.109+0000][1][safepoint    ] Entering safepoint region: Deoptimize
[2019-12-09T02:32:18.109+0000][1][safepoint    ] Leaving safepoint region
[2019-12-09T02:32:18.109+0000][1][safepoint    ] Total time for which application threads were stopped: 0.0003248 seconds, Stopping threads took: 0.0000117 seconds
[2019-12-09T02:32:19.115+0000][1][safepoint    ] Application time: 1.0059091 seconds
[2019-12-09T02:32:19.121+0000][1][safepoint    ] Entering safepoint region: Cleanup
[2019-12-09T02:32:19.121+0000][1][safepoint    ] Leaving safepoint region
[2019-12-09T02:32:19.121+0000][1][safepoint    ] Total time for which application threads were stopped: 0.0055370 seconds, Stopping threads took: 0.0054682 seconds
[2019-12-09T02:32:20.128+0000][1][safepoint    ] Application time: 1.0071598 seconds
[2019-12-09T02:32:20.140+0000][1][safepoint    ] Entering safepoint region: Cleanup
[2019-12-09T02:32:20.140+0000][1][safepoint    ] Leaving safepoint region
[2019-12-09T02:32:20.140+0000][1][safepoint    ] Total time for which application threads were stopped: 0.0117174 seconds, Stopping threads took: 0.0116480 seconds
[2019-12-09T02:32:20.449+0000][1][safepoint    ] Application time: 0.3093070 seconds
[2019-12-09T02:32:20.449+0000][1][safepoint    ] Entering safepoint region: GenCollectForAllocation
[2019-12-09T02:32:20.449+0000][1][gc,start     ] GC(3) Pause Young (Allocation Failure)
[2019-12-09T02:32:20.449+0000][1][gc,task      ] GC(3) Using 2 workers of 2 for evacuation
[2019-12-09T02:32:20.561+0000][1][gc,age       ] GC(3) Desired survivor size 4456448 bytes, new threshold 3 (max threshold 6)
[2019-12-09T02:32:20.561+0000][1][gc,age       ] GC(3) Age table with threshold 3 (max threshold 6)
[2019-12-09T02:32:20.561+0000][1][gc,age       ] GC(3) - age   1:    3787912 bytes,    3787912 total
[2019-12-09T02:32:20.561+0000][1][gc,age       ] GC(3) - age   2:     483648 bytes,    4271560 total
[2019-12-09T02:32:20.561+0000][1][gc,age       ] GC(3) - age   3:    1149160 bytes,    5420720 total
[2019-12-09T02:32:20.561+0000][1][gc,heap      ] GC(3) ParNew: 71995K->5894K(78656K)
[2019-12-09T02:32:20.561+0000][1][gc,heap      ] GC(3) CMS: 6831K->6831K(174784K)
[2019-12-09T02:32:20.561+0000][1][gc,metaspace ] GC(3) Metaspace: 18529K->18529K(1067008K)
[2019-12-09T02:32:20.561+0000][1][gc           ] GC(3) Pause Young (Allocation Failure) 76M->12M(247M) 111.798ms
[2019-12-09T02:32:20.561+0000][1][gc,cpu       ] GC(3) User=0.03s Sys=0.00s Real=0.11s
[2019-12-09T02:32:20.561+0000][1][safepoint    ] Leaving safepoint region
[2019-12-09T02:32:20.561+0000][1][safepoint    ] Total time for which application threads were stopped: 0.1119312 seconds, Stopping threads took: 0.0000135 seconds
[2019-12-09T02:32:20.568+0000][1][safepoint    ] Application time: 0.0068315 seconds
[2019-12-09T02:32:20.646+0000][1][safepoint    ] Entering safepoint region: BulkRevokeBias
[2019-12-09T02:32:20.646+0000][1][safepoint    ] Leaving safepoint region
[2019-12-09T02:32:20.646+0000][1][safepoint    ] Total time for which application threads were stopped: 0.0780017 seconds, Stopping threads took: 0.0778645 seconds
[2019-12-09T02:32:20.663+0000][1][safepoint    ] Application time: 0.0167757 seconds
[2019-12-09T02:32:20.742+0000][1][safepoint    ] Entering safepoint region: RevokeBias
[2019-12-09T02:32:20.742+0000][1][safepoint    ] Leaving safepoint region
[2019-12-09T02:32:20.742+0000][1][safepoint    ] Total time for which application threads were stopped: 0.0791464 seconds, Stopping threads took: 0.0790513 seconds
[2019-12-09T02:32:20.743+0000][1][safepoint    ] Application time: 0.0008484 seconds
[2019-12-09T02:32:20.743+0000][1][safepoint    ] Entering safepoint region: RevokeBias
[2019-12-09T02:32:20.743+0000][1][safepoint    ] Leaving safepoint region
[2019-12-09T02:32:20.743+0000][1][safepoint    ] Total time for which application threads were stopped: 0.0001062 seconds, Stopping threads took: 0.0000448 seconds
[2019-12-09T02:32:20.744+0000][1][safepoint    ] Application time: 0.0010149 seconds
[2019-12-09T02:32:20.744+0000][1][safepoint    ] Entering safepoint region: RevokeBias
[2019-12-09T02:32:20.744+0000][1][safepoint    ] Leaving safepoint region
[2019-12-09T02:32:20.744+0000][1][safepoint    ] Total time for which application threads were stopped: 0.0000702 seconds, Stopping threads took: 0.0000122 seconds
[2019-12-09T02:32:20.744+0000][1][safepoint    ] Application time: 0.0000572 seconds
[2019-12-09T02:32:20.744+0000][1][safepoint    ] Entering safepoint region: RevokeBias
[2019-12-09T02:32:20.744+0000][1][safepoint    ] Leaving safepoint region
[2019-12-09T02:32:20.744+0000][1][safepoint    ] Total time for which application threads were stopped: 0.0000498 seconds, Stopping threads took: 0.0000077 seconds
[2019-12-09T02:32:20.744+0000][1][safepoint    ] Application time: 0.0000657 seconds
[2019-12-09T02:32:20.744+0000][1][safepoint    ] Entering safepoint region: RevokeBias
[2019-12-09T02:32:20.744+0000][1][safepoint    ] Leaving safepoint region
[2019-12-09T02:32:20.744+0000][1][safepoint    ] Total time for which application threads were stopped: 0.0000470 seconds, Stopping threads took: 0.0000085 seconds
[2019-12-09T02:32:20.744+0000][1][safepoint    ] Application time: 0.0000531 seconds
[2019-12-09T02:32:20.744+0000][1][safepoint    ] Entering safepoint region: RevokeBias
[2019-12-09T02:32:20.744+0000][1][safepoint    ] Leaving safepoint region
[2019-12-09T02:32:20.744+0000][1][safepoint    ] Total time for which application threads were stopped: 0.0000500 seconds, Stopping threads took: 0.0000084 seconds
[2019-12-09T02:32:20.744+0000][1][safepoint    ] Application time: 0.0000657 seconds
[2019-12-09T02:32:20.744+0000][1][safepoint    ] Entering safepoint region: RevokeBias
[2019-12-09T02:32:20.745+0000][1][safepoint    ] Leaving safepoint region
[2019-12-09T02:32:20.745+0000][1][safepoint    ] Total time for which application threads were stopped: 0.0000596 seconds, Stopping threads took: 0.0000087 seconds
[2019-12-09T02:32:20.745+0000][1][safepoint    ] Application time: 0.0000599 seconds
[2019-12-09T02:32:20.745+0000][1][safepoint    ] Entering safepoint region: RevokeBias
[2019-12-09T02:32:20.745+0000][1][safepoint    ] Leaving safepoint region
[2019-12-09T02:32:20.745+0000][1][safepoint    ] Total time for which application threads were stopped: 0.0000589 seconds, Stopping threads took: 0.0000095 seconds
[2019-12-09T02:32:20.745+0000][1][safepoint    ] Application time: 0.0000838 seconds
[2019-12-09T02:32:20.745+0000][1][safepoint    ] Entering safepoint region: RevokeBias
[2019-12-09T02:32:20.745+0000][1][safepoint    ] Leaving safepoint region
[2019-12-09T02:32:20.745+0000][1][safepoint    ] Total time for which application threads were stopped: 0.0000493 seconds, Stopping threads took: 0.0000088 seconds
[2019-12-09T02:32:20.745+0000][1][safepoint    ] Application time: 0.0000524 seconds
[2019-12-09T02:32:20.745+0000][1][safepoint    ] Entering safepoint region: RevokeBias
[2019-12-09T02:32:20.745+0000][1][safepoint    ] Leaving safepoint region
[2019-12-09T02:32:20.745+0000][1][safepoint    ] Total time for which application threads were stopped: 0.0000444 seconds, Stopping threads took: 0.0000078 seconds
[2019-12-09T02:32:20.745+0000][1][safepoint    ] Application time: 0.0000567 seconds
[2019-12-09T02:32:20.745+0000][1][safepoint    ] Entering safepoint region: RevokeBias
[2019-12-09T02:32:20.745+0000][1][safepoint    ] Leaving safepoint region
[2019-12-09T02:32:20.745+0000][1][safepoint    ] Total time for which application threads were stopped: 0.0000528 seconds, Stopping threads took: 0.0000081 seconds
[2019-12-09T02:32:20.745+0000][1][safepoint    ] Application time: 0.0000539 seconds
[2019-12-09T02:32:20.745+0000][1][safepoint    ] Entering safepoint region: RevokeBias
[2019-12-09T02:32:20.745+0000][1][safepoint    ] Leaving safepoint region
[2019-12-09T02:32:20.745+0000][1][safepoint    ] Total time for which application threads were stopped: 0.0000458 seconds, Stopping threads took: 0.0000080 seconds
[2019-12-09T02:32:20.745+0000][1][safepoint    ] Application time: 0.0000591 seconds
[2019-12-09T02:32:20.745+0000][1][safepoint    ] Entering safepoint region: RevokeBias
[2019-12-09T02:32:20.745+0000][1][safepoint    ] Leaving safepoint region
[2019-12-09T02:32:20.745+0000][1][safepoint    ] Total time for which application threads were stopped: 0.0000456 seconds, Stopping threads took: 0.0000083 seconds
[2019-12-09T02:32:20.745+0000][1][safepoint    ] Application time: 0.0000503 seconds
[2019-12-09T02:32:20.745+0000][1][safepoint    ] Entering safepoint region: RevokeBias
[2019-12-09T02:32:20.745+0000][1][safepoint    ] Leaving safepoint region
[2019-12-09T02:32:20.745+0000][1][safepoint    ] Total time for which application threads were stopped: 0.0000434 seconds, Stopping threads took: 0.0000074 seconds
[2019-12-09T02:32:20.745+0000][1][safepoint    ] Application time: 0.0000571 seconds
[2019-12-09T02:32:20.745+0000][1][safepoint    ] Entering safepoint region: RevokeBias
[2019-12-09T02:32:20.746+0000][1][safepoint    ] Leaving safepoint region
[2019-12-09T02:32:20.746+0000][1][safepoint    ] Total time for which application threads were stopped: 0.0000463 seconds, Stopping threads took: 0.0000082 seconds
[2019-12-09T02:32:20.747+0000][1][safepoint    ] Application time: 0.0011689 seconds
[2019-12-09T02:32:20.747+0000][1][safepoint    ] Entering safepoint region: RevokeBias
[2019-12-09T02:32:20.747+0000][1][safepoint    ] Leaving safepoint region
[2019-12-09T02:32:20.747+0000][1][safepoint    ] Total time for which application threads were stopped: 0.0000746 seconds, Stopping threads took: 0.0000110 seconds
[2019-12-09T02:32:20.747+0000][1][safepoint    ] Application time: 0.0004203 seconds
[2019-12-09T02:32:20.747+0000][1][safepoint    ] Entering safepoint region: RevokeBias
[2019-12-09T02:32:20.747+0000][1][safepoint    ] Leaving safepoint region
[2019-12-09T02:32:20.747+0000][1][safepoint    ] Total time for which application threads were stopped: 0.0000532 seconds, Stopping threads took: 0.0000093 seconds
[2019-12-09T02:32:20.747+0000][1][safepoint    ] Application time: 0.0000725 seconds
[2019-12-09T02:32:20.747+0000][1][safepoint    ] Entering safepoint region: RevokeBias
[2019-12-09T02:32:20.747+0000][1][safepoint    ] Leaving safepoint region
[2019-12-09T02:32:20.747+0000][1][safepoint    ] Total time for which application threads were stopped: 0.0000427 seconds, Stopping threads took: 0.0000077 seconds
[2019-12-09T02:32:20.747+0000][1][safepoint    ] Application time: 0.0000514 seconds
[2019-12-09T02:32:20.747+0000][1][safepoint    ] Entering safepoint region: RevokeBias
[2019-12-09T02:32:20.748+0000][1][safepoint    ] Leaving safepoint region
[2019-12-09T02:32:20.748+0000][1][safepoint    ] Total time for which application threads were stopped: 0.0000449 seconds, Stopping threads took: 0.0000079 seconds
[2019-12-09T02:32:21.729+0000][1][safepoint    ] Application time: 0.9811640 seconds
[2019-12-09T02:32:21.729+0000][1][safepoint    ] Entering safepoint region: GenCollectForAllocation
[2019-12-09T02:32:21.729+0000][1][gc,start     ] GC(4) Pause Young (Allocation Failure)
[2019-12-09T02:32:21.729+0000][1][gc,task      ] GC(4) Using 2 workers of 2 for evacuation
[2019-12-09T02:32:21.931+0000][1][gc,age       ] GC(4) Desired survivor size 4456448 bytes, new threshold 2 (max threshold 6)
[2019-12-09T02:32:21.931+0000][1][gc,age       ] GC(4) Age table with threshold 2 (max threshold 6)
[2019-12-09T02:32:21.931+0000][1][gc,age       ] GC(4) - age   1:    1671888 bytes,    1671888 total
[2019-12-09T02:32:21.931+0000][1][gc,age       ] GC(4) - age   2:    3230304 bytes,    4902192 total
[2019-12-09T02:32:21.931+0000][1][gc,age       ] GC(4) - age   3:     483080 bytes,    5385272 total
[2019-12-09T02:32:21.931+0000][1][gc,heap      ] GC(4) ParNew: 75846K->7994K(78656K)
[2019-12-09T02:32:21.931+0000][1][gc,heap      ] GC(4) CMS: 6831K->7969K(174784K)
[2019-12-09T02:32:21.931+0000][1][gc,metaspace ] GC(4) Metaspace: 18745K->18745K(1067008K)
[2019-12-09T02:32:21.931+0000][1][gc           ] GC(4) Pause Young (Allocation Failure) 80M->15M(247M) 202.146ms
[2019-12-09T02:32:21.931+0000][1][gc,cpu       ] GC(4) User=0.02s Sys=0.00s Real=0.20s
[2019-12-09T02:32:21.931+0000][1][safepoint    ] Leaving safepoint region
[2019-12-09T02:32:21.931+0000][1][safepoint    ] Total time for which application threads were stopped: 0.2023109 seconds, Stopping threads took: 0.0000132 seconds
[2019-12-09T02:32:21.953+0000][1][safepoint    ] Application time: 0.0216832 seconds
[2019-12-09T02:32:22.030+0000][1][safepoint    ] Entering safepoint region: RevokeBias
[2019-12-09T02:32:22.030+0000][1][safepoint    ] Leaving safepoint region
[2019-12-09T02:32:22.030+0000][1][safepoint    ] Total time for which application threads were stopped: 0.0771159 seconds, Stopping threads took: 0.0770067 seconds
[2019-12-09T02:32:22.030+0000][1][safepoint    ] Application time: 0.0000666 seconds
[2019-12-09T02:32:22.030+0000][1][safepoint    ] Entering safepoint region: RevokeBias
[2019-12-09T02:32:22.030+0000][1][safepoint    ] Leaving safepoint region
[2019-12-09T02:32:22.030+0000][1][safepoint    ] Total time for which application threads were stopped: 0.0000572 seconds, Stopping threads took: 0.0000083 seconds
[2019-12-09T02:32:22.030+0000][1][safepoint    ] Application time: 0.0000595 seconds
[2019-12-09T02:32:22.030+0000][1][safepoint    ] Entering safepoint region: RevokeBias
[2019-12-09T02:32:22.030+0000][1][safepoint    ] Leaving safepoint region
[2019-12-09T02:32:22.030+0000][1][safepoint    ] Total time for which application threads were stopped: 0.0000517 seconds, Stopping threads took: 0.0000068 seconds
[2019-12-09T02:32:22.030+0000][1][safepoint    ] Application time: 0.0000440 seconds
[2019-12-09T02:32:22.030+0000][1][safepoint    ] Entering safepoint region: RevokeBias
[2019-12-09T02:32:22.030+0000][1][safepoint    ] Leaving safepoint region
[2019-12-09T02:32:22.030+0000][1][safepoint    ] Total time for which application threads were stopped: 0.0000498 seconds, Stopping threads took: 0.0000068 seconds
[2019-12-09T02:32:22.201+0000][1][safepoint    ] Application time: 0.1710947 seconds
[2019-12-09T02:32:22.201+0000][1][safepoint    ] Entering safepoint region: Deoptimize
[2019-12-09T02:32:22.202+0000][1][safepoint    ] Leaving safepoint region
[2019-12-09T02:32:22.202+0000][1][safepoint    ] Total time for which application threads were stopped: 0.0004398 seconds, Stopping threads took: 0.0000232 seconds
[2019-12-09T02:32:22.656+0000][1][safepoint    ] Application time: 0.4539104 seconds
[2019-12-09T02:32:22.656+0000][1][safepoint    ] Entering safepoint region: Deoptimize
[2019-12-09T02:32:22.656+0000][1][safepoint    ] Leaving safepoint region
[2019-12-09T02:32:22.656+0000][1][safepoint    ] Total time for which application threads were stopped: 0.0004203 seconds, Stopping threads took: 0.0000134 seconds
[2019-12-09T02:32:23.601+0000][1][safepoint    ] Application time: 0.9452537 seconds
[2019-12-09T02:32:23.602+0000][1][safepoint    ] Entering safepoint region: GenCollectForAllocation
[2019-12-09T02:32:23.602+0000][1][gc,start     ] GC(5) Pause Young (Allocation Failure)
[2019-12-09T02:32:23.602+0000][1][gc,task      ] GC(5) Using 2 workers of 2 for evacuation
[2019-12-09T02:32:23.741+0000][1][gc,age       ] GC(5) Desired survivor size 4456448 bytes, new threshold 6 (max threshold 6)
[2019-12-09T02:32:23.741+0000][1][gc,age       ] GC(5) Age table with threshold 6 (max threshold 6)
[2019-12-09T02:32:23.741+0000][1][gc,age       ] GC(5) - age   1:    2691424 bytes,    2691424 total
[2019-12-09T02:32:23.741+0000][1][gc,age       ] GC(5) - age   2:     442856 bytes,    3134280 total
[2019-12-09T02:32:23.741+0000][1][gc,heap      ] GC(5) ParNew: 77946K->7415K(78656K)
[2019-12-09T02:32:23.741+0000][1][gc,heap      ] GC(5) CMS: 7969K->11626K(174784K)
[2019-12-09T02:32:23.741+0000][1][gc,metaspace ] GC(5) Metaspace: 19083K->19083K(1067008K)
[2019-12-09T02:32:23.741+0000][1][gc           ] GC(5) Pause Young (Allocation Failure) 83M->18M(247M) 139.693ms
[2019-12-09T02:32:23.741+0000][1][gc,cpu       ] GC(5) User=0.04s Sys=0.00s Real=0.14s
[2019-12-09T02:32:23.741+0000][1][safepoint    ] Leaving safepoint region
[2019-12-09T02:32:23.741+0000][1][safepoint    ] Total time for which application threads were stopped: 0.1398601 seconds, Stopping threads took: 0.0000148 seconds
[2019-12-09T02:32:23.758+0000][1][safepoint    ] Application time: 0.0163807 seconds
[2019-12-09T02:32:23.759+0000][1][safepoint    ] Entering safepoint region: RevokeBias
[2019-12-09T02:32:23.760+0000][1][safepoint    ] Leaving safepoint region
[2019-12-09T02:32:23.760+0000][1][safepoint    ] Total time for which application threads were stopped: 0.0017208 seconds, Stopping threads took: 0.0016507 seconds
[2019-12-09T02:32:23.760+0000][1][safepoint    ] Application time: 0.0000691 seconds
[2019-12-09T02:32:23.760+0000][1][safepoint    ] Entering safepoint region: RevokeBias
[2019-12-09T02:32:23.760+0000][1][safepoint    ] Leaving safepoint region
[2019-12-09T02:32:23.760+0000][1][safepoint    ] Total time for which application threads were stopped: 0.0000479 seconds, Stopping threads took: 0.0000091 seconds
[2019-12-09T02:32:23.760+0000][1][safepoint    ] Application time: 0.0000736 seconds
[2019-12-09T02:32:23.760+0000][1][safepoint    ] Entering safepoint region: RevokeBias
[2019-12-09T02:32:23.760+0000][1][safepoint    ] Leaving safepoint region
[2019-12-09T02:32:23.760+0000][1][safepoint    ] Total time for which application threads were stopped: 0.0000471 seconds, Stopping threads took: 0.0000088 seconds
[2019-12-09T02:32:23.760+0000][1][safepoint    ] Application time: 0.0000516 seconds
[2019-12-09T02:32:23.760+0000][1][safepoint    ] Entering safepoint region: RevokeBias
[2019-12-09T02:32:23.760+0000][1][safepoint    ] Leaving safepoint region
[2019-12-09T02:32:23.760+0000][1][safepoint    ] Total time for which application threads were stopped: 0.0000449 seconds, Stopping threads took: 0.0000079 seconds
[2019-12-09T02:32:23.760+0000][1][safepoint    ] Application time: 0.0000583 seconds
[2019-12-09T02:32:23.760+0000][1][safepoint    ] Entering safepoint region: RevokeBias
[2019-12-09T02:32:23.760+0000][1][safepoint    ] Leaving safepoint region
[2019-12-09T02:32:23.760+0000][1][safepoint    ] Total time for which application threads were stopped: 0.0000443 seconds, Stopping threads took: 0.0000082 seconds
[2019-12-09T02:32:23.760+0000][1][safepoint    ] Application time: 0.0000511 seconds
[2019-12-09T02:32:23.760+0000][1][safepoint    ] Entering safepoint region: RevokeBias
[2019-12-09T02:32:23.760+0000][1][safepoint    ] Leaving safepoint region
[2019-12-09T02:32:23.760+0000][1][safepoint    ] Total time for which application threads were stopped: 0.0000445 seconds, Stopping threads took: 0.0000085 seconds
[2019-12-09T02:32:24.549+0000][1][safepoint    ] Application time: 0.7887809 seconds
[2019-12-09T02:32:24.549+0000][1][safepoint    ] Entering safepoint region: RevokeBias
[2019-12-09T02:32:24.549+0000][1][safepoint    ] Leaving safepoint region
[2019-12-09T02:32:24.549+0000][1][safepoint    ] Total time for which application threads were stopped: 0.0000676 seconds, Stopping threads took: 0.0000117 seconds
[2019-12-09T02:32:24.565+0000][1][safepoint    ] Application time: 0.0158760 seconds
[2019-12-09T02:32:24.565+0000][1][safepoint    ] Entering safepoint region: RevokeBias
[2019-12-09T02:32:24.565+0000][1][safepoint    ] Leaving safepoint region
[2019-12-09T02:32:24.565+0000][1][safepoint    ] Total time for which application threads were stopped: 0.0000621 seconds, Stopping threads took: 0.0000128 seconds
[2019-12-09T02:32:24.872+0000][1][safepoint    ] Application time: 0.3066915 seconds
[2019-12-09T02:32:24.872+0000][1][safepoint    ] Entering safepoint region: GenCollectForAllocation
[2019-12-09T02:32:24.872+0000][1][gc,start     ] GC(6) Pause Young (Allocation Failure)
[2019-12-09T02:32:24.872+0000][1][gc,task      ] GC(6) Using 2 workers of 2 for evacuation
[2019-12-09T02:32:25.022+0000][1][gc,age       ] GC(6) Desired survivor size 4456448 bytes, new threshold 6 (max threshold 6)
[2019-12-09T02:32:25.022+0000][1][gc,age       ] GC(6) Age table with threshold 6 (max threshold 6)
[2019-12-09T02:32:25.022+0000][1][gc,age       ] GC(6) - age   1:    1352064 bytes,    1352064 total
[2019-12-09T02:32:25.022+0000][1][gc,age       ] GC(6) - age   2:    2192464 bytes,    3544528 total
[2019-12-09T02:32:25.022+0000][1][gc,age       ] GC(6) - age   3:     442856 bytes,    3987384 total
[2019-12-09T02:32:25.022+0000][1][gc,heap      ] GC(6) ParNew: 77367K->6087K(78656K)
[2019-12-09T02:32:25.022+0000][1][gc,heap      ] GC(6) CMS: 11626K->11626K(174784K)
[2019-12-09T02:32:25.022+0000][1][gc,metaspace ] GC(6) Metaspace: 19386K->19386K(1067008K)
[2019-12-09T02:32:25.022+0000][1][gc           ] GC(6) Pause Young (Allocation Failure) 86M->17M(247M) 150.108ms
[2019-12-09T02:32:25.022+0000][1][gc,cpu       ] GC(6) User=0.05s Sys=0.00s Real=0.15s
[2019-12-09T02:32:25.022+0000][1][safepoint    ] Leaving safepoint region
[2019-12-09T02:32:25.022+0000][1][safepoint    ] Total time for which application threads were stopped: 0.1502532 seconds, Stopping threads took: 0.0000151 seconds
[2019-12-09T02:32:25.032+0000][1][safepoint    ] Application time: 0.0097396 seconds
[2019-12-09T02:32:25.085+0000][1][safepoint    ] Entering safepoint region: RevokeBias
[2019-12-09T02:32:25.085+0000][1][safepoint    ] Leaving safepoint region
[2019-12-09T02:32:25.085+0000][1][safepoint    ] Total time for which application threads were stopped: 0.0530868 seconds, Stopping threads took: 0.0529867 seconds
[2019-12-09T02:32:25.085+0000][1][safepoint    ] Application time: 0.0000835 seconds
[2019-12-09T02:32:25.085+0000][1][safepoint    ] Entering safepoint region: BulkRevokeBias
[2019-12-09T02:32:25.085+0000][1][safepoint    ] Leaving safepoint region
[2019-12-09T02:32:25.085+0000][1][safepoint    ] Total time for which application threads were stopped: 0.0000919 seconds, Stopping threads took: 0.0000098 seconds
[2019-12-09T02:32:25.085+0000][1][safepoint    ] Application time: 0.0000659 seconds
[2019-12-09T02:32:25.085+0000][1][safepoint    ] Entering safepoint region: BulkRevokeBias
[2019-12-09T02:32:25.085+0000][1][safepoint    ] Leaving safepoint region
[2019-12-09T02:32:25.085+0000][1][safepoint    ] Total time for which application threads were stopped: 0.0000763 seconds, Stopping threads took: 0.0000090 seconds
[2019-12-09T02:32:25.922+0000][1][safepoint    ] Application time: 0.8364932 seconds
[2019-12-09T02:32:25.922+0000][1][safepoint    ] Entering safepoint region: GenCollectForAllocation
[2019-12-09T02:32:25.922+0000][1][gc,start     ] GC(7) Pause Young (Allocation Failure)
[2019-12-09T02:32:25.922+0000][1][gc,task      ] GC(7) Using 2 workers of 2 for evacuation
[2019-12-09T02:32:25.952+0000][1][gc,age       ] GC(7) Desired survivor size 4456448 bytes, new threshold 6 (max threshold 6)
[2019-12-09T02:32:25.952+0000][1][gc,age       ] GC(7) Age table with threshold 6 (max threshold 6)
[2019-12-09T02:32:25.952+0000][1][gc,age       ] GC(7) - age   1:     375024 bytes,     375024 total
[2019-12-09T02:32:25.952+0000][1][gc,age       ] GC(7) - age   2:    1128800 bytes,    1503824 total
[2019-12-09T02:32:25.952+0000][1][gc,age       ] GC(7) - age   3:    2192384 bytes,    3696208 total
[2019-12-09T02:32:25.952+0000][1][gc,age       ] GC(7) - age   4:     442856 bytes,    4139064 total
[2019-12-09T02:32:25.952+0000][1][gc,heap      ] GC(7) ParNew: 76039K->5130K(78656K)
[2019-12-09T02:32:25.952+0000][1][gc,heap      ] GC(7) CMS: 11626K->11626K(174784K)
[2019-12-09T02:32:25.952+0000][1][gc,metaspace ] GC(7) Metaspace: 19659K->19659K(1067008K)
[2019-12-09T02:32:25.952+0000][1][gc           ] GC(7) Pause Young (Allocation Failure) 85M->16M(247M) 30.072ms
[2019-12-09T02:32:25.952+0000][1][gc,cpu       ] GC(7) User=0.02s Sys=0.00s Real=0.03s
[2019-12-09T02:32:25.952+0000][1][safepoint    ] Leaving safepoint region
[2019-12-09T02:32:25.952+0000][1][safepoint    ] Total time for which application threads were stopped: 0.0302198 seconds, Stopping threads took: 0.0000140 seconds
[2019-12-09T02:32:26.669+0000][1][safepoint    ] Application time: 0.7174796 seconds
[2019-12-09T02:32:26.670+0000][1][safepoint    ] Entering safepoint region: CollectForMetadataAllocation
[2019-12-09T02:32:26.670+0000][1][safepoint    ] Leaving safepoint region
[2019-12-09T02:32:26.670+0000][1][safepoint    ] Total time for which application threads were stopped: 0.0002588 seconds, Stopping threads took: 0.0000133 seconds
[2019-12-09T02:32:26.855+0000][1][safepoint    ] Application time: 0.1853369 seconds
[2019-12-09T02:32:26.855+0000][1][safepoint    ] Entering safepoint region: CollectForMetadataAllocation
[2019-12-09T02:32:26.855+0000][1][safepoint    ] Leaving safepoint region
[2019-12-09T02:32:26.855+0000][1][safepoint    ] Total time for which application threads were stopped: 0.0002399 seconds, Stopping threads took: 0.0000149 seconds
[2019-12-09T02:32:27.727+0000][1][safepoint    ] Application time: 0.8720351 seconds
[2019-12-09T02:32:27.727+0000][1][safepoint    ] Entering safepoint region: GenCollectForAllocation
[2019-12-09T02:32:27.728+0000][1][gc,start     ] GC(8) Pause Young (Allocation Failure)
[2019-12-09T02:32:27.728+0000][1][gc,task      ] GC(8) Using 2 workers of 2 for evacuation
[2019-12-09T02:32:27.862+0000][1][gc,age       ] GC(8) Desired survivor size 4456448 bytes, new threshold 4 (max threshold 6)
[2019-12-09T02:32:27.862+0000][1][gc,age       ] GC(8) Age table with threshold 4 (max threshold 6)
[2019-12-09T02:32:27.862+0000][1][gc,age       ] GC(8) - age   1:    1506840 bytes,    1506840 total
[2019-12-09T02:32:27.862+0000][1][gc,age       ] GC(8) - age   2:     356776 bytes,    1863616 total
[2019-12-09T02:32:27.862+0000][1][gc,age       ] GC(8) - age   3:    1128656 bytes,    2992272 total
[2019-12-09T02:32:27.862+0000][1][gc,age       ] GC(8) - age   4:    2190168 bytes,    5182440 total
[2019-12-09T02:32:27.862+0000][1][gc,age       ] GC(8) - age   5:     442856 bytes,    5625296 total
[2019-12-09T02:32:27.862+0000][1][gc,heap      ] GC(8) ParNew: 75082K->5829K(78656K)
[2019-12-09T02:32:27.862+0000][1][gc,heap      ] GC(8) CMS: 11626K->11626K(174784K)
[2019-12-09T02:32:27.862+0000][1][gc,metaspace ] GC(8) Metaspace: 20463K->20463K(1069056K)
[2019-12-09T02:32:27.862+0000][1][gc           ] GC(8) Pause Young (Allocation Failure) 84M->17M(247M) 134.398ms
[2019-12-09T02:32:27.862+0000][1][gc,cpu       ] GC(8) User=0.03s Sys=0.00s Real=0.13s
[2019-12-09T02:32:27.862+0000][1][safepoint    ] Leaving safepoint region
[2019-12-09T02:32:27.862+0000][1][safepoint    ] Total time for which application threads were stopped: 0.1345455 seconds, Stopping threads took: 0.0000231 seconds
[2019-12-09T02:32:27.864+0000][1][safepoint    ] Application time: 0.0017885 seconds
[2019-12-09T02:32:27.916+0000][1][safepoint    ] Entering safepoint region: CMS_Initial_Mark
[2019-12-09T02:32:27.916+0000][1][gc,start     ] GC(9) Pause Initial Mark
[2019-12-09T02:32:27.919+0000][1][gc           ] GC(9) Pause Initial Mark 18M->18M(247M) 3.624ms
[2019-12-09T02:32:27.920+0000][1][gc,cpu       ] GC(9) User=0.00s Sys=0.00s Real=0.00s
[2019-12-09T02:32:27.920+0000][1][safepoint    ] Leaving safepoint region
[2019-12-09T02:32:27.920+0000][1][safepoint    ] Total time for which application threads were stopped: 0.0556937 seconds, Stopping threads took: 0.0519649 seconds
[2019-12-09T02:32:27.920+0000][1][gc           ] GC(9) Concurrent Mark
[2019-12-09T02:32:27.983+0000][1][gc           ] GC(9) Concurrent Mark 63.496ms
[2019-12-09T02:32:27.983+0000][1][gc,cpu       ] GC(9) User=0.03s Sys=0.01s Real=0.06s
[2019-12-09T02:32:27.983+0000][1][gc           ] GC(9) Concurrent Preclean
[2019-12-09T02:32:27.984+0000][1][gc           ] GC(9) Concurrent Preclean 0.358ms
[2019-12-09T02:32:27.984+0000][1][gc,cpu       ] GC(9) User=0.00s Sys=0.00s Real=0.00s
[2019-12-09T02:32:27.984+0000][1][gc           ] GC(9) Concurrent Abortable Preclean
[2019-12-09T02:32:29.007+0000][1][safepoint    ] Application time: 1.0871999 seconds
[2019-12-09T02:32:29.007+0000][1][safepoint    ] Entering safepoint region: GenCollectForAllocation
[2019-12-09T02:32:29.007+0000][1][gc,start     ] GC(10) Pause Young (Allocation Failure)
[2019-12-09T02:32:29.007+0000][1][gc,task      ] GC(10) Using 2 workers of 2 for evacuation
[2019-12-09T02:32:29.225+0000][1][gc,age       ] GC(10) Desired survivor size 4456448 bytes, new threshold 6 (max threshold 6)
[2019-12-09T02:32:29.225+0000][1][gc,age       ] GC(10) Age table with threshold 6 (max threshold 6)
[2019-12-09T02:32:29.225+0000][1][gc,age       ] GC(10) - age   1:     788440 bytes,     788440 total
[2019-12-09T02:32:29.225+0000][1][gc,age       ] GC(10) - age   2:     654056 bytes,    1442496 total
[2019-12-09T02:32:29.225+0000][1][gc,age       ] GC(10) - age   3:     356776 bytes,    1799272 total
[2019-12-09T02:32:29.225+0000][1][gc,age       ] GC(10) - age   4:    1128656 bytes,    2927928 total
[2019-12-09T02:32:29.225+0000][1][gc,heap      ] GC(10) ParNew: 75781K->5091K(78656K)
[2019-12-09T02:32:29.225+0000][1][gc,heap      ] GC(10) CMS: 11626K->14215K(174784K)
[2019-12-09T02:32:29.225+0000][1][gc,metaspace ] GC(10) Metaspace: 20571K->20571K(1069056K)
[2019-12-09T02:32:29.225+0000][1][gc           ] GC(10) Pause Young (Allocation Failure) 85M->18M(247M) 218.271ms
[2019-12-09T02:32:29.225+0000][1][gc,cpu       ] GC(10) User=0.05s Sys=0.00s Real=0.22s
[2019-12-09T02:32:29.225+0000][1][safepoint    ] Leaving safepoint region
[2019-12-09T02:32:29.225+0000][1][safepoint    ] Total time for which application threads were stopped: 0.2183951 seconds, Stopping threads took: 0.0000138 seconds
[2019-12-09T02:32:29.889+0000][1][gc           ] GC(9) Concurrent Abortable Preclean 1905.157ms
[2019-12-09T02:32:29.889+0000][1][gc,cpu       ] GC(9) User=0.52s Sys=0.01s Real=1.91s
[2019-12-09T02:32:29.889+0000][1][safepoint    ] Application time: 0.6635961 seconds
[2019-12-09T02:32:29.902+0000][1][safepoint    ] Entering safepoint region: CMS_Final_Remark
[2019-12-09T02:32:29.902+0000][1][gc,start     ] GC(9) Pause Remark
[2019-12-09T02:32:30.011+0000][1][gc           ] GC(9) Pause Remark 58M->58M(247M) 108.799ms
[2019-12-09T02:32:30.011+0000][1][gc,cpu       ] GC(9) User=0.04s Sys=0.00s Real=0.11s
[2019-12-09T02:32:30.011+0000][1][safepoint    ] Leaving safepoint region
[2019-12-09T02:32:30.011+0000][1][safepoint    ] Total time for which application threads were stopped: 0.1219472 seconds, Stopping threads took: 0.0129877 seconds
[2019-12-09T02:32:30.012+0000][1][gc           ] GC(9) Concurrent Sweep
[2019-12-09T02:32:30.043+0000][1][gc           ] GC(9) Concurrent Sweep 31.266ms
[2019-12-09T02:32:30.043+0000][1][gc,cpu       ] GC(9) User=0.01s Sys=0.00s Real=0.03s
[2019-12-09T02:32:30.043+0000][1][gc           ] GC(9) Concurrent Reset
[2019-12-09T02:32:30.043+0000][1][gc           ] GC(9) Concurrent Reset 0.339ms
[2019-12-09T02:32:30.043+0000][1][gc,cpu       ] GC(9) User=0.00s Sys=0.00s Real=0.00s
[2019-12-09T02:32:30.043+0000][1][gc,heap      ] GC(9) Old: 11626K->14205K(174784K)
[2019-12-09T02:32:30.491+0000][1][safepoint    ] Application time: 0.4799546 seconds
[2019-12-09T02:32:30.491+0000][1][safepoint    ] Entering safepoint region: GenCollectForAllocation
[2019-12-09T02:32:30.491+0000][1][gc,start     ] GC(11) Pause Young (Allocation Failure)
[2019-12-09T02:32:30.491+0000][1][gc,task      ] GC(11) Using 2 workers of 2 for evacuation
[2019-12-09T02:32:30.620+0000][1][gc,age       ] GC(11) Desired survivor size 4456448 bytes, new threshold 6 (max threshold 6)
[2019-12-09T02:32:30.620+0000][1][gc,age       ] GC(11) Age table with threshold 6 (max threshold 6)
[2019-12-09T02:32:30.620+0000][1][gc,age       ] GC(11) - age   1:     730848 bytes,     730848 total
[2019-12-09T02:32:30.620+0000][1][gc,age       ] GC(11) - age   2:      97456 bytes,     828304 total
[2019-12-09T02:32:30.620+0000][1][gc,age       ] GC(11) - age   3:     654008 bytes,    1482312 total
[2019-12-09T02:32:30.620+0000][1][gc,age       ] GC(11) - age   4:     356672 bytes,    1838984 total
[2019-12-09T02:32:30.620+0000][1][gc,age       ] GC(11) - age   5:    1128368 bytes,    2967352 total
[2019-12-09T02:32:30.620+0000][1][gc,heap      ] GC(11) ParNew: 75043K->4690K(78656K)
[2019-12-09T02:32:30.620+0000][1][gc,heap      ] GC(11) CMS: 14205K->14205K(174784K)
[2019-12-09T02:32:30.620+0000][1][gc,metaspace ] GC(11) Metaspace: 20662K->20662K(1069056K)
[2019-12-09T02:32:30.620+0000][1][gc           ] GC(11) Pause Young (Allocation Failure) 87M->18M(247M) 128.754ms
[2019-12-09T02:32:30.620+0000][1][gc,cpu       ] GC(11) User=0.01s Sys=0.00s Real=0.13s
[2019-12-09T02:32:30.620+0000][1][safepoint    ] Leaving safepoint region
[2019-12-09T02:32:30.620+0000][1][safepoint    ] Total time for which application threads were stopped: 0.1293044 seconds, Stopping threads took: 0.0000114 seconds
[2019-12-09T02:32:31.570+0000][1][safepoint    ] Application time: 0.9495296 seconds
[2019-12-09T02:32:31.570+0000][1][safepoint    ] Entering safepoint region: Deoptimize
[2019-12-09T02:32:31.570+0000][1][safepoint    ] Leaving safepoint region
[2019-12-09T02:32:31.570+0000][1][safepoint    ] Total time for which application threads were stopped: 0.0004462 seconds, Stopping threads took: 0.0000126 seconds
[2019-12-09T02:32:32.570+0000][1][safepoint    ] Application time: 1.0002181 seconds
[2019-12-09T02:32:32.570+0000][1][safepoint    ] Entering safepoint region: Cleanup
[2019-12-09T02:32:32.570+0000][1][safepoint    ] Leaving safepoint region
[2019-12-09T02:32:32.570+0000][1][safepoint    ] Total time for which application threads were stopped: 0.0000713 seconds, Stopping threads took: 0.0000129 seconds
[2019-12-09T02:32:33.227+0000][1][safepoint    ] Application time: 0.6565474 seconds
[2019-12-09T02:32:33.227+0000][1][safepoint    ] Entering safepoint region: GenCollectForAllocation
[2019-12-09T02:32:33.227+0000][1][gc,start     ] GC(12) Pause Young (Allocation Failure)
[2019-12-09T02:32:33.227+0000][1][gc,task      ] GC(12) Using 2 workers of 2 for evacuation
[2019-12-09T02:32:33.306+0000][1][gc,age       ] GC(12) Desired survivor size 4456448 bytes, new threshold 6 (max threshold 6)
[2019-12-09T02:32:33.306+0000][1][gc,age       ] GC(12) Age table with threshold 6 (max threshold 6)
[2019-12-09T02:32:33.306+0000][1][gc,age       ] GC(12) - age   1:     977912 bytes,     977912 total
[2019-12-09T02:32:33.306+0000][1][gc,age       ] GC(12) - age   2:     305568 bytes,    1283480 total
[2019-12-09T02:32:33.306+0000][1][gc,age       ] GC(12) - age   3:      97456 bytes,    1380936 total
[2019-12-09T02:32:33.306+0000][1][gc,age       ] GC(12) - age   4:     653944 bytes,    2034880 total
[2019-12-09T02:32:33.306+0000][1][gc,age       ] GC(12) - age   5:     356672 bytes,    2391552 total
[2019-12-09T02:32:33.306+0000][1][gc,age       ] GC(12) - age   6:    1128368 bytes,    3519920 total
[2019-12-09T02:32:33.306+0000][1][gc,heap      ] GC(12) ParNew: 74642K->5519K(78656K)
[2019-12-09T02:32:33.306+0000][1][gc,heap      ] GC(12) CMS: 14205K->14205K(174784K)
[2019-12-09T02:32:33.306+0000][1][gc,metaspace ] GC(12) Metaspace: 22729K->22729K(1071104K)
[2019-12-09T02:32:33.306+0000][1][gc           ] GC(12) Pause Young (Allocation Failure) 86M->19M(247M) 78.965ms
[2019-12-09T02:32:33.306+0000][1][gc,cpu       ] GC(12) User=0.02s Sys=0.00s Real=0.08s
[2019-12-09T02:32:33.306+0000][1][safepoint    ] Leaving safepoint region
[2019-12-09T02:32:33.306+0000][1][safepoint    ] Total time for which application threads were stopped: 0.0791053 seconds, Stopping threads took: 0.0000147 seconds
[2019-12-09T02:32:34.321+0000][1][safepoint    ] Application time: 1.0146715 seconds
[2019-12-09T02:32:34.405+0000][1][safepoint    ] Entering safepoint region: Cleanup
[2019-12-09T02:32:34.405+0000][1][safepoint    ] Leaving safepoint region
[2019-12-09T02:32:34.406+0000][1][safepoint    ] Total time for which application threads were stopped: 0.0846854 seconds, Stopping threads took: 0.0844473 seconds
[2019-12-09T02:32:34.406+0000][1][safepoint    ] Application time: 0.0003502 seconds
[2019-12-09T02:32:34.406+0000][1][safepoint    ] Entering safepoint region: Deoptimize
[2019-12-09T02:32:34.406+0000][1][safepoint    ] Leaving safepoint region
[2019-12-09T02:32:34.406+0000][1][safepoint    ] Total time for which application threads were stopped: 0.0004307 seconds, Stopping threads took: 0.0000109 seconds
[2019-12-09T02:32:35.202+0000][1][safepoint    ] Application time: 0.7953740 seconds
[2019-12-09T02:32:35.202+0000][1][safepoint    ] Entering safepoint region: Deoptimize
[2019-12-09T02:32:35.202+0000][1][safepoint    ] Leaving safepoint region
[2019-12-09T02:32:35.202+0000][1][safepoint    ] Total time for which application threads were stopped: 0.0004347 seconds, Stopping threads took: 0.0000148 seconds
[2019-12-09T02:32:35.329+0000][1][safepoint    ] Application time: 0.1265221 seconds
[2019-12-09T02:32:35.329+0000][1][safepoint    ] Entering safepoint region: Deoptimize
[2019-12-09T02:32:35.329+0000][1][safepoint    ] Leaving safepoint region
[2019-12-09T02:32:35.329+0000][1][safepoint    ] Total time for which application threads were stopped: 0.0004272 seconds, Stopping threads took: 0.0000132 seconds
[2019-12-09T02:32:35.363+0000][1][safepoint    ] Application time: 0.0334030 seconds
[2019-12-09T02:32:35.363+0000][1][safepoint    ] Entering safepoint region: Deoptimize
[2019-12-09T02:32:35.363+0000][1][safepoint    ] Leaving safepoint region
[2019-12-09T02:32:35.363+0000][1][safepoint    ] Total time for which application threads were stopped: 0.0004892 seconds, Stopping threads took: 0.0000139 seconds
[2019-12-09T02:32:35.443+0000][1][safepoint    ] Application time: 0.0802473 seconds
[2019-12-09T02:32:35.443+0000][1][safepoint    ] Entering safepoint region: RevokeBias
[2019-12-09T02:32:35.443+0000][1][safepoint    ] Leaving safepoint region
[2019-12-09T02:32:35.443+0000][1][safepoint    ] Total time for which application threads were stopped: 0.0000752 seconds, Stopping threads took: 0.0000131 seconds
[2019-12-09T02:32:35.444+0000][1][safepoint    ] Application time: 0.0001137 seconds
[2019-12-09T02:32:35.444+0000][1][safepoint    ] Entering safepoint region: RevokeBias
[2019-12-09T02:32:35.444+0000][1][safepoint    ] Leaving safepoint region
[2019-12-09T02:32:35.444+0000][1][safepoint    ] Total time for which application threads were stopped: 0.0000464 seconds, Stopping threads took: 0.0000095 seconds
[2019-12-09T02:32:35.444+0000][1][safepoint    ] Application time: 0.0001144 seconds
[2019-12-09T02:32:35.444+0000][1][safepoint    ] Entering safepoint region: RevokeBias
[2019-12-09T02:32:35.444+0000][1][safepoint    ] Leaving safepoint region
[2019-12-09T02:32:35.444+0000][1][safepoint    ] Total time for which application threads were stopped: 0.0000498 seconds, Stopping threads took: 0.0000092 seconds
[2019-12-09T02:32:36.473+0000][1][safepoint    ] Application time: 1.0288527 seconds
[2019-12-09T02:32:36.533+0000][1][safepoint    ] Entering safepoint region: Cleanup
[2019-12-09T02:32:36.533+0000][1][safepoint    ] Leaving safepoint region
[2019-12-09T02:32:36.533+0000][1][safepoint    ] Total time for which application threads were stopped: 0.0600093 seconds, Stopping threads took: 0.0599512 seconds
[2019-12-09T02:32:36.957+0000][1][safepoint    ] Application time: 0.4239431 seconds
[2019-12-09T02:32:36.957+0000][1][safepoint    ] Entering safepoint region: RevokeBias
[2019-12-09T02:32:36.957+0000][1][safepoint    ] Leaving safepoint region
[2019-12-09T02:32:36.957+0000][1][safepoint    ] Total time for which application threads were stopped: 0.0000818 seconds, Stopping threads took: 0.0000136 seconds
[2019-12-09T02:32:37.975+0000][1][safepoint    ] Application time: 1.0178864 seconds
[2019-12-09T02:32:38.021+0000][1][safepoint    ] Entering safepoint region: Cleanup
[2019-12-09T02:32:38.021+0000][1][safepoint    ] Leaving safepoint region
[2019-12-09T02:32:38.021+0000][1][safepoint    ] Total time for which application threads were stopped: 0.0462423 seconds, Stopping threads took: 0.0459895 seconds
[2019-12-09T02:32:39.038+0000][1][safepoint    ] Application time: 1.0166962 seconds
[2019-12-09T02:32:39.038+0000][1][safepoint    ] Entering safepoint region: Cleanup
[2019-12-09T02:32:39.038+0000][1][safepoint    ] Leaving safepoint region
[2019-12-09T02:32:39.038+0000][1][safepoint    ] Total time for which application threads were stopped: 0.0000962 seconds, Stopping threads took: 0.0000477 seconds
[2019-12-09T02:32:40.043+0000][1][safepoint    ] Application time: 1.0048518 seconds
[2019-12-09T02:32:40.043+0000][1][safepoint    ] Entering safepoint region: Cleanup
[2019-12-09T02:32:40.043+0000][1][safepoint    ] Leaving safepoint region
[2019-12-09T02:32:40.043+0000][1][safepoint    ] Total time for which application threads were stopped: 0.0001085 seconds, Stopping threads took: 0.0000503 seconds
[2019-12-09T02:32:40.251+0000][1][safepoint    ] Application time: 0.2084677 seconds
[2019-12-09T02:32:40.275+0000][1][safepoint    ] Entering safepoint region: GenCollectForAllocation
[2019-12-09T02:32:40.275+0000][1][gc,start     ] GC(13) Pause Young (Allocation Failure)
[2019-12-09T02:32:40.275+0000][1][gc,task      ] GC(13) Using 2 workers of 2 for evacuation
[2019-12-09T02:32:40.761+0000][1][gc,age       ] GC(13) Desired survivor size 4456448 bytes, new threshold 1 (max threshold 6)
[2019-12-09T02:32:40.761+0000][1][gc,age       ] GC(13) Age table with threshold 1 (max threshold 6)
[2019-12-09T02:32:40.761+0000][1][gc,age       ] GC(13) - age   1:    6927568 bytes,    6927568 total
[2019-12-09T02:32:40.761+0000][1][gc,age       ] GC(13) - age   2:     622456 bytes,    7550024 total
[2019-12-09T02:32:40.761+0000][1][gc,age       ] GC(13) - age   3:     302552 bytes,    7852576 total
[2019-12-09T02:32:40.761+0000][1][gc,age       ] GC(13) - age   4:      95144 bytes,    7947720 total
[2019-12-09T02:32:40.761+0000][1][gc,age       ] GC(13) - age   5:     611616 bytes,    8559336 total
[2019-12-09T02:32:40.761+0000][1][gc,age       ] GC(13) - age   6:     353328 bytes,    8912664 total
[2019-12-09T02:32:40.761+0000][1][gc,heap      ] GC(13) ParNew: 75471K->8704K(78656K)
[2019-12-09T02:32:40.761+0000][1][gc,heap      ] GC(13) CMS: 14205K->21833K(174784K)
[2019-12-09T02:32:40.762+0000][1][gc,metaspace ] GC(13) Metaspace: 27232K->27232K(1075200K)
[2019-12-09T02:32:40.762+0000][1][gc           ] GC(13) Pause Young (Allocation Failure) 87M->29M(247M) 486.707ms
[2019-12-09T02:32:40.762+0000][1][gc,cpu       ] GC(13) User=0.13s Sys=0.00s Real=0.48s
[2019-12-09T02:32:40.762+0000][1][safepoint    ] Leaving safepoint region
[2019-12-09T02:32:40.762+0000][1][safepoint    ] Total time for which application threads were stopped: 0.5102003 seconds, Stopping threads took: 0.0233692 seconds
[2019-12-09T02:32:41.762+0000][1][safepoint    ] Application time: 1.0001125 seconds
[2019-12-09T02:32:41.766+0000][1][safepoint    ] Entering safepoint region: Cleanup
[2019-12-09T02:32:41.766+0000][1][safepoint    ] Leaving safepoint region
[2019-12-09T02:32:41.766+0000][1][safepoint    ] Total time for which application threads were stopped: 0.0040793 seconds, Stopping threads took: 0.0040294 seconds
[2019-12-09T02:32:42.767+0000][1][safepoint    ] Application time: 1.0009212 seconds
[2019-12-09T02:32:42.822+0000][1][safepoint    ] Entering safepoint region: Cleanup
[2019-12-09T02:32:42.822+0000][1][safepoint    ] Leaving safepoint region
[2019-12-09T02:32:42.822+0000][1][safepoint    ] Total time for which application threads were stopped: 0.0552830 seconds, Stopping threads took: 0.0552345 seconds
[2019-12-09T02:32:43.832+0000][1][safepoint    ] Application time: 1.0096303 seconds
[2019-12-09T02:32:43.838+0000][1][safepoint    ] Entering safepoint region: Cleanup
[2019-12-09T02:32:43.838+0000][1][safepoint    ] Leaving safepoint region
[2019-12-09T02:32:43.838+0000][1][safepoint    ] Total time for which application threads were stopped: 0.0060550 seconds, Stopping threads took: 0.0059950 seconds
[2019-12-09T02:32:44.872+0000][1][safepoint    ] Application time: 1.0338944 seconds
[2019-12-09T02:32:44.936+0000][1][safepoint    ] Entering safepoint region: Cleanup
[2019-12-09T02:32:44.936+0000][1][safepoint    ] Leaving safepoint region
[2019-12-09T02:32:44.936+0000][1][safepoint    ] Total time for which application threads were stopped: 0.0641126 seconds, Stopping threads took: 0.0640700 seconds
[2019-12-09T02:32:45.316+0000][1][safepoint    ] Application time: 0.3796622 seconds
[2019-12-09T02:32:45.316+0000][1][safepoint    ] Entering safepoint region: GenCollectForAllocation
[2019-12-09T02:32:45.316+0000][1][gc,start     ] GC(14) Pause Young (Allocation Failure)
[2019-12-09T02:32:45.316+0000][1][gc,task      ] GC(14) Using 2 workers of 2 for evacuation
[2019-12-09T02:32:45.899+0000][1][gc,age       ] GC(14) Desired survivor size 4456448 bytes, new threshold 1 (max threshold 6)
[2019-12-09T02:32:45.899+0000][1][gc,age       ] GC(14) Age table with threshold 1 (max threshold 6)
[2019-12-09T02:32:45.899+0000][1][gc,age       ] GC(14) - age   1:    8912808 bytes,    8912808 total
[2019-12-09T02:32:45.899+0000][1][gc,heap      ] GC(14) ParNew: 78656K->8704K(78656K)
[2019-12-09T02:32:45.899+0000][1][gc,heap      ] GC(14) CMS: 21833K->34635K(174784K)
[2019-12-09T02:32:45.899+0000][1][gc,metaspace ] GC(14) Metaspace: 27380K->27380K(1075200K)
[2019-12-09T02:32:45.899+0000][1][gc           ] GC(14) Pause Young (Allocation Failure) 98M->42M(247M) 583.578ms
[2019-12-09T02:32:45.899+0000][1][gc,cpu       ] GC(14) User=0.11s Sys=0.00s Real=0.58s
[2019-12-09T02:32:45.899+0000][1][safepoint    ] Leaving safepoint region
[2019-12-09T02:32:45.899+0000][1][safepoint    ] Total time for which application threads were stopped: 0.5837061 seconds, Stopping threads took: 0.0000149 seconds
[2019-12-09T02:32:48.938+0000][1][safepoint    ] Application time: 3.0382281 seconds
[2019-12-09T02:32:48.964+0000][1][safepoint    ] Entering safepoint region: Cleanup
[2019-12-09T02:32:48.964+0000][1][safepoint    ] Leaving safepoint region
[2019-12-09T02:32:48.964+0000][1][safepoint    ] Total time for which application threads were stopped: 0.0263173 seconds, Stopping threads took: 0.0262561 seconds
[2019-12-09T02:32:49.972+0000][1][safepoint    ] Application time: 1.0078284 seconds
[2019-12-09T02:32:49.972+0000][1][safepoint    ] Entering safepoint region: Cleanup
[2019-12-09T02:32:49.972+0000][1][safepoint    ] Leaving safepoint region
[2019-12-09T02:32:49.972+0000][1][safepoint    ] Total time for which application threads were stopped: 0.0001669 seconds, Stopping threads took: 0.0000902 seconds
[2019-12-09T02:32:50.147+0000][1][safepoint    ] Application time: 0.1747965 seconds
[2019-12-09T02:32:50.147+0000][1][safepoint    ] Entering safepoint region: GenCollectForAllocation
[2019-12-09T02:32:50.147+0000][1][gc,start     ] GC(15) Pause Young (Allocation Failure)
[2019-12-09T02:32:50.147+0000][1][gc,task      ] GC(15) Using 2 workers of 2 for evacuation
[2019-12-09T02:32:50.782+0000][1][gc,age       ] GC(15) Desired survivor size 4456448 bytes, new threshold 1 (max threshold 6)
[2019-12-09T02:32:50.782+0000][1][gc,age       ] GC(15) Age table with threshold 1 (max threshold 6)
[2019-12-09T02:32:50.782+0000][1][gc,age       ] GC(15) - age   1:    7023640 bytes,    7023640 total
[2019-12-09T02:32:50.782+0000][1][gc,heap      ] GC(15) ParNew: 78656K->8704K(78656K)
[2019-12-09T02:32:50.782+0000][1][gc,heap      ] GC(15) CMS: 34635K->48196K(174784K)
[2019-12-09T02:32:50.782+0000][1][gc,metaspace ] GC(15) Metaspace: 29314K->29314K(1077248K)
[2019-12-09T02:32:50.782+0000][1][gc           ] GC(15) Pause Young (Allocation Failure) 110M->55M(247M) 635.152ms
[2019-12-09T02:32:50.782+0000][1][gc,cpu       ] GC(15) User=0.19s Sys=0.00s Real=0.63s
[2019-12-09T02:32:50.782+0000][1][safepoint    ] Leaving safepoint region
[2019-12-09T02:32:50.782+0000][1][safepoint    ] Total time for which application threads were stopped: 0.6352978 seconds, Stopping threads took: 0.0000239 seconds
[2019-12-09T02:32:51.785+0000][1][safepoint    ] Application time: 1.0027179 seconds
[2019-12-09T02:32:51.785+0000][1][safepoint    ] Entering safepoint region: Cleanup
[2019-12-09T02:32:51.785+0000][1][safepoint    ] Leaving safepoint region
[2019-12-09T02:32:51.785+0000][1][safepoint    ] Total time for which application threads were stopped: 0.0001611 seconds, Stopping threads took: 0.0001163 seconds
[2019-12-09T02:32:52.832+0000][1][safepoint    ] Application time: 1.0467179 seconds
[2019-12-09T02:32:52.839+0000][1][safepoint    ] Entering safepoint region: Cleanup
[2019-12-09T02:32:52.839+0000][1][safepoint    ] Leaving safepoint region
[2019-12-09T02:32:52.839+0000][1][safepoint    ] Total time for which application threads were stopped: 0.0070720 seconds, Stopping threads took: 0.0070227 seconds
[2019-12-09T02:32:53.687+0000][1][safepoint    ] Application time: 0.8478613 seconds
[2019-12-09T02:32:53.687+0000][1][safepoint    ] Entering safepoint region: GenCollectForAllocation
[2019-12-09T02:32:53.687+0000][1][gc,start     ] GC(16) Pause Young (Allocation Failure)
[2019-12-09T02:32:53.687+0000][1][gc,task      ] GC(16) Using 2 workers of 2 for evacuation
[2019-12-09T02:32:53.848+0000][1][gc,age       ] GC(16) Desired survivor size 4456448 bytes, new threshold 6 (max threshold 6)
[2019-12-09T02:32:53.848+0000][1][gc,age       ] GC(16) Age table with threshold 6 (max threshold 6)
[2019-12-09T02:32:53.848+0000][1][gc,age       ] GC(16) - age   1:    1303976 bytes,    1303976 total
[2019-12-09T02:32:53.848+0000][1][gc,heap      ] GC(16) ParNew: 78656K->7235K(78656K)
[2019-12-09T02:32:53.848+0000][1][gc,heap      ] GC(16) CMS: 48196K->55109K(174784K)
[2019-12-09T02:32:53.848+0000][1][gc,metaspace ] GC(16) Metaspace: 33090K->33090K(1079296K)
[2019-12-09T02:32:53.848+0000][1][gc           ] GC(16) Pause Young (Allocation Failure) 123M->60M(247M) 161.459ms
[2019-12-09T02:32:53.848+0000][1][gc,cpu       ] GC(16) User=0.05s Sys=0.00s Real=0.16s
[2019-12-09T02:32:53.848+0000][1][safepoint    ] Leaving safepoint region
[2019-12-09T02:32:53.848+0000][1][safepoint    ] Total time for which application threads were stopped: 0.1616109 seconds, Stopping threads took: 0.0000144 seconds
[2019-12-09T02:32:54.852+0000][1][safepoint    ] Application time: 1.0033380 seconds
[2019-12-09T02:32:54.869+0000][1][safepoint    ] Entering safepoint region: Cleanup
[2019-12-09T02:32:54.869+0000][1][safepoint    ] Leaving safepoint region
[2019-12-09T02:32:54.869+0000][1][safepoint    ] Total time for which application threads were stopped: 0.0170719 seconds, Stopping threads took: 0.0170188 seconds
[2019-12-09T02:32:55.881+0000][1][safepoint    ] Application time: 1.0118829 seconds
[2019-12-09T02:32:55.916+0000][1][safepoint    ] Entering safepoint region: Cleanup
[2019-12-09T02:32:55.916+0000][1][safepoint    ] Leaving safepoint region
[2019-12-09T02:32:55.916+0000][1][safepoint    ] Total time for which application threads were stopped: 0.0356309 seconds, Stopping threads took: 0.0355649 seconds
[2019-12-09T02:32:56.145+0000][1][safepoint    ] Application time: 0.2285714 seconds
[2019-12-09T02:32:56.185+0000][1][safepoint    ] Entering safepoint region: CollectForMetadataAllocation
[2019-12-09T02:32:56.185+0000][1][safepoint    ] Leaving safepoint region
[2019-12-09T02:32:56.185+0000][1][safepoint    ] Total time for which application threads were stopped: 0.0399863 seconds, Stopping threads took: 0.0397463 seconds
[2019-12-09T02:32:56.389+0000][1][safepoint    ] Application time: 0.2044130 seconds
[2019-12-09T02:32:56.389+0000][1][safepoint    ] Entering safepoint region: CollectForMetadataAllocation
[2019-12-09T02:32:56.390+0000][1][safepoint    ] Leaving safepoint region
[2019-12-09T02:32:56.390+0000][1][safepoint    ] Total time for which application threads were stopped: 0.0002808 seconds, Stopping threads took: 0.0000145 seconds
[2019-12-09T02:32:56.767+0000][1][safepoint    ] Application time: 0.3769725 seconds
[2019-12-09T02:32:56.767+0000][1][safepoint    ] Entering safepoint region: CollectForMetadataAllocation
[2019-12-09T02:32:56.767+0000][1][safepoint    ] Leaving safepoint region
[2019-12-09T02:32:56.767+0000][1][safepoint    ] Total time for which application threads were stopped: 0.0002170 seconds, Stopping threads took: 0.0000117 seconds
[2019-12-09T02:32:57.003+0000][1][safepoint    ] Application time: 0.2363917 seconds
[2019-12-09T02:32:57.003+0000][1][safepoint    ] Entering safepoint region: CollectForMetadataAllocation
[2019-12-09T02:32:57.004+0000][1][safepoint    ] Leaving safepoint region
[2019-12-09T02:32:57.004+0000][1][safepoint    ] Total time for which application threads were stopped: 0.0002778 seconds, Stopping threads took: 0.0000145 seconds
[2019-12-09T02:32:57.161+0000][1][safepoint    ] Application time: 0.1574990 seconds
[2019-12-09T02:32:57.161+0000][1][safepoint    ] Entering safepoint region: CollectForMetadataAllocation
[2019-12-09T02:32:57.161+0000][1][safepoint    ] Leaving safepoint region
[2019-12-09T02:32:57.161+0000][1][safepoint    ] Total time for which application threads were stopped: 0.0002221 seconds, Stopping threads took: 0.0000122 seconds
[2019-12-09T02:32:57.275+0000][1][safepoint    ] Application time: 0.1133701 seconds
[2019-12-09T02:32:57.275+0000][1][safepoint    ] Entering safepoint region: GenCollectForAllocation
[2019-12-09T02:32:57.275+0000][1][gc,start     ] GC(17) Pause Young (Allocation Failure)
[2019-12-09T02:32:57.275+0000][1][gc,task      ] GC(17) Using 2 workers of 2 for evacuation
[2019-12-09T02:32:57.432+0000][1][gc,age       ] GC(17) Desired survivor size 4456448 bytes, new threshold 6 (max threshold 6)
[2019-12-09T02:32:57.432+0000][1][gc,age       ] GC(17) Age table with threshold 6 (max threshold 6)
[2019-12-09T02:32:57.432+0000][1][gc,age       ] GC(17) - age   1:    1894408 bytes,    1894408 total
[2019-12-09T02:32:57.432+0000][1][gc,age       ] GC(17) - age   2:    1236920 bytes,    3131328 total
[2019-12-09T02:32:57.432+0000][1][gc,heap      ] GC(17) ParNew: 77187K->4095K(78656K)
[2019-12-09T02:32:57.432+0000][1][gc,heap      ] GC(17) CMS: 55109K->55109K(174784K)
[2019-12-09T02:32:57.432+0000][1][gc,metaspace ] GC(17) Metaspace: 35049K->35049K(1081344K)
[2019-12-09T02:32:57.432+0000][1][gc           ] GC(17) Pause Young (Allocation Failure) 129M->57M(247M) 157.145ms
[2019-12-09T02:32:57.432+0000][1][gc,cpu       ] GC(17) User=0.02s Sys=0.00s Real=0.15s
[2019-12-09T02:32:57.432+0000][1][safepoint    ] Leaving safepoint region
[2019-12-09T02:32:57.432+0000][1][safepoint    ] Total time for which application threads were stopped: 0.1572745 seconds, Stopping threads took: 0.0000125 seconds
[2019-12-09T02:32:57.435+0000][1][safepoint    ] Application time: 0.0025861 seconds
[2019-12-09T02:32:57.435+0000][1][safepoint    ] Entering safepoint region: CMS_Initial_Mark
[2019-12-09T02:32:57.435+0000][1][gc,start     ] GC(18) Pause Initial Mark
[2019-12-09T02:32:57.440+0000][1][gc           ] GC(18) Pause Initial Mark 59M->59M(247M) 4.526ms
[2019-12-09T02:32:57.440+0000][1][gc,cpu       ] GC(18) User=0.01s Sys=0.00s Real=0.00s
[2019-12-09T02:32:57.440+0000][1][safepoint    ] Leaving safepoint region
[2019-12-09T02:32:57.440+0000][1][safepoint    ] Total time for which application threads were stopped: 0.0048453 seconds, Stopping threads took: 0.0002319 seconds
[2019-12-09T02:32:57.440+0000][1][gc           ] GC(18) Concurrent Mark
[2019-12-09T02:32:57.470+0000][1][safepoint    ] Application time: 0.0299980 seconds
[2019-12-09T02:32:57.470+0000][1][safepoint    ] Entering safepoint region: CollectForMetadataAllocation
[2019-12-09T02:32:57.470+0000][1][safepoint    ] Leaving safepoint region
[2019-12-09T02:32:57.470+0000][1][safepoint    ] Total time for which application threads were stopped: 0.0002465 seconds, Stopping threads took: 0.0000132 seconds
[2019-12-09T02:32:57.661+0000][1][safepoint    ] Application time: 0.1912368 seconds
[2019-12-09T02:32:57.661+0000][1][safepoint    ] Entering safepoint region: CollectForMetadataAllocation
[2019-12-09T02:32:57.661+0000][1][safepoint    ] Leaving safepoint region
[2019-12-09T02:32:57.661+0000][1][safepoint    ] Total time for which application threads were stopped: 0.0002233 seconds, Stopping threads took: 0.0000130 seconds
[2019-12-09T02:32:58.032+0000][1][safepoint    ] Application time: 0.3703427 seconds
[2019-12-09T02:32:58.032+0000][1][safepoint    ] Entering safepoint region: CollectForMetadataAllocation
[2019-12-09T02:32:58.032+0000][1][safepoint    ] Leaving safepoint region
[2019-12-09T02:32:58.032+0000][1][safepoint    ] Total time for which application threads were stopped: 0.0001560 seconds, Stopping threads took: 0.0000146 seconds
[2019-12-09T02:32:58.281+0000][1][gc           ] GC(18) Concurrent Mark 841.244ms
[2019-12-09T02:32:58.281+0000][1][gc,cpu       ] GC(18) User=0.23s Sys=0.00s Real=0.84s
[2019-12-09T02:32:58.281+0000][1][gc           ] GC(18) Concurrent Preclean
[2019-12-09T02:32:58.282+0000][1][gc           ] GC(18) Concurrent Preclean 1.114ms
[2019-12-09T02:32:58.282+0000][1][gc,cpu       ] GC(18) User=0.00s Sys=0.00s Real=0.00s
[2019-12-09T02:32:58.282+0000][1][gc           ] GC(18) Concurrent Abortable Preclean
[2019-12-09T02:32:58.334+0000][1][safepoint    ] Application time: 0.3017661 seconds
[2019-12-09T02:32:58.334+0000][1][safepoint    ] Entering safepoint region: CollectForMetadataAllocation
[2019-12-09T02:32:58.334+0000][1][safepoint    ] Leaving safepoint region
[2019-12-09T02:32:58.334+0000][1][safepoint    ] Total time for which application threads were stopped: 0.0002364 seconds, Stopping threads took: 0.0000149 seconds
[2019-12-09T02:32:58.621+0000][1][safepoint    ] Application time: 0.2867186 seconds
[2019-12-09T02:32:58.621+0000][1][safepoint    ] Entering safepoint region: CollectForMetadataAllocation
[2019-12-09T02:32:58.621+0000][1][safepoint    ] Leaving safepoint region
[2019-12-09T02:32:58.621+0000][1][safepoint    ] Total time for which application threads were stopped: 0.0002252 seconds, Stopping threads took: 0.0000150 seconds
[2019-12-09T02:32:58.946+0000][1][safepoint    ] Application time: 0.3247353 seconds
[2019-12-09T02:32:58.946+0000][1][safepoint    ] Entering safepoint region: CollectForMetadataAllocation
[2019-12-09T02:32:58.946+0000][1][safepoint    ] Leaving safepoint region
[2019-12-09T02:32:58.946+0000][1][safepoint    ] Total time for which application threads were stopped: 0.0002540 seconds, Stopping threads took: 0.0000148 seconds
[2019-12-09T02:32:59.024+0000][1][safepoint    ] Application time: 0.0776238 seconds
[2019-12-09T02:32:59.024+0000][1][safepoint    ] Entering safepoint region: RevokeBias
[2019-12-09T02:32:59.024+0000][1][safepoint    ] Leaving safepoint region
[2019-12-09T02:32:59.024+0000][1][safepoint    ] Total time for which application threads were stopped: 0.0001478 seconds, Stopping threads took: 0.0000163 seconds
[2019-12-09T02:32:59.058+0000][1][safepoint    ] Application time: 0.0344551 seconds
[2019-12-09T02:32:59.058+0000][1][safepoint    ] Entering safepoint region: CollectForMetadataAllocation
[2019-12-09T02:32:59.059+0000][1][safepoint    ] Leaving safepoint region
[2019-12-09T02:32:59.059+0000][1][safepoint    ] Total time for which application threads were stopped: 0.0002284 seconds, Stopping threads took: 0.0000140 seconds
[2019-12-09T02:32:59.471+0000][1][safepoint    ] Application time: 0.4121538 seconds
[2019-12-09T02:32:59.471+0000][1][safepoint    ] Entering safepoint region: CollectForMetadataAllocation
[2019-12-09T02:32:59.471+0000][1][safepoint    ] Leaving safepoint region
[2019-12-09T02:32:59.471+0000][1][safepoint    ] Total time for which application threads were stopped: 0.0001908 seconds, Stopping threads took: 0.0000149 seconds
[2019-12-09T02:32:59.820+0000][1][safepoint    ] Application time: 0.3487362 seconds
[2019-12-09T02:32:59.820+0000][1][safepoint    ] Entering safepoint region: CollectForMetadataAllocation
[2019-12-09T02:32:59.820+0000][1][safepoint    ] Leaving safepoint region
[2019-12-09T02:32:59.820+0000][1][safepoint    ] Total time for which application threads were stopped: 0.0002110 seconds, Stopping threads took: 0.0000122 seconds
[2019-12-09T02:32:59.972+0000][1][safepoint    ] Application time: 0.1517841 seconds
[2019-12-09T02:32:59.972+0000][1][safepoint    ] Entering safepoint region: CollectForMetadataAllocation
[2019-12-09T02:32:59.972+0000][1][safepoint    ] Leaving safepoint region
[2019-12-09T02:32:59.972+0000][1][safepoint    ] Total time for which application threads were stopped: 0.0002654 seconds, Stopping threads took: 0.0000150 seconds
[2019-12-09T02:33:00.246+0000][1][safepoint    ] Application time: 0.2736724 seconds
[2019-12-09T02:33:00.246+0000][1][safepoint    ] Entering safepoint region: CollectForMetadataAllocation
[2019-12-09T02:33:00.246+0000][1][safepoint    ] Leaving safepoint region
[2019-12-09T02:33:00.246+0000][1][safepoint    ] Total time for which application threads were stopped: 0.0002228 seconds, Stopping threads took: 0.0000155 seconds
[2019-12-09T02:33:00.575+0000][1][safepoint    ] Application time: 0.3287306 seconds
[2019-12-09T02:33:00.575+0000][1][safepoint    ] Entering safepoint region: CollectForMetadataAllocation
[2019-12-09T02:33:00.575+0000][1][safepoint    ] Leaving safepoint region
[2019-12-09T02:33:00.575+0000][1][safepoint    ] Total time for which application threads were stopped: 0.0002291 seconds, Stopping threads took: 0.0000151 seconds
[2019-12-09T02:33:01.006+0000][1][safepoint    ] Application time: 0.4307033 seconds
[2019-12-09T02:33:01.006+0000][1][safepoint    ] Entering safepoint region: CollectForMetadataAllocation
[2019-12-09T02:33:01.006+0000][1][safepoint    ] Leaving safepoint region
[2019-12-09T02:33:01.006+0000][1][safepoint    ] Total time for which application threads were stopped: 0.0002209 seconds, Stopping threads took: 0.0000155 seconds
[2019-12-09T02:33:01.232+0000][1][safepoint    ] Application time: 0.2260137 seconds
[2019-12-09T02:33:01.232+0000][1][safepoint    ] Entering safepoint region: CollectForMetadataAllocation
[2019-12-09T02:33:01.232+0000][1][safepoint    ] Leaving safepoint region
[2019-12-09T02:33:01.232+0000][1][safepoint    ] Total time for which application threads were stopped: 0.0002418 seconds, Stopping threads took: 0.0000147 seconds
[2019-12-09T02:33:01.502+0000][1][safepoint    ] Application time: 0.2693937 seconds
[2019-12-09T02:33:01.502+0000][1][safepoint    ] Entering safepoint region: CollectForMetadataAllocation
[2019-12-09T02:33:01.502+0000][1][safepoint    ] Leaving safepoint region
[2019-12-09T02:33:01.502+0000][1][safepoint    ] Total time for which application threads were stopped: 0.0002631 seconds, Stopping threads took: 0.0000178 seconds
[2019-12-09T02:33:02.026+0000][1][safepoint    ] Application time: 0.5238074 seconds
[2019-12-09T02:33:02.026+0000][1][safepoint    ] Entering safepoint region: CollectForMetadataAllocation
[2019-12-09T02:33:02.026+0000][1][safepoint    ] Leaving safepoint region
[2019-12-09T02:33:02.026+0000][1][safepoint    ] Total time for which application threads were stopped: 0.0002676 seconds, Stopping threads took: 0.0001158 seconds
[2019-12-09T02:33:02.283+0000][1][safepoint    ] Application time: 0.2566291 seconds
[2019-12-09T02:33:02.283+0000][1][safepoint    ] Entering safepoint region: CollectForMetadataAllocation
[2019-12-09T02:33:02.283+0000][1][safepoint    ] Leaving safepoint region
[2019-12-09T02:33:02.283+0000][1][safepoint    ] Total time for which application threads were stopped: 0.0001714 seconds, Stopping threads took: 0.0000134 seconds
[2019-12-09T02:33:02.498+0000][1][safepoint    ] Application time: 0.2147927 seconds
[2019-12-09T02:33:02.498+0000][1][safepoint    ] Entering safepoint region: CollectForMetadataAllocation
[2019-12-09T02:33:02.498+0000][1][safepoint    ] Leaving safepoint region
[2019-12-09T02:33:02.498+0000][1][safepoint    ] Total time for which application threads were stopped: 0.0002394 seconds, Stopping threads took: 0.0000155 seconds
[2019-12-09T02:33:02.793+0000][1][safepoint    ] Application time: 0.2946823 seconds
[2019-12-09T02:33:02.793+0000][1][safepoint    ] Entering safepoint region: CollectForMetadataAllocation
[2019-12-09T02:33:02.793+0000][1][safepoint    ] Leaving safepoint region
[2019-12-09T02:33:02.793+0000][1][safepoint    ] Total time for which application threads were stopped: 0.0002523 seconds, Stopping threads took: 0.0000176 seconds
[2019-12-09T02:33:02.971+0000][1][safepoint    ] Application time: 0.1777025 seconds
[2019-12-09T02:33:02.971+0000][1][safepoint    ] Entering safepoint region: CollectForMetadataAllocation
[2019-12-09T02:33:02.971+0000][1][safepoint    ] Leaving safepoint region
[2019-12-09T02:33:02.971+0000][1][safepoint    ] Total time for which application threads were stopped: 0.0002276 seconds, Stopping threads took: 0.0000154 seconds
[2019-12-09T02:33:03.330+0000][1][safepoint    ] Application time: 0.3587160 seconds
[2019-12-09T02:33:03.330+0000][1][safepoint    ] Entering safepoint region: CollectForMetadataAllocation
[2019-12-09T02:33:03.330+0000][1][safepoint    ] Leaving safepoint region
[2019-12-09T02:33:03.330+0000][1][safepoint    ] Total time for which application threads were stopped: 0.0002474 seconds, Stopping threads took: 0.0000145 seconds
[2019-12-09T02:33:03.623+0000][1][gc           ] GC(18) Concurrent Abortable Preclean 5340.981ms
[2019-12-09T02:33:03.623+0000][1][gc,cpu       ] GC(18) User=1.43s Sys=0.03s Real=5.34s
[2019-12-09T02:33:03.623+0000][1][safepoint    ] Application time: 0.2931541 seconds
[2019-12-09T02:33:03.695+0000][1][safepoint    ] Entering safepoint region: CMS_Final_Remark
[2019-12-09T02:33:03.695+0000][1][gc,start     ] GC(18) Pause Remark
[2019-12-09T02:33:03.935+0000][1][gc           ] GC(18) Pause Remark 87M->87M(247M) 240.145ms
[2019-12-09T02:33:03.935+0000][1][gc,cpu       ] GC(18) User=0.03s Sys=0.00s Real=0.24s
[2019-12-09T02:33:03.935+0000][1][safepoint    ] Leaving safepoint region
[2019-12-09T02:33:03.935+0000][1][safepoint    ] Total time for which application threads were stopped: 0.3118946 seconds, Stopping threads took: 0.0716050 seconds
[2019-12-09T02:33:03.960+0000][1][gc           ] GC(18) Concurrent Sweep
[2019-12-09T02:33:04.050+0000][1][safepoint    ] Application time: 0.1149675 seconds
[2019-12-09T02:33:04.050+0000][1][safepoint    ] Entering safepoint region: CollectForMetadataAllocation
[2019-12-09T02:33:04.051+0000][1][safepoint    ] Leaving safepoint region
[2019-12-09T02:33:04.051+0000][1][safepoint    ] Total time for which application threads were stopped: 0.0010345 seconds, Stopping threads took: 0.0000168 seconds
[2019-12-09T02:33:04.322+0000][1][gc           ] GC(18) Concurrent Sweep 362.567ms
[2019-12-09T02:33:04.322+0000][1][gc,cpu       ] GC(18) User=0.11s Sys=0.00s Real=0.36s
[2019-12-09T02:33:04.322+0000][1][gc           ] GC(18) Concurrent Reset
[2019-12-09T02:33:04.323+0000][1][gc           ] GC(18) Concurrent Reset 0.342ms
[2019-12-09T02:33:04.323+0000][1][gc,cpu       ] GC(18) User=0.00s Sys=0.00s Real=0.00s
[2019-12-09T02:33:04.323+0000][1][gc,heap      ] GC(18) Old: 55109K->54883K(174784K)
[2019-12-09T02:33:04.399+0000][1][safepoint    ] Application time: 0.3475690 seconds
[2019-12-09T02:33:04.399+0000][1][safepoint    ] Entering safepoint region: RevokeBias
[2019-12-09T02:33:04.399+0000][1][safepoint    ] Leaving safepoint region
[2019-12-09T02:33:04.399+0000][1][safepoint    ] Total time for which application threads were stopped: 0.0001291 seconds, Stopping threads took: 0.0000159 seconds
[2019-12-09T02:33:04.399+0000][1][safepoint    ] Application time: 0.0000796 seconds
[2019-12-09T02:33:04.399+0000][1][safepoint    ] Entering safepoint region: RevokeBias
[2019-12-09T02:33:04.399+0000][1][safepoint    ] Leaving safepoint region
[2019-12-09T02:33:04.399+0000][1][safepoint    ] Total time for which application threads were stopped: 0.0000629 seconds, Stopping threads took: 0.0000092 seconds
[2019-12-09T02:33:05.403+0000][1][safepoint    ] Application time: 1.0036433 seconds
[2019-12-09T02:33:05.465+0000][1][safepoint    ] Entering safepoint region: Cleanup
[2019-12-09T02:33:05.465+0000][1][safepoint    ] Leaving safepoint region
[2019-12-09T02:33:05.465+0000][1][safepoint    ] Total time for which application threads were stopped: 0.0620751 seconds, Stopping threads took: 0.0620189 seconds
[2019-12-09T02:33:08.488+0000][1][safepoint    ] Application time: 3.0228708 seconds
[2019-12-09T02:33:08.535+0000][1][safepoint    ] Entering safepoint region: Cleanup
[2019-12-09T02:33:08.535+0000][1][safepoint    ] Leaving safepoint region
[2019-12-09T02:33:08.535+0000][1][safepoint    ] Total time for which application threads were stopped: 0.0471651 seconds, Stopping threads took: 0.0471025 seconds
[2019-12-09T02:33:09.189+0000][1][safepoint    ] Application time: 0.6540678 seconds
[2019-12-09T02:33:09.263+0000][1][safepoint    ] Entering safepoint region: RevokeBias
[2019-12-09T02:33:09.263+0000][1][safepoint    ] Leaving safepoint region
[2019-12-09T02:33:09.263+0000][1][safepoint    ] Total time for which application threads were stopped: 0.0738307 seconds, Stopping threads took: 0.0737197 seconds
[2019-12-09T02:33:09.360+0000][1][safepoint    ] Application time: 0.0969524 seconds
[2019-12-09T02:33:09.428+0000][1][safepoint    ] Entering safepoint region: RevokeBias
[2019-12-09T02:33:09.428+0000][1][safepoint    ] Leaving safepoint region
[2019-12-09T02:33:09.428+0000][1][safepoint    ] Total time for which application threads were stopped: 0.0679936 seconds, Stopping threads took: 0.0678898 seconds
[2019-12-09T02:33:09.428+0000][1][safepoint    ] Application time: 0.0001919 seconds
[2019-12-09T02:33:09.428+0000][1][safepoint    ] Entering safepoint region: RevokeBias
[2019-12-09T02:33:09.428+0000][1][safepoint    ] Leaving safepoint region
[2019-12-09T02:33:09.428+0000][1][safepoint    ] Total time for which application threads were stopped: 0.0001073 seconds, Stopping threads took: 0.0000096 seconds
[2019-12-09T02:33:09.428+0000][1][safepoint    ] Application time: 0.0002317 seconds
[2019-12-09T02:33:09.428+0000][1][safepoint    ] Entering safepoint region: RevokeBias
[2019-12-09T02:33:09.428+0000][1][safepoint    ] Leaving safepoint region
[2019-12-09T02:33:09.428+0000][1][safepoint    ] Total time for which application threads were stopped: 0.0000721 seconds, Stopping threads took: 0.0000083 seconds
[2019-12-09T02:33:09.429+0000][1][safepoint    ] Application time: 0.0001720 seconds
[2019-12-09T02:33:09.429+0000][1][safepoint    ] Entering safepoint region: RevokeBias
[2019-12-09T02:33:09.429+0000][1][safepoint    ] Leaving safepoint region
[2019-12-09T02:33:09.429+0000][1][safepoint    ] Total time for which application threads were stopped: 0.0000966 seconds, Stopping threads took: 0.0000082 seconds
[2019-12-09T02:33:09.429+0000][1][safepoint    ] Application time: 0.0000859 seconds
[2019-12-09T02:33:09.429+0000][1][safepoint    ] Entering safepoint region: RevokeBias
[2019-12-09T02:33:09.429+0000][1][safepoint    ] Leaving safepoint region
[2019-12-09T02:33:09.429+0000][1][safepoint    ] Total time for which application threads were stopped: 0.0000806 seconds, Stopping threads took: 0.0000092 seconds
[2019-12-09T02:33:09.429+0000][1][safepoint    ] Application time: 0.0000540 seconds
[2019-12-09T02:33:09.429+0000][1][safepoint    ] Entering safepoint region: RevokeBias
[2019-12-09T02:33:09.429+0000][1][safepoint    ] Leaving safepoint region
[2019-12-09T02:33:09.429+0000][1][safepoint    ] Total time for which application threads were stopped: 0.0000704 seconds, Stopping threads took: 0.0000083 seconds
[2019-12-09T02:33:09.429+0000][1][safepoint    ] Application time: 0.0000884 seconds
[2019-12-09T02:33:09.429+0000][1][safepoint    ] Entering safepoint region: RevokeBias
[2019-12-09T02:33:09.429+0000][1][safepoint    ] Leaving safepoint region
[2019-12-09T02:33:09.429+0000][1][safepoint    ] Total time for which application threads were stopped: 0.0000748 seconds, Stopping threads took: 0.0000088 seconds
[2019-12-09T02:33:09.429+0000][1][safepoint    ] Application time: 0.0000629 seconds
[2019-12-09T02:33:09.429+0000][1][safepoint    ] Entering safepoint region: RevokeBias
[2019-12-09T02:33:09.429+0000][1][safepoint    ] Leaving safepoint region
[2019-12-09T02:33:09.429+0000][1][safepoint    ] Total time for which application threads were stopped: 0.0000754 seconds, Stopping threads took: 0.0000085 seconds
[2019-12-09T02:33:09.430+0000][1][safepoint    ] Application time: 0.0005043 seconds
[2019-12-09T02:33:09.430+0000][1][safepoint    ] Entering safepoint region: RevokeBias
[2019-12-09T02:33:09.430+0000][1][safepoint    ] Leaving safepoint region
[2019-12-09T02:33:09.430+0000][1][safepoint    ] Total time for which application threads were stopped: 0.0000941 seconds, Stopping threads took: 0.0000112 seconds
[2019-12-09T02:33:09.431+0000][1][safepoint    ] Application time: 0.0012965 seconds
[2019-12-09T02:33:09.431+0000][1][safepoint    ] Entering safepoint region: RevokeBias
[2019-12-09T02:33:09.431+0000][1][safepoint    ] Leaving safepoint region
[2019-12-09T02:33:09.431+0000][1][safepoint    ] Total time for which application threads were stopped: 0.0000824 seconds, Stopping threads took: 0.0000105 seconds
[2019-12-09T02:33:10.433+0000][1][safepoint    ] Application time: 1.0012088 seconds
[2019-12-09T02:33:10.516+0000][1][safepoint    ] Entering safepoint region: Cleanup
[2019-12-09T02:33:10.516+0000][1][safepoint    ] Leaving safepoint region
[2019-12-09T02:33:10.516+0000][1][safepoint    ] Total time for which application threads were stopped: 0.0830537 seconds, Stopping threads took: 0.0829966 seconds
[2019-12-09T02:33:11.555+0000][1][safepoint    ] Application time: 1.0388998 seconds
[2019-12-09T02:33:11.591+0000][1][safepoint    ] Entering safepoint region: Cleanup
[2019-12-09T02:33:11.591+0000][1][safepoint    ] Leaving safepoint region
[2019-12-09T02:33:11.591+0000][1][safepoint    ] Total time for which application threads were stopped: 0.0361154 seconds, Stopping threads took: 0.0360714 seconds
[2019-12-09T02:33:12.601+0000][1][safepoint    ] Application time: 1.0098362 seconds
[2019-12-09T02:33:12.657+0000][1][safepoint    ] Entering safepoint region: Cleanup
[2019-12-09T02:33:12.657+0000][1][safepoint    ] Leaving safepoint region
[2019-12-09T02:33:12.657+0000][1][safepoint    ] Total time for which application threads were stopped: 0.0560587 seconds, Stopping threads took: 0.0559888 seconds
[2019-12-09T02:33:13.659+0000][1][safepoint    ] Application time: 1.0019159 seconds
[2019-12-09T02:33:13.702+0000][1][safepoint    ] Entering safepoint region: Cleanup
[2019-12-09T02:33:13.702+0000][1][safepoint    ] Leaving safepoint region
[2019-12-09T02:33:13.702+0000][1][safepoint    ] Total time for which application threads were stopped: 0.0430720 seconds, Stopping threads took: 0.0429979 seconds
[2019-12-09T02:33:13.886+0000][1][safepoint    ] Application time: 0.1841994 seconds
[2019-12-09T02:33:13.886+0000][1][safepoint    ] Entering safepoint region: GenCollectForAllocation
[2019-12-09T02:33:13.886+0000][1][gc,start     ] GC(19) Pause Young (Allocation Failure)
[2019-12-09T02:33:13.886+0000][1][gc,task      ] GC(19) Using 2 workers of 2 for evacuation
[2019-12-09T02:33:14.137+0000][1][gc,age       ] GC(19) Desired survivor size 4456448 bytes, new threshold 2 (max threshold 6)
[2019-12-09T02:33:14.137+0000][1][gc,age       ] GC(19) Age table with threshold 2 (max threshold 6)
[2019-12-09T02:33:14.137+0000][1][gc,age       ] GC(19) - age   1:    2604648 bytes,    2604648 total
[2019-12-09T02:33:14.137+0000][1][gc,age       ] GC(19) - age   2:    1868672 bytes,    4473320 total
[2019-12-09T02:33:14.137+0000][1][gc,age       ] GC(19) - age   3:    1234904 bytes,    5708224 total
[2019-12-09T02:33:14.137+0000][1][gc,heap      ] GC(19) ParNew: 74047K->7013K(78656K)
[2019-12-09T02:33:14.137+0000][1][gc,heap      ] GC(19) CMS: 54883K->54883K(174784K)
[2019-12-09T02:33:14.137+0000][1][gc,metaspace ] GC(19) Metaspace: 43060K->43060K(1089536K)
[2019-12-09T02:33:14.137+0000][1][gc           ] GC(19) Pause Young (Allocation Failure) 125M->60M(247M) 251.138ms
[2019-12-09T02:33:14.137+0000][1][gc,cpu       ] GC(19) User=0.08s Sys=0.00s Real=0.25s
[2019-12-09T02:33:14.137+0000][1][safepoint    ] Leaving safepoint region
[2019-12-09T02:33:14.137+0000][1][safepoint    ] Total time for which application threads were stopped: 0.2512736 seconds, Stopping threads took: 0.0000134 seconds
[2019-12-09T02:33:14.307+0000][1][safepoint    ] Application time: 0.1692152 seconds
[2019-12-09T02:33:14.307+0000][1][safepoint    ] Entering safepoint region: RevokeBias
[2019-12-09T02:33:14.307+0000][1][safepoint    ] Leaving safepoint region
[2019-12-09T02:33:14.307+0000][1][safepoint    ] Total time for which application threads were stopped: 0.0001077 seconds, Stopping threads took: 0.0000144 seconds
[2019-12-09T02:33:14.322+0000][1][safepoint    ] Application time: 0.0150244 seconds
[2019-12-09T02:33:14.322+0000][1][safepoint    ] Entering safepoint region: RevokeBias
[2019-12-09T02:33:14.322+0000][1][safepoint    ] Leaving safepoint region
[2019-12-09T02:33:14.322+0000][1][safepoint    ] Total time for which application threads were stopped: 0.0000760 seconds, Stopping threads took: 0.0000154 seconds
[2019-12-09T02:33:15.327+0000][1][safepoint    ] Application time: 1.0048295 seconds
[2019-12-09T02:33:15.333+0000][1][safepoint    ] Entering safepoint region: Cleanup
[2019-12-09T02:33:15.333+0000][1][safepoint    ] Leaving safepoint region
[2019-12-09T02:33:15.333+0000][1][safepoint    ] Total time for which application threads were stopped: 0.0063094 seconds, Stopping threads took: 0.0062630 seconds
[2019-12-09T02:33:16.002+0000][1][safepoint    ] Application time: 0.6688052 seconds
[2019-12-09T02:33:16.002+0000][1][safepoint    ] Entering safepoint region: RevokeBias
[2019-12-09T02:33:16.002+0000][1][safepoint    ] Leaving safepoint region
[2019-12-09T02:33:16.002+0000][1][safepoint    ] Total time for which application threads were stopped: 0.0001440 seconds, Stopping threads took: 0.0000144 seconds
[2019-12-09T02:33:16.029+0000][1][safepoint    ] Application time: 0.0267392 seconds
[2019-12-09T02:33:16.029+0000][1][safepoint    ] Entering safepoint region: RevokeBias
[2019-12-09T02:33:16.029+0000][1][safepoint    ] Leaving safepoint region
[2019-12-09T02:33:16.029+0000][1][safepoint    ] Total time for which application threads were stopped: 0.0000912 seconds, Stopping threads took: 0.0000129 seconds
[2019-12-09T02:33:17.072+0000][1][safepoint    ] Application time: 1.0427736 seconds
[2019-12-09T02:33:17.139+0000][1][safepoint    ] Entering safepoint region: Cleanup
[2019-12-09T02:33:17.139+0000][1][safepoint    ] Leaving safepoint region
[2019-12-09T02:33:17.139+0000][1][safepoint    ] Total time for which application threads were stopped: 0.0671012 seconds, Stopping threads took: 0.0670341 seconds
[2019-12-09T02:33:17.502+0000][1][safepoint    ] Application time: 0.3635413 seconds
[2019-12-09T02:33:17.502+0000][1][safepoint    ] Entering safepoint region: RevokeBias
[2019-12-09T02:33:17.503+0000][1][safepoint    ] Leaving safepoint region
[2019-12-09T02:33:17.503+0000][1][safepoint    ] Total time for which application threads were stopped: 0.0004452 seconds, Stopping threads took: 0.0000120 seconds
[2019-12-09T02:33:18.083+0000][1][safepoint    ] Application time: 0.5798307 seconds
[2019-12-09T02:33:18.083+0000][1][safepoint    ] Entering safepoint region: RevokeBias
[2019-12-09T02:33:18.083+0000][1][safepoint    ] Leaving safepoint region
[2019-12-09T02:33:18.083+0000][1][safepoint    ] Total time for which application threads were stopped: 0.0000922 seconds, Stopping threads took: 0.0000139 seconds
[2019-12-09T02:33:18.118+0000][1][safepoint    ] Application time: 0.0348651 seconds
[2019-12-09T02:33:18.197+0000][1][safepoint    ] Entering safepoint region: RevokeBias
[2019-12-09T02:33:18.197+0000][1][safepoint    ] Leaving safepoint region
[2019-12-09T02:33:18.197+0000][1][safepoint    ] Total time for which application threads were stopped: 0.0790863 seconds, Stopping threads took: 0.0790048 seconds
[2019-12-09T02:33:18.201+0000][1][safepoint    ] Application time: 0.0038584 seconds
[2019-12-09T02:33:18.201+0000][1][safepoint    ] Entering safepoint region: RevokeBias
[2019-12-09T02:33:18.201+0000][1][safepoint    ] Leaving safepoint region
[2019-12-09T02:33:18.201+0000][1][safepoint    ] Total time for which application threads were stopped: 0.0000962 seconds, Stopping threads took: 0.0000130 seconds
[2019-12-09T02:33:18.224+0000][1][safepoint    ] Application time: 0.0228746 seconds
[2019-12-09T02:33:18.224+0000][1][safepoint    ] Entering safepoint region: RevokeBias
[2019-12-09T02:33:18.224+0000][1][safepoint    ] Leaving safepoint region
[2019-12-09T02:33:18.224+0000][1][safepoint    ] Total time for which application threads were stopped: 0.0000965 seconds, Stopping threads took: 0.0000135 seconds
[2019-12-09T02:33:18.243+0000][1][safepoint    ] Application time: 0.0188719 seconds
[2019-12-09T02:33:18.243+0000][1][safepoint    ] Entering safepoint region: RevokeBias
[2019-12-09T02:33:18.243+0000][1][safepoint    ] Leaving safepoint region
[2019-12-09T02:33:18.243+0000][1][safepoint    ] Total time for which application threads were stopped: 0.0000797 seconds, Stopping threads took: 0.0000109 seconds
[2019-12-09T02:33:18.243+0000][1][safepoint    ] Application time: 0.0001900 seconds
[2019-12-09T02:33:18.243+0000][1][safepoint    ] Entering safepoint region: RevokeBias
[2019-12-09T02:33:18.243+0000][1][safepoint    ] Leaving safepoint region
[2019-12-09T02:33:18.243+0000][1][safepoint    ] Total time for which application threads were stopped: 0.0000699 seconds, Stopping threads took: 0.0000087 seconds
[2019-12-09T02:33:18.243+0000][1][safepoint    ] Application time: 0.0000937 seconds
[2019-12-09T02:33:18.243+0000][1][safepoint    ] Entering safepoint region: RevokeBias
[2019-12-09T02:33:18.243+0000][1][safepoint    ] Leaving safepoint region
[2019-12-09T02:33:18.243+0000][1][safepoint    ] Total time for which application threads were stopped: 0.0000615 seconds, Stopping threads took: 0.0000086 seconds
[2019-12-09T02:33:18.243+0000][1][safepoint    ] Application time: 0.0000545 seconds
[2019-12-09T02:33:18.243+0000][1][safepoint    ] Entering safepoint region: RevokeBias
[2019-12-09T02:33:18.243+0000][1][safepoint    ] Leaving safepoint region
[2019-12-09T02:33:18.243+0000][1][safepoint    ] Total time for which application threads were stopped: 0.0000483 seconds, Stopping threads took: 0.0000081 seconds
[2019-12-09T02:33:18.243+0000][1][safepoint    ] Application time: 0.0000540 seconds
[2019-12-09T02:33:18.243+0000][1][safepoint    ] Entering safepoint region: RevokeBias
[2019-12-09T02:33:18.243+0000][1][safepoint    ] Leaving safepoint region
[2019-12-09T02:33:18.244+0000][1][safepoint    ] Total time for which application threads were stopped: 0.0000456 seconds, Stopping threads took: 0.0000078 seconds
[2019-12-09T02:33:18.244+0000][1][safepoint    ] Application time: 0.0000521 seconds
[2019-12-09T02:33:18.244+0000][1][safepoint    ] Entering safepoint region: RevokeBias
[2019-12-09T02:33:18.244+0000][1][safepoint    ] Leaving safepoint region
[2019-12-09T02:33:18.244+0000][1][safepoint    ] Total time for which application threads were stopped: 0.0000449 seconds, Stopping threads took: 0.0000079 seconds
[2019-12-09T02:33:18.244+0000][1][safepoint    ] Application time: 0.0000651 seconds
[2019-12-09T02:33:18.244+0000][1][safepoint    ] Entering safepoint region: RevokeBias
[2019-12-09T02:33:18.244+0000][1][safepoint    ] Leaving safepoint region
[2019-12-09T02:33:18.244+0000][1][safepoint    ] Total time for which application threads were stopped: 0.0000469 seconds, Stopping threads took: 0.0000079 seconds
[2019-12-09T02:33:18.244+0000][1][safepoint    ] Application time: 0.0000515 seconds
[2019-12-09T02:33:18.244+0000][1][safepoint    ] Entering safepoint region: RevokeBias
[2019-12-09T02:33:18.244+0000][1][safepoint    ] Leaving safepoint region
[2019-12-09T02:33:18.244+0000][1][safepoint    ] Total time for which application threads were stopped: 0.0000431 seconds, Stopping threads took: 0.0000076 seconds
[2019-12-09T02:33:18.244+0000][1][safepoint    ] Application time: 0.0000492 seconds
[2019-12-09T02:33:18.244+0000][1][safepoint    ] Entering safepoint region: RevokeBias
[2019-12-09T02:33:18.244+0000][1][safepoint    ] Leaving safepoint region
[2019-12-09T02:33:18.244+0000][1][safepoint    ] Total time for which application threads were stopped: 0.0000412 seconds, Stopping threads took: 0.0000077 seconds
[2019-12-09T02:33:18.244+0000][1][safepoint    ] Application time: 0.0000497 seconds
[2019-12-09T02:33:18.244+0000][1][safepoint    ] Entering safepoint region: RevokeBias
[2019-12-09T02:33:18.244+0000][1][safepoint    ] Leaving safepoint region
[2019-12-09T02:33:18.244+0000][1][safepoint    ] Total time for which application threads were stopped: 0.0000485 seconds, Stopping threads took: 0.0000076 seconds
[2019-12-09T02:33:18.244+0000][1][safepoint    ] Application time: 0.0000553 seconds
[2019-12-09T02:33:18.244+0000][1][safepoint    ] Entering safepoint region: RevokeBias
[2019-12-09T02:33:18.244+0000][1][safepoint    ] Leaving safepoint region
[2019-12-09T02:33:18.244+0000][1][safepoint    ] Total time for which application threads were stopped: 0.0000455 seconds, Stopping threads took: 0.0000089 seconds
[2019-12-09T02:33:18.244+0000][1][safepoint    ] Application time: 0.0000527 seconds
[2019-12-09T02:33:18.244+0000][1][safepoint    ] Entering safepoint region: RevokeBias
[2019-12-09T02:33:18.244+0000][1][safepoint    ] Leaving safepoint region
[2019-12-09T02:33:18.244+0000][1][safepoint    ] Total time for which application threads were stopped: 0.0000437 seconds, Stopping threads took: 0.0000081 seconds
[2019-12-09T02:33:18.244+0000][1][safepoint    ] Application time: 0.0000518 seconds
[2019-12-09T02:33:18.244+0000][1][safepoint    ] Entering safepoint region: RevokeBias
[2019-12-09T02:33:18.244+0000][1][safepoint    ] Leaving safepoint region
[2019-12-09T02:33:18.244+0000][1][safepoint    ] Total time for which application threads were stopped: 0.0000433 seconds, Stopping threads took: 0.0000080 seconds
[2019-12-09T02:33:18.244+0000][1][safepoint    ] Application time: 0.0000504 seconds
[2019-12-09T02:33:18.244+0000][1][safepoint    ] Entering safepoint region: RevokeBias
[2019-12-09T02:33:18.245+0000][1][safepoint    ] Leaving safepoint region
[2019-12-09T02:33:18.245+0000][1][safepoint    ] Total time for which application threads were stopped: 0.0000441 seconds, Stopping threads took: 0.0000081 seconds
[2019-12-09T02:33:18.245+0000][1][safepoint    ] Application time: 0.0000497 seconds
[2019-12-09T02:33:18.245+0000][1][safepoint    ] Entering safepoint region: RevokeBias
[2019-12-09T02:33:18.245+0000][1][safepoint    ] Leaving safepoint region
[2019-12-09T02:33:18.245+0000][1][safepoint    ] Total time for which application threads were stopped: 0.0000417 seconds, Stopping threads took: 0.0000079 seconds
[2019-12-09T02:33:18.245+0000][1][safepoint    ] Application time: 0.0000663 seconds
[2019-12-09T02:33:18.245+0000][1][safepoint    ] Entering safepoint region: RevokeBias
[2019-12-09T02:33:18.245+0000][1][safepoint    ] Leaving safepoint region
[2019-12-09T02:33:18.245+0000][1][safepoint    ] Total time for which application threads were stopped: 0.0000446 seconds, Stopping threads took: 0.0000080 seconds
[2019-12-09T02:33:18.245+0000][1][safepoint    ] Application time: 0.0000524 seconds
[2019-12-09T02:33:18.245+0000][1][safepoint    ] Entering safepoint region: RevokeBias
[2019-12-09T02:33:18.245+0000][1][safepoint    ] Leaving safepoint region
[2019-12-09T02:33:18.245+0000][1][safepoint    ] Total time for which application threads were stopped: 0.0000420 seconds, Stopping threads took: 0.0000077 seconds
[2019-12-09T02:33:18.245+0000][1][safepoint    ] Application time: 0.0000520 seconds
[2019-12-09T02:33:18.245+0000][1][safepoint    ] Entering safepoint region: RevokeBias
[2019-12-09T02:33:18.245+0000][1][safepoint    ] Leaving safepoint region
[2019-12-09T02:33:18.245+0000][1][safepoint    ] Total time for which application threads were stopped: 0.0000436 seconds, Stopping threads took: 0.0000081 seconds
[2019-12-09T02:33:18.245+0000][1][safepoint    ] Application time: 0.0000505 seconds
[2019-12-09T02:33:18.245+0000][1][safepoint    ] Entering safepoint region: RevokeBias
[2019-12-09T02:33:18.245+0000][1][safepoint    ] Leaving safepoint region
[2019-12-09T02:33:18.245+0000][1][safepoint    ] Total time for which application threads were stopped: 0.0000442 seconds, Stopping threads took: 0.0000083 seconds
[2019-12-09T02:33:18.245+0000][1][safepoint    ] Application time: 0.0000509 seconds
[2019-12-09T02:33:18.245+0000][1][safepoint    ] Entering safepoint region: BulkRevokeBias
[2019-12-09T02:33:18.245+0000][1][safepoint    ] Leaving safepoint region
[2019-12-09T02:33:18.245+0000][1][safepoint    ] Total time for which application threads were stopped: 0.0001169 seconds, Stopping threads took: 0.0000083 seconds
[2019-12-09T02:33:18.245+0000][1][safepoint    ] Application time: 0.0001891 seconds
[2019-12-09T02:33:18.245+0000][1][safepoint    ] Entering safepoint region: RevokeBias
[2019-12-09T02:33:18.246+0000][1][safepoint    ] Leaving safepoint region
[2019-12-09T02:33:18.246+0000][1][safepoint    ] Total time for which application threads were stopped: 0.0000671 seconds, Stopping threads took: 0.0000092 seconds
[2019-12-09T02:33:18.246+0000][1][safepoint    ] Application time: 0.0000862 seconds
[2019-12-09T02:33:18.246+0000][1][safepoint    ] Entering safepoint region: RevokeBias
[2019-12-09T02:33:18.246+0000][1][safepoint    ] Leaving safepoint region
[2019-12-09T02:33:18.246+0000][1][safepoint    ] Total time for which application threads were stopped: 0.0000701 seconds, Stopping threads took: 0.0000079 seconds
[2019-12-09T02:33:18.246+0000][1][safepoint    ] Application time: 0.0001499 seconds
[2019-12-09T02:33:18.246+0000][1][safepoint    ] Entering safepoint region: RevokeBias
[2019-12-09T02:33:18.246+0000][1][safepoint    ] Leaving safepoint region
[2019-12-09T02:33:18.246+0000][1][safepoint    ] Total time for which application threads were stopped: 0.0000554 seconds, Stopping threads took: 0.0000086 seconds
[2019-12-09T02:33:18.246+0000][1][safepoint    ] Application time: 0.0000718 seconds
[2019-12-09T02:33:18.246+0000][1][safepoint    ] Entering safepoint region: RevokeBias
[2019-12-09T02:33:18.246+0000][1][safepoint    ] Leaving safepoint region
[2019-12-09T02:33:18.246+0000][1][safepoint    ] Total time for which application threads were stopped: 0.0000468 seconds, Stopping threads took: 0.0000084 seconds
[2019-12-09T02:33:18.246+0000][1][safepoint    ] Application time: 0.0000875 seconds
[2019-12-09T02:33:18.246+0000][1][safepoint    ] Entering safepoint region: RevokeBias
[2019-12-09T02:33:18.246+0000][1][safepoint    ] Leaving safepoint region
[2019-12-09T02:33:18.246+0000][1][safepoint    ] Total time for which application threads were stopped: 0.0000500 seconds, Stopping threads took: 0.0000086 seconds
[2019-12-09T02:33:18.246+0000][1][safepoint    ] Application time: 0.0000617 seconds
[2019-12-09T02:33:18.246+0000][1][safepoint    ] Entering safepoint region: RevokeBias
[2019-12-09T02:33:18.246+0000][1][safepoint    ] Leaving safepoint region
[2019-12-09T02:33:18.246+0000][1][safepoint    ] Total time for which application threads were stopped: 0.0000495 seconds, Stopping threads took: 0.0000085 seconds
[2019-12-09T02:33:18.247+0000][1][safepoint    ] Application time: 0.0001790 seconds
[2019-12-09T02:33:18.247+0000][1][safepoint    ] Entering safepoint region: RevokeBias
[2019-12-09T02:33:18.247+0000][1][safepoint    ] Leaving safepoint region
[2019-12-09T02:33:18.247+0000][1][safepoint    ] Total time for which application threads were stopped: 0.0000506 seconds, Stopping threads took: 0.0000088 seconds
[2019-12-09T02:33:18.247+0000][1][safepoint    ] Application time: 0.0003176 seconds
[2019-12-09T02:33:18.247+0000][1][safepoint    ] Entering safepoint region: RevokeBias
[2019-12-09T02:33:18.247+0000][1][safepoint    ] Leaving safepoint region
[2019-12-09T02:33:18.247+0000][1][safepoint    ] Total time for which application threads were stopped: 0.0000713 seconds, Stopping threads took: 0.0000101 seconds
[2019-12-09T02:33:18.247+0000][1][safepoint    ] Application time: 0.0000875 seconds
[2019-12-09T02:33:18.247+0000][1][safepoint    ] Entering safepoint region: RevokeBias
[2019-12-09T02:33:18.247+0000][1][safepoint    ] Leaving safepoint region
[2019-12-09T02:33:18.247+0000][1][safepoint    ] Total time for which application threads were stopped: 0.0000553 seconds, Stopping threads took: 0.0000090 seconds
[2019-12-09T02:33:18.247+0000][1][safepoint    ] Application time: 0.0001951 seconds
[2019-12-09T02:33:18.247+0000][1][safepoint    ] Entering safepoint region: RevokeBias
[2019-12-09T02:33:18.247+0000][1][safepoint    ] Leaving safepoint region
[2019-12-09T02:33:18.247+0000][1][safepoint    ] Total time for which application threads were stopped: 0.0000573 seconds, Stopping threads took: 0.0000079 seconds
[2019-12-09T02:33:18.248+0000][1][safepoint    ] Application time: 0.0000603 seconds
[2019-12-09T02:33:18.248+0000][1][safepoint    ] Entering safepoint region: RevokeBias
[2019-12-09T02:33:18.248+0000][1][safepoint    ] Leaving safepoint region
[2019-12-09T02:33:18.248+0000][1][safepoint    ] Total time for which application threads were stopped: 0.0000399 seconds, Stopping threads took: 0.0000062 seconds
[2019-12-09T02:33:18.248+0000][1][safepoint    ] Application time: 0.0000458 seconds
[2019-12-09T02:33:18.248+0000][1][safepoint    ] Entering safepoint region: RevokeBias
[2019-12-09T02:33:18.248+0000][1][safepoint    ] Leaving safepoint region
[2019-12-09T02:33:18.248+0000][1][safepoint    ] Total time for which application threads were stopped: 0.0000599 seconds, Stopping threads took: 0.0000075 seconds
[2019-12-09T02:33:18.248+0000][1][safepoint    ] Application time: 0.0000470 seconds
[2019-12-09T02:33:18.248+0000][1][safepoint    ] Entering safepoint region: RevokeBias
[2019-12-09T02:33:18.248+0000][1][safepoint    ] Leaving safepoint region
[2019-12-09T02:33:18.248+0000][1][safepoint    ] Total time for which application threads were stopped: 0.0000419 seconds, Stopping threads took: 0.0000073 seconds
[2019-12-09T02:33:18.248+0000][1][safepoint    ] Application time: 0.0003308 seconds
[2019-12-09T02:33:18.248+0000][1][safepoint    ] Entering safepoint region: RevokeBias
[2019-12-09T02:33:18.248+0000][1][safepoint    ] Leaving safepoint region
[2019-12-09T02:33:18.248+0000][1][safepoint    ] Total time for which application threads were stopped: 0.0000527 seconds, Stopping threads took: 0.0000092 seconds
[2019-12-09T02:33:18.248+0000][1][safepoint    ] Application time: 0.0001178 seconds
[2019-12-09T02:33:18.248+0000][1][safepoint    ] Entering safepoint region: RevokeBias
[2019-12-09T02:33:18.248+0000][1][safepoint    ] Leaving safepoint region
[2019-12-09T02:33:18.248+0000][1][safepoint    ] Total time for which application threads were stopped: 0.0000437 seconds, Stopping threads took: 0.0000080 seconds
[2019-12-09T02:33:18.249+0000][1][safepoint    ] Application time: 0.0004371 seconds
[2019-12-09T02:33:18.249+0000][1][safepoint    ] Entering safepoint region: RevokeBias
[2019-12-09T02:33:18.249+0000][1][safepoint    ] Leaving safepoint region
[2019-12-09T02:33:18.249+0000][1][safepoint    ] Total time for which application threads were stopped: 0.0000634 seconds, Stopping threads took: 0.0000110 seconds
[2019-12-09T02:33:18.249+0000][1][safepoint    ] Application time: 0.0002685 seconds
[2019-12-09T02:33:18.249+0000][1][safepoint    ] Entering safepoint region: RevokeBias
[2019-12-09T02:33:18.249+0000][1][safepoint    ] Leaving safepoint region
[2019-12-09T02:33:18.249+0000][1][safepoint    ] Total time for which application threads were stopped: 0.0000589 seconds, Stopping threads took: 0.0000101 seconds
[2019-12-09T02:33:18.250+0000][1][safepoint    ] Application time: 0.0002675 seconds
[2019-12-09T02:33:18.250+0000][1][safepoint    ] Entering safepoint region: RevokeBias
[2019-12-09T02:33:18.250+0000][1][safepoint    ] Leaving safepoint region
[2019-12-09T02:33:18.250+0000][1][safepoint    ] Total time for which application threads were stopped: 0.0000570 seconds, Stopping threads took: 0.0000100 seconds
[2019-12-09T02:33:18.250+0000][1][safepoint    ] Application time: 0.0001431 seconds
[2019-12-09T02:33:18.250+0000][1][safepoint    ] Entering safepoint region: RevokeBias
[2019-12-09T02:33:18.250+0000][1][safepoint    ] Leaving safepoint region
[2019-12-09T02:33:18.250+0000][1][safepoint    ] Total time for which application threads were stopped: 0.0000526 seconds, Stopping threads took: 0.0000083 seconds
[2019-12-09T02:33:18.250+0000][1][safepoint    ] Application time: 0.0000637 seconds
[2019-12-09T02:33:18.250+0000][1][safepoint    ] Entering safepoint region: RevokeBias
[2019-12-09T02:33:18.250+0000][1][safepoint    ] Leaving safepoint region
[2019-12-09T02:33:18.250+0000][1][safepoint    ] Total time for which application threads were stopped: 0.0000528 seconds, Stopping threads took: 0.0000086 seconds
[2019-12-09T02:33:18.250+0000][1][safepoint    ] Application time: 0.0002254 seconds
[2019-12-09T02:33:18.250+0000][1][safepoint    ] Entering safepoint region: RevokeBias
[2019-12-09T02:33:18.250+0000][1][safepoint    ] Leaving safepoint region
[2019-12-09T02:33:18.250+0000][1][safepoint    ] Total time for which application threads were stopped: 0.0000514 seconds, Stopping threads took: 0.0000089 seconds
[2019-12-09T02:33:18.266+0000][1][safepoint    ] Application time: 0.0157353 seconds
[2019-12-09T02:33:18.266+0000][1][safepoint    ] Entering safepoint region: BulkRevokeBias
[2019-12-09T02:33:18.266+0000][1][safepoint    ] Leaving safepoint region
[2019-12-09T02:33:18.266+0000][1][safepoint    ] Total time for which application threads were stopped: 0.0001510 seconds, Stopping threads took: 0.0000107 seconds
[2019-12-09T02:33:18.266+0000][1][safepoint    ] Application time: 0.0001194 seconds
[2019-12-09T02:33:18.266+0000][1][safepoint    ] Entering safepoint region: RevokeBias
[2019-12-09T02:33:18.266+0000][1][safepoint    ] Leaving safepoint region
[2019-12-09T02:33:18.266+0000][1][safepoint    ] Total time for which application threads were stopped: 0.0000652 seconds, Stopping threads took: 0.0000086 seconds
[2019-12-09T02:33:18.266+0000][1][safepoint    ] Application time: 0.0000636 seconds
[2019-12-09T02:33:18.266+0000][1][safepoint    ] Entering safepoint region: RevokeBias
[2019-12-09T02:33:18.267+0000][1][safepoint    ] Leaving safepoint region
[2019-12-09T02:33:18.267+0000][1][safepoint    ] Total time for which application threads were stopped: 0.0000547 seconds, Stopping threads took: 0.0000084 seconds
[2019-12-09T02:33:18.267+0000][1][safepoint    ] Application time: 0.0009429 seconds
[2019-12-09T02:33:18.268+0000][1][safepoint    ] Entering safepoint region: RevokeBias
[2019-12-09T02:33:18.268+0000][1][safepoint    ] Leaving safepoint region
[2019-12-09T02:33:18.268+0000][1][safepoint    ] Total time for which application threads were stopped: 0.0000540 seconds, Stopping threads took: 0.0000077 seconds
[2019-12-09T02:33:18.268+0000][1][safepoint    ] Application time: 0.0009014 seconds
[2019-12-09T02:33:18.268+0000][1][safepoint    ] Entering safepoint region: RevokeBias
[2019-12-09T02:33:18.269+0000][1][safepoint    ] Leaving safepoint region
[2019-12-09T02:33:18.269+0000][1][safepoint    ] Total time for which application threads were stopped: 0.0000728 seconds, Stopping threads took: 0.0000108 seconds
[2019-12-09T02:33:18.269+0000][1][safepoint    ] Application time: 0.0001055 seconds
[2019-12-09T02:33:18.269+0000][1][safepoint    ] Entering safepoint region: RevokeBias
[2019-12-09T02:33:18.269+0000][1][safepoint    ] Leaving safepoint region
[2019-12-09T02:33:18.269+0000][1][safepoint    ] Total time for which application threads were stopped: 0.0000747 seconds, Stopping threads took: 0.0000087 seconds
[2019-12-09T02:33:18.289+0000][1][safepoint    ] Application time: 0.0199541 seconds
[2019-12-09T02:33:18.289+0000][1][safepoint    ] Entering safepoint region: RevokeBias
[2019-12-09T02:33:18.289+0000][1][safepoint    ] Leaving safepoint region
[2019-12-09T02:33:18.289+0000][1][safepoint    ] Total time for which application threads were stopped: 0.0000946 seconds, Stopping threads took: 0.0000100 seconds
[2019-12-09T02:33:18.289+0000][1][safepoint    ] Application time: 0.0000574 seconds
[2019-12-09T02:33:18.289+0000][1][safepoint    ] Entering safepoint region: RevokeBias
[2019-12-09T02:33:18.289+0000][1][safepoint    ] Leaving safepoint region
[2019-12-09T02:33:18.289+0000][1][safepoint    ] Total time for which application threads were stopped: 0.0000627 seconds, Stopping threads took: 0.0000078 seconds
[2019-12-09T02:33:18.289+0000][1][safepoint    ] Application time: 0.0002399 seconds
[2019-12-09T02:33:18.289+0000][1][safepoint    ] Entering safepoint region: RevokeBias
[2019-12-09T02:33:18.289+0000][1][safepoint    ] Leaving safepoint region
[2019-12-09T02:33:18.289+0000][1][safepoint    ] Total time for which application threads were stopped: 0.0000833 seconds, Stopping threads took: 0.0000088 seconds
[2019-12-09T02:33:18.289+0000][1][safepoint    ] Application time: 0.0000584 seconds
[2019-12-09T02:33:18.289+0000][1][safepoint    ] Entering safepoint region: RevokeBias
[2019-12-09T02:33:18.289+0000][1][safepoint    ] Leaving safepoint region
[2019-12-09T02:33:18.289+0000][1][safepoint    ] Total time for which application threads were stopped: 0.0000441 seconds, Stopping threads took: 0.0000076 seconds
[2019-12-09T02:33:18.290+0000][1][safepoint    ] Application time: 0.0001385 seconds
[2019-12-09T02:33:18.290+0000][1][safepoint    ] Entering safepoint region: RevokeBias
[2019-12-09T02:33:18.290+0000][1][safepoint    ] Leaving safepoint region
[2019-12-09T02:33:18.290+0000][1][safepoint    ] Total time for which application threads were stopped: 0.0000342 seconds, Stopping threads took: 0.0000086 seconds
[2019-12-09T02:33:18.290+0000][1][safepoint    ] Application time: 0.0000657 seconds
[2019-12-09T02:33:18.290+0000][1][safepoint    ] Entering safepoint region: RevokeBias
[2019-12-09T02:33:18.290+0000][1][safepoint    ] Leaving safepoint region
[2019-12-09T02:33:18.290+0000][1][safepoint    ] Total time for which application threads were stopped: 0.0000313 seconds, Stopping threads took: 0.0000079 seconds
[2019-12-09T02:33:18.290+0000][1][safepoint    ] Application time: 0.0000553 seconds
[2019-12-09T02:33:18.290+0000][1][safepoint    ] Entering safepoint region: RevokeBias
[2019-12-09T02:33:18.290+0000][1][safepoint    ] Leaving safepoint region
[2019-12-09T02:33:18.290+0000][1][safepoint    ] Total time for which application threads were stopped: 0.0000287 seconds, Stopping threads took: 0.0000076 seconds
[2019-12-09T02:33:18.290+0000][1][safepoint    ] Application time: 0.0000494 seconds
[2019-12-09T02:33:18.290+0000][1][safepoint    ] Entering safepoint region: RevokeBias
[2019-12-09T02:33:18.290+0000][1][safepoint    ] Leaving safepoint region
[2019-12-09T02:33:18.290+0000][1][safepoint    ] Total time for which application threads were stopped: 0.0000274 seconds, Stopping threads took: 0.0000076 seconds
[2019-12-09T02:33:18.290+0000][1][safepoint    ] Application time: 0.0000494 seconds
[2019-12-09T02:33:18.290+0000][1][safepoint    ] Entering safepoint region: RevokeBias
[2019-12-09T02:33:18.290+0000][1][safepoint    ] Leaving safepoint region
[2019-12-09T02:33:18.290+0000][1][safepoint    ] Total time for which application threads were stopped: 0.0000276 seconds, Stopping threads took: 0.0000076 seconds
[2019-12-09T02:33:18.290+0000][1][safepoint    ] Application time: 0.0000502 seconds
[2019-12-09T02:33:18.290+0000][1][safepoint    ] Entering safepoint region: RevokeBias
[2019-12-09T02:33:18.290+0000][1][safepoint    ] Leaving safepoint region
[2019-12-09T02:33:18.290+0000][1][safepoint    ] Total time for which application threads were stopped: 0.0000292 seconds, Stopping threads took: 0.0000090 seconds
[2019-12-09T02:33:18.290+0000][1][safepoint    ] Application time: 0.0000506 seconds
[2019-12-09T02:33:18.290+0000][1][safepoint    ] Entering safepoint region: RevokeBias
[2019-12-09T02:33:18.290+0000][1][safepoint    ] Leaving safepoint region
[2019-12-09T02:33:18.290+0000][1][safepoint    ] Total time for which application threads were stopped: 0.0000275 seconds, Stopping threads took: 0.0000076 seconds
[2019-12-09T02:33:18.290+0000][1][safepoint    ] Application time: 0.0000515 seconds
[2019-12-09T02:33:18.290+0000][1][safepoint    ] Entering safepoint region: RevokeBias
[2019-12-09T02:33:18.290+0000][1][safepoint    ] Leaving safepoint region
[2019-12-09T02:33:18.290+0000][1][safepoint    ] Total time for which application threads were stopped: 0.0000273 seconds, Stopping threads took: 0.0000073 seconds
[2019-12-09T02:33:18.290+0000][1][safepoint    ] Application time: 0.0000500 seconds
[2019-12-09T02:33:18.290+0000][1][safepoint    ] Entering safepoint region: RevokeBias
[2019-12-09T02:33:18.290+0000][1][safepoint    ] Leaving safepoint region
[2019-12-09T02:33:18.290+0000][1][safepoint    ] Total time for which application threads were stopped: 0.0000318 seconds, Stopping threads took: 0.0000074 seconds
[2019-12-09T02:33:18.290+0000][1][safepoint    ] Application time: 0.0000495 seconds
[2019-12-09T02:33:18.290+0000][1][safepoint    ] Entering safepoint region: RevokeBias
[2019-12-09T02:33:18.290+0000][1][safepoint    ] Leaving safepoint region
[2019-12-09T02:33:18.291+0000][1][safepoint    ] Total time for which application threads were stopped: 0.0000275 seconds, Stopping threads took: 0.0000074 seconds
[2019-12-09T02:33:18.291+0000][1][safepoint    ] Application time: 0.0000516 seconds
[2019-12-09T02:33:18.291+0000][1][safepoint    ] Entering safepoint region: RevokeBias
[2019-12-09T02:33:18.291+0000][1][safepoint    ] Leaving safepoint region
[2019-12-09T02:33:18.291+0000][1][safepoint    ] Total time for which application threads were stopped: 0.0000273 seconds, Stopping threads took: 0.0000074 seconds
[2019-12-09T02:33:18.291+0000][1][safepoint    ] Application time: 0.0000491 seconds
[2019-12-09T02:33:18.291+0000][1][safepoint    ] Entering safepoint region: RevokeBias
[2019-12-09T02:33:18.291+0000][1][safepoint    ] Leaving safepoint region
[2019-12-09T02:33:18.291+0000][1][safepoint    ] Total time for which application threads were stopped: 0.0000411 seconds, Stopping threads took: 0.0000074 seconds
[2019-12-09T02:33:18.291+0000][1][safepoint    ] Application time: 0.0000506 seconds
[2019-12-09T02:33:18.291+0000][1][safepoint    ] Entering safepoint region: RevokeBias
[2019-12-09T02:33:18.291+0000][1][safepoint    ] Leaving safepoint region
[2019-12-09T02:33:18.291+0000][1][safepoint    ] Total time for which application threads were stopped: 0.0000275 seconds, Stopping threads took: 0.0000073 seconds
[2019-12-09T02:33:18.291+0000][1][safepoint    ] Application time: 0.0000492 seconds
[2019-12-09T02:33:18.291+0000][1][safepoint    ] Entering safepoint region: RevokeBias
[2019-12-09T02:33:18.291+0000][1][safepoint    ] Leaving safepoint region
[2019-12-09T02:33:18.291+0000][1][safepoint    ] Total time for which application threads were stopped: 0.0000277 seconds, Stopping threads took: 0.0000076 seconds
[2019-12-09T02:33:18.291+0000][1][safepoint    ] Application time: 0.0000496 seconds
[2019-12-09T02:33:18.291+0000][1][safepoint    ] Entering safepoint region: RevokeBias
[2019-12-09T02:33:18.291+0000][1][safepoint    ] Leaving safepoint region
[2019-12-09T02:33:18.291+0000][1][safepoint    ] Total time for which application threads were stopped: 0.0000273 seconds, Stopping threads took: 0.0000074 seconds
[2019-12-09T02:33:18.291+0000][1][safepoint    ] Application time: 0.0000494 seconds
[2019-12-09T02:33:18.291+0000][1][safepoint    ] Entering safepoint region: RevokeBias
[2019-12-09T02:33:18.291+0000][1][safepoint    ] Leaving safepoint region
[2019-12-09T02:33:18.291+0000][1][safepoint    ] Total time for which application threads were stopped: 0.0000272 seconds, Stopping threads took: 0.0000073 seconds
[2019-12-09T02:33:18.291+0000][1][safepoint    ] Application time: 0.0000496 seconds
[2019-12-09T02:33:18.291+0000][1][safepoint    ] Entering safepoint region: BulkRevokeBias
[2019-12-09T02:33:18.291+0000][1][safepoint    ] Leaving safepoint region
[2019-12-09T02:33:18.291+0000][1][safepoint    ] Total time for which application threads were stopped: 0.0000984 seconds, Stopping threads took: 0.0000075 seconds
[2019-12-09T02:33:18.438+0000][1][safepoint    ] Application time: 0.1471153 seconds
[2019-12-09T02:33:18.463+0000][1][safepoint    ] Entering safepoint region: RevokeBias
[2019-12-09T02:33:18.463+0000][1][safepoint    ] Leaving safepoint region
[2019-12-09T02:33:18.463+0000][1][safepoint    ] Total time for which application threads were stopped: 0.0247245 seconds, Stopping threads took: 0.0246399 seconds
[2019-12-09T02:33:18.465+0000][1][safepoint    ] Application time: 0.0016220 seconds
[2019-12-09T02:33:18.474+0000][1][safepoint    ] Entering safepoint region: RevokeBias
[2019-12-09T02:33:18.474+0000][1][safepoint    ] Leaving safepoint region
[2019-12-09T02:33:18.474+0000][1][safepoint    ] Total time for which application threads were stopped: 0.0090199 seconds, Stopping threads took: 0.0089657 seconds
[2019-12-09T02:33:19.483+0000][1][safepoint    ] Application time: 1.0089339 seconds
[2019-12-09T02:33:19.483+0000][1][safepoint    ] Entering safepoint region: RevokeBias
[2019-12-09T02:33:19.483+0000][1][safepoint    ] Leaving safepoint region
[2019-12-09T02:33:19.483+0000][1][safepoint    ] Total time for which application threads were stopped: 0.0002397 seconds, Stopping threads took: 0.0001461 seconds
[2019-12-09T02:33:19.499+0000][1][safepoint    ] Application time: 0.0157311 seconds
[2019-12-09T02:33:19.499+0000][1][safepoint    ] Entering safepoint region: RevokeBias
[2019-12-09T02:33:19.499+0000][1][safepoint    ] Leaving safepoint region
[2019-12-09T02:33:19.499+0000][1][safepoint    ] Total time for which application threads were stopped: 0.0002911 seconds, Stopping threads took: 0.0002479 seconds
[2019-12-09T02:33:19.506+0000][1][safepoint    ] Application time: 0.0066480 seconds
[2019-12-09T02:33:19.506+0000][1][safepoint    ] Entering safepoint region: RevokeBias
[2019-12-09T02:33:19.506+0000][1][safepoint    ] Leaving safepoint region
[2019-12-09T02:33:19.506+0000][1][safepoint    ] Total time for which application threads were stopped: 0.0001482 seconds, Stopping threads took: 0.0000500 seconds
[2019-12-09T02:33:19.689+0000][1][safepoint    ] Application time: 0.1827791 seconds
[2019-12-09T02:33:19.689+0000][1][safepoint    ] Entering safepoint region: GenCollectForAllocation
[2019-12-09T02:33:19.689+0000][1][gc,start     ] GC(20) Pause Young (Allocation Failure)
[2019-12-09T02:33:19.689+0000][1][gc,task      ] GC(20) Using 2 workers of 2 for evacuation
[2019-12-09T02:33:19.916+0000][1][gc,age       ] GC(20) Desired survivor size 4456448 bytes, new threshold 2 (max threshold 6)
[2019-12-09T02:33:19.916+0000][1][gc,age       ] GC(20) Age table with threshold 2 (max threshold 6)
[2019-12-09T02:33:19.916+0000][1][gc,age       ] GC(20) - age   1:    2811688 bytes,    2811688 total
[2019-12-09T02:33:19.916+0000][1][gc,age       ] GC(20) - age   2:    2491560 bytes,    5303248 total
[2019-12-09T02:33:19.916+0000][1][gc,heap      ] GC(20) ParNew: 76965K->7323K(78656K)
[2019-12-09T02:33:19.916+0000][1][gc,heap      ] GC(20) CMS: 54883K->58002K(174784K)
[2019-12-09T02:33:19.916+0000][1][gc,metaspace ] GC(20) Metaspace: 48320K->48320K(1093632K)
[2019-12-09T02:33:19.916+0000][1][gc           ] GC(20) Pause Young (Allocation Failure) 128M->63M(247M) 227.350ms
[2019-12-09T02:33:19.916+0000][1][gc,cpu       ] GC(20) User=0.07s Sys=0.00s Real=0.23s
[2019-12-09T02:33:19.916+0000][1][safepoint    ] Leaving safepoint region
[2019-12-09T02:33:19.916+0000][1][safepoint    ] Total time for which application threads were stopped: 0.2274876 seconds, Stopping threads took: 0.0000157 seconds
[2019-12-09T02:33:20.622+0000][1][safepoint    ] Application time: 0.7056985 seconds
[2019-12-09T02:33:20.622+0000][1][safepoint    ] Entering safepoint region: RevokeBias
[2019-12-09T02:33:20.622+0000][1][safepoint    ] Leaving safepoint region
[2019-12-09T02:33:20.622+0000][1][safepoint    ] Total time for which application threads were stopped: 0.0000860 seconds, Stopping threads took: 0.0000172 seconds
[2019-12-09T02:33:21.093+0000][1][safepoint    ] Application time: 0.4711669 seconds
[2019-12-09T02:33:21.093+0000][1][safepoint    ] Entering safepoint region: RevokeBias
[2019-12-09T02:33:21.094+0000][1][safepoint    ] Leaving safepoint region
[2019-12-09T02:33:21.094+0000][1][safepoint    ] Total time for which application threads were stopped: 0.0005005 seconds, Stopping threads took: 0.0000125 seconds
[2019-12-09T02:33:21.675+0000][1][safepoint    ] Application time: 0.5809529 seconds
[2019-12-09T02:33:21.675+0000][1][safepoint    ] Entering safepoint region: RevokeBias
[2019-12-09T02:33:21.675+0000][1][safepoint    ] Leaving safepoint region
[2019-12-09T02:33:21.675+0000][1][safepoint    ] Total time for which application threads were stopped: 0.0002070 seconds, Stopping threads took: 0.0001453 seconds
[2019-12-09T02:33:23.697+0000][1][safepoint    ] Application time: 2.0217277 seconds
[2019-12-09T02:33:23.746+0000][1][safepoint    ] Entering safepoint region: Cleanup
[2019-12-09T02:33:23.746+0000][1][safepoint    ] Leaving safepoint region
[2019-12-09T02:33:23.746+0000][1][safepoint    ] Total time for which application threads were stopped: 0.0496086 seconds, Stopping threads took: 0.0491201 seconds
[2019-12-09T02:33:24.747+0000][1][safepoint    ] Application time: 1.0003427 seconds
[2019-12-09T02:33:24.798+0000][1][safepoint    ] Entering safepoint region: Cleanup
[2019-12-09T02:33:24.798+0000][1][safepoint    ] Leaving safepoint region
[2019-12-09T02:33:24.798+0000][1][safepoint    ] Total time for which application threads were stopped: 0.0511646 seconds, Stopping threads took: 0.0510883 seconds
[2019-12-09T02:33:25.820+0000][1][safepoint    ] Application time: 1.0217830 seconds
[2019-12-09T02:33:25.820+0000][1][safepoint    ] Entering safepoint region: Cleanup
[2019-12-09T02:33:25.820+0000][1][safepoint    ] Leaving safepoint region
[2019-12-09T02:33:25.820+0000][1][safepoint    ] Total time for which application threads were stopped: 0.0004193 seconds, Stopping threads took: 0.0003298 seconds
[2019-12-09T02:33:26.567+0000][1][safepoint    ] Application time: 0.7465781 seconds
[2019-12-09T02:33:26.579+0000][1][safepoint    ] Entering safepoint region: GenCollectForAllocation
[2019-12-09T02:33:26.579+0000][1][gc,start     ] GC(21) Pause Young (Allocation Failure)
[2019-12-09T02:33:26.579+0000][1][gc,task      ] GC(21) Using 2 workers of 2 for evacuation
[2019-12-09T02:33:26.737+0000][1][gc,age       ] GC(21) Desired survivor size 4456448 bytes, new threshold 6 (max threshold 6)
[2019-12-09T02:33:26.737+0000][1][gc,age       ] GC(21) Age table with threshold 6 (max threshold 6)
[2019-12-09T02:33:26.737+0000][1][gc,age       ] GC(21) - age   1:    1579848 bytes,    1579848 total
[2019-12-09T02:33:26.737+0000][1][gc,age       ] GC(21) - age   2:    2744608 bytes,    4324456 total
[2019-12-09T02:33:26.737+0000][1][gc,heap      ] GC(21) ParNew: 77275K->7657K(78656K)
[2019-12-09T02:33:26.737+0000][1][gc,heap      ] GC(21) CMS: 58002K->60501K(174784K)
[2019-12-09T02:33:26.737+0000][1][gc,metaspace ] GC(21) Metaspace: 55675K->55675K(1099776K)
[2019-12-09T02:33:26.737+0000][1][gc           ] GC(21) Pause Young (Allocation Failure) 132M->66M(247M) 158.191ms
[2019-12-09T02:33:26.737+0000][1][gc,cpu       ] GC(21) User=0.04s Sys=0.00s Real=0.16s
[2019-12-09T02:33:26.737+0000][1][safepoint    ] Leaving safepoint region
[2019-12-09T02:33:26.737+0000][1][safepoint    ] Total time for which application threads were stopped: 0.1702754 seconds, Stopping threads took: 0.0119496 seconds
[2019-12-09T02:33:26.743+0000][1][safepoint    ] Application time: 0.0056555 seconds
[2019-12-09T02:33:26.748+0000][1][safepoint    ] Entering safepoint region: RevokeBias
[2019-12-09T02:33:26.748+0000][1][safepoint    ] Leaving safepoint region
[2019-12-09T02:33:26.748+0000][1][safepoint    ] Total time for which application threads were stopped: 0.0051210 seconds, Stopping threads took: 0.0050371 seconds
[2019-12-09T02:33:26.748+0000][1][safepoint    ] Application time: 0.0002172 seconds
[2019-12-09T02:33:26.748+0000][1][safepoint    ] Entering safepoint region: RevokeBias
[2019-12-09T02:33:26.748+0000][1][safepoint    ] Leaving safepoint region
[2019-12-09T02:33:26.748+0000][1][safepoint    ] Total time for which application threads were stopped: 0.0000793 seconds, Stopping threads took: 0.0000104 seconds
[2019-12-09T02:33:26.748+0000][1][safepoint    ] Application time: 0.0000659 seconds
[2019-12-09T02:33:26.748+0000][1][safepoint    ] Entering safepoint region: RevokeBias
[2019-12-09T02:33:26.748+0000][1][safepoint    ] Leaving safepoint region
[2019-12-09T02:33:26.748+0000][1][safepoint    ] Total time for which application threads were stopped: 0.0000593 seconds, Stopping threads took: 0.0000093 seconds
[2019-12-09T02:33:26.749+0000][1][safepoint    ] Application time: 0.0002858 seconds
[2019-12-09T02:33:26.749+0000][1][safepoint    ] Entering safepoint region: RevokeBias
[2019-12-09T02:33:26.749+0000][1][safepoint    ] Leaving safepoint region
[2019-12-09T02:33:26.749+0000][1][safepoint    ] Total time for which application threads were stopped: 0.0000991 seconds, Stopping threads took: 0.0000113 seconds
[2019-12-09T02:33:27.749+0000][1][safepoint    ] Application time: 1.0004387 seconds
[2019-12-09T02:33:27.758+0000][1][safepoint    ] Entering safepoint region: Cleanup
[2019-12-09T02:33:27.758+0000][1][safepoint    ] Leaving safepoint region
[2019-12-09T02:33:27.758+0000][1][safepoint    ] Total time for which application threads were stopped: 0.0088813 seconds, Stopping threads took: 0.0087969 seconds
[2019-12-09T02:33:28.048+0000][1][safepoint    ] Application time: 0.2897220 seconds
[2019-12-09T02:33:28.048+0000][1][safepoint    ] Entering safepoint region: Deoptimize
[2019-12-09T02:33:28.049+0000][1][safepoint    ] Leaving safepoint region
[2019-12-09T02:33:28.049+0000][1][safepoint    ] Total time for which application threads were stopped: 0.0006924 seconds, Stopping threads took: 0.0000453 seconds
[2019-12-09T02:33:28.440+0000][1][safepoint    ] Application time: 0.3919128 seconds
[2019-12-09T02:33:28.441+0000][1][safepoint    ] Entering safepoint region: RevokeBias
[2019-12-09T02:33:28.441+0000][1][safepoint    ] Leaving safepoint region
[2019-12-09T02:33:28.441+0000][1][safepoint    ] Total time for which application threads were stopped: 0.0001298 seconds, Stopping threads took: 0.0000149 seconds
[2019-12-09T02:33:28.453+0000][1][safepoint    ] Application time: 0.0121237 seconds
[2019-12-09T02:33:28.453+0000][1][safepoint    ] Entering safepoint region: RevokeBias
[2019-12-09T02:33:28.453+0000][1][safepoint    ] Leaving safepoint region
[2019-12-09T02:33:28.453+0000][1][safepoint    ] Total time for which application threads were stopped: 0.0000836 seconds, Stopping threads took: 0.0000162 seconds
[2019-12-09T02:33:28.453+0000][1][safepoint    ] Application time: 0.0001357 seconds
[2019-12-09T02:33:28.453+0000][1][safepoint    ] Entering safepoint region: RevokeBias
[2019-12-09T02:33:28.453+0000][1][safepoint    ] Leaving safepoint region
[2019-12-09T02:33:28.453+0000][1][safepoint    ] Total time for which application threads were stopped: 0.0000591 seconds, Stopping threads took: 0.0000105 seconds
[2019-12-09T02:33:28.470+0000][1][safepoint    ] Application time: 0.0173165 seconds
[2019-12-09T02:33:28.470+0000][1][safepoint    ] Entering safepoint region: RevokeBias
[2019-12-09T02:33:28.471+0000][1][safepoint    ] Leaving safepoint region
[2019-12-09T02:33:28.471+0000][1][safepoint    ] Total time for which application threads were stopped: 0.0000684 seconds, Stopping threads took: 0.0000137 seconds
[2019-12-09T02:33:29.485+0000][1][safepoint    ] Application time: 1.0143856 seconds
[2019-12-09T02:33:29.485+0000][1][safepoint    ] Entering safepoint region: Cleanup
[2019-12-09T02:33:29.486+0000][1][safepoint    ] Leaving safepoint region
[2019-12-09T02:33:29.486+0000][1][safepoint    ] Total time for which application threads were stopped: 0.0012822 seconds, Stopping threads took: 0.0000175 seconds
[2019-12-09T02:33:30.430+0000][1][safepoint    ] Application time: 0.9434549 seconds
[2019-12-09T02:33:30.430+0000][1][safepoint    ] Entering safepoint region: Deoptimize
[2019-12-09T02:33:30.430+0000][1][safepoint    ] Leaving safepoint region
[2019-12-09T02:33:30.430+0000][1][safepoint    ] Total time for which application threads were stopped: 0.0006894 seconds, Stopping threads took: 0.0000171 seconds
[2019-12-09T02:33:30.778+0000][1][safepoint    ] Application time: 0.3471842 seconds
[2019-12-09T02:33:30.778+0000][1][safepoint    ] Entering safepoint region: RevokeBias
[2019-12-09T02:33:30.778+0000][1][safepoint    ] Leaving safepoint region
[2019-12-09T02:33:30.778+0000][1][safepoint    ] Total time for which application threads were stopped: 0.0001003 seconds, Stopping threads took: 0.0000135 seconds
[2019-12-09T02:33:31.697+0000][1][safepoint    ] Application time: 0.9196924 seconds
[2019-12-09T02:33:31.697+0000][1][safepoint    ] Entering safepoint region: RevokeBias
[2019-12-09T02:33:31.698+0000][1][safepoint    ] Leaving safepoint region
[2019-12-09T02:33:31.698+0000][1][safepoint    ] Total time for which application threads were stopped: 0.0000987 seconds, Stopping threads took: 0.0000158 seconds
[2019-12-09T02:33:31.806+0000][1][safepoint    ] Application time: 0.1084201 seconds
[2019-12-09T02:33:31.806+0000][1][safepoint    ] Entering safepoint region: RevokeBias
[2019-12-09T02:33:31.806+0000][1][safepoint    ] Leaving safepoint region
[2019-12-09T02:33:31.806+0000][1][safepoint    ] Total time for which application threads were stopped: 0.0000774 seconds, Stopping threads took: 0.0000142 seconds
[2019-12-09T02:33:31.806+0000][1][safepoint    ] Application time: 0.0000642 seconds
[2019-12-09T02:33:31.806+0000][1][safepoint    ] Entering safepoint region: RevokeBias
[2019-12-09T02:33:31.806+0000][1][safepoint    ] Leaving safepoint region
[2019-12-09T02:33:31.806+0000][1][safepoint    ] Total time for which application threads were stopped: 0.0000364 seconds, Stopping threads took: 0.0000080 seconds
[2019-12-09T02:33:31.806+0000][1][safepoint    ] Application time: 0.0000808 seconds
[2019-12-09T02:33:31.806+0000][1][safepoint    ] Entering safepoint region: RevokeBias
[2019-12-09T02:33:31.806+0000][1][safepoint    ] Leaving safepoint region
[2019-12-09T02:33:31.806+0000][1][safepoint    ] Total time for which application threads were stopped: 0.0000328 seconds, Stopping threads took: 0.0000074 seconds
[2019-12-09T02:33:31.806+0000][1][safepoint    ] Application time: 0.0000765 seconds
[2019-12-09T02:33:31.806+0000][1][safepoint    ] Entering safepoint region: RevokeBias
[2019-12-09T02:33:31.806+0000][1][safepoint    ] Leaving safepoint region
[2019-12-09T02:33:31.806+0000][1][safepoint    ] Total time for which application threads were stopped: 0.0000423 seconds, Stopping threads took: 0.0000073 seconds
[2019-12-09T02:33:31.807+0000][1][safepoint    ] Application time: 0.0000960 seconds
[2019-12-09T02:33:31.807+0000][1][safepoint    ] Entering safepoint region: RevokeBias
[2019-12-09T02:33:31.807+0000][1][safepoint    ] Leaving safepoint region
[2019-12-09T02:33:31.807+0000][1][safepoint    ] Total time for which application threads were stopped: 0.0000324 seconds, Stopping threads took: 0.0000075 seconds
[2019-12-09T02:33:31.807+0000][1][safepoint    ] Application time: 0.0000664 seconds
[2019-12-09T02:33:31.807+0000][1][safepoint    ] Entering safepoint region: RevokeBias
[2019-12-09T02:33:31.807+0000][1][safepoint    ] Leaving safepoint region
[2019-12-09T02:33:31.807+0000][1][safepoint    ] Total time for which application threads were stopped: 0.0000344 seconds, Stopping threads took: 0.0000081 seconds
[2019-12-09T02:33:31.807+0000][1][safepoint    ] Application time: 0.0000922 seconds
[2019-12-09T02:33:31.807+0000][1][safepoint    ] Entering safepoint region: RevokeBias
[2019-12-09T02:33:31.807+0000][1][safepoint    ] Leaving safepoint region
[2019-12-09T02:33:31.807+0000][1][safepoint    ] Total time for which application threads were stopped: 0.0000318 seconds, Stopping threads took: 0.0000073 seconds
[2019-12-09T02:33:32.818+0000][1][safepoint    ] Application time: 1.0108037 seconds
[2019-12-09T02:33:32.818+0000][1][safepoint    ] Entering safepoint region: Cleanup
[2019-12-09T02:33:32.818+0000][1][safepoint    ] Leaving safepoint region
[2019-12-09T02:33:32.818+0000][1][safepoint    ] Total time for which application threads were stopped: 0.0005292 seconds, Stopping threads took: 0.0004519 seconds
[2019-12-09T02:33:33.847+0000][1][safepoint    ] Application time: 1.0284212 seconds
[2019-12-09T02:33:33.847+0000][1][safepoint    ] Entering safepoint region: Cleanup
[2019-12-09T02:33:33.847+0000][1][safepoint    ] Leaving safepoint region
[2019-12-09T02:33:33.847+0000][1][safepoint    ] Total time for which application threads were stopped: 0.0005430 seconds, Stopping threads took: 0.0004593 seconds
[2019-12-09T02:33:33.975+0000][1][safepoint    ] Application time: 0.1274404 seconds
[2019-12-09T02:33:33.975+0000][1][safepoint    ] Entering safepoint region: RevokeBias
[2019-12-09T02:33:33.975+0000][1][safepoint    ] Leaving safepoint region
[2019-12-09T02:33:33.975+0000][1][safepoint    ] Total time for which application threads were stopped: 0.0000858 seconds, Stopping threads took: 0.0000166 seconds
[2019-12-09T02:33:34.175+0000][1][safepoint    ] Application time: 0.2000253 seconds
[2019-12-09T02:33:34.175+0000][1][safepoint    ] Entering safepoint region: GenCollectForAllocation
[2019-12-09T02:33:34.175+0000][1][gc,start     ] GC(22) Pause Young (Allocation Failure)
[2019-12-09T02:33:34.175+0000][1][gc,task      ] GC(22) Using 2 workers of 2 for evacuation
[2019-12-09T02:33:34.317+0000][1][gc,age       ] GC(22) Desired survivor size 4456448 bytes, new threshold 2 (max threshold 6)
[2019-12-09T02:33:34.317+0000][1][gc,age       ] GC(22) Age table with threshold 2 (max threshold 6)
[2019-12-09T02:33:34.317+0000][1][gc,age       ] GC(22) - age   1:    3530912 bytes,    3530912 total
[2019-12-09T02:33:34.317+0000][1][gc,age       ] GC(22) - age   2:    1469864 bytes,    5000776 total
[2019-12-09T02:33:34.317+0000][1][gc,age       ] GC(22) - age   3:    2680544 bytes,    7681320 total
[2019-12-09T02:33:34.318+0000][1][gc,heap      ] GC(22) ParNew: 77609K->8704K(78656K)
[2019-12-09T02:33:34.318+0000][1][gc,heap      ] GC(22) CMS: 60501K->60689K(174784K)
[2019-12-09T02:33:34.318+0000][1][gc,metaspace ] GC(22) Metaspace: 62858K->62858K(1105920K)
[2019-12-09T02:33:34.318+0000][1][gc           ] GC(22) Pause Young (Allocation Failure) 134M->67M(247M) 142.501ms
[2019-12-09T02:33:34.318+0000][1][gc,cpu       ] GC(22) User=0.03s Sys=0.00s Real=0.14s
[2019-12-09T02:33:34.318+0000][1][safepoint    ] Leaving safepoint region
[2019-12-09T02:33:34.318+0000][1][safepoint    ] Total time for which application threads were stopped: 0.1426940 seconds, Stopping threads took: 0.0000495 seconds
[2019-12-09T02:33:34.798+0000][1][safepoint    ] Application time: 0.4798804 seconds
[2019-12-09T02:33:34.798+0000][1][safepoint    ] Entering safepoint region: RevokeBias
[2019-12-09T02:33:34.798+0000][1][safepoint    ] Leaving safepoint region
[2019-12-09T02:33:34.798+0000][1][safepoint    ] Total time for which application threads were stopped: 0.0002346 seconds, Stopping threads took: 0.0001250 seconds
[2019-12-09T02:33:34.798+0000][1][safepoint    ] Application time: 0.0000785 seconds
[2019-12-09T02:33:34.798+0000][1][safepoint    ] Entering safepoint region: RevokeBias
[2019-12-09T02:33:34.798+0000][1][safepoint    ] Leaving safepoint region
[2019-12-09T02:33:34.798+0000][1][safepoint    ] Total time for which application threads were stopped: 0.0000561 seconds, Stopping threads took: 0.0000097 seconds
[2019-12-09T02:33:34.798+0000][1][safepoint    ] Application time: 0.0000556 seconds
[2019-12-09T02:33:34.798+0000][1][safepoint    ] Entering safepoint region: RevokeBias
[2019-12-09T02:33:34.798+0000][1][safepoint    ] Leaving safepoint region
[2019-12-09T02:33:34.798+0000][1][safepoint    ] Total time for which application threads were stopped: 0.0000478 seconds, Stopping threads took: 0.0000083 seconds
[2019-12-09T02:33:34.798+0000][1][safepoint    ] Application time: 0.0000539 seconds
[2019-12-09T02:33:34.798+0000][1][safepoint    ] Entering safepoint region: RevokeBias
[2019-12-09T02:33:34.798+0000][1][safepoint    ] Leaving safepoint region
[2019-12-09T02:33:34.798+0000][1][safepoint    ] Total time for which application threads were stopped: 0.0000556 seconds, Stopping threads took: 0.0000081 seconds
[2019-12-09T02:33:34.798+0000][1][safepoint    ] Application time: 0.0000479 seconds
[2019-12-09T02:33:34.798+0000][1][safepoint    ] Entering safepoint region: RevokeBias
[2019-12-09T02:33:34.798+0000][1][safepoint    ] Leaving safepoint region
[2019-12-09T02:33:34.798+0000][1][safepoint    ] Total time for which application threads were stopped: 0.0000423 seconds, Stopping threads took: 0.0000068 seconds
[2019-12-09T02:33:34.798+0000][1][safepoint    ] Application time: 0.0000525 seconds
[2019-12-09T02:33:34.798+0000][1][safepoint    ] Entering safepoint region: RevokeBias
[2019-12-09T02:33:34.798+0000][1][safepoint    ] Leaving safepoint region
[2019-12-09T02:33:34.798+0000][1][safepoint    ] Total time for which application threads were stopped: 0.0000543 seconds, Stopping threads took: 0.0000140 seconds
[2019-12-09T02:33:34.798+0000][1][safepoint    ] Application time: 0.0000566 seconds
[2019-12-09T02:33:34.798+0000][1][safepoint    ] Entering safepoint region: RevokeBias
[2019-12-09T02:33:34.798+0000][1][safepoint    ] Leaving safepoint region
[2019-12-09T02:33:34.799+0000][1][safepoint    ] Total time for which application threads were stopped: 0.0000449 seconds, Stopping threads took: 0.0000085 seconds
[2019-12-09T02:33:34.799+0000][1][safepoint    ] Application time: 0.0000588 seconds
[2019-12-09T02:33:34.799+0000][1][safepoint    ] Entering safepoint region: RevokeBias
[2019-12-09T02:33:34.799+0000][1][safepoint    ] Leaving safepoint region
[2019-12-09T02:33:34.799+0000][1][safepoint    ] Total time for which application threads were stopped: 0.0000451 seconds, Stopping threads took: 0.0000078 seconds
[2019-12-09T02:33:34.986+0000][1][safepoint    ] Application time: 0.1870897 seconds
[2019-12-09T02:33:34.986+0000][1][safepoint    ] Entering safepoint region: Deoptimize
[2019-12-09T02:33:34.986+0000][1][safepoint    ] Leaving safepoint region
[2019-12-09T02:33:34.986+0000][1][safepoint    ] Total time for which application threads were stopped: 0.0006798 seconds, Stopping threads took: 0.0000154 seconds
[2019-12-09T02:33:35.152+0000][1][safepoint    ] Application time: 0.1653339 seconds
[2019-12-09T02:33:35.152+0000][1][safepoint    ] Entering safepoint region: RevokeBias
[2019-12-09T02:33:35.152+0000][1][safepoint    ] Leaving safepoint region
[2019-12-09T02:33:35.152+0000][1][safepoint    ] Total time for which application threads were stopped: 0.0001029 seconds, Stopping threads took: 0.0000144 seconds
[2019-12-09T02:33:35.168+0000][1][safepoint    ] Application time: 0.0157900 seconds
[2019-12-09T02:33:35.168+0000][1][safepoint    ] Entering safepoint region: RevokeBias
[2019-12-09T02:33:35.168+0000][1][safepoint    ] Leaving safepoint region
[2019-12-09T02:33:35.168+0000][1][safepoint    ] Total time for which application threads were stopped: 0.0000817 seconds, Stopping threads took: 0.0000154 seconds
[2019-12-09T02:33:35.182+0000][1][safepoint    ] Application time: 0.0139032 seconds
[2019-12-09T02:33:35.182+0000][1][safepoint    ] Entering safepoint region: RevokeBias
[2019-12-09T02:33:35.182+0000][1][safepoint    ] Leaving safepoint region
[2019-12-09T02:33:35.182+0000][1][safepoint    ] Total time for which application threads were stopped: 0.0000802 seconds, Stopping threads took: 0.0000140 seconds
[2019-12-09T02:33:35.182+0000][1][safepoint    ] Application time: 0.0002016 seconds
[2019-12-09T02:33:35.182+0000][1][safepoint    ] Entering safepoint region: RevokeBias
[2019-12-09T02:33:35.182+0000][1][safepoint    ] Leaving safepoint region
[2019-12-09T02:33:35.182+0000][1][safepoint    ] Total time for which application threads were stopped: 0.0000630 seconds, Stopping threads took: 0.0000101 seconds
[2019-12-09T02:33:35.183+0000][1][safepoint    ] Application time: 0.0005739 seconds
[2019-12-09T02:33:35.183+0000][1][safepoint    ] Entering safepoint region: RevokeBias
[2019-12-09T02:33:35.183+0000][1][safepoint    ] Leaving safepoint region
[2019-12-09T02:33:35.183+0000][1][safepoint    ] Total time for which application threads were stopped: 0.0000694 seconds, Stopping threads took: 0.0000121 seconds
[2019-12-09T02:33:35.210+0000][1][safepoint    ] Application time: 0.0269240 seconds
[2019-12-09T02:33:35.210+0000][1][safepoint    ] Entering safepoint region: RevokeBias
[2019-12-09T02:33:35.210+0000][1][safepoint    ] Leaving safepoint region
[2019-12-09T02:33:35.210+0000][1][safepoint    ] Total time for which application threads were stopped: 0.0000775 seconds, Stopping threads took: 0.0000119 seconds
[2019-12-09T02:33:35.210+0000][1][safepoint    ] Application time: 0.0001527 seconds
[2019-12-09T02:33:35.210+0000][1][safepoint    ] Entering safepoint region: RevokeBias
[2019-12-09T02:33:35.210+0000][1][safepoint    ] Leaving safepoint region
[2019-12-09T02:33:35.210+0000][1][safepoint    ] Total time for which application threads were stopped: 0.0000622 seconds, Stopping threads took: 0.0000153 seconds
[2019-12-09T02:33:35.210+0000][1][safepoint    ] Application time: 0.0003730 seconds
[2019-12-09T02:33:35.210+0000][1][safepoint    ] Entering safepoint region: RevokeBias
[2019-12-09T02:33:35.211+0000][1][safepoint    ] Leaving safepoint region
[2019-12-09T02:33:35.211+0000][1][safepoint    ] Total time for which application threads were stopped: 0.0000623 seconds, Stopping threads took: 0.0000101 seconds
[2019-12-09T02:33:35.211+0000][1][safepoint    ] Application time: 0.0002748 seconds
[2019-12-09T02:33:35.211+0000][1][safepoint    ] Entering safepoint region: RevokeBias
[2019-12-09T02:33:35.211+0000][1][safepoint    ] Leaving safepoint region
[2019-12-09T02:33:35.211+0000][1][safepoint    ] Total time for which application threads were stopped: 0.0000623 seconds, Stopping threads took: 0.0000095 seconds
[2019-12-09T02:33:35.211+0000][1][safepoint    ] Application time: 0.0000702 seconds
[2019-12-09T02:33:35.211+0000][1][safepoint    ] Entering safepoint region: RevokeBias
[2019-12-09T02:33:35.211+0000][1][safepoint    ] Leaving safepoint region
[2019-12-09T02:33:35.211+0000][1][safepoint    ] Total time for which application threads were stopped: 0.0000470 seconds, Stopping threads took: 0.0000080 seconds
[2019-12-09T02:33:35.211+0000][1][safepoint    ] Application time: 0.0001042 seconds
[2019-12-09T02:33:35.211+0000][1][safepoint    ] Entering safepoint region: RevokeBias
[2019-12-09T02:33:35.211+0000][1][safepoint    ] Leaving safepoint region
[2019-12-09T02:33:35.211+0000][1][safepoint    ] Total time for which application threads were stopped: 0.0000466 seconds, Stopping threads took: 0.0000083 seconds
[2019-12-09T02:33:35.212+0000][1][safepoint    ] Application time: 0.0006051 seconds
[2019-12-09T02:33:35.212+0000][1][safepoint    ] Entering safepoint region: BulkRevokeBias
[2019-12-09T02:33:35.212+0000][1][safepoint    ] Leaving safepoint region
[2019-12-09T02:33:35.212+0000][1][safepoint    ] Total time for which application threads were stopped: 0.0001370 seconds, Stopping threads took: 0.0000108 seconds
[2019-12-09T02:33:35.212+0000][1][safepoint    ] Application time: 0.0001167 seconds
[2019-12-09T02:33:35.212+0000][1][safepoint    ] Entering safepoint region: RevokeBias
[2019-12-09T02:33:35.212+0000][1][safepoint    ] Leaving safepoint region
[2019-12-09T02:33:35.212+0000][1][safepoint    ] Total time for which application threads were stopped: 0.0000591 seconds, Stopping threads took: 0.0000087 seconds
[2019-12-09T02:33:35.213+0000][1][safepoint    ] Application time: 0.0012696 seconds
[2019-12-09T02:33:35.213+0000][1][safepoint    ] Entering safepoint region: RevokeBias
[2019-12-09T02:33:35.213+0000][1][safepoint    ] Leaving safepoint region
[2019-12-09T02:33:35.213+0000][1][safepoint    ] Total time for which application threads were stopped: 0.0000674 seconds, Stopping threads took: 0.0000107 seconds
[2019-12-09T02:33:35.237+0000][1][safepoint    ] Application time: 0.0233110 seconds
[2019-12-09T02:33:35.237+0000][1][safepoint    ] Entering safepoint region: RevokeBias
[2019-12-09T02:33:35.237+0000][1][safepoint    ] Leaving safepoint region
[2019-12-09T02:33:35.237+0000][1][safepoint    ] Total time for which application threads were stopped: 0.0000879 seconds, Stopping threads took: 0.0000155 seconds
[2019-12-09T02:33:35.243+0000][1][safepoint    ] Application time: 0.0065071 seconds
[2019-12-09T02:33:35.243+0000][1][safepoint    ] Entering safepoint region: RevokeBias
[2019-12-09T02:33:35.244+0000][1][safepoint    ] Leaving safepoint region
[2019-12-09T02:33:35.244+0000][1][safepoint    ] Total time for which application threads were stopped: 0.0000803 seconds, Stopping threads took: 0.0000127 seconds
[2019-12-09T02:33:35.289+0000][1][safepoint    ] Application time: 0.0458774 seconds
[2019-12-09T02:33:35.289+0000][1][safepoint    ] Entering safepoint region: Deoptimize
[2019-12-09T02:33:35.290+0000][1][safepoint    ] Leaving safepoint region
[2019-12-09T02:33:35.290+0000][1][safepoint    ] Total time for which application threads were stopped: 0.0007105 seconds, Stopping threads took: 0.0000258 seconds
[2019-12-09T02:33:35.291+0000][1][safepoint    ] Application time: 0.0009379 seconds
[2019-12-09T02:33:35.291+0000][1][safepoint    ] Entering safepoint region: RevokeBias
[2019-12-09T02:33:35.291+0000][1][safepoint    ] Leaving safepoint region
[2019-12-09T02:33:35.291+0000][1][safepoint    ] Total time for which application threads were stopped: 0.0000795 seconds, Stopping threads took: 0.0000135 seconds
[2019-12-09T02:33:35.360+0000][1][safepoint    ] Application time: 0.0689030 seconds
[2019-12-09T02:33:35.429+0000][1][safepoint    ] Entering safepoint region: RevokeBias
[2019-12-09T02:33:35.429+0000][1][safepoint    ] Leaving safepoint region
[2019-12-09T02:33:35.429+0000][1][safepoint    ] Total time for which application threads were stopped: 0.0687067 seconds, Stopping threads took: 0.0686016 seconds
[2019-12-09T02:33:35.429+0000][1][safepoint    ] Application time: 0.0002810 seconds
[2019-12-09T02:33:35.429+0000][1][safepoint    ] Entering safepoint region: RevokeBias
[2019-12-09T02:33:35.429+0000][1][safepoint    ] Leaving safepoint region
[2019-12-09T02:33:35.429+0000][1][safepoint    ] Total time for which application threads were stopped: 0.0000851 seconds, Stopping threads took: 0.0000138 seconds
[2019-12-09T02:33:35.430+0000][1][safepoint    ] Application time: 0.0010447 seconds
[2019-12-09T02:33:35.430+0000][1][safepoint    ] Entering safepoint region: BulkRevokeBias
[2019-12-09T02:33:35.431+0000][1][safepoint    ] Leaving safepoint region
[2019-12-09T02:33:35.431+0000][1][safepoint    ] Total time for which application threads were stopped: 0.0002300 seconds, Stopping threads took: 0.0000118 seconds
[2019-12-09T02:33:35.493+0000][1][safepoint    ] Application time: 0.0619503 seconds
[2019-12-09T02:33:35.493+0000][1][safepoint    ] Entering safepoint region: RevokeBias
[2019-12-09T02:33:35.493+0000][1][safepoint    ] Leaving safepoint region
[2019-12-09T02:33:35.493+0000][1][safepoint    ] Total time for which application threads were stopped: 0.0001440 seconds, Stopping threads took: 0.0000550 seconds
[2019-12-09T02:33:35.506+0000][1][safepoint    ] Application time: 0.0130724 seconds
[2019-12-09T02:33:35.526+0000][1][safepoint    ] Entering safepoint region: RevokeBias
[2019-12-09T02:33:35.526+0000][1][safepoint    ] Leaving safepoint region
[2019-12-09T02:33:35.526+0000][1][safepoint    ] Total time for which application threads were stopped: 0.0199867 seconds, Stopping threads took: 0.0199288 seconds
[2019-12-09T02:33:35.526+0000][1][safepoint    ] Application time: 0.0000966 seconds
[2019-12-09T02:33:35.526+0000][1][safepoint    ] Entering safepoint region: RevokeBias
[2019-12-09T02:33:35.526+0000][1][safepoint    ] Leaving safepoint region
[2019-12-09T02:33:35.526+0000][1][safepoint    ] Total time for which application threads were stopped: 0.0000362 seconds, Stopping threads took: 0.0000097 seconds
[2019-12-09T02:33:35.527+0000][1][safepoint    ] Application time: 0.0012393 seconds
[2019-12-09T02:33:35.527+0000][1][safepoint    ] Entering safepoint region: RevokeBias
[2019-12-09T02:33:35.527+0000][1][safepoint    ] Leaving safepoint region
[2019-12-09T02:33:35.527+0000][1][safepoint    ] Total time for which application threads were stopped: 0.0000780 seconds, Stopping threads took: 0.0000152 seconds
[2019-12-09T02:33:35.527+0000][1][safepoint    ] Application time: 0.0000685 seconds
[2019-12-09T02:33:35.527+0000][1][safepoint    ] Entering safepoint region: RevokeBias
[2019-12-09T02:33:35.527+0000][1][safepoint    ] Leaving safepoint region
[2019-12-09T02:33:35.527+0000][1][safepoint    ] Total time for which application threads were stopped: 0.0000499 seconds, Stopping threads took: 0.0000095 seconds
[2019-12-09T02:33:35.528+0000][1][safepoint    ] Application time: 0.0002982 seconds
[2019-12-09T02:33:35.528+0000][1][safepoint    ] Entering safepoint region: RevokeBias
[2019-12-09T02:33:35.528+0000][1][safepoint    ] Leaving safepoint region
[2019-12-09T02:33:35.528+0000][1][safepoint    ] Total time for which application threads were stopped: 0.0000650 seconds, Stopping threads took: 0.0000125 seconds
[2019-12-09T02:33:35.528+0000][1][safepoint    ] Application time: 0.0000589 seconds
[2019-12-09T02:33:35.528+0000][1][safepoint    ] Entering safepoint region: RevokeBias
[2019-12-09T02:33:35.528+0000][1][safepoint    ] Leaving safepoint region
[2019-12-09T02:33:35.528+0000][1][safepoint    ] Total time for which application threads were stopped: 0.0000466 seconds, Stopping threads took: 0.0000091 seconds
[2019-12-09T02:33:35.528+0000][1][safepoint    ] Application time: 0.0000570 seconds
[2019-12-09T02:33:35.528+0000][1][safepoint    ] Entering safepoint region: RevokeBias
[2019-12-09T02:33:35.528+0000][1][safepoint    ] Leaving safepoint region
[2019-12-09T02:33:35.528+0000][1][safepoint    ] Total time for which application threads were stopped: 0.0000442 seconds, Stopping threads took: 0.0000093 seconds
[2019-12-09T02:33:35.582+0000][1][safepoint    ] Application time: 0.0542853 seconds
[2019-12-09T02:33:35.629+0000][1][safepoint    ] Entering safepoint region: RevokeBias
[2019-12-09T02:33:35.629+0000][1][safepoint    ] Leaving safepoint region
[2019-12-09T02:33:35.629+0000][1][safepoint    ] Total time for which application threads were stopped: 0.0463163 seconds, Stopping threads took: 0.0461645 seconds
[2019-12-09T02:33:35.673+0000][1][safepoint    ] Application time: 0.0443667 seconds
[2019-12-09T02:33:35.716+0000][1][safepoint    ] Entering safepoint region: RevokeBias
[2019-12-09T02:33:35.716+0000][1][safepoint    ] Leaving safepoint region
[2019-12-09T02:33:35.716+0000][1][safepoint    ] Total time for which application threads were stopped: 0.0426676 seconds, Stopping threads took: 0.0425431 seconds
[2019-12-09T02:33:35.735+0000][1][safepoint    ] Application time: 0.0186854 seconds
[2019-12-09T02:33:35.735+0000][1][safepoint    ] Entering safepoint region: RevokeBias
[2019-12-09T02:33:35.735+0000][1][safepoint    ] Leaving safepoint region
[2019-12-09T02:33:35.735+0000][1][safepoint    ] Total time for which application threads were stopped: 0.0001153 seconds, Stopping threads took: 0.0000147 seconds
[2019-12-09T02:33:35.735+0000][1][safepoint    ] Application time: 0.0000713 seconds
[2019-12-09T02:33:35.735+0000][1][safepoint    ] Entering safepoint region: RevokeBias
[2019-12-09T02:33:35.735+0000][1][safepoint    ] Leaving safepoint region
[2019-12-09T02:33:35.735+0000][1][safepoint    ] Total time for which application threads were stopped: 0.0000801 seconds, Stopping threads took: 0.0000100 seconds
[2019-12-09T02:33:35.735+0000][1][safepoint    ] Application time: 0.0006205 seconds
[2019-12-09T02:33:35.735+0000][1][safepoint    ] Entering safepoint region: RevokeBias
[2019-12-09T02:33:35.736+0000][1][safepoint    ] Leaving safepoint region
[2019-12-09T02:33:35.736+0000][1][safepoint    ] Total time for which application threads were stopped: 0.0000925 seconds, Stopping threads took: 0.0000129 seconds
[2019-12-09T02:33:35.778+0000][1][safepoint    ] Application time: 0.0421566 seconds
[2019-12-09T02:33:35.797+0000][1][safepoint    ] Entering safepoint region: RevokeBias
[2019-12-09T02:33:35.797+0000][1][safepoint    ] Leaving safepoint region
[2019-12-09T02:33:35.797+0000][1][safepoint    ] Total time for which application threads were stopped: 0.0189155 seconds, Stopping threads took: 0.0187947 seconds
[2019-12-09T02:33:35.818+0000][1][safepoint    ] Application time: 0.0213476 seconds
[2019-12-09T02:33:35.868+0000][1][safepoint    ] Entering safepoint region: RevokeBias
[2019-12-09T02:33:35.868+0000][1][safepoint    ] Leaving safepoint region
[2019-12-09T02:33:35.868+0000][1][safepoint    ] Total time for which application threads were stopped: 0.0501007 seconds, Stopping threads took: 0.0499323 seconds
[2019-12-09T02:33:35.875+0000][1][safepoint    ] Application time: 0.0068045 seconds
[2019-12-09T02:33:35.895+0000][1][safepoint    ] Entering safepoint region: RevokeBias
[2019-12-09T02:33:35.895+0000][1][safepoint    ] Leaving safepoint region
[2019-12-09T02:33:35.895+0000][1][safepoint    ] Total time for which application threads were stopped: 0.0200676 seconds, Stopping threads took: 0.0198619 seconds
[2019-12-09T02:33:35.907+0000][1][safepoint    ] Application time: 0.0115502 seconds
[2019-12-09T02:33:35.961+0000][1][safepoint    ] Entering safepoint region: RevokeBias
[2019-12-09T02:33:35.961+0000][1][safepoint    ] Leaving safepoint region
[2019-12-09T02:33:35.961+0000][1][safepoint    ] Total time for which application threads were stopped: 0.0547287 seconds, Stopping threads took: 0.0545027 seconds
[2019-12-09T02:33:35.966+0000][1][safepoint    ] Application time: 0.0050154 seconds
[2019-12-09T02:33:36.014+0000][1][safepoint    ] Entering safepoint region: RevokeBias
[2019-12-09T02:33:36.014+0000][1][safepoint    ] Leaving safepoint region
[2019-12-09T02:33:36.014+0000][1][safepoint    ] Total time for which application threads were stopped: 0.0476355 seconds, Stopping threads took: 0.0474526 seconds
[2019-12-09T02:33:36.023+0000][1][safepoint    ] Application time: 0.0091634 seconds
[2019-12-09T02:33:36.069+0000][1][safepoint    ] Entering safepoint region: RevokeBias
[2019-12-09T02:33:36.069+0000][1][safepoint    ] Leaving safepoint region
[2019-12-09T02:33:36.069+0000][1][safepoint    ] Total time for which application threads were stopped: 0.0455886 seconds, Stopping threads took: 0.0454904 seconds
[2019-12-09T02:33:36.122+0000][1][safepoint    ] Application time: 0.0527585 seconds
[2019-12-09T02:33:36.146+0000][1][safepoint    ] Entering safepoint region: RevokeBias
[2019-12-09T02:33:36.146+0000][1][safepoint    ] Leaving safepoint region
[2019-12-09T02:33:36.146+0000][1][safepoint    ] Total time for which application threads were stopped: 0.0242477 seconds, Stopping threads took: 0.0241640 seconds
[2019-12-09T02:33:36.235+0000][1][safepoint    ] Application time: 0.0888187 seconds
[2019-12-09T02:33:36.260+0000][1][safepoint    ] Entering safepoint region: RevokeBias
[2019-12-09T02:33:36.260+0000][1][safepoint    ] Leaving safepoint region
[2019-12-09T02:33:36.260+0000][1][safepoint    ] Total time for which application threads were stopped: 0.0251268 seconds, Stopping threads took: 0.0250379 seconds
[2019-12-09T02:33:36.267+0000][1][safepoint    ] Application time: 0.0067897 seconds
[2019-12-09T02:33:36.281+0000][1][safepoint    ] Entering safepoint region: RevokeBias
[2019-12-09T02:33:36.281+0000][1][safepoint    ] Leaving safepoint region
[2019-12-09T02:33:36.281+0000][1][safepoint    ] Total time for which application threads were stopped: 0.0142179 seconds, Stopping threads took: 0.0141380 seconds
[2019-12-09T02:33:36.281+0000][1][safepoint    ] Application time: 0.0001950 seconds
[2019-12-09T02:33:36.281+0000][1][safepoint    ] Entering safepoint region: RevokeBias
[2019-12-09T02:33:36.281+0000][1][safepoint    ] Leaving safepoint region
[2019-12-09T02:33:36.281+0000][1][safepoint    ] Total time for which application threads were stopped: 0.0000781 seconds, Stopping threads took: 0.0000122 seconds
[2019-12-09T02:33:36.281+0000][1][safepoint    ] Application time: 0.0001743 seconds
[2019-12-09T02:33:36.281+0000][1][safepoint    ] Entering safepoint region: RevokeBias
[2019-12-09T02:33:36.282+0000][1][safepoint    ] Leaving safepoint region
[2019-12-09T02:33:36.282+0000][1][safepoint    ] Total time for which application threads were stopped: 0.0000711 seconds, Stopping threads took: 0.0000105 seconds
[2019-12-09T02:33:36.283+0000][1][safepoint    ] Application time: 0.0014267 seconds
[2019-12-09T02:33:36.283+0000][1][safepoint    ] Entering safepoint region: RevokeBias
[2019-12-09T02:33:36.283+0000][1][safepoint    ] Leaving safepoint region
[2019-12-09T02:33:36.283+0000][1][safepoint    ] Total time for which application threads were stopped: 0.0000948 seconds, Stopping threads took: 0.0000124 seconds
[2019-12-09T02:33:36.283+0000][1][safepoint    ] Application time: 0.0003654 seconds
[2019-12-09T02:33:36.283+0000][1][safepoint    ] Entering safepoint region: RevokeBias
[2019-12-09T02:33:36.284+0000][1][safepoint    ] Leaving safepoint region
[2019-12-09T02:33:36.284+0000][1][safepoint    ] Total time for which application threads were stopped: 0.0000890 seconds, Stopping threads took: 0.0000107 seconds
[2019-12-09T02:33:36.291+0000][1][safepoint    ] Application time: 0.0072238 seconds
[2019-12-09T02:33:36.300+0000][1][safepoint    ] Entering safepoint region: RevokeBias
[2019-12-09T02:33:36.300+0000][1][safepoint    ] Leaving safepoint region
[2019-12-09T02:33:36.300+0000][1][safepoint    ] Total time for which application threads were stopped: 0.0093389 seconds, Stopping threads took: 0.0092631 seconds
[2019-12-09T02:33:36.300+0000][1][safepoint    ] Application time: 0.0001473 seconds
[2019-12-09T02:33:36.300+0000][1][safepoint    ] Entering safepoint region: RevokeBias
[2019-12-09T02:33:36.300+0000][1][safepoint    ] Leaving safepoint region
[2019-12-09T02:33:36.300+0000][1][safepoint    ] Total time for which application threads were stopped: 0.0000633 seconds, Stopping threads took: 0.0000089 seconds
[2019-12-09T02:33:36.303+0000][1][safepoint    ] Application time: 0.0025171 seconds
[2019-12-09T02:33:36.303+0000][1][safepoint    ] Entering safepoint region: RevokeBias
[2019-12-09T02:33:36.303+0000][1][safepoint    ] Leaving safepoint region
[2019-12-09T02:33:36.303+0000][1][safepoint    ] Total time for which application threads were stopped: 0.0001536 seconds, Stopping threads took: 0.0000609 seconds
[2019-12-09T02:33:36.313+0000][1][safepoint    ] Application time: 0.0097830 seconds
[2019-12-09T02:33:36.313+0000][1][safepoint    ] Entering safepoint region: RevokeBias
[2019-12-09T02:33:36.313+0000][1][safepoint    ] Leaving safepoint region
[2019-12-09T02:33:36.313+0000][1][safepoint    ] Total time for which application threads were stopped: 0.0002769 seconds, Stopping threads took: 0.0001974 seconds
[2019-12-09T02:33:36.316+0000][1][safepoint    ] Application time: 0.0024699 seconds
[2019-12-09T02:33:36.316+0000][1][safepoint    ] Entering safepoint region: RevokeBias
[2019-12-09T02:33:36.316+0000][1][safepoint    ] Leaving safepoint region
[2019-12-09T02:33:36.316+0000][1][safepoint    ] Total time for which application threads were stopped: 0.0000918 seconds, Stopping threads took: 0.0000113 seconds
[2019-12-09T02:33:36.317+0000][1][safepoint    ] Application time: 0.0010839 seconds
[2019-12-09T02:33:36.317+0000][1][safepoint    ] Entering safepoint region: RevokeBias
[2019-12-09T02:33:36.317+0000][1][safepoint    ] Leaving safepoint region
[2019-12-09T02:33:36.317+0000][1][safepoint    ] Total time for which application threads were stopped: 0.0000720 seconds, Stopping threads took: 0.0000110 seconds
[2019-12-09T02:33:36.401+0000][1][safepoint    ] Application time: 0.0839693 seconds
[2019-12-09T02:33:36.418+0000][1][safepoint    ] Entering safepoint region: RevokeBias
[2019-12-09T02:33:36.418+0000][1][safepoint    ] Leaving safepoint region
[2019-12-09T02:33:36.418+0000][1][safepoint    ] Total time for which application threads were stopped: 0.0169441 seconds, Stopping threads took: 0.0168163 seconds
[2019-12-09T02:33:36.420+0000][1][safepoint    ] Application time: 0.0022775 seconds
[2019-12-09T02:33:36.420+0000][1][safepoint    ] Entering safepoint region: RevokeBias
[2019-12-09T02:33:36.420+0000][1][safepoint    ] Leaving safepoint region
[2019-12-09T02:33:36.420+0000][1][safepoint    ] Total time for which application threads were stopped: 0.0000892 seconds, Stopping threads took: 0.0000132 seconds
[2019-12-09T02:33:36.421+0000][1][safepoint    ] Application time: 0.0004946 seconds
[2019-12-09T02:33:36.421+0000][1][safepoint    ] Entering safepoint region: RevokeBias
[2019-12-09T02:33:36.421+0000][1][safepoint    ] Leaving safepoint region
[2019-12-09T02:33:36.421+0000][1][safepoint    ] Total time for which application threads were stopped: 0.0000740 seconds, Stopping threads took: 0.0000106 seconds
[2019-12-09T02:33:36.424+0000][1][safepoint    ] Application time: 0.0032715 seconds
[2019-12-09T02:33:36.424+0000][1][safepoint    ] Entering safepoint region: RevokeBias
[2019-12-09T02:33:36.424+0000][1][safepoint    ] Leaving safepoint region
[2019-12-09T02:33:36.424+0000][1][safepoint    ] Total time for which application threads were stopped: 0.0000777 seconds, Stopping threads took: 0.0000125 seconds
[2019-12-09T02:33:36.425+0000][1][safepoint    ] Application time: 0.0009310 seconds
[2019-12-09T02:33:36.425+0000][1][safepoint    ] Entering safepoint region: RevokeBias
[2019-12-09T02:33:36.425+0000][1][safepoint    ] Leaving safepoint region
[2019-12-09T02:33:36.425+0000][1][safepoint    ] Total time for which application threads were stopped: 0.0000682 seconds, Stopping threads took: 0.0000112 seconds
[2019-12-09T02:33:36.425+0000][1][safepoint    ] Application time: 0.0000737 seconds
[2019-12-09T02:33:36.425+0000][1][safepoint    ] Entering safepoint region: RevokeBias
[2019-12-09T02:33:36.425+0000][1][safepoint    ] Leaving safepoint region
[2019-12-09T02:33:36.425+0000][1][safepoint    ] Total time for which application threads were stopped: 0.0000536 seconds, Stopping threads took: 0.0000081 seconds
[2019-12-09T02:33:36.426+0000][1][safepoint    ] Application time: 0.0002849 seconds
[2019-12-09T02:33:36.426+0000][1][safepoint    ] Entering safepoint region: RevokeBias
[2019-12-09T02:33:36.426+0000][1][safepoint    ] Leaving safepoint region
[2019-12-09T02:33:36.426+0000][1][safepoint    ] Total time for which application threads were stopped: 0.0000568 seconds, Stopping threads took: 0.0000089 seconds
[2019-12-09T02:33:36.426+0000][1][safepoint    ] Application time: 0.0000477 seconds
[2019-12-09T02:33:36.426+0000][1][safepoint    ] Entering safepoint region: RevokeBias
[2019-12-09T02:33:36.426+0000][1][safepoint    ] Leaving safepoint region
[2019-12-09T02:33:36.426+0000][1][safepoint    ] Total time for which application threads were stopped: 0.0000476 seconds, Stopping threads took: 0.0000071 seconds
[2019-12-09T02:33:36.426+0000][1][safepoint    ] Application time: 0.0003758 seconds
[2019-12-09T02:33:36.426+0000][1][safepoint    ] Entering safepoint region: RevokeBias
[2019-12-09T02:33:36.426+0000][1][safepoint    ] Leaving safepoint region
[2019-12-09T02:33:36.426+0000][1][safepoint    ] Total time for which application threads were stopped: 0.0000785 seconds, Stopping threads took: 0.0000098 seconds
[2019-12-09T02:33:36.426+0000][1][safepoint    ] Application time: 0.0000659 seconds
[2019-12-09T02:33:36.426+0000][1][safepoint    ] Entering safepoint region: RevokeBias
[2019-12-09T02:33:36.427+0000][1][safepoint    ] Leaving safepoint region
[2019-12-09T02:33:36.427+0000][1][safepoint    ] Total time for which application threads were stopped: 0.0000956 seconds, Stopping threads took: 0.0000082 seconds
[2019-12-09T02:33:36.453+0000][1][safepoint    ] Application time: 0.0261765 seconds
[2019-12-09T02:33:36.491+0000][1][safepoint    ] Entering safepoint region: RevokeBias
[2019-12-09T02:33:36.491+0000][1][safepoint    ] Leaving safepoint region
[2019-12-09T02:33:36.491+0000][1][safepoint    ] Total time for which application threads were stopped: 0.0380520 seconds, Stopping threads took: 0.0379654 seconds
[2019-12-09T02:33:36.494+0000][1][safepoint    ] Application time: 0.0029761 seconds
[2019-12-09T02:33:36.494+0000][1][safepoint    ] Entering safepoint region: RevokeBias
[2019-12-09T02:33:36.494+0000][1][safepoint    ] Leaving safepoint region
[2019-12-09T02:33:36.494+0000][1][safepoint    ] Total time for which application threads were stopped: 0.0001120 seconds, Stopping threads took: 0.0000434 seconds
[2019-12-09T02:33:36.494+0000][1][safepoint    ] Application time: 0.0002987 seconds
[2019-12-09T02:33:36.494+0000][1][safepoint    ] Entering safepoint region: RevokeBias
[2019-12-09T02:33:36.494+0000][1][safepoint    ] Leaving safepoint region
[2019-12-09T02:33:36.494+0000][1][safepoint    ] Total time for which application threads were stopped: 0.0000919 seconds, Stopping threads took: 0.0000233 seconds
[2019-12-09T02:33:36.497+0000][1][safepoint    ] Application time: 0.0023355 seconds
[2019-12-09T02:33:36.500+0000][1][safepoint    ] Entering safepoint region: RevokeBias
[2019-12-09T02:33:36.500+0000][1][safepoint    ] Leaving safepoint region
[2019-12-09T02:33:36.500+0000][1][safepoint    ] Total time for which application threads were stopped: 0.0030678 seconds, Stopping threads took: 0.0030009 seconds
[2019-12-09T02:33:36.509+0000][1][safepoint    ] Application time: 0.0089101 seconds
[2019-12-09T02:33:36.623+0000][1][safepoint    ] Entering safepoint region: RevokeBias
[2019-12-09T02:33:36.623+0000][1][safepoint    ] Leaving safepoint region
[2019-12-09T02:33:36.623+0000][1][safepoint    ] Total time for which application threads were stopped: 0.1141188 seconds, Stopping threads took: 0.1140274 seconds
[2019-12-09T02:33:36.633+0000][1][safepoint    ] Application time: 0.0099206 seconds
[2019-12-09T02:33:36.654+0000][1][safepoint    ] Entering safepoint region: RevokeBias
[2019-12-09T02:33:36.654+0000][1][safepoint    ] Leaving safepoint region
[2019-12-09T02:33:36.654+0000][1][safepoint    ] Total time for which application threads were stopped: 0.0214063 seconds, Stopping threads took: 0.0213223 seconds
[2019-12-09T02:33:36.659+0000][1][safepoint    ] Application time: 0.0050561 seconds
[2019-12-09T02:33:36.669+0000][1][safepoint    ] Entering safepoint region: BulkRevokeBias
[2019-12-09T02:33:36.669+0000][1][safepoint    ] Leaving safepoint region
[2019-12-09T02:33:36.669+0000][1][safepoint    ] Total time for which application threads were stopped: 0.0098951 seconds, Stopping threads took: 0.0095119 seconds
[2019-12-09T02:33:36.679+0000][1][safepoint    ] Application time: 0.0093748 seconds
[2019-12-09T02:33:36.694+0000][1][safepoint    ] Entering safepoint region: RevokeBias
[2019-12-09T02:33:36.694+0000][1][safepoint    ] Leaving safepoint region
[2019-12-09T02:33:36.694+0000][1][safepoint    ] Total time for which application threads were stopped: 0.0155604 seconds, Stopping threads took: 0.0154571 seconds
[2019-12-09T02:33:36.819+0000][1][safepoint    ] Application time: 0.1249810 seconds
[2019-12-09T02:33:36.819+0000][1][safepoint    ] Entering safepoint region: RevokeBias
[2019-12-09T02:33:36.819+0000][1][safepoint    ] Leaving safepoint region
[2019-12-09T02:33:36.819+0000][1][safepoint    ] Total time for which application threads were stopped: 0.0002424 seconds, Stopping threads took: 0.0001377 seconds
[2019-12-09T02:33:36.869+0000][1][safepoint    ] Application time: 0.0496361 seconds
[2019-12-09T02:33:36.869+0000][1][safepoint    ] Entering safepoint region: RevokeBias
[2019-12-09T02:33:36.869+0000][1][safepoint    ] Leaving safepoint region
[2019-12-09T02:33:36.869+0000][1][safepoint    ] Total time for which application threads were stopped: 0.0002544 seconds, Stopping threads took: 0.0001488 seconds
[2019-12-09T02:33:36.879+0000][1][safepoint    ] Application time: 0.0091757 seconds
[2019-12-09T02:33:36.888+0000][1][safepoint    ] Entering safepoint region: RevokeBias
[2019-12-09T02:33:36.888+0000][1][safepoint    ] Leaving safepoint region
[2019-12-09T02:33:36.888+0000][1][safepoint    ] Total time for which application threads were stopped: 0.0092966 seconds, Stopping threads took: 0.0091477 seconds
[2019-12-09T02:33:36.947+0000][1][safepoint    ] Application time: 0.0591052 seconds
[2019-12-09T02:33:36.948+0000][1][safepoint    ] Entering safepoint region: RevokeBias
[2019-12-09T02:33:36.948+0000][1][safepoint    ] Leaving safepoint region
[2019-12-09T02:33:36.948+0000][1][safepoint    ] Total time for which application threads were stopped: 0.0008852 seconds, Stopping threads took: 0.0007869 seconds
[2019-12-09T02:33:36.949+0000][1][safepoint    ] Application time: 0.0008962 seconds
[2019-12-09T02:33:37.017+0000][1][safepoint    ] Entering safepoint region: RevokeBias
[2019-12-09T02:33:37.017+0000][1][safepoint    ] Leaving safepoint region
[2019-12-09T02:33:37.017+0000][1][safepoint    ] Total time for which application threads were stopped: 0.0680541 seconds, Stopping threads took: 0.0679149 seconds
[2019-12-09T02:33:37.019+0000][1][safepoint    ] Application time: 0.0025814 seconds
[2019-12-09T02:33:37.020+0000][1][safepoint    ] Entering safepoint region: RevokeBias
[2019-12-09T02:33:37.020+0000][1][safepoint    ] Leaving safepoint region
[2019-12-09T02:33:37.020+0000][1][safepoint    ] Total time for which application threads were stopped: 0.0001079 seconds, Stopping threads took: 0.0000178 seconds
[2019-12-09T02:33:37.085+0000][1][safepoint    ] Application time: 0.0656461 seconds
[2019-12-09T02:33:37.085+0000][1][safepoint    ] Entering safepoint region: RevokeBias
[2019-12-09T02:33:37.085+0000][1][safepoint    ] Leaving safepoint region
[2019-12-09T02:33:37.085+0000][1][safepoint    ] Total time for which application threads were stopped: 0.0001317 seconds, Stopping threads took: 0.0000529 seconds
[2019-12-09T02:33:37.090+0000][1][safepoint    ] Application time: 0.0042616 seconds
[2019-12-09T02:33:37.091+0000][1][safepoint    ] Entering safepoint region: RevokeBias
[2019-12-09T02:33:37.091+0000][1][safepoint    ] Leaving safepoint region
[2019-12-09T02:33:37.091+0000][1][safepoint    ] Total time for which application threads were stopped: 0.0009432 seconds, Stopping threads took: 0.0008864 seconds
[2019-12-09T02:33:37.116+0000][1][safepoint    ] Application time: 0.0250320 seconds
[2019-12-09T02:33:37.116+0000][1][safepoint    ] Entering safepoint region: RevokeBias
[2019-12-09T02:33:37.116+0000][1][safepoint    ] Leaving safepoint region
[2019-12-09T02:33:37.116+0000][1][safepoint    ] Total time for which application threads were stopped: 0.0001326 seconds, Stopping threads took: 0.0000640 seconds
[2019-12-09T02:33:37.134+0000][1][safepoint    ] Application time: 0.0178168 seconds
[2019-12-09T02:33:37.136+0000][1][safepoint    ] Entering safepoint region: RevokeBias
[2019-12-09T02:33:37.136+0000][1][safepoint    ] Leaving safepoint region
[2019-12-09T02:33:37.136+0000][1][safepoint    ] Total time for which application threads were stopped: 0.0021297 seconds, Stopping threads took: 0.0020419 seconds
[2019-12-09T02:33:37.136+0000][1][safepoint    ] Application time: 0.0001870 seconds
[2019-12-09T02:33:37.136+0000][1][safepoint    ] Entering safepoint region: RevokeBias
[2019-12-09T02:33:37.136+0000][1][safepoint    ] Leaving safepoint region
[2019-12-09T02:33:37.136+0000][1][safepoint    ] Total time for which application threads were stopped: 0.0000650 seconds, Stopping threads took: 0.0000102 seconds
[2019-12-09T02:33:37.144+0000][1][safepoint    ] Application time: 0.0077483 seconds
[2019-12-09T02:33:37.170+0000][1][safepoint    ] Entering safepoint region: RevokeBias
[2019-12-09T02:33:37.170+0000][1][safepoint    ] Leaving safepoint region
[2019-12-09T02:33:37.170+0000][1][safepoint    ] Total time for which application threads were stopped: 0.0261219 seconds, Stopping threads took: 0.0259841 seconds
[2019-12-09T02:33:37.177+0000][1][safepoint    ] Application time: 0.0068225 seconds
[2019-12-09T02:33:37.177+0000][1][safepoint    ] Entering safepoint region: RevokeBias
[2019-12-09T02:33:37.177+0000][1][safepoint    ] Leaving safepoint region
[2019-12-09T02:33:37.177+0000][1][safepoint    ] Total time for which application threads were stopped: 0.0001671 seconds, Stopping threads took: 0.0000891 seconds
[2019-12-09T02:33:37.185+0000][1][safepoint    ] Application time: 0.0074590 seconds
[2019-12-09T02:33:37.233+0000][1][safepoint    ] Entering safepoint region: RevokeBias
[2019-12-09T02:33:37.233+0000][1][safepoint    ] Leaving safepoint region
[2019-12-09T02:33:37.233+0000][1][safepoint    ] Total time for which application threads were stopped: 0.0482770 seconds, Stopping threads took: 0.0481904 seconds
[2019-12-09T02:33:37.282+0000][1][safepoint    ] Application time: 0.0493446 seconds
[2019-12-09T02:33:37.344+0000][1][safepoint    ] Entering safepoint region: RevokeBias
[2019-12-09T02:33:37.344+0000][1][safepoint    ] Leaving safepoint region
[2019-12-09T02:33:37.344+0000][1][safepoint    ] Total time for which application threads were stopped: 0.0622426 seconds, Stopping threads took: 0.0615442 seconds
[2019-12-09T02:33:37.416+0000][1][safepoint    ] Application time: 0.0715024 seconds
[2019-12-09T02:33:37.416+0000][1][safepoint    ] Entering safepoint region: RevokeBias
[2019-12-09T02:33:37.416+0000][1][safepoint    ] Leaving safepoint region
[2019-12-09T02:33:37.416+0000][1][safepoint    ] Total time for which application threads were stopped: 0.0001081 seconds, Stopping threads took: 0.0000183 seconds
[2019-12-09T02:33:37.417+0000][1][safepoint    ] Application time: 0.0006160 seconds
[2019-12-09T02:33:37.417+0000][1][safepoint    ] Entering safepoint region: RevokeBias
[2019-12-09T02:33:37.417+0000][1][safepoint    ] Leaving safepoint region
[2019-12-09T02:33:37.417+0000][1][safepoint    ] Total time for which application threads were stopped: 0.0005013 seconds, Stopping threads took: 0.0000133 seconds
[2019-12-09T02:33:37.418+0000][1][safepoint    ] Application time: 0.0005358 seconds
[2019-12-09T02:33:37.418+0000][1][safepoint    ] Entering safepoint region: RevokeBias
[2019-12-09T02:33:37.418+0000][1][safepoint    ] Leaving safepoint region
[2019-12-09T02:33:37.418+0000][1][safepoint    ] Total time for which application threads were stopped: 0.0000687 seconds, Stopping threads took: 0.0000118 seconds
[2019-12-09T02:33:37.418+0000][1][safepoint    ] Application time: 0.0000701 seconds
[2019-12-09T02:33:37.418+0000][1][safepoint    ] Entering safepoint region: RevokeBias
[2019-12-09T02:33:37.418+0000][1][safepoint    ] Leaving safepoint region
[2019-12-09T02:33:37.418+0000][1][safepoint    ] Total time for which application threads were stopped: 0.0000455 seconds, Stopping threads took: 0.0000085 seconds
[2019-12-09T02:33:37.421+0000][1][safepoint    ] Application time: 0.0028906 seconds
[2019-12-09T02:33:37.421+0000][1][safepoint    ] Entering safepoint region: RevokeBias
[2019-12-09T02:33:37.421+0000][1][safepoint    ] Leaving safepoint region
[2019-12-09T02:33:37.421+0000][1][safepoint    ] Total time for which application threads were stopped: 0.0000824 seconds, Stopping threads took: 0.0000103 seconds
[2019-12-09T02:33:37.430+0000][1][safepoint    ] Application time: 0.0094132 seconds
[2019-12-09T02:33:37.463+0000][1][safepoint    ] Entering safepoint region: RevokeBias
[2019-12-09T02:33:37.463+0000][1][safepoint    ] Leaving safepoint region
[2019-12-09T02:33:37.463+0000][1][safepoint    ] Total time for which application threads were stopped: 0.0324100 seconds, Stopping threads took: 0.0323349 seconds
[2019-12-09T02:33:37.488+0000][1][safepoint    ] Application time: 0.0249230 seconds
[2019-12-09T02:33:37.488+0000][1][safepoint    ] Entering safepoint region: RevokeBias
[2019-12-09T02:33:37.488+0000][1][safepoint    ] Leaving safepoint region
[2019-12-09T02:33:37.488+0000][1][safepoint    ] Total time for which application threads were stopped: 0.0002360 seconds, Stopping threads took: 0.0001118 seconds
[2019-12-09T02:33:37.526+0000][1][safepoint    ] Application time: 0.0379505 seconds
[2019-12-09T02:33:37.583+0000][1][safepoint    ] Entering safepoint region: RevokeBias
[2019-12-09T02:33:37.583+0000][1][safepoint    ] Leaving safepoint region
[2019-12-09T02:33:37.583+0000][1][safepoint    ] Total time for which application threads were stopped: 0.0569212 seconds, Stopping threads took: 0.0567400 seconds
[2019-12-09T02:33:37.642+0000][1][safepoint    ] Application time: 0.0592919 seconds
[2019-12-09T02:33:37.645+0000][1][safepoint    ] Entering safepoint region: RevokeBias
[2019-12-09T02:33:37.645+0000][1][safepoint    ] Leaving safepoint region
[2019-12-09T02:33:37.645+0000][1][safepoint    ] Total time for which application threads were stopped: 0.0028928 seconds, Stopping threads took: 0.0027518 seconds
[2019-12-09T02:33:37.660+0000][1][safepoint    ] Application time: 0.0145416 seconds
[2019-12-09T02:33:37.663+0000][1][safepoint    ] Entering safepoint region: RevokeBias
[2019-12-09T02:33:37.663+0000][1][safepoint    ] Leaving safepoint region
[2019-12-09T02:33:37.663+0000][1][safepoint    ] Total time for which application threads were stopped: 0.0030404 seconds, Stopping threads took: 0.0029622 seconds
[2019-12-09T02:33:37.665+0000][1][safepoint    ] Application time: 0.0020474 seconds
[2019-12-09T02:33:37.665+0000][1][safepoint    ] Entering safepoint region: RevokeBias
[2019-12-09T02:33:37.665+0000][1][safepoint    ] Leaving safepoint region
[2019-12-09T02:33:37.665+0000][1][safepoint    ] Total time for which application threads were stopped: 0.0000880 seconds, Stopping threads took: 0.0000134 seconds
[2019-12-09T02:33:37.665+0000][1][safepoint    ] Application time: 0.0001567 seconds
[2019-12-09T02:33:37.665+0000][1][safepoint    ] Entering safepoint region: RevokeBias
[2019-12-09T02:33:37.665+0000][1][safepoint    ] Leaving safepoint region
[2019-12-09T02:33:37.665+0000][1][safepoint    ] Total time for which application threads were stopped: 0.0000527 seconds, Stopping threads took: 0.0000103 seconds
[2019-12-09T02:33:37.665+0000][1][safepoint    ] Application time: 0.0002137 seconds
[2019-12-09T02:33:37.665+0000][1][safepoint    ] Entering safepoint region: RevokeBias
[2019-12-09T02:33:37.665+0000][1][safepoint    ] Leaving safepoint region
[2019-12-09T02:33:37.666+0000][1][safepoint    ] Total time for which application threads were stopped: 0.0000607 seconds, Stopping threads took: 0.0000114 seconds
[2019-12-09T02:33:37.670+0000][1][safepoint    ] Application time: 0.0048672 seconds
[2019-12-09T02:33:37.670+0000][1][safepoint    ] Entering safepoint region: RevokeBias
[2019-12-09T02:33:37.671+0000][1][safepoint    ] Leaving safepoint region
[2019-12-09T02:33:37.671+0000][1][safepoint    ] Total time for which application threads were stopped: 0.0001410 seconds, Stopping threads took: 0.0000813 seconds
[2019-12-09T02:33:37.671+0000][1][safepoint    ] Application time: 0.0003028 seconds
[2019-12-09T02:33:37.671+0000][1][safepoint    ] Entering safepoint region: RevokeBias
[2019-12-09T02:33:37.671+0000][1][safepoint    ] Leaving safepoint region
[2019-12-09T02:33:37.671+0000][1][safepoint    ] Total time for which application threads were stopped: 0.0000682 seconds, Stopping threads took: 0.0000123 seconds
[2019-12-09T02:33:37.671+0000][1][safepoint    ] Application time: 0.0005179 seconds
[2019-12-09T02:33:37.671+0000][1][safepoint    ] Entering safepoint region: RevokeBias
[2019-12-09T02:33:37.672+0000][1][safepoint    ] Leaving safepoint region
[2019-12-09T02:33:37.672+0000][1][safepoint    ] Total time for which application threads were stopped: 0.0000649 seconds, Stopping threads took: 0.0000124 seconds
[2019-12-09T02:33:37.682+0000][1][safepoint    ] Application time: 0.0104933 seconds
[2019-12-09T02:33:37.683+0000][1][safepoint    ] Entering safepoint region: RevokeBias
[2019-12-09T02:33:37.683+0000][1][safepoint    ] Leaving safepoint region
[2019-12-09T02:33:37.683+0000][1][safepoint    ] Total time for which application threads were stopped: 0.0007676 seconds, Stopping threads took: 0.0006948 seconds
[2019-12-09T02:33:37.683+0000][1][safepoint    ] Application time: 0.0001394 seconds
[2019-12-09T02:33:37.683+0000][1][safepoint    ] Entering safepoint region: RevokeBias
[2019-12-09T02:33:37.683+0000][1][safepoint    ] Leaving safepoint region
[2019-12-09T02:33:37.683+0000][1][safepoint    ] Total time for which application threads were stopped: 0.0000481 seconds, Stopping threads took: 0.0000108 seconds
[2019-12-09T02:33:37.683+0000][1][safepoint    ] Application time: 0.0002017 seconds
[2019-12-09T02:33:37.683+0000][1][safepoint    ] Entering safepoint region: RevokeBias
[2019-12-09T02:33:37.683+0000][1][safepoint    ] Leaving safepoint region
[2019-12-09T02:33:37.683+0000][1][safepoint    ] Total time for which application threads were stopped: 0.0000528 seconds, Stopping threads took: 0.0000113 seconds
[2019-12-09T02:33:37.689+0000][1][safepoint    ] Application time: 0.0058653 seconds
[2019-12-09T02:33:37.690+0000][1][safepoint    ] Entering safepoint region: RevokeBias
[2019-12-09T02:33:37.690+0000][1][safepoint    ] Leaving safepoint region
[2019-12-09T02:33:37.690+0000][1][safepoint    ] Total time for which application threads were stopped: 0.0007859 seconds, Stopping threads took: 0.0006900 seconds
[2019-12-09T02:33:37.691+0000][1][safepoint    ] Application time: 0.0009336 seconds
[2019-12-09T02:33:37.691+0000][1][safepoint    ] Entering safepoint region: RevokeBias
[2019-12-09T02:33:37.691+0000][1][safepoint    ] Leaving safepoint region
[2019-12-09T02:33:37.691+0000][1][safepoint    ] Total time for which application threads were stopped: 0.0000588 seconds, Stopping threads took: 0.0000123 seconds
[2019-12-09T02:33:37.709+0000][1][safepoint    ] Application time: 0.0183474 seconds
[2019-12-09T02:33:37.709+0000][1][safepoint    ] Entering safepoint region: BulkRevokeBias
[2019-12-09T02:33:37.710+0000][1][safepoint    ] Leaving safepoint region
[2019-12-09T02:33:37.710+0000][1][safepoint    ] Total time for which application threads were stopped: 0.0007695 seconds, Stopping threads took: 0.0000123 seconds
[2019-12-09T02:33:37.731+0000][1][safepoint    ] Application time: 0.0203266 seconds
[2019-12-09T02:33:37.733+0000][1][safepoint    ] Entering safepoint region: RevokeBias
[2019-12-09T02:33:37.733+0000][1][safepoint    ] Leaving safepoint region
[2019-12-09T02:33:37.733+0000][1][safepoint    ] Total time for which application threads were stopped: 0.0025888 seconds, Stopping threads took: 0.0025313 seconds
[2019-12-09T02:33:37.734+0000][1][safepoint    ] Application time: 0.0012054 seconds
[2019-12-09T02:33:37.734+0000][1][safepoint    ] Entering safepoint region: RevokeBias
[2019-12-09T02:33:37.734+0000][1][safepoint    ] Leaving safepoint region
[2019-12-09T02:33:37.734+0000][1][safepoint    ] Total time for which application threads were stopped: 0.0000638 seconds, Stopping threads took: 0.0000138 seconds
[2019-12-09T02:33:37.756+0000][1][safepoint    ] Application time: 0.0220382 seconds
[2019-12-09T02:33:37.800+0000][1][safepoint    ] Entering safepoint region: RevokeBias
[2019-12-09T02:33:37.800+0000][1][safepoint    ] Leaving safepoint region
[2019-12-09T02:33:37.800+0000][1][safepoint    ] Total time for which application threads were stopped: 0.0434997 seconds, Stopping threads took: 0.0433721 seconds
[2019-12-09T02:33:37.804+0000][1][safepoint    ] Application time: 0.0042262 seconds
[2019-12-09T02:33:37.804+0000][1][safepoint    ] Entering safepoint region: RevokeBias
[2019-12-09T02:33:37.804+0000][1][safepoint    ] Leaving safepoint region
[2019-12-09T02:33:37.804+0000][1][safepoint    ] Total time for which application threads were stopped: 0.0001555 seconds, Stopping threads took: 0.0000775 seconds
[2019-12-09T02:33:37.805+0000][1][safepoint    ] Application time: 0.0002066 seconds
[2019-12-09T02:33:37.805+0000][1][safepoint    ] Entering safepoint region: RevokeBias
[2019-12-09T02:33:37.805+0000][1][safepoint    ] Leaving safepoint region
[2019-12-09T02:33:37.805+0000][1][safepoint    ] Total time for which application threads were stopped: 0.0000736 seconds, Stopping threads took: 0.0000088 seconds
[2019-12-09T02:33:37.805+0000][1][safepoint    ] Application time: 0.0003801 seconds
[2019-12-09T02:33:37.805+0000][1][safepoint    ] Entering safepoint region: RevokeBias
[2019-12-09T02:33:37.805+0000][1][safepoint    ] Leaving safepoint region
[2019-12-09T02:33:37.805+0000][1][safepoint    ] Total time for which application threads were stopped: 0.0000708 seconds, Stopping threads took: 0.0000124 seconds
[2019-12-09T02:33:37.805+0000][1][safepoint    ] Application time: 0.0002255 seconds
[2019-12-09T02:33:37.805+0000][1][safepoint    ] Entering safepoint region: RevokeBias
[2019-12-09T02:33:37.805+0000][1][safepoint    ] Leaving safepoint region
[2019-12-09T02:33:37.806+0000][1][safepoint    ] Total time for which application threads were stopped: 0.0000630 seconds, Stopping threads took: 0.0000098 seconds
[2019-12-09T02:33:37.806+0000][1][safepoint    ] Application time: 0.0001928 seconds
[2019-12-09T02:33:37.806+0000][1][safepoint    ] Entering safepoint region: RevokeBias
[2019-12-09T02:33:37.806+0000][1][safepoint    ] Leaving safepoint region
[2019-12-09T02:33:37.806+0000][1][safepoint    ] Total time for which application threads were stopped: 0.0000640 seconds, Stopping threads took: 0.0000103 seconds
[2019-12-09T02:33:37.807+0000][1][safepoint    ] Application time: 0.0014970 seconds
[2019-12-09T02:33:37.807+0000][1][safepoint    ] Entering safepoint region: RevokeBias
[2019-12-09T02:33:37.808+0000][1][safepoint    ] Leaving safepoint region
[2019-12-09T02:33:37.808+0000][1][safepoint    ] Total time for which application threads were stopped: 0.0003524 seconds, Stopping threads took: 0.0000107 seconds
[2019-12-09T02:33:37.809+0000][1][safepoint    ] Application time: 0.0016976 seconds
[2019-12-09T02:33:37.809+0000][1][safepoint    ] Entering safepoint region: RevokeBias
[2019-12-09T02:33:37.809+0000][1][safepoint    ] Leaving safepoint region
[2019-12-09T02:33:37.809+0000][1][safepoint    ] Total time for which application threads were stopped: 0.0001020 seconds, Stopping threads took: 0.0000120 seconds
[2019-12-09T02:33:37.810+0000][1][safepoint    ] Application time: 0.0001987 seconds
[2019-12-09T02:33:37.810+0000][1][safepoint    ] Entering safepoint region: RevokeBias
[2019-12-09T02:33:37.810+0000][1][safepoint    ] Leaving safepoint region
[2019-12-09T02:33:37.810+0000][1][safepoint    ] Total time for which application threads were stopped: 0.0000844 seconds, Stopping threads took: 0.0000231 seconds
[2019-12-09T02:33:37.810+0000][1][safepoint    ] Application time: 0.0003441 seconds
[2019-12-09T02:33:37.810+0000][1][safepoint    ] Entering safepoint region: RevokeBias
[2019-12-09T02:33:37.810+0000][1][safepoint    ] Leaving safepoint region
[2019-12-09T02:33:37.810+0000][1][safepoint    ] Total time for which application threads were stopped: 0.0000846 seconds, Stopping threads took: 0.0000106 seconds
[2019-12-09T02:33:37.811+0000][1][safepoint    ] Application time: 0.0005718 seconds
[2019-12-09T02:33:37.811+0000][1][safepoint    ] Entering safepoint region: RevokeBias
[2019-12-09T02:33:37.811+0000][1][safepoint    ] Leaving safepoint region
[2019-12-09T02:33:37.811+0000][1][safepoint    ] Total time for which application threads were stopped: 0.0000833 seconds, Stopping threads took: 0.0000109 seconds
[2019-12-09T02:33:37.817+0000][1][safepoint    ] Application time: 0.0057286 seconds
[2019-12-09T02:33:37.894+0000][1][safepoint    ] Entering safepoint region: BulkRevokeBias
[2019-12-09T02:33:37.894+0000][1][safepoint    ] Leaving safepoint region
[2019-12-09T02:33:37.894+0000][1][safepoint    ] Total time for which application threads were stopped: 0.0776766 seconds, Stopping threads took: 0.0770498 seconds
[2019-12-09T02:33:37.917+0000][1][safepoint    ] Application time: 0.0226136 seconds
[2019-12-09T02:33:38.002+0000][1][safepoint    ] Entering safepoint region: RevokeBias
[2019-12-09T02:33:38.002+0000][1][safepoint    ] Leaving safepoint region
[2019-12-09T02:33:38.002+0000][1][safepoint    ] Total time for which application threads were stopped: 0.0850125 seconds, Stopping threads took: 0.0848768 seconds
[2019-12-09T02:33:38.004+0000][1][safepoint    ] Application time: 0.0021932 seconds
[2019-12-09T02:33:38.004+0000][1][safepoint    ] Entering safepoint region: RevokeBias
[2019-12-09T02:33:38.004+0000][1][safepoint    ] Leaving safepoint region
[2019-12-09T02:33:38.004+0000][1][safepoint    ] Total time for which application threads were stopped: 0.0001103 seconds, Stopping threads took: 0.0000172 seconds
[2019-12-09T02:33:38.005+0000][1][safepoint    ] Application time: 0.0003009 seconds
[2019-12-09T02:33:38.005+0000][1][safepoint    ] Entering safepoint region: RevokeBias
[2019-12-09T02:33:38.005+0000][1][safepoint    ] Leaving safepoint region
[2019-12-09T02:33:38.005+0000][1][safepoint    ] Total time for which application threads were stopped: 0.0000789 seconds, Stopping threads took: 0.0000130 seconds
[2019-12-09T02:33:38.009+0000][1][safepoint    ] Application time: 0.0037576 seconds
[2019-12-09T02:33:38.009+0000][1][safepoint    ] Entering safepoint region: RevokeBias
[2019-12-09T02:33:38.009+0000][1][safepoint    ] Leaving safepoint region
[2019-12-09T02:33:38.009+0000][1][safepoint    ] Total time for which application threads were stopped: 0.0000926 seconds, Stopping threads took: 0.0000144 seconds
[2019-12-09T02:33:38.009+0000][1][safepoint    ] Application time: 0.0002396 seconds
[2019-12-09T02:33:38.009+0000][1][safepoint    ] Entering safepoint region: RevokeBias
[2019-12-09T02:33:38.009+0000][1][safepoint    ] Leaving safepoint region
[2019-12-09T02:33:38.009+0000][1][safepoint    ] Total time for which application threads were stopped: 0.0000805 seconds, Stopping threads took: 0.0000117 seconds
[2019-12-09T02:33:38.009+0000][1][safepoint    ] Application time: 0.0002229 seconds
[2019-12-09T02:33:38.009+0000][1][safepoint    ] Entering safepoint region: RevokeBias
[2019-12-09T02:33:38.009+0000][1][safepoint    ] Leaving safepoint region
[2019-12-09T02:33:38.009+0000][1][safepoint    ] Total time for which application threads were stopped: 0.0000798 seconds, Stopping threads took: 0.0000114 seconds
[2019-12-09T02:33:38.010+0000][1][safepoint    ] Application time: 0.0002362 seconds
[2019-12-09T02:33:38.010+0000][1][safepoint    ] Entering safepoint region: RevokeBias
[2019-12-09T02:33:38.010+0000][1][safepoint    ] Leaving safepoint region
[2019-12-09T02:33:38.010+0000][1][safepoint    ] Total time for which application threads were stopped: 0.0000919 seconds, Stopping threads took: 0.0000121 seconds
[2019-12-09T02:33:38.018+0000][1][safepoint    ] Application time: 0.0086357 seconds
[2019-12-09T02:33:38.018+0000][1][safepoint    ] Entering safepoint region: RevokeBias
[2019-12-09T02:33:38.018+0000][1][safepoint    ] Leaving safepoint region
[2019-12-09T02:33:38.018+0000][1][safepoint    ] Total time for which application threads were stopped: 0.0000761 seconds, Stopping threads took: 0.0000122 seconds
[2019-12-09T02:33:38.030+0000][1][safepoint    ] Application time: 0.0115313 seconds
[2019-12-09T02:33:38.050+0000][1][safepoint    ] Entering safepoint region: RevokeBias
[2019-12-09T02:33:38.050+0000][1][safepoint    ] Leaving safepoint region
[2019-12-09T02:33:38.050+0000][1][safepoint    ] Total time for which application threads were stopped: 0.0199492 seconds, Stopping threads took: 0.0198458 seconds
[2019-12-09T02:33:38.065+0000][1][safepoint    ] Application time: 0.0146686 seconds
[2019-12-09T02:33:38.093+0000][1][safepoint    ] Entering safepoint region: RevokeBias
[2019-12-09T02:33:38.093+0000][1][safepoint    ] Leaving safepoint region
[2019-12-09T02:33:38.093+0000][1][safepoint    ] Total time for which application threads were stopped: 0.0284901 seconds, Stopping threads took: 0.0283742 seconds
[2019-12-09T02:33:38.110+0000][1][safepoint    ] Application time: 0.0171844 seconds
[2019-12-09T02:33:38.140+0000][1][safepoint    ] Entering safepoint region: RevokeBias
[2019-12-09T02:33:38.140+0000][1][safepoint    ] Leaving safepoint region
[2019-12-09T02:33:38.140+0000][1][safepoint    ] Total time for which application threads were stopped: 0.0295340 seconds, Stopping threads took: 0.0293152 seconds
[2019-12-09T02:33:38.154+0000][1][safepoint    ] Application time: 0.0141977 seconds
[2019-12-09T02:33:38.187+0000][1][safepoint    ] Entering safepoint region: RevokeBias
[2019-12-09T02:33:38.187+0000][1][safepoint    ] Leaving safepoint region
[2019-12-09T02:33:38.187+0000][1][safepoint    ] Total time for which application threads were stopped: 0.0327574 seconds, Stopping threads took: 0.0325393 seconds
[2019-12-09T02:33:38.199+0000][1][safepoint    ] Application time: 0.0125257 seconds
[2019-12-09T02:33:38.247+0000][1][safepoint    ] Entering safepoint region: RevokeBias
[2019-12-09T02:33:38.248+0000][1][safepoint    ] Leaving safepoint region
[2019-12-09T02:33:38.248+0000][1][safepoint    ] Total time for which application threads were stopped: 0.0483356 seconds, Stopping threads took: 0.0472786 seconds
[2019-12-09T02:33:38.488+0000][1][safepoint    ] Application time: 0.2396575 seconds
[2019-12-09T02:33:38.488+0000][1][safepoint    ] Entering safepoint region: RevokeBias
[2019-12-09T02:33:38.488+0000][1][safepoint    ] Leaving safepoint region
[2019-12-09T02:33:38.488+0000][1][safepoint    ] Total time for which application threads were stopped: 0.0002120 seconds, Stopping threads took: 0.0000840 seconds
[2019-12-09T02:33:38.499+0000][1][safepoint    ] Application time: 0.0109778 seconds
[2019-12-09T02:33:38.568+0000][1][safepoint    ] Entering safepoint region: RevokeBias
[2019-12-09T02:33:38.568+0000][1][safepoint    ] Leaving safepoint region
[2019-12-09T02:33:38.568+0000][1][safepoint    ] Total time for which application threads were stopped: 0.0691496 seconds, Stopping threads took: 0.0690206 seconds
[2019-12-09T02:33:38.644+0000][1][safepoint    ] Application time: 0.0757667 seconds
[2019-12-09T02:33:38.644+0000][1][safepoint    ] Entering safepoint region: RevokeBias
[2019-12-09T02:33:38.644+0000][1][safepoint    ] Leaving safepoint region
[2019-12-09T02:33:38.644+0000][1][safepoint    ] Total time for which application threads were stopped: 0.0001142 seconds, Stopping threads took: 0.0000183 seconds
[2019-12-09T02:33:38.685+0000][1][safepoint    ] Application time: 0.0408513 seconds
[2019-12-09T02:33:38.685+0000][1][safepoint    ] Entering safepoint region: RevokeBias
[2019-12-09T02:33:38.685+0000][1][safepoint    ] Leaving safepoint region
[2019-12-09T02:33:38.685+0000][1][safepoint    ] Total time for which application threads were stopped: 0.0000997 seconds, Stopping threads took: 0.0000187 seconds
[2019-12-09T02:33:38.796+0000][1][safepoint    ] Application time: 0.1109054 seconds
[2019-12-09T02:33:38.796+0000][1][safepoint    ] Entering safepoint region: RevokeBias
[2019-12-09T02:33:38.796+0000][1][safepoint    ] Leaving safepoint region
[2019-12-09T02:33:38.796+0000][1][safepoint    ] Total time for which application threads were stopped: 0.0001050 seconds, Stopping threads took: 0.0000166 seconds
[2019-12-09T02:33:38.818+0000][1][safepoint    ] Application time: 0.0219886 seconds
[2019-12-09T02:33:38.838+0000][1][safepoint    ] Entering safepoint region: RevokeBias
[2019-12-09T02:33:38.838+0000][1][safepoint    ] Leaving safepoint region
[2019-12-09T02:33:38.838+0000][1][safepoint    ] Total time for which application threads were stopped: 0.0199223 seconds, Stopping threads took: 0.0198218 seconds
[2019-12-09T02:33:38.838+0000][1][safepoint    ] Application time: 0.0000720 seconds
[2019-12-09T02:33:38.838+0000][1][safepoint    ] Entering safepoint region: RevokeBias
[2019-12-09T02:33:38.838+0000][1][safepoint    ] Leaving safepoint region
[2019-12-09T02:33:38.838+0000][1][safepoint    ] Total time for which application threads were stopped: 0.0000532 seconds, Stopping threads took: 0.0000100 seconds
[2019-12-09T02:33:38.840+0000][1][safepoint    ] Application time: 0.0020674 seconds
[2019-12-09T02:33:38.840+0000][1][safepoint    ] Entering safepoint region: RevokeBias
[2019-12-09T02:33:38.840+0000][1][safepoint    ] Leaving safepoint region
[2019-12-09T02:33:38.840+0000][1][safepoint    ] Total time for which application threads were stopped: 0.0000857 seconds, Stopping threads took: 0.0000148 seconds
[2019-12-09T02:33:38.840+0000][1][safepoint    ] Application time: 0.0001800 seconds
[2019-12-09T02:33:38.840+0000][1][safepoint    ] Entering safepoint region: RevokeBias
[2019-12-09T02:33:38.840+0000][1][safepoint    ] Leaving safepoint region
[2019-12-09T02:33:38.840+0000][1][safepoint    ] Total time for which application threads were stopped: 0.0000599 seconds, Stopping threads took: 0.0000103 seconds
[2019-12-09T02:33:38.840+0000][1][safepoint    ] Application time: 0.0000565 seconds
[2019-12-09T02:33:38.840+0000][1][safepoint    ] Entering safepoint region: RevokeBias
[2019-12-09T02:33:38.841+0000][1][safepoint    ] Leaving safepoint region
[2019-12-09T02:33:38.841+0000][1][safepoint    ] Total time for which application threads were stopped: 0.0000473 seconds, Stopping threads took: 0.0000088 seconds
[2019-12-09T02:33:38.953+0000][1][safepoint    ] Application time: 0.1121734 seconds
[2019-12-09T02:33:38.990+0000][1][safepoint    ] Entering safepoint region: RevokeBias
[2019-12-09T02:33:38.990+0000][1][safepoint    ] Leaving safepoint region
[2019-12-09T02:33:38.990+0000][1][safepoint    ] Total time for which application threads were stopped: 0.0373098 seconds, Stopping threads took: 0.0371800 seconds
[2019-12-09T02:33:38.991+0000][1][safepoint    ] Application time: 0.0004809 seconds
[2019-12-09T02:33:38.991+0000][1][safepoint    ] Entering safepoint region: RevokeBias
[2019-12-09T02:33:38.991+0000][1][safepoint    ] Leaving safepoint region
[2019-12-09T02:33:38.991+0000][1][safepoint    ] Total time for which application threads were stopped: 0.0001300 seconds, Stopping threads took: 0.0000153 seconds
[2019-12-09T02:33:38.991+0000][1][safepoint    ] Application time: 0.0000662 seconds
[2019-12-09T02:33:38.991+0000][1][safepoint    ] Entering safepoint region: RevokeBias
[2019-12-09T02:33:38.991+0000][1][safepoint    ] Leaving safepoint region
[2019-12-09T02:33:38.991+0000][1][safepoint    ] Total time for which application threads were stopped: 0.0000850 seconds, Stopping threads took: 0.0000109 seconds
[2019-12-09T02:33:38.991+0000][1][safepoint    ] Application time: 0.0000479 seconds
[2019-12-09T02:33:38.991+0000][1][safepoint    ] Entering safepoint region: RevokeBias
[2019-12-09T02:33:38.991+0000][1][safepoint    ] Leaving safepoint region
[2019-12-09T02:33:38.991+0000][1][safepoint    ] Total time for which application threads were stopped: 0.0000748 seconds, Stopping threads took: 0.0000097 seconds
[2019-12-09T02:33:38.991+0000][1][safepoint    ] Application time: 0.0002265 seconds
[2019-12-09T02:33:38.991+0000][1][safepoint    ] Entering safepoint region: RevokeBias
[2019-12-09T02:33:38.991+0000][1][safepoint    ] Leaving safepoint region
[2019-12-09T02:33:38.991+0000][1][safepoint    ] Total time for which application threads were stopped: 0.0000816 seconds, Stopping threads took: 0.0000110 seconds
[2019-12-09T02:33:39.052+0000][1][safepoint    ] Application time: 0.0604809 seconds
[2019-12-09T02:33:39.111+0000][1][safepoint    ] Entering safepoint region: BulkRevokeBias
[2019-12-09T02:33:39.111+0000][1][safepoint    ] Leaving safepoint region
[2019-12-09T02:33:39.111+0000][1][safepoint    ] Total time for which application threads were stopped: 0.0593813 seconds, Stopping threads took: 0.0589071 seconds
[2019-12-09T02:33:39.247+0000][1][safepoint    ] Application time: 0.1355581 seconds
[2019-12-09T02:33:39.247+0000][1][safepoint    ] Entering safepoint region: Deoptimize
[2019-12-09T02:33:39.248+0000][1][safepoint    ] Leaving safepoint region
[2019-12-09T02:33:39.248+0000][1][safepoint    ] Total time for which application threads were stopped: 0.0008172 seconds, Stopping threads took: 0.0000627 seconds
[2019-12-09T02:33:40.220+0000][1][safepoint    ] Application time: 0.9725083 seconds
[2019-12-09T02:33:40.250+0000][1][safepoint    ] Entering safepoint region: RevokeBias
[2019-12-09T02:33:40.250+0000][1][safepoint    ] Leaving safepoint region
[2019-12-09T02:33:40.250+0000][1][safepoint    ] Total time for which application threads were stopped: 0.0296462 seconds, Stopping threads took: 0.0295174 seconds
[2019-12-09T02:33:40.265+0000][1][safepoint    ] Application time: 0.0151776 seconds
[2019-12-09T02:33:40.265+0000][1][safepoint    ] Entering safepoint region: RevokeBias
[2019-12-09T02:33:40.265+0000][1][safepoint    ] Leaving safepoint region
[2019-12-09T02:33:40.265+0000][1][safepoint    ] Total time for which application threads were stopped: 0.0001405 seconds, Stopping threads took: 0.0000539 seconds
[2019-12-09T02:33:40.265+0000][1][safepoint    ] Application time: 0.0001226 seconds
[2019-12-09T02:33:40.265+0000][1][safepoint    ] Entering safepoint region: RevokeBias
[2019-12-09T02:33:40.265+0000][1][safepoint    ] Leaving safepoint region
[2019-12-09T02:33:40.265+0000][1][safepoint    ] Total time for which application threads were stopped: 0.0000532 seconds, Stopping threads took: 0.0000083 seconds
[2019-12-09T02:33:40.265+0000][1][safepoint    ] Application time: 0.0000487 seconds
[2019-12-09T02:33:40.265+0000][1][safepoint    ] Entering safepoint region: RevokeBias
[2019-12-09T02:33:40.266+0000][1][safepoint    ] Leaving safepoint region
[2019-12-09T02:33:40.266+0000][1][safepoint    ] Total time for which application threads were stopped: 0.0000462 seconds, Stopping threads took: 0.0000075 seconds
[2019-12-09T02:33:40.274+0000][1][safepoint    ] Application time: 0.0084323 seconds
[2019-12-09T02:33:40.277+0000][1][safepoint    ] Entering safepoint region: RevokeBias
[2019-12-09T02:33:40.277+0000][1][safepoint    ] Leaving safepoint region
[2019-12-09T02:33:40.277+0000][1][safepoint    ] Total time for which application threads were stopped: 0.0029480 seconds, Stopping threads took: 0.0028637 seconds
[2019-12-09T02:33:40.294+0000][1][safepoint    ] Application time: 0.0173374 seconds
[2019-12-09T02:33:40.294+0000][1][safepoint    ] Entering safepoint region: RevokeBias
[2019-12-09T02:33:40.294+0000][1][safepoint    ] Leaving safepoint region
[2019-12-09T02:33:40.294+0000][1][safepoint    ] Total time for which application threads were stopped: 0.0001129 seconds, Stopping threads took: 0.0000457 seconds
[2019-12-09T02:33:40.295+0000][1][safepoint    ] Application time: 0.0001448 seconds
[2019-12-09T02:33:40.295+0000][1][safepoint    ] Entering safepoint region: RevokeBias
[2019-12-09T02:33:40.295+0000][1][safepoint    ] Leaving safepoint region
[2019-12-09T02:33:40.295+0000][1][safepoint    ] Total time for which application threads were stopped: 0.0000917 seconds, Stopping threads took: 0.0000372 seconds
[2019-12-09T02:33:41.507+0000][1][safepoint    ] Application time: 1.2120328 seconds
[2019-12-09T02:33:41.507+0000][1][safepoint    ] Entering safepoint region: Cleanup
[2019-12-09T02:33:41.507+0000][1][safepoint    ] Leaving safepoint region
[2019-12-09T02:33:41.507+0000][1][safepoint    ] Total time for which application threads were stopped: 0.0001230 seconds, Stopping threads took: 0.0000242 seconds
[2019-12-09T02:33:42.467+0000][1][safepoint    ] Application time: 0.9599774 seconds
[2019-12-09T02:33:42.467+0000][1][safepoint    ] Entering safepoint region: RevokeBias
[2019-12-09T02:33:42.467+0000][1][safepoint    ] Leaving safepoint region
[2019-12-09T02:33:42.467+0000][1][safepoint    ] Total time for which application threads were stopped: 0.0001440 seconds, Stopping threads took: 0.0000613 seconds
[2019-12-09T02:33:42.493+0000][1][safepoint    ] Application time: 0.0261639 seconds
[2019-12-09T02:33:42.493+0000][1][safepoint    ] Entering safepoint region: RevokeBias
[2019-12-09T02:33:42.493+0000][1][safepoint    ] Leaving safepoint region
[2019-12-09T02:33:42.493+0000][1][safepoint    ] Total time for which application threads were stopped: 0.0001481 seconds, Stopping threads took: 0.0000665 seconds
[2019-12-09T02:33:42.494+0000][1][safepoint    ] Application time: 0.0004861 seconds
[2019-12-09T02:33:42.494+0000][1][safepoint    ] Entering safepoint region: RevokeBias
[2019-12-09T02:33:42.494+0000][1][safepoint    ] Leaving safepoint region
[2019-12-09T02:33:42.494+0000][1][safepoint    ] Total time for which application threads were stopped: 0.0000843 seconds, Stopping threads took: 0.0000154 seconds
[2019-12-09T02:33:42.494+0000][1][safepoint    ] Application time: 0.0000670 seconds
[2019-12-09T02:33:42.494+0000][1][safepoint    ] Entering safepoint region: RevokeBias
[2019-12-09T02:33:42.494+0000][1][safepoint    ] Leaving safepoint region
[2019-12-09T02:33:42.494+0000][1][safepoint    ] Total time for which application threads were stopped: 0.0000518 seconds, Stopping threads took: 0.0000100 seconds
[2019-12-09T02:33:42.494+0000][1][safepoint    ] Application time: 0.0001960 seconds
[2019-12-09T02:33:42.494+0000][1][safepoint    ] Entering safepoint region: RevokeBias
[2019-12-09T02:33:42.494+0000][1][safepoint    ] Leaving safepoint region
[2019-12-09T02:33:42.494+0000][1][safepoint    ] Total time for which application threads were stopped: 0.0000682 seconds, Stopping threads took: 0.0000140 seconds
[2019-12-09T02:33:42.505+0000][1][safepoint    ] Application time: 0.0101119 seconds
[2019-12-09T02:33:42.505+0000][1][safepoint    ] Entering safepoint region: RevokeBias
[2019-12-09T02:33:42.505+0000][1][safepoint    ] Leaving safepoint region
[2019-12-09T02:33:42.505+0000][1][safepoint    ] Total time for which application threads were stopped: 0.0000680 seconds, Stopping threads took: 0.0000149 seconds
[2019-12-09T02:33:42.505+0000][1][safepoint    ] Application time: 0.0002843 seconds
[2019-12-09T02:33:42.505+0000][1][safepoint    ] Entering safepoint region: RevokeBias
[2019-12-09T02:33:42.505+0000][1][safepoint    ] Leaving safepoint region
[2019-12-09T02:33:42.505+0000][1][safepoint    ] Total time for which application threads were stopped: 0.0000565 seconds, Stopping threads took: 0.0000122 seconds
[2019-12-09T02:33:42.546+0000][1][safepoint    ] Application time: 0.0408658 seconds
[2019-12-09T02:33:42.546+0000][1][safepoint    ] Entering safepoint region: BulkRevokeBias
[2019-12-09T02:33:42.546+0000][1][safepoint    ] Leaving safepoint region
[2019-12-09T02:33:42.546+0000][1][safepoint    ] Total time for which application threads were stopped: 0.0005810 seconds, Stopping threads took: 0.0000166 seconds
[2019-12-09T02:33:42.547+0000][1][safepoint    ] Application time: 0.0000798 seconds
[2019-12-09T02:33:42.547+0000][1][safepoint    ] Entering safepoint region: RevokeBias
[2019-12-09T02:33:42.547+0000][1][safepoint    ] Leaving safepoint region
[2019-12-09T02:33:42.547+0000][1][safepoint    ] Total time for which application threads were stopped: 0.0000706 seconds, Stopping threads took: 0.0000101 seconds
[2019-12-09T02:33:42.935+0000][1][safepoint    ] Application time: 0.3881920 seconds
[2019-12-09T02:33:42.935+0000][1][safepoint    ] Entering safepoint region: Deoptimize
[2019-12-09T02:33:42.936+0000][1][safepoint    ] Leaving safepoint region
[2019-12-09T02:33:42.936+0000][1][safepoint    ] Total time for which application threads were stopped: 0.0007275 seconds, Stopping threads took: 0.0000212 seconds
[2019-12-09T02:33:43.204+0000][1][safepoint    ] Application time: 0.2681118 seconds
[2019-12-09T02:33:43.204+0000][1][safepoint    ] Entering safepoint region: BulkRevokeBias
[2019-12-09T02:33:43.205+0000][1][safepoint    ] Leaving safepoint region
[2019-12-09T02:33:43.205+0000][1][safepoint    ] Total time for which application threads were stopped: 0.0007571 seconds, Stopping threads took: 0.0000208 seconds
[2019-12-09T02:33:43.228+0000][1][safepoint    ] Application time: 0.0231935 seconds
[2019-12-09T02:33:43.228+0000][1][safepoint    ] Entering safepoint region: RevokeBias
[2019-12-09T02:33:43.228+0000][1][safepoint    ] Leaving safepoint region
[2019-12-09T02:33:43.228+0000][1][safepoint    ] Total time for which application threads were stopped: 0.0000938 seconds, Stopping threads took: 0.0000189 seconds
[2019-12-09T02:33:43.242+0000][1][safepoint    ] Application time: 0.0138516 seconds
[2019-12-09T02:33:43.242+0000][1][safepoint    ] Entering safepoint region: RevokeBias
[2019-12-09T02:33:43.242+0000][1][safepoint    ] Leaving safepoint region
[2019-12-09T02:33:43.242+0000][1][safepoint    ] Total time for which application threads were stopped: 0.0000935 seconds, Stopping threads took: 0.0000173 seconds
[2019-12-09T02:33:43.282+0000][1][safepoint    ] Application time: 0.0398759 seconds
[2019-12-09T02:33:43.282+0000][1][safepoint    ] Entering safepoint region: RevokeBias
[2019-12-09T02:33:43.282+0000][1][safepoint    ] Leaving safepoint region
[2019-12-09T02:33:43.282+0000][1][safepoint    ] Total time for which application threads were stopped: 0.0001097 seconds, Stopping threads took: 0.0000189 seconds
[2019-12-09T02:33:43.289+0000][1][safepoint    ] Application time: 0.0068507 seconds
[2019-12-09T02:33:43.289+0000][1][safepoint    ] Entering safepoint region: RevokeBias
[2019-12-09T02:33:43.289+0000][1][safepoint    ] Leaving safepoint region
[2019-12-09T02:33:43.289+0000][1][safepoint    ] Total time for which application threads were stopped: 0.0000797 seconds, Stopping threads took: 0.0000168 seconds
[2019-12-09T02:33:43.289+0000][1][safepoint    ] Application time: 0.0000596 seconds
[2019-12-09T02:33:43.289+0000][1][safepoint    ] Entering safepoint region: RevokeBias
[2019-12-09T02:33:43.289+0000][1][safepoint    ] Leaving safepoint region
[2019-12-09T02:33:43.289+0000][1][safepoint    ] Total time for which application threads were stopped: 0.0000394 seconds, Stopping threads took: 0.0000080 seconds
[2019-12-09T02:33:43.289+0000][1][safepoint    ] Application time: 0.0000455 seconds
[2019-12-09T02:33:43.289+0000][1][safepoint    ] Entering safepoint region: RevokeBias
[2019-12-09T02:33:43.289+0000][1][safepoint    ] Leaving safepoint region
[2019-12-09T02:33:43.289+0000][1][safepoint    ] Total time for which application threads were stopped: 0.0000380 seconds, Stopping threads took: 0.0000077 seconds
[2019-12-09T02:33:43.289+0000][1][safepoint    ] Application time: 0.0000477 seconds
[2019-12-09T02:33:43.289+0000][1][safepoint    ] Entering safepoint region: RevokeBias
[2019-12-09T02:33:43.289+0000][1][safepoint    ] Leaving safepoint region
[2019-12-09T02:33:43.289+0000][1][safepoint    ] Total time for which application threads were stopped: 0.0000421 seconds, Stopping threads took: 0.0000080 seconds
[2019-12-09T02:33:43.289+0000][1][safepoint    ] Application time: 0.0000478 seconds
[2019-12-09T02:33:43.289+0000][1][safepoint    ] Entering safepoint region: RevokeBias
[2019-12-09T02:33:43.289+0000][1][safepoint    ] Leaving safepoint region
[2019-12-09T02:33:43.289+0000][1][safepoint    ] Total time for which application threads were stopped: 0.0000402 seconds, Stopping threads took: 0.0000085 seconds
[2019-12-09T02:33:43.289+0000][1][safepoint    ] Application time: 0.0000451 seconds
[2019-12-09T02:33:43.289+0000][1][safepoint    ] Entering safepoint region: RevokeBias
[2019-12-09T02:33:43.289+0000][1][safepoint    ] Leaving safepoint region
[2019-12-09T02:33:43.289+0000][1][safepoint    ] Total time for which application threads were stopped: 0.0000399 seconds, Stopping threads took: 0.0000082 seconds
[2019-12-09T02:33:43.289+0000][1][safepoint    ] Application time: 0.0000437 seconds
[2019-12-09T02:33:43.289+0000][1][safepoint    ] Entering safepoint region: RevokeBias
[2019-12-09T02:33:43.289+0000][1][safepoint    ] Leaving safepoint region
[2019-12-09T02:33:43.289+0000][1][safepoint    ] Total time for which application threads were stopped: 0.0000388 seconds, Stopping threads took: 0.0000080 seconds
[2019-12-09T02:33:43.289+0000][1][safepoint    ] Application time: 0.0000434 seconds
[2019-12-09T02:33:43.289+0000][1][safepoint    ] Entering safepoint region: RevokeBias
[2019-12-09T02:33:43.290+0000][1][safepoint    ] Leaving safepoint region
[2019-12-09T02:33:43.290+0000][1][safepoint    ] Total time for which application threads were stopped: 0.0000388 seconds, Stopping threads took: 0.0000081 seconds
[2019-12-09T02:33:43.431+0000][1][safepoint    ] Application time: 0.1417204 seconds
[2019-12-09T02:33:43.431+0000][1][safepoint    ] Entering safepoint region: RevokeBias
[2019-12-09T02:33:43.431+0000][1][safepoint    ] Leaving safepoint region
[2019-12-09T02:33:43.431+0000][1][safepoint    ] Total time for which application threads were stopped: 0.0001011 seconds, Stopping threads took: 0.0000206 seconds
[2019-12-09T02:33:43.432+0000][1][safepoint    ] Application time: 0.0004887 seconds
[2019-12-09T02:33:43.432+0000][1][safepoint    ] Entering safepoint region: RevokeBias
[2019-12-09T02:33:43.432+0000][1][safepoint    ] Leaving safepoint region
[2019-12-09T02:33:43.432+0000][1][safepoint    ] Total time for which application threads were stopped: 0.0000877 seconds, Stopping threads took: 0.0000188 seconds
[2019-12-09T02:33:43.479+0000][1][safepoint    ] Application time: 0.0473245 seconds
[2019-12-09T02:33:43.479+0000][1][safepoint    ] Entering safepoint region: RevokeBias
[2019-12-09T02:33:43.479+0000][1][safepoint    ] Leaving safepoint region
[2019-12-09T02:33:43.479+0000][1][safepoint    ] Total time for which application threads were stopped: 0.0001045 seconds, Stopping threads took: 0.0000185 seconds
[2019-12-09T02:33:43.480+0000][1][safepoint    ] Application time: 0.0009215 seconds
[2019-12-09T02:33:43.480+0000][1][safepoint    ] Entering safepoint region: RevokeBias
[2019-12-09T02:33:43.480+0000][1][safepoint    ] Leaving safepoint region
[2019-12-09T02:33:43.481+0000][1][safepoint    ] Total time for which application threads were stopped: 0.0000893 seconds, Stopping threads took: 0.0000167 seconds
[2019-12-09T02:33:43.487+0000][1][safepoint    ] Application time: 0.0061886 seconds
[2019-12-09T02:33:43.487+0000][1][safepoint    ] Entering safepoint region: RevokeBias
[2019-12-09T02:33:43.487+0000][1][safepoint    ] Leaving safepoint region
[2019-12-09T02:33:43.487+0000][1][safepoint    ] Total time for which application threads were stopped: 0.0000693 seconds, Stopping threads took: 0.0000152 seconds
[2019-12-09T02:33:43.502+0000][1][safepoint    ] Application time: 0.0149048 seconds
[2019-12-09T02:33:43.502+0000][1][safepoint    ] Entering safepoint region: RevokeBias
[2019-12-09T02:33:43.502+0000][1][safepoint    ] Leaving safepoint region
[2019-12-09T02:33:43.502+0000][1][safepoint    ] Total time for which application threads were stopped: 0.0000603 seconds, Stopping threads took: 0.0000141 seconds
[2019-12-09T02:33:44.872+0000][1][safepoint    ] Application time: 1.3699143 seconds
[2019-12-09T02:33:44.872+0000][1][safepoint    ] Entering safepoint region: Cleanup
[2019-12-09T02:33:44.872+0000][1][safepoint    ] Leaving safepoint region
[2019-12-09T02:33:44.872+0000][1][safepoint    ] Total time for which application threads were stopped: 0.0001388 seconds, Stopping threads took: 0.0000261 seconds
[2019-12-09T02:33:45.873+0000][1][safepoint    ] Application time: 1.0008051 seconds
[2019-12-09T02:33:45.873+0000][1][safepoint    ] Entering safepoint region: Cleanup
[2019-12-09T02:33:45.873+0000][1][safepoint    ] Leaving safepoint region
[2019-12-09T02:33:45.873+0000][1][safepoint    ] Total time for which application threads were stopped: 0.0001185 seconds, Stopping threads took: 0.0000247 seconds
[2019-12-09T02:33:46.875+0000][1][safepoint    ] Application time: 1.0018285 seconds
[2019-12-09T02:33:46.875+0000][1][safepoint    ] Entering safepoint region: Cleanup
[2019-12-09T02:33:46.875+0000][1][safepoint    ] Leaving safepoint region
[2019-12-09T02:33:46.875+0000][1][safepoint    ] Total time for which application threads were stopped: 0.0001140 seconds, Stopping threads took: 0.0000237 seconds
[2019-12-09T02:33:47.390+0000][1][safepoint    ] Application time: 0.5148570 seconds
[2019-12-09T02:33:47.390+0000][1][safepoint    ] Entering safepoint region: GenCollectForAllocation
[2019-12-09T02:33:47.390+0000][1][gc,start     ] GC(23) Pause Young (Allocation Failure)
[2019-12-09T02:33:47.390+0000][1][gc,task      ] GC(23) Using 2 workers of 2 for evacuation
[2019-12-09T02:33:47.443+0000][1][gc,age       ] GC(23) Desired survivor size 4456448 bytes, new threshold 2 (max threshold 6)
[2019-12-09T02:33:47.443+0000][1][gc,age       ] GC(23) Age table with threshold 2 (max threshold 6)
[2019-12-09T02:33:47.443+0000][1][gc,age       ] GC(23) - age   1:    2189072 bytes,    2189072 total
[2019-12-09T02:33:47.443+0000][1][gc,age       ] GC(23) - age   2:    3460280 bytes,    5649352 total
[2019-12-09T02:33:47.443+0000][1][gc,heap      ] GC(23) ParNew: 78655K->8704K(78656K)
[2019-12-09T02:33:47.443+0000][1][gc,heap      ] GC(23) CMS: 60689K->64790K(174784K)
[2019-12-09T02:33:47.443+0000][1][gc,metaspace ] GC(23) Metaspace: 69162K->69162K(1112064K)
[2019-12-09T02:33:47.443+0000][1][gc           ] GC(23) Pause Young (Allocation Failure) 136M->71M(247M) 52.978ms
[2019-12-09T02:33:47.443+0000][1][gc,cpu       ] GC(23) User=0.04s Sys=0.00s Real=0.05s
[2019-12-09T02:33:47.443+0000][1][safepoint    ] Leaving safepoint region
[2019-12-09T02:33:47.443+0000][1][safepoint    ] Total time for which application threads were stopped: 0.0531693 seconds, Stopping threads took: 0.0000211 seconds
[2019-12-09T02:33:48.454+0000][1][safepoint    ] Application time: 1.0107616 seconds
[2019-12-09T02:33:48.454+0000][1][safepoint    ] Entering safepoint region: Cleanup
[2019-12-09T02:33:48.454+0000][1][safepoint    ] Leaving safepoint region
[2019-12-09T02:33:48.454+0000][1][safepoint    ] Total time for which application threads were stopped: 0.0001120 seconds, Stopping threads took: 0.0000237 seconds
[2019-12-09T02:33:49.457+0000][1][safepoint    ] Application time: 1.0033827 seconds
[2019-12-09T02:33:49.457+0000][1][safepoint    ] Entering safepoint region: Cleanup
[2019-12-09T02:33:49.457+0000][1][safepoint    ] Leaving safepoint region
[2019-12-09T02:33:49.457+0000][1][safepoint    ] Total time for which application threads were stopped: 0.0001152 seconds, Stopping threads took: 0.0000289 seconds
[2019-12-09T02:33:50.461+0000][1][safepoint    ] Application time: 1.0032951 seconds
[2019-12-09T02:33:50.461+0000][1][safepoint    ] Entering safepoint region: Cleanup
[2019-12-09T02:33:50.461+0000][1][safepoint    ] Leaving safepoint region
[2019-12-09T02:33:50.461+0000][1][safepoint    ] Total time for which application threads were stopped: 0.0001197 seconds, Stopping threads took: 0.0000257 seconds
[2019-12-09T02:33:51.465+0000][1][safepoint    ] Application time: 1.0038144 seconds
[2019-12-09T02:33:51.465+0000][1][safepoint    ] Entering safepoint region: Cleanup
[2019-12-09T02:33:51.465+0000][1][safepoint    ] Leaving safepoint region
[2019-12-09T02:33:51.465+0000][1][safepoint    ] Total time for which application threads were stopped: 0.0001188 seconds, Stopping threads took: 0.0000263 seconds
[2019-12-09T02:33:52.467+0000][1][safepoint    ] Application time: 1.0018262 seconds
[2019-12-09T02:33:52.467+0000][1][safepoint    ] Entering safepoint region: Cleanup
[2019-12-09T02:33:52.467+0000][1][safepoint    ] Leaving safepoint region
[2019-12-09T02:33:52.467+0000][1][safepoint    ] Total time for which application threads were stopped: 0.0001292 seconds, Stopping threads took: 0.0000271 seconds
[2019-12-09T02:33:53.471+0000][1][safepoint    ] Application time: 1.0038145 seconds
[2019-12-09T02:33:53.471+0000][1][safepoint    ] Entering safepoint region: Cleanup
[2019-12-09T02:33:53.471+0000][1][safepoint    ] Leaving safepoint region
[2019-12-09T02:33:53.471+0000][1][safepoint    ] Total time for which application threads were stopped: 0.0001295 seconds, Stopping threads took: 0.0000276 seconds
[2019-12-09T02:33:54.472+0000][1][safepoint    ] Application time: 1.0008382 seconds
[2019-12-09T02:33:54.472+0000][1][safepoint    ] Entering safepoint region: Cleanup
[2019-12-09T02:33:54.472+0000][1][safepoint    ] Leaving safepoint region
[2019-12-09T02:33:54.472+0000][1][safepoint    ] Total time for which application threads were stopped: 0.0001348 seconds, Stopping threads took: 0.0000250 seconds
[2019-12-09T02:33:55.473+0000][1][safepoint    ] Application time: 1.0008251 seconds
[2019-12-09T02:33:55.473+0000][1][safepoint    ] Entering safepoint region: Cleanup
[2019-12-09T02:33:55.473+0000][1][safepoint    ] Leaving safepoint region
[2019-12-09T02:33:55.473+0000][1][safepoint    ] Total time for which application threads were stopped: 0.0001323 seconds, Stopping threads took: 0.0000250 seconds
[2019-12-09T02:33:56.476+0000][1][safepoint    ] Application time: 1.0027829 seconds
[2019-12-09T02:33:56.476+0000][1][safepoint    ] Entering safepoint region: Cleanup
[2019-12-09T02:33:56.476+0000][1][safepoint    ] Leaving safepoint region
[2019-12-09T02:33:56.476+0000][1][safepoint    ] Total time for which application threads were stopped: 0.0001209 seconds, Stopping threads took: 0.0000249 seconds
[2019-12-09T02:33:57.489+0000][1][safepoint    ] Application time: 1.0129248 seconds
[2019-12-09T02:33:57.489+0000][1][safepoint    ] Entering safepoint region: Cleanup
[2019-12-09T02:33:57.489+0000][1][safepoint    ] Leaving safepoint region
[2019-12-09T02:33:57.489+0000][1][safepoint    ] Total time for which application threads were stopped: 0.0001332 seconds, Stopping threads took: 0.0000257 seconds
[2019-12-09T02:33:58.489+0000][1][safepoint    ] Application time: 1.0000877 seconds
[2019-12-09T02:33:58.489+0000][1][safepoint    ] Entering safepoint region: Cleanup
[2019-12-09T02:33:58.489+0000][1][safepoint    ] Leaving safepoint region
[2019-12-09T02:33:58.489+0000][1][safepoint    ] Total time for which application threads were stopped: 0.0001558 seconds, Stopping threads took: 0.0000392 seconds
[2019-12-09T02:33:59.490+0000][1][safepoint    ] Application time: 1.0004484 seconds
[2019-12-09T02:33:59.490+0000][1][safepoint    ] Entering safepoint region: Cleanup
[2019-12-09T02:33:59.490+0000][1][safepoint    ] Leaving safepoint region
[2019-12-09T02:33:59.490+0000][1][safepoint    ] Total time for which application threads were stopped: 0.0001799 seconds, Stopping threads took: 0.0000285 seconds
[2019-12-09T02:34:00.492+0000][1][safepoint    ] Application time: 1.0017587 seconds
[2019-12-09T02:34:00.492+0000][1][safepoint    ] Entering safepoint region: Cleanup
[2019-12-09T02:34:00.492+0000][1][safepoint    ] Leaving safepoint region
[2019-12-09T02:34:00.492+0000][1][safepoint    ] Total time for which application threads were stopped: 0.0001220 seconds, Stopping threads took: 0.0000245 seconds
[2019-12-09T02:34:01.380+0000][1][safepoint    ] Application time: 0.8885916 seconds
[2019-12-09T02:34:01.381+0000][1][safepoint    ] Entering safepoint region: RevokeBias
[2019-12-09T02:34:01.381+0000][1][safepoint    ] Leaving safepoint region
[2019-12-09T02:34:01.381+0000][1][safepoint    ] Total time for which application threads were stopped: 0.0001641 seconds, Stopping threads took: 0.0000210 seconds
[2019-12-09T02:34:01.429+0000][1][safepoint    ] Application time: 0.0481161 seconds
[2019-12-09T02:34:01.429+0000][1][safepoint    ] Entering safepoint region: Deoptimize
[2019-12-09T02:34:01.430+0000][1][safepoint    ] Leaving safepoint region
[2019-12-09T02:34:01.430+0000][1][safepoint    ] Total time for which application threads were stopped: 0.0009147 seconds, Stopping threads took: 0.0000216 seconds
[2019-12-09T02:34:01.460+0000][1][safepoint    ] Application time: 0.0303694 seconds
[2019-12-09T02:34:01.460+0000][1][safepoint    ] Entering safepoint region: RevokeBias
[2019-12-09T02:34:01.460+0000][1][safepoint    ] Leaving safepoint region
[2019-12-09T02:34:01.460+0000][1][safepoint    ] Total time for which application threads were stopped: 0.0001335 seconds, Stopping threads took: 0.0000213 seconds
[2019-12-09T02:34:01.461+0000][1][safepoint    ] Application time: 0.0002939 seconds
[2019-12-09T02:34:01.461+0000][1][safepoint    ] Entering safepoint region: RevokeBias
[2019-12-09T02:34:01.461+0000][1][safepoint    ] Leaving safepoint region
[2019-12-09T02:34:01.461+0000][1][safepoint    ] Total time for which application threads were stopped: 0.0001184 seconds, Stopping threads took: 0.0000131 seconds
[2019-12-09T02:34:01.476+0000][1][safepoint    ] Application time: 0.0155686 seconds
[2019-12-09T02:34:01.476+0000][1][safepoint    ] Entering safepoint region: CollectForMetadataAllocation
[2019-12-09T02:34:01.477+0000][1][safepoint    ] Leaving safepoint region
[2019-12-09T02:34:01.477+0000][1][safepoint    ] Total time for which application threads were stopped: 0.0002938 seconds, Stopping threads took: 0.0000186 seconds
[2019-12-09T02:34:01.572+0000][1][safepoint    ] Application time: 0.0949260 seconds
[2019-12-09T02:34:01.572+0000][1][safepoint    ] Entering safepoint region: Deoptimize
[2019-12-09T02:34:01.573+0000][1][safepoint    ] Leaving safepoint region
[2019-12-09T02:34:01.573+0000][1][safepoint    ] Total time for which application threads were stopped: 0.0008936 seconds, Stopping threads took: 0.0000213 seconds
[2019-12-09T02:34:01.589+0000][1][safepoint    ] Application time: 0.0164752 seconds
[2019-12-09T02:34:01.589+0000][1][safepoint    ] Entering safepoint region: Deoptimize
[2019-12-09T02:34:01.590+0000][1][safepoint    ] Leaving safepoint region
[2019-12-09T02:34:01.590+0000][1][safepoint    ] Total time for which application threads were stopped: 0.0009091 seconds, Stopping threads took: 0.0000642 seconds
[2019-12-09T02:34:02.478+0000][1][safepoint    ] Application time: 0.8879385 seconds
[2019-12-09T02:34:02.478+0000][1][safepoint    ] Entering safepoint region: CollectForMetadataAllocation
[2019-12-09T02:34:02.478+0000][1][safepoint    ] Leaving safepoint region
[2019-12-09T02:34:02.478+0000][1][safepoint    ] Total time for which application threads were stopped: 0.0003493 seconds, Stopping threads took: 0.0000242 seconds
[2019-12-09T02:34:03.471+0000][1][safepoint    ] Application time: 0.9924644 seconds
[2019-12-09T02:34:03.471+0000][1][safepoint    ] Entering safepoint region: CMS_Initial_Mark
[2019-12-09T02:34:03.471+0000][1][gc,start     ] GC(24) Pause Initial Mark
[2019-12-09T02:34:03.496+0000][1][gc           ] GC(24) Pause Initial Mark 93M->93M(247M) 24.954ms
[2019-12-09T02:34:03.496+0000][1][gc,cpu       ] GC(24) User=0.01s Sys=0.00s Real=0.03s
[2019-12-09T02:34:03.496+0000][1][safepoint    ] Leaving safepoint region
[2019-12-09T02:34:03.496+0000][1][safepoint    ] Total time for which application threads were stopped: 0.0251836 seconds, Stopping threads took: 0.0000340 seconds
[2019-12-09T02:34:03.497+0000][1][gc           ] GC(24) Concurrent Mark
[2019-12-09T02:34:03.658+0000][1][gc           ] GC(24) Concurrent Mark 161.257ms
[2019-12-09T02:34:03.658+0000][1][gc,cpu       ] GC(24) User=0.11s Sys=0.00s Real=0.16s
[2019-12-09T02:34:03.658+0000][1][gc           ] GC(24) Concurrent Preclean
[2019-12-09T02:34:03.665+0000][1][gc           ] GC(24) Concurrent Preclean 6.537ms
[2019-12-09T02:34:03.665+0000][1][gc,cpu       ] GC(24) User=0.00s Sys=0.00s Real=0.01s
[2019-12-09T02:34:03.665+0000][1][gc           ] GC(24) Concurrent Abortable Preclean
[2019-12-09T02:34:04.498+0000][1][safepoint    ] Application time: 1.0016046 seconds
[2019-12-09T02:34:04.498+0000][1][safepoint    ] Entering safepoint region: Cleanup
[2019-12-09T02:34:04.498+0000][1][safepoint    ] Leaving safepoint region
[2019-12-09T02:34:04.498+0000][1][safepoint    ] Total time for which application threads were stopped: 0.0001556 seconds, Stopping threads took: 0.0000399 seconds
[2019-12-09T02:34:05.499+0000][1][safepoint    ] Application time: 1.0008804 seconds
[2019-12-09T02:34:05.499+0000][1][safepoint    ] Entering safepoint region: Cleanup
[2019-12-09T02:34:05.499+0000][1][safepoint    ] Leaving safepoint region
[2019-12-09T02:34:05.499+0000][1][safepoint    ] Total time for which application threads were stopped: 0.0001331 seconds, Stopping threads took: 0.0000288 seconds
[2019-12-09T02:34:05.878+0000][1][safepoint    ] Application time: 0.3786060 seconds
[2019-12-09T02:34:05.878+0000][1][safepoint    ] Entering safepoint region: RevokeBias
[2019-12-09T02:34:05.878+0000][1][safepoint    ] Leaving safepoint region
[2019-12-09T02:34:05.878+0000][1][safepoint    ] Total time for which application threads were stopped: 0.0002487 seconds, Stopping threads took: 0.0000995 seconds
[2019-12-09T02:34:06.879+0000][1][safepoint    ] Application time: 1.0009305 seconds
[2019-12-09T02:34:06.879+0000][1][safepoint    ] Entering safepoint region: Cleanup
[2019-12-09T02:34:06.879+0000][1][safepoint    ] Leaving safepoint region
[2019-12-09T02:34:06.879+0000][1][safepoint    ] Total time for which application threads were stopped: 0.0001613 seconds, Stopping threads took: 0.0000273 seconds
[2019-12-09T02:34:07.879+0000][1][safepoint    ] Application time: 1.0000868 seconds
[2019-12-09T02:34:07.879+0000][1][safepoint    ] Entering safepoint region: Cleanup
[2019-12-09T02:34:07.879+0000][1][safepoint    ] Leaving safepoint region
[2019-12-09T02:34:07.879+0000][1][safepoint    ] Total time for which application threads were stopped: 0.0001278 seconds, Stopping threads took: 0.0000263 seconds
[2019-12-09T02:34:08.835+0000][1][gc           ] GC(24) Concurrent Abortable Preclean 5170.536ms
[2019-12-09T02:34:08.835+0000][1][gc,cpu       ] GC(24) User=1.82s Sys=0.01s Real=5.17s
[2019-12-09T02:34:08.835+0000][1][safepoint    ] Application time: 0.9562582 seconds
[2019-12-09T02:34:08.836+0000][1][safepoint    ] Entering safepoint region: CMS_Final_Remark
[2019-12-09T02:34:08.836+0000][1][gc,start     ] GC(24) Pause Remark
[2019-12-09T02:34:08.875+0000][1][gc           ] GC(24) Pause Remark 100M->100M(247M) 38.896ms
[2019-12-09T02:34:08.875+0000][1][gc,cpu       ] GC(24) User=0.05s Sys=0.00s Real=0.03s
[2019-12-09T02:34:08.875+0000][1][safepoint    ] Leaving safepoint region
[2019-12-09T02:34:08.875+0000][1][safepoint    ] Total time for which application threads were stopped: 0.0390964 seconds, Stopping threads took: 0.0000216 seconds
[2019-12-09T02:34:08.878+0000][1][gc           ] GC(24) Concurrent Sweep
[2019-12-09T02:34:08.925+0000][1][gc           ] GC(24) Concurrent Sweep 47.037ms
[2019-12-09T02:34:08.925+0000][1][gc,cpu       ] GC(24) User=0.05s Sys=0.00s Real=0.05s
[2019-12-09T02:34:08.925+0000][1][gc           ] GC(24) Concurrent Reset
[2019-12-09T02:34:08.925+0000][1][gc           ] GC(24) Concurrent Reset 0.320ms
[2019-12-09T02:34:08.925+0000][1][gc,cpu       ] GC(24) User=0.00s Sys=0.00s Real=0.00s
[2019-12-09T02:34:08.925+0000][1][gc,heap      ] GC(24) Old: 64790K->64247K(174784K)
[2019-12-09T02:34:09.875+0000][1][safepoint    ] Application time: 1.0000837 seconds
[2019-12-09T02:34:09.875+0000][1][safepoint    ] Entering safepoint region: Cleanup
[2019-12-09T02:34:09.875+0000][1][safepoint    ] Leaving safepoint region
[2019-12-09T02:34:09.875+0000][1][safepoint    ] Total time for which application threads were stopped: 0.0006900 seconds, Stopping threads took: 0.0000187 seconds
[2019-12-09T02:34:10.876+0000][1][safepoint    ] Application time: 1.0002904 seconds
[2019-12-09T02:34:10.876+0000][1][safepoint    ] Entering safepoint region: Cleanup
[2019-12-09T02:34:10.876+0000][1][safepoint    ] Leaving safepoint region
[2019-12-09T02:34:10.876+0000][1][safepoint    ] Total time for which application threads were stopped: 0.0001263 seconds, Stopping threads took: 0.0000228 seconds
[2019-12-09T02:34:11.876+0000][1][safepoint    ] Application time: 1.0000750 seconds
[2019-12-09T02:34:11.876+0000][1][safepoint    ] Entering safepoint region: Cleanup
[2019-12-09T02:34:11.876+0000][1][safepoint    ] Leaving safepoint region
[2019-12-09T02:34:11.876+0000][1][safepoint    ] Total time for which application threads were stopped: 0.0000936 seconds, Stopping threads took: 0.0000176 seconds
[2019-12-09T02:34:12.876+0000][1][safepoint    ] Application time: 1.0000757 seconds
[2019-12-09T02:34:12.876+0000][1][safepoint    ] Entering safepoint region: Cleanup
[2019-12-09T02:34:12.876+0000][1][safepoint    ] Leaving safepoint region
[2019-12-09T02:34:12.876+0000][1][safepoint    ] Total time for which application threads were stopped: 0.0000889 seconds, Stopping threads took: 0.0000162 seconds
[2019-12-09T02:34:13.876+0000][1][safepoint    ] Application time: 1.0000780 seconds
[2019-12-09T02:34:13.876+0000][1][safepoint    ] Entering safepoint region: Cleanup
[2019-12-09T02:34:13.876+0000][1][safepoint    ] Leaving safepoint region
[2019-12-09T02:34:13.876+0000][1][safepoint    ] Total time for which application threads were stopped: 0.0000892 seconds, Stopping threads took: 0.0000170 seconds
[2019-12-09T02:34:14.877+0000][1][safepoint    ] Application time: 1.0000796 seconds
[2019-12-09T02:34:14.877+0000][1][safepoint    ] Entering safepoint region: Cleanup
[2019-12-09T02:34:14.877+0000][1][safepoint    ] Leaving safepoint region
[2019-12-09T02:34:14.877+0000][1][safepoint    ] Total time for which application threads were stopped: 0.0001077 seconds, Stopping threads took: 0.0000170 seconds
[2019-12-09T02:34:15.877+0000][1][safepoint    ] Application time: 1.0000790 seconds
[2019-12-09T02:34:15.877+0000][1][safepoint    ] Entering safepoint region: Cleanup
[2019-12-09T02:34:15.877+0000][1][safepoint    ] Leaving safepoint region
[2019-12-09T02:34:15.877+0000][1][safepoint    ] Total time for which application threads were stopped: 0.0000907 seconds, Stopping threads took: 0.0000164 seconds
[2019-12-09T02:34:16.877+0000][1][safepoint    ] Application time: 1.0000741 seconds
[2019-12-09T02:34:16.877+0000][1][safepoint    ] Entering safepoint region: Cleanup
[2019-12-09T02:34:16.877+0000][1][safepoint    ] Leaving safepoint region
[2019-12-09T02:34:16.877+0000][1][safepoint    ] Total time for which application threads were stopped: 0.0001006 seconds, Stopping threads took: 0.0000161 seconds
[2019-12-09T02:34:17.818+0000][1][safepoint    ] Application time: 0.9404691 seconds
[2019-12-09T02:34:17.818+0000][1][safepoint    ] Entering safepoint region: RevokeBias
[2019-12-09T02:34:17.818+0000][1][safepoint    ] Leaving safepoint region
[2019-12-09T02:34:17.818+0000][1][safepoint    ] Total time for which application threads were stopped: 0.0001894 seconds, Stopping threads took: 0.0000256 seconds
[2019-12-09T02:34:17.818+0000][1][safepoint    ] Application time: 0.0000811 seconds
[2019-12-09T02:34:17.818+0000][1][safepoint    ] Entering safepoint region: RevokeBias
[2019-12-09T02:34:17.818+0000][1][safepoint    ] Leaving safepoint region
[2019-12-09T02:34:17.818+0000][1][safepoint    ] Total time for which application threads were stopped: 0.0001036 seconds, Stopping threads took: 0.0000141 seconds
[2019-12-09T02:34:17.844+0000][1][safepoint    ] Application time: 0.0255928 seconds
[2019-12-09T02:34:17.844+0000][1][safepoint    ] Entering safepoint region: RevokeBias
[2019-12-09T02:34:17.844+0000][1][safepoint    ] Leaving safepoint region
[2019-12-09T02:34:17.844+0000][1][safepoint    ] Total time for which application threads were stopped: 0.0001461 seconds, Stopping threads took: 0.0000234 seconds
[2019-12-09T02:34:17.846+0000][1][safepoint    ] Application time: 0.0024805 seconds
[2019-12-09T02:34:17.846+0000][1][safepoint    ] Entering safepoint region: RevokeBias
[2019-12-09T02:34:17.846+0000][1][safepoint    ] Leaving safepoint region
[2019-12-09T02:34:17.846+0000][1][safepoint    ] Total time for which application threads were stopped: 0.0001110 seconds, Stopping threads took: 0.0000178 seconds
[2019-12-09T02:34:18.847+0000][1][safepoint    ] Application time: 1.0000812 seconds
[2019-12-09T02:34:18.847+0000][1][safepoint    ] Entering safepoint region: Cleanup
[2019-12-09T02:34:18.847+0000][1][safepoint    ] Leaving safepoint region
[2019-12-09T02:34:18.847+0000][1][safepoint    ] Total time for which application threads were stopped: 0.0001172 seconds, Stopping threads took: 0.0000174 seconds
[2019-12-09T02:34:19.847+0000][1][safepoint    ] Application time: 1.0000761 seconds
[2019-12-09T02:34:19.847+0000][1][safepoint    ] Entering safepoint region: Cleanup
[2019-12-09T02:34:19.847+0000][1][safepoint    ] Leaving safepoint region
[2019-12-09T02:34:19.847+0000][1][safepoint    ] Total time for which application threads were stopped: 0.0000837 seconds, Stopping threads took: 0.0000156 seconds
[2019-12-09T02:34:20.847+0000][1][safepoint    ] Application time: 1.0000760 seconds
[2019-12-09T02:34:20.847+0000][1][safepoint    ] Entering safepoint region: Cleanup
[2019-12-09T02:34:20.847+0000][1][safepoint    ] Leaving safepoint region
[2019-12-09T02:34:20.847+0000][1][safepoint    ] Total time for which application threads were stopped: 0.0000918 seconds, Stopping threads took: 0.0000167 seconds
[2019-12-09T02:34:21.847+0000][1][safepoint    ] Application time: 1.0000765 seconds
[2019-12-09T02:34:21.847+0000][1][safepoint    ] Entering safepoint region: Cleanup
[2019-12-09T02:34:21.847+0000][1][safepoint    ] Leaving safepoint region
[2019-12-09T02:34:21.847+0000][1][safepoint    ] Total time for which application threads were stopped: 0.0000897 seconds, Stopping threads took: 0.0000173 seconds
[2019-12-09T02:34:22.847+0000][1][safepoint    ] Application time: 1.0000771 seconds
[2019-12-09T02:34:22.847+0000][1][safepoint    ] Entering safepoint region: Cleanup
[2019-12-09T02:34:22.847+0000][1][safepoint    ] Leaving safepoint region
[2019-12-09T02:34:22.848+0000][1][safepoint    ] Total time for which application threads were stopped: 0.0000895 seconds, Stopping threads took: 0.0000152 seconds
[2019-12-09T02:34:23.848+0000][1][safepoint    ] Application time: 1.0000766 seconds
[2019-12-09T02:34:23.848+0000][1][safepoint    ] Entering safepoint region: Cleanup
[2019-12-09T02:34:23.848+0000][1][safepoint    ] Leaving safepoint region
[2019-12-09T02:34:23.848+0000][1][safepoint    ] Total time for which application threads were stopped: 0.0000934 seconds, Stopping threads took: 0.0000157 seconds
[2019-12-09T02:34:24.848+0000][1][safepoint    ] Application time: 1.0000776 seconds
[2019-12-09T02:34:24.848+0000][1][safepoint    ] Entering safepoint region: Cleanup
[2019-12-09T02:34:24.848+0000][1][safepoint    ] Leaving safepoint region
[2019-12-09T02:34:24.848+0000][1][safepoint    ] Total time for which application threads were stopped: 0.0000866 seconds, Stopping threads took: 0.0000174 seconds
[2019-12-09T02:34:25.848+0000][1][safepoint    ] Application time: 1.0000733 seconds
[2019-12-09T02:34:25.848+0000][1][safepoint    ] Entering safepoint region: Cleanup
[2019-12-09T02:34:25.848+0000][1][safepoint    ] Leaving safepoint region
[2019-12-09T02:34:25.848+0000][1][safepoint    ] Total time for which application threads were stopped: 0.0000919 seconds, Stopping threads took: 0.0000167 seconds
[2019-12-09T02:34:26.848+0000][1][safepoint    ] Application time: 1.0000767 seconds
[2019-12-09T02:34:26.848+0000][1][safepoint    ] Entering safepoint region: Cleanup
[2019-12-09T02:34:26.848+0000][1][safepoint    ] Leaving safepoint region
[2019-12-09T02:34:26.848+0000][1][safepoint    ] Total time for which application threads were stopped: 0.0000913 seconds, Stopping threads took: 0.0000172 seconds
[2019-12-09T02:34:27.848+0000][1][safepoint    ] Application time: 1.0000783 seconds
[2019-12-09T02:34:27.848+0000][1][safepoint    ] Entering safepoint region: Cleanup
[2019-12-09T02:34:27.849+0000][1][safepoint    ] Leaving safepoint region
[2019-12-09T02:34:27.849+0000][1][safepoint    ] Total time for which application threads were stopped: 0.0000919 seconds, Stopping threads took: 0.0000175 seconds
[2019-12-09T02:34:28.849+0000][1][safepoint    ] Application time: 1.0000773 seconds
[2019-12-09T02:34:28.849+0000][1][safepoint    ] Entering safepoint region: Cleanup
[2019-12-09T02:34:28.849+0000][1][safepoint    ] Leaving safepoint region
[2019-12-09T02:34:28.849+0000][1][safepoint    ] Total time for which application threads were stopped: 0.0001140 seconds, Stopping threads took: 0.0000214 seconds
[2019-12-09T02:34:29.849+0000][1][safepoint    ] Application time: 1.0000771 seconds
[2019-12-09T02:34:29.849+0000][1][safepoint    ] Entering safepoint region: Cleanup
[2019-12-09T02:34:29.849+0000][1][safepoint    ] Leaving safepoint region
[2019-12-09T02:34:29.849+0000][1][safepoint    ] Total time for which application threads were stopped: 0.0000908 seconds, Stopping threads took: 0.0000159 seconds
[2019-12-09T02:34:30.849+0000][1][safepoint    ] Application time: 1.0000769 seconds
[2019-12-09T02:34:30.849+0000][1][safepoint    ] Entering safepoint region: Cleanup
[2019-12-09T02:34:30.849+0000][1][safepoint    ] Leaving safepoint region
[2019-12-09T02:34:30.849+0000][1][safepoint    ] Total time for which application threads were stopped: 0.0000903 seconds, Stopping threads took: 0.0000167 seconds
[2019-12-09T02:34:31.853+0000][1][safepoint    ] Application time: 1.0035409 seconds
[2019-12-09T02:34:31.853+0000][1][safepoint    ] Entering safepoint region: Cleanup
[2019-12-09T02:34:31.853+0000][1][safepoint    ] Leaving safepoint region
[2019-12-09T02:34:31.853+0000][1][safepoint    ] Total time for which application threads were stopped: 0.0006526 seconds, Stopping threads took: 0.0005351 seconds
[2019-12-09T02:34:32.853+0000][1][safepoint    ] Application time: 1.0000834 seconds
[2019-12-09T02:34:32.854+0000][1][safepoint    ] Entering safepoint region: Cleanup
[2019-12-09T02:34:32.854+0000][1][safepoint    ] Leaving safepoint region
[2019-12-09T02:34:32.854+0000][1][safepoint    ] Total time for which application threads were stopped: 0.0001049 seconds, Stopping threads took: 0.0000167 seconds
[2019-12-09T02:34:33.854+0000][1][safepoint    ] Application time: 1.0000773 seconds
[2019-12-09T02:34:33.854+0000][1][safepoint    ] Entering safepoint region: Cleanup
[2019-12-09T02:34:33.854+0000][1][safepoint    ] Leaving safepoint region
[2019-12-09T02:34:33.854+0000][1][safepoint    ] Total time for which application threads were stopped: 0.0000878 seconds, Stopping threads took: 0.0000158 seconds
[2019-12-09T02:34:34.854+0000][1][safepoint    ] Application time: 1.0000763 seconds
[2019-12-09T02:34:34.854+0000][1][safepoint    ] Entering safepoint region: Cleanup
[2019-12-09T02:34:34.854+0000][1][safepoint    ] Leaving safepoint region
[2019-12-09T02:34:34.854+0000][1][safepoint    ] Total time for which application threads were stopped: 0.0000877 seconds, Stopping threads took: 0.0000159 seconds
[2019-12-09T02:34:35.854+0000][1][safepoint    ] Application time: 1.0000762 seconds
[2019-12-09T02:34:35.854+0000][1][safepoint    ] Entering safepoint region: Cleanup
[2019-12-09T02:34:35.854+0000][1][safepoint    ] Leaving safepoint region
[2019-12-09T02:34:35.854+0000][1][safepoint    ] Total time for which application threads were stopped: 0.0000914 seconds, Stopping threads took: 0.0000178 seconds
[2019-12-09T02:34:36.854+0000][1][safepoint    ] Application time: 1.0000771 seconds
[2019-12-09T02:34:36.854+0000][1][safepoint    ] Entering safepoint region: Cleanup
[2019-12-09T02:34:36.854+0000][1][safepoint    ] Leaving safepoint region
[2019-12-09T02:34:36.854+0000][1][safepoint    ] Total time for which application threads were stopped: 0.0000850 seconds, Stopping threads took: 0.0000164 seconds
[2019-12-09T02:34:37.855+0000][1][safepoint    ] Application time: 1.0000779 seconds
[2019-12-09T02:34:37.855+0000][1][safepoint    ] Entering safepoint region: Cleanup
[2019-12-09T02:34:37.855+0000][1][safepoint    ] Leaving safepoint region
[2019-12-09T02:34:37.855+0000][1][safepoint    ] Total time for which application threads were stopped: 0.0000926 seconds, Stopping threads took: 0.0000177 seconds
[2019-12-09T02:34:39.855+0000][1][safepoint    ] Application time: 2.0001538 seconds
[2019-12-09T02:34:39.855+0000][1][safepoint    ] Entering safepoint region: Cleanup
[2019-12-09T02:34:39.855+0000][1][safepoint    ] Leaving safepoint region
[2019-12-09T02:34:39.855+0000][1][safepoint    ] Total time for which application threads were stopped: 0.0000996 seconds, Stopping threads took: 0.0000168 seconds
[2019-12-09T02:34:42.855+0000][1][safepoint    ] Application time: 3.0002115 seconds
[2019-12-09T02:34:42.855+0000][1][safepoint    ] Entering safepoint region: Cleanup
[2019-12-09T02:34:42.855+0000][1][safepoint    ] Leaving safepoint region
[2019-12-09T02:34:42.855+0000][1][safepoint    ] Total time for which application threads were stopped: 0.0000847 seconds, Stopping threads took: 0.0000166 seconds
[2019-12-09T02:34:43.855+0000][1][safepoint    ] Application time: 1.0000759 seconds
[2019-12-09T02:34:43.855+0000][1][safepoint    ] Entering safepoint region: Cleanup
[2019-12-09T02:34:43.855+0000][1][safepoint    ] Leaving safepoint region
[2019-12-09T02:34:43.855+0000][1][safepoint    ] Total time for which application threads were stopped: 0.0000872 seconds, Stopping threads took: 0.0000161 seconds
[2019-12-09T02:34:44.856+0000][1][safepoint    ] Application time: 1.0000766 seconds
[2019-12-09T02:34:44.856+0000][1][safepoint    ] Entering safepoint region: Cleanup
[2019-12-09T02:34:44.856+0000][1][safepoint    ] Leaving safepoint region
[2019-12-09T02:34:44.856+0000][1][safepoint    ] Total time for which application threads were stopped: 0.0000985 seconds, Stopping threads took: 0.0000156 seconds
[2019-12-09T02:34:45.856+0000][1][safepoint    ] Application time: 1.0000776 seconds
[2019-12-09T02:34:45.856+0000][1][safepoint    ] Entering safepoint region: Cleanup
[2019-12-09T02:34:45.856+0000][1][safepoint    ] Leaving safepoint region
[2019-12-09T02:34:45.856+0000][1][safepoint    ] Total time for which application threads were stopped: 0.0000849 seconds, Stopping threads took: 0.0000152 seconds
[2019-12-09T02:34:47.802+0000][1][safepoint    ] Application time: 1.9463073 seconds
[2019-12-09T02:34:47.802+0000][1][safepoint    ] Entering safepoint region: GenCollectForAllocation
[2019-12-09T02:34:47.802+0000][1][gc,start     ] GC(25) Pause Young (Allocation Failure)
[2019-12-09T02:34:47.802+0000][1][gc,task      ] GC(25) Using 2 workers of 2 for evacuation
[2019-12-09T02:34:47.823+0000][1][gc,age       ] GC(25) Desired survivor size 4456448 bytes, new threshold 6 (max threshold 6)
[2019-12-09T02:34:47.823+0000][1][gc,age       ] GC(25) Age table with threshold 6 (max threshold 6)
[2019-12-09T02:34:47.823+0000][1][gc,age       ] GC(25) - age   1:     530800 bytes,     530800 total
[2019-12-09T02:34:47.823+0000][1][gc,age       ] GC(25) - age   2:    2092664 bytes,    2623464 total
[2019-12-09T02:34:47.823+0000][1][gc,heap      ] GC(25) ParNew: 78640K->5722K(78656K)
[2019-12-09T02:34:47.823+0000][1][gc,heap      ] GC(25) CMS: 64247K->67754K(174784K)
[2019-12-09T02:34:47.823+0000][1][gc,metaspace ] GC(25) Metaspace: 70803K->70803K(1114112K)
[2019-12-09T02:34:47.823+0000][1][gc           ] GC(25) Pause Young (Allocation Failure) 139M->71M(247M) 20.751ms
[2019-12-09T02:34:47.823+0000][1][gc,cpu       ] GC(25) User=0.03s Sys=0.00s Real=0.02s
[2019-12-09T02:34:47.823+0000][1][safepoint    ] Leaving safepoint region
[2019-12-09T02:34:47.823+0000][1][safepoint    ] Total time for which application threads were stopped: 0.0209558 seconds, Stopping threads took: 0.0000249 seconds
[2019-12-09T02:34:48.823+0000][1][safepoint    ] Application time: 1.0000860 seconds
[2019-12-09T02:34:48.823+0000][1][safepoint    ] Entering safepoint region: Cleanup
[2019-12-09T02:34:48.823+0000][1][safepoint    ] Leaving safepoint region
[2019-12-09T02:34:48.823+0000][1][safepoint    ] Total time for which application threads were stopped: 0.0001054 seconds, Stopping threads took: 0.0000156 seconds
[2019-12-09T02:34:49.824+0000][1][safepoint    ] Application time: 1.0000758 seconds
[2019-12-09T02:34:49.824+0000][1][safepoint    ] Entering safepoint region: Cleanup
[2019-12-09T02:34:49.824+0000][1][safepoint    ] Leaving safepoint region
[2019-12-09T02:34:49.824+0000][1][safepoint    ] Total time for which application threads were stopped: 0.0000917 seconds, Stopping threads took: 0.0000166 seconds
[2019-12-09T02:34:50.824+0000][1][safepoint    ] Application time: 1.0000757 seconds
[2019-12-09T02:34:50.824+0000][1][safepoint    ] Entering safepoint region: Cleanup
[2019-12-09T02:34:50.824+0000][1][safepoint    ] Leaving safepoint region
[2019-12-09T02:34:50.824+0000][1][safepoint    ] Total time for which application threads were stopped: 0.0000893 seconds, Stopping threads took: 0.0000193 seconds
[2019-12-09T02:34:52.824+0000][1][safepoint    ] Application time: 2.0001430 seconds
[2019-12-09T02:34:52.824+0000][1][safepoint    ] Entering safepoint region: Cleanup
[2019-12-09T02:34:52.824+0000][1][safepoint    ] Leaving safepoint region
[2019-12-09T02:34:52.824+0000][1][safepoint    ] Total time for which application threads were stopped: 0.0000909 seconds, Stopping threads took: 0.0000171 seconds
[2019-12-09T02:34:53.824+0000][1][safepoint    ] Application time: 1.0000754 seconds
[2019-12-09T02:34:53.824+0000][1][safepoint    ] Entering safepoint region: Cleanup
[2019-12-09T02:34:53.824+0000][1][safepoint    ] Leaving safepoint region
[2019-12-09T02:34:53.824+0000][1][safepoint    ] Total time for which application threads were stopped: 0.0000830 seconds, Stopping threads took: 0.0000147 seconds
[2019-12-09T02:34:55.824+0000][1][safepoint    ] Application time: 2.0001398 seconds
[2019-12-09T02:34:55.824+0000][1][safepoint    ] Entering safepoint region: Cleanup
[2019-12-09T02:34:55.825+0000][1][safepoint    ] Leaving safepoint region
[2019-12-09T02:34:55.825+0000][1][safepoint    ] Total time for which application threads were stopped: 0.0000846 seconds, Stopping threads took: 0.0000164 seconds
[2019-12-09T02:34:58.825+0000][1][safepoint    ] Application time: 3.0002064 seconds
[2019-12-09T02:34:58.825+0000][1][safepoint    ] Entering safepoint region: Cleanup
[2019-12-09T02:34:58.825+0000][1][safepoint    ] Leaving safepoint region
[2019-12-09T02:34:58.825+0000][1][safepoint    ] Total time for which application threads were stopped: 0.0000890 seconds, Stopping threads took: 0.0000246 seconds
[2019-12-09T02:34:59.825+0000][1][safepoint    ] Application time: 1.0000751 seconds
[2019-12-09T02:34:59.825+0000][1][safepoint    ] Entering safepoint region: Cleanup
[2019-12-09T02:34:59.825+0000][1][safepoint    ] Leaving safepoint region
[2019-12-09T02:34:59.825+0000][1][safepoint    ] Total time for which application threads were stopped: 0.0000793 seconds, Stopping threads took: 0.0000155 seconds
[2019-12-09T02:35:00.825+0000][1][safepoint    ] Application time: 1.0000748 seconds
[2019-12-09T02:35:00.825+0000][1][safepoint    ] Entering safepoint region: Cleanup
[2019-12-09T02:35:00.825+0000][1][safepoint    ] Leaving safepoint region
[2019-12-09T02:35:00.825+0000][1][safepoint    ] Total time for which application threads were stopped: 0.0000843 seconds, Stopping threads took: 0.0000158 seconds
[2019-12-09T02:35:01.825+0000][1][safepoint    ] Application time: 1.0000530 seconds
[2019-12-09T02:35:01.825+0000][1][safepoint    ] Entering safepoint region: Cleanup
[2019-12-09T02:35:01.825+0000][1][safepoint    ] Leaving safepoint region
[2019-12-09T02:35:01.825+0000][1][safepoint    ] Total time for which application threads were stopped: 0.0000896 seconds, Stopping threads took: 0.0000183 seconds
[2019-12-09T02:35:02.826+0000][1][safepoint    ] Application time: 1.0000751 seconds
[2019-12-09T02:35:02.826+0000][1][safepoint    ] Entering safepoint region: Cleanup
[2019-12-09T02:35:02.826+0000][1][safepoint    ] Leaving safepoint region
[2019-12-09T02:35:02.826+0000][1][safepoint    ] Total time for which application threads were stopped: 0.0001015 seconds, Stopping threads took: 0.0000184 seconds
[2019-12-09T02:35:04.826+0000][1][safepoint    ] Application time: 2.0001424 seconds
[2019-12-09T02:35:04.826+0000][1][safepoint    ] Entering safepoint region: Cleanup
[2019-12-09T02:35:04.826+0000][1][safepoint    ] Leaving safepoint region
[2019-12-09T02:35:04.826+0000][1][safepoint    ] Total time for which application threads were stopped: 0.0000858 seconds, Stopping threads took: 0.0000169 seconds
[2019-12-09T02:35:06.826+0000][1][safepoint    ] Application time: 2.0001469 seconds
[2019-12-09T02:35:06.826+0000][1][safepoint    ] Entering safepoint region: Cleanup
[2019-12-09T02:35:06.826+0000][1][safepoint    ] Leaving safepoint region
[2019-12-09T02:35:06.826+0000][1][safepoint    ] Total time for which application threads were stopped: 0.0000914 seconds, Stopping threads took: 0.0000189 seconds
[2019-12-09T02:35:07.826+0000][1][safepoint    ] Application time: 1.0000754 seconds
[2019-12-09T02:35:07.826+0000][1][safepoint    ] Entering safepoint region: Cleanup
[2019-12-09T02:35:07.826+0000][1][safepoint    ] Leaving safepoint region
[2019-12-09T02:35:07.826+0000][1][safepoint    ] Total time for which application threads were stopped: 0.0000869 seconds, Stopping threads took: 0.0000186 seconds
[2019-12-09T02:35:08.827+0000][1][safepoint    ] Application time: 1.0000780 seconds
[2019-12-09T02:35:08.827+0000][1][safepoint    ] Entering safepoint region: Cleanup
[2019-12-09T02:35:08.827+0000][1][safepoint    ] Leaving safepoint region
[2019-12-09T02:35:08.827+0000][1][safepoint    ] Total time for which application threads were stopped: 0.0000865 seconds, Stopping threads took: 0.0000172 seconds
[2019-12-09T02:35:09.827+0000][1][safepoint    ] Application time: 1.0000763 seconds
[2019-12-09T02:35:09.827+0000][1][safepoint    ] Entering safepoint region: Cleanup
[2019-12-09T02:35:09.827+0000][1][safepoint    ] Leaving safepoint region
[2019-12-09T02:35:09.827+0000][1][safepoint    ] Total time for which application threads were stopped: 0.0000861 seconds, Stopping threads took: 0.0000169 seconds
[2019-12-09T02:35:11.827+0000][1][safepoint    ] Application time: 2.0001427 seconds
[2019-12-09T02:35:11.827+0000][1][safepoint    ] Entering safepoint region: Cleanup
[2019-12-09T02:35:11.827+0000][1][safepoint    ] Leaving safepoint region
[2019-12-09T02:35:11.827+0000][1][safepoint    ] Total time for which application threads were stopped: 0.0000912 seconds, Stopping threads took: 0.0000186 seconds
[2019-12-09T02:35:17.828+0000][1][safepoint    ] Application time: 6.0004131 seconds
[2019-12-09T02:35:17.828+0000][1][safepoint    ] Entering safepoint region: Cleanup
[2019-12-09T02:35:17.828+0000][1][safepoint    ] Leaving safepoint region
[2019-12-09T02:35:17.828+0000][1][safepoint    ] Total time for which application threads were stopped: 0.0000891 seconds, Stopping threads took: 0.0000176 seconds
[2019-12-09T02:35:18.828+0000][1][safepoint    ] Application time: 1.0000818 seconds
[2019-12-09T02:35:18.828+0000][1][safepoint    ] Entering safepoint region: Cleanup
[2019-12-09T02:35:18.828+0000][1][safepoint    ] Leaving safepoint region
[2019-12-09T02:35:18.828+0000][1][safepoint    ] Total time for which application threads were stopped: 0.0000881 seconds, Stopping threads took: 0.0000160 seconds
[2019-12-09T02:35:24.828+0000][1][safepoint    ] Application time: 6.0004057 seconds
[2019-12-09T02:35:24.828+0000][1][safepoint    ] Entering safepoint region: Cleanup
[2019-12-09T02:35:24.828+0000][1][safepoint    ] Leaving safepoint region
[2019-12-09T02:35:24.828+0000][1][safepoint    ] Total time for which application threads were stopped: 0.0000817 seconds, Stopping threads took: 0.0000159 seconds
[2019-12-09T02:35:30.829+0000][1][safepoint    ] Application time: 6.0004068 seconds
[2019-12-09T02:35:30.829+0000][1][safepoint    ] Entering safepoint region: Cleanup
[2019-12-09T02:35:30.829+0000][1][safepoint    ] Leaving safepoint region
[2019-12-09T02:35:30.829+0000][1][safepoint    ] Total time for which application threads were stopped: 0.0000893 seconds, Stopping threads took: 0.0000227 seconds
[2019-12-09T02:35:31.829+0000][1][safepoint    ] Application time: 1.0000738 seconds
[2019-12-09T02:35:31.829+0000][1][safepoint    ] Entering safepoint region: Cleanup
[2019-12-09T02:35:31.829+0000][1][safepoint    ] Leaving safepoint region
[2019-12-09T02:35:31.829+0000][1][safepoint    ] Total time for which application threads were stopped: 0.0000826 seconds, Stopping threads took: 0.0000170 seconds
[2019-12-09T02:35:32.829+0000][1][safepoint    ] Application time: 1.0000750 seconds
[2019-12-09T02:35:32.829+0000][1][safepoint    ] Entering safepoint region: Cleanup
[2019-12-09T02:35:32.829+0000][1][safepoint    ] Leaving safepoint region
[2019-12-09T02:35:32.829+0000][1][safepoint    ] Total time for which application threads were stopped: 0.0000872 seconds, Stopping threads took: 0.0000166 seconds
[2019-12-09T02:35:33.829+0000][1][safepoint    ] Application time: 1.0000744 seconds
[2019-12-09T02:35:33.829+0000][1][safepoint    ] Entering safepoint region: Cleanup
[2019-12-09T02:35:33.830+0000][1][safepoint    ] Leaving safepoint region
[2019-12-09T02:35:33.830+0000][1][safepoint    ] Total time for which application threads were stopped: 0.0000842 seconds, Stopping threads took: 0.0000161 seconds
[2019-12-09T02:35:34.830+0000][1][safepoint    ] Application time: 1.0000764 seconds
[2019-12-09T02:35:34.830+0000][1][safepoint    ] Entering safepoint region: Cleanup
[2019-12-09T02:35:34.830+0000][1][safepoint    ] Leaving safepoint region
[2019-12-09T02:35:34.830+0000][1][safepoint    ] Total time for which application threads were stopped: 0.0000940 seconds, Stopping threads took: 0.0000152 seconds
[2019-12-09T02:35:37.830+0000][1][safepoint    ] Application time: 3.0002148 seconds
[2019-12-09T02:35:37.830+0000][1][safepoint    ] Entering safepoint region: Cleanup
[2019-12-09T02:35:37.830+0000][1][safepoint    ] Leaving safepoint region
[2019-12-09T02:35:37.830+0000][1][safepoint    ] Total time for which application threads were stopped: 0.0000869 seconds, Stopping threads took: 0.0000177 seconds
[2019-12-09T02:35:38.830+0000][1][safepoint    ] Application time: 1.0000752 seconds
[2019-12-09T02:35:38.830+0000][1][safepoint    ] Entering safepoint region: Cleanup
[2019-12-09T02:35:38.830+0000][1][safepoint    ] Leaving safepoint region
[2019-12-09T02:35:38.830+0000][1][safepoint    ] Total time for which application threads were stopped: 0.0000936 seconds, Stopping threads took: 0.0000229 seconds
[2019-12-09T02:35:39.830+0000][1][safepoint    ] Application time: 1.0000742 seconds
[2019-12-09T02:35:39.830+0000][1][safepoint    ] Entering safepoint region: Cleanup
[2019-12-09T02:35:39.830+0000][1][safepoint    ] Leaving safepoint region
[2019-12-09T02:35:39.830+0000][1][safepoint    ] Total time for which application threads were stopped: 0.0000874 seconds, Stopping threads took: 0.0000158 seconds
[2019-12-09T02:35:41.831+0000][1][safepoint    ] Application time: 2.0001440 seconds
[2019-12-09T02:35:41.831+0000][1][safepoint    ] Entering safepoint region: Cleanup
[2019-12-09T02:35:41.831+0000][1][safepoint    ] Leaving safepoint region
[2019-12-09T02:35:41.831+0000][1][safepoint    ] Total time for which application threads were stopped: 0.0001005 seconds, Stopping threads took: 0.0000267 seconds
[2019-12-09T02:35:42.831+0000][1][safepoint    ] Application time: 1.0000768 seconds
[2019-12-09T02:35:42.831+0000][1][safepoint    ] Entering safepoint region: Cleanup
[2019-12-09T02:35:42.831+0000][1][safepoint    ] Leaving safepoint region
[2019-12-09T02:35:42.831+0000][1][safepoint    ] Total time for which application threads were stopped: 0.0000871 seconds, Stopping threads took: 0.0000179 seconds
[2019-12-09T02:35:46.831+0000][1][safepoint    ] Application time: 4.0002750 seconds
[2019-12-09T02:35:46.831+0000][1][safepoint    ] Entering safepoint region: Cleanup
[2019-12-09T02:35:46.831+0000][1][safepoint    ] Leaving safepoint region
[2019-12-09T02:35:46.831+0000][1][safepoint    ] Total time for which application threads were stopped: 0.0000793 seconds, Stopping threads took: 0.0000159 seconds
[2019-12-09T02:35:55.832+0000][1][safepoint    ] Application time: 9.0006181 seconds
[2019-12-09T02:35:55.832+0000][1][safepoint    ] Entering safepoint region: Cleanup
[2019-12-09T02:35:55.832+0000][1][safepoint    ] Leaving safepoint region
[2019-12-09T02:35:55.832+0000][1][safepoint    ] Total time for which application threads were stopped: 0.0000840 seconds, Stopping threads took: 0.0000165 seconds
[2019-12-09T02:35:56.816+0000][1][safepoint    ] Application time: 0.9842380 seconds
[2019-12-09T02:35:56.816+0000][1][safepoint    ] Entering safepoint region: GenCollectForAllocation
[2019-12-09T02:35:56.816+0000][1][gc,start     ] GC(26) Pause Young (Allocation Failure)
[2019-12-09T02:35:56.817+0000][1][gc,task      ] GC(26) Using 2 workers of 2 for evacuation
[2019-12-09T02:35:56.823+0000][1][gc,age       ] GC(26) Desired survivor size 4456448 bytes, new threshold 6 (max threshold 6)
[2019-12-09T02:35:56.823+0000][1][gc,age       ] GC(26) Age table with threshold 6 (max threshold 6)
[2019-12-09T02:35:56.823+0000][1][gc,age       ] GC(26) - age   1:      79904 bytes,      79904 total
[2019-12-09T02:35:56.823+0000][1][gc,age       ] GC(26) - age   2:     454200 bytes,     534104 total
[2019-12-09T02:35:56.823+0000][1][gc,age       ] GC(26) - age   3:    2093408 bytes,    2627512 total
[2019-12-09T02:35:56.823+0000][1][gc,heap      ] GC(26) ParNew: 75674K->4782K(78656K)
[2019-12-09T02:35:56.823+0000][1][gc,heap      ] GC(26) CMS: 67754K->67754K(174784K)
[2019-12-09T02:35:56.823+0000][1][gc,metaspace ] GC(26) Metaspace: 70868K->70868K(1114112K)
[2019-12-09T02:35:56.823+0000][1][gc           ] GC(26) Pause Young (Allocation Failure) 140M->70M(247M) 6.492ms
[2019-12-09T02:35:56.823+0000][1][gc,cpu       ] GC(26) User=0.01s Sys=0.00s Real=0.00s
[2019-12-09T02:35:56.823+0000][1][safepoint    ] Leaving safepoint region
[2019-12-09T02:35:56.823+0000][1][safepoint    ] Total time for which application threads were stopped: 0.0066484 seconds, Stopping threads took: 0.0000204 seconds
[2019-12-09T02:35:57.823+0000][1][safepoint    ] Application time: 1.0000848 seconds
[2019-12-09T02:35:57.823+0000][1][safepoint    ] Entering safepoint region: Cleanup
[2019-12-09T02:35:57.823+0000][1][safepoint    ] Leaving safepoint region
[2019-12-09T02:35:57.823+0000][1][safepoint    ] Total time for which application threads were stopped: 0.0000881 seconds, Stopping threads took: 0.0000182 seconds
[2019-12-09T02:35:59.823+0000][1][safepoint    ] Application time: 2.0001408 seconds
[2019-12-09T02:35:59.823+0000][1][safepoint    ] Entering safepoint region: Cleanup
[2019-12-09T02:35:59.824+0000][1][safepoint    ] Leaving safepoint region
[2019-12-09T02:35:59.824+0000][1][safepoint    ] Total time for which application threads were stopped: 0.0000858 seconds, Stopping threads took: 0.0000168 seconds
[2019-12-09T02:36:01.824+0000][1][safepoint    ] Application time: 2.0001416 seconds
[2019-12-09T02:36:01.824+0000][1][safepoint    ] Entering safepoint region: Cleanup
[2019-12-09T02:36:01.824+0000][1][safepoint    ] Leaving safepoint region
[2019-12-09T02:36:01.824+0000][1][safepoint    ] Total time for which application threads were stopped: 0.0000838 seconds, Stopping threads took: 0.0000169 seconds
[2019-12-09T02:36:02.824+0000][1][safepoint    ] Application time: 1.0000762 seconds
[2019-12-09T02:36:02.824+0000][1][safepoint    ] Entering safepoint region: Cleanup
[2019-12-09T02:36:02.824+0000][1][safepoint    ] Leaving safepoint region
[2019-12-09T02:36:02.824+0000][1][safepoint    ] Total time for which application threads were stopped: 0.0000876 seconds, Stopping threads took: 0.0000170 seconds
[2019-12-09T02:36:09.824+0000][1][safepoint    ] Application time: 7.0004824 seconds
[2019-12-09T02:36:09.825+0000][1][safepoint    ] Entering safepoint region: Cleanup
[2019-12-09T02:36:09.825+0000][1][safepoint    ] Leaving safepoint region
[2019-12-09T02:36:09.825+0000][1][safepoint    ] Total time for which application threads were stopped: 0.0000954 seconds, Stopping threads took: 0.0000227 seconds
[2019-12-09T02:36:10.825+0000][1][safepoint    ] Application time: 1.0000753 seconds
[2019-12-09T02:36:10.825+0000][1][safepoint    ] Entering safepoint region: Cleanup
[2019-12-09T02:36:10.825+0000][1][safepoint    ] Leaving safepoint region
[2019-12-09T02:36:10.825+0000][1][safepoint    ] Total time for which application threads were stopped: 0.0000845 seconds, Stopping threads took: 0.0000175 seconds
[2019-12-09T02:36:11.825+0000][1][safepoint    ] Application time: 1.0000760 seconds
[2019-12-09T02:36:11.825+0000][1][safepoint    ] Entering safepoint region: Cleanup
[2019-12-09T02:36:11.825+0000][1][safepoint    ] Leaving safepoint region
[2019-12-09T02:36:11.825+0000][1][safepoint    ] Total time for which application threads were stopped: 0.0000909 seconds, Stopping threads took: 0.0000153 seconds
[2019-12-09T02:36:12.825+0000][1][safepoint    ] Application time: 1.0000762 seconds
[2019-12-09T02:36:12.825+0000][1][safepoint    ] Entering safepoint region: Cleanup
[2019-12-09T02:36:12.825+0000][1][safepoint    ] Leaving safepoint region
[2019-12-09T02:36:12.825+0000][1][safepoint    ] Total time for which application threads were stopped: 0.0000847 seconds, Stopping threads took: 0.0000167 seconds
[2019-12-09T02:36:13.825+0000][1][safepoint    ] Application time: 1.0000754 seconds
[2019-12-09T02:36:13.825+0000][1][safepoint    ] Entering safepoint region: Cleanup
[2019-12-09T02:36:13.825+0000][1][safepoint    ] Leaving safepoint region
[2019-12-09T02:36:13.825+0000][1][safepoint    ] Total time for which application threads were stopped: 0.0000808 seconds, Stopping threads took: 0.0000155 seconds
[2019-12-09T02:36:15.826+0000][1][safepoint    ] Application time: 2.0001451 seconds
[2019-12-09T02:36:15.826+0000][1][safepoint    ] Entering safepoint region: Cleanup
[2019-12-09T02:36:15.826+0000][1][safepoint    ] Leaving safepoint region
[2019-12-09T02:36:15.826+0000][1][safepoint    ] Total time for which application threads were stopped: 0.0000802 seconds, Stopping threads took: 0.0000156 seconds
[2019-12-09T02:36:17.826+0000][1][safepoint    ] Application time: 2.0001443 seconds
[2019-12-09T02:36:17.826+0000][1][safepoint    ] Entering safepoint region: Cleanup
[2019-12-09T02:36:17.826+0000][1][safepoint    ] Leaving safepoint region
[2019-12-09T02:36:17.826+0000][1][safepoint    ] Total time for which application threads were stopped: 0.0000868 seconds, Stopping threads took: 0.0000169 seconds
[2019-12-09T02:36:18.826+0000][1][safepoint    ] Application time: 1.0000770 seconds
[2019-12-09T02:36:18.826+0000][1][safepoint    ] Entering safepoint region: Cleanup
[2019-12-09T02:36:18.826+0000][1][safepoint    ] Leaving safepoint region
[2019-12-09T02:36:18.826+0000][1][safepoint    ] Total time for which application threads were stopped: 0.0000846 seconds, Stopping threads took: 0.0000161 seconds
[2019-12-09T02:36:22.826+0000][1][safepoint    ] Application time: 4.0002751 seconds
[2019-12-09T02:36:22.826+0000][1][safepoint    ] Entering safepoint region: Cleanup
[2019-12-09T02:36:22.827+0000][1][safepoint    ] Leaving safepoint region
[2019-12-09T02:36:22.827+0000][1][safepoint    ] Total time for which application threads were stopped: 0.0000806 seconds, Stopping threads took: 0.0000142 seconds
[2019-12-09T02:36:23.827+0000][1][safepoint    ] Application time: 1.0000760 seconds
[2019-12-09T02:36:23.827+0000][1][safepoint    ] Entering safepoint region: Cleanup
[2019-12-09T02:36:23.827+0000][1][safepoint    ] Leaving safepoint region
[2019-12-09T02:36:23.827+0000][1][safepoint    ] Total time for which application threads were stopped: 0.0000980 seconds, Stopping threads took: 0.0000166 seconds
[2019-12-09T02:36:24.827+0000][1][safepoint    ] Application time: 1.0000785 seconds
[2019-12-09T02:36:24.827+0000][1][safepoint    ] Entering safepoint region: Cleanup
[2019-12-09T02:36:24.827+0000][1][safepoint    ] Leaving safepoint region
[2019-12-09T02:36:24.827+0000][1][safepoint    ] Total time for which application threads were stopped: 0.0000916 seconds, Stopping threads took: 0.0000163 seconds
[2019-12-09T02:36:26.827+0000][1][safepoint    ] Application time: 2.0001578 seconds
[2019-12-09T02:36:26.827+0000][1][safepoint    ] Entering safepoint region: Cleanup
[2019-12-09T02:36:26.827+0000][1][safepoint    ] Leaving safepoint region
[2019-12-09T02:36:26.827+0000][1][safepoint    ] Total time for which application threads were stopped: 0.0000831 seconds, Stopping threads took: 0.0000156 seconds
[2019-12-09T02:36:28.828+0000][1][safepoint    ] Application time: 2.0005540 seconds
[2019-12-09T02:36:28.828+0000][1][safepoint    ] Entering safepoint region: Cleanup
[2019-12-09T02:36:28.828+0000][1][safepoint    ] Leaving safepoint region
[2019-12-09T02:36:28.828+0000][1][safepoint    ] Total time for which application threads were stopped: 0.0000909 seconds, Stopping threads took: 0.0000181 seconds
[2019-12-09T02:36:30.828+0000][1][safepoint    ] Application time: 2.0001554 seconds
[2019-12-09T02:36:30.828+0000][1][safepoint    ] Entering safepoint region: Cleanup
[2019-12-09T02:36:30.828+0000][1][safepoint    ] Leaving safepoint region
[2019-12-09T02:36:30.828+0000][1][safepoint    ] Total time for which application threads were stopped: 0.0000881 seconds, Stopping threads took: 0.0000180 seconds
[2019-12-09T02:36:31.828+0000][1][safepoint    ] Application time: 1.0000776 seconds
[2019-12-09T02:36:31.828+0000][1][safepoint    ] Entering safepoint region: Cleanup
[2019-12-09T02:36:31.828+0000][1][safepoint    ] Leaving safepoint region
[2019-12-09T02:36:31.828+0000][1][safepoint    ] Total time for which application threads were stopped: 0.0000887 seconds, Stopping threads took: 0.0000190 seconds
[2019-12-09T02:36:32.828+0000][1][safepoint    ] Application time: 1.0000762 seconds
[2019-12-09T02:36:32.828+0000][1][safepoint    ] Entering safepoint region: Cleanup
[2019-12-09T02:36:32.829+0000][1][safepoint    ] Leaving safepoint region
[2019-12-09T02:36:32.829+0000][1][safepoint    ] Total time for which application threads were stopped: 0.0000852 seconds, Stopping threads took: 0.0000171 seconds
[2019-12-09T02:36:34.829+0000][1][safepoint    ] Application time: 2.0001457 seconds
[2019-12-09T02:36:34.829+0000][1][safepoint    ] Entering safepoint region: Cleanup
[2019-12-09T02:36:34.829+0000][1][safepoint    ] Leaving safepoint region
[2019-12-09T02:36:34.829+0000][1][safepoint    ] Total time for which application threads were stopped: 0.0000827 seconds, Stopping threads took: 0.0000157 seconds
[2019-12-09T02:36:35.829+0000][1][safepoint    ] Application time: 1.0000805 seconds
[2019-12-09T02:36:35.829+0000][1][safepoint    ] Entering safepoint region: Cleanup
[2019-12-09T02:36:35.829+0000][1][safepoint    ] Leaving safepoint region
[2019-12-09T02:36:35.829+0000][1][safepoint    ] Total time for which application threads were stopped: 0.0000863 seconds, Stopping threads took: 0.0000181 seconds
[2019-12-09T02:36:38.829+0000][1][safepoint    ] Application time: 3.0002235 seconds
[2019-12-09T02:36:38.829+0000][1][safepoint    ] Entering safepoint region: Cleanup
[2019-12-09T02:36:38.829+0000][1][safepoint    ] Leaving safepoint region
[2019-12-09T02:36:38.829+0000][1][safepoint    ] Total time for which application threads were stopped: 0.0000984 seconds, Stopping threads took: 0.0000237 seconds
[2019-12-09T02:36:39.829+0000][1][safepoint    ] Application time: 1.0000760 seconds
[2019-12-09T02:36:39.829+0000][1][safepoint    ] Entering safepoint region: Cleanup
[2019-12-09T02:36:39.830+0000][1][safepoint    ] Leaving safepoint region
[2019-12-09T02:36:39.830+0000][1][safepoint    ] Total time for which application threads were stopped: 0.0000869 seconds, Stopping threads took: 0.0000175 seconds
[2019-12-09T02:36:43.830+0000][1][safepoint    ] Application time: 4.0002819 seconds
[2019-12-09T02:36:43.830+0000][1][safepoint    ] Entering safepoint region: Cleanup
[2019-12-09T02:36:43.830+0000][1][safepoint    ] Leaving safepoint region
[2019-12-09T02:36:43.830+0000][1][safepoint    ] Total time for which application threads were stopped: 0.0000858 seconds, Stopping threads took: 0.0000188 seconds
[2019-12-09T02:36:45.830+0000][1][safepoint    ] Application time: 2.0001480 seconds
[2019-12-09T02:36:45.830+0000][1][safepoint    ] Entering safepoint region: Cleanup
[2019-12-09T02:36:45.830+0000][1][safepoint    ] Leaving safepoint region
[2019-12-09T02:36:45.830+0000][1][safepoint    ] Total time for which application threads were stopped: 0.0000877 seconds, Stopping threads took: 0.0000186 seconds
[2019-12-09T02:36:47.830+0000][1][safepoint    ] Application time: 2.0001505 seconds
[2019-12-09T02:36:47.830+0000][1][safepoint    ] Entering safepoint region: Cleanup
[2019-12-09T02:36:47.831+0000][1][safepoint    ] Leaving safepoint region
[2019-12-09T02:36:47.831+0000][1][safepoint    ] Total time for which application threads were stopped: 0.0000916 seconds, Stopping threads took: 0.0000196 seconds
[2019-12-09T02:36:48.831+0000][1][safepoint    ] Application time: 1.0000798 seconds
[2019-12-09T02:36:48.831+0000][1][safepoint    ] Entering safepoint region: Cleanup
[2019-12-09T02:36:48.831+0000][1][safepoint    ] Leaving safepoint region
[2019-12-09T02:36:48.831+0000][1][safepoint    ] Total time for which application threads were stopped: 0.0000990 seconds, Stopping threads took: 0.0000174 seconds
[2019-12-09T02:36:50.831+0000][1][safepoint    ] Application time: 2.0001528 seconds
[2019-12-09T02:36:50.831+0000][1][safepoint    ] Entering safepoint region: Cleanup
[2019-12-09T02:36:50.831+0000][1][safepoint    ] Leaving safepoint region
[2019-12-09T02:36:50.831+0000][1][safepoint    ] Total time for which application threads were stopped: 0.0000901 seconds, Stopping threads took: 0.0000184 seconds
[2019-12-09T02:36:52.831+0000][1][safepoint    ] Application time: 2.0001465 seconds
[2019-12-09T02:36:52.831+0000][1][safepoint    ] Entering safepoint region: Cleanup
[2019-12-09T02:36:52.831+0000][1][safepoint    ] Leaving safepoint region
[2019-12-09T02:36:52.831+0000][1][safepoint    ] Total time for which application threads were stopped: 0.0000844 seconds, Stopping threads took: 0.0000162 seconds
[2019-12-09T02:36:57.834+0000][1][safepoint    ] Application time: 5.0031656 seconds
[2019-12-09T02:36:57.834+0000][1][safepoint    ] Entering safepoint region: Cleanup
[2019-12-09T02:36:57.835+0000][1][safepoint    ] Leaving safepoint region
[2019-12-09T02:36:57.835+0000][1][safepoint    ] Total time for which application threads were stopped: 0.0001279 seconds, Stopping threads took: 0.0000276 seconds
[2019-12-09T02:36:58.835+0000][1][safepoint    ] Application time: 1.0000772 seconds
[2019-12-09T02:36:58.835+0000][1][safepoint    ] Entering safepoint region: Cleanup
[2019-12-09T02:36:58.835+0000][1][safepoint    ] Leaving safepoint region
[2019-12-09T02:36:58.835+0000][1][safepoint    ] Total time for which application threads were stopped: 0.0001066 seconds, Stopping threads took: 0.0000181 seconds
[2019-12-09T02:37:02.837+0000][1][safepoint    ] Application time: 4.0017059 seconds
[2019-12-09T02:37:02.837+0000][1][safepoint    ] Entering safepoint region: Cleanup
[2019-12-09T02:37:02.837+0000][1][safepoint    ] Leaving safepoint region
[2019-12-09T02:37:02.837+0000][1][safepoint    ] Total time for which application threads were stopped: 0.0000916 seconds, Stopping threads took: 0.0000176 seconds
[2019-12-09T02:37:04.880+0000][1][safepoint    ] Application time: 2.0435807 seconds
[2019-12-09T02:37:04.880+0000][1][safepoint    ] Entering safepoint region: GenCollectForAllocation
[2019-12-09T02:37:04.880+0000][1][gc,start     ] GC(27) Pause Young (Allocation Failure)
[2019-12-09T02:37:04.880+0000][1][gc,task      ] GC(27) Using 2 workers of 2 for evacuation
[2019-12-09T02:37:04.888+0000][1][gc,age       ] GC(27) Desired survivor size 4456448 bytes, new threshold 6 (max threshold 6)
[2019-12-09T02:37:04.888+0000][1][gc,age       ] GC(27) Age table with threshold 6 (max threshold 6)
[2019-12-09T02:37:04.888+0000][1][gc,age       ] GC(27) - age   1:      78104 bytes,      78104 total
[2019-12-09T02:37:04.888+0000][1][gc,age       ] GC(27) - age   2:       6280 bytes,      84384 total
[2019-12-09T02:37:04.888+0000][1][gc,age       ] GC(27) - age   3:     454032 bytes,     538416 total
[2019-12-09T02:37:04.888+0000][1][gc,age       ] GC(27) - age   4:    2092568 bytes,    2630984 total
[2019-12-09T02:37:04.888+0000][1][gc,heap      ] GC(27) ParNew: 74709K->3899K(78656K)
[2019-12-09T02:37:04.888+0000][1][gc,heap      ] GC(27) CMS: 67754K->67754K(174784K)
[2019-12-09T02:37:04.888+0000][1][gc,metaspace ] GC(27) Metaspace: 70917K->70917K(1114112K)
[2019-12-09T02:37:04.889+0000][1][gc           ] GC(27) Pause Young (Allocation Failure) 139M->69M(247M) 8.105ms
[2019-12-09T02:37:04.889+0000][1][gc,cpu       ] GC(27) User=0.01s Sys=0.00s Real=0.01s
[2019-12-09T02:37:04.889+0000][1][safepoint    ] Leaving safepoint region
[2019-12-09T02:37:04.889+0000][1][safepoint    ] Total time for which application threads were stopped: 0.0082662 seconds, Stopping threads took: 0.0000226 seconds
[2019-12-09T02:37:08.889+0000][1][safepoint    ] Application time: 4.0002830 seconds
[2019-12-09T02:37:08.889+0000][1][safepoint    ] Entering safepoint region: Cleanup
[2019-12-09T02:37:08.889+0000][1][safepoint    ] Leaving safepoint region
[2019-12-09T02:37:08.889+0000][1][safepoint    ] Total time for which application threads were stopped: 0.0000924 seconds, Stopping threads took: 0.0000239 seconds
[2019-12-09T02:37:13.889+0000][1][safepoint    ] Application time: 5.0003348 seconds
[2019-12-09T02:37:13.889+0000][1][safepoint    ] Entering safepoint region: Cleanup
[2019-12-09T02:37:13.889+0000][1][safepoint    ] Leaving safepoint region
[2019-12-09T02:37:13.889+0000][1][safepoint    ] Total time for which application threads were stopped: 0.0000856 seconds, Stopping threads took: 0.0000162 seconds
[2019-12-09T02:37:17.890+0000][1][safepoint    ] Application time: 4.0002337 seconds
[2019-12-09T02:37:17.890+0000][1][safepoint    ] Entering safepoint region: Cleanup
[2019-12-09T02:37:17.890+0000][1][safepoint    ] Leaving safepoint region
[2019-12-09T02:37:17.890+0000][1][safepoint    ] Total time for which application threads were stopped: 0.0001006 seconds, Stopping threads took: 0.0000311 seconds
[2019-12-09T02:37:18.890+0000][1][safepoint    ] Application time: 1.0000720 seconds
[2019-12-09T02:37:18.890+0000][1][safepoint    ] Entering safepoint region: Cleanup
[2019-12-09T02:37:18.890+0000][1][safepoint    ] Leaving safepoint region
[2019-12-09T02:37:18.890+0000][1][safepoint    ] Total time for which application threads were stopped: 0.0001248 seconds, Stopping threads took: 0.0000499 seconds
[2019-12-09T02:37:20.890+0000][1][safepoint    ] Application time: 2.0001462 seconds
[2019-12-09T02:37:20.890+0000][1][safepoint    ] Entering safepoint region: Cleanup
[2019-12-09T02:37:20.890+0000][1][safepoint    ] Leaving safepoint region
[2019-12-09T02:37:20.890+0000][1][safepoint    ] Total time for which application threads were stopped: 0.0000858 seconds, Stopping threads took: 0.0000158 seconds
[2019-12-09T02:37:27.891+0000][1][safepoint    ] Application time: 7.0004697 seconds
[2019-12-09T02:37:27.891+0000][1][safepoint    ] Entering safepoint region: Cleanup
[2019-12-09T02:37:27.891+0000][1][safepoint    ] Leaving safepoint region
[2019-12-09T02:37:27.891+0000][1][safepoint    ] Total time for which application threads were stopped: 0.0000902 seconds, Stopping threads took: 0.0000190 seconds
[2019-12-09T02:37:34.891+0000][1][safepoint    ] Application time: 7.0004773 seconds
[2019-12-09T02:37:34.891+0000][1][safepoint    ] Entering safepoint region: Cleanup
[2019-12-09T02:37:34.891+0000][1][safepoint    ] Leaving safepoint region
[2019-12-09T02:37:34.891+0000][1][safepoint    ] Total time for which application threads were stopped: 0.0000817 seconds, Stopping threads took: 0.0000152 seconds
[2019-12-09T02:37:35.891+0000][1][safepoint    ] Application time: 1.0000386 seconds
[2019-12-09T02:37:35.892+0000][1][safepoint    ] Entering safepoint region: Cleanup
[2019-12-09T02:37:35.892+0000][1][safepoint    ] Leaving safepoint region
[2019-12-09T02:37:35.892+0000][1][safepoint    ] Total time for which application threads were stopped: 0.0000972 seconds, Stopping threads took: 0.0000230 seconds
[2019-12-09T02:37:37.892+0000][1][safepoint    ] Application time: 2.0001608 seconds
[2019-12-09T02:37:37.892+0000][1][safepoint    ] Entering safepoint region: Cleanup
[2019-12-09T02:37:37.892+0000][1][safepoint    ] Leaving safepoint region
[2019-12-09T02:37:37.892+0000][1][safepoint    ] Total time for which application threads were stopped: 0.0001225 seconds, Stopping threads took: 0.0000241 seconds
[2019-12-09T02:37:39.892+0000][1][safepoint    ] Application time: 2.0001408 seconds
[2019-12-09T02:37:39.892+0000][1][safepoint    ] Entering safepoint region: Cleanup
[2019-12-09T02:37:39.892+0000][1][safepoint    ] Leaving safepoint region
[2019-12-09T02:37:39.892+0000][1][safepoint    ] Total time for which application threads were stopped: 0.0000943 seconds, Stopping threads took: 0.0000250 seconds
[2019-12-09T02:37:48.893+0000][1][safepoint    ] Application time: 9.0005701 seconds
[2019-12-09T02:37:48.893+0000][1][safepoint    ] Entering safepoint region: Cleanup
[2019-12-09T02:37:48.893+0000][1][safepoint    ] Leaving safepoint region
[2019-12-09T02:37:48.893+0000][1][safepoint    ] Total time for which application threads were stopped: 0.0000893 seconds, Stopping threads took: 0.0000180 seconds
[2019-12-09T02:37:50.893+0000][1][safepoint    ] Application time: 2.0001414 seconds
[2019-12-09T02:37:50.893+0000][1][safepoint    ] Entering safepoint region: Cleanup
[2019-12-09T02:37:50.893+0000][1][safepoint    ] Leaving safepoint region
[2019-12-09T02:37:50.893+0000][1][safepoint    ] Total time for which application threads were stopped: 0.0000907 seconds, Stopping threads took: 0.0000176 seconds
[2019-12-09T02:37:51.893+0000][1][safepoint    ] Application time: 1.0000769 seconds
[2019-12-09T02:37:51.893+0000][1][safepoint    ] Entering safepoint region: Cleanup
[2019-12-09T02:37:51.893+0000][1][safepoint    ] Leaving safepoint region
[2019-12-09T02:37:51.893+0000][1][safepoint    ] Total time for which application threads were stopped: 0.0000870 seconds, Stopping threads took: 0.0000170 seconds
[2019-12-09T02:37:52.893+0000][1][safepoint    ] Application time: 1.0000779 seconds
[2019-12-09T02:37:52.894+0000][1][safepoint    ] Entering safepoint region: Cleanup
[2019-12-09T02:37:52.894+0000][1][safepoint    ] Leaving safepoint region
[2019-12-09T02:37:52.894+0000][1][safepoint    ] Total time for which application threads were stopped: 0.0000903 seconds, Stopping threads took: 0.0000196 seconds
[2019-12-09T02:37:54.894+0000][1][safepoint    ] Application time: 2.0001451 seconds
[2019-12-09T02:37:54.894+0000][1][safepoint    ] Entering safepoint region: Cleanup
[2019-12-09T02:37:54.894+0000][1][safepoint    ] Leaving safepoint region
[2019-12-09T02:37:54.894+0000][1][safepoint    ] Total time for which application threads were stopped: 0.0000904 seconds, Stopping threads took: 0.0000162 seconds
[2019-12-09T02:37:55.894+0000][1][safepoint    ] Application time: 1.0000758 seconds
[2019-12-09T02:37:55.894+0000][1][safepoint    ] Entering safepoint region: Cleanup
[2019-12-09T02:37:55.894+0000][1][safepoint    ] Leaving safepoint region
[2019-12-09T02:37:55.894+0000][1][safepoint    ] Total time for which application threads were stopped: 0.0000930 seconds, Stopping threads took: 0.0000183 seconds
[2019-12-09T02:37:58.894+0000][1][safepoint    ] Application time: 3.0002078 seconds
[2019-12-09T02:37:58.894+0000][1][safepoint    ] Entering safepoint region: Cleanup
[2019-12-09T02:37:58.894+0000][1][safepoint    ] Leaving safepoint region
[2019-12-09T02:37:58.894+0000][1][safepoint    ] Total time for which application threads were stopped: 0.0000911 seconds, Stopping threads took: 0.0000191 seconds
[2019-12-09T02:38:01.895+0000][1][safepoint    ] Application time: 3.0002122 seconds
[2019-12-09T02:38:01.895+0000][1][safepoint    ] Entering safepoint region: Cleanup
[2019-12-09T02:38:01.895+0000][1][safepoint    ] Leaving safepoint region
[2019-12-09T02:38:01.895+0000][1][safepoint    ] Total time for which application threads were stopped: 0.0000904 seconds, Stopping threads took: 0.0000185 seconds
[2019-12-09T02:38:02.895+0000][1][safepoint    ] Application time: 1.0000770 seconds
[2019-12-09T02:38:02.895+0000][1][safepoint    ] Entering safepoint region: Cleanup
[2019-12-09T02:38:02.895+0000][1][safepoint    ] Leaving safepoint region
[2019-12-09T02:38:02.895+0000][1][safepoint    ] Total time for which application threads were stopped: 0.0000866 seconds, Stopping threads took: 0.0000177 seconds
[2019-12-09T02:38:04.895+0000][1][safepoint    ] Application time: 2.0001437 seconds
[2019-12-09T02:38:04.895+0000][1][safepoint    ] Entering safepoint region: Cleanup
[2019-12-09T02:38:04.895+0000][1][safepoint    ] Leaving safepoint region
[2019-12-09T02:38:04.895+0000][1][safepoint    ] Total time for which application threads were stopped: 0.0000856 seconds, Stopping threads took: 0.0000177 seconds
[2019-12-09T02:38:05.895+0000][1][safepoint    ] Application time: 1.0000758 seconds
[2019-12-09T02:38:05.895+0000][1][safepoint    ] Entering safepoint region: Cleanup
[2019-12-09T02:38:05.895+0000][1][safepoint    ] Leaving safepoint region
[2019-12-09T02:38:05.895+0000][1][safepoint    ] Total time for which application threads were stopped: 0.0000972 seconds, Stopping threads took: 0.0000180 seconds
[2019-12-09T02:38:08.896+0000][1][safepoint    ] Application time: 3.0002152 seconds
[2019-12-09T02:38:08.896+0000][1][safepoint    ] Entering safepoint region: Cleanup
[2019-12-09T02:38:08.896+0000][1][safepoint    ] Leaving safepoint region
[2019-12-09T02:38:08.896+0000][1][safepoint    ] Total time for which application threads were stopped: 0.0000906 seconds, Stopping threads took: 0.0000239 seconds
[2019-12-09T02:38:09.896+0000][1][safepoint    ] Application time: 1.0000761 seconds
[2019-12-09T02:38:09.896+0000][1][safepoint    ] Entering safepoint region: Cleanup
[2019-12-09T02:38:09.896+0000][1][safepoint    ] Leaving safepoint region
[2019-12-09T02:38:09.896+0000][1][safepoint    ] Total time for which application threads were stopped: 0.0000857 seconds, Stopping threads took: 0.0000164 seconds
[2019-12-09T02:38:10.896+0000][1][safepoint    ] Application time: 1.0000766 seconds
[2019-12-09T02:38:10.896+0000][1][safepoint    ] Entering safepoint region: Cleanup
[2019-12-09T02:38:10.896+0000][1][safepoint    ] Leaving safepoint region
[2019-12-09T02:38:10.896+0000][1][safepoint    ] Total time for which application threads were stopped: 0.0000889 seconds, Stopping threads took: 0.0000169 seconds
[2019-12-09T02:38:14.057+0000][1][safepoint    ] Application time: 3.1612495 seconds
[2019-12-09T02:38:14.058+0000][1][safepoint    ] Entering safepoint region: GenCollectForAllocation
[2019-12-09T02:38:14.058+0000][1][gc,start     ] GC(28) Pause Young (Allocation Failure)
[2019-12-09T02:38:14.058+0000][1][gc,task      ] GC(28) Using 2 workers of 2 for evacuation
[2019-12-09T02:38:14.064+0000][1][gc,age       ] GC(28) Desired survivor size 4456448 bytes, new threshold 6 (max threshold 6)
[2019-12-09T02:38:14.064+0000][1][gc,age       ] GC(28) Age table with threshold 6 (max threshold 6)
[2019-12-09T02:38:14.064+0000][1][gc,age       ] GC(28) - age   1:      85816 bytes,      85816 total
[2019-12-09T02:38:14.064+0000][1][gc,age       ] GC(28) - age   2:       3976 bytes,      89792 total
[2019-12-09T02:38:14.064+0000][1][gc,age       ] GC(28) - age   3:       6184 bytes,      95976 total
[2019-12-09T02:38:14.064+0000][1][gc,age       ] GC(28) - age   4:     415672 bytes,     511648 total
[2019-12-09T02:38:14.064+0000][1][gc,age       ] GC(28) - age   5:    1919040 bytes,    2430688 total
[2019-12-09T02:38:14.064+0000][1][gc,heap      ] GC(28) ParNew: 73851K->3475K(78656K)
[2019-12-09T02:38:14.064+0000][1][gc,heap      ] GC(28) CMS: 67754K->67754K(174784K)
[2019-12-09T02:38:14.064+0000][1][gc,metaspace ] GC(28) Metaspace: 70955K->70955K(1114112K)
[2019-12-09T02:38:14.064+0000][1][gc           ] GC(28) Pause Young (Allocation Failure) 138M->69M(247M) 6.627ms
[2019-12-09T02:38:14.064+0000][1][gc,cpu       ] GC(28) User=0.01s Sys=0.00s Real=0.00s
[2019-12-09T02:38:14.064+0000][1][safepoint    ] Leaving safepoint region
[2019-12-09T02:38:14.064+0000][1][safepoint    ] Total time for which application threads were stopped: 0.0067768 seconds, Stopping threads took: 0.0000182 seconds
[2019-12-09T02:38:24.065+0000][1][safepoint    ] Application time: 10.0006776 seconds
[2019-12-09T02:38:24.065+0000][1][safepoint    ] Entering safepoint region: Cleanup
[2019-12-09T02:38:24.065+0000][1][safepoint    ] Leaving safepoint region
[2019-12-09T02:38:24.065+0000][1][safepoint    ] Total time for which application threads were stopped: 0.0000900 seconds, Stopping threads took: 0.0000196 seconds
[2019-12-09T02:38:32.066+0000][1][safepoint    ] Application time: 8.0005432 seconds
[2019-12-09T02:38:32.066+0000][1][safepoint    ] Entering safepoint region: Cleanup
[2019-12-09T02:38:32.066+0000][1][safepoint    ] Leaving safepoint region
[2019-12-09T02:38:32.066+0000][1][safepoint    ] Total time for which application threads were stopped: 0.0000983 seconds, Stopping threads took: 0.0000277 seconds
[2019-12-09T02:38:34.066+0000][1][safepoint    ] Application time: 2.0001376 seconds
[2019-12-09T02:38:34.066+0000][1][safepoint    ] Entering safepoint region: Cleanup
[2019-12-09T02:38:34.066+0000][1][safepoint    ] Leaving safepoint region
[2019-12-09T02:38:34.066+0000][1][safepoint    ] Total time for which application threads were stopped: 0.0000875 seconds, Stopping threads took: 0.0000184 seconds
[2019-12-09T02:38:38.066+0000][1][safepoint    ] Application time: 4.0002716 seconds
[2019-12-09T02:38:38.066+0000][1][safepoint    ] Entering safepoint region: Cleanup
[2019-12-09T02:38:38.066+0000][1][safepoint    ] Leaving safepoint region
[2019-12-09T02:38:38.066+0000][1][safepoint    ] Total time for which application threads were stopped: 0.0000868 seconds, Stopping threads took: 0.0000179 seconds
[2019-12-09T02:38:40.067+0000][1][safepoint    ] Application time: 2.0001414 seconds
[2019-12-09T02:38:40.067+0000][1][safepoint    ] Entering safepoint region: Cleanup
[2019-12-09T02:38:40.067+0000][1][safepoint    ] Leaving safepoint region
[2019-12-09T02:38:40.067+0000][1][safepoint    ] Total time for which application threads were stopped: 0.0001088 seconds, Stopping threads took: 0.0000276 seconds
[2019-12-09T02:38:45.067+0000][1][safepoint    ] Application time: 5.0003502 seconds
[2019-12-09T02:38:45.067+0000][1][safepoint    ] Entering safepoint region: Cleanup
[2019-12-09T02:38:45.067+0000][1][safepoint    ] Leaving safepoint region
[2019-12-09T02:38:45.067+0000][1][safepoint    ] Total time for which application threads were stopped: 0.0000871 seconds, Stopping threads took: 0.0000191 seconds
[2019-12-09T02:38:54.068+0000][1][safepoint    ] Application time: 9.0006214 seconds
[2019-12-09T02:38:54.068+0000][1][safepoint    ] Entering safepoint region: Cleanup
[2019-12-09T02:38:54.068+0000][1][safepoint    ] Leaving safepoint region
[2019-12-09T02:38:54.068+0000][1][safepoint    ] Total time for which application threads were stopped: 0.0000907 seconds, Stopping threads took: 0.0000182 seconds
[2019-12-09T02:38:58.068+0000][1][safepoint    ] Application time: 4.0002764 seconds
[2019-12-09T02:38:58.068+0000][1][safepoint    ] Entering safepoint region: Cleanup
[2019-12-09T02:38:58.068+0000][1][safepoint    ] Leaving safepoint region
[2019-12-09T02:38:58.068+0000][1][safepoint    ] Total time for which application threads were stopped: 0.0000919 seconds, Stopping threads took: 0.0000178 seconds
[2019-12-09T02:38:59.068+0000][1][safepoint    ] Application time: 1.0000759 seconds
[2019-12-09T02:38:59.068+0000][1][safepoint    ] Entering safepoint region: Cleanup
[2019-12-09T02:38:59.069+0000][1][safepoint    ] Leaving safepoint region
[2019-12-09T02:38:59.069+0000][1][safepoint    ] Total time for which application threads were stopped: 0.0000880 seconds, Stopping threads took: 0.0000189 seconds
[2019-12-09T02:39:00.069+0000][1][safepoint    ] Application time: 1.0000782 seconds
[2019-12-09T02:39:00.069+0000][1][safepoint    ] Entering safepoint region: Cleanup
[2019-12-09T02:39:00.069+0000][1][safepoint    ] Leaving safepoint region
[2019-12-09T02:39:00.069+0000][1][safepoint    ] Total time for which application threads were stopped: 0.0000946 seconds, Stopping threads took: 0.0000230 seconds
[2019-12-09T02:39:01.069+0000][1][safepoint    ] Application time: 1.0000781 seconds
[2019-12-09T02:39:01.069+0000][1][safepoint    ] Entering safepoint region: Cleanup
[2019-12-09T02:39:01.069+0000][1][safepoint    ] Leaving safepoint region
[2019-12-09T02:39:01.069+0000][1][safepoint    ] Total time for which application threads were stopped: 0.0000851 seconds, Stopping threads took: 0.0000177 seconds
[2019-12-09T02:39:02.069+0000][1][safepoint    ] Application time: 1.0000783 seconds
[2019-12-09T02:39:02.069+0000][1][safepoint    ] Entering safepoint region: Cleanup
[2019-12-09T02:39:02.069+0000][1][safepoint    ] Leaving safepoint region
[2019-12-09T02:39:02.069+0000][1][safepoint    ] Total time for which application threads were stopped: 0.0000925 seconds, Stopping threads took: 0.0000195 seconds
[2019-12-09T02:39:03.069+0000][1][safepoint    ] Application time: 1.0000758 seconds
[2019-12-09T02:39:03.069+0000][1][safepoint    ] Entering safepoint region: Cleanup
[2019-12-09T02:39:03.069+0000][1][safepoint    ] Leaving safepoint region
[2019-12-09T02:39:03.069+0000][1][safepoint    ] Total time for which application threads were stopped: 0.0000813 seconds, Stopping threads took: 0.0000166 seconds
[2019-12-09T02:39:04.069+0000][1][safepoint    ] Application time: 1.0000762 seconds
[2019-12-09T02:39:04.070+0000][1][safepoint    ] Entering safepoint region: Cleanup
[2019-12-09T02:39:04.070+0000][1][safepoint    ] Leaving safepoint region
[2019-12-09T02:39:04.070+0000][1][safepoint    ] Total time for which application threads were stopped: 0.0000857 seconds, Stopping threads took: 0.0000181 seconds
[2019-12-09T02:39:08.070+0000][1][safepoint    ] Application time: 4.0002933 seconds
[2019-12-09T02:39:08.070+0000][1][safepoint    ] Entering safepoint region: Cleanup
[2019-12-09T02:39:08.070+0000][1][safepoint    ] Leaving safepoint region
[2019-12-09T02:39:08.070+0000][1][safepoint    ] Total time for which application threads were stopped: 0.0000851 seconds, Stopping threads took: 0.0000181 seconds
[2019-12-09T02:39:10.070+0000][1][safepoint    ] Application time: 2.0001458 seconds
[2019-12-09T02:39:10.070+0000][1][safepoint    ] Entering safepoint region: Cleanup
[2019-12-09T02:39:10.070+0000][1][safepoint    ] Leaving safepoint region
[2019-12-09T02:39:10.070+0000][1][safepoint    ] Total time for which application threads were stopped: 0.0000893 seconds, Stopping threads took: 0.0000236 seconds
[2019-12-09T02:39:18.071+0000][1][safepoint    ] Application time: 8.0005444 seconds
[2019-12-09T02:39:18.071+0000][1][safepoint    ] Entering safepoint region: Cleanup
[2019-12-09T02:39:18.071+0000][1][safepoint    ] Leaving safepoint region
[2019-12-09T02:39:18.071+0000][1][safepoint    ] Total time for which application threads were stopped: 0.0000834 seconds, Stopping threads took: 0.0000160 seconds
[2019-12-09T02:39:19.071+0000][1][safepoint    ] Application time: 1.0000770 seconds
[2019-12-09T02:39:19.071+0000][1][safepoint    ] Entering safepoint region: Cleanup
[2019-12-09T02:39:19.071+0000][1][safepoint    ] Leaving safepoint region
[2019-12-09T02:39:19.071+0000][1][safepoint    ] Total time for which application threads were stopped: 0.0000971 seconds, Stopping threads took: 0.0000186 seconds
[2019-12-09T02:39:24.072+0000][1][safepoint    ] Application time: 5.0003410 seconds
[2019-12-09T02:39:24.072+0000][1][safepoint    ] Entering safepoint region: Cleanup
[2019-12-09T02:39:24.072+0000][1][safepoint    ] Leaving safepoint region
[2019-12-09T02:39:24.072+0000][1][safepoint    ] Total time for which application threads were stopped: 0.0000895 seconds, Stopping threads took: 0.0000182 seconds
[2019-12-09T02:39:24.790+0000][1][safepoint    ] Application time: 0.7180605 seconds
[2019-12-09T02:39:24.790+0000][1][safepoint    ] Entering safepoint region: GenCollectForAllocation
[2019-12-09T02:39:24.790+0000][1][gc,start     ] GC(29) Pause Young (Allocation Failure)
[2019-12-09T02:39:24.790+0000][1][gc,task      ] GC(29) Using 2 workers of 2 for evacuation
[2019-12-09T02:39:24.796+0000][1][gc,age       ] GC(29) Desired survivor size 4456448 bytes, new threshold 6 (max threshold 6)
[2019-12-09T02:39:24.796+0000][1][gc,age       ] GC(29) Age table with threshold 6 (max threshold 6)
[2019-12-09T02:39:24.796+0000][1][gc,age       ] GC(29) - age   1:      77512 bytes,      77512 total
[2019-12-09T02:39:24.796+0000][1][gc,age       ] GC(29) - age   2:      11200 bytes,      88712 total
[2019-12-09T02:39:24.796+0000][1][gc,age       ] GC(29) - age   3:       3976 bytes,      92688 total
[2019-12-09T02:39:24.796+0000][1][gc,age       ] GC(29) - age   4:       6096 bytes,      98784 total
[2019-12-09T02:39:24.796+0000][1][gc,age       ] GC(29) - age   5:     415672 bytes,     514456 total
[2019-12-09T02:39:24.796+0000][1][gc,age       ] GC(29) - age   6:    1919040 bytes,    2433496 total
[2019-12-09T02:39:24.796+0000][1][gc,heap      ] GC(29) ParNew: 73379K->3539K(78656K)
[2019-12-09T02:39:24.796+0000][1][gc,heap      ] GC(29) CMS: 67754K->67754K(174784K)
[2019-12-09T02:39:24.796+0000][1][gc,metaspace ] GC(29) Metaspace: 70984K->70984K(1114112K)
[2019-12-09T02:39:24.796+0000][1][gc           ] GC(29) Pause Young (Allocation Failure) 137M->69M(247M) 6.523ms
[2019-12-09T02:39:24.796+0000][1][gc,cpu       ] GC(29) User=0.01s Sys=0.00s Real=0.01s
[2019-12-09T02:39:24.796+0000][1][safepoint    ] Leaving safepoint region
[2019-12-09T02:39:24.796+0000][1][safepoint    ] Total time for which application threads were stopped: 0.0066881 seconds, Stopping threads took: 0.0000261 seconds
[2019-12-09T02:39:28.797+0000][1][safepoint    ] Application time: 4.0002812 seconds
[2019-12-09T02:39:28.797+0000][1][safepoint    ] Entering safepoint region: Cleanup
[2019-12-09T02:39:28.797+0000][1][safepoint    ] Leaving safepoint region
[2019-12-09T02:39:28.797+0000][1][safepoint    ] Total time for which application threads were stopped: 0.0001027 seconds, Stopping threads took: 0.0000171 seconds
[2019-12-09T02:39:38.798+0000][1][safepoint    ] Application time: 10.0006222 seconds
[2019-12-09T02:39:38.798+0000][1][safepoint    ] Entering safepoint region: Cleanup
[2019-12-09T02:39:38.798+0000][1][safepoint    ] Leaving safepoint region
[2019-12-09T02:39:38.798+0000][1][safepoint    ] Total time for which application threads were stopped: 0.0000969 seconds, Stopping threads took: 0.0000230 seconds
[2019-12-09T02:39:39.798+0000][1][safepoint    ] Application time: 1.0000760 seconds
[2019-12-09T02:39:39.798+0000][1][safepoint    ] Entering safepoint region: Cleanup
[2019-12-09T02:39:39.798+0000][1][safepoint    ] Leaving safepoint region
[2019-12-09T02:39:39.798+0000][1][safepoint    ] Total time for which application threads were stopped: 0.0000931 seconds, Stopping threads took: 0.0000203 seconds
[2019-12-09T02:39:45.798+0000][1][safepoint    ] Application time: 6.0004059 seconds
[2019-12-09T02:39:45.798+0000][1][safepoint    ] Entering safepoint region: Cleanup
[2019-12-09T02:39:45.798+0000][1][safepoint    ] Leaving safepoint region
[2019-12-09T02:39:45.798+0000][1][safepoint    ] Total time for which application threads were stopped: 0.0000910 seconds, Stopping threads took: 0.0000187 seconds
[2019-12-09T02:39:48.799+0000][1][safepoint    ] Application time: 3.0002098 seconds
[2019-12-09T02:39:48.799+0000][1][safepoint    ] Entering safepoint region: Cleanup
[2019-12-09T02:39:48.799+0000][1][safepoint    ] Leaving safepoint region
[2019-12-09T02:39:48.799+0000][1][safepoint    ] Total time for which application threads were stopped: 0.0001061 seconds, Stopping threads took: 0.0000187 seconds
[2019-12-09T02:39:49.799+0000][1][safepoint    ] Application time: 1.0000759 seconds
[2019-12-09T02:39:49.799+0000][1][safepoint    ] Entering safepoint region: Cleanup
[2019-12-09T02:39:49.799+0000][1][safepoint    ] Leaving safepoint region
[2019-12-09T02:39:49.799+0000][1][safepoint    ] Total time for which application threads were stopped: 0.0000927 seconds, Stopping threads took: 0.0000195 seconds
[2019-12-09T02:39:56.799+0000][1][safepoint    ] Application time: 7.0004863 seconds
[2019-12-09T02:39:56.800+0000][1][safepoint    ] Entering safepoint region: Cleanup
[2019-12-09T02:39:56.800+0000][1][safepoint    ] Leaving safepoint region
[2019-12-09T02:39:56.800+0000][1][safepoint    ] Total time for which application threads were stopped: 0.0000884 seconds, Stopping threads took: 0.0000177 seconds
[2019-12-09T02:39:57.800+0000][1][safepoint    ] Application time: 1.0000760 seconds
[2019-12-09T02:39:57.800+0000][1][safepoint    ] Entering safepoint region: Cleanup
[2019-12-09T02:39:57.800+0000][1][safepoint    ] Leaving safepoint region
[2019-12-09T02:39:57.800+0000][1][safepoint    ] Total time for which application threads were stopped: 0.0000932 seconds, Stopping threads took: 0.0000202 seconds
[2019-12-09T02:39:59.800+0000][1][safepoint    ] Application time: 2.0001463 seconds
[2019-12-09T02:39:59.800+0000][1][safepoint    ] Entering safepoint region: Cleanup
[2019-12-09T02:39:59.800+0000][1][safepoint    ] Leaving safepoint region
[2019-12-09T02:39:59.800+0000][1][safepoint    ] Total time for which application threads were stopped: 0.0000876 seconds, Stopping threads took: 0.0000185 seconds
[2019-12-09T02:40:02.800+0000][1][safepoint    ] Application time: 3.0002102 seconds
[2019-12-09T02:40:02.800+0000][1][safepoint    ] Entering safepoint region: Cleanup
[2019-12-09T02:40:02.800+0000][1][safepoint    ] Leaving safepoint region
[2019-12-09T02:40:02.800+0000][1][safepoint    ] Total time for which application threads were stopped: 0.0000941 seconds, Stopping threads took: 0.0000204 seconds
[2019-12-09T02:40:03.801+0000][1][safepoint    ] Application time: 1.0000742 seconds
[2019-12-09T02:40:03.801+0000][1][safepoint    ] Entering safepoint region: Cleanup
[2019-12-09T02:40:03.801+0000][1][safepoint    ] Leaving safepoint region
[2019-12-09T02:40:03.801+0000][1][safepoint    ] Total time for which application threads were stopped: 0.0000994 seconds, Stopping threads took: 0.0000174 seconds
[2019-12-09T02:40:05.801+0000][1][safepoint    ] Application time: 2.0001534 seconds
[2019-12-09T02:40:05.801+0000][1][safepoint    ] Entering safepoint region: Cleanup
[2019-12-09T02:40:05.801+0000][1][safepoint    ] Leaving safepoint region
[2019-12-09T02:40:05.801+0000][1][safepoint    ] Total time for which application threads were stopped: 0.0000903 seconds, Stopping threads took: 0.0000195 seconds
[2019-12-09T02:40:08.801+0000][1][safepoint    ] Application time: 3.0002084 seconds
[2019-12-09T02:40:08.801+0000][1][safepoint    ] Entering safepoint region: Cleanup
[2019-12-09T02:40:08.801+0000][1][safepoint    ] Leaving safepoint region
[2019-12-09T02:40:08.801+0000][1][safepoint    ] Total time for which application threads were stopped: 0.0000938 seconds, Stopping threads took: 0.0000235 seconds
[2019-12-09T02:40:09.801+0000][1][safepoint    ] Application time: 1.0000775 seconds
[2019-12-09T02:40:09.801+0000][1][safepoint    ] Entering safepoint region: Cleanup
[2019-12-09T02:40:09.801+0000][1][safepoint    ] Leaving safepoint region
[2019-12-09T02:40:09.802+0000][1][safepoint    ] Total time for which application threads were stopped: 0.0000936 seconds, Stopping threads took: 0.0000190 seconds
[2019-12-09T02:40:18.802+0000][1][safepoint    ] Application time: 9.0006092 seconds
[2019-12-09T02:40:18.802+0000][1][safepoint    ] Entering safepoint region: Cleanup
[2019-12-09T02:40:18.802+0000][1][safepoint    ] Leaving safepoint region
[2019-12-09T02:40:18.802+0000][1][safepoint    ] Total time for which application threads were stopped: 0.0000955 seconds, Stopping threads took: 0.0000168 seconds
[2019-12-09T02:40:20.802+0000][1][safepoint    ] Application time: 2.0001415 seconds
[2019-12-09T02:40:20.802+0000][1][safepoint    ] Entering safepoint region: Cleanup
[2019-12-09T02:40:20.803+0000][1][safepoint    ] Leaving safepoint region
[2019-12-09T02:40:20.803+0000][1][safepoint    ] Total time for which application threads were stopped: 0.0000933 seconds, Stopping threads took: 0.0000188 seconds
[2019-12-09T02:40:24.962+0000][1][safepoint    ] Application time: 4.1598036 seconds
[2019-12-09T02:40:24.962+0000][1][safepoint    ] Entering safepoint region: RevokeBias
[2019-12-09T02:40:24.962+0000][1][safepoint    ] Leaving safepoint region
[2019-12-09T02:40:24.962+0000][1][safepoint    ] Total time for which application threads were stopped: 0.0000898 seconds, Stopping threads took: 0.0000157 seconds
[2019-12-09T02:40:25.963+0000][1][safepoint    ] Application time: 1.0000829 seconds
[2019-12-09T02:40:25.963+0000][1][safepoint    ] Entering safepoint region: Cleanup
[2019-12-09T02:40:25.963+0000][1][safepoint    ] Leaving safepoint region
[2019-12-09T02:40:25.963+0000][1][safepoint    ] Total time for which application threads were stopped: 0.0000843 seconds, Stopping threads took: 0.0000164 seconds
[2019-12-09T02:40:26.963+0000][1][safepoint    ] Application time: 1.0000880 seconds
[2019-12-09T02:40:26.963+0000][1][safepoint    ] Entering safepoint region: Cleanup
[2019-12-09T02:40:26.963+0000][1][safepoint    ] Leaving safepoint region
[2019-12-09T02:40:26.963+0000][1][safepoint    ] Total time for which application threads were stopped: 0.0000805 seconds, Stopping threads took: 0.0000179 seconds
[2019-12-09T02:40:27.963+0000][1][safepoint    ] Application time: 1.0000862 seconds
[2019-12-09T02:40:27.963+0000][1][safepoint    ] Entering safepoint region: Cleanup
[2019-12-09T02:40:27.963+0000][1][safepoint    ] Leaving safepoint region
[2019-12-09T02:40:27.963+0000][1][safepoint    ] Total time for which application threads were stopped: 0.0001182 seconds, Stopping threads took: 0.0000267 seconds
[2019-12-09T02:40:28.963+0000][1][safepoint    ] Application time: 1.0000796 seconds
[2019-12-09T02:40:28.963+0000][1][safepoint    ] Entering safepoint region: Cleanup
[2019-12-09T02:40:28.963+0000][1][safepoint    ] Leaving safepoint region
[2019-12-09T02:40:28.963+0000][1][safepoint    ] Total time for which application threads were stopped: 0.0000787 seconds, Stopping threads took: 0.0000175 seconds
[2019-12-09T02:40:29.963+0000][1][safepoint    ] Application time: 1.0000769 seconds
[2019-12-09T02:40:29.963+0000][1][safepoint    ] Entering safepoint region: Cleanup
[2019-12-09T02:40:29.964+0000][1][safepoint    ] Leaving safepoint region
[2019-12-09T02:40:29.964+0000][1][safepoint    ] Total time for which application threads were stopped: 0.0000830 seconds, Stopping threads took: 0.0000186 seconds
[2019-12-09T02:40:30.964+0000][1][safepoint    ] Application time: 1.0000753 seconds
[2019-12-09T02:40:30.964+0000][1][safepoint    ] Entering safepoint region: Cleanup
[2019-12-09T02:40:30.964+0000][1][safepoint    ] Leaving safepoint region
[2019-12-09T02:40:30.964+0000][1][safepoint    ] Total time for which application threads were stopped: 0.0000931 seconds, Stopping threads took: 0.0000159 seconds
[2019-12-09T02:40:31.964+0000][1][safepoint    ] Application time: 1.0000775 seconds
[2019-12-09T02:40:31.964+0000][1][safepoint    ] Entering safepoint region: Cleanup
[2019-12-09T02:40:31.964+0000][1][safepoint    ] Leaving safepoint region
[2019-12-09T02:40:31.964+0000][1][safepoint    ] Total time for which application threads were stopped: 0.0000792 seconds, Stopping threads took: 0.0000169 seconds
[2019-12-09T02:40:32.964+0000][1][safepoint    ] Application time: 1.0000758 seconds
[2019-12-09T02:40:32.964+0000][1][safepoint    ] Entering safepoint region: Cleanup
[2019-12-09T02:40:32.964+0000][1][safepoint    ] Leaving safepoint region
[2019-12-09T02:40:32.964+0000][1][safepoint    ] Total time for which application threads were stopped: 0.0000796 seconds, Stopping threads took: 0.0000177 seconds
[2019-12-09T02:40:33.964+0000][1][safepoint    ] Application time: 1.0000745 seconds
[2019-12-09T02:40:33.964+0000][1][safepoint    ] Entering safepoint region: Cleanup
[2019-12-09T02:40:33.964+0000][1][safepoint    ] Leaving safepoint region
[2019-12-09T02:40:33.964+0000][1][safepoint    ] Total time for which application threads were stopped: 0.0000762 seconds, Stopping threads took: 0.0000176 seconds
[2019-12-09T02:40:34.042+0000][1][safepoint    ] Application time: 0.0781134 seconds
[2019-12-09T02:40:34.042+0000][1][safepoint    ] Entering safepoint region: GenCollectForAllocation
[2019-12-09T02:40:34.043+0000][1][gc,start     ] GC(30) Pause Young (Allocation Failure)
[2019-12-09T02:40:34.043+0000][1][gc,task      ] GC(30) Using 2 workers of 2 for evacuation
[2019-12-09T02:40:34.051+0000][1][gc,age       ] GC(30) Desired survivor size 4456448 bytes, new threshold 6 (max threshold 6)
[2019-12-09T02:40:34.051+0000][1][gc,age       ] GC(30) Age table with threshold 6 (max threshold 6)
[2019-12-09T02:40:34.051+0000][1][gc,age       ] GC(30) - age   1:      77520 bytes,      77520 total
[2019-12-09T02:40:34.051+0000][1][gc,age       ] GC(30) - age   2:       3648 bytes,      81168 total
[2019-12-09T02:40:34.051+0000][1][gc,age       ] GC(30) - age   3:      11104 bytes,      92272 total
[2019-12-09T02:40:34.051+0000][1][gc,age       ] GC(30) - age   4:       3976 bytes,      96248 total
[2019-12-09T02:40:34.051+0000][1][gc,age       ] GC(30) - age   5:       6096 bytes,     102344 total
[2019-12-09T02:40:34.051+0000][1][gc,age       ] GC(30) - age   6:     409896 bytes,     512240 total
[2019-12-09T02:40:34.051+0000][1][gc,heap      ] GC(30) ParNew: 73491K->2372K(78656K)
[2019-12-09T02:40:34.051+0000][1][gc,heap      ] GC(30) CMS: 67754K->69675K(174784K)
[2019-12-09T02:40:34.051+0000][1][gc,metaspace ] GC(30) Metaspace: 71016K->71016K(1114112K)
[2019-12-09T02:40:34.051+0000][1][gc           ] GC(30) Pause Young (Allocation Failure) 137M->70M(247M) 8.438ms
[2019-12-09T02:40:34.051+0000][1][gc,cpu       ] GC(30) User=0.02s Sys=0.00s Real=0.01s
[2019-12-09T02:40:34.051+0000][1][safepoint    ] Leaving safepoint region
[2019-12-09T02:40:34.051+0000][1][safepoint    ] Total time for which application threads were stopped: 0.0085888 seconds, Stopping threads took: 0.0000166 seconds
[2019-12-09T02:40:35.051+0000][1][safepoint    ] Application time: 1.0000853 seconds
[2019-12-09T02:40:35.051+0000][1][safepoint    ] Entering safepoint region: Cleanup
[2019-12-09T02:40:35.051+0000][1][safepoint    ] Leaving safepoint region
[2019-12-09T02:40:35.051+0000][1][safepoint    ] Total time for which application threads were stopped: 0.0000848 seconds, Stopping threads took: 0.0000183 seconds
[2019-12-09T02:40:36.051+0000][1][safepoint    ] Application time: 1.0000754 seconds
[2019-12-09T02:40:36.051+0000][1][safepoint    ] Entering safepoint region: Cleanup
[2019-12-09T02:40:36.051+0000][1][safepoint    ] Leaving safepoint region
[2019-12-09T02:40:36.051+0000][1][safepoint    ] Total time for which application threads were stopped: 0.0000843 seconds, Stopping threads took: 0.0000200 seconds
[2019-12-09T02:40:37.052+0000][1][safepoint    ] Application time: 1.0000760 seconds
[2019-12-09T02:40:37.052+0000][1][safepoint    ] Entering safepoint region: Cleanup
[2019-12-09T02:40:37.052+0000][1][safepoint    ] Leaving safepoint region
[2019-12-09T02:40:37.052+0000][1][safepoint    ] Total time for which application threads were stopped: 0.0000823 seconds, Stopping threads took: 0.0000193 seconds
[2019-12-09T02:40:38.052+0000][1][safepoint    ] Application time: 1.0000752 seconds
[2019-12-09T02:40:38.052+0000][1][safepoint    ] Entering safepoint region: Cleanup
[2019-12-09T02:40:38.052+0000][1][safepoint    ] Leaving safepoint region
[2019-12-09T02:40:38.052+0000][1][safepoint    ] Total time for which application threads were stopped: 0.0001016 seconds, Stopping threads took: 0.0000187 seconds
[2019-12-09T02:40:39.054+0000][1][safepoint    ] Application time: 1.0023922 seconds
[2019-12-09T02:40:39.054+0000][1][safepoint    ] Entering safepoint region: Cleanup
[2019-12-09T02:40:39.054+0000][1][safepoint    ] Leaving safepoint region
[2019-12-09T02:40:39.054+0000][1][safepoint    ] Total time for which application threads were stopped: 0.0001306 seconds, Stopping threads took: 0.0000641 seconds
[2019-12-09T02:40:40.054+0000][1][safepoint    ] Application time: 1.0000833 seconds
[2019-12-09T02:40:40.055+0000][1][safepoint    ] Entering safepoint region: Cleanup
[2019-12-09T02:40:40.055+0000][1][safepoint    ] Leaving safepoint region
[2019-12-09T02:40:40.055+0000][1][safepoint    ] Total time for which application threads were stopped: 0.0000827 seconds, Stopping threads took: 0.0000190 seconds
[2019-12-09T02:40:41.055+0000][1][safepoint    ] Application time: 1.0000743 seconds
[2019-12-09T02:40:41.055+0000][1][safepoint    ] Entering safepoint region: Cleanup
[2019-12-09T02:40:41.055+0000][1][safepoint    ] Leaving safepoint region
[2019-12-09T02:40:41.055+0000][1][safepoint    ] Total time for which application threads were stopped: 0.0000833 seconds, Stopping threads took: 0.0000181 seconds
[2019-12-09T02:40:42.055+0000][1][safepoint    ] Application time: 1.0000754 seconds
[2019-12-09T02:40:42.055+0000][1][safepoint    ] Entering safepoint region: Cleanup
[2019-12-09T02:40:42.055+0000][1][safepoint    ] Leaving safepoint region
[2019-12-09T02:40:42.055+0000][1][safepoint    ] Total time for which application threads were stopped: 0.0000825 seconds, Stopping threads took: 0.0000185 seconds
[2019-12-09T02:40:43.055+0000][1][safepoint    ] Application time: 1.0000747 seconds
[2019-12-09T02:40:43.055+0000][1][safepoint    ] Entering safepoint region: Cleanup
[2019-12-09T02:40:43.055+0000][1][safepoint    ] Leaving safepoint region
[2019-12-09T02:40:43.055+0000][1][safepoint    ] Total time for which application threads were stopped: 0.0000900 seconds, Stopping threads took: 0.0000194 seconds
[2019-12-09T02:40:44.055+0000][1][safepoint    ] Application time: 1.0002689 seconds
[2019-12-09T02:40:44.056+0000][1][safepoint    ] Entering safepoint region: Cleanup
[2019-12-09T02:40:44.056+0000][1][safepoint    ] Leaving safepoint region
[2019-12-09T02:40:44.056+0000][1][safepoint    ] Total time for which application threads were stopped: 0.0001324 seconds, Stopping threads took: 0.0000649 seconds
[2019-12-09T02:40:45.056+0000][1][safepoint    ] Application time: 1.0000853 seconds
[2019-12-09T02:40:45.056+0000][1][safepoint    ] Entering safepoint region: Cleanup
[2019-12-09T02:40:45.056+0000][1][safepoint    ] Leaving safepoint region
[2019-12-09T02:40:45.056+0000][1][safepoint    ] Total time for which application threads were stopped: 0.0000891 seconds, Stopping threads took: 0.0000196 seconds
[2019-12-09T02:40:46.056+0000][1][safepoint    ] Application time: 1.0000762 seconds
[2019-12-09T02:40:46.056+0000][1][safepoint    ] Entering safepoint region: Cleanup
[2019-12-09T02:40:46.056+0000][1][safepoint    ] Leaving safepoint region
[2019-12-09T02:40:46.056+0000][1][safepoint    ] Total time for which application threads were stopped: 0.0000830 seconds, Stopping threads took: 0.0000171 seconds
[2019-12-09T02:40:47.056+0000][1][safepoint    ] Application time: 1.0000472 seconds
[2019-12-09T02:40:47.056+0000][1][safepoint    ] Entering safepoint region: Cleanup
[2019-12-09T02:40:47.056+0000][1][safepoint    ] Leaving safepoint region
[2019-12-09T02:40:47.056+0000][1][safepoint    ] Total time for which application threads were stopped: 0.0000833 seconds, Stopping threads took: 0.0000181 seconds
[2019-12-09T02:40:48.056+0000][1][safepoint    ] Application time: 1.0000766 seconds
[2019-12-09T02:40:48.056+0000][1][safepoint    ] Entering safepoint region: Cleanup
[2019-12-09T02:40:48.056+0000][1][safepoint    ] Leaving safepoint region
[2019-12-09T02:40:48.056+0000][1][safepoint    ] Total time for which application threads were stopped: 0.0000934 seconds, Stopping threads took: 0.0000181 seconds
[2019-12-09T02:40:49.057+0000][1][safepoint    ] Application time: 1.0000780 seconds
[2019-12-09T02:40:49.057+0000][1][safepoint    ] Entering safepoint region: Cleanup
[2019-12-09T02:40:49.057+0000][1][safepoint    ] Leaving safepoint region
[2019-12-09T02:40:49.057+0000][1][safepoint    ] Total time for which application threads were stopped: 0.0000836 seconds, Stopping threads took: 0.0000196 seconds
[2019-12-09T02:40:50.057+0000][1][safepoint    ] Application time: 1.0000763 seconds
[2019-12-09T02:40:50.057+0000][1][safepoint    ] Entering safepoint region: Cleanup
[2019-12-09T02:40:50.057+0000][1][safepoint    ] Leaving safepoint region
[2019-12-09T02:40:50.057+0000][1][safepoint    ] Total time for which application threads were stopped: 0.0000830 seconds, Stopping threads took: 0.0000189 seconds
[2019-12-09T02:40:51.057+0000][1][safepoint    ] Application time: 1.0000770 seconds
[2019-12-09T02:40:51.057+0000][1][safepoint    ] Entering safepoint region: Cleanup
[2019-12-09T02:40:51.057+0000][1][safepoint    ] Leaving safepoint region
[2019-12-09T02:40:51.057+0000][1][safepoint    ] Total time for which application threads were stopped: 0.0000821 seconds, Stopping threads took: 0.0000189 seconds
[2019-12-09T02:40:52.057+0000][1][safepoint    ] Application time: 1.0000772 seconds
[2019-12-09T02:40:52.057+0000][1][safepoint    ] Entering safepoint region: Cleanup
[2019-12-09T02:40:52.057+0000][1][safepoint    ] Leaving safepoint region
[2019-12-09T02:40:52.057+0000][1][safepoint    ] Total time for which application threads were stopped: 0.0000831 seconds, Stopping threads took: 0.0000182 seconds
[2019-12-09T02:40:53.057+0000][1][safepoint    ] Application time: 1.0000768 seconds
[2019-12-09T02:40:53.057+0000][1][safepoint    ] Entering safepoint region: Cleanup
[2019-12-09T02:40:53.057+0000][1][safepoint    ] Leaving safepoint region
[2019-12-09T02:40:53.057+0000][1][safepoint    ] Total time for which application threads were stopped: 0.0000842 seconds, Stopping threads took: 0.0000179 seconds
[2019-12-09T02:40:54.058+0000][1][safepoint    ] Application time: 1.0000770 seconds
[2019-12-09T02:40:54.058+0000][1][safepoint    ] Entering safepoint region: Cleanup
[2019-12-09T02:40:54.058+0000][1][safepoint    ] Leaving safepoint region
[2019-12-09T02:40:54.058+0000][1][safepoint    ] Total time for which application threads were stopped: 0.0000883 seconds, Stopping threads took: 0.0000194 seconds
[2019-12-09T02:40:55.058+0000][1][safepoint    ] Application time: 1.0000778 seconds
[2019-12-09T02:40:55.058+0000][1][safepoint    ] Entering safepoint region: Cleanup
[2019-12-09T02:40:55.058+0000][1][safepoint    ] Leaving safepoint region
[2019-12-09T02:40:55.058+0000][1][safepoint    ] Total time for which application threads were stopped: 0.0000914 seconds, Stopping threads took: 0.0000201 seconds
[2019-12-09T02:40:56.058+0000][1][safepoint    ] Application time: 1.0000773 seconds
[2019-12-09T02:40:56.058+0000][1][safepoint    ] Entering safepoint region: Cleanup
[2019-12-09T02:40:56.058+0000][1][safepoint    ] Leaving safepoint region
[2019-12-09T02:40:56.058+0000][1][safepoint    ] Total time for which application threads were stopped: 0.0000870 seconds, Stopping threads took: 0.0000194 seconds
[2019-12-09T02:40:57.058+0000][1][safepoint    ] Application time: 1.0000770 seconds
[2019-12-09T02:40:57.058+0000][1][safepoint    ] Entering safepoint region: Cleanup
[2019-12-09T02:40:57.058+0000][1][safepoint    ] Leaving safepoint region
[2019-12-09T02:40:57.058+0000][1][safepoint    ] Total time for which application threads were stopped: 0.0000847 seconds, Stopping threads took: 0.0000197 seconds
[2019-12-09T02:40:58.058+0000][1][safepoint    ] Application time: 1.0000764 seconds
[2019-12-09T02:40:58.058+0000][1][safepoint    ] Entering safepoint region: Cleanup
[2019-12-09T02:40:58.058+0000][1][safepoint    ] Leaving safepoint region
[2019-12-09T02:40:58.058+0000][1][safepoint    ] Total time for which application threads were stopped: 0.0000924 seconds, Stopping threads took: 0.0000185 seconds
[2019-12-09T02:40:59.059+0000][1][safepoint    ] Application time: 1.0000768 seconds
[2019-12-09T02:40:59.059+0000][1][safepoint    ] Entering safepoint region: Cleanup
[2019-12-09T02:40:59.059+0000][1][safepoint    ] Leaving safepoint region
[2019-12-09T02:40:59.059+0000][1][safepoint    ] Total time for which application threads were stopped: 0.0000942 seconds, Stopping threads took: 0.0000245 seconds
[2019-12-09T02:41:00.059+0000][1][safepoint    ] Application time: 1.0000863 seconds
[2019-12-09T02:41:00.059+0000][1][safepoint    ] Entering safepoint region: Cleanup
[2019-12-09T02:41:00.059+0000][1][safepoint    ] Leaving safepoint region
[2019-12-09T02:41:00.059+0000][1][safepoint    ] Total time for which application threads were stopped: 0.0000845 seconds, Stopping threads took: 0.0000191 seconds
[2019-12-09T02:41:01.059+0000][1][safepoint    ] Application time: 1.0000743 seconds
[2019-12-09T02:41:01.059+0000][1][safepoint    ] Entering safepoint region: Cleanup
[2019-12-09T02:41:01.059+0000][1][safepoint    ] Leaving safepoint region
[2019-12-09T02:41:01.059+0000][1][safepoint    ] Total time for which application threads were stopped: 0.0000921 seconds, Stopping threads took: 0.0000200 seconds
[2019-12-09T02:41:02.059+0000][1][safepoint    ] Application time: 1.0000779 seconds
[2019-12-09T02:41:02.059+0000][1][safepoint    ] Entering safepoint region: Cleanup
[2019-12-09T02:41:02.059+0000][1][safepoint    ] Leaving safepoint region
[2019-12-09T02:41:02.059+0000][1][safepoint    ] Total time for which application threads were stopped: 0.0000832 seconds, Stopping threads took: 0.0000184 seconds
[2019-12-09T02:41:03.059+0000][1][safepoint    ] Application time: 1.0000759 seconds
[2019-12-09T02:41:03.059+0000][1][safepoint    ] Entering safepoint region: Cleanup
[2019-12-09T02:41:03.059+0000][1][safepoint    ] Leaving safepoint region
[2019-12-09T02:41:03.060+0000][1][safepoint    ] Total time for which application threads were stopped: 0.0000855 seconds, Stopping threads took: 0.0000181 seconds
[2019-12-09T02:41:04.060+0000][1][safepoint    ] Application time: 1.0000762 seconds
[2019-12-09T02:41:04.060+0000][1][safepoint    ] Entering safepoint region: Cleanup
[2019-12-09T02:41:04.060+0000][1][safepoint    ] Leaving safepoint region
[2019-12-09T02:41:04.060+0000][1][safepoint    ] Total time for which application threads were stopped: 0.0001022 seconds, Stopping threads took: 0.0000181 seconds
[2019-12-09T02:41:05.060+0000][1][safepoint    ] Application time: 1.0000770 seconds
[2019-12-09T02:41:05.060+0000][1][safepoint    ] Entering safepoint region: Cleanup
[2019-12-09T02:41:05.060+0000][1][safepoint    ] Leaving safepoint region
[2019-12-09T02:41:05.060+0000][1][safepoint    ] Total time for which application threads were stopped: 0.0000849 seconds, Stopping threads took: 0.0000184 seconds
[2019-12-09T02:41:06.060+0000][1][safepoint    ] Application time: 1.0000739 seconds
[2019-12-09T02:41:06.060+0000][1][safepoint    ] Entering safepoint region: Cleanup
[2019-12-09T02:41:06.060+0000][1][safepoint    ] Leaving safepoint region
[2019-12-09T02:41:06.060+0000][1][safepoint    ] Total time for which application threads were stopped: 0.0000908 seconds, Stopping threads took: 0.0000192 seconds
[2019-12-09T02:41:07.060+0000][1][safepoint    ] Application time: 1.0000751 seconds
[2019-12-09T02:41:07.060+0000][1][safepoint    ] Entering safepoint region: Cleanup
[2019-12-09T02:41:07.060+0000][1][safepoint    ] Leaving safepoint region
[2019-12-09T02:41:07.060+0000][1][safepoint    ] Total time for which application threads were stopped: 0.0000842 seconds, Stopping threads took: 0.0000191 seconds
[2019-12-09T02:41:08.060+0000][1][safepoint    ] Application time: 1.0000754 seconds
[2019-12-09T02:41:08.060+0000][1][safepoint    ] Entering safepoint region: Cleanup
[2019-12-09T02:41:08.061+0000][1][safepoint    ] Leaving safepoint region
[2019-12-09T02:41:08.061+0000][1][safepoint    ] Total time for which application threads were stopped: 0.0000847 seconds, Stopping threads took: 0.0000189 seconds
[2019-12-09T02:41:09.061+0000][1][safepoint    ] Application time: 1.0000772 seconds
[2019-12-09T02:41:09.061+0000][1][safepoint    ] Entering safepoint region: Cleanup
[2019-12-09T02:41:09.061+0000][1][safepoint    ] Leaving safepoint region
[2019-12-09T02:41:09.061+0000][1][safepoint    ] Total time for which application threads were stopped: 0.0000896 seconds, Stopping threads took: 0.0000257 seconds
[2019-12-09T02:41:10.061+0000][1][safepoint    ] Application time: 1.0000750 seconds
[2019-12-09T02:41:10.061+0000][1][safepoint    ] Entering safepoint region: Cleanup
[2019-12-09T02:41:10.061+0000][1][safepoint    ] Leaving safepoint region
[2019-12-09T02:41:10.061+0000][1][safepoint    ] Total time for which application threads were stopped: 0.0000854 seconds, Stopping threads took: 0.0000183 seconds
[2019-12-09T02:41:11.061+0000][1][safepoint    ] Application time: 1.0000779 seconds
[2019-12-09T02:41:11.061+0000][1][safepoint    ] Entering safepoint region: Cleanup
[2019-12-09T02:41:11.061+0000][1][safepoint    ] Leaving safepoint region
[2019-12-09T02:41:11.061+0000][1][safepoint    ] Total time for which application threads were stopped: 0.0000915 seconds, Stopping threads took: 0.0000197 seconds
[2019-12-09T02:41:12.061+0000][1][safepoint    ] Application time: 1.0000752 seconds
[2019-12-09T02:41:12.061+0000][1][safepoint    ] Entering safepoint region: Cleanup
[2019-12-09T02:41:12.061+0000][1][safepoint    ] Leaving safepoint region
[2019-12-09T02:41:12.061+0000][1][safepoint    ] Total time for which application threads were stopped: 0.0000850 seconds, Stopping threads took: 0.0000195 seconds
[2019-12-09T02:41:13.061+0000][1][safepoint    ] Application time: 1.0000744 seconds
[2019-12-09T02:41:13.062+0000][1][safepoint    ] Entering safepoint region: Cleanup
[2019-12-09T02:41:13.062+0000][1][safepoint    ] Leaving safepoint region
[2019-12-09T02:41:13.062+0000][1][safepoint    ] Total time for which application threads were stopped: 0.0000853 seconds, Stopping threads took: 0.0000192 seconds
[2019-12-09T02:41:14.062+0000][1][safepoint    ] Application time: 1.0000754 seconds
[2019-12-09T02:41:14.062+0000][1][safepoint    ] Entering safepoint region: Cleanup
[2019-12-09T02:41:14.062+0000][1][safepoint    ] Leaving safepoint region
[2019-12-09T02:41:14.062+0000][1][safepoint    ] Total time for which application threads were stopped: 0.0000874 seconds, Stopping threads took: 0.0000188 seconds
[2019-12-09T02:41:15.062+0000][1][safepoint    ] Application time: 1.0000791 seconds
[2019-12-09T02:41:15.062+0000][1][safepoint    ] Entering safepoint region: Cleanup
[2019-12-09T02:41:15.062+0000][1][safepoint    ] Leaving safepoint region
[2019-12-09T02:41:15.062+0000][1][safepoint    ] Total time for which application threads were stopped: 0.0000868 seconds, Stopping threads took: 0.0000194 seconds
[2019-12-09T02:41:16.062+0000][1][safepoint    ] Application time: 1.0000763 seconds
[2019-12-09T02:41:16.062+0000][1][safepoint    ] Entering safepoint region: Cleanup
[2019-12-09T02:41:16.062+0000][1][safepoint    ] Leaving safepoint region
[2019-12-09T02:41:16.062+0000][1][safepoint    ] Total time for which application threads were stopped: 0.0000845 seconds, Stopping threads took: 0.0000182 seconds
[2019-12-09T02:41:17.062+0000][1][safepoint    ] Application time: 1.0000766 seconds
[2019-12-09T02:41:17.062+0000][1][safepoint    ] Entering safepoint region: Cleanup
[2019-12-09T02:41:17.062+0000][1][safepoint    ] Leaving safepoint region
[2019-12-09T02:41:17.062+0000][1][safepoint    ] Total time for which application threads were stopped: 0.0000847 seconds, Stopping threads took: 0.0000192 seconds
[2019-12-09T02:41:18.062+0000][1][safepoint    ] Application time: 1.0000755 seconds
[2019-12-09T02:41:18.063+0000][1][safepoint    ] Entering safepoint region: Cleanup
[2019-12-09T02:41:18.063+0000][1][safepoint    ] Leaving safepoint region
[2019-12-09T02:41:18.063+0000][1][safepoint    ] Total time for which application threads were stopped: 0.0000833 seconds, Stopping threads took: 0.0000191 seconds
[2019-12-09T02:41:19.063+0000][1][safepoint    ] Application time: 1.0000753 seconds
[2019-12-09T02:41:19.063+0000][1][safepoint    ] Entering safepoint region: Cleanup
[2019-12-09T02:41:19.063+0000][1][safepoint    ] Leaving safepoint region
[2019-12-09T02:41:19.063+0000][1][safepoint    ] Total time for which application threads were stopped: 0.0000902 seconds, Stopping threads took: 0.0000179 seconds
[2019-12-09T02:41:20.063+0000][1][safepoint    ] Application time: 1.0000752 seconds
[2019-12-09T02:41:20.063+0000][1][safepoint    ] Entering safepoint region: Cleanup
[2019-12-09T02:41:20.063+0000][1][safepoint    ] Leaving safepoint region
[2019-12-09T02:41:20.063+0000][1][safepoint    ] Total time for which application threads were stopped: 0.0000833 seconds, Stopping threads took: 0.0000177 seconds
[2019-12-09T02:41:21.063+0000][1][safepoint    ] Application time: 1.0000787 seconds
[2019-12-09T02:41:21.063+0000][1][safepoint    ] Entering safepoint region: Cleanup
[2019-12-09T02:41:21.063+0000][1][safepoint    ] Leaving safepoint region
[2019-12-09T02:41:21.063+0000][1][safepoint    ] Total time for which application threads were stopped: 0.0000848 seconds, Stopping threads took: 0.0000188 seconds
[2019-12-09T02:41:22.063+0000][1][safepoint    ] Application time: 1.0000761 seconds
[2019-12-09T02:41:22.063+0000][1][safepoint    ] Entering safepoint region: Cleanup
[2019-12-09T02:41:22.063+0000][1][safepoint    ] Leaving safepoint region
[2019-12-09T02:41:22.063+0000][1][safepoint    ] Total time for which application threads were stopped: 0.0000864 seconds, Stopping threads took: 0.0000202 seconds
[2019-12-09T02:41:23.064+0000][1][safepoint    ] Application time: 1.0000771 seconds
[2019-12-09T02:41:23.064+0000][1][safepoint    ] Entering safepoint region: Cleanup
[2019-12-09T02:41:23.064+0000][1][safepoint    ] Leaving safepoint region
[2019-12-09T02:41:23.064+0000][1][safepoint    ] Total time for which application threads were stopped: 0.0000826 seconds, Stopping threads took: 0.0000188 seconds
[2019-12-09T02:41:24.064+0000][1][safepoint    ] Application time: 1.0000781 seconds
[2019-12-09T02:41:24.064+0000][1][safepoint    ] Entering safepoint region: Cleanup
[2019-12-09T02:41:24.064+0000][1][safepoint    ] Leaving safepoint region
[2019-12-09T02:41:24.064+0000][1][safepoint    ] Total time for which application threads were stopped: 0.0000852 seconds, Stopping threads took: 0.0000186 seconds
[2019-12-09T02:41:25.064+0000][1][safepoint    ] Application time: 1.0000767 seconds
[2019-12-09T02:41:25.064+0000][1][safepoint    ] Entering safepoint region: Cleanup
[2019-12-09T02:41:25.064+0000][1][safepoint    ] Leaving safepoint region
[2019-12-09T02:41:25.064+0000][1][safepoint    ] Total time for which application threads were stopped: 0.0000854 seconds, Stopping threads took: 0.0000196 seconds
[2019-12-09T02:41:26.064+0000][1][safepoint    ] Application time: 1.0000662 seconds
[2019-12-09T02:41:26.064+0000][1][safepoint    ] Entering safepoint region: Cleanup
[2019-12-09T02:41:26.064+0000][1][safepoint    ] Leaving safepoint region
[2019-12-09T02:41:26.064+0000][1][safepoint    ] Total time for which application threads were stopped: 0.0000829 seconds, Stopping threads took: 0.0000177 seconds
[2019-12-09T02:41:27.064+0000][1][safepoint    ] Application time: 1.0000780 seconds
[2019-12-09T02:41:27.064+0000][1][safepoint    ] Entering safepoint region: Cleanup
[2019-12-09T02:41:27.064+0000][1][safepoint    ] Leaving safepoint region
[2019-12-09T02:41:27.064+0000][1][safepoint    ] Total time for which application threads were stopped: 0.0000834 seconds, Stopping threads took: 0.0000182 seconds
[2019-12-09T02:41:28.065+0000][1][safepoint    ] Application time: 1.0000761 seconds
[2019-12-09T02:41:28.065+0000][1][safepoint    ] Entering safepoint region: Cleanup
[2019-12-09T02:41:28.065+0000][1][safepoint    ] Leaving safepoint region
[2019-12-09T02:41:28.065+0000][1][safepoint    ] Total time for which application threads were stopped: 0.0000822 seconds, Stopping threads took: 0.0000185 seconds
[2019-12-09T02:41:29.065+0000][1][safepoint    ] Application time: 1.0000786 seconds
[2019-12-09T02:41:29.065+0000][1][safepoint    ] Entering safepoint region: Cleanup
[2019-12-09T02:41:29.065+0000][1][safepoint    ] Leaving safepoint region
[2019-12-09T02:41:29.065+0000][1][safepoint    ] Total time for which application threads were stopped: 0.0000831 seconds, Stopping threads took: 0.0000187 seconds
[2019-12-09T02:41:30.065+0000][1][safepoint    ] Application time: 1.0000780 seconds
[2019-12-09T02:41:30.065+0000][1][safepoint    ] Entering safepoint region: Cleanup
[2019-12-09T02:41:30.065+0000][1][safepoint    ] Leaving safepoint region
[2019-12-09T02:41:30.065+0000][1][safepoint    ] Total time for which application threads were stopped: 0.0000848 seconds, Stopping threads took: 0.0000184 seconds
[2019-12-09T02:41:31.065+0000][1][safepoint    ] Application time: 1.0000788 seconds
[2019-12-09T02:41:31.065+0000][1][safepoint    ] Entering safepoint region: Cleanup
[2019-12-09T02:41:31.065+0000][1][safepoint    ] Leaving safepoint region
[2019-12-09T02:41:31.065+0000][1][safepoint    ] Total time for which application threads were stopped: 0.0000845 seconds, Stopping threads took: 0.0000193 seconds
[2019-12-09T02:41:32.065+0000][1][safepoint    ] Application time: 1.0000783 seconds
[2019-12-09T02:41:32.065+0000][1][safepoint    ] Entering safepoint region: Cleanup
[2019-12-09T02:41:32.065+0000][1][safepoint    ] Leaving safepoint region
[2019-12-09T02:41:32.065+0000][1][safepoint    ] Total time for which application threads were stopped: 0.0000834 seconds, Stopping threads took: 0.0000186 seconds
[2019-12-09T02:41:33.066+0000][1][safepoint    ] Application time: 1.0000773 seconds
[2019-12-09T02:41:33.066+0000][1][safepoint    ] Entering safepoint region: Cleanup
[2019-12-09T02:41:33.066+0000][1][safepoint    ] Leaving safepoint region
[2019-12-09T02:41:33.066+0000][1][safepoint    ] Total time for which application threads were stopped: 0.0001021 seconds, Stopping threads took: 0.0000193 seconds
[2019-12-09T02:41:34.066+0000][1][safepoint    ] Application time: 1.0000757 seconds
[2019-12-09T02:41:34.066+0000][1][safepoint    ] Entering safepoint region: Cleanup
[2019-12-09T02:41:34.066+0000][1][safepoint    ] Leaving safepoint region
[2019-12-09T02:41:34.066+0000][1][safepoint    ] Total time for which application threads were stopped: 0.0000854 seconds, Stopping threads took: 0.0000185 seconds
[2019-12-09T02:41:35.066+0000][1][safepoint    ] Application time: 1.0000760 seconds
[2019-12-09T02:41:35.066+0000][1][safepoint    ] Entering safepoint region: Cleanup
[2019-12-09T02:41:35.066+0000][1][safepoint    ] Leaving safepoint region
[2019-12-09T02:41:35.066+0000][1][safepoint    ] Total time for which application threads were stopped: 0.0000873 seconds, Stopping threads took: 0.0000201 seconds
[2019-12-09T02:41:36.066+0000][1][safepoint    ] Application time: 1.0000839 seconds
[2019-12-09T02:41:36.066+0000][1][safepoint    ] Entering safepoint region: Cleanup
[2019-12-09T02:41:36.066+0000][1][safepoint    ] Leaving safepoint region
[2019-12-09T02:41:36.066+0000][1][safepoint    ] Total time for which application threads were stopped: 0.0000920 seconds, Stopping threads took: 0.0000240 seconds
[2019-12-09T02:41:37.066+0000][1][safepoint    ] Application time: 1.0000768 seconds
[2019-12-09T02:41:37.066+0000][1][safepoint    ] Entering safepoint region: Cleanup
[2019-12-09T02:41:37.067+0000][1][safepoint    ] Leaving safepoint region
[2019-12-09T02:41:37.067+0000][1][safepoint    ] Total time for which application threads were stopped: 0.0000856 seconds, Stopping threads took: 0.0000185 seconds
[2019-12-09T02:41:38.067+0000][1][safepoint    ] Application time: 1.0000771 seconds
[2019-12-09T02:41:38.067+0000][1][safepoint    ] Entering safepoint region: Cleanup
[2019-12-09T02:41:38.067+0000][1][safepoint    ] Leaving safepoint region
[2019-12-09T02:41:38.067+0000][1][safepoint    ] Total time for which application threads were stopped: 0.0000975 seconds, Stopping threads took: 0.0000315 seconds
[2019-12-09T02:41:39.067+0000][1][safepoint    ] Application time: 1.0000764 seconds
[2019-12-09T02:41:39.067+0000][1][safepoint    ] Entering safepoint region: Cleanup
[2019-12-09T02:41:39.067+0000][1][safepoint    ] Leaving safepoint region
[2019-12-09T02:41:39.067+0000][1][safepoint    ] Total time for which application threads were stopped: 0.0000884 seconds, Stopping threads took: 0.0000233 seconds
[2019-12-09T02:41:40.067+0000][1][safepoint    ] Application time: 1.0000777 seconds
[2019-12-09T02:41:40.067+0000][1][safepoint    ] Entering safepoint region: Cleanup
[2019-12-09T02:41:40.067+0000][1][safepoint    ] Leaving safepoint region
[2019-12-09T02:41:40.067+0000][1][safepoint    ] Total time for which application threads were stopped: 0.0000825 seconds, Stopping threads took: 0.0000185 seconds
[2019-12-09T02:41:41.067+0000][1][safepoint    ] Application time: 1.0000749 seconds
[2019-12-09T02:41:41.067+0000][1][safepoint    ] Entering safepoint region: Cleanup
[2019-12-09T02:41:41.067+0000][1][safepoint    ] Leaving safepoint region
[2019-12-09T02:41:41.067+0000][1][safepoint    ] Total time for which application threads were stopped: 0.0000828 seconds, Stopping threads took: 0.0000198 seconds
[2019-12-09T02:41:42.067+0000][1][safepoint    ] Application time: 1.0000766 seconds
[2019-12-09T02:41:42.067+0000][1][safepoint    ] Entering safepoint region: Cleanup
[2019-12-09T02:41:42.068+0000][1][safepoint    ] Leaving safepoint region
[2019-12-09T02:41:42.068+0000][1][safepoint    ] Total time for which application threads were stopped: 0.0000851 seconds, Stopping threads took: 0.0000189 seconds
[2019-12-09T02:41:43.068+0000][1][safepoint    ] Application time: 1.0000761 seconds
[2019-12-09T02:41:43.068+0000][1][safepoint    ] Entering safepoint region: Cleanup
[2019-12-09T02:41:43.068+0000][1][safepoint    ] Leaving safepoint region
[2019-12-09T02:41:43.068+0000][1][safepoint    ] Total time for which application threads were stopped: 0.0000925 seconds, Stopping threads took: 0.0000198 seconds
[2019-12-09T02:41:44.068+0000][1][safepoint    ] Application time: 1.0000777 seconds
[2019-12-09T02:41:44.068+0000][1][safepoint    ] Entering safepoint region: Cleanup
[2019-12-09T02:41:44.068+0000][1][safepoint    ] Leaving safepoint region
[2019-12-09T02:41:44.068+0000][1][safepoint    ] Total time for which application threads were stopped: 0.0000869 seconds, Stopping threads took: 0.0000195 seconds
[2019-12-09T02:41:44.079+0000][1][safepoint    ] Application time: 0.0113283 seconds
[2019-12-09T02:41:44.079+0000][1][safepoint    ] Entering safepoint region: GenCollectForAllocation
[2019-12-09T02:41:44.079+0000][1][gc,start     ] GC(31) Pause Young (Allocation Failure)
[2019-12-09T02:41:44.080+0000][1][gc,task      ] GC(31) Using 2 workers of 2 for evacuation
[2019-12-09T02:41:44.083+0000][1][gc,age       ] GC(31) Desired survivor size 4456448 bytes, new threshold 6 (max threshold 6)
[2019-12-09T02:41:44.083+0000][1][gc,age       ] GC(31) Age table with threshold 6 (max threshold 6)
[2019-12-09T02:41:44.083+0000][1][gc,age       ] GC(31) - age   1:      76472 bytes,      76472 total
[2019-12-09T02:41:44.083+0000][1][gc,age       ] GC(31) - age   2:       3608 bytes,      80080 total
[2019-12-09T02:41:44.083+0000][1][gc,age       ] GC(31) - age   3:       3552 bytes,      83632 total
[2019-12-09T02:41:44.083+0000][1][gc,age       ] GC(31) - age   4:      11016 bytes,      94648 total
[2019-12-09T02:41:44.083+0000][1][gc,age       ] GC(31) - age   5:       3976 bytes,      98624 total
[2019-12-09T02:41:44.083+0000][1][gc,age       ] GC(31) - age   6:       6096 bytes,     104720 total
[2019-12-09T02:41:44.083+0000][1][gc,heap      ] GC(31) ParNew: 72324K->718K(78656K)
[2019-12-09T02:41:44.083+0000][1][gc,heap      ] GC(31) CMS: 69675K->70081K(174784K)
[2019-12-09T02:41:44.083+0000][1][gc,metaspace ] GC(31) Metaspace: 71040K->71040K(1114112K)
[2019-12-09T02:41:44.083+0000][1][gc           ] GC(31) Pause Young (Allocation Failure) 138M->69M(247M) 3.386ms
[2019-12-09T02:41:44.083+0000][1][gc,cpu       ] GC(31) User=0.01s Sys=0.00s Real=0.00s
[2019-12-09T02:41:44.083+0000][1][safepoint    ] Leaving safepoint region
[2019-12-09T02:41:44.083+0000][1][safepoint    ] Total time for which application threads were stopped: 0.0035639 seconds, Stopping threads took: 0.0000203 seconds
[2019-12-09T02:41:45.083+0000][1][safepoint    ] Application time: 1.0000916 seconds
[2019-12-09T02:41:45.083+0000][1][safepoint    ] Entering safepoint region: Cleanup
[2019-12-09T02:41:45.083+0000][1][safepoint    ] Leaving safepoint region
[2019-12-09T02:41:45.083+0000][1][safepoint    ] Total time for which application threads were stopped: 0.0000868 seconds, Stopping threads took: 0.0000199 seconds
[2019-12-09T02:41:46.083+0000][1][safepoint    ] Application time: 1.0000783 seconds
[2019-12-09T02:41:46.083+0000][1][safepoint    ] Entering safepoint region: Cleanup
[2019-12-09T02:41:46.083+0000][1][safepoint    ] Leaving safepoint region
[2019-12-09T02:41:46.083+0000][1][safepoint    ] Total time for which application threads were stopped: 0.0000914 seconds, Stopping threads took: 0.0000203 seconds
[2019-12-09T02:41:47.083+0000][1][safepoint    ] Application time: 1.0000770 seconds
[2019-12-09T02:41:47.083+0000][1][safepoint    ] Entering safepoint region: Cleanup
[2019-12-09T02:41:47.084+0000][1][safepoint    ] Leaving safepoint region
[2019-12-09T02:41:47.084+0000][1][safepoint    ] Total time for which application threads were stopped: 0.0000821 seconds, Stopping threads took: 0.0000187 seconds
[2019-12-09T02:41:48.084+0000][1][safepoint    ] Application time: 1.0000769 seconds
[2019-12-09T02:41:48.084+0000][1][safepoint    ] Entering safepoint region: Cleanup
[2019-12-09T02:41:48.084+0000][1][safepoint    ] Leaving safepoint region
[2019-12-09T02:41:48.084+0000][1][safepoint    ] Total time for which application threads were stopped: 0.0000977 seconds, Stopping threads took: 0.0000332 seconds
[2019-12-09T02:41:49.084+0000][1][safepoint    ] Application time: 1.0000339 seconds
[2019-12-09T02:41:49.084+0000][1][safepoint    ] Entering safepoint region: Cleanup
[2019-12-09T02:41:49.084+0000][1][safepoint    ] Leaving safepoint region
[2019-12-09T02:41:49.084+0000][1][safepoint    ] Total time for which application threads were stopped: 0.0001278 seconds, Stopping threads took: 0.0000602 seconds
[2019-12-09T02:41:50.084+0000][1][safepoint    ] Application time: 1.0000827 seconds
[2019-12-09T02:41:50.084+0000][1][safepoint    ] Entering safepoint region: Cleanup
[2019-12-09T02:41:50.084+0000][1][safepoint    ] Leaving safepoint region
[2019-12-09T02:41:50.084+0000][1][safepoint    ] Total time for which application threads were stopped: 0.0000859 seconds, Stopping threads took: 0.0000189 seconds
[2019-12-09T02:41:51.084+0000][1][safepoint    ] Application time: 1.0000783 seconds
[2019-12-09T02:41:51.084+0000][1][safepoint    ] Entering safepoint region: Cleanup
[2019-12-09T02:41:51.084+0000][1][safepoint    ] Leaving safepoint region
[2019-12-09T02:41:51.084+0000][1][safepoint    ] Total time for which application threads were stopped: 0.0000838 seconds, Stopping threads took: 0.0000179 seconds
[2019-12-09T02:41:52.084+0000][1][safepoint    ] Application time: 1.0000766 seconds
[2019-12-09T02:41:52.085+0000][1][safepoint    ] Entering safepoint region: Cleanup
[2019-12-09T02:41:52.085+0000][1][safepoint    ] Leaving safepoint region
[2019-12-09T02:41:52.085+0000][1][safepoint    ] Total time for which application threads were stopped: 0.0000856 seconds, Stopping threads took: 0.0000189 seconds
[2019-12-09T02:41:53.085+0000][1][safepoint    ] Application time: 1.0000834 seconds
[2019-12-09T02:41:53.085+0000][1][safepoint    ] Entering safepoint region: Cleanup
[2019-12-09T02:41:53.085+0000][1][safepoint    ] Leaving safepoint region
[2019-12-09T02:41:53.085+0000][1][safepoint    ] Total time for which application threads were stopped: 0.0000842 seconds, Stopping threads took: 0.0000171 seconds
[2019-12-09T02:41:54.085+0000][1][safepoint    ] Application time: 1.0000763 seconds
[2019-12-09T02:41:54.085+0000][1][safepoint    ] Entering safepoint region: Cleanup
[2019-12-09T02:41:54.085+0000][1][safepoint    ] Leaving safepoint region
[2019-12-09T02:41:54.085+0000][1][safepoint    ] Total time for which application threads were stopped: 0.0000908 seconds, Stopping threads took: 0.0000265 seconds
[2019-12-09T02:41:55.085+0000][1][safepoint    ] Application time: 1.0000758 seconds
[2019-12-09T02:41:55.085+0000][1][safepoint    ] Entering safepoint region: Cleanup
[2019-12-09T02:41:55.085+0000][1][safepoint    ] Leaving safepoint region
[2019-12-09T02:41:55.085+0000][1][safepoint    ] Total time for which application threads were stopped: 0.0000858 seconds, Stopping threads took: 0.0000180 seconds
[2019-12-09T02:41:56.085+0000][1][safepoint    ] Application time: 1.0000780 seconds
[2019-12-09T02:41:56.085+0000][1][safepoint    ] Entering safepoint region: Cleanup
[2019-12-09T02:41:56.085+0000][1][safepoint    ] Leaving safepoint region
[2019-12-09T02:41:56.085+0000][1][safepoint    ] Total time for which application threads were stopped: 0.0000833 seconds, Stopping threads took: 0.0000182 seconds
[2019-12-09T02:41:57.086+0000][1][safepoint    ] Application time: 1.0000766 seconds
[2019-12-09T02:41:57.086+0000][1][safepoint    ] Entering safepoint region: Cleanup
[2019-12-09T02:41:57.086+0000][1][safepoint    ] Leaving safepoint region
[2019-12-09T02:41:57.086+0000][1][safepoint    ] Total time for which application threads were stopped: 0.0000841 seconds, Stopping threads took: 0.0000178 seconds
[2019-12-09T02:41:58.086+0000][1][safepoint    ] Application time: 1.0000755 seconds
[2019-12-09T02:41:58.086+0000][1][safepoint    ] Entering safepoint region: Cleanup
[2019-12-09T02:41:58.086+0000][1][safepoint    ] Leaving safepoint region
[2019-12-09T02:41:58.086+0000][1][safepoint    ] Total time for which application threads were stopped: 0.0000833 seconds, Stopping threads took: 0.0000181 seconds
[2019-12-09T02:41:59.086+0000][1][safepoint    ] Application time: 1.0000822 seconds
[2019-12-09T02:41:59.086+0000][1][safepoint    ] Entering safepoint region: Cleanup
[2019-12-09T02:41:59.086+0000][1][safepoint    ] Leaving safepoint region
[2019-12-09T02:41:59.086+0000][1][safepoint    ] Total time for which application threads were stopped: 0.0000931 seconds, Stopping threads took: 0.0000195 seconds
[2019-12-09T02:42:02.086+0000][1][safepoint    ] Application time: 3.0002124 seconds
[2019-12-09T02:42:02.086+0000][1][safepoint    ] Entering safepoint region: Cleanup
[2019-12-09T02:42:02.086+0000][1][safepoint    ] Leaving safepoint region
[2019-12-09T02:42:02.086+0000][1][safepoint    ] Total time for which application threads were stopped: 0.0000923 seconds, Stopping threads took: 0.0000185 seconds
[2019-12-09T02:42:10.087+0000][1][safepoint    ] Application time: 8.0005547 seconds
[2019-12-09T02:42:10.087+0000][1][safepoint    ] Entering safepoint region: Cleanup
[2019-12-09T02:42:10.087+0000][1][safepoint    ] Leaving safepoint region
[2019-12-09T02:42:10.087+0000][1][safepoint    ] Total time for which application threads were stopped: 0.0000987 seconds, Stopping threads took: 0.0000273 seconds
[2019-12-09T02:42:20.088+0000][1][safepoint    ] Application time: 10.0006962 seconds
[2019-12-09T02:42:20.088+0000][1][safepoint    ] Entering safepoint region: Cleanup
[2019-12-09T02:42:20.088+0000][1][safepoint    ] Leaving safepoint region
[2019-12-09T02:42:20.088+0000][1][safepoint    ] Total time for which application threads were stopped: 0.0000886 seconds, Stopping threads took: 0.0000194 seconds
[2019-12-09T02:42:24.088+0000][1][safepoint    ] Application time: 4.0002778 seconds
[2019-12-09T02:42:24.088+0000][1][safepoint    ] Entering safepoint region: Cleanup
[2019-12-09T02:42:24.088+0000][1][safepoint    ] Leaving safepoint region
[2019-12-09T02:42:24.088+0000][1][safepoint    ] Total time for which application threads were stopped: 0.0000829 seconds, Stopping threads took: 0.0000165 seconds
[2019-12-09T02:42:26.088+0000][1][safepoint    ] Application time: 2.0001497 seconds
[2019-12-09T02:42:26.089+0000][1][safepoint    ] Entering safepoint region: Cleanup
[2019-12-09T02:42:26.089+0000][1][safepoint    ] Leaving safepoint region
[2019-12-09T02:42:26.089+0000][1][safepoint    ] Total time for which application threads were stopped: 0.0000913 seconds, Stopping threads took: 0.0000244 seconds
[2019-12-09T02:42:40.090+0000][1][safepoint    ] Application time: 14.0009516 seconds
[2019-12-09T02:42:40.090+0000][1][safepoint    ] Entering safepoint region: Cleanup
[2019-12-09T02:42:40.090+0000][1][safepoint    ] Leaving safepoint region
[2019-12-09T02:42:40.090+0000][1][safepoint    ] Total time for which application threads were stopped: 0.0000990 seconds, Stopping threads took: 0.0000176 seconds
[2019-12-09T02:42:42.090+0000][1][safepoint    ] Application time: 2.0001420 seconds
[2019-12-09T02:42:42.090+0000][1][safepoint    ] Entering safepoint region: Cleanup
[2019-12-09T02:42:42.090+0000][1][safepoint    ] Leaving safepoint region
[2019-12-09T02:42:42.090+0000][1][safepoint    ] Total time for which application threads were stopped: 0.0000849 seconds, Stopping threads took: 0.0000172 seconds
[2019-12-09T02:42:54.109+0000][1][safepoint    ] Application time: 12.0194577 seconds
[2019-12-09T02:42:54.109+0000][1][safepoint    ] Entering safepoint region: GenCollectForAllocation
[2019-12-09T02:42:54.110+0000][1][gc,start     ] GC(32) Pause Young (Allocation Failure)
[2019-12-09T02:42:54.110+0000][1][gc,task      ] GC(32) Using 2 workers of 2 for evacuation
[2019-12-09T02:42:54.111+0000][1][gc,age       ] GC(32) Desired survivor size 4456448 bytes, new threshold 6 (max threshold 6)
[2019-12-09T02:42:54.111+0000][1][gc,age       ] GC(32) Age table with threshold 6 (max threshold 6)
[2019-12-09T02:42:54.111+0000][1][gc,age       ] GC(32) - age   1:      74208 bytes,      74208 total
[2019-12-09T02:42:54.111+0000][1][gc,age       ] GC(32) - age   2:       1752 bytes,      75960 total
[2019-12-09T02:42:54.111+0000][1][gc,age       ] GC(32) - age   3:       3608 bytes,      79568 total
[2019-12-09T02:42:54.111+0000][1][gc,age       ] GC(32) - age   4:       3464 bytes,      83032 total
[2019-12-09T02:42:54.111+0000][1][gc,age       ] GC(32) - age   5:      11016 bytes,      94048 total
[2019-12-09T02:42:54.111+0000][1][gc,age       ] GC(32) - age   6:       3976 bytes,      98024 total
[2019-12-09T02:42:54.111+0000][1][gc,heap      ] GC(32) ParNew: 70670K->198K(78656K)
[2019-12-09T02:42:54.111+0000][1][gc,heap      ] GC(32) CMS: 70081K->70087K(174784K)
[2019-12-09T02:42:54.111+0000][1][gc,metaspace ] GC(32) Metaspace: 71075K->71075K(1114112K)
[2019-12-09T02:42:54.111+0000][1][gc           ] GC(32) Pause Young (Allocation Failure) 137M->68M(247M) 1.855ms
[2019-12-09T02:42:54.111+0000][1][gc,cpu       ] GC(32) User=0.00s Sys=0.00s Real=0.00s
[2019-12-09T02:42:54.111+0000][1][safepoint    ] Leaving safepoint region
[2019-12-09T02:42:54.111+0000][1][safepoint    ] Total time for which application threads were stopped: 0.0020119 seconds, Stopping threads took: 0.0000232 seconds
[2019-12-09T02:42:59.112+0000][1][safepoint    ] Application time: 5.0003573 seconds
[2019-12-09T02:42:59.112+0000][1][safepoint    ] Entering safepoint region: Cleanup
[2019-12-09T02:42:59.112+0000][1][safepoint    ] Leaving safepoint region
[2019-12-09T02:42:59.112+0000][1][safepoint    ] Total time for which application threads were stopped: 0.0000952 seconds, Stopping threads took: 0.0000165 seconds
[2019-12-09T02:43:02.115+0000][1][safepoint    ] Application time: 3.0026572 seconds
[2019-12-09T02:43:02.115+0000][1][safepoint    ] Entering safepoint region: Cleanup
[2019-12-09T02:43:02.115+0000][1][safepoint    ] Leaving safepoint region
[2019-12-09T02:43:02.115+0000][1][safepoint    ] Total time for which application threads were stopped: 0.0001377 seconds, Stopping threads took: 0.0000403 seconds
[2019-12-09T02:43:07.115+0000][1][safepoint    ] Application time: 5.0003534 seconds
[2019-12-09T02:43:07.115+0000][1][safepoint    ] Entering safepoint region: Cleanup
[2019-12-09T02:43:07.115+0000][1][safepoint    ] Leaving safepoint region
[2019-12-09T02:43:07.115+0000][1][safepoint    ] Total time for which application threads were stopped: 0.0000919 seconds, Stopping threads took: 0.0000180 seconds
[2019-12-09T02:43:09.115+0000][1][safepoint    ] Application time: 2.0001435 seconds
[2019-12-09T02:43:09.115+0000][1][safepoint    ] Entering safepoint region: Cleanup
[2019-12-09T02:43:09.116+0000][1][safepoint    ] Leaving safepoint region
[2019-12-09T02:43:09.116+0000][1][safepoint    ] Total time for which application threads were stopped: 0.0000874 seconds, Stopping threads took: 0.0000168 seconds
[2019-12-09T02:43:11.116+0000][1][safepoint    ] Application time: 2.0001448 seconds
[2019-12-09T02:43:11.116+0000][1][safepoint    ] Entering safepoint region: Cleanup
[2019-12-09T02:43:11.116+0000][1][safepoint    ] Leaving safepoint region
[2019-12-09T02:43:11.116+0000][1][safepoint    ] Total time for which application threads were stopped: 0.0000900 seconds, Stopping threads took: 0.0000182 seconds
[2019-12-09T02:43:13.116+0000][1][safepoint    ] Application time: 2.0001428 seconds
[2019-12-09T02:43:13.116+0000][1][safepoint    ] Entering safepoint region: Cleanup
[2019-12-09T02:43:13.116+0000][1][safepoint    ] Leaving safepoint region
[2019-12-09T02:43:13.116+0000][1][safepoint    ] Total time for which application threads were stopped: 0.0000869 seconds, Stopping threads took: 0.0000166 seconds
[2019-12-09T02:43:15.116+0000][1][safepoint    ] Application time: 2.0001454 seconds
[2019-12-09T02:43:15.116+0000][1][safepoint    ] Entering safepoint region: Cleanup
[2019-12-09T02:43:15.116+0000][1][safepoint    ] Leaving safepoint region
[2019-12-09T02:43:15.116+0000][1][safepoint    ] Total time for which application threads were stopped: 0.0000902 seconds, Stopping threads took: 0.0000189 seconds
[2019-12-09T02:43:16.116+0000][1][safepoint    ] Application time: 1.0000779 seconds
[2019-12-09T02:43:16.117+0000][1][safepoint    ] Entering safepoint region: Cleanup
[2019-12-09T02:43:16.117+0000][1][safepoint    ] Leaving safepoint region
[2019-12-09T02:43:16.117+0000][1][safepoint    ] Total time for which application threads were stopped: 0.0000857 seconds, Stopping threads took: 0.0000180 seconds
[2019-12-09T02:43:17.117+0000][1][safepoint    ] Application time: 1.0000881 seconds
[2019-12-09T02:43:17.117+0000][1][safepoint    ] Entering safepoint region: Cleanup
[2019-12-09T02:43:17.117+0000][1][safepoint    ] Leaving safepoint region
[2019-12-09T02:43:17.117+0000][1][safepoint    ] Total time for which application threads were stopped: 0.0000834 seconds, Stopping threads took: 0.0000178 seconds
[2019-12-09T02:43:18.117+0000][1][safepoint    ] Application time: 1.0000752 seconds
[2019-12-09T02:43:18.117+0000][1][safepoint    ] Entering safepoint region: Cleanup
[2019-12-09T02:43:18.117+0000][1][safepoint    ] Leaving safepoint region
[2019-12-09T02:43:18.117+0000][1][safepoint    ] Total time for which application threads were stopped: 0.0000846 seconds, Stopping threads took: 0.0000178 seconds
[2019-12-09T02:43:19.117+0000][1][safepoint    ] Application time: 1.0000785 seconds
[2019-12-09T02:43:19.117+0000][1][safepoint    ] Entering safepoint region: Cleanup
[2019-12-09T02:43:19.117+0000][1][safepoint    ] Leaving safepoint region
[2019-12-09T02:43:19.117+0000][1][safepoint    ] Total time for which application threads were stopped: 0.0000857 seconds, Stopping threads took: 0.0000212 seconds
[2019-12-09T02:43:20.117+0000][1][safepoint    ] Application time: 1.0000773 seconds
[2019-12-09T02:43:20.117+0000][1][safepoint    ] Entering safepoint region: Cleanup
[2019-12-09T02:43:20.117+0000][1][safepoint    ] Leaving safepoint region
[2019-12-09T02:43:20.117+0000][1][safepoint    ] Total time for which application threads were stopped: 0.0000863 seconds, Stopping threads took: 0.0000184 seconds
[2019-12-09T02:43:21.118+0000][1][safepoint    ] Application time: 1.0000760 seconds
[2019-12-09T02:43:21.118+0000][1][safepoint    ] Entering safepoint region: Cleanup
[2019-12-09T02:43:21.118+0000][1][safepoint    ] Leaving safepoint region
[2019-12-09T02:43:21.118+0000][1][safepoint    ] Total time for which application threads were stopped: 0.0000847 seconds, Stopping threads took: 0.0000181 seconds
[2019-12-09T02:43:22.118+0000][1][safepoint    ] Application time: 1.0000772 seconds
[2019-12-09T02:43:22.118+0000][1][safepoint    ] Entering safepoint region: Cleanup
[2019-12-09T02:43:22.118+0000][1][safepoint    ] Leaving safepoint region
[2019-12-09T02:43:22.118+0000][1][safepoint    ] Total time for which application threads were stopped: 0.0000825 seconds, Stopping threads took: 0.0000177 seconds
[2019-12-09T02:43:23.118+0000][1][safepoint    ] Application time: 1.0000739 seconds
[2019-12-09T02:43:23.118+0000][1][safepoint    ] Entering safepoint region: Cleanup
[2019-12-09T02:43:23.118+0000][1][safepoint    ] Leaving safepoint region
[2019-12-09T02:43:23.118+0000][1][safepoint    ] Total time for which application threads were stopped: 0.0000857 seconds, Stopping threads took: 0.0000185 seconds
[2019-12-09T02:43:24.118+0000][1][safepoint    ] Application time: 1.0000770 seconds
[2019-12-09T02:43:24.118+0000][1][safepoint    ] Entering safepoint region: Cleanup
[2019-12-09T02:43:24.118+0000][1][safepoint    ] Leaving safepoint region
[2019-12-09T02:43:24.118+0000][1][safepoint    ] Total time for which application threads were stopped: 0.0000848 seconds, Stopping threads took: 0.0000194 seconds
[2019-12-09T02:43:25.118+0000][1][safepoint    ] Application time: 1.0000769 seconds
[2019-12-09T02:43:25.118+0000][1][safepoint    ] Entering safepoint region: Cleanup
[2019-12-09T02:43:25.118+0000][1][safepoint    ] Leaving safepoint region
[2019-12-09T02:43:25.118+0000][1][safepoint    ] Total time for which application threads were stopped: 0.0000845 seconds, Stopping threads took: 0.0000177 seconds
[2019-12-09T02:43:26.119+0000][1][safepoint    ] Application time: 1.0000777 seconds
[2019-12-09T02:43:26.119+0000][1][safepoint    ] Entering safepoint region: Cleanup
[2019-12-09T02:43:26.119+0000][1][safepoint    ] Leaving safepoint region
[2019-12-09T02:43:26.119+0000][1][safepoint    ] Total time for which application threads were stopped: 0.0000850 seconds, Stopping threads took: 0.0000180 seconds
[2019-12-09T02:43:27.119+0000][1][safepoint    ] Application time: 1.0000766 seconds
[2019-12-09T02:43:27.119+0000][1][safepoint    ] Entering safepoint region: Cleanup
[2019-12-09T02:43:27.119+0000][1][safepoint    ] Leaving safepoint region
[2019-12-09T02:43:27.119+0000][1][safepoint    ] Total time for which application threads were stopped: 0.0000841 seconds, Stopping threads took: 0.0000182 seconds
[2019-12-09T02:43:28.119+0000][1][safepoint    ] Application time: 1.0000774 seconds
[2019-12-09T02:43:28.119+0000][1][safepoint    ] Entering safepoint region: Cleanup
[2019-12-09T02:43:28.119+0000][1][safepoint    ] Leaving safepoint region
[2019-12-09T02:43:28.119+0000][1][safepoint    ] Total time for which application threads were stopped: 0.0000908 seconds, Stopping threads took: 0.0000183 seconds
[2019-12-09T02:43:29.119+0000][1][safepoint    ] Application time: 1.0000760 seconds
[2019-12-09T02:43:29.119+0000][1][safepoint    ] Entering safepoint region: Cleanup
[2019-12-09T02:43:29.119+0000][1][safepoint    ] Leaving safepoint region
[2019-12-09T02:43:29.119+0000][1][safepoint    ] Total time for which application threads were stopped: 0.0000872 seconds, Stopping threads took: 0.0000178 seconds
[2019-12-09T02:43:30.119+0000][1][safepoint    ] Application time: 1.0000757 seconds
[2019-12-09T02:43:30.119+0000][1][safepoint    ] Entering safepoint region: Cleanup
[2019-12-09T02:43:30.119+0000][1][safepoint    ] Leaving safepoint region
[2019-12-09T02:43:30.119+0000][1][safepoint    ] Total time for which application threads were stopped: 0.0000853 seconds, Stopping threads took: 0.0000176 seconds
[2019-12-09T02:43:31.120+0000][1][safepoint    ] Application time: 1.0000764 seconds
[2019-12-09T02:43:31.120+0000][1][safepoint    ] Entering safepoint region: Cleanup
[2019-12-09T02:43:31.120+0000][1][safepoint    ] Leaving safepoint region
[2019-12-09T02:43:31.120+0000][1][safepoint    ] Total time for which application threads were stopped: 0.0000972 seconds, Stopping threads took: 0.0000183 seconds
[2019-12-09T02:43:32.120+0000][1][safepoint    ] Application time: 1.0000761 seconds
[2019-12-09T02:43:32.120+0000][1][safepoint    ] Entering safepoint region: Cleanup
[2019-12-09T02:43:32.120+0000][1][safepoint    ] Leaving safepoint region
[2019-12-09T02:43:32.120+0000][1][safepoint    ] Total time for which application threads were stopped: 0.0000824 seconds, Stopping threads took: 0.0000168 seconds
[2019-12-09T02:43:33.120+0000][1][safepoint    ] Application time: 1.0000755 seconds
[2019-12-09T02:43:33.120+0000][1][safepoint    ] Entering safepoint region: Cleanup
[2019-12-09T02:43:33.120+0000][1][safepoint    ] Leaving safepoint region
[2019-12-09T02:43:33.120+0000][1][safepoint    ] Total time for which application threads were stopped: 0.0000845 seconds, Stopping threads took: 0.0000181 seconds
[2019-12-09T02:43:34.120+0000][1][safepoint    ] Application time: 1.0000780 seconds
[2019-12-09T02:43:34.120+0000][1][safepoint    ] Entering safepoint region: Cleanup
[2019-12-09T02:43:34.120+0000][1][safepoint    ] Leaving safepoint region
[2019-12-09T02:43:34.120+0000][1][safepoint    ] Total time for which application threads were stopped: 0.0000813 seconds, Stopping threads took: 0.0000171 seconds
[2019-12-09T02:43:35.120+0000][1][safepoint    ] Application time: 1.0000763 seconds
[2019-12-09T02:43:35.120+0000][1][safepoint    ] Entering safepoint region: Cleanup
[2019-12-09T02:43:35.121+0000][1][safepoint    ] Leaving safepoint region
[2019-12-09T02:43:35.121+0000][1][safepoint    ] Total time for which application threads were stopped: 0.0000845 seconds, Stopping threads took: 0.0000180 seconds
[2019-12-09T02:43:36.121+0000][1][safepoint    ] Application time: 1.0000759 seconds
[2019-12-09T02:43:36.121+0000][1][safepoint    ] Entering safepoint region: Cleanup
[2019-12-09T02:43:36.121+0000][1][safepoint    ] Leaving safepoint region
[2019-12-09T02:43:36.121+0000][1][safepoint    ] Total time for which application threads were stopped: 0.0000968 seconds, Stopping threads took: 0.0000195 seconds
[2019-12-09T02:43:37.121+0000][1][safepoint    ] Application time: 1.0000776 seconds
[2019-12-09T02:43:37.121+0000][1][safepoint    ] Entering safepoint region: Cleanup
[2019-12-09T02:43:37.121+0000][1][safepoint    ] Leaving safepoint region
[2019-12-09T02:43:37.121+0000][1][safepoint    ] Total time for which application threads were stopped: 0.0000828 seconds, Stopping threads took: 0.0000176 seconds
[2019-12-09T02:43:38.121+0000][1][safepoint    ] Application time: 1.0000767 seconds
[2019-12-09T02:43:38.121+0000][1][safepoint    ] Entering safepoint region: Cleanup
[2019-12-09T02:43:38.121+0000][1][safepoint    ] Leaving safepoint region
[2019-12-09T02:43:38.121+0000][1][safepoint    ] Total time for which application threads were stopped: 0.0000840 seconds, Stopping threads took: 0.0000184 seconds
[2019-12-09T02:43:39.121+0000][1][safepoint    ] Application time: 1.0000765 seconds
[2019-12-09T02:43:39.121+0000][1][safepoint    ] Entering safepoint region: Cleanup
[2019-12-09T02:43:39.121+0000][1][safepoint    ] Leaving safepoint region
[2019-12-09T02:43:39.121+0000][1][safepoint    ] Total time for which application threads were stopped: 0.0000828 seconds, Stopping threads took: 0.0000156 seconds
[2019-12-09T02:43:40.121+0000][1][safepoint    ] Application time: 1.0000761 seconds
[2019-12-09T02:43:40.121+0000][1][safepoint    ] Entering safepoint region: Cleanup
[2019-12-09T02:43:40.122+0000][1][safepoint    ] Leaving safepoint region
[2019-12-09T02:43:40.122+0000][1][safepoint    ] Total time for which application threads were stopped: 0.0000894 seconds, Stopping threads took: 0.0000177 seconds
[2019-12-09T02:43:41.122+0000][1][safepoint    ] Application time: 1.0000758 seconds
[2019-12-09T02:43:41.122+0000][1][safepoint    ] Entering safepoint region: Cleanup
[2019-12-09T02:43:41.122+0000][1][safepoint    ] Leaving safepoint region
[2019-12-09T02:43:41.122+0000][1][safepoint    ] Total time for which application threads were stopped: 0.0000949 seconds, Stopping threads took: 0.0000279 seconds
[2019-12-09T02:43:42.122+0000][1][safepoint    ] Application time: 1.0000772 seconds
[2019-12-09T02:43:42.122+0000][1][safepoint    ] Entering safepoint region: Cleanup
[2019-12-09T02:43:42.122+0000][1][safepoint    ] Leaving safepoint region
[2019-12-09T02:43:42.122+0000][1][safepoint    ] Total time for which application threads were stopped: 0.0000853 seconds, Stopping threads took: 0.0000195 seconds
[2019-12-09T02:43:43.122+0000][1][safepoint    ] Application time: 1.0000755 seconds
[2019-12-09T02:43:43.122+0000][1][safepoint    ] Entering safepoint region: Cleanup
[2019-12-09T02:43:43.122+0000][1][safepoint    ] Leaving safepoint region
[2019-12-09T02:43:43.122+0000][1][safepoint    ] Total time for which application threads were stopped: 0.0000848 seconds, Stopping threads took: 0.0000178 seconds
[2019-12-09T02:43:44.122+0000][1][safepoint    ] Application time: 1.0000770 seconds
[2019-12-09T02:43:44.122+0000][1][safepoint    ] Entering safepoint region: Cleanup
[2019-12-09T02:43:44.122+0000][1][safepoint    ] Leaving safepoint region
[2019-12-09T02:43:44.122+0000][1][safepoint    ] Total time for which application threads were stopped: 0.0000829 seconds, Stopping threads took: 0.0000169 seconds
[2019-12-09T02:43:45.122+0000][1][safepoint    ] Application time: 1.0000771 seconds
[2019-12-09T02:43:45.123+0000][1][safepoint    ] Entering safepoint region: Cleanup
[2019-12-09T02:43:45.123+0000][1][safepoint    ] Leaving safepoint region
[2019-12-09T02:43:45.123+0000][1][safepoint    ] Total time for which application threads were stopped: 0.0000839 seconds, Stopping threads took: 0.0000168 seconds
[2019-12-09T02:43:46.123+0000][1][safepoint    ] Application time: 1.0000761 seconds
[2019-12-09T02:43:46.123+0000][1][safepoint    ] Entering safepoint region: Cleanup
[2019-12-09T02:43:46.123+0000][1][safepoint    ] Leaving safepoint region
[2019-12-09T02:43:46.123+0000][1][safepoint    ] Total time for which application threads were stopped: 0.0000826 seconds, Stopping threads took: 0.0000180 seconds
[2019-12-09T02:43:47.123+0000][1][safepoint    ] Application time: 1.0000737 seconds
[2019-12-09T02:43:47.123+0000][1][safepoint    ] Entering safepoint region: Cleanup
[2019-12-09T02:43:47.123+0000][1][safepoint    ] Leaving safepoint region
[2019-12-09T02:43:47.123+0000][1][safepoint    ] Total time for which application threads were stopped: 0.0000935 seconds, Stopping threads took: 0.0000167 seconds
[2019-12-09T02:43:48.123+0000][1][safepoint    ] Application time: 1.0000732 seconds
[2019-12-09T02:43:48.123+0000][1][safepoint    ] Entering safepoint region: Cleanup
[2019-12-09T02:43:48.123+0000][1][safepoint    ] Leaving safepoint region
[2019-12-09T02:43:48.123+0000][1][safepoint    ] Total time for which application threads were stopped: 0.0000954 seconds, Stopping threads took: 0.0000199 seconds
[2019-12-09T02:43:49.123+0000][1][safepoint    ] Application time: 1.0000862 seconds
[2019-12-09T02:43:49.123+0000][1][safepoint    ] Entering safepoint region: Cleanup
[2019-12-09T02:43:49.123+0000][1][safepoint    ] Leaving safepoint region
[2019-12-09T02:43:49.124+0000][1][safepoint    ] Total time for which application threads were stopped: 0.0001448 seconds, Stopping threads took: 0.0000357 seconds
[2019-12-09T02:43:50.124+0000][1][safepoint    ] Application time: 1.0000774 seconds
[2019-12-09T02:43:50.124+0000][1][safepoint    ] Entering safepoint region: Cleanup
[2019-12-09T02:43:50.124+0000][1][safepoint    ] Leaving safepoint region
[2019-12-09T02:43:50.124+0000][1][safepoint    ] Total time for which application threads were stopped: 0.0001235 seconds, Stopping threads took: 0.0000184 seconds
[2019-12-09T02:43:51.124+0000][1][safepoint    ] Application time: 1.0000767 seconds
[2019-12-09T02:43:51.124+0000][1][safepoint    ] Entering safepoint region: Cleanup
[2019-12-09T02:43:51.124+0000][1][safepoint    ] Leaving safepoint region
[2019-12-09T02:43:51.124+0000][1][safepoint    ] Total time for which application threads were stopped: 0.0000827 seconds, Stopping threads took: 0.0000178 seconds
[2019-12-09T02:43:52.124+0000][1][safepoint    ] Application time: 1.0000787 seconds
[2019-12-09T02:43:52.124+0000][1][safepoint    ] Entering safepoint region: Cleanup
[2019-12-09T02:43:52.124+0000][1][safepoint    ] Leaving safepoint region
[2019-12-09T02:43:52.124+0000][1][safepoint    ] Total time for which application threads were stopped: 0.0000854 seconds, Stopping threads took: 0.0000188 seconds
[2019-12-09T02:43:53.124+0000][1][safepoint    ] Application time: 1.0000771 seconds
[2019-12-09T02:43:53.124+0000][1][safepoint    ] Entering safepoint region: Cleanup
[2019-12-09T02:43:53.124+0000][1][safepoint    ] Leaving safepoint region
[2019-12-09T02:43:53.124+0000][1][safepoint    ] Total time for which application threads were stopped: 0.0000848 seconds, Stopping threads took: 0.0000183 seconds
[2019-12-09T02:43:54.124+0000][1][safepoint    ] Application time: 1.0000769 seconds
[2019-12-09T02:43:54.125+0000][1][safepoint    ] Entering safepoint region: Cleanup
[2019-12-09T02:43:54.125+0000][1][safepoint    ] Leaving safepoint region
[2019-12-09T02:43:54.125+0000][1][safepoint    ] Total time for which application threads were stopped: 0.0000832 seconds, Stopping threads took: 0.0000180 seconds
[2019-12-09T02:43:55.125+0000][1][safepoint    ] Application time: 1.0000778 seconds
[2019-12-09T02:43:55.125+0000][1][safepoint    ] Entering safepoint region: Cleanup
[2019-12-09T02:43:55.125+0000][1][safepoint    ] Leaving safepoint region
[2019-12-09T02:43:55.125+0000][1][safepoint    ] Total time for which application threads were stopped: 0.0000852 seconds, Stopping threads took: 0.0000191 seconds
[2019-12-09T02:43:56.125+0000][1][safepoint    ] Application time: 1.0000833 seconds
[2019-12-09T02:43:56.125+0000][1][safepoint    ] Entering safepoint region: Cleanup
[2019-12-09T02:43:56.125+0000][1][safepoint    ] Leaving safepoint region
[2019-12-09T02:43:56.125+0000][1][safepoint    ] Total time for which application threads were stopped: 0.0000872 seconds, Stopping threads took: 0.0000179 seconds
[2019-12-09T02:43:57.125+0000][1][safepoint    ] Application time: 1.0000772 seconds
[2019-12-09T02:43:57.125+0000][1][safepoint    ] Entering safepoint region: Cleanup
[2019-12-09T02:43:57.125+0000][1][safepoint    ] Leaving safepoint region
[2019-12-09T02:43:57.125+0000][1][safepoint    ] Total time for which application threads were stopped: 0.0000805 seconds, Stopping threads took: 0.0000167 seconds
[2019-12-09T02:43:58.125+0000][1][safepoint    ] Application time: 1.0000806 seconds
[2019-12-09T02:43:58.125+0000][1][safepoint    ] Entering safepoint region: Cleanup
[2019-12-09T02:43:58.125+0000][1][safepoint    ] Leaving safepoint region
[2019-12-09T02:43:58.125+0000][1][safepoint    ] Total time for which application threads were stopped: 0.0000885 seconds, Stopping threads took: 0.0000176 seconds
[2019-12-09T02:43:59.126+0000][1][safepoint    ] Application time: 1.0000778 seconds
[2019-12-09T02:43:59.126+0000][1][safepoint    ] Entering safepoint region: Cleanup
[2019-12-09T02:43:59.126+0000][1][safepoint    ] Leaving safepoint region
[2019-12-09T02:43:59.126+0000][1][safepoint    ] Total time for which application threads were stopped: 0.0000956 seconds, Stopping threads took: 0.0000165 seconds
[2019-12-09T02:44:00.126+0000][1][safepoint    ] Application time: 1.0000781 seconds
[2019-12-09T02:44:00.126+0000][1][safepoint    ] Entering safepoint region: Cleanup
[2019-12-09T02:44:00.126+0000][1][safepoint    ] Leaving safepoint region
[2019-12-09T02:44:00.126+0000][1][safepoint    ] Total time for which application threads were stopped: 0.0000873 seconds, Stopping threads took: 0.0000186 seconds
[2019-12-09T02:44:01.126+0000][1][safepoint    ] Application time: 1.0002737 seconds
[2019-12-09T02:44:01.126+0000][1][safepoint    ] Entering safepoint region: Cleanup
[2019-12-09T02:44:01.126+0000][1][safepoint    ] Leaving safepoint region
[2019-12-09T02:44:01.126+0000][1][safepoint    ] Total time for which application threads were stopped: 0.0000912 seconds, Stopping threads took: 0.0000234 seconds
[2019-12-09T02:44:02.126+0000][1][safepoint    ] Application time: 1.0000798 seconds
[2019-12-09T02:44:02.126+0000][1][safepoint    ] Entering safepoint region: Cleanup
[2019-12-09T02:44:02.126+0000][1][safepoint    ] Leaving safepoint region
[2019-12-09T02:44:02.126+0000][1][safepoint    ] Total time for which application threads were stopped: 0.0000853 seconds, Stopping threads took: 0.0000176 seconds
[2019-12-09T02:44:03.127+0000][1][safepoint    ] Application time: 1.0000764 seconds
[2019-12-09T02:44:03.127+0000][1][safepoint    ] Entering safepoint region: Cleanup
[2019-12-09T02:44:03.127+0000][1][safepoint    ] Leaving safepoint region
[2019-12-09T02:44:03.127+0000][1][safepoint    ] Total time for which application threads were stopped: 0.0000957 seconds, Stopping threads took: 0.0000187 seconds
[2019-12-09T02:44:04.127+0000][1][safepoint    ] Application time: 1.0000857 seconds
[2019-12-09T02:44:04.127+0000][1][safepoint    ] Entering safepoint region: Cleanup
[2019-12-09T02:44:04.127+0000][1][safepoint    ] Leaving safepoint region
[2019-12-09T02:44:04.127+0000][1][safepoint    ] Total time for which application threads were stopped: 0.0001168 seconds, Stopping threads took: 0.0000257 seconds
[2019-12-09T02:44:04.139+0000][1][safepoint    ] Application time: 0.0121508 seconds
[2019-12-09T02:44:04.139+0000][1][safepoint    ] Entering safepoint region: GenCollectForAllocation
[2019-12-09T02:44:04.139+0000][1][gc,start     ] GC(33) Pause Young (Allocation Failure)
[2019-12-09T02:44:04.139+0000][1][gc,task      ] GC(33) Using 2 workers of 2 for evacuation
[2019-12-09T02:44:04.141+0000][1][gc,age       ] GC(33) Desired survivor size 4456448 bytes, new threshold 6 (max threshold 6)
[2019-12-09T02:44:04.141+0000][1][gc,age       ] GC(33) Age table with threshold 6 (max threshold 6)
[2019-12-09T02:44:04.141+0000][1][gc,age       ] GC(33) - age   1:      78328 bytes,      78328 total
[2019-12-09T02:44:04.141+0000][1][gc,age       ] GC(33) - age   2:        352 bytes,      78680 total
[2019-12-09T02:44:04.141+0000][1][gc,age       ] GC(33) - age   3:       1656 bytes,      80336 total
[2019-12-09T02:44:04.141+0000][1][gc,age       ] GC(33) - age   4:       3520 bytes,      83856 total
[2019-12-09T02:44:04.141+0000][1][gc,age       ] GC(33) - age   5:       3464 bytes,      87320 total
[2019-12-09T02:44:04.141+0000][1][gc,age       ] GC(33) - age   6:      11016 bytes,      98336 total
[2019-12-09T02:44:04.141+0000][1][gc,heap      ] GC(33) ParNew: 70150K->149K(78656K)
[2019-12-09T02:44:04.141+0000][1][gc,heap      ] GC(33) CMS: 70087K->70091K(174784K)
[2019-12-09T02:44:04.141+0000][1][gc,metaspace ] GC(33) Metaspace: 71099K->71099K(1114112K)
[2019-12-09T02:44:04.141+0000][1][gc           ] GC(33) Pause Young (Allocation Failure) 136M->68M(247M) 2.031ms
[2019-12-09T02:44:04.141+0000][1][gc,cpu       ] GC(33) User=0.01s Sys=0.00s Real=0.00s
[2019-12-09T02:44:04.141+0000][1][safepoint    ] Leaving safepoint region
[2019-12-09T02:44:04.141+0000][1][safepoint    ] Total time for which application threads were stopped: 0.0022304 seconds, Stopping threads took: 0.0000194 seconds
[2019-12-09T02:44:05.141+0000][1][safepoint    ] Application time: 1.0000847 seconds
[2019-12-09T02:44:05.142+0000][1][safepoint    ] Entering safepoint region: Cleanup
[2019-12-09T02:44:05.142+0000][1][safepoint    ] Leaving safepoint region
[2019-12-09T02:44:05.142+0000][1][safepoint    ] Total time for which application threads were stopped: 0.0000828 seconds, Stopping threads took: 0.0000179 seconds
[2019-12-09T02:44:06.142+0000][1][safepoint    ] Application time: 1.0000770 seconds
[2019-12-09T02:44:06.142+0000][1][safepoint    ] Entering safepoint region: Cleanup
[2019-12-09T02:44:06.142+0000][1][safepoint    ] Leaving safepoint region
[2019-12-09T02:44:06.142+0000][1][safepoint    ] Total time for which application threads were stopped: 0.0000898 seconds, Stopping threads took: 0.0000213 seconds
[2019-12-09T02:44:07.142+0000][1][safepoint    ] Application time: 1.0000771 seconds
[2019-12-09T02:44:07.142+0000][1][safepoint    ] Entering safepoint region: Cleanup
[2019-12-09T02:44:07.142+0000][1][safepoint    ] Leaving safepoint region
[2019-12-09T02:44:07.142+0000][1][safepoint    ] Total time for which application threads were stopped: 0.0000818 seconds, Stopping threads took: 0.0000210 seconds
[2019-12-09T02:44:08.142+0000][1][safepoint    ] Application time: 1.0000766 seconds
[2019-12-09T02:44:08.142+0000][1][safepoint    ] Entering safepoint region: Cleanup
[2019-12-09T02:44:08.142+0000][1][safepoint    ] Leaving safepoint region
[2019-12-09T02:44:08.142+0000][1][safepoint    ] Total time for which application threads were stopped: 0.0000850 seconds, Stopping threads took: 0.0000189 seconds
[2019-12-09T02:44:09.142+0000][1][safepoint    ] Application time: 1.0000779 seconds
[2019-12-09T02:44:09.142+0000][1][safepoint    ] Entering safepoint region: Cleanup
[2019-12-09T02:44:09.142+0000][1][safepoint    ] Leaving safepoint region
[2019-12-09T02:44:09.142+0000][1][safepoint    ] Total time for which application threads were stopped: 0.0000873 seconds, Stopping threads took: 0.0000170 seconds
[2019-12-09T02:44:10.143+0000][1][safepoint    ] Application time: 1.0000764 seconds
[2019-12-09T02:44:10.143+0000][1][safepoint    ] Entering safepoint region: Cleanup
[2019-12-09T02:44:10.143+0000][1][safepoint    ] Leaving safepoint region
[2019-12-09T02:44:10.143+0000][1][safepoint    ] Total time for which application threads were stopped: 0.0000908 seconds, Stopping threads took: 0.0000184 seconds
[2019-12-09T02:44:11.143+0000][1][safepoint    ] Application time: 1.0000783 seconds
[2019-12-09T02:44:11.143+0000][1][safepoint    ] Entering safepoint region: Cleanup
[2019-12-09T02:44:11.143+0000][1][safepoint    ] Leaving safepoint region
[2019-12-09T02:44:11.143+0000][1][safepoint    ] Total time for which application threads were stopped: 0.0000826 seconds, Stopping threads took: 0.0000171 seconds
[2019-12-09T02:44:12.143+0000][1][safepoint    ] Application time: 1.0000769 seconds
[2019-12-09T02:44:12.143+0000][1][safepoint    ] Entering safepoint region: Cleanup
[2019-12-09T02:44:12.143+0000][1][safepoint    ] Leaving safepoint region
[2019-12-09T02:44:12.143+0000][1][safepoint    ] Total time for which application threads were stopped: 0.0000879 seconds, Stopping threads took: 0.0000171 seconds
[2019-12-09T02:44:13.143+0000][1][safepoint    ] Application time: 1.0000730 seconds
[2019-12-09T02:44:13.143+0000][1][safepoint    ] Entering safepoint region: Cleanup
[2019-12-09T02:44:13.143+0000][1][safepoint    ] Leaving safepoint region
[2019-12-09T02:44:13.143+0000][1][safepoint    ] Total time for which application threads were stopped: 0.0000897 seconds, Stopping threads took: 0.0000181 seconds
[2019-12-09T02:44:14.143+0000][1][safepoint    ] Application time: 1.0000751 seconds
[2019-12-09T02:44:14.143+0000][1][safepoint    ] Entering safepoint region: Cleanup
[2019-12-09T02:44:14.143+0000][1][safepoint    ] Leaving safepoint region
[2019-12-09T02:44:14.143+0000][1][safepoint    ] Total time for which application threads were stopped: 0.0000861 seconds, Stopping threads took: 0.0000180 seconds
[2019-12-09T02:44:15.144+0000][1][safepoint    ] Application time: 1.0000767 seconds
[2019-12-09T02:44:15.144+0000][1][safepoint    ] Entering safepoint region: Cleanup
[2019-12-09T02:44:15.144+0000][1][safepoint    ] Leaving safepoint region
[2019-12-09T02:44:15.144+0000][1][safepoint    ] Total time for which application threads were stopped: 0.0000916 seconds, Stopping threads took: 0.0000197 seconds
[2019-12-09T02:44:16.144+0000][1][safepoint    ] Application time: 1.0000754 seconds
[2019-12-09T02:44:16.144+0000][1][safepoint    ] Entering safepoint region: Cleanup
[2019-12-09T02:44:16.144+0000][1][safepoint    ] Leaving safepoint region
[2019-12-09T02:44:16.144+0000][1][safepoint    ] Total time for which application threads were stopped: 0.0000834 seconds, Stopping threads took: 0.0000173 seconds
[2019-12-09T02:44:17.144+0000][1][safepoint    ] Application time: 1.0000746 seconds
[2019-12-09T02:44:17.144+0000][1][safepoint    ] Entering safepoint region: Cleanup
[2019-12-09T02:44:17.144+0000][1][safepoint    ] Leaving safepoint region
[2019-12-09T02:44:17.144+0000][1][safepoint    ] Total time for which application threads were stopped: 0.0000905 seconds, Stopping threads took: 0.0000173 seconds
[2019-12-09T02:44:18.144+0000][1][safepoint    ] Application time: 1.0000743 seconds
[2019-12-09T02:44:18.144+0000][1][safepoint    ] Entering safepoint region: Cleanup
[2019-12-09T02:44:18.144+0000][1][safepoint    ] Leaving safepoint region
[2019-12-09T02:44:18.144+0000][1][safepoint    ] Total time for which application threads were stopped: 0.0000929 seconds, Stopping threads took: 0.0000183 seconds
[2019-12-09T02:44:19.144+0000][1][safepoint    ] Application time: 1.0000766 seconds
[2019-12-09T02:44:19.144+0000][1][safepoint    ] Entering safepoint region: Cleanup
[2019-12-09T02:44:19.144+0000][1][safepoint    ] Leaving safepoint region
[2019-12-09T02:44:19.144+0000][1][safepoint    ] Total time for which application threads were stopped: 0.0000802 seconds, Stopping threads took: 0.0000162 seconds
[2019-12-09T02:44:20.145+0000][1][safepoint    ] Application time: 1.0000762 seconds
[2019-12-09T02:44:20.145+0000][1][safepoint    ] Entering safepoint region: Cleanup
[2019-12-09T02:44:20.145+0000][1][safepoint    ] Leaving safepoint region
[2019-12-09T02:44:20.145+0000][1][safepoint    ] Total time for which application threads were stopped: 0.0001106 seconds, Stopping threads took: 0.0000281 seconds
[2019-12-09T02:44:21.145+0000][1][safepoint    ] Application time: 1.0000749 seconds
[2019-12-09T02:44:21.145+0000][1][safepoint    ] Entering safepoint region: Cleanup
[2019-12-09T02:44:21.145+0000][1][safepoint    ] Leaving safepoint region
[2019-12-09T02:44:21.145+0000][1][safepoint    ] Total time for which application threads were stopped: 0.0000815 seconds, Stopping threads took: 0.0000163 seconds
[2019-12-09T02:44:22.145+0000][1][safepoint    ] Application time: 1.0000765 seconds
[2019-12-09T02:44:22.145+0000][1][safepoint    ] Entering safepoint region: Cleanup
[2019-12-09T02:44:22.145+0000][1][safepoint    ] Leaving safepoint region
[2019-12-09T02:44:22.145+0000][1][safepoint    ] Total time for which application threads were stopped: 0.0000852 seconds, Stopping threads took: 0.0000180 seconds
[2019-12-09T02:44:23.145+0000][1][safepoint    ] Application time: 1.0000772 seconds
[2019-12-09T02:44:23.145+0000][1][safepoint    ] Entering safepoint region: Cleanup
[2019-12-09T02:44:23.145+0000][1][safepoint    ] Leaving safepoint region
[2019-12-09T02:44:23.145+0000][1][safepoint    ] Total time for which application threads were stopped: 0.0000878 seconds, Stopping threads took: 0.0000180 seconds
[2019-12-09T02:44:24.145+0000][1][safepoint    ] Application time: 1.0000766 seconds
[2019-12-09T02:44:24.145+0000][1][safepoint    ] Entering safepoint region: Cleanup
[2019-12-09T02:44:24.145+0000][1][safepoint    ] Leaving safepoint region
[2019-12-09T02:44:24.145+0000][1][safepoint    ] Total time for which application threads were stopped: 0.0000840 seconds, Stopping threads took: 0.0000182 seconds
[2019-12-09T02:44:25.146+0000][1][safepoint    ] Application time: 1.0000742 seconds
[2019-12-09T02:44:25.146+0000][1][safepoint    ] Entering safepoint region: Cleanup
[2019-12-09T02:44:25.146+0000][1][safepoint    ] Leaving safepoint region
[2019-12-09T02:44:25.146+0000][1][safepoint    ] Total time for which application threads were stopped: 0.0000914 seconds, Stopping threads took: 0.0000172 seconds
[2019-12-09T02:44:26.146+0000][1][safepoint    ] Application time: 1.0000752 seconds
[2019-12-09T02:44:26.146+0000][1][safepoint    ] Entering safepoint region: Cleanup
[2019-12-09T02:44:26.146+0000][1][safepoint    ] Leaving safepoint region
[2019-12-09T02:44:26.146+0000][1][safepoint    ] Total time for which application threads were stopped: 0.0000827 seconds, Stopping threads took: 0.0000168 seconds
[2019-12-09T02:44:27.146+0000][1][safepoint    ] Application time: 1.0000738 seconds
[2019-12-09T02:44:27.146+0000][1][safepoint    ] Entering safepoint region: Cleanup
[2019-12-09T02:44:27.146+0000][1][safepoint    ] Leaving safepoint region
[2019-12-09T02:44:27.146+0000][1][safepoint    ] Total time for which application threads were stopped: 0.0000913 seconds, Stopping threads took: 0.0000184 seconds
[2019-12-09T02:44:28.149+0000][1][safepoint    ] Application time: 1.0026342 seconds
[2019-12-09T02:44:28.149+0000][1][safepoint    ] Entering safepoint region: Cleanup
[2019-12-09T02:44:28.149+0000][1][safepoint    ] Leaving safepoint region
[2019-12-09T02:44:28.149+0000][1][safepoint    ] Total time for which application threads were stopped: 0.0001230 seconds, Stopping threads took: 0.0000234 seconds
[2019-12-09T02:44:29.149+0000][1][safepoint    ] Application time: 1.0000733 seconds
[2019-12-09T02:44:29.149+0000][1][safepoint    ] Entering safepoint region: Cleanup
[2019-12-09T02:44:29.149+0000][1][safepoint    ] Leaving safepoint region
[2019-12-09T02:44:29.149+0000][1][safepoint    ] Total time for which application threads were stopped: 0.0001026 seconds, Stopping threads took: 0.0000180 seconds
[2019-12-09T02:44:30.149+0000][1][safepoint    ] Application time: 1.0000372 seconds
[2019-12-09T02:44:30.149+0000][1][safepoint    ] Entering safepoint region: Cleanup
[2019-12-09T02:44:30.149+0000][1][safepoint    ] Leaving safepoint region
[2019-12-09T02:44:30.149+0000][1][safepoint    ] Total time for which application threads were stopped: 0.0001055 seconds, Stopping threads took: 0.0000178 seconds
[2019-12-09T02:44:31.149+0000][1][safepoint    ] Application time: 1.0000749 seconds
[2019-12-09T02:44:31.149+0000][1][safepoint    ] Entering safepoint region: Cleanup
[2019-12-09T02:44:31.150+0000][1][safepoint    ] Leaving safepoint region
[2019-12-09T02:44:31.150+0000][1][safepoint    ] Total time for which application threads were stopped: 0.0001057 seconds, Stopping threads took: 0.0000224 seconds
[2019-12-09T02:44:32.150+0000][1][safepoint    ] Application time: 1.0000786 seconds
[2019-12-09T02:44:32.150+0000][1][safepoint    ] Entering safepoint region: Cleanup
[2019-12-09T02:44:32.150+0000][1][safepoint    ] Leaving safepoint region
[2019-12-09T02:44:32.150+0000][1][safepoint    ] Total time for which application threads were stopped: 0.0001043 seconds, Stopping threads took: 0.0000219 seconds
[2019-12-09T02:44:33.150+0000][1][safepoint    ] Application time: 1.0000800 seconds
[2019-12-09T02:44:33.150+0000][1][safepoint    ] Entering safepoint region: Cleanup
[2019-12-09T02:44:33.150+0000][1][safepoint    ] Leaving safepoint region
[2019-12-09T02:44:33.150+0000][1][safepoint    ] Total time for which application threads were stopped: 0.0000828 seconds, Stopping threads took: 0.0000184 seconds
[2019-12-09T02:44:34.150+0000][1][safepoint    ] Application time: 1.0000783 seconds
[2019-12-09T02:44:34.150+0000][1][safepoint    ] Entering safepoint region: Cleanup
[2019-12-09T02:44:34.150+0000][1][safepoint    ] Leaving safepoint region
[2019-12-09T02:44:34.150+0000][1][safepoint    ] Total time for which application threads were stopped: 0.0000860 seconds, Stopping threads took: 0.0000168 seconds
[2019-12-09T02:44:35.150+0000][1][safepoint    ] Application time: 1.0000669 seconds
[2019-12-09T02:44:35.150+0000][1][safepoint    ] Entering safepoint region: Cleanup
[2019-12-09T02:44:35.150+0000][1][safepoint    ] Leaving safepoint region
[2019-12-09T02:44:35.150+0000][1][safepoint    ] Total time for which application threads were stopped: 0.0000827 seconds, Stopping threads took: 0.0000188 seconds
[2019-12-09T02:44:36.151+0000][1][safepoint    ] Application time: 1.0000785 seconds
[2019-12-09T02:44:36.151+0000][1][safepoint    ] Entering safepoint region: Cleanup
[2019-12-09T02:44:36.151+0000][1][safepoint    ] Leaving safepoint region
[2019-12-09T02:44:36.151+0000][1][safepoint    ] Total time for which application threads were stopped: 0.0000848 seconds, Stopping threads took: 0.0000174 seconds
[2019-12-09T02:44:37.151+0000][1][safepoint    ] Application time: 1.0000766 seconds
[2019-12-09T02:44:37.151+0000][1][safepoint    ] Entering safepoint region: Cleanup
[2019-12-09T02:44:37.151+0000][1][safepoint    ] Leaving safepoint region
[2019-12-09T02:44:37.151+0000][1][safepoint    ] Total time for which application threads were stopped: 0.0000951 seconds, Stopping threads took: 0.0000180 seconds
[2019-12-09T02:44:38.151+0000][1][safepoint    ] Application time: 1.0000770 seconds
[2019-12-09T02:44:38.151+0000][1][safepoint    ] Entering safepoint region: Cleanup
[2019-12-09T02:44:38.151+0000][1][safepoint    ] Leaving safepoint region
[2019-12-09T02:44:38.151+0000][1][safepoint    ] Total time for which application threads were stopped: 0.0000888 seconds, Stopping threads took: 0.0000176 seconds
[2019-12-09T02:44:39.151+0000][1][safepoint    ] Application time: 1.0000764 seconds
[2019-12-09T02:44:39.151+0000][1][safepoint    ] Entering safepoint region: Cleanup
[2019-12-09T02:44:39.151+0000][1][safepoint    ] Leaving safepoint region
[2019-12-09T02:44:39.151+0000][1][safepoint    ] Total time for which application threads were stopped: 0.0000855 seconds, Stopping threads took: 0.0000177 seconds
[2019-12-09T02:44:40.151+0000][1][safepoint    ] Application time: 1.0000779 seconds
[2019-12-09T02:44:40.151+0000][1][safepoint    ] Entering safepoint region: Cleanup
[2019-12-09T02:44:40.151+0000][1][safepoint    ] Leaving safepoint region
[2019-12-09T02:44:40.151+0000][1][safepoint    ] Total time for which application threads were stopped: 0.0000916 seconds, Stopping threads took: 0.0000188 seconds
[2019-12-09T02:44:41.152+0000][1][safepoint    ] Application time: 1.0000763 seconds
[2019-12-09T02:44:41.152+0000][1][safepoint    ] Entering safepoint region: Cleanup
[2019-12-09T02:44:41.152+0000][1][safepoint    ] Leaving safepoint region
[2019-12-09T02:44:41.152+0000][1][safepoint    ] Total time for which application threads were stopped: 0.0000843 seconds, Stopping threads took: 0.0000171 seconds
[2019-12-09T02:44:42.152+0000][1][safepoint    ] Application time: 1.0000783 seconds
[2019-12-09T02:44:42.152+0000][1][safepoint    ] Entering safepoint region: Cleanup
[2019-12-09T02:44:42.152+0000][1][safepoint    ] Leaving safepoint region
[2019-12-09T02:44:42.152+0000][1][safepoint    ] Total time for which application threads were stopped: 0.0000853 seconds, Stopping threads took: 0.0000189 seconds
[2019-12-09T02:44:43.152+0000][1][safepoint    ] Application time: 1.0000793 seconds
[2019-12-09T02:44:43.152+0000][1][safepoint    ] Entering safepoint region: Cleanup
[2019-12-09T02:44:43.152+0000][1][safepoint    ] Leaving safepoint region
[2019-12-09T02:44:43.152+0000][1][safepoint    ] Total time for which application threads were stopped: 0.0000858 seconds, Stopping threads took: 0.0000189 seconds
[2019-12-09T02:44:44.152+0000][1][safepoint    ] Application time: 1.0000767 seconds
[2019-12-09T02:44:44.152+0000][1][safepoint    ] Entering safepoint region: Cleanup
[2019-12-09T02:44:44.152+0000][1][safepoint    ] Leaving safepoint region
[2019-12-09T02:44:44.152+0000][1][safepoint    ] Total time for which application threads were stopped: 0.0000896 seconds, Stopping threads took: 0.0000175 seconds
[2019-12-09T02:44:45.152+0000][1][safepoint    ] Application time: 1.0000793 seconds
[2019-12-09T02:44:45.152+0000][1][safepoint    ] Entering safepoint region: Cleanup
[2019-12-09T02:44:45.153+0000][1][safepoint    ] Leaving safepoint region
[2019-12-09T02:44:45.153+0000][1][safepoint    ] Total time for which application threads were stopped: 0.0000869 seconds, Stopping threads took: 0.0000182 seconds
[2019-12-09T02:44:46.153+0000][1][safepoint    ] Application time: 1.0001670 seconds
[2019-12-09T02:44:46.153+0000][1][safepoint    ] Entering safepoint region: Cleanup
[2019-12-09T02:44:46.153+0000][1][safepoint    ] Leaving safepoint region
[2019-12-09T02:44:46.153+0000][1][safepoint    ] Total time for which application threads were stopped: 0.0001144 seconds, Stopping threads took: 0.0000252 seconds
[2019-12-09T02:44:47.153+0000][1][safepoint    ] Application time: 1.0000823 seconds
[2019-12-09T02:44:47.153+0000][1][safepoint    ] Entering safepoint region: Cleanup
[2019-12-09T02:44:47.153+0000][1][safepoint    ] Leaving safepoint region
[2019-12-09T02:44:47.153+0000][1][safepoint    ] Total time for which application threads were stopped: 0.0000871 seconds, Stopping threads took: 0.0000194 seconds
[2019-12-09T02:44:48.153+0000][1][safepoint    ] Application time: 1.0000741 seconds
[2019-12-09T02:44:48.153+0000][1][safepoint    ] Entering safepoint region: Cleanup
[2019-12-09T02:44:48.153+0000][1][safepoint    ] Leaving safepoint region
[2019-12-09T02:44:48.153+0000][1][safepoint    ] Total time for which application threads were stopped: 0.0000873 seconds, Stopping threads took: 0.0000177 seconds
[2019-12-09T02:44:49.153+0000][1][safepoint    ] Application time: 1.0000838 seconds
[2019-12-09T02:44:49.153+0000][1][safepoint    ] Entering safepoint region: Cleanup
[2019-12-09T02:44:49.153+0000][1][safepoint    ] Leaving safepoint region
[2019-12-09T02:44:49.153+0000][1][safepoint    ] Total time for which application threads were stopped: 0.0000822 seconds, Stopping threads took: 0.0000180 seconds
[2019-12-09T02:44:50.154+0000][1][safepoint    ] Application time: 1.0000750 seconds
[2019-12-09T02:44:50.154+0000][1][safepoint    ] Entering safepoint region: Cleanup
[2019-12-09T02:44:50.154+0000][1][safepoint    ] Leaving safepoint region
[2019-12-09T02:44:50.154+0000][1][safepoint    ] Total time for which application threads were stopped: 0.0001261 seconds, Stopping threads took: 0.0000268 seconds
[2019-12-09T02:44:51.154+0000][1][safepoint    ] Application time: 1.0000742 seconds
[2019-12-09T02:44:51.154+0000][1][safepoint    ] Entering safepoint region: Cleanup
[2019-12-09T02:44:51.154+0000][1][safepoint    ] Leaving safepoint region
[2019-12-09T02:44:51.154+0000][1][safepoint    ] Total time for which application threads were stopped: 0.0000846 seconds, Stopping threads took: 0.0000176 seconds
[2019-12-09T02:44:52.154+0000][1][safepoint    ] Application time: 1.0000759 seconds
[2019-12-09T02:44:52.154+0000][1][safepoint    ] Entering safepoint region: Cleanup
[2019-12-09T02:44:52.154+0000][1][safepoint    ] Leaving safepoint region
[2019-12-09T02:44:52.154+0000][1][safepoint    ] Total time for which application threads were stopped: 0.0000851 seconds, Stopping threads took: 0.0000182 seconds
[2019-12-09T02:44:53.154+0000][1][safepoint    ] Application time: 1.0000781 seconds
[2019-12-09T02:44:53.154+0000][1][safepoint    ] Entering safepoint region: Cleanup
[2019-12-09T02:44:53.154+0000][1][safepoint    ] Leaving safepoint region
[2019-12-09T02:44:53.154+0000][1][safepoint    ] Total time for which application threads were stopped: 0.0000853 seconds, Stopping threads took: 0.0000186 seconds
[2019-12-09T02:44:54.154+0000][1][safepoint    ] Application time: 1.0000759 seconds
[2019-12-09T02:44:54.154+0000][1][safepoint    ] Entering safepoint region: Cleanup
[2019-12-09T02:44:54.155+0000][1][safepoint    ] Leaving safepoint region
[2019-12-09T02:44:54.155+0000][1][safepoint    ] Total time for which application threads were stopped: 0.0000894 seconds, Stopping threads took: 0.0000186 seconds
[2019-12-09T02:44:55.155+0000][1][safepoint    ] Application time: 1.0000761 seconds
[2019-12-09T02:44:55.155+0000][1][safepoint    ] Entering safepoint region: Cleanup
[2019-12-09T02:44:55.155+0000][1][safepoint    ] Leaving safepoint region
[2019-12-09T02:44:55.155+0000][1][safepoint    ] Total time for which application threads were stopped: 0.0001017 seconds, Stopping threads took: 0.0000285 seconds
[2019-12-09T02:44:56.155+0000][1][safepoint    ] Application time: 1.0000759 seconds
[2019-12-09T02:44:56.155+0000][1][safepoint    ] Entering safepoint region: Cleanup
[2019-12-09T02:44:56.155+0000][1][safepoint    ] Leaving safepoint region
[2019-12-09T02:44:56.155+0000][1][safepoint    ] Total time for which application threads were stopped: 0.0001090 seconds, Stopping threads took: 0.0000203 seconds
[2019-12-09T02:44:57.155+0000][1][safepoint    ] Application time: 1.0000827 seconds
[2019-12-09T02:44:57.155+0000][1][safepoint    ] Entering safepoint region: Cleanup
[2019-12-09T02:44:57.155+0000][1][safepoint    ] Leaving safepoint region
[2019-12-09T02:44:57.155+0000][1][safepoint    ] Total time for which application threads were stopped: 0.0000915 seconds, Stopping threads took: 0.0000236 seconds
[2019-12-09T02:44:58.155+0000][1][safepoint    ] Application time: 1.0000766 seconds
[2019-12-09T02:44:58.155+0000][1][safepoint    ] Entering safepoint region: Cleanup
[2019-12-09T02:44:58.155+0000][1][safepoint    ] Leaving safepoint region
[2019-12-09T02:44:58.155+0000][1][safepoint    ] Total time for which application threads were stopped: 0.0000845 seconds, Stopping threads took: 0.0000170 seconds
[2019-12-09T02:44:59.156+0000][1][safepoint    ] Application time: 1.0000770 seconds
[2019-12-09T02:44:59.156+0000][1][safepoint    ] Entering safepoint region: Cleanup
[2019-12-09T02:44:59.156+0000][1][safepoint    ] Leaving safepoint region
[2019-12-09T02:44:59.156+0000][1][safepoint    ] Total time for which application threads were stopped: 0.0000831 seconds, Stopping threads took: 0.0000186 seconds
[2019-12-09T02:45:00.156+0000][1][safepoint    ] Application time: 1.0000858 seconds
[2019-12-09T02:45:00.156+0000][1][safepoint    ] Entering safepoint region: Cleanup
[2019-12-09T02:45:00.156+0000][1][safepoint    ] Leaving safepoint region
[2019-12-09T02:45:00.156+0000][1][safepoint    ] Total time for which application threads were stopped: 0.0000919 seconds, Stopping threads took: 0.0000259 seconds
[2019-12-09T02:45:01.156+0000][1][safepoint    ] Application time: 1.0000760 seconds
[2019-12-09T02:45:01.156+0000][1][safepoint    ] Entering safepoint region: Cleanup
[2019-12-09T02:45:01.156+0000][1][safepoint    ] Leaving safepoint region
[2019-12-09T02:45:01.156+0000][1][safepoint    ] Total time for which application threads were stopped: 0.0000926 seconds, Stopping threads took: 0.0000187 seconds
[2019-12-09T02:45:02.156+0000][1][safepoint    ] Application time: 1.0000774 seconds
[2019-12-09T02:45:02.156+0000][1][safepoint    ] Entering safepoint region: Cleanup
[2019-12-09T02:45:02.156+0000][1][safepoint    ] Leaving safepoint region
[2019-12-09T02:45:02.156+0000][1][safepoint    ] Total time for which application threads were stopped: 0.0000928 seconds, Stopping threads took: 0.0000193 seconds
[2019-12-09T02:45:03.156+0000][1][safepoint    ] Application time: 1.0000760 seconds
[2019-12-09T02:45:03.156+0000][1][safepoint    ] Entering safepoint region: Cleanup
[2019-12-09T02:45:03.157+0000][1][safepoint    ] Leaving safepoint region
[2019-12-09T02:45:03.157+0000][1][safepoint    ] Total time for which application threads were stopped: 0.0000847 seconds, Stopping threads took: 0.0000185 seconds
[2019-12-09T02:45:04.157+0000][1][safepoint    ] Application time: 1.0000752 seconds
[2019-12-09T02:45:04.157+0000][1][safepoint    ] Entering safepoint region: Cleanup
[2019-12-09T02:45:04.157+0000][1][safepoint    ] Leaving safepoint region
[2019-12-09T02:45:04.157+0000][1][safepoint    ] Total time for which application threads were stopped: 0.0000904 seconds, Stopping threads took: 0.0000180 seconds
[2019-12-09T02:45:05.157+0000][1][safepoint    ] Application time: 1.0000756 seconds
[2019-12-09T02:45:05.157+0000][1][safepoint    ] Entering safepoint region: Cleanup
[2019-12-09T02:45:05.157+0000][1][safepoint    ] Leaving safepoint region
[2019-12-09T02:45:05.157+0000][1][safepoint    ] Total time for which application threads were stopped: 0.0000945 seconds, Stopping threads took: 0.0000274 seconds
[2019-12-09T02:45:06.157+0000][1][safepoint    ] Application time: 1.0000757 seconds
[2019-12-09T02:45:06.157+0000][1][safepoint    ] Entering safepoint region: Cleanup
[2019-12-09T02:45:06.157+0000][1][safepoint    ] Leaving safepoint region
[2019-12-09T02:45:06.157+0000][1][safepoint    ] Total time for which application threads were stopped: 0.0000936 seconds, Stopping threads took: 0.0000189 seconds
[2019-12-09T02:45:07.157+0000][1][safepoint    ] Application time: 1.0000779 seconds
[2019-12-09T02:45:07.157+0000][1][safepoint    ] Entering safepoint region: Cleanup
[2019-12-09T02:45:07.157+0000][1][safepoint    ] Leaving safepoint region
[2019-12-09T02:45:07.157+0000][1][safepoint    ] Total time for which application threads were stopped: 0.0000887 seconds, Stopping threads took: 0.0000178 seconds
[2019-12-09T02:45:08.157+0000][1][safepoint    ] Application time: 1.0000771 seconds
[2019-12-09T02:45:08.158+0000][1][safepoint    ] Entering safepoint region: Cleanup
[2019-12-09T02:45:08.158+0000][1][safepoint    ] Leaving safepoint region
[2019-12-09T02:45:08.158+0000][1][safepoint    ] Total time for which application threads were stopped: 0.0000845 seconds, Stopping threads took: 0.0000181 seconds
[2019-12-09T02:45:09.158+0000][1][safepoint    ] Application time: 1.0000855 seconds
[2019-12-09T02:45:09.158+0000][1][safepoint    ] Entering safepoint region: Cleanup
[2019-12-09T02:45:09.158+0000][1][safepoint    ] Leaving safepoint region
[2019-12-09T02:45:09.158+0000][1][safepoint    ] Total time for which application threads were stopped: 0.0000865 seconds, Stopping threads took: 0.0000185 seconds
[2019-12-09T02:45:10.158+0000][1][safepoint    ] Application time: 1.0000809 seconds
[2019-12-09T02:45:10.158+0000][1][safepoint    ] Entering safepoint region: Cleanup
[2019-12-09T02:45:10.158+0000][1][safepoint    ] Leaving safepoint region
[2019-12-09T02:45:10.158+0000][1][safepoint    ] Total time for which application threads were stopped: 0.0000869 seconds, Stopping threads took: 0.0000197 seconds
[2019-12-09T02:45:11.158+0000][1][safepoint    ] Application time: 1.0000742 seconds
[2019-12-09T02:45:11.158+0000][1][safepoint    ] Entering safepoint region: Cleanup
[2019-12-09T02:45:11.158+0000][1][safepoint    ] Leaving safepoint region
[2019-12-09T02:45:11.158+0000][1][safepoint    ] Total time for which application threads were stopped: 0.0000853 seconds, Stopping threads took: 0.0000186 seconds
[2019-12-09T02:45:12.158+0000][1][safepoint    ] Application time: 1.0000753 seconds
[2019-12-09T02:45:12.158+0000][1][safepoint    ] Entering safepoint region: Cleanup
[2019-12-09T02:45:12.158+0000][1][safepoint    ] Leaving safepoint region
[2019-12-09T02:45:12.158+0000][1][safepoint    ] Total time for which application threads were stopped: 0.0000850 seconds, Stopping threads took: 0.0000188 seconds
[2019-12-09T02:45:13.159+0000][1][safepoint    ] Application time: 1.0000768 seconds
[2019-12-09T02:45:13.159+0000][1][safepoint    ] Entering safepoint region: Cleanup
[2019-12-09T02:45:13.159+0000][1][safepoint    ] Leaving safepoint region
[2019-12-09T02:45:13.159+0000][1][safepoint    ] Total time for which application threads were stopped: 0.0000841 seconds, Stopping threads took: 0.0000187 seconds
[2019-12-09T02:45:14.159+0000][1][safepoint    ] Application time: 1.0000776 seconds
[2019-12-09T02:45:14.159+0000][1][safepoint    ] Entering safepoint region: Cleanup
[2019-12-09T02:45:14.159+0000][1][safepoint    ] Leaving safepoint region
[2019-12-09T02:45:14.159+0000][1][safepoint    ] Total time for which application threads were stopped: 0.0000836 seconds, Stopping threads took: 0.0000176 seconds
[2019-12-09T02:45:14.169+0000][1][safepoint    ] Application time: 0.0098560 seconds
[2019-12-09T02:45:14.169+0000][1][safepoint    ] Entering safepoint region: GenCollectForAllocation
[2019-12-09T02:45:14.169+0000][1][gc,start     ] GC(34) Pause Young (Allocation Failure)
[2019-12-09T02:45:14.169+0000][1][gc,task      ] GC(34) Using 2 workers of 2 for evacuation
[2019-12-09T02:45:14.170+0000][1][gc,age       ] GC(34) Desired survivor size 4456448 bytes, new threshold 6 (max threshold 6)
[2019-12-09T02:45:14.171+0000][1][gc,age       ] GC(34) Age table with threshold 6 (max threshold 6)
[2019-12-09T02:45:14.171+0000][1][gc,age       ] GC(34) - age   1:      77864 bytes,      77864 total
[2019-12-09T02:45:14.171+0000][1][gc,age       ] GC(34) - age   2:       3448 bytes,      81312 total
[2019-12-09T02:45:14.171+0000][1][gc,age       ] GC(34) - age   3:        256 bytes,      81568 total
[2019-12-09T02:45:14.171+0000][1][gc,age       ] GC(34) - age   4:       1656 bytes,      83224 total
[2019-12-09T02:45:14.171+0000][1][gc,age       ] GC(34) - age   5:       3520 bytes,      86744 total
[2019-12-09T02:45:14.171+0000][1][gc,age       ] GC(34) - age   6:       3464 bytes,      90208 total
[2019-12-09T02:45:14.171+0000][1][gc,heap      ] GC(34) ParNew: 70101K->93K(78656K)
[2019-12-09T02:45:14.171+0000][1][gc,heap      ] GC(34) CMS: 70091K->70102K(174784K)
[2019-12-09T02:45:14.171+0000][1][gc,metaspace ] GC(34) Metaspace: 71118K->71118K(1114112K)
[2019-12-09T02:45:14.171+0000][1][gc           ] GC(34) Pause Young (Allocation Failure) 136M->68M(247M) 1.775ms
[2019-12-09T02:45:14.171+0000][1][gc,cpu       ] GC(34) User=0.00s Sys=0.00s Real=0.00s
[2019-12-09T02:45:14.171+0000][1][safepoint    ] Leaving safepoint region
[2019-12-09T02:45:14.171+0000][1][safepoint    ] Total time for which application threads were stopped: 0.0019060 seconds, Stopping threads took: 0.0000143 seconds
[2019-12-09T02:45:15.171+0000][1][safepoint    ] Application time: 1.0000916 seconds
[2019-12-09T02:45:15.171+0000][1][safepoint    ] Entering safepoint region: Cleanup
[2019-12-09T02:45:15.171+0000][1][safepoint    ] Leaving safepoint region
[2019-12-09T02:45:15.171+0000][1][safepoint    ] Total time for which application threads were stopped: 0.0001003 seconds, Stopping threads took: 0.0000319 seconds
[2019-12-09T02:45:16.171+0000][1][safepoint    ] Application time: 1.0000776 seconds
[2019-12-09T02:45:16.171+0000][1][safepoint    ] Entering safepoint region: Cleanup
[2019-12-09T02:45:16.171+0000][1][safepoint    ] Leaving safepoint region
[2019-12-09T02:45:16.171+0000][1][safepoint    ] Total time for which application threads were stopped: 0.0000894 seconds, Stopping threads took: 0.0000204 seconds
[2019-12-09T02:45:17.171+0000][1][safepoint    ] Application time: 1.0000768 seconds
[2019-12-09T02:45:17.171+0000][1][safepoint    ] Entering safepoint region: Cleanup
[2019-12-09T02:45:17.171+0000][1][safepoint    ] Leaving safepoint region
[2019-12-09T02:45:17.171+0000][1][safepoint    ] Total time for which application threads were stopped: 0.0000916 seconds, Stopping threads took: 0.0000189 seconds
[2019-12-09T02:45:18.171+0000][1][safepoint    ] Application time: 1.0000904 seconds
[2019-12-09T02:45:18.171+0000][1][safepoint    ] Entering safepoint region: Cleanup
[2019-12-09T02:45:18.172+0000][1][safepoint    ] Leaving safepoint region
[2019-12-09T02:45:18.172+0000][1][safepoint    ] Total time for which application threads were stopped: 0.0001214 seconds, Stopping threads took: 0.0000248 seconds
[2019-12-09T02:45:19.172+0000][1][safepoint    ] Application time: 1.0000806 seconds
[2019-12-09T02:45:19.172+0000][1][safepoint    ] Entering safepoint region: Cleanup
[2019-12-09T02:45:19.172+0000][1][safepoint    ] Leaving safepoint region
[2019-12-09T02:45:19.172+0000][1][safepoint    ] Total time for which application threads were stopped: 0.0001250 seconds, Stopping threads took: 0.0000505 seconds
[2019-12-09T02:45:20.172+0000][1][safepoint    ] Application time: 1.0000836 seconds
[2019-12-09T02:45:20.172+0000][1][safepoint    ] Entering safepoint region: Cleanup
[2019-12-09T02:45:20.172+0000][1][safepoint    ] Leaving safepoint region
[2019-12-09T02:45:20.172+0000][1][safepoint    ] Total time for which application threads were stopped: 0.0000964 seconds, Stopping threads took: 0.0000286 seconds
[2019-12-09T02:45:21.172+0000][1][safepoint    ] Application time: 1.0000769 seconds
[2019-12-09T02:45:21.172+0000][1][safepoint    ] Entering safepoint region: Cleanup
[2019-12-09T02:45:21.172+0000][1][safepoint    ] Leaving safepoint region
[2019-12-09T02:45:21.172+0000][1][safepoint    ] Total time for which application threads were stopped: 0.0000834 seconds, Stopping threads took: 0.0000188 seconds
[2019-12-09T02:45:22.172+0000][1][safepoint    ] Application time: 1.0000757 seconds
[2019-12-09T02:45:22.172+0000][1][safepoint    ] Entering safepoint region: Cleanup
[2019-12-09T02:45:22.172+0000][1][safepoint    ] Leaving safepoint region
[2019-12-09T02:45:22.172+0000][1][safepoint    ] Total time for which application threads were stopped: 0.0000855 seconds, Stopping threads took: 0.0000189 seconds
[2019-12-09T02:45:23.173+0000][1][safepoint    ] Application time: 1.0000765 seconds
[2019-12-09T02:45:23.173+0000][1][safepoint    ] Entering safepoint region: Cleanup
[2019-12-09T02:45:23.173+0000][1][safepoint    ] Leaving safepoint region
[2019-12-09T02:45:23.173+0000][1][safepoint    ] Total time for which application threads were stopped: 0.0001073 seconds, Stopping threads took: 0.0000283 seconds
[2019-12-09T02:45:24.173+0000][1][safepoint    ] Application time: 1.0000768 seconds
[2019-12-09T02:45:24.173+0000][1][safepoint    ] Entering safepoint region: Cleanup
[2019-12-09T02:45:24.173+0000][1][safepoint    ] Leaving safepoint region
[2019-12-09T02:45:24.173+0000][1][safepoint    ] Total time for which application threads were stopped: 0.0000846 seconds, Stopping threads took: 0.0000179 seconds
[2019-12-09T02:45:25.173+0000][1][safepoint    ] Application time: 1.0000757 seconds
[2019-12-09T02:45:25.173+0000][1][safepoint    ] Entering safepoint region: Cleanup
[2019-12-09T02:45:25.173+0000][1][safepoint    ] Leaving safepoint region
[2019-12-09T02:45:25.173+0000][1][safepoint    ] Total time for which application threads were stopped: 0.0000843 seconds, Stopping threads took: 0.0000190 seconds
[2019-12-09T02:45:26.173+0000][1][safepoint    ] Application time: 1.0000782 seconds
[2019-12-09T02:45:26.173+0000][1][safepoint    ] Entering safepoint region: Cleanup
[2019-12-09T02:45:26.173+0000][1][safepoint    ] Leaving safepoint region
[2019-12-09T02:45:26.173+0000][1][safepoint    ] Total time for which application threads were stopped: 0.0000871 seconds, Stopping threads took: 0.0000197 seconds
[2019-12-09T02:45:27.173+0000][1][safepoint    ] Application time: 1.0000780 seconds
[2019-12-09T02:45:27.173+0000][1][safepoint    ] Entering safepoint region: Cleanup
[2019-12-09T02:45:27.174+0000][1][safepoint    ] Leaving safepoint region
[2019-12-09T02:45:27.174+0000][1][safepoint    ] Total time for which application threads were stopped: 0.0000845 seconds, Stopping threads took: 0.0000186 seconds
[2019-12-09T02:45:28.174+0000][1][safepoint    ] Application time: 1.0000749 seconds
[2019-12-09T02:45:28.174+0000][1][safepoint    ] Entering safepoint region: Cleanup
[2019-12-09T02:45:28.174+0000][1][safepoint    ] Leaving safepoint region
[2019-12-09T02:45:28.174+0000][1][safepoint    ] Total time for which application threads were stopped: 0.0000978 seconds, Stopping threads took: 0.0000161 seconds
[2019-12-09T02:45:29.174+0000][1][safepoint    ] Application time: 1.0000769 seconds
[2019-12-09T02:45:29.174+0000][1][safepoint    ] Entering safepoint region: Cleanup
[2019-12-09T02:45:29.174+0000][1][safepoint    ] Leaving safepoint region
[2019-12-09T02:45:29.174+0000][1][safepoint    ] Total time for which application threads were stopped: 0.0000846 seconds, Stopping threads took: 0.0000187 seconds
[2019-12-09T02:45:30.174+0000][1][safepoint    ] Application time: 1.0000751 seconds
[2019-12-09T02:45:30.174+0000][1][safepoint    ] Entering safepoint region: Cleanup
[2019-12-09T02:45:30.174+0000][1][safepoint    ] Leaving safepoint region
[2019-12-09T02:45:30.174+0000][1][safepoint    ] Total time for which application threads were stopped: 0.0000811 seconds, Stopping threads took: 0.0000175 seconds
[2019-12-09T02:45:31.174+0000][1][safepoint    ] Application time: 1.0000764 seconds
[2019-12-09T02:45:31.174+0000][1][safepoint    ] Entering safepoint region: Cleanup
[2019-12-09T02:45:31.174+0000][1][safepoint    ] Leaving safepoint region
[2019-12-09T02:45:31.174+0000][1][safepoint    ] Total time for which application threads were stopped: 0.0000847 seconds, Stopping threads took: 0.0000187 seconds
[2019-12-09T02:45:32.174+0000][1][safepoint    ] Application time: 1.0000759 seconds
[2019-12-09T02:45:32.174+0000][1][safepoint    ] Entering safepoint region: Cleanup
[2019-12-09T02:45:32.175+0000][1][safepoint    ] Leaving safepoint region
[2019-12-09T02:45:32.175+0000][1][safepoint    ] Total time for which application threads were stopped: 0.0000950 seconds, Stopping threads took: 0.0000181 seconds
[2019-12-09T02:45:33.175+0000][1][safepoint    ] Application time: 1.0000753 seconds
[2019-12-09T02:45:33.175+0000][1][safepoint    ] Entering safepoint region: Cleanup
[2019-12-09T02:45:33.175+0000][1][safepoint    ] Leaving safepoint region
[2019-12-09T02:45:33.175+0000][1][safepoint    ] Total time for which application threads were stopped: 0.0000911 seconds, Stopping threads took: 0.0000279 seconds
[2019-12-09T02:45:34.175+0000][1][safepoint    ] Application time: 1.0000755 seconds
[2019-12-09T02:45:34.175+0000][1][safepoint    ] Entering safepoint region: Cleanup
[2019-12-09T02:45:34.175+0000][1][safepoint    ] Leaving safepoint region
[2019-12-09T02:45:34.175+0000][1][safepoint    ] Total time for which application threads were stopped: 0.0000869 seconds, Stopping threads took: 0.0000187 seconds
[2019-12-09T02:45:35.175+0000][1][safepoint    ] Application time: 1.0000743 seconds
[2019-12-09T02:45:35.175+0000][1][safepoint    ] Entering safepoint region: Cleanup
[2019-12-09T02:45:35.175+0000][1][safepoint    ] Leaving safepoint region
[2019-12-09T02:45:35.175+0000][1][safepoint    ] Total time for which application threads were stopped: 0.0001074 seconds, Stopping threads took: 0.0000282 seconds
[2019-12-09T02:45:36.175+0000][1][safepoint    ] Application time: 1.0000744 seconds
[2019-12-09T02:45:36.175+0000][1][safepoint    ] Entering safepoint region: Cleanup
[2019-12-09T02:45:36.175+0000][1][safepoint    ] Leaving safepoint region
[2019-12-09T02:45:36.175+0000][1][safepoint    ] Total time for which application threads were stopped: 0.0000843 seconds, Stopping threads took: 0.0000201 seconds
[2019-12-09T02:45:37.176+0000][1][safepoint    ] Application time: 1.0000761 seconds
[2019-12-09T02:45:37.176+0000][1][safepoint    ] Entering safepoint region: Cleanup
[2019-12-09T02:45:37.176+0000][1][safepoint    ] Leaving safepoint region
[2019-12-09T02:45:37.176+0000][1][safepoint    ] Total time for which application threads were stopped: 0.0000811 seconds, Stopping threads took: 0.0000176 seconds
[2019-12-09T02:45:38.176+0000][1][safepoint    ] Application time: 1.0000751 seconds
[2019-12-09T02:45:38.176+0000][1][safepoint    ] Entering safepoint region: Cleanup
[2019-12-09T02:45:38.176+0000][1][safepoint    ] Leaving safepoint region
[2019-12-09T02:45:38.176+0000][1][safepoint    ] Total time for which application threads were stopped: 0.0000802 seconds, Stopping threads took: 0.0000179 seconds
[2019-12-09T02:45:39.176+0000][1][safepoint    ] Application time: 1.0000743 seconds
[2019-12-09T02:45:39.176+0000][1][safepoint    ] Entering safepoint region: Cleanup
[2019-12-09T02:45:39.176+0000][1][safepoint    ] Leaving safepoint region
[2019-12-09T02:45:39.176+0000][1][safepoint    ] Total time for which application threads were stopped: 0.0000809 seconds, Stopping threads took: 0.0000163 seconds
[2019-12-09T02:45:40.176+0000][1][safepoint    ] Application time: 1.0000741 seconds
[2019-12-09T02:45:40.176+0000][1][safepoint    ] Entering safepoint region: Cleanup
[2019-12-09T02:45:40.176+0000][1][safepoint    ] Leaving safepoint region
[2019-12-09T02:45:40.176+0000][1][safepoint    ] Total time for which application threads were stopped: 0.0000829 seconds, Stopping threads took: 0.0000179 seconds
[2019-12-09T02:45:41.176+0000][1][safepoint    ] Application time: 1.0000753 seconds
[2019-12-09T02:45:41.176+0000][1][safepoint    ] Entering safepoint region: Cleanup
[2019-12-09T02:45:41.176+0000][1][safepoint    ] Leaving safepoint region
[2019-12-09T02:45:41.176+0000][1][safepoint    ] Total time for which application threads were stopped: 0.0000821 seconds, Stopping threads took: 0.0000189 seconds
[2019-12-09T02:45:42.176+0000][1][safepoint    ] Application time: 1.0000749 seconds
[2019-12-09T02:45:42.177+0000][1][safepoint    ] Entering safepoint region: Cleanup
[2019-12-09T02:45:42.177+0000][1][safepoint    ] Leaving safepoint region
[2019-12-09T02:45:42.177+0000][1][safepoint    ] Total time for which application threads were stopped: 0.0000783 seconds, Stopping threads took: 0.0000179 seconds
[2019-12-09T02:45:43.177+0000][1][safepoint    ] Application time: 1.0000739 seconds
[2019-12-09T02:45:43.177+0000][1][safepoint    ] Entering safepoint region: Cleanup
[2019-12-09T02:45:43.177+0000][1][safepoint    ] Leaving safepoint region
[2019-12-09T02:45:43.177+0000][1][safepoint    ] Total time for which application threads were stopped: 0.0000850 seconds, Stopping threads took: 0.0000241 seconds
[2019-12-09T02:45:44.177+0000][1][safepoint    ] Application time: 1.0000757 seconds
[2019-12-09T02:45:44.177+0000][1][safepoint    ] Entering safepoint region: Cleanup
[2019-12-09T02:45:44.177+0000][1][safepoint    ] Leaving safepoint region
[2019-12-09T02:45:44.177+0000][1][safepoint    ] Total time for which application threads were stopped: 0.0000768 seconds, Stopping threads took: 0.0000175 seconds
[2019-12-09T02:45:45.177+0000][1][safepoint    ] Application time: 1.0000736 seconds
[2019-12-09T02:45:45.177+0000][1][safepoint    ] Entering safepoint region: Cleanup
[2019-12-09T02:45:45.177+0000][1][safepoint    ] Leaving safepoint region
[2019-12-09T02:45:45.177+0000][1][safepoint    ] Total time for which application threads were stopped: 0.0000892 seconds, Stopping threads took: 0.0000254 seconds
[2019-12-09T02:45:46.177+0000][1][safepoint    ] Application time: 1.0000749 seconds
[2019-12-09T02:45:46.177+0000][1][safepoint    ] Entering safepoint region: Cleanup
[2019-12-09T02:45:46.177+0000][1][safepoint    ] Leaving safepoint region
[2019-12-09T02:45:46.177+0000][1][safepoint    ] Total time for which application threads were stopped: 0.0000812 seconds, Stopping threads took: 0.0000178 seconds
[2019-12-09T02:45:47.177+0000][1][safepoint    ] Application time: 1.0000746 seconds
[2019-12-09T02:45:47.177+0000][1][safepoint    ] Entering safepoint region: Cleanup
[2019-12-09T02:45:47.178+0000][1][safepoint    ] Leaving safepoint region
[2019-12-09T02:45:47.178+0000][1][safepoint    ] Total time for which application threads were stopped: 0.0000788 seconds, Stopping threads took: 0.0000189 seconds
[2019-12-09T02:45:48.178+0000][1][safepoint    ] Application time: 1.0000884 seconds
[2019-12-09T02:45:48.178+0000][1][safepoint    ] Entering safepoint region: Cleanup
[2019-12-09T02:45:48.178+0000][1][safepoint    ] Leaving safepoint region
[2019-12-09T02:45:48.178+0000][1][safepoint    ] Total time for which application threads were stopped: 0.0001140 seconds, Stopping threads took: 0.0000291 seconds
[2019-12-09T02:45:49.178+0000][1][safepoint    ] Application time: 1.0000754 seconds
[2019-12-09T02:45:49.178+0000][1][safepoint    ] Entering safepoint region: Cleanup
[2019-12-09T02:45:49.178+0000][1][safepoint    ] Leaving safepoint region
[2019-12-09T02:45:49.178+0000][1][safepoint    ] Total time for which application threads were stopped: 0.0000779 seconds, Stopping threads took: 0.0000179 seconds
[2019-12-09T02:45:50.178+0000][1][safepoint    ] Application time: 1.0000750 seconds
[2019-12-09T02:45:50.178+0000][1][safepoint    ] Entering safepoint region: Cleanup
[2019-12-09T02:45:50.178+0000][1][safepoint    ] Leaving safepoint region
[2019-12-09T02:45:50.178+0000][1][safepoint    ] Total time for which application threads were stopped: 0.0000832 seconds, Stopping threads took: 0.0000199 seconds
[2019-12-09T02:45:51.178+0000][1][safepoint    ] Application time: 1.0000757 seconds
[2019-12-09T02:45:51.178+0000][1][safepoint    ] Entering safepoint region: Cleanup
[2019-12-09T02:45:51.178+0000][1][safepoint    ] Leaving safepoint region
[2019-12-09T02:45:51.178+0000][1][safepoint    ] Total time for which application threads were stopped: 0.0000795 seconds, Stopping threads took: 0.0000182 seconds
[2019-12-09T02:45:52.178+0000][1][safepoint    ] Application time: 1.0000758 seconds
[2019-12-09T02:45:52.179+0000][1][safepoint    ] Entering safepoint region: Cleanup
[2019-12-09T02:45:52.179+0000][1][safepoint    ] Leaving safepoint region
[2019-12-09T02:45:52.179+0000][1][safepoint    ] Total time for which application threads were stopped: 0.0000749 seconds, Stopping threads took: 0.0000168 seconds
[2019-12-09T02:45:53.179+0000][1][safepoint    ] Application time: 1.0000753 seconds
[2019-12-09T02:45:53.179+0000][1][safepoint    ] Entering safepoint region: Cleanup
[2019-12-09T02:45:53.179+0000][1][safepoint    ] Leaving safepoint region
[2019-12-09T02:45:53.179+0000][1][safepoint    ] Total time for which application threads were stopped: 0.0000951 seconds, Stopping threads took: 0.0000287 seconds
[2019-12-09T02:45:54.179+0000][1][safepoint    ] Application time: 1.0000761 seconds
[2019-12-09T02:45:54.179+0000][1][safepoint    ] Entering safepoint region: Cleanup
[2019-12-09T02:45:54.179+0000][1][safepoint    ] Leaving safepoint region
[2019-12-09T02:45:54.179+0000][1][safepoint    ] Total time for which application threads were stopped: 0.0000811 seconds, Stopping threads took: 0.0000180 seconds
[2019-12-09T02:45:55.179+0000][1][safepoint    ] Application time: 1.0000746 seconds
[2019-12-09T02:45:55.179+0000][1][safepoint    ] Entering safepoint region: Cleanup
[2019-12-09T02:45:55.179+0000][1][safepoint    ] Leaving safepoint region
[2019-12-09T02:45:55.179+0000][1][safepoint    ] Total time for which application threads were stopped: 0.0000845 seconds, Stopping threads took: 0.0000197 seconds
[2019-12-09T02:45:56.179+0000][1][safepoint    ] Application time: 1.0000749 seconds
[2019-12-09T02:45:56.179+0000][1][safepoint    ] Entering safepoint region: Cleanup
[2019-12-09T02:45:56.179+0000][1][safepoint    ] Leaving safepoint region
[2019-12-09T02:45:56.179+0000][1][safepoint    ] Total time for which application threads were stopped: 0.0000813 seconds, Stopping threads took: 0.0000188 seconds
[2019-12-09T02:45:57.179+0000][1][safepoint    ] Application time: 1.0000803 seconds
[2019-12-09T02:45:57.180+0000][1][safepoint    ] Entering safepoint region: Cleanup
[2019-12-09T02:45:57.180+0000][1][safepoint    ] Leaving safepoint region
[2019-12-09T02:45:57.180+0000][1][safepoint    ] Total time for which application threads were stopped: 0.0000805 seconds, Stopping threads took: 0.0000195 seconds
[2019-12-09T02:45:58.180+0000][1][safepoint    ] Application time: 1.0000729 seconds
[2019-12-09T02:45:58.180+0000][1][safepoint    ] Entering safepoint region: Cleanup
[2019-12-09T02:45:58.180+0000][1][safepoint    ] Leaving safepoint region
[2019-12-09T02:45:58.180+0000][1][safepoint    ] Total time for which application threads were stopped: 0.0000861 seconds, Stopping threads took: 0.0000175 seconds
[2019-12-09T02:45:59.180+0000][1][safepoint    ] Application time: 1.0000762 seconds
[2019-12-09T02:45:59.180+0000][1][safepoint    ] Entering safepoint region: Cleanup
[2019-12-09T02:45:59.180+0000][1][safepoint    ] Leaving safepoint region
[2019-12-09T02:45:59.180+0000][1][safepoint    ] Total time for which application threads were stopped: 0.0000796 seconds, Stopping threads took: 0.0000196 seconds
[2019-12-09T02:46:00.180+0000][1][safepoint    ] Application time: 1.0000754 seconds
[2019-12-09T02:46:00.180+0000][1][safepoint    ] Entering safepoint region: Cleanup
[2019-12-09T02:46:00.180+0000][1][safepoint    ] Leaving safepoint region
[2019-12-09T02:46:00.180+0000][1][safepoint    ] Total time for which application threads were stopped: 0.0000766 seconds, Stopping threads took: 0.0000168 seconds
[2019-12-09T02:46:01.180+0000][1][safepoint    ] Application time: 1.0000763 seconds
[2019-12-09T02:46:01.180+0000][1][safepoint    ] Entering safepoint region: Cleanup
[2019-12-09T02:46:01.180+0000][1][safepoint    ] Leaving safepoint region
[2019-12-09T02:46:01.180+0000][1][safepoint    ] Total time for which application threads were stopped: 0.0000894 seconds, Stopping threads took: 0.0000205 seconds
[2019-12-09T02:46:02.180+0000][1][safepoint    ] Application time: 1.0000842 seconds
[2019-12-09T02:46:02.181+0000][1][safepoint    ] Entering safepoint region: Cleanup
[2019-12-09T02:46:02.181+0000][1][safepoint    ] Leaving safepoint region
[2019-12-09T02:46:02.181+0000][1][safepoint    ] Total time for which application threads were stopped: 0.0001160 seconds, Stopping threads took: 0.0000275 seconds
[2019-12-09T02:46:03.181+0000][1][safepoint    ] Application time: 1.0000772 seconds
[2019-12-09T02:46:03.181+0000][1][safepoint    ] Entering safepoint region: Cleanup
[2019-12-09T02:46:03.181+0000][1][safepoint    ] Leaving safepoint region
[2019-12-09T02:46:03.181+0000][1][safepoint    ] Total time for which application threads were stopped: 0.0000927 seconds, Stopping threads took: 0.0000190 seconds
[2019-12-09T02:46:04.181+0000][1][safepoint    ] Application time: 1.0000817 seconds
[2019-12-09T02:46:04.181+0000][1][safepoint    ] Entering safepoint region: Cleanup
[2019-12-09T02:46:04.181+0000][1][safepoint    ] Leaving safepoint region
[2019-12-09T02:46:04.181+0000][1][safepoint    ] Total time for which application threads were stopped: 0.0000802 seconds, Stopping threads took: 0.0000182 seconds
[2019-12-09T02:46:05.181+0000][1][safepoint    ] Application time: 1.0000823 seconds
[2019-12-09T02:46:05.181+0000][1][safepoint    ] Entering safepoint region: Cleanup
[2019-12-09T02:46:05.181+0000][1][safepoint    ] Leaving safepoint region
[2019-12-09T02:46:05.181+0000][1][safepoint    ] Total time for which application threads were stopped: 0.0000896 seconds, Stopping threads took: 0.0000270 seconds
[2019-12-09T02:46:06.181+0000][1][safepoint    ] Application time: 1.0000769 seconds
[2019-12-09T02:46:06.181+0000][1][safepoint    ] Entering safepoint region: Cleanup
[2019-12-09T02:46:06.181+0000][1][safepoint    ] Leaving safepoint region
[2019-12-09T02:46:06.181+0000][1][safepoint    ] Total time for which application threads were stopped: 0.0000811 seconds, Stopping threads took: 0.0000185 seconds
[2019-12-09T02:46:07.182+0000][1][safepoint    ] Application time: 1.0000743 seconds
[2019-12-09T02:46:07.182+0000][1][safepoint    ] Entering safepoint region: Cleanup
[2019-12-09T02:46:07.182+0000][1][safepoint    ] Leaving safepoint region
[2019-12-09T02:46:07.182+0000][1][safepoint    ] Total time for which application threads were stopped: 0.0000801 seconds, Stopping threads took: 0.0000194 seconds
[2019-12-09T02:46:08.182+0000][1][safepoint    ] Application time: 1.0000753 seconds
[2019-12-09T02:46:08.182+0000][1][safepoint    ] Entering safepoint region: Cleanup
[2019-12-09T02:46:08.182+0000][1][safepoint    ] Leaving safepoint region
[2019-12-09T02:46:08.182+0000][1][safepoint    ] Total time for which application threads were stopped: 0.0000764 seconds, Stopping threads took: 0.0000172 seconds
[2019-12-09T02:46:09.182+0000][1][safepoint    ] Application time: 1.0000776 seconds
[2019-12-09T02:46:09.182+0000][1][safepoint    ] Entering safepoint region: Cleanup
[2019-12-09T02:46:09.182+0000][1][safepoint    ] Leaving safepoint region
[2019-12-09T02:46:09.182+0000][1][safepoint    ] Total time for which application threads were stopped: 0.0000811 seconds, Stopping threads took: 0.0000197 seconds
[2019-12-09T02:46:10.182+0000][1][safepoint    ] Application time: 1.0000749 seconds
[2019-12-09T02:46:10.182+0000][1][safepoint    ] Entering safepoint region: Cleanup
[2019-12-09T02:46:10.182+0000][1][safepoint    ] Leaving safepoint region
[2019-12-09T02:46:10.182+0000][1][safepoint    ] Total time for which application threads were stopped: 0.0000792 seconds, Stopping threads took: 0.0000186 seconds
[2019-12-09T02:46:11.182+0000][1][safepoint    ] Application time: 1.0000754 seconds
[2019-12-09T02:46:11.182+0000][1][safepoint    ] Entering safepoint region: Cleanup
[2019-12-09T02:46:11.182+0000][1][safepoint    ] Leaving safepoint region
[2019-12-09T02:46:11.182+0000][1][safepoint    ] Total time for which application threads were stopped: 0.0000818 seconds, Stopping threads took: 0.0000193 seconds
[2019-12-09T02:46:12.182+0000][1][safepoint    ] Application time: 1.0000756 seconds
[2019-12-09T02:46:12.183+0000][1][safepoint    ] Entering safepoint region: Cleanup
[2019-12-09T02:46:12.183+0000][1][safepoint    ] Leaving safepoint region
[2019-12-09T02:46:12.183+0000][1][safepoint    ] Total time for which application threads were stopped: 0.0000804 seconds, Stopping threads took: 0.0000181 seconds
[2019-12-09T02:46:13.183+0000][1][safepoint    ] Application time: 1.0000748 seconds
[2019-12-09T02:46:13.183+0000][1][safepoint    ] Entering safepoint region: Cleanup
[2019-12-09T02:46:13.183+0000][1][safepoint    ] Leaving safepoint region
[2019-12-09T02:46:13.183+0000][1][safepoint    ] Total time for which application threads were stopped: 0.0000877 seconds, Stopping threads took: 0.0000185 seconds
[2019-12-09T02:46:14.183+0000][1][safepoint    ] Application time: 1.0000771 seconds
[2019-12-09T02:46:14.183+0000][1][safepoint    ] Entering safepoint region: Cleanup
[2019-12-09T02:46:14.183+0000][1][safepoint    ] Leaving safepoint region
[2019-12-09T02:46:14.183+0000][1][safepoint    ] Total time for which application threads were stopped: 0.0000802 seconds, Stopping threads took: 0.0000195 seconds
[2019-12-09T02:46:15.183+0000][1][safepoint    ] Application time: 1.0000757 seconds
[2019-12-09T02:46:15.183+0000][1][safepoint    ] Entering safepoint region: Cleanup
[2019-12-09T02:46:15.183+0000][1][safepoint    ] Leaving safepoint region
[2019-12-09T02:46:15.183+0000][1][safepoint    ] Total time for which application threads were stopped: 0.0000855 seconds, Stopping threads took: 0.0000254 seconds
[2019-12-09T02:46:16.183+0000][1][safepoint    ] Application time: 1.0000761 seconds
[2019-12-09T02:46:16.183+0000][1][safepoint    ] Entering safepoint region: Cleanup
[2019-12-09T02:46:16.183+0000][1][safepoint    ] Leaving safepoint region
[2019-12-09T02:46:16.183+0000][1][safepoint    ] Total time for which application threads were stopped: 0.0000804 seconds, Stopping threads took: 0.0000182 seconds
[2019-12-09T02:46:17.183+0000][1][safepoint    ] Application time: 1.0000765 seconds
[2019-12-09T02:46:17.183+0000][1][safepoint    ] Entering safepoint region: Cleanup
[2019-12-09T02:46:17.184+0000][1][safepoint    ] Leaving safepoint region
[2019-12-09T02:46:17.184+0000][1][safepoint    ] Total time for which application threads were stopped: 0.0000769 seconds, Stopping threads took: 0.0000172 seconds
[2019-12-09T02:46:18.184+0000][1][safepoint    ] Application time: 1.0000882 seconds
[2019-12-09T02:46:18.184+0000][1][safepoint    ] Entering safepoint region: Cleanup
[2019-12-09T02:46:18.184+0000][1][safepoint    ] Leaving safepoint region
[2019-12-09T02:46:18.184+0000][1][safepoint    ] Total time for which application threads were stopped: 0.0001071 seconds, Stopping threads took: 0.0000230 seconds
[2019-12-09T02:46:19.184+0000][1][safepoint    ] Application time: 1.0000759 seconds
[2019-12-09T02:46:19.184+0000][1][safepoint    ] Entering safepoint region: Cleanup
[2019-12-09T02:46:19.184+0000][1][safepoint    ] Leaving safepoint region
[2019-12-09T02:46:19.184+0000][1][safepoint    ] Total time for which application threads were stopped: 0.0000806 seconds, Stopping threads took: 0.0000183 seconds
[2019-12-09T02:46:20.184+0000][1][safepoint    ] Application time: 1.0000748 seconds
[2019-12-09T02:46:20.184+0000][1][safepoint    ] Entering safepoint region: Cleanup
[2019-12-09T02:46:20.184+0000][1][safepoint    ] Leaving safepoint region
[2019-12-09T02:46:20.184+0000][1][safepoint    ] Total time for which application threads were stopped: 0.0000865 seconds, Stopping threads took: 0.0000254 seconds
[2019-12-09T02:46:21.184+0000][1][safepoint    ] Application time: 1.0000755 seconds
[2019-12-09T02:46:21.184+0000][1][safepoint    ] Entering safepoint region: Cleanup
[2019-12-09T02:46:21.184+0000][1][safepoint    ] Leaving safepoint region
[2019-12-09T02:46:21.184+0000][1][safepoint    ] Total time for which application threads were stopped: 0.0000788 seconds, Stopping threads took: 0.0000190 seconds
[2019-12-09T02:46:22.184+0000][1][safepoint    ] Application time: 1.0000759 seconds
[2019-12-09T02:46:22.185+0000][1][safepoint    ] Entering safepoint region: Cleanup
[2019-12-09T02:46:22.185+0000][1][safepoint    ] Leaving safepoint region
[2019-12-09T02:46:22.185+0000][1][safepoint    ] Total time for which application threads were stopped: 0.0000801 seconds, Stopping threads took: 0.0000180 seconds
[2019-12-09T02:46:24.196+0000][1][safepoint    ] Application time: 2.0110972 seconds
[2019-12-09T02:46:24.196+0000][1][safepoint    ] Entering safepoint region: GenCollectForAllocation
[2019-12-09T02:46:24.196+0000][1][gc,start     ] GC(35) Pause Young (Allocation Failure)
[2019-12-09T02:46:24.196+0000][1][gc,task      ] GC(35) Using 2 workers of 2 for evacuation
[2019-12-09T02:46:24.197+0000][1][gc,age       ] GC(35) Desired survivor size 4456448 bytes, new threshold 6 (max threshold 6)
[2019-12-09T02:46:24.197+0000][1][gc,age       ] GC(35) Age table with threshold 6 (max threshold 6)
[2019-12-09T02:46:24.197+0000][1][gc,age       ] GC(35) - age   1:      75512 bytes,      75512 total
[2019-12-09T02:46:24.197+0000][1][gc,age       ] GC(35) - age   2:       3152 bytes,      78664 total
[2019-12-09T02:46:24.198+0000][1][gc,age       ] GC(35) - age   3:       3448 bytes,      82112 total
[2019-12-09T02:46:24.198+0000][1][gc,age       ] GC(35) - age   4:        256 bytes,      82368 total
[2019-12-09T02:46:24.198+0000][1][gc,age       ] GC(35) - age   5:       1656 bytes,      84024 total
[2019-12-09T02:46:24.198+0000][1][gc,age       ] GC(35) - age   6:       3520 bytes,      87544 total
[2019-12-09T02:46:24.198+0000][1][gc,heap      ] GC(35) ParNew: 70045K->102K(78656K)
[2019-12-09T02:46:24.198+0000][1][gc,heap      ] GC(35) CMS: 70102K->70106K(174784K)
[2019-12-09T02:46:24.198+0000][1][gc,metaspace ] GC(35) Metaspace: 71132K->71132K(1114112K)
[2019-12-09T02:46:24.198+0000][1][gc           ] GC(35) Pause Young (Allocation Failure) 136M->68M(247M) 1.706ms
[2019-12-09T02:46:24.198+0000][1][gc,cpu       ] GC(35) User=0.00s Sys=0.00s Real=0.00s
[2019-12-09T02:46:24.198+0000][1][safepoint    ] Leaving safepoint region
[2019-12-09T02:46:24.198+0000][1][safepoint    ] Total time for which application threads were stopped: 0.0018585 seconds, Stopping threads took: 0.0000181 seconds
[2019-12-09T02:46:32.198+0000][1][safepoint    ] Application time: 8.0005543 seconds
[2019-12-09T02:46:32.198+0000][1][safepoint    ] Entering safepoint region: Cleanup
[2019-12-09T02:46:32.198+0000][1][safepoint    ] Leaving safepoint region
[2019-12-09T02:46:32.198+0000][1][safepoint    ] Total time for which application threads were stopped: 0.0000928 seconds, Stopping threads took: 0.0000259 seconds
[2019-12-09T02:46:34.198+0000][1][safepoint    ] Application time: 2.0001399 seconds
[2019-12-09T02:46:34.198+0000][1][safepoint    ] Entering safepoint region: Cleanup
[2019-12-09T02:46:34.199+0000][1][safepoint    ] Leaving safepoint region
[2019-12-09T02:46:34.199+0000][1][safepoint    ] Total time for which application threads were stopped: 0.0000874 seconds, Stopping threads took: 0.0000191 seconds
[2019-12-09T02:46:40.199+0000][1][safepoint    ] Application time: 6.0004034 seconds
[2019-12-09T02:46:40.199+0000][1][safepoint    ] Entering safepoint region: Cleanup
[2019-12-09T02:46:40.199+0000][1][safepoint    ] Leaving safepoint region
[2019-12-09T02:46:40.199+0000][1][safepoint    ] Total time for which application threads were stopped: 0.0000810 seconds, Stopping threads took: 0.0000177 seconds
[2019-12-09T02:46:48.200+0000][1][safepoint    ] Application time: 8.0005518 seconds
[2019-12-09T02:46:48.200+0000][1][safepoint    ] Entering safepoint region: Cleanup
[2019-12-09T02:46:48.200+0000][1][safepoint    ] Leaving safepoint region
[2019-12-09T02:46:48.200+0000][1][safepoint    ] Total time for which application threads were stopped: 0.0000995 seconds, Stopping threads took: 0.0000365 seconds
[2019-12-09T02:47:02.201+0000][1][safepoint    ] Application time: 14.0009444 seconds
[2019-12-09T02:47:02.201+0000][1][safepoint    ] Entering safepoint region: Cleanup
[2019-12-09T02:47:02.201+0000][1][safepoint    ] Leaving safepoint region
[2019-12-09T02:47:02.201+0000][1][safepoint    ] Total time for which application threads were stopped: 0.0000894 seconds, Stopping threads took: 0.0000257 seconds
[2019-12-09T02:47:12.202+0000][1][safepoint    ] Application time: 10.0006777 seconds
[2019-12-09T02:47:12.202+0000][1][safepoint    ] Entering safepoint region: Cleanup
[2019-12-09T02:47:12.202+0000][1][safepoint    ] Leaving safepoint region
[2019-12-09T02:47:12.202+0000][1][safepoint    ] Total time for which application threads were stopped: 0.0000918 seconds, Stopping threads took: 0.0000264 seconds
[2019-12-09T02:47:13.202+0000][1][safepoint    ] Application time: 1.0000809 seconds
[2019-12-09T02:47:13.202+0000][1][safepoint    ] Entering safepoint region: Cleanup
[2019-12-09T02:47:13.202+0000][1][safepoint    ] Leaving safepoint region
[2019-12-09T02:47:13.202+0000][1][safepoint    ] Total time for which application threads were stopped: 0.0000825 seconds, Stopping threads took: 0.0000187 seconds
[2019-12-09T02:47:16.202+0000][1][safepoint    ] Application time: 3.0002092 seconds
[2019-12-09T02:47:16.202+0000][1][safepoint    ] Entering safepoint region: Cleanup
[2019-12-09T02:47:16.202+0000][1][safepoint    ] Leaving safepoint region
[2019-12-09T02:47:16.202+0000][1][safepoint    ] Total time for which application threads were stopped: 0.0000852 seconds, Stopping threads took: 0.0000181 seconds
[2019-12-09T02:47:17.202+0000][1][safepoint    ] Application time: 1.0000750 seconds
[2019-12-09T02:47:17.202+0000][1][safepoint    ] Entering safepoint region: Cleanup
[2019-12-09T02:47:17.202+0000][1][safepoint    ] Leaving safepoint region
[2019-12-09T02:47:17.202+0000][1][safepoint    ] Total time for which application threads were stopped: 0.0000868 seconds, Stopping threads took: 0.0000199 seconds
[2019-12-09T02:47:34.222+0000][1][safepoint    ] Application time: 17.0199374 seconds
[2019-12-09T02:47:34.222+0000][1][safepoint    ] Entering safepoint region: GenCollectForAllocation
[2019-12-09T02:47:34.223+0000][1][gc,start     ] GC(36) Pause Young (Allocation Failure)
[2019-12-09T02:47:34.223+0000][1][gc,task      ] GC(36) Using 2 workers of 2 for evacuation
[2019-12-09T02:47:34.224+0000][1][gc,age       ] GC(36) Desired survivor size 4456448 bytes, new threshold 6 (max threshold 6)
[2019-12-09T02:47:34.224+0000][1][gc,age       ] GC(36) Age table with threshold 6 (max threshold 6)
[2019-12-09T02:47:34.224+0000][1][gc,age       ] GC(36) - age   1:      77944 bytes,      77944 total
[2019-12-09T02:47:34.224+0000][1][gc,age       ] GC(36) - age   2:        840 bytes,      78784 total
[2019-12-09T02:47:34.224+0000][1][gc,age       ] GC(36) - age   3:       3056 bytes,      81840 total
[2019-12-09T02:47:34.224+0000][1][gc,age       ] GC(36) - age   4:       3448 bytes,      85288 total
[2019-12-09T02:47:34.224+0000][1][gc,age       ] GC(36) - age   5:        256 bytes,      85544 total
[2019-12-09T02:47:34.224+0000][1][gc,age       ] GC(36) - age   6:       1656 bytes,      87200 total
[2019-12-09T02:47:34.224+0000][1][gc,heap      ] GC(36) ParNew: 70054K->85K(78656K)
[2019-12-09T02:47:34.224+0000][1][gc,heap      ] GC(36) CMS: 70106K->70109K(174784K)
[2019-12-09T02:47:34.224+0000][1][gc,metaspace ] GC(36) Metaspace: 71145K->71145K(1114112K)
[2019-12-09T02:47:34.224+0000][1][gc           ] GC(36) Pause Young (Allocation Failure) 136M->68M(247M) 1.809ms
[2019-12-09T02:47:34.224+0000][1][gc,cpu       ] GC(36) User=0.00s Sys=0.00s Real=0.00s
[2019-12-09T02:47:34.224+0000][1][safepoint    ] Leaving safepoint region
[2019-12-09T02:47:34.224+0000][1][safepoint    ] Total time for which application threads were stopped: 0.0019643 seconds, Stopping threads took: 0.0000168 seconds
[2019-12-09T02:47:47.225+0000][1][safepoint    ] Application time: 13.0009077 seconds
[2019-12-09T02:47:47.225+0000][1][safepoint    ] Entering safepoint region: Cleanup
[2019-12-09T02:47:47.225+0000][1][safepoint    ] Leaving safepoint region
[2019-12-09T02:47:47.225+0000][1][safepoint    ] Total time for which application threads were stopped: 0.0000888 seconds, Stopping threads took: 0.0000256 seconds
[2019-12-09T02:48:10.230+0000][1][safepoint    ] Application time: 23.0041034 seconds
[2019-12-09T02:48:10.230+0000][1][safepoint    ] Entering safepoint region: Cleanup
[2019-12-09T02:48:10.230+0000][1][safepoint    ] Leaving safepoint region
[2019-12-09T02:48:10.230+0000][1][safepoint    ] Total time for which application threads were stopped: 0.0000912 seconds, Stopping threads took: 0.0000260 seconds
[2019-12-09T02:48:44.248+0000][1][safepoint    ] Application time: 34.0187377 seconds
[2019-12-09T02:48:44.248+0000][1][safepoint    ] Entering safepoint region: GenCollectForAllocation
[2019-12-09T02:48:44.249+0000][1][gc,start     ] GC(37) Pause Young (Allocation Failure)
[2019-12-09T02:48:44.249+0000][1][gc,task      ] GC(37) Using 2 workers of 2 for evacuation
[2019-12-09T02:48:44.250+0000][1][gc,age       ] GC(37) Desired survivor size 4456448 bytes, new threshold 6 (max threshold 6)
[2019-12-09T02:48:44.250+0000][1][gc,age       ] GC(37) Age table with threshold 6 (max threshold 6)
[2019-12-09T02:48:44.250+0000][1][gc,age       ] GC(37) - age   1:      74488 bytes,      74488 total
[2019-12-09T02:48:44.250+0000][1][gc,age       ] GC(37) - age   2:       3936 bytes,      78424 total
[2019-12-09T02:48:44.250+0000][1][gc,age       ] GC(37) - age   3:        744 bytes,      79168 total
[2019-12-09T02:48:44.250+0000][1][gc,age       ] GC(37) - age   4:       3056 bytes,      82224 total
[2019-12-09T02:48:44.250+0000][1][gc,age       ] GC(37) - age   5:       3448 bytes,      85672 total
[2019-12-09T02:48:44.250+0000][1][gc,age       ] GC(37) - age   6:        256 bytes,      85928 total
[2019-12-09T02:48:44.250+0000][1][gc,heap      ] GC(37) ParNew: 70037K->93K(78656K)
[2019-12-09T02:48:44.250+0000][1][gc,heap      ] GC(37) CMS: 70109K->70111K(174784K)
[2019-12-09T02:48:44.250+0000][1][gc,metaspace ] GC(37) Metaspace: 71158K->71158K(1114112K)
[2019-12-09T02:48:44.250+0000][1][gc           ] GC(37) Pause Young (Allocation Failure) 136M->68M(247M) 1.704ms
[2019-12-09T02:48:44.250+0000][1][gc,cpu       ] GC(37) User=0.00s Sys=0.00s Real=0.00s
[2019-12-09T02:48:44.250+0000][1][safepoint    ] Leaving safepoint region
[2019-12-09T02:48:44.250+0000][1][safepoint    ] Total time for which application threads were stopped: 0.0018644 seconds, Stopping threads took: 0.0000319 seconds
[2019-12-09T02:48:49.252+0000][1][safepoint    ] Application time: 5.0016043 seconds
[2019-12-09T02:48:49.252+0000][1][safepoint    ] Entering safepoint region: RevokeBias
[2019-12-09T02:48:49.252+0000][1][safepoint    ] Leaving safepoint region
[2019-12-09T02:48:49.252+0000][1][safepoint    ] Total time for which application threads were stopped: 0.0001129 seconds, Stopping threads took: 0.0000173 seconds
[2019-12-09T02:49:02.253+0000][1][safepoint    ] Application time: 13.0009824 seconds
[2019-12-09T02:49:02.253+0000][1][safepoint    ] Entering safepoint region: Cleanup
[2019-12-09T02:49:02.253+0000][1][safepoint    ] Leaving safepoint region
[2019-12-09T02:49:02.253+0000][1][safepoint    ] Total time for which application threads were stopped: 0.0000808 seconds, Stopping threads took: 0.0000182 seconds
[2019-12-09T02:49:03.253+0000][1][safepoint    ] Application time: 1.0000808 seconds
[2019-12-09T02:49:03.253+0000][1][safepoint    ] Entering safepoint region: Cleanup
[2019-12-09T02:49:03.253+0000][1][safepoint    ] Leaving safepoint region
[2019-12-09T02:49:03.253+0000][1][safepoint    ] Total time for which application threads were stopped: 0.0000783 seconds, Stopping threads took: 0.0000183 seconds
[2019-12-09T02:49:04.253+0000][1][safepoint    ] Application time: 1.0000816 seconds
[2019-12-09T02:49:04.253+0000][1][safepoint    ] Entering safepoint region: Cleanup
[2019-12-09T02:49:04.254+0000][1][safepoint    ] Leaving safepoint region
[2019-12-09T02:49:04.254+0000][1][safepoint    ] Total time for which application threads were stopped: 0.0000786 seconds, Stopping threads took: 0.0000191 seconds
[2019-12-09T02:49:05.254+0000][1][safepoint    ] Application time: 1.0000893 seconds
[2019-12-09T02:49:05.254+0000][1][safepoint    ] Entering safepoint region: Cleanup
[2019-12-09T02:49:05.254+0000][1][safepoint    ] Leaving safepoint region
[2019-12-09T02:49:05.254+0000][1][safepoint    ] Total time for which application threads were stopped: 0.0001258 seconds, Stopping threads took: 0.0000450 seconds
[2019-12-09T02:49:06.254+0000][1][safepoint    ] Application time: 1.0000779 seconds
[2019-12-09T02:49:06.254+0000][1][safepoint    ] Entering safepoint region: Cleanup
[2019-12-09T02:49:06.254+0000][1][safepoint    ] Leaving safepoint region
[2019-12-09T02:49:06.254+0000][1][safepoint    ] Total time for which application threads were stopped: 0.0001063 seconds, Stopping threads took: 0.0000249 seconds
[2019-12-09T02:49:07.254+0000][1][safepoint    ] Application time: 1.0000754 seconds
[2019-12-09T02:49:07.254+0000][1][safepoint    ] Entering safepoint region: Cleanup
[2019-12-09T02:49:07.254+0000][1][safepoint    ] Leaving safepoint region
[2019-12-09T02:49:07.254+0000][1][safepoint    ] Total time for which application threads were stopped: 0.0000954 seconds, Stopping threads took: 0.0000202 seconds
[2019-12-09T02:49:08.255+0000][1][safepoint    ] Application time: 1.0003401 seconds
[2019-12-09T02:49:08.255+0000][1][safepoint    ] Entering safepoint region: Cleanup
[2019-12-09T02:49:08.255+0000][1][safepoint    ] Leaving safepoint region
[2019-12-09T02:49:08.255+0000][1][safepoint    ] Total time for which application threads were stopped: 0.0003835 seconds, Stopping threads took: 0.0002932 seconds
[2019-12-09T02:49:09.255+0000][1][safepoint    ] Application time: 1.0000935 seconds
[2019-12-09T02:49:09.255+0000][1][safepoint    ] Entering safepoint region: Cleanup
[2019-12-09T02:49:09.255+0000][1][safepoint    ] Leaving safepoint region
[2019-12-09T02:49:09.255+0000][1][safepoint    ] Total time for which application threads were stopped: 0.0000848 seconds, Stopping threads took: 0.0000192 seconds
[2019-12-09T02:49:10.255+0000][1][safepoint    ] Application time: 1.0000830 seconds
[2019-12-09T02:49:10.255+0000][1][safepoint    ] Entering safepoint region: Cleanup
[2019-12-09T02:49:10.255+0000][1][safepoint    ] Leaving safepoint region
[2019-12-09T02:49:10.255+0000][1][safepoint    ] Total time for which application threads were stopped: 0.0001057 seconds, Stopping threads took: 0.0000240 seconds
[2019-12-09T02:49:11.256+0000][1][safepoint    ] Application time: 1.0000770 seconds
[2019-12-09T02:49:11.256+0000][1][safepoint    ] Entering safepoint region: Cleanup
[2019-12-09T02:49:11.256+0000][1][safepoint    ] Leaving safepoint region
[2019-12-09T02:49:11.256+0000][1][safepoint    ] Total time for which application threads were stopped: 0.0000758 seconds, Stopping threads took: 0.0000185 seconds
[2019-12-09T02:49:12.256+0000][1][safepoint    ] Application time: 1.0000752 seconds
[2019-12-09T02:49:12.256+0000][1][safepoint    ] Entering safepoint region: Cleanup
[2019-12-09T02:49:12.256+0000][1][safepoint    ] Leaving safepoint region
[2019-12-09T02:49:12.256+0000][1][safepoint    ] Total time for which application threads were stopped: 0.0000784 seconds, Stopping threads took: 0.0000180 seconds
[2019-12-09T02:49:13.256+0000][1][safepoint    ] Application time: 1.0000742 seconds
[2019-12-09T02:49:13.256+0000][1][safepoint    ] Entering safepoint region: Cleanup
[2019-12-09T02:49:13.256+0000][1][safepoint    ] Leaving safepoint region
[2019-12-09T02:49:13.256+0000][1][safepoint    ] Total time for which application threads were stopped: 0.0000784 seconds, Stopping threads took: 0.0000194 seconds
[2019-12-09T02:49:14.256+0000][1][safepoint    ] Application time: 1.0000735 seconds
[2019-12-09T02:49:14.256+0000][1][safepoint    ] Entering safepoint region: Cleanup
[2019-12-09T02:49:14.256+0000][1][safepoint    ] Leaving safepoint region
[2019-12-09T02:49:14.256+0000][1][safepoint    ] Total time for which application threads were stopped: 0.0000755 seconds, Stopping threads took: 0.0000174 seconds
[2019-12-09T02:49:15.256+0000][1][safepoint    ] Application time: 1.0000832 seconds
[2019-12-09T02:49:15.256+0000][1][safepoint    ] Entering safepoint region: Cleanup
[2019-12-09T02:49:15.256+0000][1][safepoint    ] Leaving safepoint region
[2019-12-09T02:49:15.256+0000][1][safepoint    ] Total time for which application threads were stopped: 0.0001139 seconds, Stopping threads took: 0.0000334 seconds
[2019-12-09T02:49:16.257+0000][1][safepoint    ] Application time: 1.0000772 seconds
[2019-12-09T02:49:16.257+0000][1][safepoint    ] Entering safepoint region: Cleanup
[2019-12-09T02:49:16.257+0000][1][safepoint    ] Leaving safepoint region
[2019-12-09T02:49:16.257+0000][1][safepoint    ] Total time for which application threads were stopped: 0.0000780 seconds, Stopping threads took: 0.0000182 seconds
[2019-12-09T02:49:17.257+0000][1][safepoint    ] Application time: 1.0000910 seconds
[2019-12-09T02:49:17.257+0000][1][safepoint    ] Entering safepoint region: Cleanup
[2019-12-09T02:49:17.257+0000][1][safepoint    ] Leaving safepoint region
[2019-12-09T02:49:17.257+0000][1][safepoint    ] Total time for which application threads were stopped: 0.0000773 seconds, Stopping threads took: 0.0000190 seconds
[2019-12-09T02:49:18.257+0000][1][safepoint    ] Application time: 1.0003747 seconds
[2019-12-09T02:49:18.257+0000][1][safepoint    ] Entering safepoint region: Cleanup
[2019-12-09T02:49:18.257+0000][1][safepoint    ] Leaving safepoint region
[2019-12-09T02:49:18.257+0000][1][safepoint    ] Total time for which application threads were stopped: 0.0001242 seconds, Stopping threads took: 0.0000271 seconds
[2019-12-09T02:49:19.258+0000][1][safepoint    ] Application time: 1.0000794 seconds
[2019-12-09T02:49:19.258+0000][1][safepoint    ] Entering safepoint region: Cleanup
[2019-12-09T02:49:19.258+0000][1][safepoint    ] Leaving safepoint region
[2019-12-09T02:49:19.258+0000][1][safepoint    ] Total time for which application threads were stopped: 0.0000825 seconds, Stopping threads took: 0.0000187 seconds
[2019-12-09T02:49:20.258+0000][1][safepoint    ] Application time: 1.0000809 seconds
[2019-12-09T02:49:20.258+0000][1][safepoint    ] Entering safepoint region: Cleanup
[2019-12-09T02:49:20.258+0000][1][safepoint    ] Leaving safepoint region
[2019-12-09T02:49:20.258+0000][1][safepoint    ] Total time for which application threads were stopped: 0.0001118 seconds, Stopping threads took: 0.0000273 seconds
[2019-12-09T02:49:21.258+0000][1][safepoint    ] Application time: 1.0000811 seconds
[2019-12-09T02:49:21.258+0000][1][safepoint    ] Entering safepoint region: Cleanup
[2019-12-09T02:49:21.258+0000][1][safepoint    ] Leaving safepoint region
[2019-12-09T02:49:21.258+0000][1][safepoint    ] Total time for which application threads were stopped: 0.0000861 seconds, Stopping threads took: 0.0000219 seconds
[2019-12-09T02:49:22.258+0000][1][safepoint    ] Application time: 1.0000768 seconds
[2019-12-09T02:49:22.258+0000][1][safepoint    ] Entering safepoint region: Cleanup
[2019-12-09T02:49:22.258+0000][1][safepoint    ] Leaving safepoint region
[2019-12-09T02:49:22.258+0000][1][safepoint    ] Total time for which application threads were stopped: 0.0000784 seconds, Stopping threads took: 0.0000188 seconds
[2019-12-09T02:49:23.258+0000][1][safepoint    ] Application time: 1.0000745 seconds
[2019-12-09T02:49:23.258+0000][1][safepoint    ] Entering safepoint region: Cleanup
[2019-12-09T02:49:23.258+0000][1][safepoint    ] Leaving safepoint region
[2019-12-09T02:49:23.258+0000][1][safepoint    ] Total time for which application threads were stopped: 0.0000739 seconds, Stopping threads took: 0.0000174 seconds
[2019-12-09T02:49:24.259+0000][1][safepoint    ] Application time: 1.0000745 seconds
[2019-12-09T02:49:24.259+0000][1][safepoint    ] Entering safepoint region: Cleanup
[2019-12-09T02:49:24.259+0000][1][safepoint    ] Leaving safepoint region
[2019-12-09T02:49:24.259+0000][1][safepoint    ] Total time for which application threads were stopped: 0.0000778 seconds, Stopping threads took: 0.0000186 seconds
[2019-12-09T02:49:25.259+0000][1][safepoint    ] Application time: 1.0000762 seconds
[2019-12-09T02:49:25.259+0000][1][safepoint    ] Entering safepoint region: Cleanup
[2019-12-09T02:49:25.259+0000][1][safepoint    ] Leaving safepoint region
[2019-12-09T02:49:25.259+0000][1][safepoint    ] Total time for which application threads were stopped: 0.0000740 seconds, Stopping threads took: 0.0000183 seconds
[2019-12-09T02:49:26.259+0000][1][safepoint    ] Application time: 1.0000782 seconds
[2019-12-09T02:49:26.259+0000][1][safepoint    ] Entering safepoint region: Cleanup
[2019-12-09T02:49:26.259+0000][1][safepoint    ] Leaving safepoint region
[2019-12-09T02:49:26.259+0000][1][safepoint    ] Total time for which application threads were stopped: 0.0000797 seconds, Stopping threads took: 0.0000189 seconds
[2019-12-09T02:49:27.259+0000][1][safepoint    ] Application time: 1.0000772 seconds
[2019-12-09T02:49:27.259+0000][1][safepoint    ] Entering safepoint region: Cleanup
[2019-12-09T02:49:27.259+0000][1][safepoint    ] Leaving safepoint region
[2019-12-09T02:49:27.259+0000][1][safepoint    ] Total time for which application threads were stopped: 0.0000748 seconds, Stopping threads took: 0.0000183 seconds
[2019-12-09T02:49:28.261+0000][1][safepoint    ] Application time: 1.0017979 seconds
[2019-12-09T02:49:28.261+0000][1][safepoint    ] Entering safepoint region: Cleanup
[2019-12-09T02:49:28.261+0000][1][safepoint    ] Leaving safepoint region
[2019-12-09T02:49:28.261+0000][1][safepoint    ] Total time for which application threads were stopped: 0.0001041 seconds, Stopping threads took: 0.0000246 seconds
[2019-12-09T02:49:29.261+0000][1][safepoint    ] Application time: 1.0000930 seconds
[2019-12-09T02:49:29.261+0000][1][safepoint    ] Entering safepoint region: Cleanup
[2019-12-09T02:49:29.261+0000][1][safepoint    ] Leaving safepoint region
[2019-12-09T02:49:29.261+0000][1][safepoint    ] Total time for which application threads were stopped: 0.0001066 seconds, Stopping threads took: 0.0000261 seconds
[2019-12-09T02:49:30.264+0000][1][safepoint    ] Application time: 1.0029303 seconds
[2019-12-09T02:49:30.264+0000][1][safepoint    ] Entering safepoint region: Cleanup
[2019-12-09T02:49:30.265+0000][1][safepoint    ] Leaving safepoint region
[2019-12-09T02:49:30.265+0000][1][safepoint    ] Total time for which application threads were stopped: 0.0001132 seconds, Stopping threads took: 0.0000263 seconds
[2019-12-09T02:49:31.265+0000][1][safepoint    ] Application time: 1.0000811 seconds
[2019-12-09T02:49:31.265+0000][1][safepoint    ] Entering safepoint region: Cleanup
[2019-12-09T02:49:31.265+0000][1][safepoint    ] Leaving safepoint region
[2019-12-09T02:49:31.265+0000][1][safepoint    ] Total time for which application threads were stopped: 0.0000937 seconds, Stopping threads took: 0.0000200 seconds
[2019-12-09T02:49:32.265+0000][1][safepoint    ] Application time: 1.0000823 seconds
[2019-12-09T02:49:32.265+0000][1][safepoint    ] Entering safepoint region: Cleanup
[2019-12-09T02:49:32.265+0000][1][safepoint    ] Leaving safepoint region
[2019-12-09T02:49:32.265+0000][1][safepoint    ] Total time for which application threads were stopped: 0.0000871 seconds, Stopping threads took: 0.0000205 seconds
[2019-12-09T02:49:33.265+0000][1][safepoint    ] Application time: 1.0000834 seconds
[2019-12-09T02:49:33.265+0000][1][safepoint    ] Entering safepoint region: Cleanup
[2019-12-09T02:49:33.265+0000][1][safepoint    ] Leaving safepoint region
[2019-12-09T02:49:33.265+0000][1][safepoint    ] Total time for which application threads were stopped: 0.0000820 seconds, Stopping threads took: 0.0000192 seconds
[2019-12-09T02:49:34.265+0000][1][safepoint    ] Application time: 1.0000806 seconds
[2019-12-09T02:49:34.265+0000][1][safepoint    ] Entering safepoint region: Cleanup
[2019-12-09T02:49:34.265+0000][1][safepoint    ] Leaving safepoint region
[2019-12-09T02:49:34.265+0000][1][safepoint    ] Total time for which application threads were stopped: 0.0000793 seconds, Stopping threads took: 0.0000198 seconds
[2019-12-09T02:49:35.265+0000][1][safepoint    ] Application time: 1.0000788 seconds
[2019-12-09T02:49:35.265+0000][1][safepoint    ] Entering safepoint region: Cleanup
[2019-12-09T02:49:35.266+0000][1][safepoint    ] Leaving safepoint region
[2019-12-09T02:49:35.266+0000][1][safepoint    ] Total time for which application threads were stopped: 0.0000794 seconds, Stopping threads took: 0.0000186 seconds
[2019-12-09T02:49:36.266+0000][1][safepoint    ] Application time: 1.0000839 seconds
[2019-12-09T02:49:36.266+0000][1][safepoint    ] Entering safepoint region: Cleanup
[2019-12-09T02:49:36.266+0000][1][safepoint    ] Leaving safepoint region
[2019-12-09T02:49:36.266+0000][1][safepoint    ] Total time for which application threads were stopped: 0.0000833 seconds, Stopping threads took: 0.0000212 seconds
[2019-12-09T02:49:37.266+0000][1][safepoint    ] Application time: 1.0000799 seconds
[2019-12-09T02:49:37.266+0000][1][safepoint    ] Entering safepoint region: Cleanup
[2019-12-09T02:49:37.266+0000][1][safepoint    ] Leaving safepoint region
[2019-12-09T02:49:37.266+0000][1][safepoint    ] Total time for which application threads were stopped: 0.0000806 seconds, Stopping threads took: 0.0000194 seconds
[2019-12-09T02:49:38.266+0000][1][safepoint    ] Application time: 1.0000845 seconds
[2019-12-09T02:49:38.266+0000][1][safepoint    ] Entering safepoint region: Cleanup
[2019-12-09T02:49:38.266+0000][1][safepoint    ] Leaving safepoint region
[2019-12-09T02:49:38.266+0000][1][safepoint    ] Total time for which application threads were stopped: 0.0003199 seconds, Stopping threads took: 0.0002376 seconds
[2019-12-09T02:49:39.267+0000][1][safepoint    ] Application time: 1.0000929 seconds
[2019-12-09T02:49:39.267+0000][1][safepoint    ] Entering safepoint region: Cleanup
[2019-12-09T02:49:39.267+0000][1][safepoint    ] Leaving safepoint region
[2019-12-09T02:49:39.267+0000][1][safepoint    ] Total time for which application threads were stopped: 0.0000869 seconds, Stopping threads took: 0.0000219 seconds
[2019-12-09T02:49:40.267+0000][1][safepoint    ] Application time: 1.0001539 seconds
[2019-12-09T02:49:40.267+0000][1][safepoint    ] Entering safepoint region: Cleanup
[2019-12-09T02:49:40.267+0000][1][safepoint    ] Leaving safepoint region
[2019-12-09T02:49:40.267+0000][1][safepoint    ] Total time for which application threads were stopped: 0.0001070 seconds, Stopping threads took: 0.0000254 seconds
[2019-12-09T02:49:41.267+0000][1][safepoint    ] Application time: 1.0000819 seconds
[2019-12-09T02:49:41.267+0000][1][safepoint    ] Entering safepoint region: Cleanup
[2019-12-09T02:49:41.267+0000][1][safepoint    ] Leaving safepoint region
[2019-12-09T02:49:41.267+0000][1][safepoint    ] Total time for which application threads were stopped: 0.0000835 seconds, Stopping threads took: 0.0000230 seconds
[2019-12-09T02:49:42.267+0000][1][safepoint    ] Application time: 1.0000924 seconds
[2019-12-09T02:49:42.267+0000][1][safepoint    ] Entering safepoint region: Cleanup
[2019-12-09T02:49:42.267+0000][1][safepoint    ] Leaving safepoint region
[2019-12-09T02:49:42.267+0000][1][safepoint    ] Total time for which application threads were stopped: 0.0000901 seconds, Stopping threads took: 0.0000254 seconds
[2019-12-09T02:49:43.268+0000][1][safepoint    ] Application time: 1.0000917 seconds
[2019-12-09T02:49:43.268+0000][1][safepoint    ] Entering safepoint region: Cleanup
[2019-12-09T02:49:43.268+0000][1][safepoint    ] Leaving safepoint region
[2019-12-09T02:49:43.268+0000][1][safepoint    ] Total time for which application threads were stopped: 0.0000998 seconds, Stopping threads took: 0.0000262 seconds
[2019-12-09T02:49:44.268+0000][1][safepoint    ] Application time: 1.0000799 seconds
[2019-12-09T02:49:44.268+0000][1][safepoint    ] Entering safepoint region: Cleanup
[2019-12-09T02:49:44.268+0000][1][safepoint    ] Leaving safepoint region
[2019-12-09T02:49:44.268+0000][1][safepoint    ] Total time for which application threads were stopped: 0.0001135 seconds, Stopping threads took: 0.0000343 seconds
[2019-12-09T02:49:45.269+0000][1][safepoint    ] Application time: 1.0006870 seconds
[2019-12-09T02:49:45.269+0000][1][safepoint    ] Entering safepoint region: Cleanup
[2019-12-09T02:49:45.269+0000][1][safepoint    ] Leaving safepoint region
[2019-12-09T02:49:45.269+0000][1][safepoint    ] Total time for which application threads were stopped: 0.0001525 seconds, Stopping threads took: 0.0000331 seconds
[2019-12-09T02:49:46.269+0000][1][safepoint    ] Application time: 1.0000790 seconds
[2019-12-09T02:49:46.269+0000][1][safepoint    ] Entering safepoint region: Cleanup
[2019-12-09T02:49:46.269+0000][1][safepoint    ] Leaving safepoint region
[2019-12-09T02:49:46.269+0000][1][safepoint    ] Total time for which application threads were stopped: 0.0000817 seconds, Stopping threads took: 0.0000191 seconds
[2019-12-09T02:49:47.269+0000][1][safepoint    ] Application time: 1.0000804 seconds
[2019-12-09T02:49:47.269+0000][1][safepoint    ] Entering safepoint region: Cleanup
[2019-12-09T02:49:47.269+0000][1][safepoint    ] Leaving safepoint region
[2019-12-09T02:49:47.269+0000][1][safepoint    ] Total time for which application threads were stopped: 0.0000812 seconds, Stopping threads took: 0.0000190 seconds
[2019-12-09T02:49:48.271+0000][1][safepoint    ] Application time: 1.0017366 seconds
[2019-12-09T02:49:48.271+0000][1][safepoint    ] Entering safepoint region: Cleanup
[2019-12-09T02:49:48.271+0000][1][safepoint    ] Leaving safepoint region
[2019-12-09T02:49:48.271+0000][1][safepoint    ] Total time for which application threads were stopped: 0.0001094 seconds, Stopping threads took: 0.0000266 seconds
[2019-12-09T02:49:49.271+0000][1][safepoint    ] Application time: 1.0000814 seconds
[2019-12-09T02:49:49.271+0000][1][safepoint    ] Entering safepoint region: Cleanup
[2019-12-09T02:49:49.271+0000][1][safepoint    ] Leaving safepoint region
[2019-12-09T02:49:49.271+0000][1][safepoint    ] Total time for which application threads were stopped: 0.0000798 seconds, Stopping threads took: 0.0000190 seconds
[2019-12-09T02:49:50.271+0000][1][safepoint    ] Application time: 1.0000822 seconds
[2019-12-09T02:49:50.271+0000][1][safepoint    ] Entering safepoint region: Cleanup
[2019-12-09T02:49:50.271+0000][1][safepoint    ] Leaving safepoint region
[2019-12-09T02:49:50.271+0000][1][safepoint    ] Total time for which application threads were stopped: 0.0000786 seconds, Stopping threads took: 0.0000184 seconds
[2019-12-09T02:49:51.272+0000][1][safepoint    ] Application time: 1.0000851 seconds
[2019-12-09T02:49:51.272+0000][1][safepoint    ] Entering safepoint region: Cleanup
[2019-12-09T02:49:51.272+0000][1][safepoint    ] Leaving safepoint region
[2019-12-09T02:49:51.272+0000][1][safepoint    ] Total time for which application threads were stopped: 0.0001112 seconds, Stopping threads took: 0.0000203 seconds
[2019-12-09T02:49:52.272+0000][1][safepoint    ] Application time: 1.0000794 seconds
[2019-12-09T02:49:52.272+0000][1][safepoint    ] Entering safepoint region: Cleanup
[2019-12-09T02:49:52.272+0000][1][safepoint    ] Leaving safepoint region
[2019-12-09T02:49:52.272+0000][1][safepoint    ] Total time for which application threads were stopped: 0.0000806 seconds, Stopping threads took: 0.0000205 seconds
[2019-12-09T02:49:53.272+0000][1][safepoint    ] Application time: 1.0001340 seconds
[2019-12-09T02:49:53.272+0000][1][safepoint    ] Entering safepoint region: Cleanup
[2019-12-09T02:49:53.272+0000][1][safepoint    ] Leaving safepoint region
[2019-12-09T02:49:53.272+0000][1][safepoint    ] Total time for which application threads were stopped: 0.0001261 seconds, Stopping threads took: 0.0000277 seconds
[2019-12-09T02:49:54.272+0000][1][safepoint    ] Application time: 1.0000852 seconds
[2019-12-09T02:49:54.272+0000][1][safepoint    ] Entering safepoint region: Cleanup
[2019-12-09T02:49:54.272+0000][1][safepoint    ] Leaving safepoint region
[2019-12-09T02:49:54.272+0000][1][safepoint    ] Total time for which application threads were stopped: 0.0001123 seconds, Stopping threads took: 0.0000266 seconds
[2019-12-09T02:49:54.277+0000][1][safepoint    ] Application time: 0.0046372 seconds
[2019-12-09T02:49:54.277+0000][1][safepoint    ] Entering safepoint region: GenCollectForAllocation
[2019-12-09T02:49:54.277+0000][1][gc,start     ] GC(38) Pause Young (Allocation Failure)
[2019-12-09T02:49:54.277+0000][1][gc,task      ] GC(38) Using 2 workers of 2 for evacuation
[2019-12-09T02:49:54.279+0000][1][gc,age       ] GC(38) Desired survivor size 4456448 bytes, new threshold 6 (max threshold 6)
[2019-12-09T02:49:54.279+0000][1][gc,age       ] GC(38) Age table with threshold 6 (max threshold 6)
[2019-12-09T02:49:54.279+0000][1][gc,age       ] GC(38) - age   1:      79080 bytes,      79080 total
[2019-12-09T02:49:54.279+0000][1][gc,age       ] GC(38) - age   2:        712 bytes,      79792 total
[2019-12-09T02:49:54.279+0000][1][gc,age       ] GC(38) - age   3:       3936 bytes,      83728 total
[2019-12-09T02:49:54.279+0000][1][gc,age       ] GC(38) - age   4:        744 bytes,      84472 total
[2019-12-09T02:49:54.279+0000][1][gc,age       ] GC(38) - age   5:       3056 bytes,      87528 total
[2019-12-09T02:49:54.279+0000][1][gc,age       ] GC(38) - age   6:       3448 bytes,      90976 total
[2019-12-09T02:49:54.279+0000][1][gc,heap      ] GC(38) ParNew: 70045K->93K(78656K)
[2019-12-09T02:49:54.279+0000][1][gc,heap      ] GC(38) CMS: 70111K->70111K(174784K)
[2019-12-09T02:49:54.279+0000][1][gc,metaspace ] GC(38) Metaspace: 71176K->71176K(1114112K)
[2019-12-09T02:49:54.279+0000][1][gc           ] GC(38) Pause Young (Allocation Failure) 136M->68M(247M) 1.894ms
[2019-12-09T02:49:54.279+0000][1][gc,cpu       ] GC(38) User=0.01s Sys=0.00s Real=0.00s
[2019-12-09T02:49:54.279+0000][1][safepoint    ] Leaving safepoint region
[2019-12-09T02:49:54.279+0000][1][safepoint    ] Total time for which application threads were stopped: 0.0020735 seconds, Stopping threads took: 0.0000190 seconds
[2019-12-09T02:49:55.279+0000][1][safepoint    ] Application time: 1.0000837 seconds
[2019-12-09T02:49:55.279+0000][1][safepoint    ] Entering safepoint region: Cleanup
[2019-12-09T02:49:55.279+0000][1][safepoint    ] Leaving safepoint region
[2019-12-09T02:49:55.279+0000][1][safepoint    ] Total time for which application threads were stopped: 0.0000774 seconds, Stopping threads took: 0.0000192 seconds
[2019-12-09T02:49:56.280+0000][1][safepoint    ] Application time: 1.0000760 seconds
[2019-12-09T02:49:56.280+0000][1][safepoint    ] Entering safepoint region: Cleanup
[2019-12-09T02:49:56.280+0000][1][safepoint    ] Leaving safepoint region
[2019-12-09T02:49:56.280+0000][1][safepoint    ] Total time for which application threads were stopped: 0.0000814 seconds, Stopping threads took: 0.0000188 seconds
[2019-12-09T02:49:57.280+0000][1][safepoint    ] Application time: 1.0000764 seconds
[2019-12-09T02:49:57.280+0000][1][safepoint    ] Entering safepoint region: Cleanup
[2019-12-09T02:49:57.280+0000][1][safepoint    ] Leaving safepoint region
[2019-12-09T02:49:57.280+0000][1][safepoint    ] Total time for which application threads were stopped: 0.0000786 seconds, Stopping threads took: 0.0000186 seconds
[2019-12-09T02:49:58.280+0000][1][safepoint    ] Application time: 1.0000748 seconds
[2019-12-09T02:49:58.280+0000][1][safepoint    ] Entering safepoint region: Cleanup
[2019-12-09T02:49:58.280+0000][1][safepoint    ] Leaving safepoint region
[2019-12-09T02:49:58.280+0000][1][safepoint    ] Total time for which application threads were stopped: 0.0000780 seconds, Stopping threads took: 0.0000204 seconds
[2019-12-09T02:49:59.280+0000][1][safepoint    ] Application time: 1.0000743 seconds
[2019-12-09T02:49:59.280+0000][1][safepoint    ] Entering safepoint region: Cleanup
[2019-12-09T02:49:59.280+0000][1][safepoint    ] Leaving safepoint region
[2019-12-09T02:49:59.280+0000][1][safepoint    ] Total time for which application threads were stopped: 0.0000901 seconds, Stopping threads took: 0.0000260 seconds
[2019-12-09T02:50:00.280+0000][1][safepoint    ] Application time: 1.0000803 seconds
[2019-12-09T02:50:00.280+0000][1][safepoint    ] Entering safepoint region: Cleanup
[2019-12-09T02:50:00.280+0000][1][safepoint    ] Leaving safepoint region
[2019-12-09T02:50:00.280+0000][1][safepoint    ] Total time for which application threads were stopped: 0.0000751 seconds, Stopping threads took: 0.0000181 seconds
[2019-12-09T02:50:01.281+0000][1][safepoint    ] Application time: 1.0000771 seconds
[2019-12-09T02:50:01.281+0000][1][safepoint    ] Entering safepoint region: Cleanup
[2019-12-09T02:50:01.281+0000][1][safepoint    ] Leaving safepoint region
[2019-12-09T02:50:01.281+0000][1][safepoint    ] Total time for which application threads were stopped: 0.0000802 seconds, Stopping threads took: 0.0000190 seconds
[2019-12-09T02:50:02.249+0000][1][safepoint    ] Application time: 0.9679668 seconds
[2019-12-09T02:50:02.249+0000][1][safepoint    ] Entering safepoint region: RevokeBias
[2019-12-09T02:50:02.249+0000][1][safepoint    ] Leaving safepoint region
[2019-12-09T02:50:02.249+0000][1][safepoint    ] Total time for which application threads were stopped: 0.0001487 seconds, Stopping threads took: 0.0000282 seconds
[2019-12-09T02:50:02.249+0000][1][safepoint    ] Application time: 0.0001014 seconds
[2019-12-09T02:50:02.249+0000][1][safepoint    ] Entering safepoint region: RevokeBias
[2019-12-09T02:50:02.249+0000][1][safepoint    ] Leaving safepoint region
[2019-12-09T02:50:02.249+0000][1][safepoint    ] Total time for which application threads were stopped: 0.0000604 seconds, Stopping threads took: 0.0000119 seconds
[2019-12-09T02:50:02.256+0000][1][safepoint    ] Application time: 0.0071120 seconds
[2019-12-09T02:50:02.256+0000][1][safepoint    ] Entering safepoint region: RevokeBias
[2019-12-09T02:50:02.256+0000][1][safepoint    ] Leaving safepoint region
[2019-12-09T02:50:02.256+0000][1][safepoint    ] Total time for which application threads were stopped: 0.0000927 seconds, Stopping threads took: 0.0000224 seconds
[2019-12-09T02:50:02.261+0000][1][safepoint    ] Application time: 0.0052834 seconds
[2019-12-09T02:50:02.262+0000][1][safepoint    ] Entering safepoint region: RevokeBias
[2019-12-09T02:50:02.262+0000][1][safepoint    ] Leaving safepoint region
[2019-12-09T02:50:02.262+0000][1][safepoint    ] Total time for which application threads were stopped: 0.0000844 seconds, Stopping threads took: 0.0000176 seconds
[2019-12-09T02:50:02.262+0000][1][safepoint    ] Application time: 0.0001297 seconds
[2019-12-09T02:50:02.262+0000][1][safepoint    ] Entering safepoint region: RevokeBias
[2019-12-09T02:50:02.262+0000][1][safepoint    ] Leaving safepoint region
[2019-12-09T02:50:02.262+0000][1][safepoint    ] Total time for which application threads were stopped: 0.0000550 seconds, Stopping threads took: 0.0000118 seconds
[2019-12-09T02:50:02.262+0000][1][safepoint    ] Application time: 0.0005170 seconds
[2019-12-09T02:50:02.262+0000][1][safepoint    ] Entering safepoint region: RevokeBias
[2019-12-09T02:50:02.262+0000][1][safepoint    ] Leaving safepoint region
[2019-12-09T02:50:02.262+0000][1][safepoint    ] Total time for which application threads were stopped: 0.0000814 seconds, Stopping threads took: 0.0000123 seconds
[2019-12-09T02:50:02.264+0000][1][safepoint    ] Application time: 0.0014435 seconds
[2019-12-09T02:50:02.264+0000][1][safepoint    ] Entering safepoint region: RevokeBias
[2019-12-09T02:50:02.264+0000][1][safepoint    ] Leaving safepoint region
[2019-12-09T02:50:02.264+0000][1][safepoint    ] Total time for which application threads were stopped: 0.0000820 seconds, Stopping threads took: 0.0000147 seconds
[2019-12-09T02:50:02.265+0000][1][safepoint    ] Application time: 0.0008783 seconds
[2019-12-09T02:50:02.265+0000][1][safepoint    ] Entering safepoint region: RevokeBias
[2019-12-09T02:50:02.265+0000][1][safepoint    ] Leaving safepoint region
[2019-12-09T02:50:02.265+0000][1][safepoint    ] Total time for which application threads were stopped: 0.0000616 seconds, Stopping threads took: 0.0000122 seconds
[2019-12-09T02:50:02.272+0000][1][safepoint    ] Application time: 0.0071247 seconds
[2019-12-09T02:50:02.332+0000][1][safepoint    ] Entering safepoint region: RevokeBias
[2019-12-09T02:50:02.332+0000][1][safepoint    ] Leaving safepoint region
[2019-12-09T02:50:02.332+0000][1][safepoint    ] Total time for which application threads were stopped: 0.0596236 seconds, Stopping threads took: 0.0595095 seconds
[2019-12-09T02:50:02.332+0000][1][safepoint    ] Application time: 0.0003289 seconds
[2019-12-09T02:50:02.332+0000][1][safepoint    ] Entering safepoint region: RevokeBias
[2019-12-09T02:50:02.332+0000][1][safepoint    ] Leaving safepoint region
[2019-12-09T02:50:02.332+0000][1][safepoint    ] Total time for which application threads were stopped: 0.0000717 seconds, Stopping threads took: 0.0000151 seconds
[2019-12-09T02:50:02.333+0000][1][safepoint    ] Application time: 0.0004517 seconds
[2019-12-09T02:50:02.333+0000][1][safepoint    ] Entering safepoint region: RevokeBias
[2019-12-09T02:50:02.333+0000][1][safepoint    ] Leaving safepoint region
[2019-12-09T02:50:02.333+0000][1][safepoint    ] Total time for which application threads were stopped: 0.0000494 seconds, Stopping threads took: 0.0000146 seconds
[2019-12-09T02:50:02.333+0000][1][safepoint    ] Application time: 0.0005312 seconds
[2019-12-09T02:50:02.333+0000][1][safepoint    ] Entering safepoint region: RevokeBias
[2019-12-09T02:50:02.333+0000][1][safepoint    ] Leaving safepoint region
[2019-12-09T02:50:02.333+0000][1][safepoint    ] Total time for which application threads were stopped: 0.0000572 seconds, Stopping threads took: 0.0000132 seconds
[2019-12-09T02:50:02.351+0000][1][safepoint    ] Application time: 0.0180568 seconds
[2019-12-09T02:50:02.351+0000][1][safepoint    ] Entering safepoint region: RevokeBias
[2019-12-09T02:50:02.351+0000][1][safepoint    ] Leaving safepoint region
[2019-12-09T02:50:02.351+0000][1][safepoint    ] Total time for which application threads were stopped: 0.0001068 seconds, Stopping threads took: 0.0000176 seconds
[2019-12-09T02:50:02.352+0000][1][safepoint    ] Application time: 0.0001247 seconds
[2019-12-09T02:50:02.352+0000][1][safepoint    ] Entering safepoint region: RevokeBias
[2019-12-09T02:50:02.352+0000][1][safepoint    ] Leaving safepoint region
[2019-12-09T02:50:02.352+0000][1][safepoint    ] Total time for which application threads were stopped: 0.0000524 seconds, Stopping threads took: 0.0000109 seconds
[2019-12-09T02:50:02.352+0000][1][safepoint    ] Application time: 0.0000710 seconds
[2019-12-09T02:50:02.352+0000][1][safepoint    ] Entering safepoint region: RevokeBias
[2019-12-09T02:50:02.352+0000][1][safepoint    ] Leaving safepoint region
[2019-12-09T02:50:02.352+0000][1][safepoint    ] Total time for which application threads were stopped: 0.0000415 seconds, Stopping threads took: 0.0000096 seconds
[2019-12-09T02:50:02.352+0000][1][safepoint    ] Application time: 0.0002399 seconds
[2019-12-09T02:50:02.352+0000][1][safepoint    ] Entering safepoint region: RevokeBias
[2019-12-09T02:50:02.352+0000][1][safepoint    ] Leaving safepoint region
[2019-12-09T02:50:02.352+0000][1][safepoint    ] Total time for which application threads were stopped: 0.0000615 seconds, Stopping threads took: 0.0000146 seconds
[2019-12-09T02:50:02.352+0000][1][safepoint    ] Application time: 0.0002701 seconds
[2019-12-09T02:50:02.352+0000][1][safepoint    ] Entering safepoint region: RevokeBias
[2019-12-09T02:50:02.352+0000][1][safepoint    ] Leaving safepoint region
[2019-12-09T02:50:02.352+0000][1][safepoint    ] Total time for which application threads were stopped: 0.0000594 seconds, Stopping threads took: 0.0000134 seconds
[2019-12-09T02:50:02.354+0000][1][safepoint    ] Application time: 0.0011099 seconds
[2019-12-09T02:50:02.354+0000][1][safepoint    ] Entering safepoint region: RevokeBias
[2019-12-09T02:50:02.354+0000][1][safepoint    ] Leaving safepoint region
[2019-12-09T02:50:02.354+0000][1][safepoint    ] Total time for which application threads were stopped: 0.0000785 seconds, Stopping threads took: 0.0000137 seconds
[2019-12-09T02:50:02.355+0000][1][safepoint    ] Application time: 0.0015680 seconds
[2019-12-09T02:50:02.355+0000][1][safepoint    ] Entering safepoint region: RevokeBias
[2019-12-09T02:50:02.355+0000][1][safepoint    ] Leaving safepoint region
[2019-12-09T02:50:02.355+0000][1][safepoint    ] Total time for which application threads were stopped: 0.0000626 seconds, Stopping threads took: 0.0000134 seconds
[2019-12-09T02:50:02.357+0000][1][safepoint    ] Application time: 0.0021180 seconds
[2019-12-09T02:50:02.358+0000][1][safepoint    ] Entering safepoint region: RevokeBias
[2019-12-09T02:50:02.358+0000][1][safepoint    ] Leaving safepoint region
[2019-12-09T02:50:02.358+0000][1][safepoint    ] Total time for which application threads were stopped: 0.0000595 seconds, Stopping threads took: 0.0000114 seconds
[2019-12-09T02:50:02.362+0000][1][safepoint    ] Application time: 0.0044925 seconds
[2019-12-09T02:50:02.362+0000][1][safepoint    ] Entering safepoint region: RevokeBias
[2019-12-09T02:50:02.362+0000][1][safepoint    ] Leaving safepoint region
[2019-12-09T02:50:02.362+0000][1][safepoint    ] Total time for which application threads were stopped: 0.0000927 seconds, Stopping threads took: 0.0000177 seconds
[2019-12-09T02:50:02.363+0000][1][safepoint    ] Application time: 0.0011302 seconds
[2019-12-09T02:50:02.363+0000][1][safepoint    ] Entering safepoint region: RevokeBias
[2019-12-09T02:50:02.363+0000][1][safepoint    ] Leaving safepoint region
[2019-12-09T02:50:02.363+0000][1][safepoint    ] Total time for which application threads were stopped: 0.0000507 seconds, Stopping threads took: 0.0000106 seconds
[2019-12-09T02:50:02.365+0000][1][safepoint    ] Application time: 0.0015072 seconds
[2019-12-09T02:50:02.365+0000][1][safepoint    ] Entering safepoint region: RevokeBias
[2019-12-09T02:50:02.365+0000][1][safepoint    ] Leaving safepoint region
[2019-12-09T02:50:02.365+0000][1][safepoint    ] Total time for which application threads were stopped: 0.0000646 seconds, Stopping threads took: 0.0000115 seconds
[2019-12-09T02:50:02.371+0000][1][safepoint    ] Application time: 0.0059230 seconds
[2019-12-09T02:50:02.371+0000][1][safepoint    ] Entering safepoint region: RevokeBias
[2019-12-09T02:50:02.371+0000][1][safepoint    ] Leaving safepoint region
[2019-12-09T02:50:02.371+0000][1][safepoint    ] Total time for which application threads were stopped: 0.0000782 seconds, Stopping threads took: 0.0000123 seconds
[2019-12-09T02:50:02.372+0000][1][safepoint    ] Application time: 0.0005223 seconds
[2019-12-09T02:50:02.372+0000][1][safepoint    ] Entering safepoint region: RevokeBias
[2019-12-09T02:50:02.372+0000][1][safepoint    ] Leaving safepoint region
[2019-12-09T02:50:02.372+0000][1][safepoint    ] Total time for which application threads were stopped: 0.0000704 seconds, Stopping threads took: 0.0000106 seconds
[2019-12-09T02:50:02.373+0000][1][safepoint    ] Application time: 0.0014258 seconds
[2019-12-09T02:50:02.373+0000][1][safepoint    ] Entering safepoint region: RevokeBias
[2019-12-09T02:50:02.373+0000][1][safepoint    ] Leaving safepoint region
[2019-12-09T02:50:02.373+0000][1][safepoint    ] Total time for which application threads were stopped: 0.0000754 seconds, Stopping threads took: 0.0000144 seconds
[2019-12-09T02:50:02.404+0000][1][safepoint    ] Application time: 0.0308901 seconds
[2019-12-09T02:50:02.404+0000][1][safepoint    ] Entering safepoint region: RevokeBias
[2019-12-09T02:50:02.404+0000][1][safepoint    ] Leaving safepoint region
[2019-12-09T02:50:02.404+0000][1][safepoint    ] Total time for which application threads were stopped: 0.0001451 seconds, Stopping threads took: 0.0000463 seconds
[2019-12-09T02:50:02.407+0000][1][safepoint    ] Application time: 0.0028651 seconds
[2019-12-09T02:50:02.407+0000][1][safepoint    ] Entering safepoint region: RevokeBias
[2019-12-09T02:50:02.407+0000][1][safepoint    ] Leaving safepoint region
[2019-12-09T02:50:02.407+0000][1][safepoint    ] Total time for which application threads were stopped: 0.0001289 seconds, Stopping threads took: 0.0000431 seconds
[2019-12-09T02:50:02.421+0000][1][safepoint    ] Application time: 0.0138858 seconds
[2019-12-09T02:50:02.425+0000][1][safepoint    ] Entering safepoint region: RevokeBias
[2019-12-09T02:50:02.425+0000][1][safepoint    ] Leaving safepoint region
[2019-12-09T02:50:02.425+0000][1][safepoint    ] Total time for which application threads were stopped: 0.0037556 seconds, Stopping threads took: 0.0036113 seconds
[2019-12-09T02:50:02.448+0000][1][safepoint    ] Application time: 0.0228461 seconds
[2019-12-09T02:50:02.448+0000][1][safepoint    ] Entering safepoint region: BulkRevokeBias
[2019-12-09T02:50:02.448+0000][1][safepoint    ] Leaving safepoint region
[2019-12-09T02:50:02.448+0000][1][safepoint    ] Total time for which application threads were stopped: 0.0005253 seconds, Stopping threads took: 0.0000957 seconds
[2019-12-09T02:50:02.472+0000][1][safepoint    ] Application time: 0.0234486 seconds
[2019-12-09T02:50:02.472+0000][1][safepoint    ] Entering safepoint region: RevokeBias
[2019-12-09T02:50:02.472+0000][1][safepoint    ] Leaving safepoint region
[2019-12-09T02:50:02.472+0000][1][safepoint    ] Total time for which application threads were stopped: 0.0000926 seconds, Stopping threads took: 0.0000247 seconds
[2019-12-09T02:50:02.472+0000][1][safepoint    ] Application time: 0.0001155 seconds
[2019-12-09T02:50:02.472+0000][1][safepoint    ] Entering safepoint region: RevokeBias
[2019-12-09T02:50:02.472+0000][1][safepoint    ] Leaving safepoint region
[2019-12-09T02:50:02.472+0000][1][safepoint    ] Total time for which application threads were stopped: 0.0000408 seconds, Stopping threads took: 0.0000091 seconds
[2019-12-09T02:50:02.489+0000][1][safepoint    ] Application time: 0.0166734 seconds
[2019-12-09T02:50:02.489+0000][1][safepoint    ] Entering safepoint region: RevokeBias
[2019-12-09T02:50:02.489+0000][1][safepoint    ] Leaving safepoint region
[2019-12-09T02:50:02.489+0000][1][safepoint    ] Total time for which application threads were stopped: 0.0001420 seconds, Stopping threads took: 0.0000789 seconds
[2019-12-09T02:50:02.489+0000][1][safepoint    ] Application time: 0.0000926 seconds
[2019-12-09T02:50:02.489+0000][1][safepoint    ] Entering safepoint region: RevokeBias
[2019-12-09T02:50:02.489+0000][1][safepoint    ] Leaving safepoint region
[2019-12-09T02:50:02.489+0000][1][safepoint    ] Total time for which application threads were stopped: 0.0000388 seconds, Stopping threads took: 0.0000082 seconds
[2019-12-09T02:50:02.489+0000][1][safepoint    ] Application time: 0.0000752 seconds
[2019-12-09T02:50:02.489+0000][1][safepoint    ] Entering safepoint region: RevokeBias
[2019-12-09T02:50:02.489+0000][1][safepoint    ] Leaving safepoint region
[2019-12-09T02:50:02.489+0000][1][safepoint    ] Total time for which application threads were stopped: 0.0000401 seconds, Stopping threads took: 0.0000087 seconds
[2019-12-09T02:50:02.489+0000][1][safepoint    ] Application time: 0.0000857 seconds
[2019-12-09T02:50:02.489+0000][1][safepoint    ] Entering safepoint region: RevokeBias
[2019-12-09T02:50:02.489+0000][1][safepoint    ] Leaving safepoint region
[2019-12-09T02:50:02.489+0000][1][safepoint    ] Total time for which application threads were stopped: 0.0000433 seconds, Stopping threads took: 0.0000100 seconds
[2019-12-09T02:50:02.491+0000][1][safepoint    ] Application time: 0.0019871 seconds
[2019-12-09T02:50:02.491+0000][1][safepoint    ] Entering safepoint region: RevokeBias
[2019-12-09T02:50:02.491+0000][1][safepoint    ] Leaving safepoint region
[2019-12-09T02:50:02.491+0000][1][safepoint    ] Total time for which application threads were stopped: 0.0000684 seconds, Stopping threads took: 0.0000153 seconds
[2019-12-09T02:50:02.493+0000][1][safepoint    ] Application time: 0.0011117 seconds
[2019-12-09T02:50:02.493+0000][1][safepoint    ] Entering safepoint region: BulkRevokeBias
[2019-12-09T02:50:02.493+0000][1][safepoint    ] Leaving safepoint region
[2019-12-09T02:50:02.493+0000][1][safepoint    ] Total time for which application threads were stopped: 0.0003088 seconds, Stopping threads took: 0.0000140 seconds
[2019-12-09T02:50:02.494+0000][1][safepoint    ] Application time: 0.0011440 seconds
[2019-12-09T02:50:02.494+0000][1][safepoint    ] Entering safepoint region: RevokeBias
[2019-12-09T02:50:02.494+0000][1][safepoint    ] Leaving safepoint region
[2019-12-09T02:50:02.494+0000][1][safepoint    ] Total time for which application threads were stopped: 0.0000863 seconds, Stopping threads took: 0.0000138 seconds
[2019-12-09T02:50:02.585+0000][1][safepoint    ] Application time: 0.0905729 seconds
[2019-12-09T02:50:02.589+0000][1][safepoint    ] Entering safepoint region: RevokeBias
[2019-12-09T02:50:02.589+0000][1][safepoint    ] Leaving safepoint region
[2019-12-09T02:50:02.589+0000][1][safepoint    ] Total time for which application threads were stopped: 0.0041483 seconds, Stopping threads took: 0.0040534 seconds
[2019-12-09T02:50:02.624+0000][1][safepoint    ] Application time: 0.0348502 seconds
[2019-12-09T02:50:02.634+0000][1][safepoint    ] Entering safepoint region: RevokeBias
[2019-12-09T02:50:02.634+0000][1][safepoint    ] Leaving safepoint region
[2019-12-09T02:50:02.634+0000][1][safepoint    ] Total time for which application threads were stopped: 0.0102666 seconds, Stopping threads took: 0.0101930 seconds
[2019-12-09T02:50:02.635+0000][1][safepoint    ] Application time: 0.0005682 seconds
[2019-12-09T02:50:02.635+0000][1][safepoint    ] Entering safepoint region: RevokeBias
[2019-12-09T02:50:02.635+0000][1][safepoint    ] Leaving safepoint region
[2019-12-09T02:50:02.635+0000][1][safepoint    ] Total time for which application threads were stopped: 0.0000893 seconds, Stopping threads took: 0.0000135 seconds
[2019-12-09T02:50:02.650+0000][1][safepoint    ] Application time: 0.0151111 seconds
[2019-12-09T02:50:02.650+0000][1][safepoint    ] Entering safepoint region: RevokeBias
[2019-12-09T02:50:02.650+0000][1][safepoint    ] Leaving safepoint region
[2019-12-09T02:50:02.650+0000][1][safepoint    ] Total time for which application threads were stopped: 0.0000680 seconds, Stopping threads took: 0.0000132 seconds
[2019-12-09T02:50:02.663+0000][1][safepoint    ] Application time: 0.0134805 seconds
[2019-12-09T02:50:02.663+0000][1][safepoint    ] Entering safepoint region: RevokeBias
[2019-12-09T02:50:02.664+0000][1][safepoint    ] Leaving safepoint region
[2019-12-09T02:50:02.664+0000][1][safepoint    ] Total time for which application threads were stopped: 0.0000633 seconds, Stopping threads took: 0.0000145 seconds
[2019-12-09T02:50:02.678+0000][1][safepoint    ] Application time: 0.0144208 seconds
[2019-12-09T02:50:02.678+0000][1][safepoint    ] Entering safepoint region: RevokeBias
[2019-12-09T02:50:02.678+0000][1][safepoint    ] Leaving safepoint region
[2019-12-09T02:50:02.678+0000][1][safepoint    ] Total time for which application threads were stopped: 0.0000615 seconds, Stopping threads took: 0.0000368 seconds
[2019-12-09T02:50:02.678+0000][1][safepoint    ] Application time: 0.0001335 seconds
[2019-12-09T02:50:02.678+0000][1][safepoint    ] Entering safepoint region: RevokeBias
[2019-12-09T02:50:02.678+0000][1][safepoint    ] Leaving safepoint region
[2019-12-09T02:50:02.678+0000][1][safepoint    ] Total time for which application threads were stopped: 0.0000257 seconds, Stopping threads took: 0.0000068 seconds
[2019-12-09T02:50:02.680+0000][1][safepoint    ] Application time: 0.0020467 seconds
[2019-12-09T02:50:02.680+0000][1][safepoint    ] Entering safepoint region: RevokeBias
[2019-12-09T02:50:02.680+0000][1][safepoint    ] Leaving safepoint region
[2019-12-09T02:50:02.680+0000][1][safepoint    ] Total time for which application threads were stopped: 0.0000534 seconds, Stopping threads took: 0.0000122 seconds
[2019-12-09T02:50:02.698+0000][1][gc,heap,exit ] Heap
[2019-12-09T02:50:02.698+0000][1][gc,heap,exit ]  par new generation   total 78656K, used 19107K [0x00000000f0000000, 0x00000000f5550000, 0x00000000f5550000)
[2019-12-09T02:50:02.698+0000][1][gc,heap,exit ]   eden space 69952K,  27% used [0x00000000f0000000, 0x00000000f1291630, 0x00000000f4450000)
[2019-12-09T02:50:02.698+0000][1][gc,heap,exit ]   from space 8704K,   1% used [0x00000000f4450000, 0x00000000f44676c0, 0x00000000f4cd0000)
[2019-12-09T02:50:02.698+0000][1][gc,heap,exit ]   to   space 8704K,   0% used [0x00000000f4cd0000, 0x00000000f4cd0000, 0x00000000f5550000)
[2019-12-09T02:50:02.698+0000][1][gc,heap,exit ]  concurrent mark-sweep generation total 174784K, used 70111K [0x00000000f5550000, 0x0000000100000000, 0x0000000100000000)
[2019-12-09T02:50:02.698+0000][1][gc,heap,exit ]  Metaspace       used 71349K, capacity 76631K, committed 76796K, reserved 1114112K
[2019-12-09T02:50:02.698+0000][1][gc,heap,exit ]   class space    used 9627K, capacity 11869K, committed 11940K, reserved 1048576K
[2019-12-09T02:50:02.698+0000][1][safepoint    ] Application time: 0.0179040 seconds
[2019-12-09T02:50:02.698+0000][1][safepoint    ] Entering safepoint region: Exit
