[2019-12-08T09:54:34.967+0000][1][gc] Using Concurrent Mark Sweep
[2019-12-08T09:54:34.967+0000][1][gc,heap,coops] Heap address: 0x00000000f0000000, size: 256 MB, Compressed Oops mode: 32-bit
[2019-12-08T09:54:35.068+0000][1][safepoint    ] Entering safepoint region: EnableBiasedLocking
[2019-12-08T09:54:35.068+0000][1][safepoint    ] Leaving safepoint region
[2019-12-08T09:54:35.068+0000][1][safepoint    ] Total time for which application threads were stopped: 0.0002894 seconds, Stopping threads took: 0.0001758 seconds
[2019-12-08T09:54:35.089+0000][1][safepoint    ] Application time: 0.0184147 seconds
[2019-12-08T09:54:35.089+0000][1][safepoint    ] Entering safepoint region: RevokeBias
[2019-12-08T09:54:35.089+0000][1][safepoint    ] Leaving safepoint region
[2019-12-08T09:54:35.089+0000][1][safepoint    ] Total time for which application threads were stopped: 0.0002480 seconds, Stopping threads took: 0.0001765 seconds
[2019-12-08T09:54:35.094+0000][1][safepoint    ] Application time: 0.0050033 seconds
[2019-12-08T09:54:35.094+0000][1][safepoint    ] Entering safepoint region: Deoptimize
[2019-12-08T09:54:35.094+0000][1][safepoint    ] Leaving safepoint region
[2019-12-08T09:54:35.094+0000][1][safepoint    ] Total time for which application threads were stopped: 0.0000483 seconds, Stopping threads took: 0.0000083 seconds
[2019-12-08T09:54:35.337+0000][1][safepoint    ] Application time: 0.2426116 seconds
[2019-12-08T09:54:35.337+0000][1][safepoint    ] Entering safepoint region: Deoptimize
[2019-12-08T09:54:35.337+0000][1][safepoint    ] Leaving safepoint region
[2019-12-08T09:54:35.337+0000][1][safepoint    ] Total time for which application threads were stopped: 0.0000815 seconds, Stopping threads took: 0.0000097 seconds
[2019-12-08T09:54:36.010+0000][1][safepoint    ] Application time: 0.6730959 seconds
[2019-12-08T09:54:36.010+0000][1][safepoint    ] Entering safepoint region: Deoptimize
[2019-12-08T09:54:36.010+0000][1][safepoint    ] Leaving safepoint region
[2019-12-08T09:54:36.010+0000][1][safepoint    ] Total time for which application threads were stopped: 0.0001806 seconds, Stopping threads took: 0.0000113 seconds
[2019-12-08T09:54:36.139+0000][1][safepoint    ] Application time: 0.1282556 seconds
[2019-12-08T09:54:36.139+0000][1][safepoint    ] Entering safepoint region: Deoptimize
[2019-12-08T09:54:36.139+0000][1][safepoint    ] Leaving safepoint region
[2019-12-08T09:54:36.139+0000][1][safepoint    ] Total time for which application threads were stopped: 0.0001738 seconds, Stopping threads took: 0.0000113 seconds
[2019-12-08T09:54:36.166+0000][1][safepoint    ] Application time: 0.0267792 seconds
[2019-12-08T09:54:36.166+0000][1][safepoint    ] Entering safepoint region: RevokeBias
[2019-12-08T09:54:36.166+0000][1][safepoint    ] Leaving safepoint region
[2019-12-08T09:54:36.166+0000][1][safepoint    ] Total time for which application threads were stopped: 0.0000672 seconds, Stopping threads took: 0.0000100 seconds
[2019-12-08T09:54:36.169+0000][1][safepoint    ] Application time: 0.0035781 seconds
[2019-12-08T09:54:36.169+0000][1][safepoint    ] Entering safepoint region: Deoptimize
[2019-12-08T09:54:36.169+0000][1][safepoint    ] Leaving safepoint region
[2019-12-08T09:54:36.169+0000][1][safepoint    ] Total time for which application threads were stopped: 0.0001262 seconds, Stopping threads took: 0.0000094 seconds
[2019-12-08T09:54:37.170+0000][1][safepoint    ] Application time: 1.0004268 seconds
[2019-12-08T09:54:37.170+0000][1][safepoint    ] Entering safepoint region: Cleanup
[2019-12-08T09:54:37.170+0000][1][safepoint    ] Leaving safepoint region
[2019-12-08T09:54:37.170+0000][1][safepoint    ] Total time for which application threads were stopped: 0.0001481 seconds, Stopping threads took: 0.0000466 seconds
[2019-12-08T09:54:37.510+0000][1][safepoint    ] Application time: 0.3395850 seconds
[2019-12-08T09:54:37.510+0000][1][safepoint    ] Entering safepoint region: Deoptimize
[2019-12-08T09:54:37.510+0000][1][safepoint    ] Leaving safepoint region
[2019-12-08T09:54:37.510+0000][1][safepoint    ] Total time for which application threads were stopped: 0.0002618 seconds, Stopping threads took: 0.0000107 seconds
[2019-12-08T09:54:38.171+0000][1][safepoint    ] Application time: 0.6610696 seconds
[2019-12-08T09:54:38.171+0000][1][safepoint    ] Entering safepoint region: RevokeBias
[2019-12-08T09:54:38.171+0000][1][safepoint    ] Leaving safepoint region
[2019-12-08T09:54:38.171+0000][1][safepoint    ] Total time for which application threads were stopped: 0.0001303 seconds, Stopping threads took: 0.0000105 seconds
[2019-12-08T09:54:38.422+0000][1][safepoint    ] Application time: 0.2507892 seconds
[2019-12-08T09:54:38.422+0000][1][safepoint    ] Entering safepoint region: Deoptimize
[2019-12-08T09:54:38.422+0000][1][safepoint    ] Leaving safepoint region
[2019-12-08T09:54:38.422+0000][1][safepoint    ] Total time for which application threads were stopped: 0.0002276 seconds, Stopping threads took: 0.0000091 seconds
[2019-12-08T09:54:38.915+0000][1][safepoint    ] Application time: 0.4925802 seconds
[2019-12-08T09:54:38.915+0000][1][safepoint    ] Entering safepoint region: Deoptimize
[2019-12-08T09:54:38.915+0000][1][safepoint    ] Leaving safepoint region
[2019-12-08T09:54:38.915+0000][1][safepoint    ] Total time for which application threads were stopped: 0.0002526 seconds, Stopping threads took: 0.0000091 seconds
[2019-12-08T09:54:38.918+0000][1][safepoint    ] Application time: 0.0032157 seconds
[2019-12-08T09:54:38.918+0000][1][safepoint    ] Entering safepoint region: Deoptimize
[2019-12-08T09:54:38.918+0000][1][safepoint    ] Leaving safepoint region
[2019-12-08T09:54:38.918+0000][1][safepoint    ] Total time for which application threads were stopped: 0.0001895 seconds, Stopping threads took: 0.0000092 seconds
[2019-12-08T09:54:38.970+0000][1][safepoint    ] Application time: 0.0511442 seconds
[2019-12-08T09:54:38.970+0000][1][safepoint    ] Entering safepoint region: Deoptimize
[2019-12-08T09:54:38.970+0000][1][safepoint    ] Leaving safepoint region
[2019-12-08T09:54:38.970+0000][1][safepoint    ] Total time for which application threads were stopped: 0.0003054 seconds, Stopping threads took: 0.0000120 seconds
[2019-12-08T09:54:39.016+0000][1][safepoint    ] Application time: 0.0464634 seconds
[2019-12-08T09:54:39.016+0000][1][safepoint    ] Entering safepoint region: RevokeBias
[2019-12-08T09:54:39.017+0000][1][safepoint    ] Leaving safepoint region
[2019-12-08T09:54:39.017+0000][1][safepoint    ] Total time for which application threads were stopped: 0.0001358 seconds, Stopping threads took: 0.0000825 seconds
[2019-12-08T09:54:39.017+0000][1][safepoint    ] Application time: 0.0002075 seconds
[2019-12-08T09:54:39.017+0000][1][safepoint    ] Entering safepoint region: RevokeBias
[2019-12-08T09:54:39.017+0000][1][safepoint    ] Leaving safepoint region
[2019-12-08T09:54:39.017+0000][1][safepoint    ] Total time for which application threads were stopped: 0.0000419 seconds, Stopping threads took: 0.0000085 seconds
[2019-12-08T09:54:39.017+0000][1][safepoint    ] Application time: 0.0001024 seconds
[2019-12-08T09:54:39.017+0000][1][safepoint    ] Entering safepoint region: RevokeBias
[2019-12-08T09:54:39.017+0000][1][safepoint    ] Leaving safepoint region
[2019-12-08T09:54:39.017+0000][1][safepoint    ] Total time for which application threads were stopped: 0.0000320 seconds, Stopping threads took: 0.0000072 seconds
[2019-12-08T09:54:39.017+0000][1][safepoint    ] Application time: 0.0000425 seconds
[2019-12-08T09:54:39.017+0000][1][safepoint    ] Entering safepoint region: RevokeBias
[2019-12-08T09:54:39.017+0000][1][safepoint    ] Leaving safepoint region
[2019-12-08T09:54:39.017+0000][1][safepoint    ] Total time for which application threads were stopped: 0.0000284 seconds, Stopping threads took: 0.0000061 seconds
[2019-12-08T09:54:39.017+0000][1][safepoint    ] Application time: 0.0000606 seconds
[2019-12-08T09:54:39.017+0000][1][safepoint    ] Entering safepoint region: RevokeBias
[2019-12-08T09:54:39.017+0000][1][safepoint    ] Leaving safepoint region
[2019-12-08T09:54:39.017+0000][1][safepoint    ] Total time for which application threads were stopped: 0.0000292 seconds, Stopping threads took: 0.0000067 seconds
[2019-12-08T09:54:39.017+0000][1][safepoint    ] Application time: 0.0001260 seconds
[2019-12-08T09:54:39.017+0000][1][safepoint    ] Entering safepoint region: RevokeBias
[2019-12-08T09:54:39.017+0000][1][safepoint    ] Leaving safepoint region
[2019-12-08T09:54:39.017+0000][1][safepoint    ] Total time for which application threads were stopped: 0.0000315 seconds, Stopping threads took: 0.0000071 seconds
[2019-12-08T09:54:39.553+0000][1][safepoint    ] Application time: 0.5351681 seconds
[2019-12-08T09:54:39.553+0000][1][safepoint    ] Entering safepoint region: GenCollectForAllocation
[2019-12-08T09:54:39.553+0000][1][gc,start     ] GC(0) Pause Young (Allocation Failure)
[2019-12-08T09:54:39.582+0000][1][gc,task      ] GC(0) Using 4 workers of 4 for evacuation
[2019-12-08T09:54:39.646+0000][1][gc,age       ] GC(0) Desired survivor size 4456448 bytes, new threshold 1 (max threshold 6)
[2019-12-08T09:54:39.646+0000][1][gc,age       ] GC(0) Age table with threshold 1 (max threshold 6)
[2019-12-08T09:54:39.646+0000][1][gc,age       ] GC(0) - age   1:    6697784 bytes,    6697784 total
[2019-12-08T09:54:39.646+0000][1][gc,heap      ] GC(0) ParNew: 69952K->6620K(78656K)
[2019-12-08T09:54:39.646+0000][1][gc,heap      ] GC(0) CMS: 0K->0K(174784K)
[2019-12-08T09:54:39.646+0000][1][gc,metaspace ] GC(0) Metaspace: 12864K->12864K(1060864K)
[2019-12-08T09:54:39.646+0000][1][gc           ] GC(0) Pause Young (Allocation Failure) 68M->6M(247M) 93.461ms
[2019-12-08T09:54:39.646+0000][1][gc,cpu       ] GC(0) User=0.03s Sys=0.00s Real=0.09s
[2019-12-08T09:54:39.646+0000][1][safepoint    ] Leaving safepoint region
[2019-12-08T09:54:39.646+0000][1][safepoint    ] Total time for which application threads were stopped: 0.0936188 seconds, Stopping threads took: 0.0000127 seconds
[2019-12-08T09:54:39.650+0000][1][safepoint    ] Application time: 0.0042679 seconds
[2019-12-08T09:54:39.650+0000][1][safepoint    ] Entering safepoint region: RevokeBias
[2019-12-08T09:54:39.651+0000][1][safepoint    ] Leaving safepoint region
[2019-12-08T09:54:39.651+0000][1][safepoint    ] Total time for which application threads were stopped: 0.0001622 seconds, Stopping threads took: 0.0000511 seconds
[2019-12-08T09:54:39.651+0000][1][safepoint    ] Application time: 0.0001516 seconds
[2019-12-08T09:54:39.651+0000][1][safepoint    ] Entering safepoint region: RevokeBias
[2019-12-08T09:54:39.651+0000][1][safepoint    ] Leaving safepoint region
[2019-12-08T09:54:39.651+0000][1][safepoint    ] Total time for which application threads were stopped: 0.0000722 seconds, Stopping threads took: 0.0000095 seconds
[2019-12-08T09:54:39.663+0000][1][safepoint    ] Application time: 0.0119155 seconds
[2019-12-08T09:54:39.663+0000][1][safepoint    ] Entering safepoint region: RevokeBias
[2019-12-08T09:54:39.663+0000][1][safepoint    ] Leaving safepoint region
[2019-12-08T09:54:39.663+0000][1][safepoint    ] Total time for which application threads were stopped: 0.0001008 seconds, Stopping threads took: 0.0000368 seconds
[2019-12-08T09:54:39.663+0000][1][safepoint    ] Application time: 0.0000531 seconds
[2019-12-08T09:54:39.663+0000][1][safepoint    ] Entering safepoint region: RevokeBias
[2019-12-08T09:54:39.663+0000][1][safepoint    ] Leaving safepoint region
[2019-12-08T09:54:39.663+0000][1][safepoint    ] Total time for which application threads were stopped: 0.0000591 seconds, Stopping threads took: 0.0000074 seconds
[2019-12-08T09:54:39.663+0000][1][safepoint    ] Application time: 0.0000550 seconds
[2019-12-08T09:54:39.663+0000][1][safepoint    ] Entering safepoint region: RevokeBias
[2019-12-08T09:54:39.663+0000][1][safepoint    ] Leaving safepoint region
[2019-12-08T09:54:39.663+0000][1][safepoint    ] Total time for which application threads were stopped: 0.0000521 seconds, Stopping threads took: 0.0000066 seconds
[2019-12-08T09:54:39.663+0000][1][safepoint    ] Application time: 0.0000460 seconds
[2019-12-08T09:54:39.663+0000][1][safepoint    ] Entering safepoint region: RevokeBias
[2019-12-08T09:54:39.663+0000][1][safepoint    ] Leaving safepoint region
[2019-12-08T09:54:39.663+0000][1][safepoint    ] Total time for which application threads were stopped: 0.0000586 seconds, Stopping threads took: 0.0000140 seconds
[2019-12-08T09:54:39.663+0000][1][safepoint    ] Application time: 0.0000540 seconds
[2019-12-08T09:54:39.663+0000][1][safepoint    ] Entering safepoint region: RevokeBias
[2019-12-08T09:54:39.663+0000][1][safepoint    ] Leaving safepoint region
[2019-12-08T09:54:39.663+0000][1][safepoint    ] Total time for which application threads were stopped: 0.0000523 seconds, Stopping threads took: 0.0000068 seconds
[2019-12-08T09:54:39.663+0000][1][safepoint    ] Application time: 0.0000461 seconds
[2019-12-08T09:54:39.663+0000][1][safepoint    ] Entering safepoint region: RevokeBias
[2019-12-08T09:54:39.664+0000][1][safepoint    ] Leaving safepoint region
[2019-12-08T09:54:39.664+0000][1][safepoint    ] Total time for which application threads were stopped: 0.0000509 seconds, Stopping threads took: 0.0000067 seconds
[2019-12-08T09:54:39.664+0000][1][safepoint    ] Application time: 0.0000514 seconds
[2019-12-08T09:54:39.664+0000][1][safepoint    ] Entering safepoint region: RevokeBias
[2019-12-08T09:54:39.664+0000][1][safepoint    ] Leaving safepoint region
[2019-12-08T09:54:39.664+0000][1][safepoint    ] Total time for which application threads were stopped: 0.0000491 seconds, Stopping threads took: 0.0000063 seconds
[2019-12-08T09:54:39.664+0000][1][safepoint    ] Application time: 0.0000446 seconds
[2019-12-08T09:54:39.664+0000][1][safepoint    ] Entering safepoint region: RevokeBias
[2019-12-08T09:54:39.664+0000][1][safepoint    ] Leaving safepoint region
[2019-12-08T09:54:39.664+0000][1][safepoint    ] Total time for which application threads were stopped: 0.0000578 seconds, Stopping threads took: 0.0000095 seconds
[2019-12-08T09:54:39.664+0000][1][safepoint    ] Application time: 0.0000512 seconds
[2019-12-08T09:54:39.664+0000][1][safepoint    ] Entering safepoint region: RevokeBias
[2019-12-08T09:54:39.664+0000][1][safepoint    ] Leaving safepoint region
[2019-12-08T09:54:39.664+0000][1][safepoint    ] Total time for which application threads were stopped: 0.0000480 seconds, Stopping threads took: 0.0000067 seconds
[2019-12-08T09:54:39.664+0000][1][safepoint    ] Application time: 0.0000428 seconds
[2019-12-08T09:54:39.664+0000][1][safepoint    ] Entering safepoint region: RevokeBias
[2019-12-08T09:54:39.664+0000][1][safepoint    ] Leaving safepoint region
[2019-12-08T09:54:39.664+0000][1][safepoint    ] Total time for which application threads were stopped: 0.0000466 seconds, Stopping threads took: 0.0000065 seconds
[2019-12-08T09:54:39.664+0000][1][safepoint    ] Application time: 0.0000473 seconds
[2019-12-08T09:54:39.664+0000][1][safepoint    ] Entering safepoint region: RevokeBias
[2019-12-08T09:54:39.664+0000][1][safepoint    ] Leaving safepoint region
[2019-12-08T09:54:39.664+0000][1][safepoint    ] Total time for which application threads were stopped: 0.0000476 seconds, Stopping threads took: 0.0000066 seconds
[2019-12-08T09:54:39.664+0000][1][safepoint    ] Application time: 0.0000427 seconds
[2019-12-08T09:54:39.664+0000][1][safepoint    ] Entering safepoint region: RevokeBias
[2019-12-08T09:54:39.664+0000][1][safepoint    ] Leaving safepoint region
[2019-12-08T09:54:39.664+0000][1][safepoint    ] Total time for which application threads were stopped: 0.0000470 seconds, Stopping threads took: 0.0000065 seconds
[2019-12-08T09:54:39.664+0000][1][safepoint    ] Application time: 0.0000485 seconds
[2019-12-08T09:54:39.664+0000][1][safepoint    ] Entering safepoint region: RevokeBias
[2019-12-08T09:54:39.664+0000][1][safepoint    ] Leaving safepoint region
[2019-12-08T09:54:39.664+0000][1][safepoint    ] Total time for which application threads were stopped: 0.0000496 seconds, Stopping threads took: 0.0000068 seconds
[2019-12-08T09:54:39.664+0000][1][safepoint    ] Application time: 0.0000430 seconds
[2019-12-08T09:54:39.664+0000][1][safepoint    ] Entering safepoint region: RevokeBias
[2019-12-08T09:54:39.664+0000][1][safepoint    ] Leaving safepoint region
[2019-12-08T09:54:39.664+0000][1][safepoint    ] Total time for which application threads were stopped: 0.0000561 seconds, Stopping threads took: 0.0000126 seconds
[2019-12-08T09:54:39.664+0000][1][safepoint    ] Application time: 0.0000534 seconds
[2019-12-08T09:54:39.664+0000][1][safepoint    ] Entering safepoint region: RevokeBias
[2019-12-08T09:54:39.665+0000][1][safepoint    ] Leaving safepoint region
[2019-12-08T09:54:39.665+0000][1][safepoint    ] Total time for which application threads were stopped: 0.0000534 seconds, Stopping threads took: 0.0000068 seconds
[2019-12-08T09:54:39.665+0000][1][safepoint    ] Application time: 0.0000482 seconds
[2019-12-08T09:54:39.665+0000][1][safepoint    ] Entering safepoint region: RevokeBias
[2019-12-08T09:54:39.665+0000][1][safepoint    ] Leaving safepoint region
[2019-12-08T09:54:39.665+0000][1][safepoint    ] Total time for which application threads were stopped: 0.0000460 seconds, Stopping threads took: 0.0000056 seconds
[2019-12-08T09:54:39.665+0000][1][safepoint    ] Application time: 0.0000885 seconds
[2019-12-08T09:54:39.665+0000][1][safepoint    ] Entering safepoint region: RevokeBias
[2019-12-08T09:54:39.665+0000][1][safepoint    ] Leaving safepoint region
[2019-12-08T09:54:39.665+0000][1][safepoint    ] Total time for which application threads were stopped: 0.0000549 seconds, Stopping threads took: 0.0000079 seconds
[2019-12-08T09:54:39.665+0000][1][safepoint    ] Application time: 0.0000465 seconds
[2019-12-08T09:54:39.665+0000][1][safepoint    ] Entering safepoint region: RevokeBias
[2019-12-08T09:54:39.665+0000][1][safepoint    ] Leaving safepoint region
[2019-12-08T09:54:39.665+0000][1][safepoint    ] Total time for which application threads were stopped: 0.0000496 seconds, Stopping threads took: 0.0000069 seconds
[2019-12-08T09:54:39.665+0000][1][safepoint    ] Application time: 0.0000500 seconds
[2019-12-08T09:54:39.665+0000][1][safepoint    ] Entering safepoint region: RevokeBias
[2019-12-08T09:54:39.665+0000][1][safepoint    ] Leaving safepoint region
[2019-12-08T09:54:39.665+0000][1][safepoint    ] Total time for which application threads were stopped: 0.0000498 seconds, Stopping threads took: 0.0000066 seconds
[2019-12-08T09:54:39.665+0000][1][safepoint    ] Application time: 0.0000446 seconds
[2019-12-08T09:54:39.665+0000][1][safepoint    ] Entering safepoint region: RevokeBias
[2019-12-08T09:54:39.665+0000][1][safepoint    ] Leaving safepoint region
[2019-12-08T09:54:39.665+0000][1][safepoint    ] Total time for which application threads were stopped: 0.0000491 seconds, Stopping threads took: 0.0000064 seconds
[2019-12-08T09:54:39.665+0000][1][safepoint    ] Application time: 0.0000499 seconds
[2019-12-08T09:54:39.665+0000][1][safepoint    ] Entering safepoint region: RevokeBias
[2019-12-08T09:54:39.665+0000][1][safepoint    ] Leaving safepoint region
[2019-12-08T09:54:39.665+0000][1][safepoint    ] Total time for which application threads were stopped: 0.0000492 seconds, Stopping threads took: 0.0000067 seconds
[2019-12-08T09:54:39.665+0000][1][safepoint    ] Application time: 0.0000437 seconds
[2019-12-08T09:54:39.665+0000][1][safepoint    ] Entering safepoint region: RevokeBias
[2019-12-08T09:54:39.665+0000][1][safepoint    ] Leaving safepoint region
[2019-12-08T09:54:39.665+0000][1][safepoint    ] Total time for which application threads were stopped: 0.0000475 seconds, Stopping threads took: 0.0000061 seconds
[2019-12-08T09:54:39.665+0000][1][safepoint    ] Application time: 0.0000677 seconds
[2019-12-08T09:54:39.665+0000][1][safepoint    ] Entering safepoint region: RevokeBias
[2019-12-08T09:54:39.665+0000][1][safepoint    ] Leaving safepoint region
[2019-12-08T09:54:39.665+0000][1][safepoint    ] Total time for which application threads were stopped: 0.0000495 seconds, Stopping threads took: 0.0000063 seconds
[2019-12-08T09:54:39.666+0000][1][safepoint    ] Application time: 0.0000442 seconds
[2019-12-08T09:54:39.666+0000][1][safepoint    ] Entering safepoint region: RevokeBias
[2019-12-08T09:54:39.666+0000][1][safepoint    ] Leaving safepoint region
[2019-12-08T09:54:39.666+0000][1][safepoint    ] Total time for which application threads were stopped: 0.0000546 seconds, Stopping threads took: 0.0000125 seconds
[2019-12-08T09:54:39.666+0000][1][safepoint    ] Application time: 0.0003332 seconds
[2019-12-08T09:54:39.666+0000][1][safepoint    ] Entering safepoint region: RevokeBias
[2019-12-08T09:54:39.666+0000][1][safepoint    ] Leaving safepoint region
[2019-12-08T09:54:39.666+0000][1][safepoint    ] Total time for which application threads were stopped: 0.0000681 seconds, Stopping threads took: 0.0000096 seconds
[2019-12-08T09:54:39.680+0000][1][safepoint    ] Application time: 0.0136793 seconds
[2019-12-08T09:54:39.680+0000][1][safepoint    ] Entering safepoint region: RevokeBias
[2019-12-08T09:54:39.680+0000][1][safepoint    ] Leaving safepoint region
[2019-12-08T09:54:39.680+0000][1][safepoint    ] Total time for which application threads were stopped: 0.0000731 seconds, Stopping threads took: 0.0000107 seconds
[2019-12-08T09:54:39.680+0000][1][safepoint    ] Application time: 0.0000974 seconds
[2019-12-08T09:54:39.680+0000][1][safepoint    ] Entering safepoint region: RevokeBias
[2019-12-08T09:54:39.680+0000][1][safepoint    ] Leaving safepoint region
[2019-12-08T09:54:39.680+0000][1][safepoint    ] Total time for which application threads were stopped: 0.0000575 seconds, Stopping threads took: 0.0000075 seconds
[2019-12-08T09:54:39.680+0000][1][safepoint    ] Application time: 0.0000463 seconds
[2019-12-08T09:54:39.680+0000][1][safepoint    ] Entering safepoint region: RevokeBias
[2019-12-08T09:54:39.680+0000][1][safepoint    ] Leaving safepoint region
[2019-12-08T09:54:39.680+0000][1][safepoint    ] Total time for which application threads were stopped: 0.0000498 seconds, Stopping threads took: 0.0000068 seconds
[2019-12-08T09:54:40.083+0000][1][safepoint    ] Application time: 0.4026171 seconds
[2019-12-08T09:54:40.083+0000][1][safepoint    ] Entering safepoint region: RevokeBias
[2019-12-08T09:54:40.083+0000][1][safepoint    ] Leaving safepoint region
[2019-12-08T09:54:40.083+0000][1][safepoint    ] Total time for which application threads were stopped: 0.0000992 seconds, Stopping threads took: 0.0000125 seconds
[2019-12-08T09:54:40.900+0000][1][safepoint    ] Application time: 0.8166512 seconds
[2019-12-08T09:54:40.900+0000][1][safepoint    ] Entering safepoint region: RevokeBias
[2019-12-08T09:54:40.900+0000][1][safepoint    ] Leaving safepoint region
[2019-12-08T09:54:40.900+0000][1][safepoint    ] Total time for which application threads were stopped: 0.0001077 seconds, Stopping threads took: 0.0000133 seconds
[2019-12-08T09:54:41.482+0000][1][safepoint    ] Application time: 0.5820175 seconds
[2019-12-08T09:54:41.482+0000][1][safepoint    ] Entering safepoint region: GenCollectForAllocation
[2019-12-08T09:54:41.482+0000][1][gc,start     ] GC(1) Pause Young (Allocation Failure)
[2019-12-08T09:54:41.482+0000][1][gc,task      ] GC(1) Using 4 workers of 4 for evacuation
[2019-12-08T09:54:41.598+0000][1][gc,age       ] GC(1) Desired survivor size 4456448 bytes, new threshold 6 (max threshold 6)
[2019-12-08T09:54:41.598+0000][1][gc,age       ] GC(1) Age table with threshold 6 (max threshold 6)
[2019-12-08T09:54:41.598+0000][1][gc,age       ] GC(1) - age   1:    1215952 bytes,    1215952 total
[2019-12-08T09:54:41.598+0000][1][gc,heap      ] GC(1) ParNew: 76572K->4074K(78656K)
[2019-12-08T09:54:41.598+0000][1][gc,heap      ] GC(1) CMS: 0K->7024K(174784K)
[2019-12-08T09:54:41.598+0000][1][gc,metaspace ] GC(1) Metaspace: 14824K->14824K(1062912K)
[2019-12-08T09:54:41.598+0000][1][gc           ] GC(1) Pause Young (Allocation Failure) 74M->10M(247M) 116.244ms
[2019-12-08T09:54:41.598+0000][1][gc,cpu       ] GC(1) User=0.11s Sys=0.00s Real=0.11s
[2019-12-08T09:54:41.598+0000][1][safepoint    ] Leaving safepoint region
[2019-12-08T09:54:41.598+0000][1][safepoint    ] Total time for which application threads were stopped: 0.1164068 seconds, Stopping threads took: 0.0000137 seconds
[2019-12-08T09:54:41.640+0000][1][safepoint    ] Application time: 0.0415681 seconds
[2019-12-08T09:54:41.640+0000][1][safepoint    ] Entering safepoint region: BulkRevokeBias
[2019-12-08T09:54:41.640+0000][1][safepoint    ] Leaving safepoint region
[2019-12-08T09:54:41.640+0000][1][safepoint    ] Total time for which application threads were stopped: 0.0001587 seconds, Stopping threads took: 0.0000155 seconds
[2019-12-08T09:54:41.672+0000][1][safepoint    ] Application time: 0.0317949 seconds
[2019-12-08T09:54:41.672+0000][1][safepoint    ] Entering safepoint region: RevokeBias
[2019-12-08T09:54:41.672+0000][1][safepoint    ] Leaving safepoint region
[2019-12-08T09:54:41.672+0000][1][safepoint    ] Total time for which application threads were stopped: 0.0000818 seconds, Stopping threads took: 0.0000155 seconds
[2019-12-08T09:54:41.714+0000][1][safepoint    ] Application time: 0.0418851 seconds
[2019-12-08T09:54:41.755+0000][1][safepoint    ] Entering safepoint region: RevokeBias
[2019-12-08T09:54:41.755+0000][1][safepoint    ] Leaving safepoint region
[2019-12-08T09:54:41.755+0000][1][safepoint    ] Total time for which application threads were stopped: 0.0411430 seconds, Stopping threads took: 0.0410596 seconds
[2019-12-08T09:54:41.773+0000][1][safepoint    ] Application time: 0.0178127 seconds
[2019-12-08T09:54:41.803+0000][1][safepoint    ] Entering safepoint region: RevokeBias
[2019-12-08T09:54:41.803+0000][1][safepoint    ] Leaving safepoint region
[2019-12-08T09:54:41.803+0000][1][safepoint    ] Total time for which application threads were stopped: 0.0301135 seconds, Stopping threads took: 0.0300118 seconds
[2019-12-08T09:54:41.804+0000][1][safepoint    ] Application time: 0.0009406 seconds
[2019-12-08T09:54:41.804+0000][1][safepoint    ] Entering safepoint region: RevokeBias
[2019-12-08T09:54:41.804+0000][1][safepoint    ] Leaving safepoint region
[2019-12-08T09:54:41.804+0000][1][safepoint    ] Total time for which application threads were stopped: 0.0000737 seconds, Stopping threads took: 0.0000114 seconds
[2019-12-08T09:54:41.804+0000][1][safepoint    ] Application time: 0.0000505 seconds
[2019-12-08T09:54:41.804+0000][1][safepoint    ] Entering safepoint region: RevokeBias
[2019-12-08T09:54:41.804+0000][1][safepoint    ] Leaving safepoint region
[2019-12-08T09:54:41.804+0000][1][safepoint    ] Total time for which application threads were stopped: 0.0000476 seconds, Stopping threads took: 0.0000068 seconds
[2019-12-08T09:54:41.804+0000][1][safepoint    ] Application time: 0.0000536 seconds
[2019-12-08T09:54:41.804+0000][1][safepoint    ] Entering safepoint region: BulkRevokeBias
[2019-12-08T09:54:41.804+0000][1][safepoint    ] Leaving safepoint region
[2019-12-08T09:54:41.804+0000][1][safepoint    ] Total time for which application threads were stopped: 0.0000852 seconds, Stopping threads took: 0.0000069 seconds
[2019-12-08T09:54:41.804+0000][1][safepoint    ] Application time: 0.0000474 seconds
[2019-12-08T09:54:41.804+0000][1][safepoint    ] Entering safepoint region: RevokeBias
[2019-12-08T09:54:41.804+0000][1][safepoint    ] Leaving safepoint region
[2019-12-08T09:54:41.804+0000][1][safepoint    ] Total time for which application threads were stopped: 0.0000463 seconds, Stopping threads took: 0.0000071 seconds
[2019-12-08T09:54:41.804+0000][1][safepoint    ] Application time: 0.0000495 seconds
[2019-12-08T09:54:41.804+0000][1][safepoint    ] Entering safepoint region: BulkRevokeBias
[2019-12-08T09:54:41.804+0000][1][safepoint    ] Leaving safepoint region
[2019-12-08T09:54:41.804+0000][1][safepoint    ] Total time for which application threads were stopped: 0.0000626 seconds, Stopping threads took: 0.0000065 seconds
[2019-12-08T09:54:42.807+0000][1][safepoint    ] Application time: 1.0023073 seconds
[2019-12-08T09:54:42.825+0000][1][safepoint    ] Entering safepoint region: Cleanup
[2019-12-08T09:54:42.825+0000][1][safepoint    ] Leaving safepoint region
[2019-12-08T09:54:42.825+0000][1][safepoint    ] Total time for which application threads were stopped: 0.0184292 seconds, Stopping threads took: 0.0183161 seconds
[2019-12-08T09:54:42.891+0000][1][safepoint    ] Application time: 0.0655333 seconds
[2019-12-08T09:54:42.891+0000][1][safepoint    ] Entering safepoint region: Deoptimize
[2019-12-08T09:54:42.891+0000][1][safepoint    ] Leaving safepoint region
[2019-12-08T09:54:42.891+0000][1][safepoint    ] Total time for which application threads were stopped: 0.0003849 seconds, Stopping threads took: 0.0000135 seconds
[2019-12-08T09:54:42.892+0000][1][safepoint    ] Application time: 0.0005329 seconds
[2019-12-08T09:54:42.892+0000][1][safepoint    ] Entering safepoint region: Deoptimize
[2019-12-08T09:54:42.892+0000][1][safepoint    ] Leaving safepoint region
[2019-12-08T09:54:42.892+0000][1][safepoint    ] Total time for which application threads were stopped: 0.0003227 seconds, Stopping threads took: 0.0000115 seconds
[2019-12-08T09:54:43.225+0000][1][safepoint    ] Application time: 0.3325834 seconds
[2019-12-08T09:54:43.225+0000][1][safepoint    ] Entering safepoint region: GenCollectForAllocation
[2019-12-08T09:54:43.225+0000][1][gc,start     ] GC(2) Pause Young (Allocation Failure)
[2019-12-08T09:54:43.225+0000][1][gc,task      ] GC(2) Using 4 workers of 4 for evacuation
[2019-12-08T09:54:43.276+0000][1][gc,age       ] GC(2) Desired survivor size 4456448 bytes, new threshold 6 (max threshold 6)
[2019-12-08T09:54:43.276+0000][1][gc,age       ] GC(2) Age table with threshold 6 (max threshold 6)
[2019-12-08T09:54:43.276+0000][1][gc,age       ] GC(2) - age   1:    2707368 bytes,    2707368 total
[2019-12-08T09:54:43.276+0000][1][gc,age       ] GC(2) - age   2:     942744 bytes,    3650112 total
[2019-12-08T09:54:43.276+0000][1][gc,heap      ] GC(2) ParNew: 74026K->3845K(78656K)
[2019-12-08T09:54:43.276+0000][1][gc,heap      ] GC(2) CMS: 7024K->7024K(174784K)
[2019-12-08T09:54:43.276+0000][1][gc,metaspace ] GC(2) Metaspace: 17058K->17058K(1064960K)
[2019-12-08T09:54:43.276+0000][1][gc           ] GC(2) Pause Young (Allocation Failure) 79M->10M(247M) 51.250ms
[2019-12-08T09:54:43.276+0000][1][gc,cpu       ] GC(2) User=0.02s Sys=0.00s Real=0.05s
[2019-12-08T09:54:43.276+0000][1][safepoint    ] Leaving safepoint region
[2019-12-08T09:54:43.276+0000][1][safepoint    ] Total time for which application threads were stopped: 0.0514077 seconds, Stopping threads took: 0.0000130 seconds
[2019-12-08T09:54:43.285+0000][1][safepoint    ] Application time: 0.0086757 seconds
[2019-12-08T09:54:43.295+0000][1][safepoint    ] Entering safepoint region: RevokeBias
[2019-12-08T09:54:43.295+0000][1][safepoint    ] Leaving safepoint region
[2019-12-08T09:54:43.295+0000][1][safepoint    ] Total time for which application threads were stopped: 0.0103475 seconds, Stopping threads took: 0.0102335 seconds
[2019-12-08T09:54:43.295+0000][1][safepoint    ] Application time: 0.0000607 seconds
[2019-12-08T09:54:43.295+0000][1][safepoint    ] Entering safepoint region: RevokeBias
[2019-12-08T09:54:43.295+0000][1][safepoint    ] Leaving safepoint region
[2019-12-08T09:54:43.295+0000][1][safepoint    ] Total time for which application threads were stopped: 0.0000785 seconds, Stopping threads took: 0.0000072 seconds
[2019-12-08T09:54:43.295+0000][1][safepoint    ] Application time: 0.0000749 seconds
[2019-12-08T09:54:43.295+0000][1][safepoint    ] Entering safepoint region: RevokeBias
[2019-12-08T09:54:43.295+0000][1][safepoint    ] Leaving safepoint region
[2019-12-08T09:54:43.295+0000][1][safepoint    ] Total time for which application threads were stopped: 0.0000958 seconds, Stopping threads took: 0.0000093 seconds
[2019-12-08T09:54:43.296+0000][1][safepoint    ] Application time: 0.0000473 seconds
[2019-12-08T09:54:43.296+0000][1][safepoint    ] Entering safepoint region: RevokeBias
[2019-12-08T09:54:43.296+0000][1][safepoint    ] Leaving safepoint region
[2019-12-08T09:54:43.296+0000][1][safepoint    ] Total time for which application threads were stopped: 0.0000659 seconds, Stopping threads took: 0.0000065 seconds
[2019-12-08T09:54:43.296+0000][1][safepoint    ] Application time: 0.0000501 seconds
[2019-12-08T09:54:43.296+0000][1][safepoint    ] Entering safepoint region: RevokeBias
[2019-12-08T09:54:43.296+0000][1][safepoint    ] Leaving safepoint region
[2019-12-08T09:54:43.296+0000][1][safepoint    ] Total time for which application threads were stopped: 0.0001039 seconds, Stopping threads took: 0.0000164 seconds
[2019-12-08T09:54:43.296+0000][1][safepoint    ] Application time: 0.0000459 seconds
[2019-12-08T09:54:43.296+0000][1][safepoint    ] Entering safepoint region: RevokeBias
[2019-12-08T09:54:43.296+0000][1][safepoint    ] Leaving safepoint region
[2019-12-08T09:54:43.296+0000][1][safepoint    ] Total time for which application threads were stopped: 0.0000636 seconds, Stopping threads took: 0.0000063 seconds
[2019-12-08T09:54:43.296+0000][1][safepoint    ] Application time: 0.0000488 seconds
[2019-12-08T09:54:43.296+0000][1][safepoint    ] Entering safepoint region: RevokeBias
[2019-12-08T09:54:43.296+0000][1][safepoint    ] Leaving safepoint region
[2019-12-08T09:54:43.296+0000][1][safepoint    ] Total time for which application threads were stopped: 0.0000634 seconds, Stopping threads took: 0.0000061 seconds
[2019-12-08T09:54:43.296+0000][1][safepoint    ] Application time: 0.0000418 seconds
[2019-12-08T09:54:43.296+0000][1][safepoint    ] Entering safepoint region: RevokeBias
[2019-12-08T09:54:43.296+0000][1][safepoint    ] Leaving safepoint region
[2019-12-08T09:54:43.296+0000][1][safepoint    ] Total time for which application threads were stopped: 0.0000687 seconds, Stopping threads took: 0.0000060 seconds
[2019-12-08T09:54:43.296+0000][1][safepoint    ] Application time: 0.0000543 seconds
[2019-12-08T09:54:43.296+0000][1][safepoint    ] Entering safepoint region: RevokeBias
[2019-12-08T09:54:43.296+0000][1][safepoint    ] Leaving safepoint region
[2019-12-08T09:54:43.296+0000][1][safepoint    ] Total time for which application threads were stopped: 0.0000734 seconds, Stopping threads took: 0.0000073 seconds
[2019-12-08T09:54:43.296+0000][1][safepoint    ] Application time: 0.0001370 seconds
[2019-12-08T09:54:43.296+0000][1][safepoint    ] Entering safepoint region: RevokeBias
[2019-12-08T09:54:43.297+0000][1][safepoint    ] Leaving safepoint region
[2019-12-08T09:54:43.297+0000][1][safepoint    ] Total time for which application threads were stopped: 0.0001113 seconds, Stopping threads took: 0.0000201 seconds
[2019-12-08T09:54:43.297+0000][1][safepoint    ] Application time: 0.0000573 seconds
[2019-12-08T09:54:43.297+0000][1][safepoint    ] Entering safepoint region: RevokeBias
[2019-12-08T09:54:43.297+0000][1][safepoint    ] Leaving safepoint region
[2019-12-08T09:54:43.297+0000][1][safepoint    ] Total time for which application threads were stopped: 0.0000920 seconds, Stopping threads took: 0.0000066 seconds
[2019-12-08T09:54:43.297+0000][1][safepoint    ] Application time: 0.0000466 seconds
[2019-12-08T09:54:43.297+0000][1][safepoint    ] Entering safepoint region: RevokeBias
[2019-12-08T09:54:43.297+0000][1][safepoint    ] Leaving safepoint region
[2019-12-08T09:54:43.297+0000][1][safepoint    ] Total time for which application threads were stopped: 0.0000785 seconds, Stopping threads took: 0.0000070 seconds
[2019-12-08T09:54:43.297+0000][1][safepoint    ] Application time: 0.0000511 seconds
[2019-12-08T09:54:43.297+0000][1][safepoint    ] Entering safepoint region: RevokeBias
[2019-12-08T09:54:43.297+0000][1][safepoint    ] Leaving safepoint region
[2019-12-08T09:54:43.297+0000][1][safepoint    ] Total time for which application threads were stopped: 0.0000728 seconds, Stopping threads took: 0.0000063 seconds
[2019-12-08T09:54:43.297+0000][1][safepoint    ] Application time: 0.0000443 seconds
[2019-12-08T09:54:43.297+0000][1][safepoint    ] Entering safepoint region: RevokeBias
[2019-12-08T09:54:43.297+0000][1][safepoint    ] Leaving safepoint region
[2019-12-08T09:54:43.297+0000][1][safepoint    ] Total time for which application threads were stopped: 0.0000764 seconds, Stopping threads took: 0.0000064 seconds
[2019-12-08T09:54:43.297+0000][1][safepoint    ] Application time: 0.0000545 seconds
[2019-12-08T09:54:43.297+0000][1][safepoint    ] Entering safepoint region: RevokeBias
[2019-12-08T09:54:43.297+0000][1][safepoint    ] Leaving safepoint region
[2019-12-08T09:54:43.297+0000][1][safepoint    ] Total time for which application threads were stopped: 0.0000882 seconds, Stopping threads took: 0.0000131 seconds
[2019-12-08T09:54:43.297+0000][1][safepoint    ] Application time: 0.0000458 seconds
[2019-12-08T09:54:43.297+0000][1][safepoint    ] Entering safepoint region: RevokeBias
[2019-12-08T09:54:43.297+0000][1][safepoint    ] Leaving safepoint region
[2019-12-08T09:54:43.297+0000][1][safepoint    ] Total time for which application threads were stopped: 0.0000661 seconds, Stopping threads took: 0.0000065 seconds
[2019-12-08T09:54:43.297+0000][1][safepoint    ] Application time: 0.0000492 seconds
[2019-12-08T09:54:43.297+0000][1][safepoint    ] Entering safepoint region: RevokeBias
[2019-12-08T09:54:43.298+0000][1][safepoint    ] Leaving safepoint region
[2019-12-08T09:54:43.298+0000][1][safepoint    ] Total time for which application threads were stopped: 0.0000651 seconds, Stopping threads took: 0.0000064 seconds
[2019-12-08T09:54:43.298+0000][1][safepoint    ] Application time: 0.0000428 seconds
[2019-12-08T09:54:43.298+0000][1][safepoint    ] Entering safepoint region: RevokeBias
[2019-12-08T09:54:43.298+0000][1][safepoint    ] Leaving safepoint region
[2019-12-08T09:54:43.298+0000][1][safepoint    ] Total time for which application threads were stopped: 0.0000644 seconds, Stopping threads took: 0.0000066 seconds
[2019-12-08T09:54:43.298+0000][1][safepoint    ] Application time: 0.0000602 seconds
[2019-12-08T09:54:43.298+0000][1][safepoint    ] Entering safepoint region: RevokeBias
[2019-12-08T09:54:43.298+0000][1][safepoint    ] Leaving safepoint region
[2019-12-08T09:54:43.298+0000][1][safepoint    ] Total time for which application threads were stopped: 0.0000690 seconds, Stopping threads took: 0.0000072 seconds
[2019-12-08T09:54:43.298+0000][1][safepoint    ] Application time: 0.0001558 seconds
[2019-12-08T09:54:43.298+0000][1][safepoint    ] Entering safepoint region: RevokeBias
[2019-12-08T09:54:43.298+0000][1][safepoint    ] Leaving safepoint region
[2019-12-08T09:54:43.298+0000][1][safepoint    ] Total time for which application threads were stopped: 0.0000730 seconds, Stopping threads took: 0.0000066 seconds
[2019-12-08T09:54:43.298+0000][1][safepoint    ] Application time: 0.0000572 seconds
[2019-12-08T09:54:43.298+0000][1][safepoint    ] Entering safepoint region: RevokeBias
[2019-12-08T09:54:43.298+0000][1][safepoint    ] Leaving safepoint region
[2019-12-08T09:54:43.298+0000][1][safepoint    ] Total time for which application threads were stopped: 0.0000701 seconds, Stopping threads took: 0.0000067 seconds
[2019-12-08T09:54:44.169+0000][1][safepoint    ] Application time: 0.8712976 seconds
[2019-12-08T09:54:44.170+0000][1][safepoint    ] Entering safepoint region: GenCollectForAllocation
[2019-12-08T09:54:44.170+0000][1][gc,start     ] GC(3) Pause Young (Allocation Failure)
[2019-12-08T09:54:44.170+0000][1][gc,task      ] GC(3) Using 4 workers of 4 for evacuation
[2019-12-08T09:54:44.220+0000][1][gc,age       ] GC(3) Desired survivor size 4456448 bytes, new threshold 2 (max threshold 6)
[2019-12-08T09:54:44.220+0000][1][gc,age       ] GC(3) Age table with threshold 2 (max threshold 6)
[2019-12-08T09:54:44.220+0000][1][gc,age       ] GC(3) - age   1:    3136064 bytes,    3136064 total
[2019-12-08T09:54:44.220+0000][1][gc,age       ] GC(3) - age   2:    2388040 bytes,    5524104 total
[2019-12-08T09:54:44.220+0000][1][gc,age       ] GC(3) - age   3:     942616 bytes,    6466720 total
[2019-12-08T09:54:44.220+0000][1][gc,heap      ] GC(3) ParNew: 73797K->6811K(78656K)
[2019-12-08T09:54:44.220+0000][1][gc,heap      ] GC(3) CMS: 7024K->7024K(174784K)
[2019-12-08T09:54:44.220+0000][1][gc,metaspace ] GC(3) Metaspace: 18496K->18496K(1067008K)
[2019-12-08T09:54:44.220+0000][1][gc           ] GC(3) Pause Young (Allocation Failure) 78M->13M(247M) 50.785ms
[2019-12-08T09:54:44.220+0000][1][gc,cpu       ] GC(3) User=0.05s Sys=0.00s Real=0.05s
[2019-12-08T09:54:44.220+0000][1][safepoint    ] Leaving safepoint region
[2019-12-08T09:54:44.220+0000][1][safepoint    ] Total time for which application threads were stopped: 0.0509833 seconds, Stopping threads took: 0.0000134 seconds
[2019-12-08T09:54:44.224+0000][1][safepoint    ] Application time: 0.0034507 seconds
[2019-12-08T09:54:44.224+0000][1][safepoint    ] Entering safepoint region: BulkRevokeBias
[2019-12-08T09:54:44.224+0000][1][safepoint    ] Leaving safepoint region
[2019-12-08T09:54:44.224+0000][1][safepoint    ] Total time for which application threads were stopped: 0.0001875 seconds, Stopping threads took: 0.0000125 seconds
[2019-12-08T09:54:44.232+0000][1][safepoint    ] Application time: 0.0078431 seconds
[2019-12-08T09:54:44.232+0000][1][safepoint    ] Entering safepoint region: RevokeBias
[2019-12-08T09:54:44.232+0000][1][safepoint    ] Leaving safepoint region
[2019-12-08T09:54:44.232+0000][1][safepoint    ] Total time for which application threads were stopped: 0.0001409 seconds, Stopping threads took: 0.0000124 seconds
[2019-12-08T09:54:44.232+0000][1][safepoint    ] Application time: 0.0000695 seconds
[2019-12-08T09:54:44.232+0000][1][safepoint    ] Entering safepoint region: RevokeBias
[2019-12-08T09:54:44.232+0000][1][safepoint    ] Leaving safepoint region
[2019-12-08T09:54:44.232+0000][1][safepoint    ] Total time for which application threads were stopped: 0.0000590 seconds, Stopping threads took: 0.0000077 seconds
[2019-12-08T09:54:44.232+0000][1][safepoint    ] Application time: 0.0000547 seconds
[2019-12-08T09:54:44.232+0000][1][safepoint    ] Entering safepoint region: RevokeBias
[2019-12-08T09:54:44.232+0000][1][safepoint    ] Leaving safepoint region
[2019-12-08T09:54:44.232+0000][1][safepoint    ] Total time for which application threads were stopped: 0.0000513 seconds, Stopping threads took: 0.0000070 seconds
[2019-12-08T09:54:44.232+0000][1][safepoint    ] Application time: 0.0000486 seconds
[2019-12-08T09:54:44.232+0000][1][safepoint    ] Entering safepoint region: RevokeBias
[2019-12-08T09:54:44.233+0000][1][safepoint    ] Leaving safepoint region
[2019-12-08T09:54:44.233+0000][1][safepoint    ] Total time for which application threads were stopped: 0.0000482 seconds, Stopping threads took: 0.0000070 seconds
[2019-12-08T09:54:44.688+0000][1][safepoint    ] Application time: 0.4557828 seconds
[2019-12-08T09:54:44.688+0000][1][safepoint    ] Entering safepoint region: Deoptimize
[2019-12-08T09:54:44.689+0000][1][safepoint    ] Leaving safepoint region
[2019-12-08T09:54:44.689+0000][1][safepoint    ] Total time for which application threads were stopped: 0.0004035 seconds, Stopping threads took: 0.0000113 seconds
[2019-12-08T09:54:44.868+0000][1][safepoint    ] Application time: 0.1792079 seconds
[2019-12-08T09:54:44.868+0000][1][safepoint    ] Entering safepoint region: Deoptimize
[2019-12-08T09:54:44.868+0000][1][safepoint    ] Leaving safepoint region
[2019-12-08T09:54:44.868+0000][1][safepoint    ] Total time for which application threads were stopped: 0.0004125 seconds, Stopping threads took: 0.0000132 seconds
[2019-12-08T09:54:44.886+0000][1][safepoint    ] Application time: 0.0174763 seconds
[2019-12-08T09:54:44.886+0000][1][safepoint    ] Entering safepoint region: RevokeBias
[2019-12-08T09:54:44.886+0000][1][safepoint    ] Leaving safepoint region
[2019-12-08T09:54:44.886+0000][1][safepoint    ] Total time for which application threads were stopped: 0.0000750 seconds, Stopping threads took: 0.0000137 seconds
[2019-12-08T09:54:44.934+0000][1][safepoint    ] Application time: 0.0482424 seconds
[2019-12-08T09:54:44.934+0000][1][safepoint    ] Entering safepoint region: GenCollectForAllocation
[2019-12-08T09:54:44.934+0000][1][gc,start     ] GC(4) Pause Young (Allocation Failure)
[2019-12-08T09:54:44.934+0000][1][gc,task      ] GC(4) Using 4 workers of 4 for evacuation
[2019-12-08T09:54:44.959+0000][1][gc,age       ] GC(4) Desired survivor size 4456448 bytes, new threshold 6 (max threshold 6)
[2019-12-08T09:54:44.959+0000][1][gc,age       ] GC(4) Age table with threshold 6 (max threshold 6)
[2019-12-08T09:54:44.959+0000][1][gc,age       ] GC(4) - age   1:    2820904 bytes,    2820904 total
[2019-12-08T09:54:44.959+0000][1][gc,age       ] GC(4) - age   2:    1350704 bytes,    4171608 total
[2019-12-08T09:54:44.959+0000][1][gc,heap      ] GC(4) ParNew: 76763K->6570K(78656K)
[2019-12-08T09:54:44.959+0000][1][gc,heap      ] GC(4) CMS: 7024K->10347K(174784K)
[2019-12-08T09:54:44.959+0000][1][gc,metaspace ] GC(4) Metaspace: 18866K->18866K(1067008K)
[2019-12-08T09:54:44.959+0000][1][gc           ] GC(4) Pause Young (Allocation Failure) 81M->16M(247M) 24.741ms
[2019-12-08T09:54:44.959+0000][1][gc,cpu       ] GC(4) User=0.03s Sys=0.00s Real=0.02s
[2019-12-08T09:54:44.959+0000][1][safepoint    ] Leaving safepoint region
[2019-12-08T09:54:44.959+0000][1][safepoint    ] Total time for which application threads were stopped: 0.0248805 seconds, Stopping threads took: 0.0000237 seconds
[2019-12-08T09:54:44.964+0000][1][safepoint    ] Application time: 0.0046572 seconds
[2019-12-08T09:54:44.975+0000][1][safepoint    ] Entering safepoint region: RevokeBias
[2019-12-08T09:54:44.975+0000][1][safepoint    ] Leaving safepoint region
[2019-12-08T09:54:44.975+0000][1][safepoint    ] Total time for which application threads were stopped: 0.0110117 seconds, Stopping threads took: 0.0109326 seconds
[2019-12-08T09:54:44.975+0000][1][safepoint    ] Application time: 0.0000619 seconds
[2019-12-08T09:54:44.975+0000][1][safepoint    ] Entering safepoint region: RevokeBias
[2019-12-08T09:54:44.975+0000][1][safepoint    ] Leaving safepoint region
[2019-12-08T09:54:44.975+0000][1][safepoint    ] Total time for which application threads were stopped: 0.0000553 seconds, Stopping threads took: 0.0000090 seconds
[2019-12-08T09:54:44.975+0000][1][safepoint    ] Application time: 0.0000738 seconds
[2019-12-08T09:54:44.975+0000][1][safepoint    ] Entering safepoint region: RevokeBias
[2019-12-08T09:54:44.975+0000][1][safepoint    ] Leaving safepoint region
[2019-12-08T09:54:44.975+0000][1][safepoint    ] Total time for which application threads were stopped: 0.0000542 seconds, Stopping threads took: 0.0000081 seconds
[2019-12-08T09:54:44.975+0000][1][safepoint    ] Application time: 0.0000498 seconds
[2019-12-08T09:54:44.975+0000][1][safepoint    ] Entering safepoint region: RevokeBias
[2019-12-08T09:54:44.975+0000][1][safepoint    ] Leaving safepoint region
[2019-12-08T09:54:44.975+0000][1][safepoint    ] Total time for which application threads were stopped: 0.0000496 seconds, Stopping threads took: 0.0000075 seconds
[2019-12-08T09:54:44.975+0000][1][safepoint    ] Application time: 0.0000578 seconds
[2019-12-08T09:54:44.975+0000][1][safepoint    ] Entering safepoint region: RevokeBias
[2019-12-08T09:54:44.975+0000][1][safepoint    ] Leaving safepoint region
[2019-12-08T09:54:44.975+0000][1][safepoint    ] Total time for which application threads were stopped: 0.0000450 seconds, Stopping threads took: 0.0000069 seconds
[2019-12-08T09:54:44.975+0000][1][safepoint    ] Application time: 0.0000436 seconds
[2019-12-08T09:54:44.975+0000][1][safepoint    ] Entering safepoint region: RevokeBias
[2019-12-08T09:54:44.975+0000][1][safepoint    ] Leaving safepoint region
[2019-12-08T09:54:44.976+0000][1][safepoint    ] Total time for which application threads were stopped: 0.0000446 seconds, Stopping threads took: 0.0000067 seconds
[2019-12-08T09:54:44.976+0000][1][safepoint    ] Application time: 0.0000463 seconds
[2019-12-08T09:54:44.976+0000][1][safepoint    ] Entering safepoint region: RevokeBias
[2019-12-08T09:54:44.976+0000][1][safepoint    ] Leaving safepoint region
[2019-12-08T09:54:44.976+0000][1][safepoint    ] Total time for which application threads were stopped: 0.0000460 seconds, Stopping threads took: 0.0000068 seconds
[2019-12-08T09:54:44.976+0000][1][safepoint    ] Application time: 0.0000426 seconds
[2019-12-08T09:54:44.976+0000][1][safepoint    ] Entering safepoint region: RevokeBias
[2019-12-08T09:54:44.976+0000][1][safepoint    ] Leaving safepoint region
[2019-12-08T09:54:44.976+0000][1][safepoint    ] Total time for which application threads were stopped: 0.0000654 seconds, Stopping threads took: 0.0000068 seconds
[2019-12-08T09:54:45.084+0000][1][safepoint    ] Application time: 0.1082802 seconds
[2019-12-08T09:54:45.092+0000][1][safepoint    ] Entering safepoint region: RevokeBias
[2019-12-08T09:54:45.092+0000][1][safepoint    ] Leaving safepoint region
[2019-12-08T09:54:45.092+0000][1][safepoint    ] Total time for which application threads were stopped: 0.0077524 seconds, Stopping threads took: 0.0076890 seconds
[2019-12-08T09:54:45.604+0000][1][safepoint    ] Application time: 0.5118931 seconds
[2019-12-08T09:54:45.604+0000][1][safepoint    ] Entering safepoint region: GenCollectForAllocation
[2019-12-08T09:54:45.604+0000][1][gc,start     ] GC(5) Pause Young (Allocation Failure)
[2019-12-08T09:54:45.604+0000][1][gc,task      ] GC(5) Using 4 workers of 4 for evacuation
[2019-12-08T09:54:45.622+0000][1][gc,age       ] GC(5) Desired survivor size 4456448 bytes, new threshold 6 (max threshold 6)
[2019-12-08T09:54:45.622+0000][1][gc,age       ] GC(5) Age table with threshold 6 (max threshold 6)
[2019-12-08T09:54:45.622+0000][1][gc,age       ] GC(5) - age   1:    1143584 bytes,    1143584 total
[2019-12-08T09:54:45.622+0000][1][gc,age       ] GC(5) - age   2:    1865008 bytes,    3008592 total
[2019-12-08T09:54:45.622+0000][1][gc,age       ] GC(5) - age   3:    1349896 bytes,    4358488 total
[2019-12-08T09:54:45.622+0000][1][gc,heap      ] GC(5) ParNew: 76522K->5256K(78656K)
[2019-12-08T09:54:45.622+0000][1][gc,heap      ] GC(5) CMS: 10347K->10347K(174784K)
[2019-12-08T09:54:45.622+0000][1][gc,metaspace ] GC(5) Metaspace: 19082K->19082K(1067008K)
[2019-12-08T09:54:45.622+0000][1][gc           ] GC(5) Pause Young (Allocation Failure) 84M->15M(247M) 18.208ms
[2019-12-08T09:54:45.622+0000][1][gc,cpu       ] GC(5) User=0.02s Sys=0.00s Real=0.02s
[2019-12-08T09:54:45.622+0000][1][safepoint    ] Leaving safepoint region
[2019-12-08T09:54:45.622+0000][1][safepoint    ] Total time for which application threads were stopped: 0.0183550 seconds, Stopping threads took: 0.0000161 seconds
[2019-12-08T09:54:45.632+0000][1][safepoint    ] Application time: 0.0096743 seconds
[2019-12-08T09:54:45.660+0000][1][safepoint    ] Entering safepoint region: RevokeBias
[2019-12-08T09:54:45.660+0000][1][safepoint    ] Leaving safepoint region
[2019-12-08T09:54:45.660+0000][1][safepoint    ] Total time for which application threads were stopped: 0.0285927 seconds, Stopping threads took: 0.0285168 seconds
[2019-12-08T09:54:45.660+0000][1][safepoint    ] Application time: 0.0000663 seconds
[2019-12-08T09:54:45.660+0000][1][safepoint    ] Entering safepoint region: RevokeBias
[2019-12-08T09:54:45.661+0000][1][safepoint    ] Leaving safepoint region
[2019-12-08T09:54:45.661+0000][1][safepoint    ] Total time for which application threads were stopped: 0.0000539 seconds, Stopping threads took: 0.0000086 seconds
[2019-12-08T09:54:45.661+0000][1][safepoint    ] Application time: 0.0000604 seconds
[2019-12-08T09:54:45.661+0000][1][safepoint    ] Entering safepoint region: RevokeBias
[2019-12-08T09:54:45.661+0000][1][safepoint    ] Leaving safepoint region
[2019-12-08T09:54:45.661+0000][1][safepoint    ] Total time for which application threads were stopped: 0.0000449 seconds, Stopping threads took: 0.0000072 seconds
[2019-12-08T09:54:45.661+0000][1][safepoint    ] Application time: 0.0000600 seconds
[2019-12-08T09:54:45.661+0000][1][safepoint    ] Entering safepoint region: RevokeBias
[2019-12-08T09:54:45.661+0000][1][safepoint    ] Leaving safepoint region
[2019-12-08T09:54:45.661+0000][1][safepoint    ] Total time for which application threads were stopped: 0.0000461 seconds, Stopping threads took: 0.0000077 seconds
[2019-12-08T09:54:45.661+0000][1][safepoint    ] Application time: 0.0000474 seconds
[2019-12-08T09:54:45.661+0000][1][safepoint    ] Entering safepoint region: RevokeBias
[2019-12-08T09:54:45.661+0000][1][safepoint    ] Leaving safepoint region
[2019-12-08T09:54:45.661+0000][1][safepoint    ] Total time for which application threads were stopped: 0.0000424 seconds, Stopping threads took: 0.0000068 seconds
[2019-12-08T09:54:45.661+0000][1][safepoint    ] Application time: 0.0000445 seconds
[2019-12-08T09:54:45.661+0000][1][safepoint    ] Entering safepoint region: BulkRevokeBias
[2019-12-08T09:54:45.661+0000][1][safepoint    ] Leaving safepoint region
[2019-12-08T09:54:45.661+0000][1][safepoint    ] Total time for which application threads were stopped: 0.0000816 seconds, Stopping threads took: 0.0000069 seconds
[2019-12-08T09:54:45.698+0000][1][safepoint    ] Application time: 0.0370766 seconds
[2019-12-08T09:54:45.698+0000][1][safepoint    ] Entering safepoint region: BulkRevokeBias
[2019-12-08T09:54:45.698+0000][1][safepoint    ] Leaving safepoint region
[2019-12-08T09:54:45.698+0000][1][safepoint    ] Total time for which application threads were stopped: 0.0001345 seconds, Stopping threads took: 0.0000133 seconds
[2019-12-08T09:54:46.099+0000][1][safepoint    ] Application time: 0.4010099 seconds
[2019-12-08T09:54:46.099+0000][1][safepoint    ] Entering safepoint region: GenCollectForAllocation
[2019-12-08T09:54:46.099+0000][1][gc,start     ] GC(6) Pause Young (Allocation Failure)
[2019-12-08T09:54:46.099+0000][1][gc,task      ] GC(6) Using 4 workers of 4 for evacuation
[2019-12-08T09:54:46.151+0000][1][gc,age       ] GC(6) Desired survivor size 4456448 bytes, new threshold 3 (max threshold 6)
[2019-12-08T09:54:46.151+0000][1][gc,age       ] GC(6) Age table with threshold 3 (max threshold 6)
[2019-12-08T09:54:46.151+0000][1][gc,age       ] GC(6) - age   1:    2202072 bytes,    2202072 total
[2019-12-08T09:54:46.151+0000][1][gc,age       ] GC(6) - age   2:     862224 bytes,    3064296 total
[2019-12-08T09:54:46.151+0000][1][gc,age       ] GC(6) - age   3:    1864984 bytes,    4929280 total
[2019-12-08T09:54:46.151+0000][1][gc,age       ] GC(6) - age   4:    1349896 bytes,    6279176 total
[2019-12-08T09:54:46.151+0000][1][gc,heap      ] GC(6) ParNew: 75208K->7599K(78656K)
[2019-12-08T09:54:46.151+0000][1][gc,heap      ] GC(6) CMS: 10347K->10347K(174784K)
[2019-12-08T09:54:46.151+0000][1][gc,metaspace ] GC(6) Metaspace: 19615K->19615K(1067008K)
[2019-12-08T09:54:46.151+0000][1][gc           ] GC(6) Pause Young (Allocation Failure) 83M->17M(247M) 51.547ms
[2019-12-08T09:54:46.151+0000][1][gc,cpu       ] GC(6) User=0.03s Sys=0.00s Real=0.06s
[2019-12-08T09:54:46.151+0000][1][safepoint    ] Leaving safepoint region
[2019-12-08T09:54:46.151+0000][1][safepoint    ] Total time for which application threads were stopped: 0.0517025 seconds, Stopping threads took: 0.0000131 seconds
[2019-12-08T09:54:46.194+0000][1][safepoint    ] Application time: 0.0429826 seconds
[2019-12-08T09:54:46.194+0000][1][safepoint    ] Entering safepoint region: RevokeBias
[2019-12-08T09:54:46.194+0000][1][safepoint    ] Leaving safepoint region
[2019-12-08T09:54:46.194+0000][1][safepoint    ] Total time for which application threads were stopped: 0.0000855 seconds, Stopping threads took: 0.0000129 seconds
[2019-12-08T09:54:46.205+0000][1][safepoint    ] Application time: 0.0103916 seconds
[2019-12-08T09:54:46.205+0000][1][safepoint    ] Entering safepoint region: RevokeBias
[2019-12-08T09:54:46.205+0000][1][safepoint    ] Leaving safepoint region
[2019-12-08T09:54:46.205+0000][1][safepoint    ] Total time for which application threads were stopped: 0.0000986 seconds, Stopping threads took: 0.0000126 seconds
[2019-12-08T09:54:46.279+0000][1][safepoint    ] Application time: 0.0742717 seconds
[2019-12-08T09:54:46.279+0000][1][safepoint    ] Entering safepoint region: RevokeBias
[2019-12-08T09:54:46.279+0000][1][safepoint    ] Leaving safepoint region
[2019-12-08T09:54:46.279+0000][1][safepoint    ] Total time for which application threads were stopped: 0.0000862 seconds, Stopping threads took: 0.0000126 seconds
[2019-12-08T09:54:46.294+0000][1][safepoint    ] Application time: 0.0144640 seconds
[2019-12-08T09:54:46.294+0000][1][safepoint    ] Entering safepoint region: RevokeBias
[2019-12-08T09:54:46.294+0000][1][safepoint    ] Leaving safepoint region
[2019-12-08T09:54:46.294+0000][1][safepoint    ] Total time for which application threads were stopped: 0.0000705 seconds, Stopping threads took: 0.0000117 seconds
[2019-12-08T09:54:46.297+0000][1][safepoint    ] Application time: 0.0036391 seconds
[2019-12-08T09:54:46.297+0000][1][safepoint    ] Entering safepoint region: RevokeBias
[2019-12-08T09:54:46.297+0000][1][safepoint    ] Leaving safepoint region
[2019-12-08T09:54:46.297+0000][1][safepoint    ] Total time for which application threads were stopped: 0.0000789 seconds, Stopping threads took: 0.0000134 seconds
[2019-12-08T09:54:46.441+0000][1][safepoint    ] Application time: 0.1437080 seconds
[2019-12-08T09:54:46.441+0000][1][safepoint    ] Entering safepoint region: CollectForMetadataAllocation
[2019-12-08T09:54:46.441+0000][1][safepoint    ] Leaving safepoint region
[2019-12-08T09:54:46.441+0000][1][safepoint    ] Total time for which application threads were stopped: 0.0002553 seconds, Stopping threads took: 0.0000128 seconds
[2019-12-08T09:54:46.501+0000][1][safepoint    ] Application time: 0.0597218 seconds
[2019-12-08T09:54:46.501+0000][1][safepoint    ] Entering safepoint region: RevokeBias
[2019-12-08T09:54:46.501+0000][1][safepoint    ] Leaving safepoint region
[2019-12-08T09:54:46.501+0000][1][safepoint    ] Total time for which application threads were stopped: 0.0000962 seconds, Stopping threads took: 0.0000131 seconds
[2019-12-08T09:54:46.517+0000][1][safepoint    ] Application time: 0.0154551 seconds
[2019-12-08T09:54:46.517+0000][1][safepoint    ] Entering safepoint region: RevokeBias
[2019-12-08T09:54:46.517+0000][1][safepoint    ] Leaving safepoint region
[2019-12-08T09:54:46.517+0000][1][safepoint    ] Total time for which application threads were stopped: 0.0000851 seconds, Stopping threads took: 0.0000133 seconds
[2019-12-08T09:54:46.523+0000][1][safepoint    ] Application time: 0.0064419 seconds
[2019-12-08T09:54:46.523+0000][1][safepoint    ] Entering safepoint region: RevokeBias
[2019-12-08T09:54:46.523+0000][1][safepoint    ] Leaving safepoint region
[2019-12-08T09:54:46.523+0000][1][safepoint    ] Total time for which application threads were stopped: 0.0000870 seconds, Stopping threads took: 0.0000126 seconds
[2019-12-08T09:54:46.536+0000][1][safepoint    ] Application time: 0.0121351 seconds
[2019-12-08T09:54:46.536+0000][1][safepoint    ] Entering safepoint region: RevokeBias
[2019-12-08T09:54:46.536+0000][1][safepoint    ] Leaving safepoint region
[2019-12-08T09:54:46.536+0000][1][safepoint    ] Total time for which application threads were stopped: 0.0000691 seconds, Stopping threads took: 0.0000120 seconds
[2019-12-08T09:54:46.538+0000][1][safepoint    ] Application time: 0.0018702 seconds
[2019-12-08T09:54:46.538+0000][1][safepoint    ] Entering safepoint region: RevokeBias
[2019-12-08T09:54:46.538+0000][1][safepoint    ] Leaving safepoint region
[2019-12-08T09:54:46.538+0000][1][safepoint    ] Total time for which application threads were stopped: 0.0000614 seconds, Stopping threads took: 0.0000099 seconds
[2019-12-08T09:54:46.655+0000][1][safepoint    ] Application time: 0.1171031 seconds
[2019-12-08T09:54:46.655+0000][1][safepoint    ] Entering safepoint region: RevokeBias
[2019-12-08T09:54:46.655+0000][1][safepoint    ] Leaving safepoint region
[2019-12-08T09:54:46.655+0000][1][safepoint    ] Total time for which application threads were stopped: 0.0001052 seconds, Stopping threads took: 0.0000138 seconds
[2019-12-08T09:54:46.657+0000][1][safepoint    ] Application time: 0.0019595 seconds
[2019-12-08T09:54:46.657+0000][1][safepoint    ] Entering safepoint region: RevokeBias
[2019-12-08T09:54:46.657+0000][1][safepoint    ] Leaving safepoint region
[2019-12-08T09:54:46.657+0000][1][safepoint    ] Total time for which application threads were stopped: 0.0000967 seconds, Stopping threads took: 0.0000110 seconds
[2019-12-08T09:54:46.736+0000][1][safepoint    ] Application time: 0.0787861 seconds
[2019-12-08T09:54:46.736+0000][1][safepoint    ] Entering safepoint region: GenCollectForAllocation
[2019-12-08T09:54:46.736+0000][1][gc,start     ] GC(7) Pause Young (Allocation Failure)
[2019-12-08T09:54:46.736+0000][1][gc,task      ] GC(7) Using 4 workers of 4 for evacuation
[2019-12-08T09:54:46.773+0000][1][gc,age       ] GC(7) Desired survivor size 4456448 bytes, new threshold 6 (max threshold 6)
[2019-12-08T09:54:46.773+0000][1][gc,age       ] GC(7) Age table with threshold 6 (max threshold 6)
[2019-12-08T09:54:46.773+0000][1][gc,age       ] GC(7) - age   1:    1399360 bytes,    1399360 total
[2019-12-08T09:54:46.773+0000][1][gc,age       ] GC(7) - age   2:    1390592 bytes,    2789952 total
[2019-12-08T09:54:46.773+0000][1][gc,age       ] GC(7) - age   3:     862224 bytes,    3652176 total
[2019-12-08T09:54:46.773+0000][1][gc,heap      ] GC(7) ParNew: 77551K->6912K(78656K)
[2019-12-08T09:54:46.773+0000][1][gc,heap      ] GC(7) CMS: 10347K->13517K(174784K)
[2019-12-08T09:54:46.773+0000][1][gc,metaspace ] GC(7) Metaspace: 20426K->20426K(1069056K)
[2019-12-08T09:54:46.773+0000][1][gc           ] GC(7) Pause Young (Allocation Failure) 85M->19M(247M) 37.160ms
[2019-12-08T09:54:46.773+0000][1][gc,cpu       ] GC(7) User=0.02s Sys=0.00s Real=0.04s
[2019-12-08T09:54:46.773+0000][1][safepoint    ] Leaving safepoint region
[2019-12-08T09:54:46.773+0000][1][safepoint    ] Total time for which application threads were stopped: 0.0372906 seconds, Stopping threads took: 0.0000122 seconds
[2019-12-08T09:54:46.774+0000][1][safepoint    ] Application time: 0.0007691 seconds
[2019-12-08T09:54:46.774+0000][1][safepoint    ] Entering safepoint region: CMS_Initial_Mark
[2019-12-08T09:54:46.774+0000][1][gc,start     ] GC(8) Pause Initial Mark
[2019-12-08T09:54:46.776+0000][1][gc           ] GC(8) Pause Initial Mark 21M->21M(247M) 1.905ms
[2019-12-08T09:54:46.776+0000][1][gc,cpu       ] GC(8) User=0.00s Sys=0.00s Real=0.00s
[2019-12-08T09:54:46.776+0000][1][safepoint    ] Leaving safepoint region
[2019-12-08T09:54:46.776+0000][1][safepoint    ] Total time for which application threads were stopped: 0.0020153 seconds, Stopping threads took: 0.0000235 seconds
[2019-12-08T09:54:46.776+0000][1][gc           ] GC(8) Concurrent Mark
[2019-12-08T09:54:46.821+0000][1][gc           ] GC(8) Concurrent Mark 44.748ms
[2019-12-08T09:54:46.821+0000][1][gc,cpu       ] GC(8) User=0.04s Sys=0.00s Real=0.05s
[2019-12-08T09:54:46.821+0000][1][gc           ] GC(8) Concurrent Preclean
[2019-12-08T09:54:46.821+0000][1][gc           ] GC(8) Concurrent Preclean 0.513ms
[2019-12-08T09:54:46.821+0000][1][gc,cpu       ] GC(8) User=0.00s Sys=0.00s Real=0.00s
[2019-12-08T09:54:46.821+0000][1][gc           ] GC(8) Concurrent Abortable Preclean
[2019-12-08T09:54:46.918+0000][1][safepoint    ] Application time: 0.1418272 seconds
[2019-12-08T09:54:46.918+0000][1][safepoint    ] Entering safepoint region: CollectForMetadataAllocation
[2019-12-08T09:54:46.918+0000][1][safepoint    ] Leaving safepoint region
[2019-12-08T09:54:46.918+0000][1][safepoint    ] Total time for which application threads were stopped: 0.0002248 seconds, Stopping threads took: 0.0000127 seconds
[2019-12-08T09:54:47.046+0000][1][gc           ] GC(8) Concurrent Abortable Preclean 224.399ms
[2019-12-08T09:54:47.046+0000][1][gc,cpu       ] GC(8) User=0.27s Sys=0.01s Real=0.22s
[2019-12-08T09:54:47.046+0000][1][safepoint    ] Application time: 0.1278211 seconds
[2019-12-08T09:54:47.053+0000][1][safepoint    ] Entering safepoint region: CMS_Final_Remark
[2019-12-08T09:54:47.053+0000][1][gc,start     ] GC(8) Pause Remark
[2019-12-08T09:54:47.091+0000][1][gc           ] GC(8) Pause Remark 83M->83M(247M) 37.292ms
[2019-12-08T09:54:47.091+0000][1][gc,cpu       ] GC(8) User=0.03s Sys=0.00s Real=0.03s
[2019-12-08T09:54:47.091+0000][1][safepoint    ] Leaving safepoint region
[2019-12-08T09:54:47.091+0000][1][safepoint    ] Total time for which application threads were stopped: 0.0448033 seconds, Stopping threads took: 0.0073754 seconds
[2019-12-08T09:54:47.091+0000][1][gc           ] GC(8) Concurrent Sweep
[2019-12-08T09:54:47.099+0000][1][gc           ] GC(8) Concurrent Sweep 8.431ms
[2019-12-08T09:54:47.099+0000][1][gc,cpu       ] GC(8) User=0.01s Sys=0.00s Real=0.01s
[2019-12-08T09:54:47.099+0000][1][gc           ] GC(8) Concurrent Reset
[2019-12-08T09:54:47.099+0000][1][gc           ] GC(8) Concurrent Reset 0.310ms
[2019-12-08T09:54:47.099+0000][1][gc,cpu       ] GC(8) User=0.00s Sys=0.00s Real=0.00s
[2019-12-08T09:54:47.100+0000][1][gc,heap      ] GC(8) Old: 13517K->13487K(174784K)
[2019-12-08T09:54:47.152+0000][1][safepoint    ] Application time: 0.0617621 seconds
[2019-12-08T09:54:47.152+0000][1][safepoint    ] Entering safepoint region: GenCollectForAllocation
[2019-12-08T09:54:47.153+0000][1][gc,start     ] GC(9) Pause Young (Allocation Failure)
[2019-12-08T09:54:47.153+0000][1][gc,task      ] GC(9) Using 4 workers of 4 for evacuation
[2019-12-08T09:54:47.185+0000][1][gc,age       ] GC(9) Desired survivor size 4456448 bytes, new threshold 6 (max threshold 6)
[2019-12-08T09:54:47.185+0000][1][gc,age       ] GC(9) Age table with threshold 6 (max threshold 6)
[2019-12-08T09:54:47.185+0000][1][gc,age       ] GC(9) - age   1:     137576 bytes,     137576 total
[2019-12-08T09:54:47.185+0000][1][gc,age       ] GC(9) - age   2:     659640 bytes,     797216 total
[2019-12-08T09:54:47.185+0000][1][gc,age       ] GC(9) - age   3:    1390592 bytes,    2187808 total
[2019-12-08T09:54:47.185+0000][1][gc,age       ] GC(9) - age   4:     862192 bytes,    3050000 total
[2019-12-08T09:54:47.185+0000][1][gc,heap      ] GC(9) ParNew: 76864K->3827K(78656K)
[2019-12-08T09:54:47.185+0000][1][gc,heap      ] GC(9) CMS: 13487K->13487K(174784K)
[2019-12-08T09:54:47.185+0000][1][gc,metaspace ] GC(9) Metaspace: 20533K->20533K(1069056K)
[2019-12-08T09:54:47.185+0000][1][gc           ] GC(9) Pause Young (Allocation Failure) 88M->16M(247M) 32.073ms
[2019-12-08T09:54:47.185+0000][1][gc,cpu       ] GC(9) User=0.03s Sys=0.00s Real=0.03s
[2019-12-08T09:54:47.185+0000][1][safepoint    ] Leaving safepoint region
[2019-12-08T09:54:47.185+0000][1][safepoint    ] Total time for which application threads were stopped: 0.0325757 seconds, Stopping threads took: 0.0000127 seconds
[2019-12-08T09:54:47.636+0000][1][safepoint    ] Application time: 0.4514435 seconds
[2019-12-08T09:54:47.636+0000][1][safepoint    ] Entering safepoint region: GenCollectForAllocation
[2019-12-08T09:54:47.637+0000][1][gc,start     ] GC(10) Pause Young (Allocation Failure)
[2019-12-08T09:54:47.637+0000][1][gc,task      ] GC(10) Using 4 workers of 4 for evacuation
[2019-12-08T09:54:47.678+0000][1][gc,age       ] GC(10) Desired survivor size 4456448 bytes, new threshold 5 (max threshold 6)
[2019-12-08T09:54:47.678+0000][1][gc,age       ] GC(10) Age table with threshold 5 (max threshold 6)
[2019-12-08T09:54:47.678+0000][1][gc,age       ] GC(10) - age   1:    1980384 bytes,    1980384 total
[2019-12-08T09:54:47.678+0000][1][gc,age       ] GC(10) - age   2:     126688 bytes,    2107072 total
[2019-12-08T09:54:47.678+0000][1][gc,age       ] GC(10) - age   3:     659592 bytes,    2766664 total
[2019-12-08T09:54:47.678+0000][1][gc,age       ] GC(10) - age   4:    1390488 bytes,    4157152 total
[2019-12-08T09:54:47.678+0000][1][gc,age       ] GC(10) - age   5:     861880 bytes,    5019032 total
[2019-12-08T09:54:47.678+0000][1][gc,heap      ] GC(10) ParNew: 73779K->5835K(78656K)
[2019-12-08T09:54:47.678+0000][1][gc,heap      ] GC(10) CMS: 13487K->13487K(174784K)
[2019-12-08T09:54:47.678+0000][1][gc,metaspace ] GC(10) Metaspace: 20599K->20599K(1069056K)
[2019-12-08T09:54:47.678+0000][1][gc           ] GC(10) Pause Young (Allocation Failure) 85M->18M(247M) 41.404ms
[2019-12-08T09:54:47.678+0000][1][gc,cpu       ] GC(10) User=0.03s Sys=0.00s Real=0.04s
[2019-12-08T09:54:47.678+0000][1][safepoint    ] Leaving safepoint region
[2019-12-08T09:54:47.678+0000][1][safepoint    ] Total time for which application threads were stopped: 0.0415363 seconds, Stopping threads took: 0.0000130 seconds
[2019-12-08T09:54:47.946+0000][1][safepoint    ] Application time: 0.2676985 seconds
[2019-12-08T09:54:47.946+0000][1][safepoint    ] Entering safepoint region: Deoptimize
[2019-12-08T09:54:47.946+0000][1][safepoint    ] Leaving safepoint region
[2019-12-08T09:54:47.946+0000][1][safepoint    ] Total time for which application threads were stopped: 0.0005269 seconds, Stopping threads took: 0.0000122 seconds
[2019-12-08T09:54:47.966+0000][1][safepoint    ] Application time: 0.0192350 seconds
[2019-12-08T09:54:47.966+0000][1][safepoint    ] Entering safepoint region: Deoptimize
[2019-12-08T09:54:47.966+0000][1][safepoint    ] Leaving safepoint region
[2019-12-08T09:54:47.966+0000][1][safepoint    ] Total time for which application threads were stopped: 0.0004414 seconds, Stopping threads took: 0.0000114 seconds
[2019-12-08T09:54:48.969+0000][1][safepoint    ] Application time: 1.0030984 seconds
[2019-12-08T09:54:48.969+0000][1][safepoint    ] Entering safepoint region: Cleanup
[2019-12-08T09:54:48.969+0000][1][safepoint    ] Leaving safepoint region
[2019-12-08T09:54:48.969+0000][1][safepoint    ] Total time for which application threads were stopped: 0.0002603 seconds, Stopping threads took: 0.0000134 seconds
[2019-12-08T09:54:48.990+0000][1][safepoint    ] Application time: 0.0203033 seconds
[2019-12-08T09:54:48.990+0000][1][safepoint    ] Entering safepoint region: RevokeBias
[2019-12-08T09:54:48.990+0000][1][safepoint    ] Leaving safepoint region
[2019-12-08T09:54:48.990+0000][1][safepoint    ] Total time for which application threads were stopped: 0.0000580 seconds, Stopping threads took: 0.0000106 seconds
[2019-12-08T09:54:49.057+0000][1][safepoint    ] Application time: 0.0674613 seconds
[2019-12-08T09:54:49.057+0000][1][safepoint    ] Entering safepoint region: Deoptimize
[2019-12-08T09:54:49.058+0000][1][safepoint    ] Leaving safepoint region
[2019-12-08T09:54:49.058+0000][1][safepoint    ] Total time for which application threads were stopped: 0.0005152 seconds, Stopping threads took: 0.0000565 seconds
[2019-12-08T09:54:49.081+0000][1][safepoint    ] Application time: 0.0229362 seconds
[2019-12-08T09:54:49.081+0000][1][safepoint    ] Entering safepoint region: Deoptimize
[2019-12-08T09:54:49.081+0000][1][safepoint    ] Leaving safepoint region
[2019-12-08T09:54:49.081+0000][1][safepoint    ] Total time for which application threads were stopped: 0.0004876 seconds, Stopping threads took: 0.0000364 seconds
[2019-12-08T09:54:49.091+0000][1][safepoint    ] Application time: 0.0094943 seconds
[2019-12-08T09:54:49.096+0000][1][safepoint    ] Entering safepoint region: Deoptimize
[2019-12-08T09:54:49.096+0000][1][safepoint    ] Leaving safepoint region
[2019-12-08T09:54:49.096+0000][1][safepoint    ] Total time for which application threads were stopped: 0.0053915 seconds, Stopping threads took: 0.0049391 seconds
[2019-12-08T09:54:49.678+0000][1][safepoint    ] Application time: 0.5814999 seconds
[2019-12-08T09:54:49.678+0000][1][safepoint    ] Entering safepoint region: GenCollectForAllocation
[2019-12-08T09:54:49.678+0000][1][gc,start     ] GC(11) Pause Young (Allocation Failure)
[2019-12-08T09:54:49.678+0000][1][gc,task      ] GC(11) Using 4 workers of 4 for evacuation
[2019-12-08T09:54:49.714+0000][1][gc,age       ] GC(11) Desired survivor size 4456448 bytes, new threshold 1 (max threshold 6)
[2019-12-08T09:54:49.715+0000][1][gc,age       ] GC(11) Age table with threshold 1 (max threshold 6)
[2019-12-08T09:54:49.715+0000][1][gc,age       ] GC(11) - age   1:    5375736 bytes,    5375736 total
[2019-12-08T09:54:49.715+0000][1][gc,age       ] GC(11) - age   2:     358704 bytes,    5734440 total
[2019-12-08T09:54:49.715+0000][1][gc,age       ] GC(11) - age   3:     126536 bytes,    5860976 total
[2019-12-08T09:54:49.715+0000][1][gc,age       ] GC(11) - age   4:     656488 bytes,    6517464 total
[2019-12-08T09:54:49.715+0000][1][gc,age       ] GC(11) - age   5:    1388136 bytes,    7905600 total
[2019-12-08T09:54:49.715+0000][1][gc,heap      ] GC(11) ParNew: 75787K->8704K(78656K)
[2019-12-08T09:54:49.715+0000][1][gc,heap      ] GC(11) CMS: 13487K->14520K(174784K)
[2019-12-08T09:54:49.715+0000][1][gc,metaspace ] GC(11) Metaspace: 26832K->26832K(1075200K)
[2019-12-08T09:54:49.715+0000][1][gc           ] GC(11) Pause Young (Allocation Failure) 87M->22M(247M) 36.618ms
[2019-12-08T09:54:49.715+0000][1][gc,cpu       ] GC(11) User=0.08s Sys=0.00s Real=0.04s
[2019-12-08T09:54:49.715+0000][1][safepoint    ] Leaving safepoint region
[2019-12-08T09:54:49.715+0000][1][safepoint    ] Total time for which application threads were stopped: 0.0369366 seconds, Stopping threads took: 0.0000118 seconds
[2019-12-08T09:54:50.008+0000][1][safepoint    ] Application time: 0.2930051 seconds
[2019-12-08T09:54:50.008+0000][1][safepoint    ] Entering safepoint region: RevokeBias
[2019-12-08T09:54:50.008+0000][1][safepoint    ] Leaving safepoint region
[2019-12-08T09:54:50.008+0000][1][safepoint    ] Total time for which application threads were stopped: 0.0001008 seconds, Stopping threads took: 0.0000125 seconds
[2019-12-08T09:54:51.011+0000][1][safepoint    ] Application time: 1.0028764 seconds
[2019-12-08T09:54:51.011+0000][1][safepoint    ] Entering safepoint region: Cleanup
[2019-12-08T09:54:51.011+0000][1][safepoint    ] Leaving safepoint region
[2019-12-08T09:54:51.011+0000][1][safepoint    ] Total time for which application threads were stopped: 0.0001875 seconds, Stopping threads took: 0.0001147 seconds
[2019-12-08T09:54:51.567+0000][1][safepoint    ] Application time: 0.5565035 seconds
[2019-12-08T09:54:51.568+0000][1][safepoint    ] Entering safepoint region: GenCollectForAllocation
[2019-12-08T09:54:51.568+0000][1][gc,start     ] GC(12) Pause Young (Allocation Failure)
[2019-12-08T09:54:51.568+0000][1][gc,task      ] GC(12) Using 4 workers of 4 for evacuation
[2019-12-08T09:54:51.694+0000][1][gc,age       ] GC(12) Desired survivor size 4456448 bytes, new threshold 1 (max threshold 6)
[2019-12-08T09:54:51.694+0000][1][gc,age       ] GC(12) Age table with threshold 1 (max threshold 6)
[2019-12-08T09:54:51.694+0000][1][gc,age       ] GC(12) - age   1:    8451000 bytes,    8451000 total
[2019-12-08T09:54:51.694+0000][1][gc,heap      ] GC(12) ParNew: 78656K->8704K(78656K)
[2019-12-08T09:54:51.694+0000][1][gc,heap      ] GC(12) CMS: 14520K->28169K(174784K)
[2019-12-08T09:54:51.694+0000][1][gc,metaspace ] GC(12) Metaspace: 27119K->27119K(1075200K)
[2019-12-08T09:54:51.694+0000][1][gc           ] GC(12) Pause Young (Allocation Failure) 90M->36M(247M) 126.582ms
[2019-12-08T09:54:51.694+0000][1][gc,cpu       ] GC(12) User=0.11s Sys=0.00s Real=0.13s
[2019-12-08T09:54:51.694+0000][1][safepoint    ] Leaving safepoint region
[2019-12-08T09:54:51.694+0000][1][safepoint    ] Total time for which application threads were stopped: 0.1267235 seconds, Stopping threads took: 0.0000145 seconds
[2019-12-08T09:54:53.220+0000][1][safepoint    ] Application time: 1.5254610 seconds
[2019-12-08T09:54:53.280+0000][1][safepoint    ] Entering safepoint region: Cleanup
[2019-12-08T09:54:53.280+0000][1][safepoint    ] Leaving safepoint region
[2019-12-08T09:54:53.280+0000][1][safepoint    ] Total time for which application threads were stopped: 0.0603980 seconds, Stopping threads took: 0.0603082 seconds
[2019-12-08T09:54:53.731+0000][1][safepoint    ] Application time: 0.4505816 seconds
[2019-12-08T09:54:53.731+0000][1][safepoint    ] Entering safepoint region: GenCollectForAllocation
[2019-12-08T09:54:53.731+0000][1][gc,start     ] GC(13) Pause Young (Allocation Failure)
[2019-12-08T09:54:53.731+0000][1][gc,task      ] GC(13) Using 4 workers of 4 for evacuation
[2019-12-08T09:54:53.959+0000][1][gc,age       ] GC(13) Desired survivor size 4456448 bytes, new threshold 1 (max threshold 6)
[2019-12-08T09:54:53.959+0000][1][gc,age       ] GC(13) Age table with threshold 1 (max threshold 6)
[2019-12-08T09:54:53.959+0000][1][gc,age       ] GC(13) - age   1:    8506256 bytes,    8506256 total
[2019-12-08T09:54:53.959+0000][1][gc,heap      ] GC(13) ParNew: 78656K->8704K(78656K)
[2019-12-08T09:54:53.959+0000][1][gc,heap      ] GC(13) CMS: 28169K->41114K(174784K)
[2019-12-08T09:54:53.959+0000][1][gc,metaspace ] GC(13) Metaspace: 27246K->27246K(1075200K)
[2019-12-08T09:54:53.959+0000][1][gc           ] GC(13) Pause Young (Allocation Failure) 104M->48M(247M) 228.626ms
[2019-12-08T09:54:53.959+0000][1][gc,cpu       ] GC(13) User=0.15s Sys=0.00s Real=0.22s
[2019-12-08T09:54:53.960+0000][1][safepoint    ] Leaving safepoint region
[2019-12-08T09:54:53.960+0000][1][safepoint    ] Total time for which application threads were stopped: 0.2287616 seconds, Stopping threads took: 0.0000150 seconds
[2019-12-08T09:54:54.960+0000][1][safepoint    ] Application time: 1.0001981 seconds
[2019-12-08T09:54:54.964+0000][1][safepoint    ] Entering safepoint region: Cleanup
[2019-12-08T09:54:54.964+0000][1][safepoint    ] Leaving safepoint region
[2019-12-08T09:54:54.964+0000][1][safepoint    ] Total time for which application threads were stopped: 0.0042480 seconds, Stopping threads took: 0.0041822 seconds
[2019-12-08T09:54:55.755+0000][1][safepoint    ] Application time: 0.7910494 seconds
[2019-12-08T09:54:55.755+0000][1][safepoint    ] Entering safepoint region: GenCollectForAllocation
[2019-12-08T09:54:55.755+0000][1][gc,start     ] GC(14) Pause Young (Allocation Failure)
[2019-12-08T09:54:55.755+0000][1][gc,task      ] GC(14) Using 4 workers of 4 for evacuation
[2019-12-08T09:54:55.869+0000][1][gc,age       ] GC(14) Desired survivor size 4456448 bytes, new threshold 1 (max threshold 6)
[2019-12-08T09:54:55.869+0000][1][gc,age       ] GC(14) Age table with threshold 1 (max threshold 6)
[2019-12-08T09:54:55.869+0000][1][gc,age       ] GC(14) - age   1:    5368872 bytes,    5368872 total
[2019-12-08T09:54:55.869+0000][1][gc,heap      ] GC(14) ParNew: 78656K->8704K(78656K)
[2019-12-08T09:54:55.869+0000][1][gc,heap      ] GC(14) CMS: 41114K->51294K(174784K)
[2019-12-08T09:54:55.869+0000][1][gc,metaspace ] GC(14) Metaspace: 32932K->32932K(1079296K)
[2019-12-08T09:54:55.869+0000][1][gc           ] GC(14) Pause Young (Allocation Failure) 116M->58M(247M) 113.391ms
[2019-12-08T09:54:55.869+0000][1][gc,cpu       ] GC(14) User=0.09s Sys=0.00s Real=0.11s
[2019-12-08T09:54:55.869+0000][1][safepoint    ] Leaving safepoint region
[2019-12-08T09:54:55.869+0000][1][safepoint    ] Total time for which application threads were stopped: 0.1135514 seconds, Stopping threads took: 0.0000218 seconds
[2019-12-08T09:54:56.167+0000][1][safepoint    ] Application time: 0.2985261 seconds
[2019-12-08T09:54:56.167+0000][1][safepoint    ] Entering safepoint region: GenCollectForAllocation
[2019-12-08T09:54:56.167+0000][1][gc,start     ] GC(15) Pause Young (Allocation Failure)
[2019-12-08T09:54:56.167+0000][1][gc,task      ] GC(15) Using 4 workers of 4 for evacuation
[2019-12-08T09:54:56.235+0000][1][gc,age       ] GC(15) Desired survivor size 4456448 bytes, new threshold 6 (max threshold 6)
[2019-12-08T09:54:56.236+0000][1][gc,age       ] GC(15) Age table with threshold 6 (max threshold 6)
[2019-12-08T09:54:56.236+0000][1][gc,age       ] GC(15) - age   1:      58408 bytes,      58408 total
[2019-12-08T09:54:56.236+0000][1][gc,heap      ] GC(15) ParNew: 78656K->4488K(78656K)
[2019-12-08T09:54:56.236+0000][1][gc,heap      ] GC(15) CMS: 51294K->56583K(174784K)
[2019-12-08T09:54:56.236+0000][1][gc,metaspace ] GC(15) Metaspace: 32936K->32936K(1079296K)
[2019-12-08T09:54:56.236+0000][1][gc           ] GC(15) Pause Young (Allocation Failure) 126M->59M(247M) 68.219ms
[2019-12-08T09:54:56.236+0000][1][gc,cpu       ] GC(15) User=0.04s Sys=0.00s Real=0.07s
[2019-12-08T09:54:56.236+0000][1][safepoint    ] Leaving safepoint region
[2019-12-08T09:54:56.236+0000][1][safepoint    ] Total time for which application threads were stopped: 0.0683671 seconds, Stopping threads took: 0.0000136 seconds
[2019-12-08T09:54:56.779+0000][1][safepoint    ] Application time: 0.5430713 seconds
[2019-12-08T09:54:56.779+0000][1][safepoint    ] Entering safepoint region: CollectForMetadataAllocation
[2019-12-08T09:54:56.779+0000][1][safepoint    ] Leaving safepoint region
[2019-12-08T09:54:56.779+0000][1][safepoint    ] Total time for which application threads were stopped: 0.0002131 seconds, Stopping threads took: 0.0000143 seconds
[2019-12-08T09:54:56.847+0000][1][safepoint    ] Application time: 0.0675944 seconds
[2019-12-08T09:54:56.847+0000][1][safepoint    ] Entering safepoint region: CollectForMetadataAllocation
[2019-12-08T09:54:56.847+0000][1][safepoint    ] Leaving safepoint region
[2019-12-08T09:54:56.847+0000][1][safepoint    ] Total time for which application threads were stopped: 0.0001505 seconds, Stopping threads took: 0.0000109 seconds
[2019-12-08T09:54:56.940+0000][1][safepoint    ] Application time: 0.0928016 seconds
[2019-12-08T09:54:56.940+0000][1][safepoint    ] Entering safepoint region: CollectForMetadataAllocation
[2019-12-08T09:54:56.940+0000][1][safepoint    ] Leaving safepoint region
[2019-12-08T09:54:56.940+0000][1][safepoint    ] Total time for which application threads were stopped: 0.0002569 seconds, Stopping threads took: 0.0000124 seconds
[2019-12-08T09:54:56.972+0000][1][safepoint    ] Application time: 0.0323320 seconds
[2019-12-08T09:54:56.972+0000][1][safepoint    ] Entering safepoint region: CollectForMetadataAllocation
[2019-12-08T09:54:56.972+0000][1][safepoint    ] Leaving safepoint region
[2019-12-08T09:54:56.972+0000][1][safepoint    ] Total time for which application threads were stopped: 0.0002702 seconds, Stopping threads took: 0.0000584 seconds
[2019-12-08T09:54:57.060+0000][1][safepoint    ] Application time: 0.0878311 seconds
[2019-12-08T09:54:57.060+0000][1][safepoint    ] Entering safepoint region: CollectForMetadataAllocation
[2019-12-08T09:54:57.061+0000][1][safepoint    ] Leaving safepoint region
[2019-12-08T09:54:57.061+0000][1][safepoint    ] Total time for which application threads were stopped: 0.0002446 seconds, Stopping threads took: 0.0000144 seconds
[2019-12-08T09:54:57.104+0000][1][safepoint    ] Application time: 0.0430987 seconds
[2019-12-08T09:54:57.104+0000][1][safepoint    ] Entering safepoint region: CollectForMetadataAllocation
[2019-12-08T09:54:57.104+0000][1][safepoint    ] Leaving safepoint region
[2019-12-08T09:54:57.104+0000][1][safepoint    ] Total time for which application threads were stopped: 0.0002203 seconds, Stopping threads took: 0.0000122 seconds
[2019-12-08T09:54:57.154+0000][1][safepoint    ] Application time: 0.0497250 seconds
[2019-12-08T09:54:57.154+0000][1][safepoint    ] Entering safepoint region: CollectForMetadataAllocation
[2019-12-08T09:54:57.154+0000][1][safepoint    ] Leaving safepoint region
[2019-12-08T09:54:57.154+0000][1][safepoint    ] Total time for which application threads were stopped: 0.0002341 seconds, Stopping threads took: 0.0000133 seconds
[2019-12-08T09:54:57.171+0000][1][safepoint    ] Application time: 0.0174326 seconds
[2019-12-08T09:54:57.171+0000][1][safepoint    ] Entering safepoint region: CollectForMetadataAllocation
[2019-12-08T09:54:57.172+0000][1][safepoint    ] Leaving safepoint region
[2019-12-08T09:54:57.172+0000][1][safepoint    ] Total time for which application threads were stopped: 0.0002101 seconds, Stopping threads took: 0.0000117 seconds
[2019-12-08T09:54:57.203+0000][1][safepoint    ] Application time: 0.0315257 seconds
[2019-12-08T09:54:57.203+0000][1][safepoint    ] Entering safepoint region: CollectForMetadataAllocation
[2019-12-08T09:54:57.203+0000][1][safepoint    ] Leaving safepoint region
[2019-12-08T09:54:57.203+0000][1][safepoint    ] Total time for which application threads were stopped: 0.0001424 seconds, Stopping threads took: 0.0000132 seconds
[2019-12-08T09:54:57.224+0000][1][safepoint    ] Application time: 0.0206750 seconds
[2019-12-08T09:54:57.224+0000][1][safepoint    ] Entering safepoint region: CollectForMetadataAllocation
[2019-12-08T09:54:57.224+0000][1][safepoint    ] Leaving safepoint region
[2019-12-08T09:54:57.224+0000][1][safepoint    ] Total time for which application threads were stopped: 0.0002095 seconds, Stopping threads took: 0.0000110 seconds
[2019-12-08T09:54:57.231+0000][1][safepoint    ] Application time: 0.0070994 seconds
[2019-12-08T09:54:57.231+0000][1][safepoint    ] Entering safepoint region: RevokeBias
[2019-12-08T09:54:57.232+0000][1][safepoint    ] Leaving safepoint region
[2019-12-08T09:54:57.232+0000][1][safepoint    ] Total time for which application threads were stopped: 0.0001060 seconds, Stopping threads took: 0.0000112 seconds
[2019-12-08T09:54:57.252+0000][1][safepoint    ] Application time: 0.0203567 seconds
[2019-12-08T09:54:57.252+0000][1][safepoint    ] Entering safepoint region: CollectForMetadataAllocation
[2019-12-08T09:54:57.252+0000][1][safepoint    ] Leaving safepoint region
[2019-12-08T09:54:57.252+0000][1][safepoint    ] Total time for which application threads were stopped: 0.0002253 seconds, Stopping threads took: 0.0000134 seconds
[2019-12-08T09:54:57.333+0000][1][safepoint    ] Application time: 0.0807733 seconds
[2019-12-08T09:54:57.333+0000][1][safepoint    ] Entering safepoint region: CollectForMetadataAllocation
[2019-12-08T09:54:57.333+0000][1][safepoint    ] Leaving safepoint region
[2019-12-08T09:54:57.333+0000][1][safepoint    ] Total time for which application threads were stopped: 0.0002666 seconds, Stopping threads took: 0.0000142 seconds
[2019-12-08T09:54:57.367+0000][1][safepoint    ] Application time: 0.0338873 seconds
[2019-12-08T09:54:57.367+0000][1][safepoint    ] Entering safepoint region: CollectForMetadataAllocation
[2019-12-08T09:54:57.367+0000][1][safepoint    ] Leaving safepoint region
[2019-12-08T09:54:57.367+0000][1][safepoint    ] Total time for which application threads were stopped: 0.0002409 seconds, Stopping threads took: 0.0000129 seconds
[2019-12-08T09:54:57.449+0000][1][safepoint    ] Application time: 0.0815780 seconds
[2019-12-08T09:54:57.449+0000][1][safepoint    ] Entering safepoint region: CollectForMetadataAllocation
[2019-12-08T09:54:57.449+0000][1][safepoint    ] Leaving safepoint region
[2019-12-08T09:54:57.449+0000][1][safepoint    ] Total time for which application threads were stopped: 0.0002316 seconds, Stopping threads took: 0.0000128 seconds
[2019-12-08T09:54:57.478+0000][1][safepoint    ] Application time: 0.0285709 seconds
[2019-12-08T09:54:57.478+0000][1][safepoint    ] Entering safepoint region: CollectForMetadataAllocation
[2019-12-08T09:54:57.478+0000][1][safepoint    ] Leaving safepoint region
[2019-12-08T09:54:57.478+0000][1][safepoint    ] Total time for which application threads were stopped: 0.0002281 seconds, Stopping threads took: 0.0000132 seconds
[2019-12-08T09:54:57.566+0000][1][safepoint    ] Application time: 0.0882436 seconds
[2019-12-08T09:54:57.566+0000][1][safepoint    ] Entering safepoint region: CollectForMetadataAllocation
[2019-12-08T09:54:57.567+0000][1][safepoint    ] Leaving safepoint region
[2019-12-08T09:54:57.567+0000][1][safepoint    ] Total time for which application threads were stopped: 0.0002288 seconds, Stopping threads took: 0.0000133 seconds
[2019-12-08T09:54:57.602+0000][1][safepoint    ] Application time: 0.0354994 seconds
[2019-12-08T09:54:57.602+0000][1][safepoint    ] Entering safepoint region: CollectForMetadataAllocation
[2019-12-08T09:54:57.602+0000][1][safepoint    ] Leaving safepoint region
[2019-12-08T09:54:57.602+0000][1][safepoint    ] Total time for which application threads were stopped: 0.0002729 seconds, Stopping threads took: 0.0000564 seconds
[2019-12-08T09:54:57.653+0000][1][safepoint    ] Application time: 0.0500862 seconds
[2019-12-08T09:54:57.653+0000][1][safepoint    ] Entering safepoint region: CollectForMetadataAllocation
[2019-12-08T09:54:57.653+0000][1][safepoint    ] Leaving safepoint region
[2019-12-08T09:54:57.653+0000][1][safepoint    ] Total time for which application threads were stopped: 0.0002424 seconds, Stopping threads took: 0.0000141 seconds
[2019-12-08T09:54:57.689+0000][1][safepoint    ] Application time: 0.0362781 seconds
[2019-12-08T09:54:57.689+0000][1][safepoint    ] Entering safepoint region: CollectForMetadataAllocation
[2019-12-08T09:54:57.689+0000][1][safepoint    ] Leaving safepoint region
[2019-12-08T09:54:57.689+0000][1][safepoint    ] Total time for which application threads were stopped: 0.0002194 seconds, Stopping threads took: 0.0000119 seconds
[2019-12-08T09:54:57.720+0000][1][safepoint    ] Application time: 0.0303404 seconds
[2019-12-08T09:54:57.720+0000][1][safepoint    ] Entering safepoint region: CollectForMetadataAllocation
[2019-12-08T09:54:57.720+0000][1][safepoint    ] Leaving safepoint region
[2019-12-08T09:54:57.720+0000][1][safepoint    ] Total time for which application threads were stopped: 0.0001428 seconds, Stopping threads took: 0.0000124 seconds
[2019-12-08T09:54:57.775+0000][1][safepoint    ] Application time: 0.0550352 seconds
[2019-12-08T09:54:57.775+0000][1][safepoint    ] Entering safepoint region: CollectForMetadataAllocation
[2019-12-08T09:54:57.775+0000][1][safepoint    ] Leaving safepoint region
[2019-12-08T09:54:57.775+0000][1][safepoint    ] Total time for which application threads were stopped: 0.0001472 seconds, Stopping threads took: 0.0000125 seconds
[2019-12-08T09:54:57.796+0000][1][safepoint    ] Application time: 0.0208121 seconds
[2019-12-08T09:54:57.796+0000][1][safepoint    ] Entering safepoint region: CollectForMetadataAllocation
[2019-12-08T09:54:57.796+0000][1][safepoint    ] Leaving safepoint region
[2019-12-08T09:54:57.796+0000][1][safepoint    ] Total time for which application threads were stopped: 0.0002380 seconds, Stopping threads took: 0.0000128 seconds
[2019-12-08T09:54:57.816+0000][1][safepoint    ] Application time: 0.0195431 seconds
[2019-12-08T09:54:57.816+0000][1][safepoint    ] Entering safepoint region: CollectForMetadataAllocation
[2019-12-08T09:54:57.816+0000][1][safepoint    ] Leaving safepoint region
[2019-12-08T09:54:57.816+0000][1][safepoint    ] Total time for which application threads were stopped: 0.0001970 seconds, Stopping threads took: 0.0000126 seconds
[2019-12-08T09:54:58.031+0000][1][safepoint    ] Application time: 0.2152024 seconds
[2019-12-08T09:54:58.031+0000][1][safepoint    ] Entering safepoint region: CollectForMetadataAllocation
[2019-12-08T09:54:58.031+0000][1][safepoint    ] Leaving safepoint region
[2019-12-08T09:54:58.031+0000][1][safepoint    ] Total time for which application threads were stopped: 0.0001480 seconds, Stopping threads took: 0.0000121 seconds
[2019-12-08T09:54:58.086+0000][1][safepoint    ] Application time: 0.0543518 seconds
[2019-12-08T09:54:58.086+0000][1][safepoint    ] Entering safepoint region: CollectForMetadataAllocation
[2019-12-08T09:54:58.086+0000][1][safepoint    ] Leaving safepoint region
[2019-12-08T09:54:58.086+0000][1][safepoint    ] Total time for which application threads were stopped: 0.0001401 seconds, Stopping threads took: 0.0000119 seconds
[2019-12-08T09:54:58.186+0000][1][safepoint    ] Application time: 0.1001682 seconds
[2019-12-08T09:54:58.186+0000][1][safepoint    ] Entering safepoint region: CollectForMetadataAllocation
[2019-12-08T09:54:58.186+0000][1][safepoint    ] Leaving safepoint region
[2019-12-08T09:54:58.186+0000][1][safepoint    ] Total time for which application threads were stopped: 0.0002384 seconds, Stopping threads took: 0.0000121 seconds
[2019-12-08T09:54:58.218+0000][1][safepoint    ] Application time: 0.0319545 seconds
[2019-12-08T09:54:58.218+0000][1][safepoint    ] Entering safepoint region: CollectForMetadataAllocation
[2019-12-08T09:54:58.219+0000][1][safepoint    ] Leaving safepoint region
[2019-12-08T09:54:58.219+0000][1][safepoint    ] Total time for which application threads were stopped: 0.0002242 seconds, Stopping threads took: 0.0000132 seconds
[2019-12-08T09:54:58.236+0000][1][safepoint    ] Application time: 0.0177266 seconds
[2019-12-08T09:54:58.236+0000][1][safepoint    ] Entering safepoint region: CMS_Initial_Mark
[2019-12-08T09:54:58.236+0000][1][gc,start     ] GC(16) Pause Initial Mark
[2019-12-08T09:54:58.267+0000][1][gc           ] GC(16) Pause Initial Mark 126M->126M(247M) 30.566ms
[2019-12-08T09:54:58.267+0000][1][gc,cpu       ] GC(16) User=0.03s Sys=0.00s Real=0.03s
[2019-12-08T09:54:58.267+0000][1][safepoint    ] Leaving safepoint region
[2019-12-08T09:54:58.267+0000][1][safepoint    ] Total time for which application threads were stopped: 0.0306977 seconds, Stopping threads took: 0.0000129 seconds
[2019-12-08T09:54:58.267+0000][1][gc           ] GC(16) Concurrent Mark
[2019-12-08T09:54:58.316+0000][1][safepoint    ] Application time: 0.0490291 seconds
[2019-12-08T09:54:58.336+0000][1][safepoint    ] Entering safepoint region: RevokeBias
[2019-12-08T09:54:58.336+0000][1][safepoint    ] Leaving safepoint region
[2019-12-08T09:54:58.336+0000][1][safepoint    ] Total time for which application threads were stopped: 0.0197739 seconds, Stopping threads took: 0.0196691 seconds
[2019-12-08T09:54:58.336+0000][1][safepoint    ] Application time: 0.0000896 seconds
[2019-12-08T09:54:58.336+0000][1][safepoint    ] Entering safepoint region: RevokeBias
[2019-12-08T09:54:58.336+0000][1][safepoint    ] Leaving safepoint region
[2019-12-08T09:54:58.336+0000][1][safepoint    ] Total time for which application threads were stopped: 0.0000551 seconds, Stopping threads took: 0.0000090 seconds
[2019-12-08T09:54:58.336+0000][1][safepoint    ] Application time: 0.0001183 seconds
[2019-12-08T09:54:58.336+0000][1][safepoint    ] Entering safepoint region: RevokeBias
[2019-12-08T09:54:58.336+0000][1][safepoint    ] Leaving safepoint region
[2019-12-08T09:54:58.336+0000][1][safepoint    ] Total time for which application threads were stopped: 0.0000544 seconds, Stopping threads took: 0.0000078 seconds
[2019-12-08T09:54:58.347+0000][1][safepoint    ] Application time: 0.0105146 seconds
[2019-12-08T09:54:58.347+0000][1][safepoint    ] Entering safepoint region: CollectForMetadataAllocation
[2019-12-08T09:54:58.347+0000][1][safepoint    ] Leaving safepoint region
[2019-12-08T09:54:58.347+0000][1][safepoint    ] Total time for which application threads were stopped: 0.0002342 seconds, Stopping threads took: 0.0000134 seconds
[2019-12-08T09:54:58.374+0000][1][safepoint    ] Application time: 0.0272302 seconds
[2019-12-08T09:54:58.374+0000][1][safepoint    ] Entering safepoint region: GenCollectForAllocation
[2019-12-08T09:54:58.374+0000][1][gc,start     ] GC(17) Pause Young (Allocation Failure)
[2019-12-08T09:54:58.374+0000][1][gc,task      ] GC(17) Using 4 workers of 4 for evacuation
[2019-12-08T09:54:58.400+0000][1][gc,age       ] GC(17) Desired survivor size 4456448 bytes, new threshold 6 (max threshold 6)
[2019-12-08T09:54:58.400+0000][1][gc,age       ] GC(17) Age table with threshold 6 (max threshold 6)
[2019-12-08T09:54:58.400+0000][1][gc,age       ] GC(17) - age   1:    3514104 bytes,    3514104 total
[2019-12-08T09:54:58.400+0000][1][gc,age       ] GC(17) - age   2:      58288 bytes,    3572392 total
[2019-12-08T09:54:58.400+0000][1][gc,heap      ] GC(17) ParNew: 74440K->4143K(78656K)
[2019-12-08T09:54:58.400+0000][1][gc,heap      ] GC(17) CMS: 56583K->56583K(174784K)
[2019-12-08T09:54:58.400+0000][1][gc,metaspace ] GC(17) Metaspace: 41971K->41971K(1087488K)
[2019-12-08T09:54:58.400+0000][1][gc           ] GC(17) Pause Young (Allocation Failure) 127M->59M(247M) 25.945ms
[2019-12-08T09:54:58.400+0000][1][gc,cpu       ] GC(17) User=0.03s Sys=0.00s Real=0.02s
[2019-12-08T09:54:58.400+0000][1][safepoint    ] Leaving safepoint region
[2019-12-08T09:54:58.400+0000][1][safepoint    ] Total time for which application threads were stopped: 0.0260721 seconds, Stopping threads took: 0.0000125 seconds
[2019-12-08T09:54:58.406+0000][1][safepoint    ] Application time: 0.0058233 seconds
[2019-12-08T09:54:58.406+0000][1][safepoint    ] Entering safepoint region: RevokeBias
[2019-12-08T09:54:58.406+0000][1][safepoint    ] Leaving safepoint region
[2019-12-08T09:54:58.406+0000][1][safepoint    ] Total time for which application threads were stopped: 0.0000555 seconds, Stopping threads took: 0.0000111 seconds
[2019-12-08T09:54:58.504+0000][1][gc           ] GC(16) Concurrent Mark 237.377ms
[2019-12-08T09:54:58.504+0000][1][gc,cpu       ] GC(16) User=0.25s Sys=0.00s Real=0.24s
[2019-12-08T09:54:58.504+0000][1][gc           ] GC(16) Concurrent Preclean
[2019-12-08T09:54:58.507+0000][1][gc           ] GC(16) Concurrent Preclean 3.003ms
[2019-12-08T09:54:58.508+0000][1][gc,cpu       ] GC(16) User=0.00s Sys=0.00s Real=0.00s
[2019-12-08T09:54:58.508+0000][1][gc           ] GC(16) Concurrent Abortable Preclean
[2019-12-08T09:54:59.410+0000][1][safepoint    ] Application time: 1.0034772 seconds
[2019-12-08T09:54:59.410+0000][1][safepoint    ] Entering safepoint region: Cleanup
[2019-12-08T09:54:59.410+0000][1][safepoint    ] Leaving safepoint region
[2019-12-08T09:54:59.410+0000][1][safepoint    ] Total time for which application threads were stopped: 0.0003323 seconds, Stopping threads took: 0.0002788 seconds
[2019-12-08T09:54:59.579+0000][1][safepoint    ] Application time: 0.1686124 seconds
[2019-12-08T09:54:59.579+0000][1][safepoint    ] Entering safepoint region: CollectForMetadataAllocation
[2019-12-08T09:54:59.579+0000][1][safepoint    ] Leaving safepoint region
[2019-12-08T09:54:59.579+0000][1][safepoint    ] Total time for which application threads were stopped: 0.0001842 seconds, Stopping threads took: 0.0000144 seconds
[2019-12-08T09:55:00.161+0000][1][safepoint    ] Application time: 0.5817873 seconds
[2019-12-08T09:55:00.161+0000][1][safepoint    ] Entering safepoint region: CollectForMetadataAllocation
[2019-12-08T09:55:00.161+0000][1][safepoint    ] Leaving safepoint region
[2019-12-08T09:55:00.161+0000][1][safepoint    ] Total time for which application threads were stopped: 0.0001538 seconds, Stopping threads took: 0.0000135 seconds
[2019-12-08T09:55:00.252+0000][1][safepoint    ] Application time: 0.0909927 seconds
[2019-12-08T09:55:00.252+0000][1][safepoint    ] Entering safepoint region: CollectForMetadataAllocation
[2019-12-08T09:55:00.252+0000][1][safepoint    ] Leaving safepoint region
[2019-12-08T09:55:00.252+0000][1][safepoint    ] Total time for which application threads were stopped: 0.0002379 seconds, Stopping threads took: 0.0000142 seconds
[2019-12-08T09:55:00.785+0000][1][safepoint    ] Application time: 0.5325268 seconds
[2019-12-08T09:55:00.785+0000][1][safepoint    ] Entering safepoint region: CollectForMetadataAllocation
[2019-12-08T09:55:00.785+0000][1][safepoint    ] Leaving safepoint region
[2019-12-08T09:55:00.785+0000][1][safepoint    ] Total time for which application threads were stopped: 0.0003853 seconds, Stopping threads took: 0.0000500 seconds
[2019-12-08T09:55:00.849+0000][1][gc           ] GC(16) Concurrent Abortable Preclean 2341.209ms
[2019-12-08T09:55:00.849+0000][1][gc,cpu       ] GC(16) User=2.59s Sys=0.03s Real=2.34s
[2019-12-08T09:55:00.849+0000][1][safepoint    ] Application time: 0.0636906 seconds
[2019-12-08T09:55:00.854+0000][1][safepoint    ] Entering safepoint region: CMS_Final_Remark
[2019-12-08T09:55:00.854+0000][1][gc,start     ] GC(16) Pause Remark
[2019-12-08T09:55:00.886+0000][1][gc           ] GC(16) Pause Remark 100M->100M(247M) 32.252ms
[2019-12-08T09:55:00.886+0000][1][gc,cpu       ] GC(16) User=0.04s Sys=0.00s Real=0.03s
[2019-12-08T09:55:00.886+0000][1][safepoint    ] Leaving safepoint region
[2019-12-08T09:55:00.886+0000][1][safepoint    ] Total time for which application threads were stopped: 0.0374708 seconds, Stopping threads took: 0.0051052 seconds
[2019-12-08T09:55:00.899+0000][1][gc           ] GC(16) Concurrent Sweep
[2019-12-08T09:55:00.945+0000][1][safepoint    ] Application time: 0.0589816 seconds
[2019-12-08T09:55:00.946+0000][1][safepoint    ] Entering safepoint region: CollectForMetadataAllocation
[2019-12-08T09:55:00.947+0000][1][safepoint    ] Leaving safepoint region
[2019-12-08T09:55:00.947+0000][1][safepoint    ] Total time for which application threads were stopped: 0.0016135 seconds, Stopping threads took: 0.0007375 seconds
[2019-12-08T09:55:00.954+0000][1][gc           ] GC(16) Concurrent Sweep 55.356ms
[2019-12-08T09:55:00.954+0000][1][gc,cpu       ] GC(16) User=0.08s Sys=0.00s Real=0.06s
[2019-12-08T09:55:00.954+0000][1][gc           ] GC(16) Concurrent Reset
[2019-12-08T09:55:00.954+0000][1][gc           ] GC(16) Concurrent Reset 0.324ms
[2019-12-08T09:55:00.954+0000][1][gc,cpu       ] GC(16) User=0.00s Sys=0.00s Real=0.00s
[2019-12-08T09:55:00.954+0000][1][gc,heap      ] GC(16) Old: 56583K->56321K(174784K)
[2019-12-08T09:55:01.111+0000][1][safepoint    ] Application time: 0.1640103 seconds
[2019-12-08T09:55:01.111+0000][1][safepoint    ] Entering safepoint region: RevokeBias
[2019-12-08T09:55:01.111+0000][1][safepoint    ] Leaving safepoint region
[2019-12-08T09:55:01.111+0000][1][safepoint    ] Total time for which application threads were stopped: 0.0001195 seconds, Stopping threads took: 0.0000128 seconds
[2019-12-08T09:55:01.115+0000][1][safepoint    ] Application time: 0.0038203 seconds
[2019-12-08T09:55:01.115+0000][1][safepoint    ] Entering safepoint region: RevokeBias
[2019-12-08T09:55:01.115+0000][1][safepoint    ] Leaving safepoint region
[2019-12-08T09:55:01.115+0000][1][safepoint    ] Total time for which application threads were stopped: 0.0000689 seconds, Stopping threads took: 0.0000101 seconds
[2019-12-08T09:55:01.479+0000][1][safepoint    ] Application time: 0.3641041 seconds
[2019-12-08T09:55:01.479+0000][1][safepoint    ] Entering safepoint region: GenCollectForAllocation
[2019-12-08T09:55:01.480+0000][1][gc,start     ] GC(18) Pause Young (Allocation Failure)
[2019-12-08T09:55:01.480+0000][1][gc,task      ] GC(18) Using 4 workers of 4 for evacuation
[2019-12-08T09:55:01.533+0000][1][gc,age       ] GC(18) Desired survivor size 4456448 bytes, new threshold 2 (max threshold 6)
[2019-12-08T09:55:01.533+0000][1][gc,age       ] GC(18) Age table with threshold 2 (max threshold 6)
[2019-12-08T09:55:01.533+0000][1][gc,age       ] GC(18) - age   1:    3033080 bytes,    3033080 total
[2019-12-08T09:55:01.533+0000][1][gc,age       ] GC(18) - age   2:    3417448 bytes,    6450528 total
[2019-12-08T09:55:01.533+0000][1][gc,age       ] GC(18) - age   3:      58288 bytes,    6508816 total
[2019-12-08T09:55:01.533+0000][1][gc,heap      ] GC(18) ParNew: 74095K->8231K(78656K)
[2019-12-08T09:55:01.533+0000][1][gc,heap      ] GC(18) CMS: 56321K->56321K(174784K)
[2019-12-08T09:55:01.533+0000][1][gc,metaspace ] GC(18) Metaspace: 45767K->45767K(1091584K)
[2019-12-08T09:55:01.533+0000][1][gc           ] GC(18) Pause Young (Allocation Failure) 127M->63M(247M) 53.146ms
[2019-12-08T09:55:01.533+0000][1][gc,cpu       ] GC(18) User=0.04s Sys=0.01s Real=0.06s
[2019-12-08T09:55:01.533+0000][1][safepoint    ] Leaving safepoint region
[2019-12-08T09:55:01.533+0000][1][safepoint    ] Total time for which application threads were stopped: 0.0536441 seconds, Stopping threads took: 0.0000124 seconds
[2019-12-08T09:55:01.619+0000][1][safepoint    ] Application time: 0.0862090 seconds
[2019-12-08T09:55:01.619+0000][1][safepoint    ] Entering safepoint region: RevokeBias
[2019-12-08T09:55:01.619+0000][1][safepoint    ] Leaving safepoint region
[2019-12-08T09:55:01.619+0000][1][safepoint    ] Total time for which application threads were stopped: 0.0003065 seconds, Stopping threads took: 0.0002147 seconds
[2019-12-08T09:55:01.619+0000][1][safepoint    ] Application time: 0.0000727 seconds
[2019-12-08T09:55:01.619+0000][1][safepoint    ] Entering safepoint region: RevokeBias
[2019-12-08T09:55:01.620+0000][1][safepoint    ] Leaving safepoint region
[2019-12-08T09:55:01.620+0000][1][safepoint    ] Total time for which application threads were stopped: 0.0000492 seconds, Stopping threads took: 0.0000080 seconds
[2019-12-08T09:55:01.620+0000][1][safepoint    ] Application time: 0.0001800 seconds
[2019-12-08T09:55:01.620+0000][1][safepoint    ] Entering safepoint region: RevokeBias
[2019-12-08T09:55:01.620+0000][1][safepoint    ] Leaving safepoint region
[2019-12-08T09:55:01.620+0000][1][safepoint    ] Total time for which application threads were stopped: 0.0000639 seconds, Stopping threads took: 0.0000080 seconds
[2019-12-08T09:55:01.620+0000][1][safepoint    ] Application time: 0.0000622 seconds
[2019-12-08T09:55:01.620+0000][1][safepoint    ] Entering safepoint region: RevokeBias
[2019-12-08T09:55:01.620+0000][1][safepoint    ] Leaving safepoint region
[2019-12-08T09:55:01.620+0000][1][safepoint    ] Total time for which application threads were stopped: 0.0000752 seconds, Stopping threads took: 0.0000239 seconds
[2019-12-08T09:55:01.950+0000][1][safepoint    ] Application time: 0.3301631 seconds
[2019-12-08T09:55:01.950+0000][1][safepoint    ] Entering safepoint region: RevokeBias
[2019-12-08T09:55:01.950+0000][1][safepoint    ] Leaving safepoint region
[2019-12-08T09:55:01.950+0000][1][safepoint    ] Total time for which application threads were stopped: 0.0001428 seconds, Stopping threads took: 0.0000181 seconds
[2019-12-08T09:55:01.950+0000][1][safepoint    ] Application time: 0.0001073 seconds
[2019-12-08T09:55:01.950+0000][1][safepoint    ] Entering safepoint region: RevokeBias
[2019-12-08T09:55:01.950+0000][1][safepoint    ] Leaving safepoint region
[2019-12-08T09:55:01.951+0000][1][safepoint    ] Total time for which application threads were stopped: 0.0000824 seconds, Stopping threads took: 0.0000112 seconds
[2019-12-08T09:55:01.951+0000][1][safepoint    ] Application time: 0.0001305 seconds
[2019-12-08T09:55:01.951+0000][1][safepoint    ] Entering safepoint region: RevokeBias
[2019-12-08T09:55:01.951+0000][1][safepoint    ] Leaving safepoint region
[2019-12-08T09:55:01.951+0000][1][safepoint    ] Total time for which application threads were stopped: 0.0000883 seconds, Stopping threads took: 0.0000099 seconds
[2019-12-08T09:55:01.951+0000][1][safepoint    ] Application time: 0.0002037 seconds
[2019-12-08T09:55:01.951+0000][1][safepoint    ] Entering safepoint region: RevokeBias
[2019-12-08T09:55:01.951+0000][1][safepoint    ] Leaving safepoint region
[2019-12-08T09:55:01.951+0000][1][safepoint    ] Total time for which application threads were stopped: 0.0000590 seconds, Stopping threads took: 0.0000088 seconds
[2019-12-08T09:55:01.957+0000][1][safepoint    ] Application time: 0.0058262 seconds
[2019-12-08T09:55:01.957+0000][1][safepoint    ] Entering safepoint region: RevokeBias
[2019-12-08T09:55:01.957+0000][1][safepoint    ] Leaving safepoint region
[2019-12-08T09:55:01.957+0000][1][safepoint    ] Total time for which application threads were stopped: 0.0001308 seconds, Stopping threads took: 0.0000163 seconds
[2019-12-08T09:55:01.963+0000][1][safepoint    ] Application time: 0.0058201 seconds
[2019-12-08T09:55:01.963+0000][1][safepoint    ] Entering safepoint region: RevokeBias
[2019-12-08T09:55:01.963+0000][1][safepoint    ] Leaving safepoint region
[2019-12-08T09:55:01.963+0000][1][safepoint    ] Total time for which application threads were stopped: 0.0001288 seconds, Stopping threads took: 0.0000533 seconds
[2019-12-08T09:55:01.963+0000][1][safepoint    ] Application time: 0.0000825 seconds
[2019-12-08T09:55:01.963+0000][1][safepoint    ] Entering safepoint region: RevokeBias
[2019-12-08T09:55:01.963+0000][1][safepoint    ] Leaving safepoint region
[2019-12-08T09:55:01.963+0000][1][safepoint    ] Total time for which application threads were stopped: 0.0000754 seconds, Stopping threads took: 0.0000092 seconds
[2019-12-08T09:55:01.963+0000][1][safepoint    ] Application time: 0.0000563 seconds
[2019-12-08T09:55:01.963+0000][1][safepoint    ] Entering safepoint region: RevokeBias
[2019-12-08T09:55:01.963+0000][1][safepoint    ] Leaving safepoint region
[2019-12-08T09:55:01.963+0000][1][safepoint    ] Total time for which application threads were stopped: 0.0000587 seconds, Stopping threads took: 0.0000085 seconds
[2019-12-08T09:55:01.963+0000][1][safepoint    ] Application time: 0.0000580 seconds
[2019-12-08T09:55:01.963+0000][1][safepoint    ] Entering safepoint region: RevokeBias
[2019-12-08T09:55:01.963+0000][1][safepoint    ] Leaving safepoint region
[2019-12-08T09:55:01.963+0000][1][safepoint    ] Total time for which application threads were stopped: 0.0000556 seconds, Stopping threads took: 0.0000085 seconds
[2019-12-08T09:55:01.964+0000][1][safepoint    ] Application time: 0.0000529 seconds
[2019-12-08T09:55:01.964+0000][1][safepoint    ] Entering safepoint region: RevokeBias
[2019-12-08T09:55:01.964+0000][1][safepoint    ] Leaving safepoint region
[2019-12-08T09:55:01.964+0000][1][safepoint    ] Total time for which application threads were stopped: 0.0000547 seconds, Stopping threads took: 0.0000084 seconds
[2019-12-08T09:55:01.964+0000][1][safepoint    ] Application time: 0.0000546 seconds
[2019-12-08T09:55:01.964+0000][1][safepoint    ] Entering safepoint region: RevokeBias
[2019-12-08T09:55:01.964+0000][1][safepoint    ] Leaving safepoint region
[2019-12-08T09:55:01.964+0000][1][safepoint    ] Total time for which application threads were stopped: 0.0000762 seconds, Stopping threads took: 0.0000086 seconds
[2019-12-08T09:55:01.964+0000][1][safepoint    ] Application time: 0.0000544 seconds
[2019-12-08T09:55:01.964+0000][1][safepoint    ] Entering safepoint region: RevokeBias
[2019-12-08T09:55:01.964+0000][1][safepoint    ] Leaving safepoint region
[2019-12-08T09:55:01.964+0000][1][safepoint    ] Total time for which application threads were stopped: 0.0000568 seconds, Stopping threads took: 0.0000086 seconds
[2019-12-08T09:55:01.964+0000][1][safepoint    ] Application time: 0.0000521 seconds
[2019-12-08T09:55:01.964+0000][1][safepoint    ] Entering safepoint region: RevokeBias
[2019-12-08T09:55:01.964+0000][1][safepoint    ] Leaving safepoint region
[2019-12-08T09:55:01.964+0000][1][safepoint    ] Total time for which application threads were stopped: 0.0000501 seconds, Stopping threads took: 0.0000082 seconds
[2019-12-08T09:55:01.964+0000][1][safepoint    ] Application time: 0.0000506 seconds
[2019-12-08T09:55:01.964+0000][1][safepoint    ] Entering safepoint region: RevokeBias
[2019-12-08T09:55:01.964+0000][1][safepoint    ] Leaving safepoint region
[2019-12-08T09:55:01.964+0000][1][safepoint    ] Total time for which application threads were stopped: 0.0000496 seconds, Stopping threads took: 0.0000082 seconds
[2019-12-08T09:55:01.964+0000][1][safepoint    ] Application time: 0.0000511 seconds
[2019-12-08T09:55:01.964+0000][1][safepoint    ] Entering safepoint region: RevokeBias
[2019-12-08T09:55:01.964+0000][1][safepoint    ] Leaving safepoint region
[2019-12-08T09:55:01.964+0000][1][safepoint    ] Total time for which application threads were stopped: 0.0000501 seconds, Stopping threads took: 0.0000081 seconds
[2019-12-08T09:55:01.964+0000][1][safepoint    ] Application time: 0.0000511 seconds
[2019-12-08T09:55:01.964+0000][1][safepoint    ] Entering safepoint region: RevokeBias
[2019-12-08T09:55:01.964+0000][1][safepoint    ] Leaving safepoint region
[2019-12-08T09:55:01.964+0000][1][safepoint    ] Total time for which application threads were stopped: 0.0000499 seconds, Stopping threads took: 0.0000076 seconds
[2019-12-08T09:55:01.964+0000][1][safepoint    ] Application time: 0.0000505 seconds
[2019-12-08T09:55:01.964+0000][1][safepoint    ] Entering safepoint region: RevokeBias
[2019-12-08T09:55:01.964+0000][1][safepoint    ] Leaving safepoint region
[2019-12-08T09:55:01.964+0000][1][safepoint    ] Total time for which application threads were stopped: 0.0000504 seconds, Stopping threads took: 0.0000079 seconds
[2019-12-08T09:55:01.965+0000][1][safepoint    ] Application time: 0.0000510 seconds
[2019-12-08T09:55:01.965+0000][1][safepoint    ] Entering safepoint region: RevokeBias
[2019-12-08T09:55:01.965+0000][1][safepoint    ] Leaving safepoint region
[2019-12-08T09:55:01.965+0000][1][safepoint    ] Total time for which application threads were stopped: 0.0000506 seconds, Stopping threads took: 0.0000085 seconds
[2019-12-08T09:55:01.965+0000][1][safepoint    ] Application time: 0.0000505 seconds
[2019-12-08T09:55:01.965+0000][1][safepoint    ] Entering safepoint region: RevokeBias
[2019-12-08T09:55:01.965+0000][1][safepoint    ] Leaving safepoint region
[2019-12-08T09:55:01.965+0000][1][safepoint    ] Total time for which application threads were stopped: 0.0000693 seconds, Stopping threads took: 0.0000081 seconds
[2019-12-08T09:55:01.965+0000][1][safepoint    ] Application time: 0.0000525 seconds
[2019-12-08T09:55:01.965+0000][1][safepoint    ] Entering safepoint region: RevokeBias
[2019-12-08T09:55:01.965+0000][1][safepoint    ] Leaving safepoint region
[2019-12-08T09:55:01.965+0000][1][safepoint    ] Total time for which application threads were stopped: 0.0000527 seconds, Stopping threads took: 0.0000083 seconds
[2019-12-08T09:55:01.965+0000][1][safepoint    ] Application time: 0.0000492 seconds
[2019-12-08T09:55:01.965+0000][1][safepoint    ] Entering safepoint region: RevokeBias
[2019-12-08T09:55:01.965+0000][1][safepoint    ] Leaving safepoint region
[2019-12-08T09:55:01.965+0000][1][safepoint    ] Total time for which application threads were stopped: 0.0000493 seconds, Stopping threads took: 0.0000079 seconds
[2019-12-08T09:55:01.965+0000][1][safepoint    ] Application time: 0.0000511 seconds
[2019-12-08T09:55:01.965+0000][1][safepoint    ] Entering safepoint region: RevokeBias
[2019-12-08T09:55:01.965+0000][1][safepoint    ] Leaving safepoint region
[2019-12-08T09:55:01.965+0000][1][safepoint    ] Total time for which application threads were stopped: 0.0000486 seconds, Stopping threads took: 0.0000080 seconds
[2019-12-08T09:55:01.965+0000][1][safepoint    ] Application time: 0.0000498 seconds
[2019-12-08T09:55:01.965+0000][1][safepoint    ] Entering safepoint region: RevokeBias
[2019-12-08T09:55:01.965+0000][1][safepoint    ] Leaving safepoint region
[2019-12-08T09:55:01.965+0000][1][safepoint    ] Total time for which application threads were stopped: 0.0000482 seconds, Stopping threads took: 0.0000076 seconds
[2019-12-08T09:55:01.965+0000][1][safepoint    ] Application time: 0.0000497 seconds
[2019-12-08T09:55:01.965+0000][1][safepoint    ] Entering safepoint region: RevokeBias
[2019-12-08T09:55:01.965+0000][1][safepoint    ] Leaving safepoint region
[2019-12-08T09:55:01.965+0000][1][safepoint    ] Total time for which application threads were stopped: 0.0000483 seconds, Stopping threads took: 0.0000082 seconds
[2019-12-08T09:55:01.965+0000][1][safepoint    ] Application time: 0.0000494 seconds
[2019-12-08T09:55:01.965+0000][1][safepoint    ] Entering safepoint region: RevokeBias
[2019-12-08T09:55:01.965+0000][1][safepoint    ] Leaving safepoint region
[2019-12-08T09:55:01.965+0000][1][safepoint    ] Total time for which application threads were stopped: 0.0000485 seconds, Stopping threads took: 0.0000075 seconds
[2019-12-08T09:55:01.965+0000][1][safepoint    ] Application time: 0.0000501 seconds
[2019-12-08T09:55:01.965+0000][1][safepoint    ] Entering safepoint region: BulkRevokeBias
[2019-12-08T09:55:01.966+0000][1][safepoint    ] Leaving safepoint region
[2019-12-08T09:55:01.966+0000][1][safepoint    ] Total time for which application threads were stopped: 0.0001320 seconds, Stopping threads took: 0.0000082 seconds
[2019-12-08T09:55:01.966+0000][1][safepoint    ] Application time: 0.0001866 seconds
[2019-12-08T09:55:01.966+0000][1][safepoint    ] Entering safepoint region: RevokeBias
[2019-12-08T09:55:01.966+0000][1][safepoint    ] Leaving safepoint region
[2019-12-08T09:55:01.966+0000][1][safepoint    ] Total time for which application threads were stopped: 0.0000772 seconds, Stopping threads took: 0.0000091 seconds
[2019-12-08T09:55:01.966+0000][1][safepoint    ] Application time: 0.0000802 seconds
[2019-12-08T09:55:01.966+0000][1][safepoint    ] Entering safepoint region: RevokeBias
[2019-12-08T09:55:01.966+0000][1][safepoint    ] Leaving safepoint region
[2019-12-08T09:55:01.966+0000][1][safepoint    ] Total time for which application threads were stopped: 0.0000587 seconds, Stopping threads took: 0.0000083 seconds
[2019-12-08T09:55:01.966+0000][1][safepoint    ] Application time: 0.0001139 seconds
[2019-12-08T09:55:01.966+0000][1][safepoint    ] Entering safepoint region: RevokeBias
[2019-12-08T09:55:01.966+0000][1][safepoint    ] Leaving safepoint region
[2019-12-08T09:55:01.966+0000][1][safepoint    ] Total time for which application threads were stopped: 0.0000598 seconds, Stopping threads took: 0.0000086 seconds
[2019-12-08T09:55:01.966+0000][1][safepoint    ] Application time: 0.0000671 seconds
[2019-12-08T09:55:01.966+0000][1][safepoint    ] Entering safepoint region: RevokeBias
[2019-12-08T09:55:01.966+0000][1][safepoint    ] Leaving safepoint region
[2019-12-08T09:55:01.966+0000][1][safepoint    ] Total time for which application threads were stopped: 0.0000539 seconds, Stopping threads took: 0.0000082 seconds
[2019-12-08T09:55:01.966+0000][1][safepoint    ] Application time: 0.0000532 seconds
[2019-12-08T09:55:01.966+0000][1][safepoint    ] Entering safepoint region: RevokeBias
[2019-12-08T09:55:01.966+0000][1][safepoint    ] Leaving safepoint region
[2019-12-08T09:55:01.966+0000][1][safepoint    ] Total time for which application threads were stopped: 0.0000479 seconds, Stopping threads took: 0.0000082 seconds
[2019-12-08T09:55:01.976+0000][1][safepoint    ] Application time: 0.0099183 seconds
[2019-12-08T09:55:01.976+0000][1][safepoint    ] Entering safepoint region: RevokeBias
[2019-12-08T09:55:01.977+0000][1][safepoint    ] Leaving safepoint region
[2019-12-08T09:55:01.977+0000][1][safepoint    ] Total time for which application threads were stopped: 0.0000712 seconds, Stopping threads took: 0.0000118 seconds
[2019-12-08T09:55:01.977+0000][1][safepoint    ] Application time: 0.0000844 seconds
[2019-12-08T09:55:01.977+0000][1][safepoint    ] Entering safepoint region: RevokeBias
[2019-12-08T09:55:01.977+0000][1][safepoint    ] Leaving safepoint region
[2019-12-08T09:55:01.977+0000][1][safepoint    ] Total time for which application threads were stopped: 0.0000920 seconds, Stopping threads took: 0.0000084 seconds
[2019-12-08T09:55:01.977+0000][1][safepoint    ] Application time: 0.0000567 seconds
[2019-12-08T09:55:01.977+0000][1][safepoint    ] Entering safepoint region: RevokeBias
[2019-12-08T09:55:01.977+0000][1][safepoint    ] Leaving safepoint region
[2019-12-08T09:55:01.977+0000][1][safepoint    ] Total time for which application threads were stopped: 0.0000505 seconds, Stopping threads took: 0.0000080 seconds
[2019-12-08T09:55:01.977+0000][1][safepoint    ] Application time: 0.0000575 seconds
[2019-12-08T09:55:01.977+0000][1][safepoint    ] Entering safepoint region: RevokeBias
[2019-12-08T09:55:01.977+0000][1][safepoint    ] Leaving safepoint region
[2019-12-08T09:55:01.977+0000][1][safepoint    ] Total time for which application threads were stopped: 0.0000545 seconds, Stopping threads took: 0.0000075 seconds
[2019-12-08T09:55:01.977+0000][1][safepoint    ] Application time: 0.0000540 seconds
[2019-12-08T09:55:01.977+0000][1][safepoint    ] Entering safepoint region: RevokeBias
[2019-12-08T09:55:01.977+0000][1][safepoint    ] Leaving safepoint region
[2019-12-08T09:55:01.977+0000][1][safepoint    ] Total time for which application threads were stopped: 0.0000405 seconds, Stopping threads took: 0.0000074 seconds
[2019-12-08T09:55:01.977+0000][1][safepoint    ] Application time: 0.0001581 seconds
[2019-12-08T09:55:01.977+0000][1][safepoint    ] Entering safepoint region: RevokeBias
[2019-12-08T09:55:01.977+0000][1][safepoint    ] Leaving safepoint region
[2019-12-08T09:55:01.977+0000][1][safepoint    ] Total time for which application threads were stopped: 0.0000558 seconds, Stopping threads took: 0.0000076 seconds
[2019-12-08T09:55:01.977+0000][1][safepoint    ] Application time: 0.0000508 seconds
[2019-12-08T09:55:01.977+0000][1][safepoint    ] Entering safepoint region: RevokeBias
[2019-12-08T09:55:01.977+0000][1][safepoint    ] Leaving safepoint region
[2019-12-08T09:55:01.977+0000][1][safepoint    ] Total time for which application threads were stopped: 0.0000391 seconds, Stopping threads took: 0.0000079 seconds
[2019-12-08T09:55:01.978+0000][1][safepoint    ] Application time: 0.0003391 seconds
[2019-12-08T09:55:01.978+0000][1][safepoint    ] Entering safepoint region: RevokeBias
[2019-12-08T09:55:01.978+0000][1][safepoint    ] Leaving safepoint region
[2019-12-08T09:55:01.978+0000][1][safepoint    ] Total time for which application threads were stopped: 0.0000659 seconds, Stopping threads took: 0.0000112 seconds
[2019-12-08T09:55:01.978+0000][1][safepoint    ] Application time: 0.0000573 seconds
[2019-12-08T09:55:01.978+0000][1][safepoint    ] Entering safepoint region: RevokeBias
[2019-12-08T09:55:01.978+0000][1][safepoint    ] Leaving safepoint region
[2019-12-08T09:55:01.978+0000][1][safepoint    ] Total time for which application threads were stopped: 0.0000472 seconds, Stopping threads took: 0.0000079 seconds
[2019-12-08T09:55:01.978+0000][1][safepoint    ] Application time: 0.0000511 seconds
[2019-12-08T09:55:01.978+0000][1][safepoint    ] Entering safepoint region: RevokeBias
[2019-12-08T09:55:01.978+0000][1][safepoint    ] Leaving safepoint region
[2019-12-08T09:55:01.978+0000][1][safepoint    ] Total time for which application threads were stopped: 0.0000439 seconds, Stopping threads took: 0.0000080 seconds
[2019-12-08T09:55:01.978+0000][1][safepoint    ] Application time: 0.0000508 seconds
[2019-12-08T09:55:01.978+0000][1][safepoint    ] Entering safepoint region: RevokeBias
[2019-12-08T09:55:01.978+0000][1][safepoint    ] Leaving safepoint region
[2019-12-08T09:55:01.978+0000][1][safepoint    ] Total time for which application threads were stopped: 0.0000419 seconds, Stopping threads took: 0.0000078 seconds
[2019-12-08T09:55:01.978+0000][1][safepoint    ] Application time: 0.0000505 seconds
[2019-12-08T09:55:01.978+0000][1][safepoint    ] Entering safepoint region: RevokeBias
[2019-12-08T09:55:01.978+0000][1][safepoint    ] Leaving safepoint region
[2019-12-08T09:55:01.978+0000][1][safepoint    ] Total time for which application threads were stopped: 0.0000445 seconds, Stopping threads took: 0.0000077 seconds
[2019-12-08T09:55:01.978+0000][1][safepoint    ] Application time: 0.0000535 seconds
[2019-12-08T09:55:01.978+0000][1][safepoint    ] Entering safepoint region: RevokeBias
[2019-12-08T09:55:01.978+0000][1][safepoint    ] Leaving safepoint region
[2019-12-08T09:55:01.978+0000][1][safepoint    ] Total time for which application threads were stopped: 0.0000419 seconds, Stopping threads took: 0.0000077 seconds
[2019-12-08T09:55:01.978+0000][1][safepoint    ] Application time: 0.0000510 seconds
[2019-12-08T09:55:01.978+0000][1][safepoint    ] Entering safepoint region: RevokeBias
[2019-12-08T09:55:01.979+0000][1][safepoint    ] Leaving safepoint region
[2019-12-08T09:55:01.979+0000][1][safepoint    ] Total time for which application threads were stopped: 0.0000421 seconds, Stopping threads took: 0.0000079 seconds
[2019-12-08T09:55:01.979+0000][1][safepoint    ] Application time: 0.0000497 seconds
[2019-12-08T09:55:01.979+0000][1][safepoint    ] Entering safepoint region: RevokeBias
[2019-12-08T09:55:01.979+0000][1][safepoint    ] Leaving safepoint region
[2019-12-08T09:55:01.979+0000][1][safepoint    ] Total time for which application threads were stopped: 0.0000438 seconds, Stopping threads took: 0.0000096 seconds
[2019-12-08T09:55:01.979+0000][1][safepoint    ] Application time: 0.0000504 seconds
[2019-12-08T09:55:01.979+0000][1][safepoint    ] Entering safepoint region: RevokeBias
[2019-12-08T09:55:01.979+0000][1][safepoint    ] Leaving safepoint region
[2019-12-08T09:55:01.979+0000][1][safepoint    ] Total time for which application threads were stopped: 0.0000447 seconds, Stopping threads took: 0.0000082 seconds
[2019-12-08T09:55:01.979+0000][1][safepoint    ] Application time: 0.0000824 seconds
[2019-12-08T09:55:01.979+0000][1][safepoint    ] Entering safepoint region: RevokeBias
[2019-12-08T09:55:01.979+0000][1][safepoint    ] Leaving safepoint region
[2019-12-08T09:55:01.979+0000][1][safepoint    ] Total time for which application threads were stopped: 0.0000493 seconds, Stopping threads took: 0.0000082 seconds
[2019-12-08T09:55:01.979+0000][1][safepoint    ] Application time: 0.0000504 seconds
[2019-12-08T09:55:01.979+0000][1][safepoint    ] Entering safepoint region: RevokeBias
[2019-12-08T09:55:01.979+0000][1][safepoint    ] Leaving safepoint region
[2019-12-08T09:55:01.979+0000][1][safepoint    ] Total time for which application threads were stopped: 0.0000423 seconds, Stopping threads took: 0.0000075 seconds
[2019-12-08T09:55:01.979+0000][1][safepoint    ] Application time: 0.0000506 seconds
[2019-12-08T09:55:01.979+0000][1][safepoint    ] Entering safepoint region: RevokeBias
[2019-12-08T09:55:01.979+0000][1][safepoint    ] Leaving safepoint region
[2019-12-08T09:55:01.979+0000][1][safepoint    ] Total time for which application threads were stopped: 0.0000427 seconds, Stopping threads took: 0.0000080 seconds
[2019-12-08T09:55:01.979+0000][1][safepoint    ] Application time: 0.0000501 seconds
[2019-12-08T09:55:01.979+0000][1][safepoint    ] Entering safepoint region: RevokeBias
[2019-12-08T09:55:01.979+0000][1][safepoint    ] Leaving safepoint region
[2019-12-08T09:55:01.979+0000][1][safepoint    ] Total time for which application threads were stopped: 0.0000419 seconds, Stopping threads took: 0.0000080 seconds
[2019-12-08T09:55:01.979+0000][1][safepoint    ] Application time: 0.0000505 seconds
[2019-12-08T09:55:01.979+0000][1][safepoint    ] Entering safepoint region: RevokeBias
[2019-12-08T09:55:01.979+0000][1][safepoint    ] Leaving safepoint region
[2019-12-08T09:55:01.979+0000][1][safepoint    ] Total time for which application threads were stopped: 0.0000417 seconds, Stopping threads took: 0.0000081 seconds
[2019-12-08T09:55:01.979+0000][1][safepoint    ] Application time: 0.0000499 seconds
[2019-12-08T09:55:01.979+0000][1][safepoint    ] Entering safepoint region: BulkRevokeBias
[2019-12-08T09:55:01.980+0000][1][safepoint    ] Leaving safepoint region
[2019-12-08T09:55:01.980+0000][1][safepoint    ] Total time for which application threads were stopped: 0.0001255 seconds, Stopping threads took: 0.0000076 seconds
[2019-12-08T09:55:01.988+0000][1][safepoint    ] Application time: 0.0082053 seconds
[2019-12-08T09:55:02.003+0000][1][safepoint    ] Entering safepoint region: RevokeBias
[2019-12-08T09:55:02.003+0000][1][safepoint    ] Leaving safepoint region
[2019-12-08T09:55:02.003+0000][1][safepoint    ] Total time for which application threads were stopped: 0.0151975 seconds, Stopping threads took: 0.0150996 seconds
[2019-12-08T09:55:02.003+0000][1][safepoint    ] Application time: 0.0000982 seconds
[2019-12-08T09:55:02.003+0000][1][safepoint    ] Entering safepoint region: RevokeBias
[2019-12-08T09:55:02.003+0000][1][safepoint    ] Leaving safepoint region
[2019-12-08T09:55:02.003+0000][1][safepoint    ] Total time for which application threads were stopped: 0.0000546 seconds, Stopping threads took: 0.0000090 seconds
[2019-12-08T09:55:02.003+0000][1][safepoint    ] Application time: 0.0001608 seconds
[2019-12-08T09:55:02.003+0000][1][safepoint    ] Entering safepoint region: RevokeBias
[2019-12-08T09:55:02.003+0000][1][safepoint    ] Leaving safepoint region
[2019-12-08T09:55:02.003+0000][1][safepoint    ] Total time for which application threads were stopped: 0.0000479 seconds, Stopping threads took: 0.0000075 seconds
[2019-12-08T09:55:02.003+0000][1][safepoint    ] Application time: 0.0000607 seconds
[2019-12-08T09:55:02.003+0000][1][safepoint    ] Entering safepoint region: RevokeBias
[2019-12-08T09:55:02.003+0000][1][safepoint    ] Leaving safepoint region
[2019-12-08T09:55:02.003+0000][1][safepoint    ] Total time for which application threads were stopped: 0.0000380 seconds, Stopping threads took: 0.0000068 seconds
[2019-12-08T09:55:02.004+0000][1][safepoint    ] Application time: 0.0000457 seconds
[2019-12-08T09:55:02.004+0000][1][safepoint    ] Entering safepoint region: RevokeBias
[2019-12-08T09:55:02.004+0000][1][safepoint    ] Leaving safepoint region
[2019-12-08T09:55:02.004+0000][1][safepoint    ] Total time for which application threads were stopped: 0.0000360 seconds, Stopping threads took: 0.0000068 seconds
[2019-12-08T09:55:02.004+0000][1][safepoint    ] Application time: 0.0000456 seconds
[2019-12-08T09:55:02.004+0000][1][safepoint    ] Entering safepoint region: RevokeBias
[2019-12-08T09:55:02.004+0000][1][safepoint    ] Leaving safepoint region
[2019-12-08T09:55:02.004+0000][1][safepoint    ] Total time for which application threads were stopped: 0.0000351 seconds, Stopping threads took: 0.0000067 seconds
[2019-12-08T09:55:02.004+0000][1][safepoint    ] Application time: 0.0003210 seconds
[2019-12-08T09:55:02.004+0000][1][safepoint    ] Entering safepoint region: RevokeBias
[2019-12-08T09:55:02.004+0000][1][safepoint    ] Leaving safepoint region
[2019-12-08T09:55:02.004+0000][1][safepoint    ] Total time for which application threads were stopped: 0.0000670 seconds, Stopping threads took: 0.0000111 seconds
[2019-12-08T09:55:02.004+0000][1][safepoint    ] Application time: 0.0001249 seconds
[2019-12-08T09:55:02.004+0000][1][safepoint    ] Entering safepoint region: RevokeBias
[2019-12-08T09:55:02.004+0000][1][safepoint    ] Leaving safepoint region
[2019-12-08T09:55:02.004+0000][1][safepoint    ] Total time for which application threads were stopped: 0.0000498 seconds, Stopping threads took: 0.0000085 seconds
[2019-12-08T09:55:02.005+0000][1][safepoint    ] Application time: 0.0004616 seconds
[2019-12-08T09:55:02.005+0000][1][safepoint    ] Entering safepoint region: RevokeBias
[2019-12-08T09:55:02.005+0000][1][safepoint    ] Leaving safepoint region
[2019-12-08T09:55:02.005+0000][1][safepoint    ] Total time for which application threads were stopped: 0.0000690 seconds, Stopping threads took: 0.0000107 seconds
[2019-12-08T09:55:02.005+0000][1][safepoint    ] Application time: 0.0004115 seconds
[2019-12-08T09:55:02.005+0000][1][safepoint    ] Entering safepoint region: RevokeBias
[2019-12-08T09:55:02.005+0000][1][safepoint    ] Leaving safepoint region
[2019-12-08T09:55:02.005+0000][1][safepoint    ] Total time for which application threads were stopped: 0.0000626 seconds, Stopping threads took: 0.0000100 seconds
[2019-12-08T09:55:02.005+0000][1][safepoint    ] Application time: 0.0001161 seconds
[2019-12-08T09:55:02.005+0000][1][safepoint    ] Entering safepoint region: RevokeBias
[2019-12-08T09:55:02.006+0000][1][safepoint    ] Leaving safepoint region
[2019-12-08T09:55:02.006+0000][1][safepoint    ] Total time for which application threads were stopped: 0.0000547 seconds, Stopping threads took: 0.0000080 seconds
[2019-12-08T09:55:02.006+0000][1][safepoint    ] Application time: 0.0000572 seconds
[2019-12-08T09:55:02.006+0000][1][safepoint    ] Entering safepoint region: RevokeBias
[2019-12-08T09:55:02.006+0000][1][safepoint    ] Leaving safepoint region
[2019-12-08T09:55:02.006+0000][1][safepoint    ] Total time for which application threads were stopped: 0.0000489 seconds, Stopping threads took: 0.0000085 seconds
[2019-12-08T09:55:02.006+0000][1][safepoint    ] Application time: 0.0002340 seconds
[2019-12-08T09:55:02.006+0000][1][safepoint    ] Entering safepoint region: RevokeBias
[2019-12-08T09:55:02.006+0000][1][safepoint    ] Leaving safepoint region
[2019-12-08T09:55:02.006+0000][1][safepoint    ] Total time for which application threads were stopped: 0.0000614 seconds, Stopping threads took: 0.0000097 seconds
[2019-12-08T09:55:02.006+0000][1][safepoint    ] Application time: 0.0002790 seconds
[2019-12-08T09:55:02.006+0000][1][safepoint    ] Entering safepoint region: RevokeBias
[2019-12-08T09:55:02.006+0000][1][safepoint    ] Leaving safepoint region
[2019-12-08T09:55:02.006+0000][1][safepoint    ] Total time for which application threads were stopped: 0.0000660 seconds, Stopping threads took: 0.0000099 seconds
[2019-12-08T09:55:02.006+0000][1][safepoint    ] Application time: 0.0000852 seconds
[2019-12-08T09:55:02.006+0000][1][safepoint    ] Entering safepoint region: RevokeBias
[2019-12-08T09:55:02.007+0000][1][safepoint    ] Leaving safepoint region
[2019-12-08T09:55:02.007+0000][1][safepoint    ] Total time for which application threads were stopped: 0.0000562 seconds, Stopping threads took: 0.0000093 seconds
[2019-12-08T09:55:02.015+0000][1][safepoint    ] Application time: 0.0079926 seconds
[2019-12-08T09:55:02.015+0000][1][safepoint    ] Entering safepoint region: RevokeBias
[2019-12-08T09:55:02.015+0000][1][safepoint    ] Leaving safepoint region
[2019-12-08T09:55:02.015+0000][1][safepoint    ] Total time for which application threads were stopped: 0.0000830 seconds, Stopping threads took: 0.0000123 seconds
[2019-12-08T09:55:02.015+0000][1][safepoint    ] Application time: 0.0000785 seconds
[2019-12-08T09:55:02.015+0000][1][safepoint    ] Entering safepoint region: RevokeBias
[2019-12-08T09:55:02.015+0000][1][safepoint    ] Leaving safepoint region
[2019-12-08T09:55:02.015+0000][1][safepoint    ] Total time for which application threads were stopped: 0.0000544 seconds, Stopping threads took: 0.0000084 seconds
[2019-12-08T09:55:02.015+0000][1][safepoint    ] Application time: 0.0004621 seconds
[2019-12-08T09:55:02.015+0000][1][safepoint    ] Entering safepoint region: RevokeBias
[2019-12-08T09:55:02.015+0000][1][safepoint    ] Leaving safepoint region
[2019-12-08T09:55:02.015+0000][1][safepoint    ] Total time for which application threads were stopped: 0.0000659 seconds, Stopping threads took: 0.0000094 seconds
[2019-12-08T09:55:02.015+0000][1][safepoint    ] Application time: 0.0001026 seconds
[2019-12-08T09:55:02.015+0000][1][safepoint    ] Entering safepoint region: RevokeBias
[2019-12-08T09:55:02.016+0000][1][safepoint    ] Leaving safepoint region
[2019-12-08T09:55:02.016+0000][1][safepoint    ] Total time for which application threads were stopped: 0.0000544 seconds, Stopping threads took: 0.0000090 seconds
[2019-12-08T09:55:02.016+0000][1][safepoint    ] Application time: 0.0000558 seconds
[2019-12-08T09:55:02.016+0000][1][safepoint    ] Entering safepoint region: RevokeBias
[2019-12-08T09:55:02.016+0000][1][safepoint    ] Leaving safepoint region
[2019-12-08T09:55:02.016+0000][1][safepoint    ] Total time for which application threads were stopped: 0.0000490 seconds, Stopping threads took: 0.0000082 seconds
[2019-12-08T09:55:02.018+0000][1][safepoint    ] Application time: 0.0019146 seconds
[2019-12-08T09:55:02.018+0000][1][safepoint    ] Entering safepoint region: RevokeBias
[2019-12-08T09:55:02.018+0000][1][safepoint    ] Leaving safepoint region
[2019-12-08T09:55:02.018+0000][1][safepoint    ] Total time for which application threads were stopped: 0.0000698 seconds, Stopping threads took: 0.0000106 seconds
[2019-12-08T09:55:02.025+0000][1][safepoint    ] Application time: 0.0070888 seconds
[2019-12-08T09:55:02.030+0000][1][safepoint    ] Entering safepoint region: RevokeBias
[2019-12-08T09:55:02.030+0000][1][safepoint    ] Leaving safepoint region
[2019-12-08T09:55:02.030+0000][1][safepoint    ] Total time for which application threads were stopped: 0.0053173 seconds, Stopping threads took: 0.0052120 seconds
[2019-12-08T09:55:02.030+0000][1][safepoint    ] Application time: 0.0002734 seconds
[2019-12-08T09:55:02.030+0000][1][safepoint    ] Entering safepoint region: RevokeBias
[2019-12-08T09:55:02.030+0000][1][safepoint    ] Leaving safepoint region
[2019-12-08T09:55:02.030+0000][1][safepoint    ] Total time for which application threads were stopped: 0.0000856 seconds, Stopping threads took: 0.0000114 seconds
[2019-12-08T09:55:02.613+0000][1][safepoint    ] Application time: 0.5824635 seconds
[2019-12-08T09:55:02.618+0000][1][safepoint    ] Entering safepoint region: RevokeBias
[2019-12-08T09:55:02.618+0000][1][safepoint    ] Leaving safepoint region
[2019-12-08T09:55:02.618+0000][1][safepoint    ] Total time for which application threads were stopped: 0.0049411 seconds, Stopping threads took: 0.0047986 seconds
[2019-12-08T09:55:02.618+0000][1][safepoint    ] Application time: 0.0000679 seconds
[2019-12-08T09:55:02.618+0000][1][safepoint    ] Entering safepoint region: RevokeBias
[2019-12-08T09:55:02.618+0000][1][safepoint    ] Leaving safepoint region
[2019-12-08T09:55:02.618+0000][1][safepoint    ] Total time for which application threads were stopped: 0.0000352 seconds, Stopping threads took: 0.0000093 seconds
[2019-12-08T09:55:02.626+0000][1][safepoint    ] Application time: 0.0081204 seconds
[2019-12-08T09:55:02.647+0000][1][safepoint    ] Entering safepoint region: RevokeBias
[2019-12-08T09:55:02.647+0000][1][safepoint    ] Leaving safepoint region
[2019-12-08T09:55:02.647+0000][1][safepoint    ] Total time for which application threads were stopped: 0.0207569 seconds, Stopping threads took: 0.0205908 seconds
[2019-12-08T09:55:02.647+0000][1][safepoint    ] Application time: 0.0001998 seconds
[2019-12-08T09:55:02.647+0000][1][safepoint    ] Entering safepoint region: BulkRevokeBias
[2019-12-08T09:55:02.647+0000][1][safepoint    ] Leaving safepoint region
[2019-12-08T09:55:02.647+0000][1][safepoint    ] Total time for which application threads were stopped: 0.0001933 seconds, Stopping threads took: 0.0000130 seconds
[2019-12-08T09:55:03.318+0000][1][safepoint    ] Application time: 0.6705592 seconds
[2019-12-08T09:55:03.318+0000][1][safepoint    ] Entering safepoint region: RevokeBias
[2019-12-08T09:55:03.318+0000][1][safepoint    ] Leaving safepoint region
[2019-12-08T09:55:03.319+0000][1][safepoint    ] Total time for which application threads were stopped: 0.0005225 seconds, Stopping threads took: 0.0000165 seconds
[2019-12-08T09:55:03.319+0000][1][safepoint    ] Application time: 0.0000785 seconds
[2019-12-08T09:55:03.319+0000][1][safepoint    ] Entering safepoint region: RevokeBias
[2019-12-08T09:55:03.319+0000][1][safepoint    ] Leaving safepoint region
[2019-12-08T09:55:03.319+0000][1][safepoint    ] Total time for which application threads were stopped: 0.0000684 seconds, Stopping threads took: 0.0000082 seconds
[2019-12-08T09:55:03.650+0000][1][safepoint    ] Application time: 0.3314323 seconds
[2019-12-08T09:55:03.657+0000][1][safepoint    ] Entering safepoint region: GenCollectForAllocation
[2019-12-08T09:55:03.657+0000][1][gc,start     ] GC(19) Pause Young (Allocation Failure)
[2019-12-08T09:55:03.657+0000][1][gc,task      ] GC(19) Using 4 workers of 4 for evacuation
[2019-12-08T09:55:03.713+0000][1][gc,age       ] GC(19) Desired survivor size 4456448 bytes, new threshold 6 (max threshold 6)
[2019-12-08T09:55:03.714+0000][1][gc,age       ] GC(19) Age table with threshold 6 (max threshold 6)
[2019-12-08T09:55:03.714+0000][1][gc,age       ] GC(19) - age   1:    1279768 bytes,    1279768 total
[2019-12-08T09:55:03.714+0000][1][gc,age       ] GC(19) - age   2:    2978752 bytes,    4258520 total
[2019-12-08T09:55:03.714+0000][1][gc,heap      ] GC(19) ParNew: 78183K->6894K(78656K)
[2019-12-08T09:55:03.714+0000][1][gc,heap      ] GC(19) CMS: 56321K->59797K(174784K)
[2019-12-08T09:55:03.714+0000][1][gc,metaspace ] GC(19) Metaspace: 51180K->51180K(1095680K)
[2019-12-08T09:55:03.714+0000][1][gc           ] GC(19) Pause Young (Allocation Failure) 131M->65M(247M) 56.647ms
[2019-12-08T09:55:03.714+0000][1][gc,cpu       ] GC(19) User=0.05s Sys=0.00s Real=0.06s
[2019-12-08T09:55:03.714+0000][1][safepoint    ] Leaving safepoint region
[2019-12-08T09:55:03.714+0000][1][safepoint    ] Total time for which application threads were stopped: 0.0635013 seconds, Stopping threads took: 0.0067203 seconds
[2019-12-08T09:55:03.714+0000][1][safepoint    ] Application time: 0.0006220 seconds
[2019-12-08T09:55:03.714+0000][1][safepoint    ] Entering safepoint region: RevokeBias
[2019-12-08T09:55:03.714+0000][1][safepoint    ] Leaving safepoint region
[2019-12-08T09:55:03.714+0000][1][safepoint    ] Total time for which application threads were stopped: 0.0000647 seconds, Stopping threads took: 0.0000127 seconds
[2019-12-08T09:55:03.714+0000][1][safepoint    ] Application time: 0.0000841 seconds
[2019-12-08T09:55:03.714+0000][1][safepoint    ] Entering safepoint region: RevokeBias
[2019-12-08T09:55:03.714+0000][1][safepoint    ] Leaving safepoint region
[2019-12-08T09:55:03.714+0000][1][safepoint    ] Total time for which application threads were stopped: 0.0000308 seconds, Stopping threads took: 0.0000073 seconds
[2019-12-08T09:55:03.715+0000][1][safepoint    ] Application time: 0.0002694 seconds
[2019-12-08T09:55:03.715+0000][1][safepoint    ] Entering safepoint region: RevokeBias
[2019-12-08T09:55:03.715+0000][1][safepoint    ] Leaving safepoint region
[2019-12-08T09:55:03.715+0000][1][safepoint    ] Total time for which application threads were stopped: 0.0000485 seconds, Stopping threads took: 0.0000105 seconds
[2019-12-08T09:55:03.715+0000][1][safepoint    ] Application time: 0.0000567 seconds
[2019-12-08T09:55:03.715+0000][1][safepoint    ] Entering safepoint region: RevokeBias
[2019-12-08T09:55:03.715+0000][1][safepoint    ] Leaving safepoint region
[2019-12-08T09:55:03.715+0000][1][safepoint    ] Total time for which application threads were stopped: 0.0000665 seconds, Stopping threads took: 0.0000081 seconds
[2019-12-08T09:55:03.715+0000][1][safepoint    ] Application time: 0.0000551 seconds
[2019-12-08T09:55:03.715+0000][1][safepoint    ] Entering safepoint region: RevokeBias
[2019-12-08T09:55:03.715+0000][1][safepoint    ] Leaving safepoint region
[2019-12-08T09:55:03.715+0000][1][safepoint    ] Total time for which application threads were stopped: 0.0000345 seconds, Stopping threads took: 0.0000081 seconds
[2019-12-08T09:55:03.715+0000][1][safepoint    ] Application time: 0.0000509 seconds
[2019-12-08T09:55:03.715+0000][1][safepoint    ] Entering safepoint region: RevokeBias
[2019-12-08T09:55:03.715+0000][1][safepoint    ] Leaving safepoint region
[2019-12-08T09:55:03.715+0000][1][safepoint    ] Total time for which application threads were stopped: 0.0000554 seconds, Stopping threads took: 0.0000146 seconds
[2019-12-08T09:55:03.715+0000][1][safepoint    ] Application time: 0.0000542 seconds
[2019-12-08T09:55:03.715+0000][1][safepoint    ] Entering safepoint region: RevokeBias
[2019-12-08T09:55:03.715+0000][1][safepoint    ] Leaving safepoint region
[2019-12-08T09:55:03.715+0000][1][safepoint    ] Total time for which application threads were stopped: 0.0000412 seconds, Stopping threads took: 0.0000072 seconds
[2019-12-08T09:55:04.766+0000][1][safepoint    ] Application time: 1.0505350 seconds
[2019-12-08T09:55:04.782+0000][1][safepoint    ] Entering safepoint region: Cleanup
[2019-12-08T09:55:04.782+0000][1][safepoint    ] Leaving safepoint region
[2019-12-08T09:55:04.782+0000][1][safepoint    ] Total time for which application threads were stopped: 0.0164298 seconds, Stopping threads took: 0.0158888 seconds
[2019-12-08T09:55:04.789+0000][1][safepoint    ] Application time: 0.0069777 seconds
[2019-12-08T09:55:04.789+0000][1][safepoint    ] Entering safepoint region: RevokeBias
[2019-12-08T09:55:04.789+0000][1][safepoint    ] Leaving safepoint region
[2019-12-08T09:55:04.789+0000][1][safepoint    ] Total time for which application threads were stopped: 0.0000639 seconds, Stopping threads took: 0.0000139 seconds
[2019-12-08T09:55:05.374+0000][1][safepoint    ] Application time: 0.5849038 seconds
[2019-12-08T09:55:05.374+0000][1][safepoint    ] Entering safepoint region: Deoptimize
[2019-12-08T09:55:05.375+0000][1][safepoint    ] Leaving safepoint region
[2019-12-08T09:55:05.375+0000][1][safepoint    ] Total time for which application threads were stopped: 0.0007631 seconds, Stopping threads took: 0.0000190 seconds
[2019-12-08T09:55:05.826+0000][1][safepoint    ] Application time: 0.4505997 seconds
[2019-12-08T09:55:05.836+0000][1][safepoint    ] Entering safepoint region: RevokeBias
[2019-12-08T09:55:05.837+0000][1][safepoint    ] Leaving safepoint region
[2019-12-08T09:55:05.837+0000][1][safepoint    ] Total time for which application threads were stopped: 0.0113179 seconds, Stopping threads took: 0.0100548 seconds
[2019-12-08T09:55:06.341+0000][1][safepoint    ] Application time: 0.5036710 seconds
[2019-12-08T09:55:06.341+0000][1][safepoint    ] Entering safepoint region: Deoptimize
[2019-12-08T09:55:06.341+0000][1][safepoint    ] Leaving safepoint region
[2019-12-08T09:55:06.341+0000][1][safepoint    ] Total time for which application threads were stopped: 0.0006777 seconds, Stopping threads took: 0.0000181 seconds
[2019-12-08T09:55:06.416+0000][1][safepoint    ] Application time: 0.0741429 seconds
[2019-12-08T09:55:06.416+0000][1][safepoint    ] Entering safepoint region: RevokeBias
[2019-12-08T09:55:06.416+0000][1][safepoint    ] Leaving safepoint region
[2019-12-08T09:55:06.416+0000][1][safepoint    ] Total time for which application threads were stopped: 0.0001063 seconds, Stopping threads took: 0.0000161 seconds
[2019-12-08T09:55:06.632+0000][1][safepoint    ] Application time: 0.2161467 seconds
[2019-12-08T09:55:06.632+0000][1][safepoint    ] Entering safepoint region: RevokeBias
[2019-12-08T09:55:06.632+0000][1][safepoint    ] Leaving safepoint region
[2019-12-08T09:55:06.632+0000][1][safepoint    ] Total time for which application threads were stopped: 0.0000837 seconds, Stopping threads took: 0.0000158 seconds
[2019-12-08T09:55:06.761+0000][1][safepoint    ] Application time: 0.1286768 seconds
[2019-12-08T09:55:06.761+0000][1][safepoint    ] Entering safepoint region: GenCollectForAllocation
[2019-12-08T09:55:06.761+0000][1][gc,start     ] GC(20) Pause Young (Allocation Failure)
[2019-12-08T09:55:06.761+0000][1][gc,task      ] GC(20) Using 4 workers of 4 for evacuation
[2019-12-08T09:55:06.844+0000][1][gc,age       ] GC(20) Desired survivor size 4456448 bytes, new threshold 2 (max threshold 6)
[2019-12-08T09:55:06.844+0000][1][gc,age       ] GC(20) Age table with threshold 2 (max threshold 6)
[2019-12-08T09:55:06.844+0000][1][gc,age       ] GC(20) - age   1:    3276944 bytes,    3276944 total
[2019-12-08T09:55:06.844+0000][1][gc,age       ] GC(20) - age   2:    1210840 bytes,    4487784 total
[2019-12-08T09:55:06.844+0000][1][gc,age       ] GC(20) - age   3:    2953272 bytes,    7441056 total
[2019-12-08T09:55:06.844+0000][1][gc,heap      ] GC(20) ParNew: 76846K->8704K(78656K)
[2019-12-08T09:55:06.844+0000][1][gc,heap      ] GC(20) CMS: 59797K->60094K(174784K)
[2019-12-08T09:55:06.844+0000][1][gc,metaspace ] GC(20) Metaspace: 59843K->59843K(1103872K)
[2019-12-08T09:55:06.844+0000][1][gc           ] GC(20) Pause Young (Allocation Failure) 133M->67M(247M) 83.568ms
[2019-12-08T09:55:06.844+0000][1][gc,cpu       ] GC(20) User=0.09s Sys=0.00s Real=0.08s
[2019-12-08T09:55:06.844+0000][1][safepoint    ] Leaving safepoint region
[2019-12-08T09:55:06.844+0000][1][safepoint    ] Total time for which application threads were stopped: 0.0837173 seconds, Stopping threads took: 0.0000170 seconds
[2019-12-08T09:55:06.848+0000][1][safepoint    ] Application time: 0.0036488 seconds
[2019-12-08T09:55:06.848+0000][1][safepoint    ] Entering safepoint region: RevokeBias
[2019-12-08T09:55:06.848+0000][1][safepoint    ] Leaving safepoint region
[2019-12-08T09:55:06.848+0000][1][safepoint    ] Total time for which application threads were stopped: 0.0001087 seconds, Stopping threads took: 0.0000129 seconds
[2019-12-08T09:55:06.848+0000][1][safepoint    ] Application time: 0.0000531 seconds
[2019-12-08T09:55:06.848+0000][1][safepoint    ] Entering safepoint region: RevokeBias
[2019-12-08T09:55:06.848+0000][1][safepoint    ] Leaving safepoint region
[2019-12-08T09:55:06.848+0000][1][safepoint    ] Total time for which application threads were stopped: 0.0000518 seconds, Stopping threads took: 0.0000075 seconds
[2019-12-08T09:55:06.848+0000][1][safepoint    ] Application time: 0.0000454 seconds
[2019-12-08T09:55:06.848+0000][1][safepoint    ] Entering safepoint region: RevokeBias
[2019-12-08T09:55:06.848+0000][1][safepoint    ] Leaving safepoint region
[2019-12-08T09:55:06.848+0000][1][safepoint    ] Total time for which application threads were stopped: 0.0000505 seconds, Stopping threads took: 0.0000073 seconds
[2019-12-08T09:55:06.849+0000][1][safepoint    ] Application time: 0.0000453 seconds
[2019-12-08T09:55:06.849+0000][1][safepoint    ] Entering safepoint region: RevokeBias
[2019-12-08T09:55:06.849+0000][1][safepoint    ] Leaving safepoint region
[2019-12-08T09:55:06.849+0000][1][safepoint    ] Total time for which application threads were stopped: 0.0000496 seconds, Stopping threads took: 0.0000072 seconds
[2019-12-08T09:55:06.849+0000][1][safepoint    ] Application time: 0.0000464 seconds
[2019-12-08T09:55:06.849+0000][1][safepoint    ] Entering safepoint region: RevokeBias
[2019-12-08T09:55:06.849+0000][1][safepoint    ] Leaving safepoint region
[2019-12-08T09:55:06.849+0000][1][safepoint    ] Total time for which application threads were stopped: 0.0000785 seconds, Stopping threads took: 0.0000078 seconds
[2019-12-08T09:55:06.849+0000][1][safepoint    ] Application time: 0.0000486 seconds
[2019-12-08T09:55:06.849+0000][1][safepoint    ] Entering safepoint region: RevokeBias
[2019-12-08T09:55:06.849+0000][1][safepoint    ] Leaving safepoint region
[2019-12-08T09:55:06.849+0000][1][safepoint    ] Total time for which application threads were stopped: 0.0000492 seconds, Stopping threads took: 0.0000071 seconds
[2019-12-08T09:55:06.849+0000][1][safepoint    ] Application time: 0.0000441 seconds
[2019-12-08T09:55:06.849+0000][1][safepoint    ] Entering safepoint region: RevokeBias
[2019-12-08T09:55:06.849+0000][1][safepoint    ] Leaving safepoint region
[2019-12-08T09:55:06.849+0000][1][safepoint    ] Total time for which application threads were stopped: 0.0000467 seconds, Stopping threads took: 0.0000070 seconds
[2019-12-08T09:55:06.849+0000][1][safepoint    ] Application time: 0.0000438 seconds
[2019-12-08T09:55:06.849+0000][1][safepoint    ] Entering safepoint region: RevokeBias
[2019-12-08T09:55:06.849+0000][1][safepoint    ] Leaving safepoint region
[2019-12-08T09:55:06.849+0000][1][safepoint    ] Total time for which application threads were stopped: 0.0000525 seconds, Stopping threads took: 0.0000116 seconds
[2019-12-08T09:55:06.849+0000][1][safepoint    ] Application time: 0.0000441 seconds
[2019-12-08T09:55:06.849+0000][1][safepoint    ] Entering safepoint region: RevokeBias
[2019-12-08T09:55:06.849+0000][1][safepoint    ] Leaving safepoint region
[2019-12-08T09:55:06.849+0000][1][safepoint    ] Total time for which application threads were stopped: 0.0000466 seconds, Stopping threads took: 0.0000068 seconds
[2019-12-08T09:55:06.849+0000][1][safepoint    ] Application time: 0.0000439 seconds
[2019-12-08T09:55:06.849+0000][1][safepoint    ] Entering safepoint region: RevokeBias
[2019-12-08T09:55:06.849+0000][1][safepoint    ] Leaving safepoint region
[2019-12-08T09:55:06.849+0000][1][safepoint    ] Total time for which application threads were stopped: 0.0000463 seconds, Stopping threads took: 0.0000068 seconds
[2019-12-08T09:55:06.849+0000][1][safepoint    ] Application time: 0.0000442 seconds
[2019-12-08T09:55:06.849+0000][1][safepoint    ] Entering safepoint region: RevokeBias
[2019-12-08T09:55:06.849+0000][1][safepoint    ] Leaving safepoint region
[2019-12-08T09:55:06.849+0000][1][safepoint    ] Total time for which application threads were stopped: 0.0000469 seconds, Stopping threads took: 0.0000069 seconds
[2019-12-08T09:55:06.849+0000][1][safepoint    ] Application time: 0.0000436 seconds
[2019-12-08T09:55:06.849+0000][1][safepoint    ] Entering safepoint region: RevokeBias
[2019-12-08T09:55:06.849+0000][1][safepoint    ] Leaving safepoint region
[2019-12-08T09:55:06.849+0000][1][safepoint    ] Total time for which application threads were stopped: 0.0000463 seconds, Stopping threads took: 0.0000069 seconds
[2019-12-08T09:55:06.850+0000][1][safepoint    ] Application time: 0.0000440 seconds
[2019-12-08T09:55:06.850+0000][1][safepoint    ] Entering safepoint region: BulkRevokeBias
[2019-12-08T09:55:06.850+0000][1][safepoint    ] Leaving safepoint region
[2019-12-08T09:55:06.850+0000][1][safepoint    ] Total time for which application threads were stopped: 0.0001439 seconds, Stopping threads took: 0.0000071 seconds
[2019-12-08T09:55:07.791+0000][1][safepoint    ] Application time: 0.9413167 seconds
[2019-12-08T09:55:07.791+0000][1][safepoint    ] Entering safepoint region: RevokeBias
[2019-12-08T09:55:07.791+0000][1][safepoint    ] Leaving safepoint region
[2019-12-08T09:55:07.791+0000][1][safepoint    ] Total time for which application threads were stopped: 0.0001281 seconds, Stopping threads took: 0.0000167 seconds
[2019-12-08T09:55:08.030+0000][1][safepoint    ] Application time: 0.2389105 seconds
[2019-12-08T09:55:08.030+0000][1][safepoint    ] Entering safepoint region: Deoptimize
[2019-12-08T09:55:08.031+0000][1][safepoint    ] Leaving safepoint region
[2019-12-08T09:55:08.031+0000][1][safepoint    ] Total time for which application threads were stopped: 0.0006920 seconds, Stopping threads took: 0.0000162 seconds
[2019-12-08T09:55:08.071+0000][1][safepoint    ] Application time: 0.0399372 seconds
[2019-12-08T09:55:08.071+0000][1][safepoint    ] Entering safepoint region: RevokeBias
[2019-12-08T09:55:08.071+0000][1][safepoint    ] Leaving safepoint region
[2019-12-08T09:55:08.071+0000][1][safepoint    ] Total time for which application threads were stopped: 0.0000980 seconds, Stopping threads took: 0.0000160 seconds
[2019-12-08T09:55:08.078+0000][1][safepoint    ] Application time: 0.0068184 seconds
[2019-12-08T09:55:08.078+0000][1][safepoint    ] Entering safepoint region: BulkRevokeBias
[2019-12-08T09:55:08.078+0000][1][safepoint    ] Leaving safepoint region
[2019-12-08T09:55:08.078+0000][1][safepoint    ] Total time for which application threads were stopped: 0.0001828 seconds, Stopping threads took: 0.0000155 seconds
[2019-12-08T09:55:08.079+0000][1][safepoint    ] Application time: 0.0008376 seconds
[2019-12-08T09:55:08.079+0000][1][safepoint    ] Entering safepoint region: RevokeBias
[2019-12-08T09:55:08.079+0000][1][safepoint    ] Leaving safepoint region
[2019-12-08T09:55:08.079+0000][1][safepoint    ] Total time for which application threads were stopped: 0.0000781 seconds, Stopping threads took: 0.0000196 seconds
[2019-12-08T09:55:08.079+0000][1][safepoint    ] Application time: 0.0004503 seconds
[2019-12-08T09:55:08.079+0000][1][safepoint    ] Entering safepoint region: RevokeBias
[2019-12-08T09:55:08.079+0000][1][safepoint    ] Leaving safepoint region
[2019-12-08T09:55:08.079+0000][1][safepoint    ] Total time for which application threads were stopped: 0.0000644 seconds, Stopping threads took: 0.0000107 seconds
[2019-12-08T09:55:08.079+0000][1][safepoint    ] Application time: 0.0000640 seconds
[2019-12-08T09:55:08.080+0000][1][safepoint    ] Entering safepoint region: RevokeBias
[2019-12-08T09:55:08.080+0000][1][safepoint    ] Leaving safepoint region
[2019-12-08T09:55:08.080+0000][1][safepoint    ] Total time for which application threads were stopped: 0.0000579 seconds, Stopping threads took: 0.0000080 seconds
[2019-12-08T09:55:08.080+0000][1][safepoint    ] Application time: 0.0002116 seconds
[2019-12-08T09:55:08.080+0000][1][safepoint    ] Entering safepoint region: RevokeBias
[2019-12-08T09:55:08.080+0000][1][safepoint    ] Leaving safepoint region
[2019-12-08T09:55:08.080+0000][1][safepoint    ] Total time for which application threads were stopped: 0.0000955 seconds, Stopping threads took: 0.0000112 seconds
[2019-12-08T09:55:08.080+0000][1][safepoint    ] Application time: 0.0002338 seconds
[2019-12-08T09:55:08.080+0000][1][safepoint    ] Entering safepoint region: RevokeBias
[2019-12-08T09:55:08.080+0000][1][safepoint    ] Leaving safepoint region
[2019-12-08T09:55:08.080+0000][1][safepoint    ] Total time for which application threads were stopped: 0.0000576 seconds, Stopping threads took: 0.0000104 seconds
[2019-12-08T09:55:08.080+0000][1][safepoint    ] Application time: 0.0002179 seconds
[2019-12-08T09:55:08.080+0000][1][safepoint    ] Entering safepoint region: RevokeBias
[2019-12-08T09:55:08.080+0000][1][safepoint    ] Leaving safepoint region
[2019-12-08T09:55:08.081+0000][1][safepoint    ] Total time for which application threads were stopped: 0.0000611 seconds, Stopping threads took: 0.0000103 seconds
[2019-12-08T09:55:08.081+0000][1][safepoint    ] Application time: 0.0000763 seconds
[2019-12-08T09:55:08.081+0000][1][safepoint    ] Entering safepoint region: RevokeBias
[2019-12-08T09:55:08.081+0000][1][safepoint    ] Leaving safepoint region
[2019-12-08T09:55:08.081+0000][1][safepoint    ] Total time for which application threads were stopped: 0.0000562 seconds, Stopping threads took: 0.0000091 seconds
[2019-12-08T09:55:08.082+0000][1][safepoint    ] Application time: 0.0017552 seconds
[2019-12-08T09:55:08.082+0000][1][safepoint    ] Entering safepoint region: RevokeBias
[2019-12-08T09:55:08.082+0000][1][safepoint    ] Leaving safepoint region
[2019-12-08T09:55:08.083+0000][1][safepoint    ] Total time for which application threads were stopped: 0.0000690 seconds, Stopping threads took: 0.0000123 seconds
[2019-12-08T09:55:08.083+0000][1][safepoint    ] Application time: 0.0001140 seconds
[2019-12-08T09:55:08.083+0000][1][safepoint    ] Entering safepoint region: RevokeBias
[2019-12-08T09:55:08.083+0000][1][safepoint    ] Leaving safepoint region
[2019-12-08T09:55:08.083+0000][1][safepoint    ] Total time for which application threads were stopped: 0.0000719 seconds, Stopping threads took: 0.0000090 seconds
[2019-12-08T09:55:08.087+0000][1][safepoint    ] Application time: 0.0042175 seconds
[2019-12-08T09:55:08.087+0000][1][safepoint    ] Entering safepoint region: Deoptimize
[2019-12-08T09:55:08.088+0000][1][safepoint    ] Leaving safepoint region
[2019-12-08T09:55:08.088+0000][1][safepoint    ] Total time for which application threads were stopped: 0.0006312 seconds, Stopping threads took: 0.0000124 seconds
[2019-12-08T09:55:08.088+0000][1][safepoint    ] Application time: 0.0005582 seconds
[2019-12-08T09:55:08.088+0000][1][safepoint    ] Entering safepoint region: RevokeBias
[2019-12-08T09:55:08.088+0000][1][safepoint    ] Leaving safepoint region
[2019-12-08T09:55:08.088+0000][1][safepoint    ] Total time for which application threads were stopped: 0.0000523 seconds, Stopping threads took: 0.0000169 seconds
[2019-12-08T09:55:08.150+0000][1][safepoint    ] Application time: 0.0619090 seconds
[2019-12-08T09:55:08.217+0000][1][safepoint    ] Entering safepoint region: RevokeBias
[2019-12-08T09:55:08.217+0000][1][safepoint    ] Leaving safepoint region
[2019-12-08T09:55:08.217+0000][1][safepoint    ] Total time for which application threads were stopped: 0.0666675 seconds, Stopping threads took: 0.0665642 seconds
[2019-12-08T09:55:08.218+0000][1][safepoint    ] Application time: 0.0011057 seconds
[2019-12-08T09:55:08.218+0000][1][safepoint    ] Entering safepoint region: RevokeBias
[2019-12-08T09:55:08.218+0000][1][safepoint    ] Leaving safepoint region
[2019-12-08T09:55:08.218+0000][1][safepoint    ] Total time for which application threads were stopped: 0.0000830 seconds, Stopping threads took: 0.0000163 seconds
[2019-12-08T09:55:08.218+0000][1][safepoint    ] Application time: 0.0000508 seconds
[2019-12-08T09:55:08.218+0000][1][safepoint    ] Entering safepoint region: RevokeBias
[2019-12-08T09:55:08.218+0000][1][safepoint    ] Leaving safepoint region
[2019-12-08T09:55:08.218+0000][1][safepoint    ] Total time for which application threads were stopped: 0.0000424 seconds, Stopping threads took: 0.0000084 seconds
[2019-12-08T09:55:08.218+0000][1][safepoint    ] Application time: 0.0002983 seconds
[2019-12-08T09:55:08.219+0000][1][safepoint    ] Entering safepoint region: RevokeBias
[2019-12-08T09:55:08.219+0000][1][safepoint    ] Leaving safepoint region
[2019-12-08T09:55:08.219+0000][1][safepoint    ] Total time for which application threads were stopped: 0.0000584 seconds, Stopping threads took: 0.0000122 seconds
[2019-12-08T09:55:08.219+0000][1][safepoint    ] Application time: 0.0000420 seconds
[2019-12-08T09:55:08.219+0000][1][safepoint    ] Entering safepoint region: RevokeBias
[2019-12-08T09:55:08.219+0000][1][safepoint    ] Leaving safepoint region
[2019-12-08T09:55:08.219+0000][1][safepoint    ] Total time for which application threads were stopped: 0.0000402 seconds, Stopping threads took: 0.0000081 seconds
[2019-12-08T09:55:08.224+0000][1][safepoint    ] Application time: 0.0051008 seconds
[2019-12-08T09:55:08.232+0000][1][safepoint    ] Entering safepoint region: RevokeBias
[2019-12-08T09:55:08.232+0000][1][safepoint    ] Leaving safepoint region
[2019-12-08T09:55:08.232+0000][1][safepoint    ] Total time for which application threads were stopped: 0.0080027 seconds, Stopping threads took: 0.0079396 seconds
[2019-12-08T09:55:08.235+0000][1][safepoint    ] Application time: 0.0029344 seconds
[2019-12-08T09:55:08.244+0000][1][safepoint    ] Entering safepoint region: RevokeBias
[2019-12-08T09:55:08.244+0000][1][safepoint    ] Leaving safepoint region
[2019-12-08T09:55:08.244+0000][1][safepoint    ] Total time for which application threads were stopped: 0.0090212 seconds, Stopping threads took: 0.0089638 seconds
[2019-12-08T09:55:08.245+0000][1][safepoint    ] Application time: 0.0009073 seconds
[2019-12-08T09:55:08.245+0000][1][safepoint    ] Entering safepoint region: RevokeBias
[2019-12-08T09:55:08.245+0000][1][safepoint    ] Leaving safepoint region
[2019-12-08T09:55:08.245+0000][1][safepoint    ] Total time for which application threads were stopped: 0.0000638 seconds, Stopping threads took: 0.0000125 seconds
[2019-12-08T09:55:08.320+0000][1][safepoint    ] Application time: 0.0752188 seconds
[2019-12-08T09:55:08.320+0000][1][safepoint    ] Entering safepoint region: RevokeBias
[2019-12-08T09:55:08.320+0000][1][safepoint    ] Leaving safepoint region
[2019-12-08T09:55:08.320+0000][1][safepoint    ] Total time for which application threads were stopped: 0.0000864 seconds, Stopping threads took: 0.0000172 seconds
[2019-12-08T09:55:08.341+0000][1][safepoint    ] Application time: 0.0205911 seconds
[2019-12-08T09:55:08.341+0000][1][safepoint    ] Entering safepoint region: RevokeBias
[2019-12-08T09:55:08.341+0000][1][safepoint    ] Leaving safepoint region
[2019-12-08T09:55:08.341+0000][1][safepoint    ] Total time for which application threads were stopped: 0.0001018 seconds, Stopping threads took: 0.0000259 seconds
[2019-12-08T09:55:08.359+0000][1][safepoint    ] Application time: 0.0180276 seconds
[2019-12-08T09:55:08.367+0000][1][safepoint    ] Entering safepoint region: RevokeBias
[2019-12-08T09:55:08.367+0000][1][safepoint    ] Leaving safepoint region
[2019-12-08T09:55:08.367+0000][1][safepoint    ] Total time for which application threads were stopped: 0.0077615 seconds, Stopping threads took: 0.0076654 seconds
[2019-12-08T09:55:08.367+0000][1][safepoint    ] Application time: 0.0003594 seconds
[2019-12-08T09:55:08.367+0000][1][safepoint    ] Entering safepoint region: RevokeBias
[2019-12-08T09:55:08.367+0000][1][safepoint    ] Leaving safepoint region
[2019-12-08T09:55:08.367+0000][1][safepoint    ] Total time for which application threads were stopped: 0.0001072 seconds, Stopping threads took: 0.0000140 seconds
[2019-12-08T09:55:08.367+0000][1][safepoint    ] Application time: 0.0001199 seconds
[2019-12-08T09:55:08.367+0000][1][safepoint    ] Entering safepoint region: RevokeBias
[2019-12-08T09:55:08.367+0000][1][safepoint    ] Leaving safepoint region
[2019-12-08T09:55:08.367+0000][1][safepoint    ] Total time for which application threads were stopped: 0.0000712 seconds, Stopping threads took: 0.0000094 seconds
[2019-12-08T09:55:08.368+0000][1][safepoint    ] Application time: 0.0004789 seconds
[2019-12-08T09:55:08.368+0000][1][safepoint    ] Entering safepoint region: RevokeBias
[2019-12-08T09:55:08.368+0000][1][safepoint    ] Leaving safepoint region
[2019-12-08T09:55:08.368+0000][1][safepoint    ] Total time for which application threads were stopped: 0.0000751 seconds, Stopping threads took: 0.0000136 seconds
[2019-12-08T09:55:08.368+0000][1][safepoint    ] Application time: 0.0000600 seconds
[2019-12-08T09:55:08.368+0000][1][safepoint    ] Entering safepoint region: RevokeBias
[2019-12-08T09:55:08.368+0000][1][safepoint    ] Leaving safepoint region
[2019-12-08T09:55:08.368+0000][1][safepoint    ] Total time for which application threads were stopped: 0.0000487 seconds, Stopping threads took: 0.0000090 seconds
[2019-12-08T09:55:08.377+0000][1][safepoint    ] Application time: 0.0084102 seconds
[2019-12-08T09:55:08.383+0000][1][safepoint    ] Entering safepoint region: RevokeBias
[2019-12-08T09:55:08.383+0000][1][safepoint    ] Leaving safepoint region
[2019-12-08T09:55:08.383+0000][1][safepoint    ] Total time for which application threads were stopped: 0.0062547 seconds, Stopping threads took: 0.0061960 seconds
[2019-12-08T09:55:08.383+0000][1][safepoint    ] Application time: 0.0000614 seconds
[2019-12-08T09:55:08.383+0000][1][safepoint    ] Entering safepoint region: RevokeBias
[2019-12-08T09:55:08.383+0000][1][safepoint    ] Leaving safepoint region
[2019-12-08T09:55:08.383+0000][1][safepoint    ] Total time for which application threads were stopped: 0.0000415 seconds, Stopping threads took: 0.0000086 seconds
[2019-12-08T09:55:08.392+0000][1][safepoint    ] Application time: 0.0089063 seconds
[2019-12-08T09:55:08.392+0000][1][safepoint    ] Entering safepoint region: RevokeBias
[2019-12-08T09:55:08.392+0000][1][safepoint    ] Leaving safepoint region
[2019-12-08T09:55:08.392+0000][1][safepoint    ] Total time for which application threads were stopped: 0.0000590 seconds, Stopping threads took: 0.0000124 seconds
[2019-12-08T09:55:08.430+0000][1][safepoint    ] Application time: 0.0380496 seconds
[2019-12-08T09:55:08.441+0000][1][safepoint    ] Entering safepoint region: RevokeBias
[2019-12-08T09:55:08.441+0000][1][safepoint    ] Leaving safepoint region
[2019-12-08T09:55:08.441+0000][1][safepoint    ] Total time for which application threads were stopped: 0.0109002 seconds, Stopping threads took: 0.0107841 seconds
[2019-12-08T09:55:08.441+0000][1][safepoint    ] Application time: 0.0002446 seconds
[2019-12-08T09:55:08.441+0000][1][safepoint    ] Entering safepoint region: RevokeBias
[2019-12-08T09:55:08.441+0000][1][safepoint    ] Leaving safepoint region
[2019-12-08T09:55:08.441+0000][1][safepoint    ] Total time for which application threads were stopped: 0.0000947 seconds, Stopping threads took: 0.0000196 seconds
[2019-12-08T09:55:08.441+0000][1][safepoint    ] Application time: 0.0001250 seconds
[2019-12-08T09:55:08.441+0000][1][safepoint    ] Entering safepoint region: RevokeBias
[2019-12-08T09:55:08.441+0000][1][safepoint    ] Leaving safepoint region
[2019-12-08T09:55:08.442+0000][1][safepoint    ] Total time for which application threads were stopped: 0.0000794 seconds, Stopping threads took: 0.0000092 seconds
[2019-12-08T09:55:08.442+0000][1][safepoint    ] Application time: 0.0007016 seconds
[2019-12-08T09:55:08.442+0000][1][safepoint    ] Entering safepoint region: RevokeBias
[2019-12-08T09:55:08.442+0000][1][safepoint    ] Leaving safepoint region
[2019-12-08T09:55:08.442+0000][1][safepoint    ] Total time for which application threads were stopped: 0.0001394 seconds, Stopping threads took: 0.0000148 seconds
[2019-12-08T09:55:08.442+0000][1][safepoint    ] Application time: 0.0001022 seconds
[2019-12-08T09:55:08.443+0000][1][safepoint    ] Entering safepoint region: RevokeBias
[2019-12-08T09:55:08.443+0000][1][safepoint    ] Leaving safepoint region
[2019-12-08T09:55:08.443+0000][1][safepoint    ] Total time for which application threads were stopped: 0.0000860 seconds, Stopping threads took: 0.0000157 seconds
[2019-12-08T09:55:08.443+0000][1][safepoint    ] Application time: 0.0000727 seconds
[2019-12-08T09:55:08.443+0000][1][safepoint    ] Entering safepoint region: RevokeBias
[2019-12-08T09:55:08.443+0000][1][safepoint    ] Leaving safepoint region
[2019-12-08T09:55:08.443+0000][1][safepoint    ] Total time for which application threads were stopped: 0.0000787 seconds, Stopping threads took: 0.0000232 seconds
[2019-12-08T09:55:08.447+0000][1][safepoint    ] Application time: 0.0037648 seconds
[2019-12-08T09:55:08.447+0000][1][safepoint    ] Entering safepoint region: RevokeBias
[2019-12-08T09:55:08.447+0000][1][safepoint    ] Leaving safepoint region
[2019-12-08T09:55:08.447+0000][1][safepoint    ] Total time for which application threads were stopped: 0.0001057 seconds, Stopping threads took: 0.0000114 seconds
[2019-12-08T09:55:08.447+0000][1][safepoint    ] Application time: 0.0001018 seconds
[2019-12-08T09:55:08.447+0000][1][safepoint    ] Entering safepoint region: RevokeBias
[2019-12-08T09:55:08.447+0000][1][safepoint    ] Leaving safepoint region
[2019-12-08T09:55:08.447+0000][1][safepoint    ] Total time for which application threads were stopped: 0.0000514 seconds, Stopping threads took: 0.0000079 seconds
[2019-12-08T09:55:08.452+0000][1][safepoint    ] Application time: 0.0054909 seconds
[2019-12-08T09:55:08.452+0000][1][safepoint    ] Entering safepoint region: RevokeBias
[2019-12-08T09:55:08.452+0000][1][safepoint    ] Leaving safepoint region
[2019-12-08T09:55:08.452+0000][1][safepoint    ] Total time for which application threads were stopped: 0.0000688 seconds, Stopping threads took: 0.0000120 seconds
[2019-12-08T09:55:08.453+0000][1][safepoint    ] Application time: 0.0003005 seconds
[2019-12-08T09:55:08.453+0000][1][safepoint    ] Entering safepoint region: RevokeBias
[2019-12-08T09:55:08.453+0000][1][safepoint    ] Leaving safepoint region
[2019-12-08T09:55:08.453+0000][1][safepoint    ] Total time for which application threads were stopped: 0.0000906 seconds, Stopping threads took: 0.0000117 seconds
[2019-12-08T09:55:08.453+0000][1][safepoint    ] Application time: 0.0000886 seconds
[2019-12-08T09:55:08.453+0000][1][safepoint    ] Entering safepoint region: RevokeBias
[2019-12-08T09:55:08.453+0000][1][safepoint    ] Leaving safepoint region
[2019-12-08T09:55:08.453+0000][1][safepoint    ] Total time for which application threads were stopped: 0.0000506 seconds, Stopping threads took: 0.0000085 seconds
[2019-12-08T09:55:08.456+0000][1][safepoint    ] Application time: 0.0030320 seconds
[2019-12-08T09:55:08.456+0000][1][safepoint    ] Entering safepoint region: RevokeBias
[2019-12-08T09:55:08.456+0000][1][safepoint    ] Leaving safepoint region
[2019-12-08T09:55:08.456+0000][1][safepoint    ] Total time for which application threads were stopped: 0.0000676 seconds, Stopping threads took: 0.0000195 seconds
[2019-12-08T09:55:08.463+0000][1][safepoint    ] Application time: 0.0067703 seconds
[2019-12-08T09:55:08.463+0000][1][safepoint    ] Entering safepoint region: RevokeBias
[2019-12-08T09:55:08.463+0000][1][safepoint    ] Leaving safepoint region
[2019-12-08T09:55:08.463+0000][1][safepoint    ] Total time for which application threads were stopped: 0.0000639 seconds, Stopping threads took: 0.0000129 seconds
[2019-12-08T09:55:08.464+0000][1][safepoint    ] Application time: 0.0012659 seconds
[2019-12-08T09:55:08.464+0000][1][safepoint    ] Entering safepoint region: RevokeBias
[2019-12-08T09:55:08.464+0000][1][safepoint    ] Leaving safepoint region
[2019-12-08T09:55:08.464+0000][1][safepoint    ] Total time for which application threads were stopped: 0.0000720 seconds, Stopping threads took: 0.0000117 seconds
[2019-12-08T09:55:08.464+0000][1][safepoint    ] Application time: 0.0001069 seconds
[2019-12-08T09:55:08.464+0000][1][safepoint    ] Entering safepoint region: RevokeBias
[2019-12-08T09:55:08.465+0000][1][safepoint    ] Leaving safepoint region
[2019-12-08T09:55:08.465+0000][1][safepoint    ] Total time for which application threads were stopped: 0.0000510 seconds, Stopping threads took: 0.0000098 seconds
[2019-12-08T09:55:08.466+0000][1][safepoint    ] Application time: 0.0015499 seconds
[2019-12-08T09:55:08.466+0000][1][safepoint    ] Entering safepoint region: RevokeBias
[2019-12-08T09:55:08.466+0000][1][safepoint    ] Leaving safepoint region
[2019-12-08T09:55:08.466+0000][1][safepoint    ] Total time for which application threads were stopped: 0.0000689 seconds, Stopping threads took: 0.0000120 seconds
[2019-12-08T09:55:08.466+0000][1][safepoint    ] Application time: 0.0001048 seconds
[2019-12-08T09:55:08.466+0000][1][safepoint    ] Entering safepoint region: RevokeBias
[2019-12-08T09:55:08.466+0000][1][safepoint    ] Leaving safepoint region
[2019-12-08T09:55:08.466+0000][1][safepoint    ] Total time for which application threads were stopped: 0.0000582 seconds, Stopping threads took: 0.0000094 seconds
[2019-12-08T09:55:08.479+0000][1][safepoint    ] Application time: 0.0130315 seconds
[2019-12-08T09:55:08.485+0000][1][safepoint    ] Entering safepoint region: RevokeBias
[2019-12-08T09:55:08.485+0000][1][safepoint    ] Leaving safepoint region
[2019-12-08T09:55:08.485+0000][1][safepoint    ] Total time for which application threads were stopped: 0.0054715 seconds, Stopping threads took: 0.0053877 seconds
[2019-12-08T09:55:08.487+0000][1][safepoint    ] Application time: 0.0017002 seconds
[2019-12-08T09:55:08.487+0000][1][safepoint    ] Entering safepoint region: RevokeBias
[2019-12-08T09:55:08.487+0000][1][safepoint    ] Leaving safepoint region
[2019-12-08T09:55:08.487+0000][1][safepoint    ] Total time for which application threads were stopped: 0.0001157 seconds, Stopping threads took: 0.0000133 seconds
[2019-12-08T09:55:08.488+0000][1][safepoint    ] Application time: 0.0007891 seconds
[2019-12-08T09:55:08.488+0000][1][safepoint    ] Entering safepoint region: RevokeBias
[2019-12-08T09:55:08.488+0000][1][safepoint    ] Leaving safepoint region
[2019-12-08T09:55:08.488+0000][1][safepoint    ] Total time for which application threads were stopped: 0.0000690 seconds, Stopping threads took: 0.0000116 seconds
[2019-12-08T09:55:08.490+0000][1][safepoint    ] Application time: 0.0018929 seconds
[2019-12-08T09:55:08.490+0000][1][safepoint    ] Entering safepoint region: RevokeBias
[2019-12-08T09:55:08.490+0000][1][safepoint    ] Leaving safepoint region
[2019-12-08T09:55:08.490+0000][1][safepoint    ] Total time for which application threads were stopped: 0.0000852 seconds, Stopping threads took: 0.0000132 seconds
[2019-12-08T09:55:08.490+0000][1][safepoint    ] Application time: 0.0003563 seconds
[2019-12-08T09:55:08.490+0000][1][safepoint    ] Entering safepoint region: RevokeBias
[2019-12-08T09:55:08.490+0000][1][safepoint    ] Leaving safepoint region
[2019-12-08T09:55:08.490+0000][1][safepoint    ] Total time for which application threads were stopped: 0.0003710 seconds, Stopping threads took: 0.0000205 seconds
[2019-12-08T09:55:08.491+0000][1][safepoint    ] Application time: 0.0008079 seconds
[2019-12-08T09:55:08.491+0000][1][safepoint    ] Entering safepoint region: RevokeBias
[2019-12-08T09:55:08.491+0000][1][safepoint    ] Leaving safepoint region
[2019-12-08T09:55:08.491+0000][1][safepoint    ] Total time for which application threads were stopped: 0.0000889 seconds, Stopping threads took: 0.0000132 seconds
[2019-12-08T09:55:08.493+0000][1][safepoint    ] Application time: 0.0012353 seconds
[2019-12-08T09:55:08.493+0000][1][safepoint    ] Entering safepoint region: RevokeBias
[2019-12-08T09:55:08.493+0000][1][safepoint    ] Leaving safepoint region
[2019-12-08T09:55:08.493+0000][1][safepoint    ] Total time for which application threads were stopped: 0.0000675 seconds, Stopping threads took: 0.0000132 seconds
[2019-12-08T09:55:08.493+0000][1][safepoint    ] Application time: 0.0003531 seconds
[2019-12-08T09:55:08.493+0000][1][safepoint    ] Entering safepoint region: RevokeBias
[2019-12-08T09:55:08.493+0000][1][safepoint    ] Leaving safepoint region
[2019-12-08T09:55:08.493+0000][1][safepoint    ] Total time for which application threads were stopped: 0.0000527 seconds, Stopping threads took: 0.0000115 seconds
[2019-12-08T09:55:08.499+0000][1][safepoint    ] Application time: 0.0056790 seconds
[2019-12-08T09:55:08.499+0000][1][safepoint    ] Entering safepoint region: RevokeBias
[2019-12-08T09:55:08.499+0000][1][safepoint    ] Leaving safepoint region
[2019-12-08T09:55:08.499+0000][1][safepoint    ] Total time for which application threads were stopped: 0.0000472 seconds, Stopping threads took: 0.0000106 seconds
[2019-12-08T09:55:08.499+0000][1][safepoint    ] Application time: 0.0000537 seconds
[2019-12-08T09:55:08.499+0000][1][safepoint    ] Entering safepoint region: RevokeBias
[2019-12-08T09:55:08.499+0000][1][safepoint    ] Leaving safepoint region
[2019-12-08T09:55:08.499+0000][1][safepoint    ] Total time for which application threads were stopped: 0.0000471 seconds, Stopping threads took: 0.0000077 seconds
[2019-12-08T09:55:08.499+0000][1][safepoint    ] Application time: 0.0000504 seconds
[2019-12-08T09:55:08.499+0000][1][safepoint    ] Entering safepoint region: RevokeBias
[2019-12-08T09:55:08.499+0000][1][safepoint    ] Leaving safepoint region
[2019-12-08T09:55:08.499+0000][1][safepoint    ] Total time for which application threads were stopped: 0.0000372 seconds, Stopping threads took: 0.0000081 seconds
[2019-12-08T09:55:08.772+0000][1][safepoint    ] Application time: 0.2726555 seconds
[2019-12-08T09:55:08.772+0000][1][safepoint    ] Entering safepoint region: RevokeBias
[2019-12-08T09:55:08.772+0000][1][safepoint    ] Leaving safepoint region
[2019-12-08T09:55:08.772+0000][1][safepoint    ] Total time for which application threads were stopped: 0.0000959 seconds, Stopping threads took: 0.0000206 seconds
[2019-12-08T09:55:08.776+0000][1][safepoint    ] Application time: 0.0039150 seconds
[2019-12-08T09:55:08.776+0000][1][safepoint    ] Entering safepoint region: RevokeBias
[2019-12-08T09:55:08.776+0000][1][safepoint    ] Leaving safepoint region
[2019-12-08T09:55:08.776+0000][1][safepoint    ] Total time for which application threads were stopped: 0.0000917 seconds, Stopping threads took: 0.0000208 seconds
[2019-12-08T09:55:08.776+0000][1][safepoint    ] Application time: 0.0000869 seconds
[2019-12-08T09:55:08.776+0000][1][safepoint    ] Entering safepoint region: RevokeBias
[2019-12-08T09:55:08.776+0000][1][safepoint    ] Leaving safepoint region
[2019-12-08T09:55:08.776+0000][1][safepoint    ] Total time for which application threads were stopped: 0.0000527 seconds, Stopping threads took: 0.0000101 seconds
[2019-12-08T09:55:08.776+0000][1][safepoint    ] Application time: 0.0000469 seconds
[2019-12-08T09:55:08.776+0000][1][safepoint    ] Entering safepoint region: RevokeBias
[2019-12-08T09:55:08.776+0000][1][safepoint    ] Leaving safepoint region
[2019-12-08T09:55:08.776+0000][1][safepoint    ] Total time for which application threads were stopped: 0.0000550 seconds, Stopping threads took: 0.0000161 seconds
[2019-12-08T09:55:08.776+0000][1][safepoint    ] Application time: 0.0000465 seconds
[2019-12-08T09:55:08.776+0000][1][safepoint    ] Entering safepoint region: RevokeBias
[2019-12-08T09:55:08.776+0000][1][safepoint    ] Leaving safepoint region
[2019-12-08T09:55:08.776+0000][1][safepoint    ] Total time for which application threads were stopped: 0.0000461 seconds, Stopping threads took: 0.0000095 seconds
[2019-12-08T09:55:08.776+0000][1][safepoint    ] Application time: 0.0000494 seconds
[2019-12-08T09:55:08.776+0000][1][safepoint    ] Entering safepoint region: RevokeBias
[2019-12-08T09:55:08.776+0000][1][safepoint    ] Leaving safepoint region
[2019-12-08T09:55:08.776+0000][1][safepoint    ] Total time for which application threads were stopped: 0.0000446 seconds, Stopping threads took: 0.0000087 seconds
[2019-12-08T09:55:08.776+0000][1][safepoint    ] Application time: 0.0000448 seconds
[2019-12-08T09:55:08.776+0000][1][safepoint    ] Entering safepoint region: RevokeBias
[2019-12-08T09:55:08.776+0000][1][safepoint    ] Leaving safepoint region
[2019-12-08T09:55:08.777+0000][1][safepoint    ] Total time for which application threads were stopped: 0.0000418 seconds, Stopping threads took: 0.0000088 seconds
[2019-12-08T09:55:08.777+0000][1][safepoint    ] Application time: 0.0000413 seconds
[2019-12-08T09:55:08.777+0000][1][safepoint    ] Entering safepoint region: RevokeBias
[2019-12-08T09:55:08.777+0000][1][safepoint    ] Leaving safepoint region
[2019-12-08T09:55:08.777+0000][1][safepoint    ] Total time for which application threads were stopped: 0.0000421 seconds, Stopping threads took: 0.0000089 seconds
[2019-12-08T09:55:09.058+0000][1][safepoint    ] Application time: 0.2811051 seconds
[2019-12-08T09:55:09.058+0000][1][safepoint    ] Entering safepoint region: RevokeBias
[2019-12-08T09:55:09.058+0000][1][safepoint    ] Leaving safepoint region
[2019-12-08T09:55:09.058+0000][1][safepoint    ] Total time for which application threads were stopped: 0.0000850 seconds, Stopping threads took: 0.0000194 seconds
[2019-12-08T09:55:09.064+0000][1][safepoint    ] Application time: 0.0058774 seconds
[2019-12-08T09:55:09.064+0000][1][safepoint    ] Entering safepoint region: RevokeBias
[2019-12-08T09:55:09.064+0000][1][safepoint    ] Leaving safepoint region
[2019-12-08T09:55:09.064+0000][1][safepoint    ] Total time for which application threads were stopped: 0.0000877 seconds, Stopping threads took: 0.0000162 seconds
[2019-12-08T09:55:09.072+0000][1][safepoint    ] Application time: 0.0078786 seconds
[2019-12-08T09:55:09.072+0000][1][safepoint    ] Entering safepoint region: RevokeBias
[2019-12-08T09:55:09.072+0000][1][safepoint    ] Leaving safepoint region
[2019-12-08T09:55:09.072+0000][1][safepoint    ] Total time for which application threads were stopped: 0.0000807 seconds, Stopping threads took: 0.0000156 seconds
[2019-12-08T09:55:09.077+0000][1][safepoint    ] Application time: 0.0048856 seconds
[2019-12-08T09:55:09.077+0000][1][safepoint    ] Entering safepoint region: RevokeBias
[2019-12-08T09:55:09.077+0000][1][safepoint    ] Leaving safepoint region
[2019-12-08T09:55:09.077+0000][1][safepoint    ] Total time for which application threads were stopped: 0.0000798 seconds, Stopping threads took: 0.0000149 seconds
[2019-12-08T09:55:09.077+0000][1][safepoint    ] Application time: 0.0006531 seconds
[2019-12-08T09:55:09.077+0000][1][safepoint    ] Entering safepoint region: RevokeBias
[2019-12-08T09:55:09.078+0000][1][safepoint    ] Leaving safepoint region
[2019-12-08T09:55:09.078+0000][1][safepoint    ] Total time for which application threads were stopped: 0.0000708 seconds, Stopping threads took: 0.0000142 seconds
[2019-12-08T09:55:09.084+0000][1][safepoint    ] Application time: 0.0066720 seconds
[2019-12-08T09:55:09.084+0000][1][safepoint    ] Entering safepoint region: RevokeBias
[2019-12-08T09:55:09.084+0000][1][safepoint    ] Leaving safepoint region
[2019-12-08T09:55:09.084+0000][1][safepoint    ] Total time for which application threads were stopped: 0.0000624 seconds, Stopping threads took: 0.0000191 seconds
[2019-12-08T09:55:09.085+0000][1][safepoint    ] Application time: 0.0001666 seconds
[2019-12-08T09:55:09.085+0000][1][safepoint    ] Entering safepoint region: RevokeBias
[2019-12-08T09:55:09.085+0000][1][safepoint    ] Leaving safepoint region
[2019-12-08T09:55:09.085+0000][1][safepoint    ] Total time for which application threads were stopped: 0.0000471 seconds, Stopping threads took: 0.0000093 seconds
[2019-12-08T09:55:09.116+0000][1][safepoint    ] Application time: 0.0318599 seconds
[2019-12-08T09:55:09.116+0000][1][safepoint    ] Entering safepoint region: RevokeBias
[2019-12-08T09:55:09.117+0000][1][safepoint    ] Leaving safepoint region
[2019-12-08T09:55:09.117+0000][1][safepoint    ] Total time for which application threads were stopped: 0.0000947 seconds, Stopping threads took: 0.0000174 seconds
[2019-12-08T09:55:09.117+0000][1][safepoint    ] Application time: 0.0000536 seconds
[2019-12-08T09:55:09.117+0000][1][safepoint    ] Entering safepoint region: RevokeBias
[2019-12-08T09:55:09.117+0000][1][safepoint    ] Leaving safepoint region
[2019-12-08T09:55:09.117+0000][1][safepoint    ] Total time for which application threads were stopped: 0.0000474 seconds, Stopping threads took: 0.0000085 seconds
[2019-12-08T09:55:09.133+0000][1][safepoint    ] Application time: 0.0160547 seconds
[2019-12-08T09:55:09.137+0000][1][safepoint    ] Entering safepoint region: RevokeBias
[2019-12-08T09:55:09.137+0000][1][safepoint    ] Leaving safepoint region
[2019-12-08T09:55:09.137+0000][1][safepoint    ] Total time for which application threads were stopped: 0.0046114 seconds, Stopping threads took: 0.0045335 seconds
[2019-12-08T09:55:09.141+0000][1][safepoint    ] Application time: 0.0039792 seconds
[2019-12-08T09:55:09.158+0000][1][safepoint    ] Entering safepoint region: RevokeBias
[2019-12-08T09:55:09.158+0000][1][safepoint    ] Leaving safepoint region
[2019-12-08T09:55:09.158+0000][1][safepoint    ] Total time for which application threads were stopped: 0.0164489 seconds, Stopping threads took: 0.0163575 seconds
[2019-12-08T09:55:09.158+0000][1][safepoint    ] Application time: 0.0002938 seconds
[2019-12-08T09:55:09.158+0000][1][safepoint    ] Entering safepoint region: RevokeBias
[2019-12-08T09:55:09.158+0000][1][safepoint    ] Leaving safepoint region
[2019-12-08T09:55:09.158+0000][1][safepoint    ] Total time for which application threads were stopped: 0.0000877 seconds, Stopping threads took: 0.0000152 seconds
[2019-12-08T09:55:09.159+0000][1][safepoint    ] Application time: 0.0003746 seconds
[2019-12-08T09:55:09.159+0000][1][safepoint    ] Entering safepoint region: RevokeBias
[2019-12-08T09:55:09.159+0000][1][safepoint    ] Leaving safepoint region
[2019-12-08T09:55:09.159+0000][1][safepoint    ] Total time for which application threads were stopped: 0.0000935 seconds, Stopping threads took: 0.0000138 seconds
[2019-12-08T09:55:09.172+0000][1][safepoint    ] Application time: 0.0129519 seconds
[2019-12-08T09:55:09.172+0000][1][safepoint    ] Entering safepoint region: RevokeBias
[2019-12-08T09:55:09.172+0000][1][safepoint    ] Leaving safepoint region
[2019-12-08T09:55:09.172+0000][1][safepoint    ] Total time for which application threads were stopped: 0.0001013 seconds, Stopping threads took: 0.0000150 seconds
[2019-12-08T09:55:09.192+0000][1][safepoint    ] Application time: 0.0199891 seconds
[2019-12-08T09:55:09.212+0000][1][safepoint    ] Entering safepoint region: RevokeBias
[2019-12-08T09:55:09.212+0000][1][safepoint    ] Leaving safepoint region
[2019-12-08T09:55:09.212+0000][1][safepoint    ] Total time for which application threads were stopped: 0.0199954 seconds, Stopping threads took: 0.0198744 seconds
[2019-12-08T09:55:09.220+0000][1][safepoint    ] Application time: 0.0078474 seconds
[2019-12-08T09:55:09.220+0000][1][safepoint    ] Entering safepoint region: RevokeBias
[2019-12-08T09:55:09.220+0000][1][safepoint    ] Leaving safepoint region
[2019-12-08T09:55:09.220+0000][1][safepoint    ] Total time for which application threads were stopped: 0.0001230 seconds, Stopping threads took: 0.0000253 seconds
[2019-12-08T09:55:09.228+0000][1][safepoint    ] Application time: 0.0078314 seconds
[2019-12-08T09:55:09.246+0000][1][safepoint    ] Entering safepoint region: RevokeBias
[2019-12-08T09:55:09.246+0000][1][safepoint    ] Leaving safepoint region
[2019-12-08T09:55:09.246+0000][1][safepoint    ] Total time for which application threads were stopped: 0.0180986 seconds, Stopping threads took: 0.0179998 seconds
[2019-12-08T09:55:09.254+0000][1][safepoint    ] Application time: 0.0083115 seconds
[2019-12-08T09:55:09.254+0000][1][safepoint    ] Entering safepoint region: RevokeBias
[2019-12-08T09:55:09.254+0000][1][safepoint    ] Leaving safepoint region
[2019-12-08T09:55:09.254+0000][1][safepoint    ] Total time for which application threads were stopped: 0.0001001 seconds, Stopping threads took: 0.0000171 seconds
[2019-12-08T09:55:09.273+0000][1][safepoint    ] Application time: 0.0190026 seconds
[2019-12-08T09:55:09.273+0000][1][safepoint    ] Entering safepoint region: RevokeBias
[2019-12-08T09:55:09.274+0000][1][safepoint    ] Leaving safepoint region
[2019-12-08T09:55:09.274+0000][1][safepoint    ] Total time for which application threads were stopped: 0.0002314 seconds, Stopping threads took: 0.0001386 seconds
[2019-12-08T09:55:09.276+0000][1][safepoint    ] Application time: 0.0023908 seconds
[2019-12-08T09:55:09.276+0000][1][safepoint    ] Entering safepoint region: RevokeBias
[2019-12-08T09:55:09.276+0000][1][safepoint    ] Leaving safepoint region
[2019-12-08T09:55:09.276+0000][1][safepoint    ] Total time for which application threads were stopped: 0.0000865 seconds, Stopping threads took: 0.0000137 seconds
[2019-12-08T09:55:09.291+0000][1][safepoint    ] Application time: 0.0146802 seconds
[2019-12-08T09:55:09.291+0000][1][safepoint    ] Entering safepoint region: RevokeBias
[2019-12-08T09:55:09.291+0000][1][safepoint    ] Leaving safepoint region
[2019-12-08T09:55:09.291+0000][1][safepoint    ] Total time for which application threads were stopped: 0.0001075 seconds, Stopping threads took: 0.0000173 seconds
[2019-12-08T09:55:09.294+0000][1][safepoint    ] Application time: 0.0034830 seconds
[2019-12-08T09:55:09.294+0000][1][safepoint    ] Entering safepoint region: RevokeBias
[2019-12-08T09:55:09.294+0000][1][safepoint    ] Leaving safepoint region
[2019-12-08T09:55:09.295+0000][1][safepoint    ] Total time for which application threads were stopped: 0.0000863 seconds, Stopping threads took: 0.0000149 seconds
[2019-12-08T09:55:09.295+0000][1][safepoint    ] Application time: 0.0000830 seconds
[2019-12-08T09:55:09.295+0000][1][safepoint    ] Entering safepoint region: RevokeBias
[2019-12-08T09:55:09.295+0000][1][safepoint    ] Leaving safepoint region
[2019-12-08T09:55:09.295+0000][1][safepoint    ] Total time for which application threads were stopped: 0.0000525 seconds, Stopping threads took: 0.0000100 seconds
[2019-12-08T09:55:09.295+0000][1][safepoint    ] Application time: 0.0004438 seconds
[2019-12-08T09:55:09.295+0000][1][safepoint    ] Entering safepoint region: RevokeBias
[2019-12-08T09:55:09.295+0000][1][safepoint    ] Leaving safepoint region
[2019-12-08T09:55:09.295+0000][1][safepoint    ] Total time for which application threads were stopped: 0.0000625 seconds, Stopping threads took: 0.0000126 seconds
[2019-12-08T09:55:09.295+0000][1][safepoint    ] Application time: 0.0001017 seconds
[2019-12-08T09:55:09.295+0000][1][safepoint    ] Entering safepoint region: RevokeBias
[2019-12-08T09:55:09.295+0000][1][safepoint    ] Leaving safepoint region
[2019-12-08T09:55:09.295+0000][1][safepoint    ] Total time for which application threads were stopped: 0.0000476 seconds, Stopping threads took: 0.0000105 seconds
[2019-12-08T09:55:09.295+0000][1][safepoint    ] Application time: 0.0000389 seconds
[2019-12-08T09:55:09.295+0000][1][safepoint    ] Entering safepoint region: RevokeBias
[2019-12-08T09:55:09.295+0000][1][safepoint    ] Leaving safepoint region
[2019-12-08T09:55:09.295+0000][1][safepoint    ] Total time for which application threads were stopped: 0.0000445 seconds, Stopping threads took: 0.0000095 seconds
[2019-12-08T09:55:09.426+0000][1][safepoint    ] Application time: 0.1306034 seconds
[2019-12-08T09:55:09.434+0000][1][safepoint    ] Entering safepoint region: RevokeBias
[2019-12-08T09:55:09.434+0000][1][safepoint    ] Leaving safepoint region
[2019-12-08T09:55:09.434+0000][1][safepoint    ] Total time for which application threads were stopped: 0.0079036 seconds, Stopping threads took: 0.0076706 seconds
[2019-12-08T09:55:09.461+0000][1][safepoint    ] Application time: 0.0273152 seconds
[2019-12-08T09:55:09.461+0000][1][safepoint    ] Entering safepoint region: RevokeBias
[2019-12-08T09:55:09.461+0000][1][safepoint    ] Leaving safepoint region
[2019-12-08T09:55:09.461+0000][1][safepoint    ] Total time for which application threads were stopped: 0.0000956 seconds, Stopping threads took: 0.0000203 seconds
[2019-12-08T09:55:09.930+0000][1][safepoint    ] Application time: 0.4682326 seconds
[2019-12-08T09:55:09.930+0000][1][safepoint    ] Entering safepoint region: RevokeBias
[2019-12-08T09:55:09.930+0000][1][safepoint    ] Leaving safepoint region
[2019-12-08T09:55:09.930+0000][1][safepoint    ] Total time for which application threads were stopped: 0.0000986 seconds, Stopping threads took: 0.0000209 seconds
[2019-12-08T09:55:09.932+0000][1][safepoint    ] Application time: 0.0020347 seconds
[2019-12-08T09:55:09.932+0000][1][safepoint    ] Entering safepoint region: RevokeBias
[2019-12-08T09:55:09.932+0000][1][safepoint    ] Leaving safepoint region
[2019-12-08T09:55:09.932+0000][1][safepoint    ] Total time for which application threads were stopped: 0.0000764 seconds, Stopping threads took: 0.0000162 seconds
[2019-12-08T09:55:09.937+0000][1][safepoint    ] Application time: 0.0048700 seconds
[2019-12-08T09:55:09.937+0000][1][safepoint    ] Entering safepoint region: RevokeBias
[2019-12-08T09:55:09.937+0000][1][safepoint    ] Leaving safepoint region
[2019-12-08T09:55:09.937+0000][1][safepoint    ] Total time for which application threads were stopped: 0.0000719 seconds, Stopping threads took: 0.0000141 seconds
[2019-12-08T09:55:10.130+0000][1][safepoint    ] Application time: 0.1933610 seconds
[2019-12-08T09:55:10.130+0000][1][safepoint    ] Entering safepoint region: RevokeBias
[2019-12-08T09:55:10.130+0000][1][safepoint    ] Leaving safepoint region
[2019-12-08T09:55:10.130+0000][1][safepoint    ] Total time for which application threads were stopped: 0.0001071 seconds, Stopping threads took: 0.0000186 seconds
[2019-12-08T09:55:10.131+0000][1][safepoint    ] Application time: 0.0001021 seconds
[2019-12-08T09:55:10.131+0000][1][safepoint    ] Entering safepoint region: RevokeBias
[2019-12-08T09:55:10.131+0000][1][safepoint    ] Leaving safepoint region
[2019-12-08T09:55:10.131+0000][1][safepoint    ] Total time for which application threads were stopped: 0.0000454 seconds, Stopping threads took: 0.0000086 seconds
[2019-12-08T09:55:10.131+0000][1][safepoint    ] Application time: 0.0003210 seconds
[2019-12-08T09:55:10.131+0000][1][safepoint    ] Entering safepoint region: RevokeBias
[2019-12-08T09:55:10.131+0000][1][safepoint    ] Leaving safepoint region
[2019-12-08T09:55:10.131+0000][1][safepoint    ] Total time for which application threads were stopped: 0.0000649 seconds, Stopping threads took: 0.0000116 seconds
[2019-12-08T09:55:10.131+0000][1][safepoint    ] Application time: 0.0001678 seconds
[2019-12-08T09:55:10.131+0000][1][safepoint    ] Entering safepoint region: RevokeBias
[2019-12-08T09:55:10.131+0000][1][safepoint    ] Leaving safepoint region
[2019-12-08T09:55:10.131+0000][1][safepoint    ] Total time for which application threads were stopped: 0.0000453 seconds, Stopping threads took: 0.0000088 seconds
[2019-12-08T09:55:10.132+0000][1][safepoint    ] Application time: 0.0003388 seconds
[2019-12-08T09:55:10.132+0000][1][safepoint    ] Entering safepoint region: RevokeBias
[2019-12-08T09:55:10.132+0000][1][safepoint    ] Leaving safepoint region
[2019-12-08T09:55:10.132+0000][1][safepoint    ] Total time for which application threads were stopped: 0.0000862 seconds, Stopping threads took: 0.0000129 seconds
[2019-12-08T09:55:10.132+0000][1][safepoint    ] Application time: 0.0002584 seconds
[2019-12-08T09:55:10.132+0000][1][safepoint    ] Entering safepoint region: RevokeBias
[2019-12-08T09:55:10.132+0000][1][safepoint    ] Leaving safepoint region
[2019-12-08T09:55:10.132+0000][1][safepoint    ] Total time for which application threads were stopped: 0.0001060 seconds, Stopping threads took: 0.0000506 seconds
[2019-12-08T09:55:10.133+0000][1][safepoint    ] Application time: 0.0005456 seconds
[2019-12-08T09:55:10.133+0000][1][safepoint    ] Entering safepoint region: RevokeBias
[2019-12-08T09:55:10.133+0000][1][safepoint    ] Leaving safepoint region
[2019-12-08T09:55:10.133+0000][1][safepoint    ] Total time for which application threads were stopped: 0.0000898 seconds, Stopping threads took: 0.0000099 seconds
[2019-12-08T09:55:10.138+0000][1][safepoint    ] Application time: 0.0049489 seconds
[2019-12-08T09:55:10.138+0000][1][safepoint    ] Entering safepoint region: RevokeBias
[2019-12-08T09:55:10.138+0000][1][safepoint    ] Leaving safepoint region
[2019-12-08T09:55:10.138+0000][1][safepoint    ] Total time for which application threads were stopped: 0.0000592 seconds, Stopping threads took: 0.0000124 seconds
[2019-12-08T09:55:10.141+0000][1][safepoint    ] Application time: 0.0030682 seconds
[2019-12-08T09:55:10.141+0000][1][safepoint    ] Entering safepoint region: RevokeBias
[2019-12-08T09:55:10.141+0000][1][safepoint    ] Leaving safepoint region
[2019-12-08T09:55:10.141+0000][1][safepoint    ] Total time for which application threads were stopped: 0.0000909 seconds, Stopping threads took: 0.0000327 seconds
[2019-12-08T09:55:10.141+0000][1][safepoint    ] Application time: 0.0002324 seconds
[2019-12-08T09:55:10.141+0000][1][safepoint    ] Entering safepoint region: RevokeBias
[2019-12-08T09:55:10.141+0000][1][safepoint    ] Leaving safepoint region
[2019-12-08T09:55:10.141+0000][1][safepoint    ] Total time for which application threads were stopped: 0.0000621 seconds, Stopping threads took: 0.0000104 seconds
[2019-12-08T09:55:10.141+0000][1][safepoint    ] Application time: 0.0000934 seconds
[2019-12-08T09:55:10.141+0000][1][safepoint    ] Entering safepoint region: RevokeBias
[2019-12-08T09:55:10.141+0000][1][safepoint    ] Leaving safepoint region
[2019-12-08T09:55:10.141+0000][1][safepoint    ] Total time for which application threads were stopped: 0.0000539 seconds, Stopping threads took: 0.0000086 seconds
[2019-12-08T09:55:10.142+0000][1][safepoint    ] Application time: 0.0003274 seconds
[2019-12-08T09:55:10.142+0000][1][safepoint    ] Entering safepoint region: RevokeBias
[2019-12-08T09:55:10.142+0000][1][safepoint    ] Leaving safepoint region
[2019-12-08T09:55:10.142+0000][1][safepoint    ] Total time for which application threads were stopped: 0.0000599 seconds, Stopping threads took: 0.0000114 seconds
[2019-12-08T09:55:10.142+0000][1][safepoint    ] Application time: 0.0003607 seconds
[2019-12-08T09:55:10.142+0000][1][safepoint    ] Entering safepoint region: RevokeBias
[2019-12-08T09:55:10.142+0000][1][safepoint    ] Leaving safepoint region
[2019-12-08T09:55:10.142+0000][1][safepoint    ] Total time for which application threads were stopped: 0.0000610 seconds, Stopping threads took: 0.0000107 seconds
[2019-12-08T09:55:10.145+0000][1][safepoint    ] Application time: 0.0024738 seconds
[2019-12-08T09:55:10.145+0000][1][safepoint    ] Entering safepoint region: RevokeBias
[2019-12-08T09:55:10.145+0000][1][safepoint    ] Leaving safepoint region
[2019-12-08T09:55:10.145+0000][1][safepoint    ] Total time for which application threads were stopped: 0.0000625 seconds, Stopping threads took: 0.0000114 seconds
[2019-12-08T09:55:10.145+0000][1][safepoint    ] Application time: 0.0002972 seconds
[2019-12-08T09:55:10.145+0000][1][safepoint    ] Entering safepoint region: RevokeBias
[2019-12-08T09:55:10.145+0000][1][safepoint    ] Leaving safepoint region
[2019-12-08T09:55:10.145+0000][1][safepoint    ] Total time for which application threads were stopped: 0.0000655 seconds, Stopping threads took: 0.0000129 seconds
[2019-12-08T09:55:10.145+0000][1][safepoint    ] Application time: 0.0002245 seconds
[2019-12-08T09:55:10.146+0000][1][safepoint    ] Entering safepoint region: RevokeBias
[2019-12-08T09:55:10.146+0000][1][safepoint    ] Leaving safepoint region
[2019-12-08T09:55:10.146+0000][1][safepoint    ] Total time for which application threads were stopped: 0.0000592 seconds, Stopping threads took: 0.0000112 seconds
[2019-12-08T09:55:10.149+0000][1][safepoint    ] Application time: 0.0031552 seconds
[2019-12-08T09:55:10.153+0000][1][safepoint    ] Entering safepoint region: RevokeBias
[2019-12-08T09:55:10.153+0000][1][safepoint    ] Leaving safepoint region
[2019-12-08T09:55:10.153+0000][1][safepoint    ] Total time for which application threads were stopped: 0.0040545 seconds, Stopping threads took: 0.0039951 seconds
[2019-12-08T09:55:10.154+0000][1][safepoint    ] Application time: 0.0011834 seconds
[2019-12-08T09:55:10.154+0000][1][safepoint    ] Entering safepoint region: RevokeBias
[2019-12-08T09:55:10.154+0000][1][safepoint    ] Leaving safepoint region
[2019-12-08T09:55:10.154+0000][1][safepoint    ] Total time for which application threads were stopped: 0.0000581 seconds, Stopping threads took: 0.0000133 seconds
[2019-12-08T09:55:10.239+0000][1][safepoint    ] Application time: 0.0853821 seconds
[2019-12-08T09:55:10.240+0000][1][safepoint    ] Entering safepoint region: RevokeBias
[2019-12-08T09:55:10.240+0000][1][safepoint    ] Leaving safepoint region
[2019-12-08T09:55:10.240+0000][1][safepoint    ] Total time for which application threads were stopped: 0.0000987 seconds, Stopping threads took: 0.0000204 seconds
[2019-12-08T09:55:10.240+0000][1][safepoint    ] Application time: 0.0004871 seconds
[2019-12-08T09:55:10.240+0000][1][safepoint    ] Entering safepoint region: RevokeBias
[2019-12-08T09:55:10.240+0000][1][safepoint    ] Leaving safepoint region
[2019-12-08T09:55:10.240+0000][1][safepoint    ] Total time for which application threads were stopped: 0.0000737 seconds, Stopping threads took: 0.0000146 seconds
[2019-12-08T09:55:10.352+0000][1][safepoint    ] Application time: 0.1119790 seconds
[2019-12-08T09:55:10.352+0000][1][safepoint    ] Entering safepoint region: RevokeBias
[2019-12-08T09:55:10.352+0000][1][safepoint    ] Leaving safepoint region
[2019-12-08T09:55:10.352+0000][1][safepoint    ] Total time for which application threads were stopped: 0.0001018 seconds, Stopping threads took: 0.0000220 seconds
[2019-12-08T09:55:10.369+0000][1][safepoint    ] Application time: 0.0162854 seconds
[2019-12-08T09:55:10.369+0000][1][safepoint    ] Entering safepoint region: RevokeBias
[2019-12-08T09:55:10.369+0000][1][safepoint    ] Leaving safepoint region
[2019-12-08T09:55:10.369+0000][1][safepoint    ] Total time for which application threads were stopped: 0.0001222 seconds, Stopping threads took: 0.0000199 seconds
[2019-12-08T09:55:10.397+0000][1][safepoint    ] Application time: 0.0285586 seconds
[2019-12-08T09:55:10.397+0000][1][safepoint    ] Entering safepoint region: RevokeBias
[2019-12-08T09:55:10.397+0000][1][safepoint    ] Leaving safepoint region
[2019-12-08T09:55:10.397+0000][1][safepoint    ] Total time for which application threads were stopped: 0.0001144 seconds, Stopping threads took: 0.0000188 seconds
[2019-12-08T09:55:10.398+0000][1][safepoint    ] Application time: 0.0005568 seconds
[2019-12-08T09:55:10.398+0000][1][safepoint    ] Entering safepoint region: BulkRevokeBias
[2019-12-08T09:55:10.399+0000][1][safepoint    ] Leaving safepoint region
[2019-12-08T09:55:10.399+0000][1][safepoint    ] Total time for which application threads were stopped: 0.0005142 seconds, Stopping threads took: 0.0000152 seconds
[2019-12-08T09:55:10.399+0000][1][safepoint    ] Application time: 0.0006411 seconds
[2019-12-08T09:55:10.399+0000][1][safepoint    ] Entering safepoint region: RevokeBias
[2019-12-08T09:55:10.399+0000][1][safepoint    ] Leaving safepoint region
[2019-12-08T09:55:10.399+0000][1][safepoint    ] Total time for which application threads were stopped: 0.0000745 seconds, Stopping threads took: 0.0000139 seconds
[2019-12-08T09:55:10.419+0000][1][safepoint    ] Application time: 0.0194373 seconds
[2019-12-08T09:55:10.419+0000][1][safepoint    ] Entering safepoint region: RevokeBias
[2019-12-08T09:55:10.419+0000][1][safepoint    ] Leaving safepoint region
[2019-12-08T09:55:10.419+0000][1][safepoint    ] Total time for which application threads were stopped: 0.0005095 seconds, Stopping threads took: 0.0000763 seconds
[2019-12-08T09:55:10.424+0000][1][safepoint    ] Application time: 0.0042260 seconds
[2019-12-08T09:55:10.424+0000][1][safepoint    ] Entering safepoint region: RevokeBias
[2019-12-08T09:55:10.424+0000][1][safepoint    ] Leaving safepoint region
[2019-12-08T09:55:10.424+0000][1][safepoint    ] Total time for which application threads were stopped: 0.0000805 seconds, Stopping threads took: 0.0000165 seconds
[2019-12-08T09:55:10.465+0000][1][safepoint    ] Application time: 0.0415268 seconds
[2019-12-08T09:55:10.465+0000][1][safepoint    ] Entering safepoint region: RevokeBias
[2019-12-08T09:55:10.465+0000][1][safepoint    ] Leaving safepoint region
[2019-12-08T09:55:10.465+0000][1][safepoint    ] Total time for which application threads were stopped: 0.0001255 seconds, Stopping threads took: 0.0000210 seconds
[2019-12-08T09:55:10.467+0000][1][safepoint    ] Application time: 0.0016575 seconds
[2019-12-08T09:55:10.467+0000][1][safepoint    ] Entering safepoint region: RevokeBias
[2019-12-08T09:55:10.467+0000][1][safepoint    ] Leaving safepoint region
[2019-12-08T09:55:10.467+0000][1][safepoint    ] Total time for which application threads were stopped: 0.0000943 seconds, Stopping threads took: 0.0000177 seconds
[2019-12-08T09:55:10.511+0000][1][safepoint    ] Application time: 0.0440019 seconds
[2019-12-08T09:55:10.511+0000][1][safepoint    ] Entering safepoint region: RevokeBias
[2019-12-08T09:55:10.511+0000][1][safepoint    ] Leaving safepoint region
[2019-12-08T09:55:10.511+0000][1][safepoint    ] Total time for which application threads were stopped: 0.0000906 seconds, Stopping threads took: 0.0000183 seconds
[2019-12-08T09:55:10.525+0000][1][safepoint    ] Application time: 0.0137361 seconds
[2019-12-08T09:55:10.525+0000][1][safepoint    ] Entering safepoint region: RevokeBias
[2019-12-08T09:55:10.525+0000][1][safepoint    ] Leaving safepoint region
[2019-12-08T09:55:10.525+0000][1][safepoint    ] Total time for which application threads were stopped: 0.0000861 seconds, Stopping threads took: 0.0000195 seconds
[2019-12-08T09:55:10.573+0000][1][safepoint    ] Application time: 0.0484057 seconds
[2019-12-08T09:55:10.581+0000][1][safepoint    ] Entering safepoint region: RevokeBias
[2019-12-08T09:55:10.581+0000][1][safepoint    ] Leaving safepoint region
[2019-12-08T09:55:10.581+0000][1][safepoint    ] Total time for which application threads were stopped: 0.0076560 seconds, Stopping threads took: 0.0075177 seconds
[2019-12-08T09:55:10.582+0000][1][safepoint    ] Application time: 0.0009176 seconds
[2019-12-08T09:55:10.582+0000][1][safepoint    ] Entering safepoint region: RevokeBias
[2019-12-08T09:55:10.582+0000][1][safepoint    ] Leaving safepoint region
[2019-12-08T09:55:10.582+0000][1][safepoint    ] Total time for which application threads were stopped: 0.0000868 seconds, Stopping threads took: 0.0000163 seconds
[2019-12-08T09:55:10.589+0000][1][safepoint    ] Application time: 0.0072366 seconds
[2019-12-08T09:55:10.590+0000][1][safepoint    ] Entering safepoint region: RevokeBias
[2019-12-08T09:55:10.590+0000][1][safepoint    ] Leaving safepoint region
[2019-12-08T09:55:10.590+0000][1][safepoint    ] Total time for which application threads were stopped: 0.0003852 seconds, Stopping threads took: 0.0002769 seconds
[2019-12-08T09:55:10.590+0000][1][safepoint    ] Application time: 0.0004137 seconds
[2019-12-08T09:55:10.590+0000][1][safepoint    ] Entering safepoint region: RevokeBias
[2019-12-08T09:55:10.590+0000][1][safepoint    ] Leaving safepoint region
[2019-12-08T09:55:10.590+0000][1][safepoint    ] Total time for which application threads were stopped: 0.0000837 seconds, Stopping threads took: 0.0000151 seconds
[2019-12-08T09:55:10.593+0000][1][safepoint    ] Application time: 0.0027401 seconds
[2019-12-08T09:55:10.593+0000][1][safepoint    ] Entering safepoint region: RevokeBias
[2019-12-08T09:55:10.593+0000][1][safepoint    ] Leaving safepoint region
[2019-12-08T09:55:10.593+0000][1][safepoint    ] Total time for which application threads were stopped: 0.0003172 seconds, Stopping threads took: 0.0000850 seconds
[2019-12-08T09:55:10.595+0000][1][safepoint    ] Application time: 0.0012581 seconds
[2019-12-08T09:55:10.595+0000][1][safepoint    ] Entering safepoint region: RevokeBias
[2019-12-08T09:55:10.595+0000][1][safepoint    ] Leaving safepoint region
[2019-12-08T09:55:10.595+0000][1][safepoint    ] Total time for which application threads were stopped: 0.0003032 seconds, Stopping threads took: 0.0002283 seconds
[2019-12-08T09:55:10.625+0000][1][safepoint    ] Application time: 0.0296209 seconds
[2019-12-08T09:55:10.625+0000][1][safepoint    ] Entering safepoint region: RevokeBias
[2019-12-08T09:55:10.625+0000][1][safepoint    ] Leaving safepoint region
[2019-12-08T09:55:10.625+0000][1][safepoint    ] Total time for which application threads were stopped: 0.0000880 seconds, Stopping threads took: 0.0000184 seconds
[2019-12-08T09:55:10.634+0000][1][safepoint    ] Application time: 0.0090712 seconds
[2019-12-08T09:55:10.634+0000][1][safepoint    ] Entering safepoint region: RevokeBias
[2019-12-08T09:55:10.634+0000][1][safepoint    ] Leaving safepoint region
[2019-12-08T09:55:10.634+0000][1][safepoint    ] Total time for which application threads were stopped: 0.0000934 seconds, Stopping threads took: 0.0000186 seconds
[2019-12-08T09:55:10.715+0000][1][safepoint    ] Application time: 0.0808250 seconds
[2019-12-08T09:55:10.715+0000][1][safepoint    ] Entering safepoint region: RevokeBias
[2019-12-08T09:55:10.715+0000][1][safepoint    ] Leaving safepoint region
[2019-12-08T09:55:10.715+0000][1][safepoint    ] Total time for which application threads were stopped: 0.0000955 seconds, Stopping threads took: 0.0000209 seconds
[2019-12-08T09:55:10.715+0000][1][safepoint    ] Application time: 0.0004189 seconds
[2019-12-08T09:55:10.715+0000][1][safepoint    ] Entering safepoint region: RevokeBias
[2019-12-08T09:55:10.715+0000][1][safepoint    ] Leaving safepoint region
[2019-12-08T09:55:10.715+0000][1][safepoint    ] Total time for which application threads were stopped: 0.0000846 seconds, Stopping threads took: 0.0000177 seconds
[2019-12-08T09:55:10.790+0000][1][safepoint    ] Application time: 0.0744546 seconds
[2019-12-08T09:55:10.790+0000][1][safepoint    ] Entering safepoint region: RevokeBias
[2019-12-08T09:55:10.790+0000][1][safepoint    ] Leaving safepoint region
[2019-12-08T09:55:10.790+0000][1][safepoint    ] Total time for which application threads were stopped: 0.0001328 seconds, Stopping threads took: 0.0000181 seconds
[2019-12-08T09:55:10.790+0000][1][safepoint    ] Application time: 0.0003337 seconds
[2019-12-08T09:55:10.790+0000][1][safepoint    ] Entering safepoint region: BulkRevokeBias
[2019-12-08T09:55:10.791+0000][1][safepoint    ] Leaving safepoint region
[2019-12-08T09:55:10.791+0000][1][safepoint    ] Total time for which application threads were stopped: 0.0008386 seconds, Stopping threads took: 0.0000121 seconds
[2019-12-08T09:55:10.886+0000][1][safepoint    ] Application time: 0.0942976 seconds
[2019-12-08T09:55:10.891+0000][1][safepoint    ] Entering safepoint region: BulkRevokeBias
[2019-12-08T09:55:10.891+0000][1][safepoint    ] Leaving safepoint region
[2019-12-08T09:55:10.891+0000][1][safepoint    ] Total time for which application threads were stopped: 0.0058437 seconds, Stopping threads took: 0.0055261 seconds
[2019-12-08T09:55:10.895+0000][1][safepoint    ] Application time: 0.0031685 seconds
[2019-12-08T09:55:10.895+0000][1][safepoint    ] Entering safepoint region: RevokeBias
[2019-12-08T09:55:10.895+0000][1][safepoint    ] Leaving safepoint region
[2019-12-08T09:55:10.895+0000][1][safepoint    ] Total time for which application threads were stopped: 0.0000949 seconds, Stopping threads took: 0.0000199 seconds
[2019-12-08T09:55:10.900+0000][1][safepoint    ] Application time: 0.0052338 seconds
[2019-12-08T09:55:10.900+0000][1][safepoint    ] Entering safepoint region: RevokeBias
[2019-12-08T09:55:10.900+0000][1][safepoint    ] Leaving safepoint region
[2019-12-08T09:55:10.900+0000][1][safepoint    ] Total time for which application threads were stopped: 0.0001692 seconds, Stopping threads took: 0.0000512 seconds
[2019-12-08T09:55:10.901+0000][1][safepoint    ] Application time: 0.0011520 seconds
[2019-12-08T09:55:10.901+0000][1][safepoint    ] Entering safepoint region: BulkRevokeBias
[2019-12-08T09:55:10.902+0000][1][safepoint    ] Leaving safepoint region
[2019-12-08T09:55:10.902+0000][1][safepoint    ] Total time for which application threads were stopped: 0.0003343 seconds, Stopping threads took: 0.0000129 seconds
[2019-12-08T09:55:10.903+0000][1][safepoint    ] Application time: 0.0013576 seconds
[2019-12-08T09:55:10.903+0000][1][safepoint    ] Entering safepoint region: RevokeBias
[2019-12-08T09:55:10.903+0000][1][safepoint    ] Leaving safepoint region
[2019-12-08T09:55:10.903+0000][1][safepoint    ] Total time for which application threads were stopped: 0.0000666 seconds, Stopping threads took: 0.0000137 seconds
[2019-12-08T09:55:10.904+0000][1][safepoint    ] Application time: 0.0003824 seconds
[2019-12-08T09:55:10.904+0000][1][safepoint    ] Entering safepoint region: RevokeBias
[2019-12-08T09:55:10.904+0000][1][safepoint    ] Leaving safepoint region
[2019-12-08T09:55:10.904+0000][1][safepoint    ] Total time for which application threads were stopped: 0.0000661 seconds, Stopping threads took: 0.0000121 seconds
[2019-12-08T09:55:10.907+0000][1][safepoint    ] Application time: 0.0028459 seconds
[2019-12-08T09:55:10.907+0000][1][safepoint    ] Entering safepoint region: RevokeBias
[2019-12-08T09:55:10.907+0000][1][safepoint    ] Leaving safepoint region
[2019-12-08T09:55:10.907+0000][1][safepoint    ] Total time for which application threads were stopped: 0.0000963 seconds, Stopping threads took: 0.0000118 seconds
[2019-12-08T09:55:10.907+0000][1][safepoint    ] Application time: 0.0006626 seconds
[2019-12-08T09:55:10.907+0000][1][safepoint    ] Entering safepoint region: RevokeBias
[2019-12-08T09:55:10.907+0000][1][safepoint    ] Leaving safepoint region
[2019-12-08T09:55:10.907+0000][1][safepoint    ] Total time for which application threads were stopped: 0.0000924 seconds, Stopping threads took: 0.0000131 seconds
[2019-12-08T09:55:10.950+0000][1][safepoint    ] Application time: 0.0428449 seconds
[2019-12-08T09:55:10.950+0000][1][safepoint    ] Entering safepoint region: RevokeBias
[2019-12-08T09:55:10.950+0000][1][safepoint    ] Leaving safepoint region
[2019-12-08T09:55:10.950+0000][1][safepoint    ] Total time for which application threads were stopped: 0.0000921 seconds, Stopping threads took: 0.0000176 seconds
[2019-12-08T09:55:10.965+0000][1][safepoint    ] Application time: 0.0141501 seconds
[2019-12-08T09:55:10.965+0000][1][safepoint    ] Entering safepoint region: RevokeBias
[2019-12-08T09:55:10.965+0000][1][safepoint    ] Leaving safepoint region
[2019-12-08T09:55:10.965+0000][1][safepoint    ] Total time for which application threads were stopped: 0.0000904 seconds, Stopping threads took: 0.0000161 seconds
[2019-12-08T09:55:10.965+0000][1][safepoint    ] Application time: 0.0000781 seconds
[2019-12-08T09:55:10.965+0000][1][safepoint    ] Entering safepoint region: RevokeBias
[2019-12-08T09:55:10.965+0000][1][safepoint    ] Leaving safepoint region
[2019-12-08T09:55:10.965+0000][1][safepoint    ] Total time for which application threads were stopped: 0.0000599 seconds, Stopping threads took: 0.0000102 seconds
[2019-12-08T09:55:10.965+0000][1][safepoint    ] Application time: 0.0000554 seconds
[2019-12-08T09:55:10.965+0000][1][safepoint    ] Entering safepoint region: RevokeBias
[2019-12-08T09:55:10.965+0000][1][safepoint    ] Leaving safepoint region
[2019-12-08T09:55:10.965+0000][1][safepoint    ] Total time for which application threads were stopped: 0.0000575 seconds, Stopping threads took: 0.0000103 seconds
[2019-12-08T09:55:10.966+0000][1][safepoint    ] Application time: 0.0009869 seconds
[2019-12-08T09:55:10.966+0000][1][safepoint    ] Entering safepoint region: RevokeBias
[2019-12-08T09:55:10.966+0000][1][safepoint    ] Leaving safepoint region
[2019-12-08T09:55:10.966+0000][1][safepoint    ] Total time for which application threads were stopped: 0.0000778 seconds, Stopping threads took: 0.0000154 seconds
[2019-12-08T09:55:10.971+0000][1][safepoint    ] Application time: 0.0047815 seconds
[2019-12-08T09:55:10.971+0000][1][safepoint    ] Entering safepoint region: RevokeBias
[2019-12-08T09:55:10.971+0000][1][safepoint    ] Leaving safepoint region
[2019-12-08T09:55:10.971+0000][1][safepoint    ] Total time for which application threads were stopped: 0.0000743 seconds, Stopping threads took: 0.0000140 seconds
[2019-12-08T09:55:10.971+0000][1][safepoint    ] Application time: 0.0000632 seconds
[2019-12-08T09:55:10.971+0000][1][safepoint    ] Entering safepoint region: RevokeBias
[2019-12-08T09:55:10.971+0000][1][safepoint    ] Leaving safepoint region
[2019-12-08T09:55:10.971+0000][1][safepoint    ] Total time for which application threads were stopped: 0.0000671 seconds, Stopping threads took: 0.0000104 seconds
[2019-12-08T09:55:11.049+0000][1][safepoint    ] Application time: 0.0783281 seconds
[2019-12-08T09:55:11.049+0000][1][safepoint    ] Entering safepoint region: RevokeBias
[2019-12-08T09:55:11.050+0000][1][safepoint    ] Leaving safepoint region
[2019-12-08T09:55:11.050+0000][1][safepoint    ] Total time for which application threads were stopped: 0.0001189 seconds, Stopping threads took: 0.0000189 seconds
[2019-12-08T09:55:11.050+0000][1][safepoint    ] Application time: 0.0000762 seconds
[2019-12-08T09:55:11.050+0000][1][safepoint    ] Entering safepoint region: RevokeBias
[2019-12-08T09:55:11.050+0000][1][safepoint    ] Leaving safepoint region
[2019-12-08T09:55:11.050+0000][1][safepoint    ] Total time for which application threads were stopped: 0.0000708 seconds, Stopping threads took: 0.0000093 seconds
[2019-12-08T09:55:11.058+0000][1][safepoint    ] Application time: 0.0077666 seconds
[2019-12-08T09:55:11.058+0000][1][safepoint    ] Entering safepoint region: RevokeBias
[2019-12-08T09:55:11.058+0000][1][safepoint    ] Leaving safepoint region
[2019-12-08T09:55:11.058+0000][1][safepoint    ] Total time for which application threads were stopped: 0.0000779 seconds, Stopping threads took: 0.0000181 seconds
[2019-12-08T09:55:11.058+0000][1][safepoint    ] Application time: 0.0004022 seconds
[2019-12-08T09:55:11.058+0000][1][safepoint    ] Entering safepoint region: RevokeBias
[2019-12-08T09:55:11.058+0000][1][safepoint    ] Leaving safepoint region
[2019-12-08T09:55:11.058+0000][1][safepoint    ] Total time for which application threads were stopped: 0.0000785 seconds, Stopping threads took: 0.0000319 seconds
[2019-12-08T09:55:11.106+0000][1][safepoint    ] Application time: 0.0479664 seconds
[2019-12-08T09:55:11.119+0000][1][safepoint    ] Entering safepoint region: RevokeBias
[2019-12-08T09:55:11.120+0000][1][safepoint    ] Leaving safepoint region
[2019-12-08T09:55:11.120+0000][1][safepoint    ] Total time for which application threads were stopped: 0.0135227 seconds, Stopping threads took: 0.0130799 seconds
[2019-12-08T09:55:11.132+0000][1][safepoint    ] Application time: 0.0127972 seconds
[2019-12-08T09:55:11.132+0000][1][safepoint    ] Entering safepoint region: RevokeBias
[2019-12-08T09:55:11.133+0000][1][safepoint    ] Leaving safepoint region
[2019-12-08T09:55:11.133+0000][1][safepoint    ] Total time for which application threads were stopped: 0.0000952 seconds, Stopping threads took: 0.0000182 seconds
[2019-12-08T09:55:11.187+0000][1][safepoint    ] Application time: 0.0544771 seconds
[2019-12-08T09:55:11.187+0000][1][safepoint    ] Entering safepoint region: RevokeBias
[2019-12-08T09:55:11.187+0000][1][safepoint    ] Leaving safepoint region
[2019-12-08T09:55:11.187+0000][1][safepoint    ] Total time for which application threads were stopped: 0.0001062 seconds, Stopping threads took: 0.0000213 seconds
[2019-12-08T09:55:11.283+0000][1][safepoint    ] Application time: 0.0958125 seconds
[2019-12-08T09:55:11.283+0000][1][safepoint    ] Entering safepoint region: RevokeBias
[2019-12-08T09:55:11.283+0000][1][safepoint    ] Leaving safepoint region
[2019-12-08T09:55:11.283+0000][1][safepoint    ] Total time for which application threads were stopped: 0.0001020 seconds, Stopping threads took: 0.0000224 seconds
[2019-12-08T09:55:11.283+0000][1][safepoint    ] Application time: 0.0000573 seconds
[2019-12-08T09:55:11.283+0000][1][safepoint    ] Entering safepoint region: RevokeBias
[2019-12-08T09:55:11.283+0000][1][safepoint    ] Leaving safepoint region
[2019-12-08T09:55:11.283+0000][1][safepoint    ] Total time for which application threads were stopped: 0.0000453 seconds, Stopping threads took: 0.0000094 seconds
[2019-12-08T09:55:11.390+0000][1][safepoint    ] Application time: 0.1071892 seconds
[2019-12-08T09:55:11.390+0000][1][safepoint    ] Entering safepoint region: RevokeBias
[2019-12-08T09:55:11.391+0000][1][safepoint    ] Leaving safepoint region
[2019-12-08T09:55:11.391+0000][1][safepoint    ] Total time for which application threads were stopped: 0.0000931 seconds, Stopping threads took: 0.0000218 seconds
[2019-12-08T09:55:11.435+0000][1][safepoint    ] Application time: 0.0444850 seconds
[2019-12-08T09:55:11.435+0000][1][safepoint    ] Entering safepoint region: RevokeBias
[2019-12-08T09:55:11.435+0000][1][safepoint    ] Leaving safepoint region
[2019-12-08T09:55:11.435+0000][1][safepoint    ] Total time for which application threads were stopped: 0.0001180 seconds, Stopping threads took: 0.0000218 seconds
[2019-12-08T09:55:11.454+0000][1][safepoint    ] Application time: 0.0185863 seconds
[2019-12-08T09:55:11.454+0000][1][safepoint    ] Entering safepoint region: RevokeBias
[2019-12-08T09:55:11.454+0000][1][safepoint    ] Leaving safepoint region
[2019-12-08T09:55:11.454+0000][1][safepoint    ] Total time for which application threads were stopped: 0.0001323 seconds, Stopping threads took: 0.0000540 seconds
[2019-12-08T09:55:11.454+0000][1][safepoint    ] Application time: 0.0000729 seconds
[2019-12-08T09:55:11.454+0000][1][safepoint    ] Entering safepoint region: RevokeBias
[2019-12-08T09:55:11.454+0000][1][safepoint    ] Leaving safepoint region
[2019-12-08T09:55:11.454+0000][1][safepoint    ] Total time for which application threads were stopped: 0.0000500 seconds, Stopping threads took: 0.0000102 seconds
[2019-12-08T09:55:11.455+0000][1][safepoint    ] Application time: 0.0004787 seconds
[2019-12-08T09:55:11.455+0000][1][safepoint    ] Entering safepoint region: RevokeBias
[2019-12-08T09:55:11.455+0000][1][safepoint    ] Leaving safepoint region
[2019-12-08T09:55:11.455+0000][1][safepoint    ] Total time for which application threads were stopped: 0.0001051 seconds, Stopping threads took: 0.0000197 seconds
[2019-12-08T09:55:11.708+0000][1][safepoint    ] Application time: 0.2533058 seconds
[2019-12-08T09:55:11.708+0000][1][safepoint    ] Entering safepoint region: RevokeBias
[2019-12-08T09:55:11.708+0000][1][safepoint    ] Leaving safepoint region
[2019-12-08T09:55:11.708+0000][1][safepoint    ] Total time for which application threads were stopped: 0.0001003 seconds, Stopping threads took: 0.0000205 seconds
[2019-12-08T09:55:11.708+0000][1][safepoint    ] Application time: 0.0001203 seconds
[2019-12-08T09:55:11.708+0000][1][safepoint    ] Entering safepoint region: RevokeBias
[2019-12-08T09:55:11.708+0000][1][safepoint    ] Leaving safepoint region
[2019-12-08T09:55:11.708+0000][1][safepoint    ] Total time for which application threads were stopped: 0.0000479 seconds, Stopping threads took: 0.0000101 seconds
[2019-12-08T09:55:11.710+0000][1][safepoint    ] Application time: 0.0019471 seconds
[2019-12-08T09:55:11.710+0000][1][safepoint    ] Entering safepoint region: RevokeBias
[2019-12-08T09:55:11.710+0000][1][safepoint    ] Leaving safepoint region
[2019-12-08T09:55:11.710+0000][1][safepoint    ] Total time for which application threads were stopped: 0.0000807 seconds, Stopping threads took: 0.0000182 seconds
[2019-12-08T09:55:11.711+0000][1][safepoint    ] Application time: 0.0002362 seconds
[2019-12-08T09:55:11.711+0000][1][safepoint    ] Entering safepoint region: RevokeBias
[2019-12-08T09:55:11.711+0000][1][safepoint    ] Leaving safepoint region
[2019-12-08T09:55:11.711+0000][1][safepoint    ] Total time for which application threads were stopped: 0.0000678 seconds, Stopping threads took: 0.0000103 seconds
[2019-12-08T09:55:11.711+0000][1][safepoint    ] Application time: 0.0000710 seconds
[2019-12-08T09:55:11.711+0000][1][safepoint    ] Entering safepoint region: RevokeBias
[2019-12-08T09:55:11.711+0000][1][safepoint    ] Leaving safepoint region
[2019-12-08T09:55:11.711+0000][1][safepoint    ] Total time for which application threads were stopped: 0.0000467 seconds, Stopping threads took: 0.0000098 seconds
[2019-12-08T09:55:11.711+0000][1][safepoint    ] Application time: 0.0000513 seconds
[2019-12-08T09:55:11.711+0000][1][safepoint    ] Entering safepoint region: RevokeBias
[2019-12-08T09:55:11.711+0000][1][safepoint    ] Leaving safepoint region
[2019-12-08T09:55:11.711+0000][1][safepoint    ] Total time for which application threads were stopped: 0.0000442 seconds, Stopping threads took: 0.0000094 seconds
[2019-12-08T09:55:11.711+0000][1][safepoint    ] Application time: 0.0000509 seconds
[2019-12-08T09:55:11.711+0000][1][safepoint    ] Entering safepoint region: RevokeBias
[2019-12-08T09:55:11.711+0000][1][safepoint    ] Leaving safepoint region
[2019-12-08T09:55:11.711+0000][1][safepoint    ] Total time for which application threads were stopped: 0.0000561 seconds, Stopping threads took: 0.0000092 seconds
[2019-12-08T09:55:11.711+0000][1][safepoint    ] Application time: 0.0000484 seconds
[2019-12-08T09:55:11.711+0000][1][safepoint    ] Entering safepoint region: RevokeBias
[2019-12-08T09:55:11.711+0000][1][safepoint    ] Leaving safepoint region
[2019-12-08T09:55:11.711+0000][1][safepoint    ] Total time for which application threads were stopped: 0.0000423 seconds, Stopping threads took: 0.0000088 seconds
[2019-12-08T09:55:11.711+0000][1][safepoint    ] Application time: 0.0000488 seconds
[2019-12-08T09:55:11.711+0000][1][safepoint    ] Entering safepoint region: RevokeBias
[2019-12-08T09:55:11.711+0000][1][safepoint    ] Leaving safepoint region
[2019-12-08T09:55:11.711+0000][1][safepoint    ] Total time for which application threads were stopped: 0.0000425 seconds, Stopping threads took: 0.0000088 seconds
[2019-12-08T09:55:11.711+0000][1][safepoint    ] Application time: 0.0000487 seconds
[2019-12-08T09:55:11.711+0000][1][safepoint    ] Entering safepoint region: RevokeBias
[2019-12-08T09:55:11.711+0000][1][safepoint    ] Leaving safepoint region
[2019-12-08T09:55:11.711+0000][1][safepoint    ] Total time for which application threads were stopped: 0.0000418 seconds, Stopping threads took: 0.0000088 seconds
[2019-12-08T09:55:11.711+0000][1][safepoint    ] Application time: 0.0000477 seconds
[2019-12-08T09:55:11.711+0000][1][safepoint    ] Entering safepoint region: RevokeBias
[2019-12-08T09:55:11.712+0000][1][safepoint    ] Leaving safepoint region
[2019-12-08T09:55:11.712+0000][1][safepoint    ] Total time for which application threads were stopped: 0.0000422 seconds, Stopping threads took: 0.0000088 seconds
[2019-12-08T09:55:11.944+0000][1][safepoint    ] Application time: 0.2327516 seconds
[2019-12-08T09:55:11.944+0000][1][safepoint    ] Entering safepoint region: GenCollectForAllocation
[2019-12-08T09:55:11.944+0000][1][gc,start     ] GC(21) Pause Young (Allocation Failure)
[2019-12-08T09:55:11.944+0000][1][gc,task      ] GC(21) Using 4 workers of 4 for evacuation
[2019-12-08T09:55:11.981+0000][1][gc,age       ] GC(21) Desired survivor size 4456448 bytes, new threshold 2 (max threshold 6)
[2019-12-08T09:55:11.981+0000][1][gc,age       ] GC(21) Age table with threshold 2 (max threshold 6)
[2019-12-08T09:55:11.981+0000][1][gc,age       ] GC(21) - age   1:    2950712 bytes,    2950712 total
[2019-12-08T09:55:11.981+0000][1][gc,age       ] GC(21) - age   2:    3092152 bytes,    6042864 total
[2019-12-08T09:55:11.981+0000][1][gc,heap      ] GC(21) ParNew: 78656K->8218K(78656K)
[2019-12-08T09:55:11.981+0000][1][gc,heap      ] GC(21) CMS: 60094K->64205K(174784K)
[2019-12-08T09:55:11.981+0000][1][gc,metaspace ] GC(21) Metaspace: 66191K->66191K(1110016K)
[2019-12-08T09:55:11.981+0000][1][gc           ] GC(21) Pause Young (Allocation Failure) 135M->70M(247M) 36.979ms
[2019-12-08T09:55:11.981+0000][1][gc,cpu       ] GC(21) User=0.06s Sys=0.00s Real=0.04s
[2019-12-08T09:55:11.981+0000][1][safepoint    ] Leaving safepoint region
[2019-12-08T09:55:11.982+0000][1][safepoint    ] Total time for which application threads were stopped: 0.0371855 seconds, Stopping threads took: 0.0000260 seconds
[2019-12-08T09:55:12.983+0000][1][safepoint    ] Application time: 1.0012017 seconds
[2019-12-08T09:55:12.983+0000][1][safepoint    ] Entering safepoint region: Cleanup
[2019-12-08T09:55:12.983+0000][1][safepoint    ] Leaving safepoint region
[2019-12-08T09:55:12.983+0000][1][safepoint    ] Total time for which application threads were stopped: 0.0001392 seconds, Stopping threads took: 0.0000227 seconds
[2019-12-08T09:55:13.988+0000][1][safepoint    ] Application time: 1.0048111 seconds
[2019-12-08T09:55:13.988+0000][1][safepoint    ] Entering safepoint region: Cleanup
[2019-12-08T09:55:13.988+0000][1][safepoint    ] Leaving safepoint region
[2019-12-08T09:55:13.988+0000][1][safepoint    ] Total time for which application threads were stopped: 0.0001556 seconds, Stopping threads took: 0.0000220 seconds
[2019-12-08T09:55:14.321+0000][1][safepoint    ] Application time: 0.3328101 seconds
[2019-12-08T09:55:14.321+0000][1][safepoint    ] Entering safepoint region: RevokeBias
[2019-12-08T09:55:14.321+0000][1][safepoint    ] Leaving safepoint region
[2019-12-08T09:55:14.321+0000][1][safepoint    ] Total time for which application threads were stopped: 0.0001255 seconds, Stopping threads took: 0.0000250 seconds
[2019-12-08T09:55:14.631+0000][1][safepoint    ] Application time: 0.3102562 seconds
[2019-12-08T09:55:14.631+0000][1][safepoint    ] Entering safepoint region: RevokeBias
[2019-12-08T09:55:14.631+0000][1][safepoint    ] Leaving safepoint region
[2019-12-08T09:55:14.631+0000][1][safepoint    ] Total time for which application threads were stopped: 0.0001248 seconds, Stopping threads took: 0.0000224 seconds
[2019-12-08T09:55:14.632+0000][1][safepoint    ] Application time: 0.0002388 seconds
[2019-12-08T09:55:14.632+0000][1][safepoint    ] Entering safepoint region: BulkRevokeBias
[2019-12-08T09:55:14.632+0000][1][safepoint    ] Leaving safepoint region
[2019-12-08T09:55:14.632+0000][1][safepoint    ] Total time for which application threads were stopped: 0.0003625 seconds, Stopping threads took: 0.0000137 seconds
[2019-12-08T09:55:14.632+0000][1][safepoint    ] Application time: 0.0000517 seconds
[2019-12-08T09:55:14.632+0000][1][safepoint    ] Entering safepoint region: RevokeBias
[2019-12-08T09:55:14.632+0000][1][safepoint    ] Leaving safepoint region
[2019-12-08T09:55:14.632+0000][1][safepoint    ] Total time for which application threads were stopped: 0.0000658 seconds, Stopping threads took: 0.0000123 seconds
[2019-12-08T09:55:14.632+0000][1][safepoint    ] Application time: 0.0001765 seconds
[2019-12-08T09:55:14.632+0000][1][safepoint    ] Entering safepoint region: RevokeBias
[2019-12-08T09:55:14.632+0000][1][safepoint    ] Leaving safepoint region
[2019-12-08T09:55:14.632+0000][1][safepoint    ] Total time for which application threads were stopped: 0.0000560 seconds, Stopping threads took: 0.0000107 seconds
[2019-12-08T09:55:14.634+0000][1][safepoint    ] Application time: 0.0015164 seconds
[2019-12-08T09:55:14.634+0000][1][safepoint    ] Entering safepoint region: RevokeBias
[2019-12-08T09:55:14.634+0000][1][safepoint    ] Leaving safepoint region
[2019-12-08T09:55:14.634+0000][1][safepoint    ] Total time for which application threads were stopped: 0.0000738 seconds, Stopping threads took: 0.0000197 seconds
[2019-12-08T09:55:14.634+0000][1][safepoint    ] Application time: 0.0002455 seconds
[2019-12-08T09:55:14.634+0000][1][safepoint    ] Entering safepoint region: RevokeBias
[2019-12-08T09:55:14.634+0000][1][safepoint    ] Leaving safepoint region
[2019-12-08T09:55:14.634+0000][1][safepoint    ] Total time for which application threads were stopped: 0.0000600 seconds, Stopping threads took: 0.0000126 seconds
[2019-12-08T09:55:14.682+0000][1][safepoint    ] Application time: 0.0474500 seconds
[2019-12-08T09:55:14.682+0000][1][safepoint    ] Entering safepoint region: BulkRevokeBias
[2019-12-08T09:55:14.682+0000][1][safepoint    ] Leaving safepoint region
[2019-12-08T09:55:14.682+0000][1][safepoint    ] Total time for which application threads were stopped: 0.0004517 seconds, Stopping threads took: 0.0000208 seconds
[2019-12-08T09:55:14.842+0000][1][safepoint    ] Application time: 0.1598029 seconds
[2019-12-08T09:55:14.842+0000][1][safepoint    ] Entering safepoint region: Deoptimize
[2019-12-08T09:55:14.843+0000][1][safepoint    ] Leaving safepoint region
[2019-12-08T09:55:14.843+0000][1][safepoint    ] Total time for which application threads were stopped: 0.0007609 seconds, Stopping threads took: 0.0000189 seconds
[2019-12-08T09:55:14.987+0000][1][safepoint    ] Application time: 0.1446554 seconds
[2019-12-08T09:55:14.988+0000][1][safepoint    ] Entering safepoint region: RevokeBias
[2019-12-08T09:55:14.988+0000][1][safepoint    ] Leaving safepoint region
[2019-12-08T09:55:14.988+0000][1][safepoint    ] Total time for which application threads were stopped: 0.0001353 seconds, Stopping threads took: 0.0000216 seconds
[2019-12-08T09:55:14.988+0000][1][safepoint    ] Application time: 0.0002942 seconds
[2019-12-08T09:55:14.988+0000][1][safepoint    ] Entering safepoint region: RevokeBias
[2019-12-08T09:55:14.988+0000][1][safepoint    ] Leaving safepoint region
[2019-12-08T09:55:14.988+0000][1][safepoint    ] Total time for which application threads were stopped: 0.0000930 seconds, Stopping threads took: 0.0000180 seconds
[2019-12-08T09:55:15.031+0000][1][safepoint    ] Application time: 0.0427432 seconds
[2019-12-08T09:55:15.031+0000][1][safepoint    ] Entering safepoint region: RevokeBias
[2019-12-08T09:55:15.031+0000][1][safepoint    ] Leaving safepoint region
[2019-12-08T09:55:15.031+0000][1][safepoint    ] Total time for which application threads were stopped: 0.0001127 seconds, Stopping threads took: 0.0000196 seconds
[2019-12-08T09:55:15.032+0000][1][safepoint    ] Application time: 0.0009540 seconds
[2019-12-08T09:55:15.032+0000][1][safepoint    ] Entering safepoint region: RevokeBias
[2019-12-08T09:55:15.032+0000][1][safepoint    ] Leaving safepoint region
[2019-12-08T09:55:15.032+0000][1][safepoint    ] Total time for which application threads were stopped: 0.0000940 seconds, Stopping threads took: 0.0000212 seconds
[2019-12-08T09:55:16.032+0000][1][safepoint    ] Application time: 1.0000833 seconds
[2019-12-08T09:55:16.032+0000][1][safepoint    ] Entering safepoint region: Cleanup
[2019-12-08T09:55:16.032+0000][1][safepoint    ] Leaving safepoint region
[2019-12-08T09:55:16.032+0000][1][safepoint    ] Total time for which application threads were stopped: 0.0000877 seconds, Stopping threads took: 0.0000224 seconds
[2019-12-08T09:55:18.032+0000][1][safepoint    ] Application time: 2.0001404 seconds
[2019-12-08T09:55:18.032+0000][1][safepoint    ] Entering safepoint region: Cleanup
[2019-12-08T09:55:18.032+0000][1][safepoint    ] Leaving safepoint region
[2019-12-08T09:55:18.032+0000][1][safepoint    ] Total time for which application threads were stopped: 0.0000833 seconds, Stopping threads took: 0.0000167 seconds
[2019-12-08T09:55:19.033+0000][1][safepoint    ] Application time: 1.0000758 seconds
[2019-12-08T09:55:19.033+0000][1][safepoint    ] Entering safepoint region: Cleanup
[2019-12-08T09:55:19.033+0000][1][safepoint    ] Leaving safepoint region
[2019-12-08T09:55:19.033+0000][1][safepoint    ] Total time for which application threads were stopped: 0.0000884 seconds, Stopping threads took: 0.0000234 seconds
[2019-12-08T09:55:20.033+0000][1][safepoint    ] Application time: 1.0000771 seconds
[2019-12-08T09:55:20.033+0000][1][safepoint    ] Entering safepoint region: Cleanup
[2019-12-08T09:55:20.033+0000][1][safepoint    ] Leaving safepoint region
[2019-12-08T09:55:20.033+0000][1][safepoint    ] Total time for which application threads were stopped: 0.0000820 seconds, Stopping threads took: 0.0000169 seconds
[2019-12-08T09:55:21.033+0000][1][safepoint    ] Application time: 1.0000775 seconds
[2019-12-08T09:55:21.033+0000][1][safepoint    ] Entering safepoint region: Cleanup
[2019-12-08T09:55:21.033+0000][1][safepoint    ] Leaving safepoint region
[2019-12-08T09:55:21.033+0000][1][safepoint    ] Total time for which application threads were stopped: 0.0000815 seconds, Stopping threads took: 0.0000176 seconds
[2019-12-08T09:55:22.033+0000][1][safepoint    ] Application time: 1.0000784 seconds
[2019-12-08T09:55:22.033+0000][1][safepoint    ] Entering safepoint region: Cleanup
[2019-12-08T09:55:22.033+0000][1][safepoint    ] Leaving safepoint region
[2019-12-08T09:55:22.033+0000][1][safepoint    ] Total time for which application threads were stopped: 0.0000916 seconds, Stopping threads took: 0.0000207 seconds
[2019-12-08T09:55:25.033+0000][1][safepoint    ] Application time: 3.0002291 seconds
[2019-12-08T09:55:25.034+0000][1][safepoint    ] Entering safepoint region: Cleanup
[2019-12-08T09:55:25.034+0000][1][safepoint    ] Leaving safepoint region
[2019-12-08T09:55:25.034+0000][1][safepoint    ] Total time for which application threads were stopped: 0.0000822 seconds, Stopping threads took: 0.0000208 seconds
[2019-12-08T09:55:26.034+0000][1][safepoint    ] Application time: 1.0000790 seconds
[2019-12-08T09:55:26.034+0000][1][safepoint    ] Entering safepoint region: Cleanup
[2019-12-08T09:55:26.034+0000][1][safepoint    ] Leaving safepoint region
[2019-12-08T09:55:26.034+0000][1][safepoint    ] Total time for which application threads were stopped: 0.0000849 seconds, Stopping threads took: 0.0000220 seconds
[2019-12-08T09:55:27.034+0000][1][safepoint    ] Application time: 1.0000773 seconds
[2019-12-08T09:55:27.034+0000][1][safepoint    ] Entering safepoint region: Cleanup
[2019-12-08T09:55:27.034+0000][1][safepoint    ] Leaving safepoint region
[2019-12-08T09:55:27.034+0000][1][safepoint    ] Total time for which application threads were stopped: 0.0000854 seconds, Stopping threads took: 0.0000176 seconds
[2019-12-08T09:55:29.034+0000][1][safepoint    ] Application time: 2.0001480 seconds
[2019-12-08T09:55:29.034+0000][1][safepoint    ] Entering safepoint region: Cleanup
[2019-12-08T09:55:29.034+0000][1][safepoint    ] Leaving safepoint region
[2019-12-08T09:55:29.034+0000][1][safepoint    ] Total time for which application threads were stopped: 0.0000825 seconds, Stopping threads took: 0.0000179 seconds
[2019-12-08T09:55:30.034+0000][1][safepoint    ] Application time: 1.0000815 seconds
[2019-12-08T09:55:30.034+0000][1][safepoint    ] Entering safepoint region: Cleanup
[2019-12-08T09:55:30.034+0000][1][safepoint    ] Leaving safepoint region
[2019-12-08T09:55:30.034+0000][1][safepoint    ] Total time for which application threads were stopped: 0.0000813 seconds, Stopping threads took: 0.0000180 seconds
[2019-12-08T09:55:31.035+0000][1][safepoint    ] Application time: 1.0000775 seconds
[2019-12-08T09:55:31.035+0000][1][safepoint    ] Entering safepoint region: Cleanup
[2019-12-08T09:55:31.035+0000][1][safepoint    ] Leaving safepoint region
[2019-12-08T09:55:31.035+0000][1][safepoint    ] Total time for which application threads were stopped: 0.0000838 seconds, Stopping threads took: 0.0000177 seconds
[2019-12-08T09:55:32.035+0000][1][safepoint    ] Application time: 1.0000859 seconds
[2019-12-08T09:55:32.035+0000][1][safepoint    ] Entering safepoint region: Cleanup
[2019-12-08T09:55:32.035+0000][1][safepoint    ] Leaving safepoint region
[2019-12-08T09:55:32.035+0000][1][safepoint    ] Total time for which application threads were stopped: 0.0000905 seconds, Stopping threads took: 0.0000172 seconds
[2019-12-08T09:55:34.035+0000][1][safepoint    ] Application time: 2.0001430 seconds
[2019-12-08T09:55:34.035+0000][1][safepoint    ] Entering safepoint region: Cleanup
[2019-12-08T09:55:34.035+0000][1][safepoint    ] Leaving safepoint region
[2019-12-08T09:55:34.035+0000][1][safepoint    ] Total time for which application threads were stopped: 0.0000831 seconds, Stopping threads took: 0.0000173 seconds
[2019-12-08T09:55:38.035+0000][1][safepoint    ] Application time: 4.0002737 seconds
[2019-12-08T09:55:38.035+0000][1][safepoint    ] Entering safepoint region: Cleanup
[2019-12-08T09:55:38.035+0000][1][safepoint    ] Leaving safepoint region
[2019-12-08T09:55:38.035+0000][1][safepoint    ] Total time for which application threads were stopped: 0.0000792 seconds, Stopping threads took: 0.0000164 seconds
[2019-12-08T09:55:39.036+0000][1][safepoint    ] Application time: 1.0000719 seconds
[2019-12-08T09:55:39.036+0000][1][safepoint    ] Entering safepoint region: Cleanup
[2019-12-08T09:55:39.036+0000][1][safepoint    ] Leaving safepoint region
[2019-12-08T09:55:39.036+0000][1][safepoint    ] Total time for which application threads were stopped: 0.0000805 seconds, Stopping threads took: 0.0000154 seconds
[2019-12-08T09:55:40.036+0000][1][safepoint    ] Application time: 1.0000855 seconds
[2019-12-08T09:55:40.036+0000][1][safepoint    ] Entering safepoint region: Cleanup
[2019-12-08T09:55:40.036+0000][1][safepoint    ] Leaving safepoint region
[2019-12-08T09:55:40.036+0000][1][safepoint    ] Total time for which application threads were stopped: 0.0000819 seconds, Stopping threads took: 0.0000176 seconds
[2019-12-08T09:55:41.036+0000][1][safepoint    ] Application time: 1.0000803 seconds
[2019-12-08T09:55:41.036+0000][1][safepoint    ] Entering safepoint region: Cleanup
[2019-12-08T09:55:41.036+0000][1][safepoint    ] Leaving safepoint region
[2019-12-08T09:55:41.036+0000][1][safepoint    ] Total time for which application threads were stopped: 0.0000846 seconds, Stopping threads took: 0.0000180 seconds
[2019-12-08T09:55:43.036+0000][1][safepoint    ] Application time: 2.0001443 seconds
[2019-12-08T09:55:43.036+0000][1][safepoint    ] Entering safepoint region: Cleanup
[2019-12-08T09:55:43.036+0000][1][safepoint    ] Leaving safepoint region
[2019-12-08T09:55:43.036+0000][1][safepoint    ] Total time for which application threads were stopped: 0.0000923 seconds, Stopping threads took: 0.0000236 seconds
[2019-12-08T09:55:44.036+0000][1][safepoint    ] Application time: 1.0000760 seconds
[2019-12-08T09:55:44.036+0000][1][safepoint    ] Entering safepoint region: Cleanup
[2019-12-08T09:55:44.036+0000][1][safepoint    ] Leaving safepoint region
[2019-12-08T09:55:44.036+0000][1][safepoint    ] Total time for which application threads were stopped: 0.0000808 seconds, Stopping threads took: 0.0000177 seconds
[2019-12-08T09:55:45.037+0000][1][safepoint    ] Application time: 1.0000821 seconds
[2019-12-08T09:55:45.037+0000][1][safepoint    ] Entering safepoint region: Cleanup
[2019-12-08T09:55:45.037+0000][1][safepoint    ] Leaving safepoint region
[2019-12-08T09:55:45.037+0000][1][safepoint    ] Total time for which application threads were stopped: 0.0000850 seconds, Stopping threads took: 0.0000188 seconds
[2019-12-08T09:55:48.037+0000][1][safepoint    ] Application time: 3.0002139 seconds
[2019-12-08T09:55:48.037+0000][1][safepoint    ] Entering safepoint region: Cleanup
[2019-12-08T09:55:48.037+0000][1][safepoint    ] Leaving safepoint region
[2019-12-08T09:55:48.037+0000][1][safepoint    ] Total time for which application threads were stopped: 0.0000864 seconds, Stopping threads took: 0.0000163 seconds
[2019-12-08T09:55:51.037+0000][1][safepoint    ] Application time: 3.0002110 seconds
[2019-12-08T09:55:51.037+0000][1][safepoint    ] Entering safepoint region: Cleanup
[2019-12-08T09:55:51.037+0000][1][safepoint    ] Leaving safepoint region
[2019-12-08T09:55:51.037+0000][1][safepoint    ] Total time for which application threads were stopped: 0.0000836 seconds, Stopping threads took: 0.0000165 seconds
[2019-12-08T09:55:52.037+0000][1][safepoint    ] Application time: 1.0000776 seconds
[2019-12-08T09:55:52.037+0000][1][safepoint    ] Entering safepoint region: Cleanup
[2019-12-08T09:55:52.038+0000][1][safepoint    ] Leaving safepoint region
[2019-12-08T09:55:52.038+0000][1][safepoint    ] Total time for which application threads were stopped: 0.0000930 seconds, Stopping threads took: 0.0000188 seconds
[2019-12-08T09:55:52.790+0000][1][safepoint    ] Application time: 0.7525564 seconds
[2019-12-08T09:55:52.790+0000][1][safepoint    ] Entering safepoint region: GenCollectForAllocation
[2019-12-08T09:55:52.790+0000][1][gc,start     ] GC(22) Pause Young (Allocation Failure)
[2019-12-08T09:55:52.790+0000][1][gc,task      ] GC(22) Using 4 workers of 4 for evacuation
[2019-12-08T09:55:52.800+0000][1][gc,age       ] GC(22) Desired survivor size 4456448 bytes, new threshold 6 (max threshold 6)
[2019-12-08T09:55:52.800+0000][1][gc,age       ] GC(22) Age table with threshold 6 (max threshold 6)
[2019-12-08T09:55:52.800+0000][1][gc,age       ] GC(22) - age   1:     643856 bytes,     643856 total
[2019-12-08T09:55:52.800+0000][1][gc,age       ] GC(22) - age   2:    2790152 bytes,    3434008 total
[2019-12-08T09:55:52.800+0000][1][gc,heap      ] GC(22) ParNew: 78170K->6069K(78656K)
[2019-12-08T09:55:52.800+0000][1][gc,heap      ] GC(22) CMS: 64205K->67339K(174784K)
[2019-12-08T09:55:52.800+0000][1][gc,metaspace ] GC(22) Metaspace: 68383K->68383K(1112064K)
[2019-12-08T09:55:52.800+0000][1][gc           ] GC(22) Pause Young (Allocation Failure) 139M->71M(247M) 9.557ms
[2019-12-08T09:55:52.800+0000][1][gc,cpu       ] GC(22) User=0.03s Sys=0.00s Real=0.01s
[2019-12-08T09:55:52.800+0000][1][safepoint    ] Leaving safepoint region
[2019-12-08T09:55:52.800+0000][1][safepoint    ] Total time for which application threads were stopped: 0.0097287 seconds, Stopping threads took: 0.0000235 seconds
[2019-12-08T09:55:53.800+0000][1][safepoint    ] Application time: 1.0001205 seconds
[2019-12-08T09:55:53.800+0000][1][safepoint    ] Entering safepoint region: Cleanup
[2019-12-08T09:55:53.800+0000][1][safepoint    ] Leaving safepoint region
[2019-12-08T09:55:53.800+0000][1][safepoint    ] Total time for which application threads were stopped: 0.0000957 seconds, Stopping threads took: 0.0000201 seconds
[2019-12-08T09:55:55.800+0000][1][safepoint    ] Application time: 2.0001482 seconds
[2019-12-08T09:55:55.800+0000][1][safepoint    ] Entering safepoint region: Cleanup
[2019-12-08T09:55:55.800+0000][1][safepoint    ] Leaving safepoint region
[2019-12-08T09:55:55.800+0000][1][safepoint    ] Total time for which application threads were stopped: 0.0000924 seconds, Stopping threads took: 0.0000215 seconds
[2019-12-08T09:55:56.800+0000][1][safepoint    ] Application time: 1.0000760 seconds
[2019-12-08T09:55:56.801+0000][1][safepoint    ] Entering safepoint region: Cleanup
[2019-12-08T09:55:56.801+0000][1][safepoint    ] Leaving safepoint region
[2019-12-08T09:55:56.801+0000][1][safepoint    ] Total time for which application threads were stopped: 0.0000895 seconds, Stopping threads took: 0.0000198 seconds
[2019-12-08T09:55:58.801+0000][1][safepoint    ] Application time: 2.0001585 seconds
[2019-12-08T09:55:58.801+0000][1][safepoint    ] Entering safepoint region: Cleanup
[2019-12-08T09:55:58.801+0000][1][safepoint    ] Leaving safepoint region
[2019-12-08T09:55:58.801+0000][1][safepoint    ] Total time for which application threads were stopped: 0.0001041 seconds, Stopping threads took: 0.0000215 seconds
[2019-12-08T09:55:59.801+0000][1][safepoint    ] Application time: 1.0000863 seconds
[2019-12-08T09:55:59.801+0000][1][safepoint    ] Entering safepoint region: Cleanup
[2019-12-08T09:55:59.801+0000][1][safepoint    ] Leaving safepoint region
[2019-12-08T09:55:59.801+0000][1][safepoint    ] Total time for which application threads were stopped: 0.0001079 seconds, Stopping threads took: 0.0000322 seconds
[2019-12-08T09:56:00.801+0000][1][safepoint    ] Application time: 1.0000780 seconds
[2019-12-08T09:56:00.801+0000][1][safepoint    ] Entering safepoint region: Cleanup
[2019-12-08T09:56:00.801+0000][1][safepoint    ] Leaving safepoint region
[2019-12-08T09:56:00.801+0000][1][safepoint    ] Total time for which application threads were stopped: 0.0000896 seconds, Stopping threads took: 0.0000186 seconds
[2019-12-08T09:56:03.802+0000][1][safepoint    ] Application time: 3.0002246 seconds
[2019-12-08T09:56:03.802+0000][1][safepoint    ] Entering safepoint region: Cleanup
[2019-12-08T09:56:03.802+0000][1][safepoint    ] Leaving safepoint region
[2019-12-08T09:56:03.802+0000][1][safepoint    ] Total time for which application threads were stopped: 0.0001282 seconds, Stopping threads took: 0.0000181 seconds
[2019-12-08T09:56:04.802+0000][1][safepoint    ] Application time: 1.0000805 seconds
[2019-12-08T09:56:04.802+0000][1][safepoint    ] Entering safepoint region: Cleanup
[2019-12-08T09:56:04.802+0000][1][safepoint    ] Leaving safepoint region
[2019-12-08T09:56:04.802+0000][1][safepoint    ] Total time for which application threads were stopped: 0.0000919 seconds, Stopping threads took: 0.0000191 seconds
[2019-12-08T09:56:07.802+0000][1][safepoint    ] Application time: 3.0002300 seconds
[2019-12-08T09:56:07.802+0000][1][safepoint    ] Entering safepoint region: Cleanup
[2019-12-08T09:56:07.802+0000][1][safepoint    ] Leaving safepoint region
[2019-12-08T09:56:07.802+0000][1][safepoint    ] Total time for which application threads were stopped: 0.0000925 seconds, Stopping threads took: 0.0000203 seconds
[2019-12-08T09:56:09.802+0000][1][safepoint    ] Application time: 2.0001471 seconds
[2019-12-08T09:56:09.803+0000][1][safepoint    ] Entering safepoint region: Cleanup
[2019-12-08T09:56:09.803+0000][1][safepoint    ] Leaving safepoint region
[2019-12-08T09:56:09.803+0000][1][safepoint    ] Total time for which application threads were stopped: 0.0000922 seconds, Stopping threads took: 0.0000185 seconds
[2019-12-08T09:56:10.803+0000][1][safepoint    ] Application time: 1.0000758 seconds
[2019-12-08T09:56:10.803+0000][1][safepoint    ] Entering safepoint region: Cleanup
[2019-12-08T09:56:10.803+0000][1][safepoint    ] Leaving safepoint region
[2019-12-08T09:56:10.803+0000][1][safepoint    ] Total time for which application threads were stopped: 0.0000843 seconds, Stopping threads took: 0.0000194 seconds
[2019-12-08T09:56:12.803+0000][1][safepoint    ] Application time: 2.0001592 seconds
[2019-12-08T09:56:12.803+0000][1][safepoint    ] Entering safepoint region: Cleanup
[2019-12-08T09:56:12.803+0000][1][safepoint    ] Leaving safepoint region
[2019-12-08T09:56:12.803+0000][1][safepoint    ] Total time for which application threads were stopped: 0.0000963 seconds, Stopping threads took: 0.0000203 seconds
[2019-12-08T09:56:13.803+0000][1][safepoint    ] Application time: 1.0000764 seconds
[2019-12-08T09:56:13.803+0000][1][safepoint    ] Entering safepoint region: Cleanup
[2019-12-08T09:56:13.803+0000][1][safepoint    ] Leaving safepoint region
[2019-12-08T09:56:13.803+0000][1][safepoint    ] Total time for which application threads were stopped: 0.0000894 seconds, Stopping threads took: 0.0000175 seconds
[2019-12-08T09:56:16.804+0000][1][safepoint    ] Application time: 3.0002144 seconds
[2019-12-08T09:56:16.804+0000][1][safepoint    ] Entering safepoint region: Cleanup
[2019-12-08T09:56:16.804+0000][1][safepoint    ] Leaving safepoint region
[2019-12-08T09:56:16.804+0000][1][safepoint    ] Total time for which application threads were stopped: 0.0000853 seconds, Stopping threads took: 0.0000192 seconds
[2019-12-08T09:56:18.804+0000][1][safepoint    ] Application time: 2.0001472 seconds
[2019-12-08T09:56:18.804+0000][1][safepoint    ] Entering safepoint region: Cleanup
[2019-12-08T09:56:18.804+0000][1][safepoint    ] Leaving safepoint region
[2019-12-08T09:56:18.804+0000][1][safepoint    ] Total time for which application threads were stopped: 0.0000837 seconds, Stopping threads took: 0.0000176 seconds
[2019-12-08T09:56:19.804+0000][1][safepoint    ] Application time: 1.0000774 seconds
[2019-12-08T09:56:19.804+0000][1][safepoint    ] Entering safepoint region: Cleanup
[2019-12-08T09:56:19.804+0000][1][safepoint    ] Leaving safepoint region
[2019-12-08T09:56:19.804+0000][1][safepoint    ] Total time for which application threads were stopped: 0.0000891 seconds, Stopping threads took: 0.0000187 seconds
[2019-12-08T09:56:21.804+0000][1][safepoint    ] Application time: 2.0001429 seconds
[2019-12-08T09:56:21.804+0000][1][safepoint    ] Entering safepoint region: Cleanup
[2019-12-08T09:56:21.804+0000][1][safepoint    ] Leaving safepoint region
[2019-12-08T09:56:21.804+0000][1][safepoint    ] Total time for which application threads were stopped: 0.0000844 seconds, Stopping threads took: 0.0000177 seconds
[2019-12-08T09:56:22.805+0000][1][safepoint    ] Application time: 1.0000760 seconds
[2019-12-08T09:56:22.805+0000][1][safepoint    ] Entering safepoint region: Cleanup
[2019-12-08T09:56:22.805+0000][1][safepoint    ] Leaving safepoint region
[2019-12-08T09:56:22.805+0000][1][safepoint    ] Total time for which application threads were stopped: 0.0000867 seconds, Stopping threads took: 0.0000171 seconds
[2019-12-08T09:56:23.805+0000][1][safepoint    ] Application time: 1.0000784 seconds
[2019-12-08T09:56:23.805+0000][1][safepoint    ] Entering safepoint region: Cleanup
[2019-12-08T09:56:23.805+0000][1][safepoint    ] Leaving safepoint region
[2019-12-08T09:56:23.805+0000][1][safepoint    ] Total time for which application threads were stopped: 0.0000909 seconds, Stopping threads took: 0.0000184 seconds
[2019-12-08T09:56:24.805+0000][1][safepoint    ] Application time: 1.0000758 seconds
[2019-12-08T09:56:24.805+0000][1][safepoint    ] Entering safepoint region: Cleanup
[2019-12-08T09:56:24.805+0000][1][safepoint    ] Leaving safepoint region
[2019-12-08T09:56:24.805+0000][1][safepoint    ] Total time for which application threads were stopped: 0.0000953 seconds, Stopping threads took: 0.0000194 seconds
[2019-12-08T09:56:27.805+0000][1][safepoint    ] Application time: 3.0002323 seconds
[2019-12-08T09:56:27.805+0000][1][safepoint    ] Entering safepoint region: Cleanup
[2019-12-08T09:56:27.805+0000][1][safepoint    ] Leaving safepoint region
[2019-12-08T09:56:27.805+0000][1][safepoint    ] Total time for which application threads were stopped: 0.0000991 seconds, Stopping threads took: 0.0000272 seconds
[2019-12-08T09:56:28.806+0000][1][safepoint    ] Application time: 1.0000776 seconds
[2019-12-08T09:56:28.806+0000][1][safepoint    ] Entering safepoint region: Cleanup
[2019-12-08T09:56:28.806+0000][1][safepoint    ] Leaving safepoint region
[2019-12-08T09:56:28.806+0000][1][safepoint    ] Total time for which application threads were stopped: 0.0000852 seconds, Stopping threads took: 0.0000192 seconds
[2019-12-08T09:56:29.806+0000][1][safepoint    ] Application time: 1.0000872 seconds
[2019-12-08T09:56:29.806+0000][1][safepoint    ] Entering safepoint region: Cleanup
[2019-12-08T09:56:29.806+0000][1][safepoint    ] Leaving safepoint region
[2019-12-08T09:56:29.806+0000][1][safepoint    ] Total time for which application threads were stopped: 0.0000855 seconds, Stopping threads took: 0.0000196 seconds
[2019-12-08T09:56:31.806+0000][1][safepoint    ] Application time: 2.0001500 seconds
[2019-12-08T09:56:31.806+0000][1][safepoint    ] Entering safepoint region: Cleanup
[2019-12-08T09:56:31.806+0000][1][safepoint    ] Leaving safepoint region
[2019-12-08T09:56:31.806+0000][1][safepoint    ] Total time for which application threads were stopped: 0.0000822 seconds, Stopping threads took: 0.0000178 seconds
[2019-12-08T09:56:32.806+0000][1][safepoint    ] Application time: 1.0000929 seconds
[2019-12-08T09:56:32.806+0000][1][safepoint    ] Entering safepoint region: Cleanup
[2019-12-08T09:56:32.806+0000][1][safepoint    ] Leaving safepoint region
[2019-12-08T09:56:32.806+0000][1][safepoint    ] Total time for which application threads were stopped: 0.0000898 seconds, Stopping threads took: 0.0000205 seconds
[2019-12-08T09:56:33.806+0000][1][safepoint    ] Application time: 1.0000813 seconds
[2019-12-08T09:56:33.806+0000][1][safepoint    ] Entering safepoint region: Cleanup
[2019-12-08T09:56:33.807+0000][1][safepoint    ] Leaving safepoint region
[2019-12-08T09:56:33.807+0000][1][safepoint    ] Total time for which application threads were stopped: 0.0000903 seconds, Stopping threads took: 0.0000238 seconds
[2019-12-08T09:56:37.807+0000][1][safepoint    ] Application time: 4.0002924 seconds
[2019-12-08T09:56:37.807+0000][1][safepoint    ] Entering safepoint region: Cleanup
[2019-12-08T09:56:37.807+0000][1][safepoint    ] Leaving safepoint region
[2019-12-08T09:56:37.807+0000][1][safepoint    ] Total time for which application threads were stopped: 0.0000827 seconds, Stopping threads took: 0.0000184 seconds
[2019-12-08T09:56:40.807+0000][1][safepoint    ] Application time: 3.0002181 seconds
[2019-12-08T09:56:40.807+0000][1][safepoint    ] Entering safepoint region: Cleanup
[2019-12-08T09:56:40.807+0000][1][safepoint    ] Leaving safepoint region
[2019-12-08T09:56:40.807+0000][1][safepoint    ] Total time for which application threads were stopped: 0.0000764 seconds, Stopping threads took: 0.0000163 seconds
[2019-12-08T09:56:42.807+0000][1][safepoint    ] Application time: 2.0001481 seconds
[2019-12-08T09:56:42.808+0000][1][safepoint    ] Entering safepoint region: Cleanup
[2019-12-08T09:56:42.808+0000][1][safepoint    ] Leaving safepoint region
[2019-12-08T09:56:42.808+0000][1][safepoint    ] Total time for which application threads were stopped: 0.0000821 seconds, Stopping threads took: 0.0000172 seconds
[2019-12-08T09:56:43.808+0000][1][safepoint    ] Application time: 1.0000774 seconds
[2019-12-08T09:56:43.808+0000][1][safepoint    ] Entering safepoint region: Cleanup
[2019-12-08T09:56:43.808+0000][1][safepoint    ] Leaving safepoint region
[2019-12-08T09:56:43.808+0000][1][safepoint    ] Total time for which application threads were stopped: 0.0000926 seconds, Stopping threads took: 0.0000189 seconds
[2019-12-08T09:56:51.808+0000][1][safepoint    ] Application time: 8.0005537 seconds
[2019-12-08T09:56:51.808+0000][1][safepoint    ] Entering safepoint region: Cleanup
[2019-12-08T09:56:51.808+0000][1][safepoint    ] Leaving safepoint region
[2019-12-08T09:56:51.808+0000][1][safepoint    ] Total time for which application threads were stopped: 0.0000767 seconds, Stopping threads took: 0.0000158 seconds
[2019-12-08T09:56:55.809+0000][1][safepoint    ] Application time: 4.0002888 seconds
[2019-12-08T09:56:55.809+0000][1][safepoint    ] Entering safepoint region: Cleanup
[2019-12-08T09:56:55.809+0000][1][safepoint    ] Leaving safepoint region
[2019-12-08T09:56:55.809+0000][1][safepoint    ] Total time for which application threads were stopped: 0.0000817 seconds, Stopping threads took: 0.0000175 seconds
[2019-12-08T09:56:56.809+0000][1][safepoint    ] Application time: 1.0000841 seconds
[2019-12-08T09:56:56.809+0000][1][safepoint    ] Entering safepoint region: Cleanup
[2019-12-08T09:56:56.809+0000][1][safepoint    ] Leaving safepoint region
[2019-12-08T09:56:56.809+0000][1][safepoint    ] Total time for which application threads were stopped: 0.0000888 seconds, Stopping threads took: 0.0000194 seconds
[2019-12-08T09:56:58.809+0000][1][safepoint    ] Application time: 2.0001451 seconds
[2019-12-08T09:56:58.809+0000][1][safepoint    ] Entering safepoint region: Cleanup
[2019-12-08T09:56:58.809+0000][1][safepoint    ] Leaving safepoint region
[2019-12-08T09:56:58.809+0000][1][safepoint    ] Total time for which application threads were stopped: 0.0000833 seconds, Stopping threads took: 0.0000177 seconds
[2019-12-08T09:57:02.810+0000][1][safepoint    ] Application time: 4.0002996 seconds
[2019-12-08T09:57:02.810+0000][1][safepoint    ] Entering safepoint region: Cleanup
[2019-12-08T09:57:02.810+0000][1][safepoint    ] Leaving safepoint region
[2019-12-08T09:57:02.810+0000][1][safepoint    ] Total time for which application threads were stopped: 0.0000847 seconds, Stopping threads took: 0.0000182 seconds
[2019-12-08T09:57:07.810+0000][1][safepoint    ] Application time: 5.0003566 seconds
[2019-12-08T09:57:07.810+0000][1][safepoint    ] Entering safepoint region: Cleanup
[2019-12-08T09:57:07.810+0000][1][safepoint    ] Leaving safepoint region
[2019-12-08T09:57:07.810+0000][1][safepoint    ] Total time for which application threads were stopped: 0.0000842 seconds, Stopping threads took: 0.0000189 seconds
[2019-12-08T09:57:09.810+0000][1][safepoint    ] Application time: 2.0001540 seconds
[2019-12-08T09:57:09.811+0000][1][safepoint    ] Entering safepoint region: Cleanup
[2019-12-08T09:57:09.811+0000][1][safepoint    ] Leaving safepoint region
[2019-12-08T09:57:09.811+0000][1][safepoint    ] Total time for which application threads were stopped: 0.0000873 seconds, Stopping threads took: 0.0000181 seconds
[2019-12-08T09:57:10.811+0000][1][safepoint    ] Application time: 1.0000433 seconds
[2019-12-08T09:57:10.811+0000][1][safepoint    ] Entering safepoint region: Cleanup
[2019-12-08T09:57:10.811+0000][1][safepoint    ] Leaving safepoint region
[2019-12-08T09:57:10.811+0000][1][safepoint    ] Total time for which application threads were stopped: 0.0000954 seconds, Stopping threads took: 0.0000287 seconds
[2019-12-08T09:57:14.811+0000][1][safepoint    ] Application time: 4.0003178 seconds
[2019-12-08T09:57:14.811+0000][1][safepoint    ] Entering safepoint region: Cleanup
[2019-12-08T09:57:14.811+0000][1][safepoint    ] Leaving safepoint region
[2019-12-08T09:57:14.811+0000][1][safepoint    ] Total time for which application threads were stopped: 0.0000926 seconds, Stopping threads took: 0.0000183 seconds
[2019-12-08T09:57:15.811+0000][1][safepoint    ] Application time: 1.0000795 seconds
[2019-12-08T09:57:15.811+0000][1][safepoint    ] Entering safepoint region: Cleanup
[2019-12-08T09:57:15.811+0000][1][safepoint    ] Leaving safepoint region
[2019-12-08T09:57:15.811+0000][1][safepoint    ] Total time for which application threads were stopped: 0.0000831 seconds, Stopping threads took: 0.0000180 seconds
[2019-12-08T09:57:16.812+0000][1][safepoint    ] Application time: 1.0000775 seconds
[2019-12-08T09:57:16.812+0000][1][safepoint    ] Entering safepoint region: Cleanup
[2019-12-08T09:57:16.812+0000][1][safepoint    ] Leaving safepoint region
[2019-12-08T09:57:16.812+0000][1][safepoint    ] Total time for which application threads were stopped: 0.0000834 seconds, Stopping threads took: 0.0000173 seconds
[2019-12-08T09:57:17.812+0000][1][safepoint    ] Application time: 1.0000756 seconds
[2019-12-08T09:57:17.812+0000][1][safepoint    ] Entering safepoint region: Cleanup
[2019-12-08T09:57:17.812+0000][1][safepoint    ] Leaving safepoint region
[2019-12-08T09:57:17.812+0000][1][safepoint    ] Total time for which application threads were stopped: 0.0000807 seconds, Stopping threads took: 0.0000160 seconds
[2019-12-08T09:57:19.812+0000][1][safepoint    ] Application time: 2.0001489 seconds
[2019-12-08T09:57:19.812+0000][1][safepoint    ] Entering safepoint region: Cleanup
[2019-12-08T09:57:19.812+0000][1][safepoint    ] Leaving safepoint region
[2019-12-08T09:57:19.812+0000][1][safepoint    ] Total time for which application threads were stopped: 0.0000925 seconds, Stopping threads took: 0.0000259 seconds
[2019-12-08T09:57:28.813+0000][1][safepoint    ] Application time: 9.0006245 seconds
[2019-12-08T09:57:28.813+0000][1][safepoint    ] Entering safepoint region: Cleanup
[2019-12-08T09:57:28.813+0000][1][safepoint    ] Leaving safepoint region
[2019-12-08T09:57:28.813+0000][1][safepoint    ] Total time for which application threads were stopped: 0.0000917 seconds, Stopping threads took: 0.0000264 seconds
[2019-12-08T09:57:29.813+0000][1][safepoint    ] Application time: 1.0000846 seconds
[2019-12-08T09:57:29.813+0000][1][safepoint    ] Entering safepoint region: Cleanup
[2019-12-08T09:57:29.813+0000][1][safepoint    ] Leaving safepoint region
[2019-12-08T09:57:29.813+0000][1][safepoint    ] Total time for which application threads were stopped: 0.0000939 seconds, Stopping threads took: 0.0000196 seconds
[2019-12-08T09:57:31.813+0000][1][safepoint    ] Application time: 2.0001473 seconds
[2019-12-08T09:57:31.813+0000][1][safepoint    ] Entering safepoint region: Cleanup
[2019-12-08T09:57:31.813+0000][1][safepoint    ] Leaving safepoint region
[2019-12-08T09:57:31.813+0000][1][safepoint    ] Total time for which application threads were stopped: 0.0000838 seconds, Stopping threads took: 0.0000181 seconds
[2019-12-08T09:57:32.813+0000][1][safepoint    ] Application time: 1.0000814 seconds
[2019-12-08T09:57:32.813+0000][1][safepoint    ] Entering safepoint region: Cleanup
[2019-12-08T09:57:32.814+0000][1][safepoint    ] Leaving safepoint region
[2019-12-08T09:57:32.814+0000][1][safepoint    ] Total time for which application threads were stopped: 0.0000856 seconds, Stopping threads took: 0.0000196 seconds
[2019-12-08T09:57:41.814+0000][1][safepoint    ] Application time: 9.0006262 seconds
[2019-12-08T09:57:41.814+0000][1][safepoint    ] Entering safepoint region: Cleanup
[2019-12-08T09:57:41.814+0000][1][safepoint    ] Leaving safepoint region
[2019-12-08T09:57:41.814+0000][1][safepoint    ] Total time for which application threads were stopped: 0.0000951 seconds, Stopping threads took: 0.0000269 seconds
[2019-12-08T09:57:43.814+0000][1][safepoint    ] Application time: 2.0001500 seconds
[2019-12-08T09:57:43.815+0000][1][safepoint    ] Entering safepoint region: Cleanup
[2019-12-08T09:57:43.815+0000][1][safepoint    ] Leaving safepoint region
[2019-12-08T09:57:43.815+0000][1][safepoint    ] Total time for which application threads were stopped: 0.0000831 seconds, Stopping threads took: 0.0000191 seconds
[2019-12-08T09:57:44.815+0000][1][safepoint    ] Application time: 1.0000835 seconds
[2019-12-08T09:57:44.815+0000][1][safepoint    ] Entering safepoint region: Cleanup
[2019-12-08T09:57:44.815+0000][1][safepoint    ] Leaving safepoint region
[2019-12-08T09:57:44.815+0000][1][safepoint    ] Total time for which application threads were stopped: 0.0000849 seconds, Stopping threads took: 0.0000187 seconds
[2019-12-08T09:57:45.815+0000][1][safepoint    ] Application time: 1.0000774 seconds
[2019-12-08T09:57:45.815+0000][1][safepoint    ] Entering safepoint region: Cleanup
[2019-12-08T09:57:45.815+0000][1][safepoint    ] Leaving safepoint region
[2019-12-08T09:57:45.815+0000][1][safepoint    ] Total time for which application threads were stopped: 0.0000835 seconds, Stopping threads took: 0.0000178 seconds
[2019-12-08T09:57:47.815+0000][1][safepoint    ] Application time: 2.0001471 seconds
[2019-12-08T09:57:47.815+0000][1][safepoint    ] Entering safepoint region: Cleanup
[2019-12-08T09:57:47.815+0000][1][safepoint    ] Leaving safepoint region
[2019-12-08T09:57:47.815+0000][1][safepoint    ] Total time for which application threads were stopped: 0.0000860 seconds, Stopping threads took: 0.0000175 seconds
[2019-12-08T09:57:48.815+0000][1][safepoint    ] Application time: 1.0000811 seconds
[2019-12-08T09:57:48.815+0000][1][safepoint    ] Entering safepoint region: Cleanup
[2019-12-08T09:57:48.815+0000][1][safepoint    ] Leaving safepoint region
[2019-12-08T09:57:48.815+0000][1][safepoint    ] Total time for which application threads were stopped: 0.0000826 seconds, Stopping threads took: 0.0000186 seconds
[2019-12-08T09:57:49.816+0000][1][safepoint    ] Application time: 1.0000802 seconds
[2019-12-08T09:57:49.816+0000][1][safepoint    ] Entering safepoint region: Cleanup
[2019-12-08T09:57:49.816+0000][1][safepoint    ] Leaving safepoint region
[2019-12-08T09:57:49.816+0000][1][safepoint    ] Total time for which application threads were stopped: 0.0001014 seconds, Stopping threads took: 0.0000184 seconds
[2019-12-08T09:57:50.816+0000][1][safepoint    ] Application time: 1.0000873 seconds
[2019-12-08T09:57:50.816+0000][1][safepoint    ] Entering safepoint region: Cleanup
[2019-12-08T09:57:50.816+0000][1][safepoint    ] Leaving safepoint region
[2019-12-08T09:57:50.816+0000][1][safepoint    ] Total time for which application threads were stopped: 0.0000876 seconds, Stopping threads took: 0.0000189 seconds
[2019-12-08T09:57:51.816+0000][1][safepoint    ] Application time: 1.0000796 seconds
[2019-12-08T09:57:51.816+0000][1][safepoint    ] Entering safepoint region: Cleanup
[2019-12-08T09:57:51.816+0000][1][safepoint    ] Leaving safepoint region
[2019-12-08T09:57:51.816+0000][1][safepoint    ] Total time for which application threads were stopped: 0.0000917 seconds, Stopping threads took: 0.0000242 seconds
[2019-12-08T09:57:53.816+0000][1][safepoint    ] Application time: 2.0001482 seconds
[2019-12-08T09:57:53.816+0000][1][safepoint    ] Entering safepoint region: Cleanup
[2019-12-08T09:57:53.816+0000][1][safepoint    ] Leaving safepoint region
[2019-12-08T09:57:53.816+0000][1][safepoint    ] Total time for which application threads were stopped: 0.0000912 seconds, Stopping threads took: 0.0000192 seconds
[2019-12-08T09:57:57.817+0000][1][safepoint    ] Application time: 4.0002583 seconds
[2019-12-08T09:57:57.817+0000][1][safepoint    ] Entering safepoint region: Cleanup
[2019-12-08T09:57:57.817+0000][1][safepoint    ] Leaving safepoint region
[2019-12-08T09:57:57.817+0000][1][safepoint    ] Total time for which application threads were stopped: 0.0000872 seconds, Stopping threads took: 0.0000169 seconds
[2019-12-08T09:58:01.817+0000][1][safepoint    ] Application time: 4.0002880 seconds
[2019-12-08T09:58:01.817+0000][1][safepoint    ] Entering safepoint region: Cleanup
[2019-12-08T09:58:01.817+0000][1][safepoint    ] Leaving safepoint region
[2019-12-08T09:58:01.817+0000][1][safepoint    ] Total time for which application threads were stopped: 0.0001179 seconds, Stopping threads took: 0.0000255 seconds
[2019-12-08T09:58:03.817+0000][1][safepoint    ] Application time: 2.0001426 seconds
[2019-12-08T09:58:03.817+0000][1][safepoint    ] Entering safepoint region: Cleanup
[2019-12-08T09:58:03.818+0000][1][safepoint    ] Leaving safepoint region
[2019-12-08T09:58:03.818+0000][1][safepoint    ] Total time for which application threads were stopped: 0.0000850 seconds, Stopping threads took: 0.0000174 seconds
[2019-12-08T09:58:04.818+0000][1][safepoint    ] Application time: 1.0000835 seconds
[2019-12-08T09:58:04.818+0000][1][safepoint    ] Entering safepoint region: Cleanup
[2019-12-08T09:58:04.818+0000][1][safepoint    ] Leaving safepoint region
[2019-12-08T09:58:04.818+0000][1][safepoint    ] Total time for which application threads were stopped: 0.0000959 seconds, Stopping threads took: 0.0000302 seconds
[2019-12-08T09:58:06.818+0000][1][safepoint    ] Application time: 2.0001541 seconds
[2019-12-08T09:58:06.818+0000][1][safepoint    ] Entering safepoint region: Cleanup
[2019-12-08T09:58:06.818+0000][1][safepoint    ] Leaving safepoint region
[2019-12-08T09:58:06.818+0000][1][safepoint    ] Total time for which application threads were stopped: 0.0000846 seconds, Stopping threads took: 0.0000187 seconds
[2019-12-08T09:58:12.818+0000][1][safepoint    ] Application time: 6.0004121 seconds
[2019-12-08T09:58:12.819+0000][1][safepoint    ] Entering safepoint region: Cleanup
[2019-12-08T09:58:12.819+0000][1][safepoint    ] Leaving safepoint region
[2019-12-08T09:58:12.819+0000][1][safepoint    ] Total time for which application threads were stopped: 0.0000845 seconds, Stopping threads took: 0.0000176 seconds
[2019-12-08T09:58:13.819+0000][1][safepoint    ] Application time: 1.0000746 seconds
[2019-12-08T09:58:13.819+0000][1][safepoint    ] Entering safepoint region: Cleanup
[2019-12-08T09:58:13.819+0000][1][safepoint    ] Leaving safepoint region
[2019-12-08T09:58:13.819+0000][1][safepoint    ] Total time for which application threads were stopped: 0.0000773 seconds, Stopping threads took: 0.0000174 seconds
[2019-12-08T09:58:14.819+0000][1][safepoint    ] Application time: 1.0000795 seconds
[2019-12-08T09:58:14.819+0000][1][safepoint    ] Entering safepoint region: Cleanup
[2019-12-08T09:58:14.819+0000][1][safepoint    ] Leaving safepoint region
[2019-12-08T09:58:14.819+0000][1][safepoint    ] Total time for which application threads were stopped: 0.0000825 seconds, Stopping threads took: 0.0000187 seconds
[2019-12-08T09:58:15.819+0000][1][safepoint    ] Application time: 1.0000822 seconds
[2019-12-08T09:58:15.819+0000][1][safepoint    ] Entering safepoint region: Cleanup
[2019-12-08T09:58:15.819+0000][1][safepoint    ] Leaving safepoint region
[2019-12-08T09:58:15.819+0000][1][safepoint    ] Total time for which application threads were stopped: 0.0000939 seconds, Stopping threads took: 0.0000297 seconds
[2019-12-08T09:58:16.819+0000][1][safepoint    ] Application time: 1.0000812 seconds
[2019-12-08T09:58:16.819+0000][1][safepoint    ] Entering safepoint region: Cleanup
[2019-12-08T09:58:16.819+0000][1][safepoint    ] Leaving safepoint region
[2019-12-08T09:58:16.819+0000][1][safepoint    ] Total time for which application threads were stopped: 0.0000783 seconds, Stopping threads took: 0.0000171 seconds
[2019-12-08T09:58:17.820+0000][1][safepoint    ] Application time: 1.0000780 seconds
[2019-12-08T09:58:17.820+0000][1][safepoint    ] Entering safepoint region: Cleanup
[2019-12-08T09:58:17.820+0000][1][safepoint    ] Leaving safepoint region
[2019-12-08T09:58:17.820+0000][1][safepoint    ] Total time for which application threads were stopped: 0.0000793 seconds, Stopping threads took: 0.0000186 seconds
[2019-12-08T09:58:18.820+0000][1][safepoint    ] Application time: 1.0000805 seconds
[2019-12-08T09:58:18.820+0000][1][safepoint    ] Entering safepoint region: Cleanup
[2019-12-08T09:58:18.820+0000][1][safepoint    ] Leaving safepoint region
[2019-12-08T09:58:18.820+0000][1][safepoint    ] Total time for which application threads were stopped: 0.0000874 seconds, Stopping threads took: 0.0000177 seconds
[2019-12-08T09:58:19.820+0000][1][safepoint    ] Application time: 1.0000967 seconds
[2019-12-08T09:58:19.820+0000][1][safepoint    ] Entering safepoint region: Cleanup
[2019-12-08T09:58:19.820+0000][1][safepoint    ] Leaving safepoint region
[2019-12-08T09:58:19.820+0000][1][safepoint    ] Total time for which application threads were stopped: 0.0000825 seconds, Stopping threads took: 0.0000190 seconds
[2019-12-08T09:58:20.820+0000][1][safepoint    ] Application time: 1.0000784 seconds
[2019-12-08T09:58:20.820+0000][1][safepoint    ] Entering safepoint region: Cleanup
[2019-12-08T09:58:20.820+0000][1][safepoint    ] Leaving safepoint region
[2019-12-08T09:58:20.820+0000][1][safepoint    ] Total time for which application threads were stopped: 0.0000820 seconds, Stopping threads took: 0.0000194 seconds
[2019-12-08T09:58:21.820+0000][1][safepoint    ] Application time: 1.0000773 seconds
[2019-12-08T09:58:21.820+0000][1][safepoint    ] Entering safepoint region: Cleanup
[2019-12-08T09:58:21.820+0000][1][safepoint    ] Leaving safepoint region
[2019-12-08T09:58:21.820+0000][1][safepoint    ] Total time for which application threads were stopped: 0.0000793 seconds, Stopping threads took: 0.0000175 seconds
[2019-12-08T09:58:22.821+0000][1][safepoint    ] Application time: 1.0000784 seconds
[2019-12-08T09:58:22.821+0000][1][safepoint    ] Entering safepoint region: Cleanup
[2019-12-08T09:58:22.821+0000][1][safepoint    ] Leaving safepoint region
[2019-12-08T09:58:22.821+0000][1][safepoint    ] Total time for which application threads were stopped: 0.0000783 seconds, Stopping threads took: 0.0000172 seconds
[2019-12-08T09:58:23.821+0000][1][safepoint    ] Application time: 1.0000792 seconds
[2019-12-08T09:58:23.821+0000][1][safepoint    ] Entering safepoint region: Cleanup
[2019-12-08T09:58:23.821+0000][1][safepoint    ] Leaving safepoint region
[2019-12-08T09:58:23.821+0000][1][safepoint    ] Total time for which application threads were stopped: 0.0000849 seconds, Stopping threads took: 0.0000178 seconds
[2019-12-08T09:58:24.821+0000][1][safepoint    ] Application time: 1.0000763 seconds
[2019-12-08T09:58:24.821+0000][1][safepoint    ] Entering safepoint region: Cleanup
[2019-12-08T09:58:24.821+0000][1][safepoint    ] Leaving safepoint region
[2019-12-08T09:58:24.821+0000][1][safepoint    ] Total time for which application threads were stopped: 0.0000781 seconds, Stopping threads took: 0.0000166 seconds
[2019-12-08T09:58:25.821+0000][1][safepoint    ] Application time: 1.0000782 seconds
[2019-12-08T09:58:25.821+0000][1][safepoint    ] Entering safepoint region: Cleanup
[2019-12-08T09:58:25.821+0000][1][safepoint    ] Leaving safepoint region
[2019-12-08T09:58:25.821+0000][1][safepoint    ] Total time for which application threads were stopped: 0.0000958 seconds, Stopping threads took: 0.0000303 seconds
[2019-12-08T09:58:26.821+0000][1][safepoint    ] Application time: 1.0000806 seconds
[2019-12-08T09:58:26.821+0000][1][safepoint    ] Entering safepoint region: Cleanup
[2019-12-08T09:58:26.821+0000][1][safepoint    ] Leaving safepoint region
[2019-12-08T09:58:26.821+0000][1][safepoint    ] Total time for which application threads were stopped: 0.0000827 seconds, Stopping threads took: 0.0000176 seconds
[2019-12-08T09:58:27.822+0000][1][safepoint    ] Application time: 1.0000802 seconds
[2019-12-08T09:58:27.822+0000][1][safepoint    ] Entering safepoint region: Cleanup
[2019-12-08T09:58:27.822+0000][1][safepoint    ] Leaving safepoint region
[2019-12-08T09:58:27.822+0000][1][safepoint    ] Total time for which application threads were stopped: 0.0000833 seconds, Stopping threads took: 0.0000192 seconds
[2019-12-08T09:58:28.822+0000][1][safepoint    ] Application time: 1.0000809 seconds
[2019-12-08T09:58:28.822+0000][1][safepoint    ] Entering safepoint region: Cleanup
[2019-12-08T09:58:28.822+0000][1][safepoint    ] Leaving safepoint region
[2019-12-08T09:58:28.822+0000][1][safepoint    ] Total time for which application threads were stopped: 0.0000810 seconds, Stopping threads took: 0.0000185 seconds
[2019-12-08T09:58:29.822+0000][1][safepoint    ] Application time: 1.0000838 seconds
[2019-12-08T09:58:29.822+0000][1][safepoint    ] Entering safepoint region: Cleanup
[2019-12-08T09:58:29.822+0000][1][safepoint    ] Leaving safepoint region
[2019-12-08T09:58:29.822+0000][1][safepoint    ] Total time for which application threads were stopped: 0.0000865 seconds, Stopping threads took: 0.0000180 seconds
[2019-12-08T09:58:30.822+0000][1][safepoint    ] Application time: 1.0000783 seconds
[2019-12-08T09:58:30.822+0000][1][safepoint    ] Entering safepoint region: Cleanup
[2019-12-08T09:58:30.822+0000][1][safepoint    ] Leaving safepoint region
[2019-12-08T09:58:30.822+0000][1][safepoint    ] Total time for which application threads were stopped: 0.0000822 seconds, Stopping threads took: 0.0000191 seconds
[2019-12-08T09:58:31.822+0000][1][safepoint    ] Application time: 1.0000805 seconds
[2019-12-08T09:58:31.822+0000][1][safepoint    ] Entering safepoint region: Cleanup
[2019-12-08T09:58:31.822+0000][1][safepoint    ] Leaving safepoint region
[2019-12-08T09:58:31.822+0000][1][safepoint    ] Total time for which application threads were stopped: 0.0000851 seconds, Stopping threads took: 0.0000192 seconds
[2019-12-08T09:58:32.823+0000][1][safepoint    ] Application time: 1.0000805 seconds
[2019-12-08T09:58:32.823+0000][1][safepoint    ] Entering safepoint region: Cleanup
[2019-12-08T09:58:32.823+0000][1][safepoint    ] Leaving safepoint region
[2019-12-08T09:58:32.823+0000][1][safepoint    ] Total time for which application threads were stopped: 0.0000765 seconds, Stopping threads took: 0.0000171 seconds
[2019-12-08T09:58:33.823+0000][1][safepoint    ] Application time: 1.0000878 seconds
[2019-12-08T09:58:33.823+0000][1][safepoint    ] Entering safepoint region: Cleanup
[2019-12-08T09:58:33.823+0000][1][safepoint    ] Leaving safepoint region
[2019-12-08T09:58:33.823+0000][1][safepoint    ] Total time for which application threads were stopped: 0.0000788 seconds, Stopping threads took: 0.0000180 seconds
[2019-12-08T09:58:34.823+0000][1][safepoint    ] Application time: 1.0000763 seconds
[2019-12-08T09:58:34.823+0000][1][safepoint    ] Entering safepoint region: Cleanup
[2019-12-08T09:58:34.823+0000][1][safepoint    ] Leaving safepoint region
[2019-12-08T09:58:34.823+0000][1][safepoint    ] Total time for which application threads were stopped: 0.0000876 seconds, Stopping threads took: 0.0000265 seconds
[2019-12-08T09:58:35.823+0000][1][safepoint    ] Application time: 1.0000847 seconds
[2019-12-08T09:58:35.823+0000][1][safepoint    ] Entering safepoint region: Cleanup
[2019-12-08T09:58:35.823+0000][1][safepoint    ] Leaving safepoint region
[2019-12-08T09:58:35.823+0000][1][safepoint    ] Total time for which application threads were stopped: 0.0000932 seconds, Stopping threads took: 0.0000189 seconds
[2019-12-08T09:58:36.823+0000][1][safepoint    ] Application time: 1.0000837 seconds
[2019-12-08T09:58:36.823+0000][1][safepoint    ] Entering safepoint region: Cleanup
[2019-12-08T09:58:36.824+0000][1][safepoint    ] Leaving safepoint region
[2019-12-08T09:58:36.824+0000][1][safepoint    ] Total time for which application threads were stopped: 0.0000980 seconds, Stopping threads took: 0.0000203 seconds
[2019-12-08T09:58:37.824+0000][1][safepoint    ] Application time: 1.0000841 seconds
[2019-12-08T09:58:37.824+0000][1][safepoint    ] Entering safepoint region: Cleanup
[2019-12-08T09:58:37.824+0000][1][safepoint    ] Leaving safepoint region
[2019-12-08T09:58:37.824+0000][1][safepoint    ] Total time for which application threads were stopped: 0.0000914 seconds, Stopping threads took: 0.0000175 seconds
[2019-12-08T09:58:38.824+0000][1][safepoint    ] Application time: 1.0000798 seconds
[2019-12-08T09:58:38.824+0000][1][safepoint    ] Entering safepoint region: Cleanup
[2019-12-08T09:58:38.824+0000][1][safepoint    ] Leaving safepoint region
[2019-12-08T09:58:38.824+0000][1][safepoint    ] Total time for which application threads were stopped: 0.0000846 seconds, Stopping threads took: 0.0000195 seconds
[2019-12-08T09:58:39.824+0000][1][safepoint    ] Application time: 1.0000792 seconds
[2019-12-08T09:58:39.824+0000][1][safepoint    ] Entering safepoint region: Cleanup
[2019-12-08T09:58:39.824+0000][1][safepoint    ] Leaving safepoint region
[2019-12-08T09:58:39.824+0000][1][safepoint    ] Total time for which application threads were stopped: 0.0000818 seconds, Stopping threads took: 0.0000200 seconds
[2019-12-08T09:58:40.824+0000][1][safepoint    ] Application time: 1.0000796 seconds
[2019-12-08T09:58:40.824+0000][1][safepoint    ] Entering safepoint region: Cleanup
[2019-12-08T09:58:40.824+0000][1][safepoint    ] Leaving safepoint region
[2019-12-08T09:58:40.824+0000][1][safepoint    ] Total time for which application threads were stopped: 0.0000826 seconds, Stopping threads took: 0.0000181 seconds
[2019-12-08T09:58:41.824+0000][1][safepoint    ] Application time: 1.0000806 seconds
[2019-12-08T09:58:41.824+0000][1][safepoint    ] Entering safepoint region: Cleanup
[2019-12-08T09:58:41.825+0000][1][safepoint    ] Leaving safepoint region
[2019-12-08T09:58:41.825+0000][1][safepoint    ] Total time for which application threads were stopped: 0.0000832 seconds, Stopping threads took: 0.0000191 seconds
[2019-12-08T09:58:42.825+0000][1][safepoint    ] Application time: 1.0000798 seconds
[2019-12-08T09:58:42.825+0000][1][safepoint    ] Entering safepoint region: Cleanup
[2019-12-08T09:58:42.825+0000][1][safepoint    ] Leaving safepoint region
[2019-12-08T09:58:42.825+0000][1][safepoint    ] Total time for which application threads were stopped: 0.0000838 seconds, Stopping threads took: 0.0000209 seconds
[2019-12-08T09:58:43.825+0000][1][safepoint    ] Application time: 1.0000796 seconds
[2019-12-08T09:58:43.825+0000][1][safepoint    ] Entering safepoint region: Cleanup
[2019-12-08T09:58:43.825+0000][1][safepoint    ] Leaving safepoint region
[2019-12-08T09:58:43.825+0000][1][safepoint    ] Total time for which application threads were stopped: 0.0000853 seconds, Stopping threads took: 0.0000190 seconds
[2019-12-08T09:58:44.825+0000][1][safepoint    ] Application time: 1.0000820 seconds
[2019-12-08T09:58:44.825+0000][1][safepoint    ] Entering safepoint region: Cleanup
[2019-12-08T09:58:44.825+0000][1][safepoint    ] Leaving safepoint region
[2019-12-08T09:58:44.825+0000][1][safepoint    ] Total time for which application threads were stopped: 0.0000810 seconds, Stopping threads took: 0.0000186 seconds
[2019-12-08T09:58:45.825+0000][1][safepoint    ] Application time: 1.0000781 seconds
[2019-12-08T09:58:45.825+0000][1][safepoint    ] Entering safepoint region: Cleanup
[2019-12-08T09:58:45.825+0000][1][safepoint    ] Leaving safepoint region
[2019-12-08T09:58:45.825+0000][1][safepoint    ] Total time for which application threads were stopped: 0.0000921 seconds, Stopping threads took: 0.0000179 seconds
[2019-12-08T09:58:46.825+0000][1][safepoint    ] Application time: 1.0000768 seconds
[2019-12-08T09:58:46.826+0000][1][safepoint    ] Entering safepoint region: Cleanup
[2019-12-08T09:58:46.826+0000][1][safepoint    ] Leaving safepoint region
[2019-12-08T09:58:46.826+0000][1][safepoint    ] Total time for which application threads were stopped: 0.0000787 seconds, Stopping threads took: 0.0000176 seconds
[2019-12-08T09:58:47.826+0000][1][safepoint    ] Application time: 1.0000936 seconds
[2019-12-08T09:58:47.826+0000][1][safepoint    ] Entering safepoint region: Cleanup
[2019-12-08T09:58:47.826+0000][1][safepoint    ] Leaving safepoint region
[2019-12-08T09:58:47.826+0000][1][safepoint    ] Total time for which application threads were stopped: 0.0000804 seconds, Stopping threads took: 0.0000178 seconds
[2019-12-08T09:58:48.826+0000][1][safepoint    ] Application time: 1.0000763 seconds
[2019-12-08T09:58:48.826+0000][1][safepoint    ] Entering safepoint region: Cleanup
[2019-12-08T09:58:48.826+0000][1][safepoint    ] Leaving safepoint region
[2019-12-08T09:58:48.826+0000][1][safepoint    ] Total time for which application threads were stopped: 0.0000865 seconds, Stopping threads took: 0.0000182 seconds
[2019-12-08T09:58:49.826+0000][1][safepoint    ] Application time: 1.0000753 seconds
[2019-12-08T09:58:49.826+0000][1][safepoint    ] Entering safepoint region: Cleanup
[2019-12-08T09:58:49.826+0000][1][safepoint    ] Leaving safepoint region
[2019-12-08T09:58:49.826+0000][1][safepoint    ] Total time for which application threads were stopped: 0.0000829 seconds, Stopping threads took: 0.0000176 seconds
[2019-12-08T09:58:50.826+0000][1][safepoint    ] Application time: 1.0000759 seconds
[2019-12-08T09:58:50.826+0000][1][safepoint    ] Entering safepoint region: Cleanup
[2019-12-08T09:58:50.826+0000][1][safepoint    ] Leaving safepoint region
[2019-12-08T09:58:50.826+0000][1][safepoint    ] Total time for which application threads were stopped: 0.0000842 seconds, Stopping threads took: 0.0000191 seconds
[2019-12-08T09:58:51.827+0000][1][safepoint    ] Application time: 1.0000754 seconds
[2019-12-08T09:58:51.827+0000][1][safepoint    ] Entering safepoint region: Cleanup
[2019-12-08T09:58:51.827+0000][1][safepoint    ] Leaving safepoint region
[2019-12-08T09:58:51.827+0000][1][safepoint    ] Total time for which application threads were stopped: 0.0000936 seconds, Stopping threads took: 0.0000188 seconds
[2019-12-08T09:58:52.827+0000][1][safepoint    ] Application time: 1.0000761 seconds
[2019-12-08T09:58:52.827+0000][1][safepoint    ] Entering safepoint region: Cleanup
[2019-12-08T09:58:52.827+0000][1][safepoint    ] Leaving safepoint region
[2019-12-08T09:58:52.827+0000][1][safepoint    ] Total time for which application threads were stopped: 0.0000783 seconds, Stopping threads took: 0.0000178 seconds
[2019-12-08T09:58:53.827+0000][1][safepoint    ] Application time: 1.0000861 seconds
[2019-12-08T09:58:53.827+0000][1][safepoint    ] Entering safepoint region: Cleanup
[2019-12-08T09:58:53.827+0000][1][safepoint    ] Leaving safepoint region
[2019-12-08T09:58:53.827+0000][1][safepoint    ] Total time for which application threads were stopped: 0.0000896 seconds, Stopping threads took: 0.0000189 seconds
[2019-12-08T09:58:54.827+0000][1][safepoint    ] Application time: 1.0000810 seconds
[2019-12-08T09:58:54.827+0000][1][safepoint    ] Entering safepoint region: Cleanup
[2019-12-08T09:58:54.827+0000][1][safepoint    ] Leaving safepoint region
[2019-12-08T09:58:54.827+0000][1][safepoint    ] Total time for which application threads were stopped: 0.0000845 seconds, Stopping threads took: 0.0000185 seconds
[2019-12-08T09:58:55.827+0000][1][safepoint    ] Application time: 1.0000804 seconds
[2019-12-08T09:58:55.827+0000][1][safepoint    ] Entering safepoint region: Cleanup
[2019-12-08T09:58:55.827+0000][1][safepoint    ] Leaving safepoint region
[2019-12-08T09:58:55.827+0000][1][safepoint    ] Total time for which application threads were stopped: 0.0000913 seconds, Stopping threads took: 0.0000180 seconds
[2019-12-08T09:58:56.828+0000][1][safepoint    ] Application time: 1.0000847 seconds
[2019-12-08T09:58:56.828+0000][1][safepoint    ] Entering safepoint region: Cleanup
[2019-12-08T09:58:56.828+0000][1][safepoint    ] Leaving safepoint region
[2019-12-08T09:58:56.828+0000][1][safepoint    ] Total time for which application threads were stopped: 0.0000809 seconds, Stopping threads took: 0.0000194 seconds
[2019-12-08T09:58:57.828+0000][1][safepoint    ] Application time: 1.0000892 seconds
[2019-12-08T09:58:57.828+0000][1][safepoint    ] Entering safepoint region: Cleanup
[2019-12-08T09:58:57.828+0000][1][safepoint    ] Leaving safepoint region
[2019-12-08T09:58:57.828+0000][1][safepoint    ] Total time for which application threads were stopped: 0.0000804 seconds, Stopping threads took: 0.0000190 seconds
[2019-12-08T09:58:58.828+0000][1][safepoint    ] Application time: 1.0000845 seconds
[2019-12-08T09:58:58.828+0000][1][safepoint    ] Entering safepoint region: Cleanup
[2019-12-08T09:58:58.828+0000][1][safepoint    ] Leaving safepoint region
[2019-12-08T09:58:58.828+0000][1][safepoint    ] Total time for which application threads were stopped: 0.0000871 seconds, Stopping threads took: 0.0000200 seconds
[2019-12-08T09:58:59.828+0000][1][safepoint    ] Application time: 1.0000781 seconds
[2019-12-08T09:58:59.828+0000][1][safepoint    ] Entering safepoint region: Cleanup
[2019-12-08T09:58:59.828+0000][1][safepoint    ] Leaving safepoint region
[2019-12-08T09:58:59.828+0000][1][safepoint    ] Total time for which application threads were stopped: 0.0000801 seconds, Stopping threads took: 0.0000192 seconds
[2019-12-08T09:59:00.828+0000][1][safepoint    ] Application time: 1.0000795 seconds
[2019-12-08T09:59:00.828+0000][1][safepoint    ] Entering safepoint region: Cleanup
[2019-12-08T09:59:00.828+0000][1][safepoint    ] Leaving safepoint region
[2019-12-08T09:59:00.828+0000][1][safepoint    ] Total time for which application threads were stopped: 0.0000846 seconds, Stopping threads took: 0.0000185 seconds
[2019-12-08T09:59:01.829+0000][1][safepoint    ] Application time: 1.0000818 seconds
[2019-12-08T09:59:01.829+0000][1][safepoint    ] Entering safepoint region: Cleanup
[2019-12-08T09:59:01.829+0000][1][safepoint    ] Leaving safepoint region
[2019-12-08T09:59:01.829+0000][1][safepoint    ] Total time for which application threads were stopped: 0.0000987 seconds, Stopping threads took: 0.0000182 seconds
[2019-12-08T09:59:02.829+0000][1][safepoint    ] Application time: 1.0000800 seconds
[2019-12-08T09:59:02.829+0000][1][safepoint    ] Entering safepoint region: Cleanup
[2019-12-08T09:59:02.829+0000][1][safepoint    ] Leaving safepoint region
[2019-12-08T09:59:02.829+0000][1][safepoint    ] Total time for which application threads were stopped: 0.0000794 seconds, Stopping threads took: 0.0000188 seconds
[2019-12-08T09:59:03.829+0000][1][safepoint    ] Application time: 1.0000807 seconds
[2019-12-08T09:59:03.829+0000][1][safepoint    ] Entering safepoint region: Cleanup
[2019-12-08T09:59:03.829+0000][1][safepoint    ] Leaving safepoint region
[2019-12-08T09:59:03.829+0000][1][safepoint    ] Total time for which application threads were stopped: 0.0000843 seconds, Stopping threads took: 0.0000187 seconds
[2019-12-08T09:59:04.829+0000][1][safepoint    ] Application time: 1.0000801 seconds
[2019-12-08T09:59:04.829+0000][1][safepoint    ] Entering safepoint region: Cleanup
[2019-12-08T09:59:04.829+0000][1][safepoint    ] Leaving safepoint region
[2019-12-08T09:59:04.829+0000][1][safepoint    ] Total time for which application threads were stopped: 0.0000803 seconds, Stopping threads took: 0.0000181 seconds
[2019-12-08T09:59:05.829+0000][1][safepoint    ] Application time: 1.0000837 seconds
[2019-12-08T09:59:05.829+0000][1][safepoint    ] Entering safepoint region: Cleanup
[2019-12-08T09:59:05.830+0000][1][safepoint    ] Leaving safepoint region
[2019-12-08T09:59:05.830+0000][1][safepoint    ] Total time for which application threads were stopped: 0.0000817 seconds, Stopping threads took: 0.0000188 seconds
[2019-12-08T09:59:06.830+0000][1][safepoint    ] Application time: 1.0000791 seconds
[2019-12-08T09:59:06.830+0000][1][safepoint    ] Entering safepoint region: Cleanup
[2019-12-08T09:59:06.830+0000][1][safepoint    ] Leaving safepoint region
[2019-12-08T09:59:06.830+0000][1][safepoint    ] Total time for which application threads were stopped: 0.0000999 seconds, Stopping threads took: 0.0000368 seconds
[2019-12-08T09:59:07.830+0000][1][safepoint    ] Application time: 1.0000785 seconds
[2019-12-08T09:59:07.830+0000][1][safepoint    ] Entering safepoint region: Cleanup
[2019-12-08T09:59:07.830+0000][1][safepoint    ] Leaving safepoint region
[2019-12-08T09:59:07.830+0000][1][safepoint    ] Total time for which application threads were stopped: 0.0000962 seconds, Stopping threads took: 0.0000179 seconds
[2019-12-08T09:59:08.830+0000][1][safepoint    ] Application time: 1.0000781 seconds
[2019-12-08T09:59:08.830+0000][1][safepoint    ] Entering safepoint region: Cleanup
[2019-12-08T09:59:08.830+0000][1][safepoint    ] Leaving safepoint region
[2019-12-08T09:59:08.830+0000][1][safepoint    ] Total time for which application threads were stopped: 0.0000803 seconds, Stopping threads took: 0.0000183 seconds
[2019-12-08T09:59:09.830+0000][1][safepoint    ] Application time: 1.0000769 seconds
[2019-12-08T09:59:09.830+0000][1][safepoint    ] Entering safepoint region: Cleanup
[2019-12-08T09:59:09.830+0000][1][safepoint    ] Leaving safepoint region
[2019-12-08T09:59:09.830+0000][1][safepoint    ] Total time for which application threads were stopped: 0.0000821 seconds, Stopping threads took: 0.0000182 seconds
[2019-12-08T09:59:10.112+0000][1][safepoint    ] Application time: 0.2811368 seconds
[2019-12-08T09:59:10.112+0000][1][safepoint    ] Entering safepoint region: GenCollectForAllocation
[2019-12-08T09:59:10.112+0000][1][gc,start     ] GC(23) Pause Young (Allocation Failure)
[2019-12-08T09:59:10.112+0000][1][gc,task      ] GC(23) Using 4 workers of 4 for evacuation
[2019-12-08T09:59:10.117+0000][1][gc,age       ] GC(23) Desired survivor size 4456448 bytes, new threshold 6 (max threshold 6)
[2019-12-08T09:59:10.117+0000][1][gc,age       ] GC(23) Age table with threshold 6 (max threshold 6)
[2019-12-08T09:59:10.117+0000][1][gc,age       ] GC(23) - age   1:      42880 bytes,      42880 total
[2019-12-08T09:59:10.117+0000][1][gc,age       ] GC(23) - age   2:     632656 bytes,     675536 total
[2019-12-08T09:59:10.117+0000][1][gc,age       ] GC(23) - age   3:    2786136 bytes,    3461672 total
[2019-12-08T09:59:10.117+0000][1][gc,heap      ] GC(23) ParNew: 75977K->4856K(78656K)
[2019-12-08T09:59:10.117+0000][1][gc,heap      ] GC(23) CMS: 67339K->67339K(174784K)
[2019-12-08T09:59:10.117+0000][1][gc,metaspace ] GC(23) Metaspace: 68932K->68932K(1112064K)
[2019-12-08T09:59:10.117+0000][1][gc           ] GC(23) Pause Young (Allocation Failure) 139M->70M(247M) 4.979ms
[2019-12-08T09:59:10.117+0000][1][gc,cpu       ] GC(23) User=0.02s Sys=0.00s Real=0.00s
[2019-12-08T09:59:10.117+0000][1][safepoint    ] Leaving safepoint region
[2019-12-08T09:59:10.117+0000][1][safepoint    ] Total time for which application threads were stopped: 0.0051374 seconds, Stopping threads took: 0.0000169 seconds
[2019-12-08T09:59:11.117+0000][1][safepoint    ] Application time: 1.0000976 seconds
[2019-12-08T09:59:11.117+0000][1][safepoint    ] Entering safepoint region: Cleanup
[2019-12-08T09:59:11.117+0000][1][safepoint    ] Leaving safepoint region
[2019-12-08T09:59:11.117+0000][1][safepoint    ] Total time for which application threads were stopped: 0.0000854 seconds, Stopping threads took: 0.0000181 seconds
[2019-12-08T09:59:12.117+0000][1][safepoint    ] Application time: 1.0000783 seconds
[2019-12-08T09:59:12.117+0000][1][safepoint    ] Entering safepoint region: Cleanup
[2019-12-08T09:59:12.117+0000][1][safepoint    ] Leaving safepoint region
[2019-12-08T09:59:12.117+0000][1][safepoint    ] Total time for which application threads were stopped: 0.0000832 seconds, Stopping threads took: 0.0000187 seconds
[2019-12-08T09:59:13.117+0000][1][safepoint    ] Application time: 1.0000800 seconds
[2019-12-08T09:59:13.117+0000][1][safepoint    ] Entering safepoint region: Cleanup
[2019-12-08T09:59:13.117+0000][1][safepoint    ] Leaving safepoint region
[2019-12-08T09:59:13.117+0000][1][safepoint    ] Total time for which application threads were stopped: 0.0000810 seconds, Stopping threads took: 0.0000184 seconds
[2019-12-08T09:59:14.117+0000][1][safepoint    ] Application time: 1.0000815 seconds
[2019-12-08T09:59:14.117+0000][1][safepoint    ] Entering safepoint region: Cleanup
[2019-12-08T09:59:14.118+0000][1][safepoint    ] Leaving safepoint region
[2019-12-08T09:59:14.118+0000][1][safepoint    ] Total time for which application threads were stopped: 0.0000804 seconds, Stopping threads took: 0.0000180 seconds
[2019-12-08T09:59:15.118+0000][1][safepoint    ] Application time: 1.0000754 seconds
[2019-12-08T09:59:15.118+0000][1][safepoint    ] Entering safepoint region: Cleanup
[2019-12-08T09:59:15.118+0000][1][safepoint    ] Leaving safepoint region
[2019-12-08T09:59:15.118+0000][1][safepoint    ] Total time for which application threads were stopped: 0.0000884 seconds, Stopping threads took: 0.0000175 seconds
[2019-12-08T09:59:16.118+0000][1][safepoint    ] Application time: 1.0000782 seconds
[2019-12-08T09:59:16.118+0000][1][safepoint    ] Entering safepoint region: Cleanup
[2019-12-08T09:59:16.118+0000][1][safepoint    ] Leaving safepoint region
[2019-12-08T09:59:16.118+0000][1][safepoint    ] Total time for which application threads were stopped: 0.0000832 seconds, Stopping threads took: 0.0000200 seconds
[2019-12-08T09:59:17.118+0000][1][safepoint    ] Application time: 1.0000891 seconds
[2019-12-08T09:59:17.118+0000][1][safepoint    ] Entering safepoint region: Cleanup
[2019-12-08T09:59:17.118+0000][1][safepoint    ] Leaving safepoint region
[2019-12-08T09:59:17.118+0000][1][safepoint    ] Total time for which application threads were stopped: 0.0001149 seconds, Stopping threads took: 0.0000258 seconds
[2019-12-08T09:59:18.118+0000][1][safepoint    ] Application time: 1.0000902 seconds
[2019-12-08T09:59:18.118+0000][1][safepoint    ] Entering safepoint region: Cleanup
[2019-12-08T09:59:18.118+0000][1][safepoint    ] Leaving safepoint region
[2019-12-08T09:59:18.118+0000][1][safepoint    ] Total time for which application threads were stopped: 0.0001171 seconds, Stopping threads took: 0.0000250 seconds
[2019-12-08T09:59:19.119+0000][1][safepoint    ] Application time: 1.0000817 seconds
[2019-12-08T09:59:19.119+0000][1][safepoint    ] Entering safepoint region: Cleanup
[2019-12-08T09:59:19.119+0000][1][safepoint    ] Leaving safepoint region
[2019-12-08T09:59:19.119+0000][1][safepoint    ] Total time for which application threads were stopped: 0.0000884 seconds, Stopping threads took: 0.0000202 seconds
[2019-12-08T09:59:20.119+0000][1][safepoint    ] Application time: 1.0000877 seconds
[2019-12-08T09:59:20.119+0000][1][safepoint    ] Entering safepoint region: Cleanup
[2019-12-08T09:59:20.119+0000][1][safepoint    ] Leaving safepoint region
[2019-12-08T09:59:20.119+0000][1][safepoint    ] Total time for which application threads were stopped: 0.0000851 seconds, Stopping threads took: 0.0000195 seconds
[2019-12-08T09:59:21.119+0000][1][safepoint    ] Application time: 1.0000783 seconds
[2019-12-08T09:59:21.119+0000][1][safepoint    ] Entering safepoint region: Cleanup
[2019-12-08T09:59:21.119+0000][1][safepoint    ] Leaving safepoint region
[2019-12-08T09:59:21.119+0000][1][safepoint    ] Total time for which application threads were stopped: 0.0000788 seconds, Stopping threads took: 0.0000167 seconds
[2019-12-08T09:59:22.119+0000][1][safepoint    ] Application time: 1.0000814 seconds
[2019-12-08T09:59:22.119+0000][1][safepoint    ] Entering safepoint region: Cleanup
[2019-12-08T09:59:22.119+0000][1][safepoint    ] Leaving safepoint region
[2019-12-08T09:59:22.119+0000][1][safepoint    ] Total time for which application threads were stopped: 0.0000808 seconds, Stopping threads took: 0.0000184 seconds
[2019-12-08T09:59:23.119+0000][1][safepoint    ] Application time: 1.0000802 seconds
[2019-12-08T09:59:23.119+0000][1][safepoint    ] Entering safepoint region: Cleanup
[2019-12-08T09:59:23.120+0000][1][safepoint    ] Leaving safepoint region
[2019-12-08T09:59:23.120+0000][1][safepoint    ] Total time for which application threads were stopped: 0.0001068 seconds, Stopping threads took: 0.0000238 seconds
[2019-12-08T09:59:24.120+0000][1][safepoint    ] Application time: 1.0000808 seconds
[2019-12-08T09:59:24.120+0000][1][safepoint    ] Entering safepoint region: Cleanup
[2019-12-08T09:59:24.120+0000][1][safepoint    ] Leaving safepoint region
[2019-12-08T09:59:24.120+0000][1][safepoint    ] Total time for which application threads were stopped: 0.0000983 seconds, Stopping threads took: 0.0000191 seconds
[2019-12-08T09:59:25.120+0000][1][safepoint    ] Application time: 1.0000779 seconds
[2019-12-08T09:59:25.120+0000][1][safepoint    ] Entering safepoint region: Cleanup
[2019-12-08T09:59:25.120+0000][1][safepoint    ] Leaving safepoint region
[2019-12-08T09:59:25.120+0000][1][safepoint    ] Total time for which application threads were stopped: 0.0001077 seconds, Stopping threads took: 0.0000255 seconds
[2019-12-08T09:59:26.120+0000][1][safepoint    ] Application time: 1.0000793 seconds
[2019-12-08T09:59:26.120+0000][1][safepoint    ] Entering safepoint region: Cleanup
[2019-12-08T09:59:26.120+0000][1][safepoint    ] Leaving safepoint region
[2019-12-08T09:59:26.120+0000][1][safepoint    ] Total time for which application threads were stopped: 0.0000887 seconds, Stopping threads took: 0.0000254 seconds
[2019-12-08T09:59:27.120+0000][1][safepoint    ] Application time: 1.0000830 seconds
[2019-12-08T09:59:27.120+0000][1][safepoint    ] Entering safepoint region: Cleanup
[2019-12-08T09:59:27.120+0000][1][safepoint    ] Leaving safepoint region
[2019-12-08T09:59:27.120+0000][1][safepoint    ] Total time for which application threads were stopped: 0.0000892 seconds, Stopping threads took: 0.0000198 seconds
[2019-12-08T09:59:28.120+0000][1][safepoint    ] Application time: 1.0000773 seconds
[2019-12-08T09:59:28.121+0000][1][safepoint    ] Entering safepoint region: Cleanup
[2019-12-08T09:59:28.121+0000][1][safepoint    ] Leaving safepoint region
[2019-12-08T09:59:28.121+0000][1][safepoint    ] Total time for which application threads were stopped: 0.0000893 seconds, Stopping threads took: 0.0000193 seconds
[2019-12-08T09:59:29.121+0000][1][safepoint    ] Application time: 1.0000782 seconds
[2019-12-08T09:59:29.121+0000][1][safepoint    ] Entering safepoint region: Cleanup
[2019-12-08T09:59:29.121+0000][1][safepoint    ] Leaving safepoint region
[2019-12-08T09:59:29.121+0000][1][safepoint    ] Total time for which application threads were stopped: 0.0000842 seconds, Stopping threads took: 0.0000190 seconds
[2019-12-08T09:59:30.121+0000][1][safepoint    ] Application time: 1.0000781 seconds
[2019-12-08T09:59:30.121+0000][1][safepoint    ] Entering safepoint region: Cleanup
[2019-12-08T09:59:30.121+0000][1][safepoint    ] Leaving safepoint region
[2019-12-08T09:59:30.121+0000][1][safepoint    ] Total time for which application threads were stopped: 0.0000807 seconds, Stopping threads took: 0.0000186 seconds
[2019-12-08T09:59:31.121+0000][1][safepoint    ] Application time: 1.0000906 seconds
[2019-12-08T09:59:31.121+0000][1][safepoint    ] Entering safepoint region: Cleanup
[2019-12-08T09:59:31.121+0000][1][safepoint    ] Leaving safepoint region
[2019-12-08T09:59:31.121+0000][1][safepoint    ] Total time for which application threads were stopped: 0.0000807 seconds, Stopping threads took: 0.0000198 seconds
[2019-12-08T09:59:32.121+0000][1][safepoint    ] Application time: 1.0000777 seconds
[2019-12-08T09:59:32.121+0000][1][safepoint    ] Entering safepoint region: Cleanup
[2019-12-08T09:59:32.121+0000][1][safepoint    ] Leaving safepoint region
[2019-12-08T09:59:32.121+0000][1][safepoint    ] Total time for which application threads were stopped: 0.0000805 seconds, Stopping threads took: 0.0000184 seconds
[2019-12-08T09:59:33.122+0000][1][safepoint    ] Application time: 1.0000762 seconds
[2019-12-08T09:59:33.122+0000][1][safepoint    ] Entering safepoint region: Cleanup
[2019-12-08T09:59:33.122+0000][1][safepoint    ] Leaving safepoint region
[2019-12-08T09:59:33.122+0000][1][safepoint    ] Total time for which application threads were stopped: 0.0000785 seconds, Stopping threads took: 0.0000173 seconds
[2019-12-08T09:59:34.122+0000][1][safepoint    ] Application time: 1.0000783 seconds
[2019-12-08T09:59:34.122+0000][1][safepoint    ] Entering safepoint region: Cleanup
[2019-12-08T09:59:34.122+0000][1][safepoint    ] Leaving safepoint region
[2019-12-08T09:59:34.122+0000][1][safepoint    ] Total time for which application threads were stopped: 0.0000800 seconds, Stopping threads took: 0.0000184 seconds
[2019-12-08T09:59:35.122+0000][1][safepoint    ] Application time: 1.0000768 seconds
[2019-12-08T09:59:35.122+0000][1][safepoint    ] Entering safepoint region: Cleanup
[2019-12-08T09:59:35.122+0000][1][safepoint    ] Leaving safepoint region
[2019-12-08T09:59:35.122+0000][1][safepoint    ] Total time for which application threads were stopped: 0.0000900 seconds, Stopping threads took: 0.0000230 seconds
[2019-12-08T09:59:36.122+0000][1][safepoint    ] Application time: 1.0000762 seconds
[2019-12-08T09:59:36.122+0000][1][safepoint    ] Entering safepoint region: Cleanup
[2019-12-08T09:59:36.122+0000][1][safepoint    ] Leaving safepoint region
[2019-12-08T09:59:36.122+0000][1][safepoint    ] Total time for which application threads were stopped: 0.0000801 seconds, Stopping threads took: 0.0000180 seconds
[2019-12-08T09:59:37.122+0000][1][safepoint    ] Application time: 1.0000785 seconds
[2019-12-08T09:59:37.122+0000][1][safepoint    ] Entering safepoint region: Cleanup
[2019-12-08T09:59:37.122+0000][1][safepoint    ] Leaving safepoint region
[2019-12-08T09:59:37.122+0000][1][safepoint    ] Total time for which application threads were stopped: 0.0000836 seconds, Stopping threads took: 0.0000193 seconds
[2019-12-08T09:59:38.123+0000][1][safepoint    ] Application time: 1.0000798 seconds
[2019-12-08T09:59:38.123+0000][1][safepoint    ] Entering safepoint region: Cleanup
[2019-12-08T09:59:38.123+0000][1][safepoint    ] Leaving safepoint region
[2019-12-08T09:59:38.123+0000][1][safepoint    ] Total time for which application threads were stopped: 0.0000904 seconds, Stopping threads took: 0.0000216 seconds
[2019-12-08T09:59:39.123+0000][1][safepoint    ] Application time: 1.0000782 seconds
[2019-12-08T09:59:39.123+0000][1][safepoint    ] Entering safepoint region: Cleanup
[2019-12-08T09:59:39.123+0000][1][safepoint    ] Leaving safepoint region
[2019-12-08T09:59:39.123+0000][1][safepoint    ] Total time for which application threads were stopped: 0.0000813 seconds, Stopping threads took: 0.0000190 seconds
[2019-12-08T09:59:40.123+0000][1][safepoint    ] Application time: 1.0000773 seconds
[2019-12-08T09:59:40.123+0000][1][safepoint    ] Entering safepoint region: Cleanup
[2019-12-08T09:59:40.123+0000][1][safepoint    ] Leaving safepoint region
[2019-12-08T09:59:40.123+0000][1][safepoint    ] Total time for which application threads were stopped: 0.0000820 seconds, Stopping threads took: 0.0000194 seconds
[2019-12-08T09:59:41.123+0000][1][safepoint    ] Application time: 1.0000767 seconds
[2019-12-08T09:59:41.123+0000][1][safepoint    ] Entering safepoint region: Cleanup
[2019-12-08T09:59:41.123+0000][1][safepoint    ] Leaving safepoint region
[2019-12-08T09:59:41.123+0000][1][safepoint    ] Total time for which application threads were stopped: 0.0000856 seconds, Stopping threads took: 0.0000194 seconds
[2019-12-08T09:59:42.123+0000][1][safepoint    ] Application time: 1.0000759 seconds
[2019-12-08T09:59:42.123+0000][1][safepoint    ] Entering safepoint region: Cleanup
[2019-12-08T09:59:42.123+0000][1][safepoint    ] Leaving safepoint region
[2019-12-08T09:59:42.123+0000][1][safepoint    ] Total time for which application threads were stopped: 0.0000816 seconds, Stopping threads took: 0.0000184 seconds
[2019-12-08T09:59:43.124+0000][1][safepoint    ] Application time: 1.0000753 seconds
[2019-12-08T09:59:43.124+0000][1][safepoint    ] Entering safepoint region: Cleanup
[2019-12-08T09:59:43.124+0000][1][safepoint    ] Leaving safepoint region
[2019-12-08T09:59:43.124+0000][1][safepoint    ] Total time for which application threads were stopped: 0.0000808 seconds, Stopping threads took: 0.0000187 seconds
[2019-12-08T09:59:44.124+0000][1][safepoint    ] Application time: 1.0000754 seconds
[2019-12-08T09:59:44.124+0000][1][safepoint    ] Entering safepoint region: Cleanup
[2019-12-08T09:59:44.124+0000][1][safepoint    ] Leaving safepoint region
[2019-12-08T09:59:44.124+0000][1][safepoint    ] Total time for which application threads were stopped: 0.0000793 seconds, Stopping threads took: 0.0000176 seconds
[2019-12-08T09:59:45.124+0000][1][safepoint    ] Application time: 1.0000775 seconds
[2019-12-08T09:59:45.124+0000][1][safepoint    ] Entering safepoint region: Cleanup
[2019-12-08T09:59:45.124+0000][1][safepoint    ] Leaving safepoint region
[2019-12-08T09:59:45.124+0000][1][safepoint    ] Total time for which application threads were stopped: 0.0000824 seconds, Stopping threads took: 0.0000194 seconds
[2019-12-08T09:59:46.124+0000][1][safepoint    ] Application time: 1.0000755 seconds
[2019-12-08T09:59:46.124+0000][1][safepoint    ] Entering safepoint region: Cleanup
[2019-12-08T09:59:46.124+0000][1][safepoint    ] Leaving safepoint region
[2019-12-08T09:59:46.124+0000][1][safepoint    ] Total time for which application threads were stopped: 0.0000804 seconds, Stopping threads took: 0.0000186 seconds
[2019-12-08T09:59:47.124+0000][1][safepoint    ] Application time: 1.0000820 seconds
[2019-12-08T09:59:47.124+0000][1][safepoint    ] Entering safepoint region: Cleanup
[2019-12-08T09:59:47.124+0000][1][safepoint    ] Leaving safepoint region
[2019-12-08T09:59:47.124+0000][1][safepoint    ] Total time for which application threads were stopped: 0.0000827 seconds, Stopping threads took: 0.0000192 seconds
[2019-12-08T09:59:48.125+0000][1][safepoint    ] Application time: 1.0000795 seconds
[2019-12-08T09:59:48.125+0000][1][safepoint    ] Entering safepoint region: Cleanup
[2019-12-08T09:59:48.125+0000][1][safepoint    ] Leaving safepoint region
[2019-12-08T09:59:48.125+0000][1][safepoint    ] Total time for which application threads were stopped: 0.0000826 seconds, Stopping threads took: 0.0000185 seconds
[2019-12-08T09:59:49.125+0000][1][safepoint    ] Application time: 1.0000812 seconds
[2019-12-08T09:59:49.125+0000][1][safepoint    ] Entering safepoint region: Cleanup
[2019-12-08T09:59:49.125+0000][1][safepoint    ] Leaving safepoint region
[2019-12-08T09:59:49.125+0000][1][safepoint    ] Total time for which application threads were stopped: 0.0000835 seconds, Stopping threads took: 0.0000190 seconds
[2019-12-08T09:59:50.125+0000][1][safepoint    ] Application time: 1.0000757 seconds
[2019-12-08T09:59:50.125+0000][1][safepoint    ] Entering safepoint region: Cleanup
[2019-12-08T09:59:50.125+0000][1][safepoint    ] Leaving safepoint region
[2019-12-08T09:59:50.125+0000][1][safepoint    ] Total time for which application threads were stopped: 0.0000811 seconds, Stopping threads took: 0.0000200 seconds
[2019-12-08T09:59:51.125+0000][1][safepoint    ] Application time: 1.0000737 seconds
[2019-12-08T09:59:51.125+0000][1][safepoint    ] Entering safepoint region: Cleanup
[2019-12-08T09:59:51.125+0000][1][safepoint    ] Leaving safepoint region
[2019-12-08T09:59:51.125+0000][1][safepoint    ] Total time for which application threads were stopped: 0.0000827 seconds, Stopping threads took: 0.0000186 seconds
[2019-12-08T09:59:52.125+0000][1][safepoint    ] Application time: 1.0000759 seconds
[2019-12-08T09:59:52.125+0000][1][safepoint    ] Entering safepoint region: Cleanup
[2019-12-08T09:59:52.125+0000][1][safepoint    ] Leaving safepoint region
[2019-12-08T09:59:52.125+0000][1][safepoint    ] Total time for which application threads were stopped: 0.0000836 seconds, Stopping threads took: 0.0000203 seconds
[2019-12-08T09:59:53.126+0000][1][safepoint    ] Application time: 1.0000785 seconds
[2019-12-08T09:59:53.126+0000][1][safepoint    ] Entering safepoint region: Cleanup
[2019-12-08T09:59:53.126+0000][1][safepoint    ] Leaving safepoint region
[2019-12-08T09:59:53.126+0000][1][safepoint    ] Total time for which application threads were stopped: 0.0001005 seconds, Stopping threads took: 0.0000233 seconds
[2019-12-08T09:59:54.126+0000][1][safepoint    ] Application time: 1.0000804 seconds
[2019-12-08T09:59:54.126+0000][1][safepoint    ] Entering safepoint region: Cleanup
[2019-12-08T09:59:54.126+0000][1][safepoint    ] Leaving safepoint region
[2019-12-08T09:59:54.126+0000][1][safepoint    ] Total time for which application threads were stopped: 0.0000856 seconds, Stopping threads took: 0.0000194 seconds
[2019-12-08T09:59:55.126+0000][1][safepoint    ] Application time: 1.0000831 seconds
[2019-12-08T09:59:55.126+0000][1][safepoint    ] Entering safepoint region: Cleanup
[2019-12-08T09:59:55.126+0000][1][safepoint    ] Leaving safepoint region
[2019-12-08T09:59:55.126+0000][1][safepoint    ] Total time for which application threads were stopped: 0.0000946 seconds, Stopping threads took: 0.0000187 seconds
[2019-12-08T09:59:56.126+0000][1][safepoint    ] Application time: 1.0000821 seconds
[2019-12-08T09:59:56.126+0000][1][safepoint    ] Entering safepoint region: Cleanup
[2019-12-08T09:59:56.126+0000][1][safepoint    ] Leaving safepoint region
[2019-12-08T09:59:56.126+0000][1][safepoint    ] Total time for which application threads were stopped: 0.0000897 seconds, Stopping threads took: 0.0000197 seconds
[2019-12-08T09:59:57.126+0000][1][safepoint    ] Application time: 1.0000803 seconds
[2019-12-08T09:59:57.126+0000][1][safepoint    ] Entering safepoint region: Cleanup
[2019-12-08T09:59:57.127+0000][1][safepoint    ] Leaving safepoint region
[2019-12-08T09:59:57.127+0000][1][safepoint    ] Total time for which application threads were stopped: 0.0000910 seconds, Stopping threads took: 0.0000204 seconds
[2019-12-08T09:59:58.127+0000][1][safepoint    ] Application time: 1.0000801 seconds
[2019-12-08T09:59:58.127+0000][1][safepoint    ] Entering safepoint region: Cleanup
[2019-12-08T09:59:58.127+0000][1][safepoint    ] Leaving safepoint region
[2019-12-08T09:59:58.127+0000][1][safepoint    ] Total time for which application threads were stopped: 0.0000927 seconds, Stopping threads took: 0.0000300 seconds
[2019-12-08T09:59:59.127+0000][1][safepoint    ] Application time: 1.0000869 seconds
[2019-12-08T09:59:59.127+0000][1][safepoint    ] Entering safepoint region: Cleanup
[2019-12-08T09:59:59.127+0000][1][safepoint    ] Leaving safepoint region
[2019-12-08T09:59:59.127+0000][1][safepoint    ] Total time for which application threads were stopped: 0.0001105 seconds, Stopping threads took: 0.0000260 seconds
[2019-12-08T10:00:00.127+0000][1][safepoint    ] Application time: 1.0000785 seconds
[2019-12-08T10:00:00.127+0000][1][safepoint    ] Entering safepoint region: Cleanup
[2019-12-08T10:00:00.127+0000][1][safepoint    ] Leaving safepoint region
[2019-12-08T10:00:00.127+0000][1][safepoint    ] Total time for which application threads were stopped: 0.0000813 seconds, Stopping threads took: 0.0000184 seconds
[2019-12-08T10:00:01.127+0000][1][safepoint    ] Application time: 1.0000775 seconds
[2019-12-08T10:00:01.127+0000][1][safepoint    ] Entering safepoint region: Cleanup
[2019-12-08T10:00:01.127+0000][1][safepoint    ] Leaving safepoint region
[2019-12-08T10:00:01.127+0000][1][safepoint    ] Total time for which application threads were stopped: 0.0000861 seconds, Stopping threads took: 0.0000197 seconds
[2019-12-08T10:00:02.128+0000][1][safepoint    ] Application time: 1.0000920 seconds
[2019-12-08T10:00:02.128+0000][1][safepoint    ] Entering safepoint region: Cleanup
[2019-12-08T10:00:02.128+0000][1][safepoint    ] Leaving safepoint region
[2019-12-08T10:00:02.128+0000][1][safepoint    ] Total time for which application threads were stopped: 0.0000827 seconds, Stopping threads took: 0.0000209 seconds
[2019-12-08T10:00:03.128+0000][1][safepoint    ] Application time: 1.0000876 seconds
[2019-12-08T10:00:03.128+0000][1][safepoint    ] Entering safepoint region: Cleanup
[2019-12-08T10:00:03.128+0000][1][safepoint    ] Leaving safepoint region
[2019-12-08T10:00:03.128+0000][1][safepoint    ] Total time for which application threads were stopped: 0.0000878 seconds, Stopping threads took: 0.0000202 seconds
[2019-12-08T10:00:04.128+0000][1][safepoint    ] Application time: 1.0000891 seconds
[2019-12-08T10:00:04.128+0000][1][safepoint    ] Entering safepoint region: Cleanup
[2019-12-08T10:00:04.128+0000][1][safepoint    ] Leaving safepoint region
[2019-12-08T10:00:04.128+0000][1][safepoint    ] Total time for which application threads were stopped: 0.0000832 seconds, Stopping threads took: 0.0000197 seconds
[2019-12-08T10:00:05.128+0000][1][safepoint    ] Application time: 1.0000761 seconds
[2019-12-08T10:00:05.128+0000][1][safepoint    ] Entering safepoint region: Cleanup
[2019-12-08T10:00:05.128+0000][1][safepoint    ] Leaving safepoint region
[2019-12-08T10:00:05.128+0000][1][safepoint    ] Total time for which application threads were stopped: 0.0000822 seconds, Stopping threads took: 0.0000191 seconds
[2019-12-08T10:00:06.128+0000][1][safepoint    ] Application time: 1.0000803 seconds
[2019-12-08T10:00:06.128+0000][1][safepoint    ] Entering safepoint region: Cleanup
[2019-12-08T10:00:06.128+0000][1][safepoint    ] Leaving safepoint region
[2019-12-08T10:00:06.128+0000][1][safepoint    ] Total time for which application threads were stopped: 0.0000814 seconds, Stopping threads took: 0.0000189 seconds
[2019-12-08T10:00:07.129+0000][1][safepoint    ] Application time: 1.0000807 seconds
[2019-12-08T10:00:07.129+0000][1][safepoint    ] Entering safepoint region: Cleanup
[2019-12-08T10:00:07.129+0000][1][safepoint    ] Leaving safepoint region
[2019-12-08T10:00:07.129+0000][1][safepoint    ] Total time for which application threads were stopped: 0.0000965 seconds, Stopping threads took: 0.0000188 seconds
[2019-12-08T10:00:08.129+0000][1][safepoint    ] Application time: 1.0000802 seconds
[2019-12-08T10:00:08.129+0000][1][safepoint    ] Entering safepoint region: Cleanup
[2019-12-08T10:00:08.129+0000][1][safepoint    ] Leaving safepoint region
[2019-12-08T10:00:08.129+0000][1][safepoint    ] Total time for which application threads were stopped: 0.0001089 seconds, Stopping threads took: 0.0000265 seconds
[2019-12-08T10:00:09.129+0000][1][safepoint    ] Application time: 1.0000813 seconds
[2019-12-08T10:00:09.129+0000][1][safepoint    ] Entering safepoint region: Cleanup
[2019-12-08T10:00:09.129+0000][1][safepoint    ] Leaving safepoint region
[2019-12-08T10:00:09.129+0000][1][safepoint    ] Total time for which application threads were stopped: 0.0000840 seconds, Stopping threads took: 0.0000202 seconds
[2019-12-08T10:00:10.129+0000][1][safepoint    ] Application time: 1.0000789 seconds
[2019-12-08T10:00:10.129+0000][1][safepoint    ] Entering safepoint region: Cleanup
[2019-12-08T10:00:10.129+0000][1][safepoint    ] Leaving safepoint region
[2019-12-08T10:00:10.129+0000][1][safepoint    ] Total time for which application threads were stopped: 0.0000844 seconds, Stopping threads took: 0.0000185 seconds
[2019-12-08T10:00:11.129+0000][1][safepoint    ] Application time: 1.0000762 seconds
[2019-12-08T10:00:11.129+0000][1][safepoint    ] Entering safepoint region: Cleanup
[2019-12-08T10:00:11.130+0000][1][safepoint    ] Leaving safepoint region
[2019-12-08T10:00:11.130+0000][1][safepoint    ] Total time for which application threads were stopped: 0.0000810 seconds, Stopping threads took: 0.0000202 seconds
[2019-12-08T10:00:12.130+0000][1][safepoint    ] Application time: 1.0000807 seconds
[2019-12-08T10:00:12.130+0000][1][safepoint    ] Entering safepoint region: Cleanup
[2019-12-08T10:00:12.130+0000][1][safepoint    ] Leaving safepoint region
[2019-12-08T10:00:12.130+0000][1][safepoint    ] Total time for which application threads were stopped: 0.0000937 seconds, Stopping threads took: 0.0000294 seconds
[2019-12-08T10:00:13.130+0000][1][safepoint    ] Application time: 1.0000762 seconds
[2019-12-08T10:00:13.130+0000][1][safepoint    ] Entering safepoint region: Cleanup
[2019-12-08T10:00:13.130+0000][1][safepoint    ] Leaving safepoint region
[2019-12-08T10:00:13.130+0000][1][safepoint    ] Total time for which application threads were stopped: 0.0000993 seconds, Stopping threads took: 0.0000185 seconds
[2019-12-08T10:00:14.130+0000][1][safepoint    ] Application time: 1.0000833 seconds
[2019-12-08T10:00:14.130+0000][1][safepoint    ] Entering safepoint region: Cleanup
[2019-12-08T10:00:14.130+0000][1][safepoint    ] Leaving safepoint region
[2019-12-08T10:00:14.130+0000][1][safepoint    ] Total time for which application threads were stopped: 0.0000857 seconds, Stopping threads took: 0.0000192 seconds
[2019-12-08T10:00:15.130+0000][1][safepoint    ] Application time: 1.0000762 seconds
[2019-12-08T10:00:15.130+0000][1][safepoint    ] Entering safepoint region: Cleanup
[2019-12-08T10:00:15.130+0000][1][safepoint    ] Leaving safepoint region
[2019-12-08T10:00:15.130+0000][1][safepoint    ] Total time for which application threads were stopped: 0.0000821 seconds, Stopping threads took: 0.0000187 seconds
[2019-12-08T10:00:16.131+0000][1][safepoint    ] Application time: 1.0000810 seconds
[2019-12-08T10:00:16.131+0000][1][safepoint    ] Entering safepoint region: Cleanup
[2019-12-08T10:00:16.131+0000][1][safepoint    ] Leaving safepoint region
[2019-12-08T10:00:16.131+0000][1][safepoint    ] Total time for which application threads were stopped: 0.0000896 seconds, Stopping threads took: 0.0000193 seconds
[2019-12-08T10:00:17.131+0000][1][safepoint    ] Application time: 1.0000797 seconds
[2019-12-08T10:00:17.131+0000][1][safepoint    ] Entering safepoint region: Cleanup
[2019-12-08T10:00:17.131+0000][1][safepoint    ] Leaving safepoint region
[2019-12-08T10:00:17.131+0000][1][safepoint    ] Total time for which application threads were stopped: 0.0000827 seconds, Stopping threads took: 0.0000193 seconds
[2019-12-08T10:00:18.131+0000][1][safepoint    ] Application time: 1.0000771 seconds
[2019-12-08T10:00:18.131+0000][1][safepoint    ] Entering safepoint region: Cleanup
[2019-12-08T10:00:18.131+0000][1][safepoint    ] Leaving safepoint region
[2019-12-08T10:00:18.131+0000][1][safepoint    ] Total time for which application threads were stopped: 0.0000861 seconds, Stopping threads took: 0.0000197 seconds
[2019-12-08T10:00:19.131+0000][1][safepoint    ] Application time: 1.0000937 seconds
[2019-12-08T10:00:19.131+0000][1][safepoint    ] Entering safepoint region: Cleanup
[2019-12-08T10:00:19.131+0000][1][safepoint    ] Leaving safepoint region
[2019-12-08T10:00:19.131+0000][1][safepoint    ] Total time for which application threads were stopped: 0.0000865 seconds, Stopping threads took: 0.0000192 seconds
[2019-12-08T10:00:20.131+0000][1][safepoint    ] Application time: 1.0000800 seconds
[2019-12-08T10:00:20.131+0000][1][safepoint    ] Entering safepoint region: Cleanup
[2019-12-08T10:00:20.131+0000][1][safepoint    ] Leaving safepoint region
[2019-12-08T10:00:20.131+0000][1][safepoint    ] Total time for which application threads were stopped: 0.0000857 seconds, Stopping threads took: 0.0000202 seconds
[2019-12-08T10:00:21.132+0000][1][safepoint    ] Application time: 1.0000780 seconds
[2019-12-08T10:00:21.132+0000][1][safepoint    ] Entering safepoint region: Cleanup
[2019-12-08T10:00:21.132+0000][1][safepoint    ] Leaving safepoint region
[2019-12-08T10:00:21.132+0000][1][safepoint    ] Total time for which application threads were stopped: 0.0000818 seconds, Stopping threads took: 0.0000194 seconds
[2019-12-08T10:00:22.132+0000][1][safepoint    ] Application time: 1.0000808 seconds
[2019-12-08T10:00:22.132+0000][1][safepoint    ] Entering safepoint region: Cleanup
[2019-12-08T10:00:22.132+0000][1][safepoint    ] Leaving safepoint region
[2019-12-08T10:00:22.132+0000][1][safepoint    ] Total time for which application threads were stopped: 0.0000815 seconds, Stopping threads took: 0.0000192 seconds
[2019-12-08T10:00:23.132+0000][1][safepoint    ] Application time: 1.0000799 seconds
[2019-12-08T10:00:23.132+0000][1][safepoint    ] Entering safepoint region: Cleanup
[2019-12-08T10:00:23.132+0000][1][safepoint    ] Leaving safepoint region
[2019-12-08T10:00:23.132+0000][1][safepoint    ] Total time for which application threads were stopped: 0.0001134 seconds, Stopping threads took: 0.0000281 seconds
[2019-12-08T10:00:24.132+0000][1][safepoint    ] Application time: 1.0000810 seconds
[2019-12-08T10:00:24.132+0000][1][safepoint    ] Entering safepoint region: Cleanup
[2019-12-08T10:00:24.132+0000][1][safepoint    ] Leaving safepoint region
[2019-12-08T10:00:24.132+0000][1][safepoint    ] Total time for which application threads were stopped: 0.0000830 seconds, Stopping threads took: 0.0000201 seconds
[2019-12-08T10:00:25.132+0000][1][safepoint    ] Application time: 1.0000813 seconds
[2019-12-08T10:00:25.132+0000][1][safepoint    ] Entering safepoint region: Cleanup
[2019-12-08T10:00:25.133+0000][1][safepoint    ] Leaving safepoint region
[2019-12-08T10:00:25.133+0000][1][safepoint    ] Total time for which application threads were stopped: 0.0000851 seconds, Stopping threads took: 0.0000206 seconds
[2019-12-08T10:00:26.133+0000][1][safepoint    ] Application time: 1.0000794 seconds
[2019-12-08T10:00:26.133+0000][1][safepoint    ] Entering safepoint region: Cleanup
[2019-12-08T10:00:26.133+0000][1][safepoint    ] Leaving safepoint region
[2019-12-08T10:00:26.133+0000][1][safepoint    ] Total time for which application threads were stopped: 0.0000943 seconds, Stopping threads took: 0.0000311 seconds
[2019-12-08T10:00:27.133+0000][1][safepoint    ] Application time: 1.0000790 seconds
[2019-12-08T10:00:27.133+0000][1][safepoint    ] Entering safepoint region: Cleanup
[2019-12-08T10:00:27.133+0000][1][safepoint    ] Leaving safepoint region
[2019-12-08T10:00:27.133+0000][1][safepoint    ] Total time for which application threads were stopped: 0.0000917 seconds, Stopping threads took: 0.0000277 seconds
[2019-12-08T10:00:28.133+0000][1][safepoint    ] Application time: 1.0000809 seconds
[2019-12-08T10:00:28.133+0000][1][safepoint    ] Entering safepoint region: Cleanup
[2019-12-08T10:00:28.133+0000][1][safepoint    ] Leaving safepoint region
[2019-12-08T10:00:28.133+0000][1][safepoint    ] Total time for which application threads were stopped: 0.0000860 seconds, Stopping threads took: 0.0000186 seconds
[2019-12-08T10:00:29.133+0000][1][safepoint    ] Application time: 1.0000914 seconds
[2019-12-08T10:00:29.133+0000][1][safepoint    ] Entering safepoint region: Cleanup
[2019-12-08T10:00:29.133+0000][1][safepoint    ] Leaving safepoint region
[2019-12-08T10:00:29.133+0000][1][safepoint    ] Total time for which application threads were stopped: 0.0001262 seconds, Stopping threads took: 0.0000301 seconds
[2019-12-08T10:00:30.134+0000][1][safepoint    ] Application time: 1.0000829 seconds
[2019-12-08T10:00:30.134+0000][1][safepoint    ] Entering safepoint region: Cleanup
[2019-12-08T10:00:30.134+0000][1][safepoint    ] Leaving safepoint region
[2019-12-08T10:00:30.134+0000][1][safepoint    ] Total time for which application threads were stopped: 0.0000969 seconds, Stopping threads took: 0.0000195 seconds
[2019-12-08T10:00:31.134+0000][1][safepoint    ] Application time: 1.0000774 seconds
[2019-12-08T10:00:31.134+0000][1][safepoint    ] Entering safepoint region: Cleanup
[2019-12-08T10:00:31.134+0000][1][safepoint    ] Leaving safepoint region
[2019-12-08T10:00:31.134+0000][1][safepoint    ] Total time for which application threads were stopped: 0.0000790 seconds, Stopping threads took: 0.0000185 seconds
[2019-12-08T10:00:32.134+0000][1][safepoint    ] Application time: 1.0000737 seconds
[2019-12-08T10:00:32.134+0000][1][safepoint    ] Entering safepoint region: Cleanup
[2019-12-08T10:00:32.134+0000][1][safepoint    ] Leaving safepoint region
[2019-12-08T10:00:32.134+0000][1][safepoint    ] Total time for which application threads were stopped: 0.0000815 seconds, Stopping threads took: 0.0000182 seconds
[2019-12-08T10:00:33.134+0000][1][safepoint    ] Application time: 1.0000733 seconds
[2019-12-08T10:00:33.134+0000][1][safepoint    ] Entering safepoint region: Cleanup
[2019-12-08T10:00:33.134+0000][1][safepoint    ] Leaving safepoint region
[2019-12-08T10:00:33.134+0000][1][safepoint    ] Total time for which application threads were stopped: 0.0000929 seconds, Stopping threads took: 0.0000276 seconds
[2019-12-08T10:00:34.134+0000][1][safepoint    ] Application time: 1.0000779 seconds
[2019-12-08T10:00:34.134+0000][1][safepoint    ] Entering safepoint region: Cleanup
[2019-12-08T10:00:34.134+0000][1][safepoint    ] Leaving safepoint region
[2019-12-08T10:00:34.135+0000][1][safepoint    ] Total time for which application threads were stopped: 0.0000849 seconds, Stopping threads took: 0.0000179 seconds
[2019-12-08T10:00:35.135+0000][1][safepoint    ] Application time: 1.0000985 seconds
[2019-12-08T10:00:35.135+0000][1][safepoint    ] Entering safepoint region: Cleanup
[2019-12-08T10:00:35.135+0000][1][safepoint    ] Leaving safepoint region
[2019-12-08T10:00:35.135+0000][1][safepoint    ] Total time for which application threads were stopped: 0.0001250 seconds, Stopping threads took: 0.0000247 seconds
[2019-12-08T10:00:36.135+0000][1][safepoint    ] Application time: 1.0000904 seconds
[2019-12-08T10:00:36.135+0000][1][safepoint    ] Entering safepoint region: Cleanup
[2019-12-08T10:00:36.135+0000][1][safepoint    ] Leaving safepoint region
[2019-12-08T10:00:36.135+0000][1][safepoint    ] Total time for which application threads were stopped: 0.0000965 seconds, Stopping threads took: 0.0000276 seconds
[2019-12-08T10:00:37.135+0000][1][safepoint    ] Application time: 1.0000795 seconds
[2019-12-08T10:00:37.135+0000][1][safepoint    ] Entering safepoint region: Cleanup
[2019-12-08T10:00:37.135+0000][1][safepoint    ] Leaving safepoint region
[2019-12-08T10:00:37.135+0000][1][safepoint    ] Total time for which application threads were stopped: 0.0000809 seconds, Stopping threads took: 0.0000182 seconds
[2019-12-08T10:00:38.135+0000][1][safepoint    ] Application time: 1.0000774 seconds
[2019-12-08T10:00:38.135+0000][1][safepoint    ] Entering safepoint region: Cleanup
[2019-12-08T10:00:38.135+0000][1][safepoint    ] Leaving safepoint region
[2019-12-08T10:00:38.135+0000][1][safepoint    ] Total time for which application threads were stopped: 0.0000795 seconds, Stopping threads took: 0.0000184 seconds
[2019-12-08T10:00:39.135+0000][1][safepoint    ] Application time: 1.0000845 seconds
[2019-12-08T10:00:39.136+0000][1][safepoint    ] Entering safepoint region: Cleanup
[2019-12-08T10:00:39.136+0000][1][safepoint    ] Leaving safepoint region
[2019-12-08T10:00:39.136+0000][1][safepoint    ] Total time for which application threads were stopped: 0.0000826 seconds, Stopping threads took: 0.0000204 seconds
[2019-12-08T10:00:40.136+0000][1][safepoint    ] Application time: 1.0000829 seconds
[2019-12-08T10:00:40.136+0000][1][safepoint    ] Entering safepoint region: Cleanup
[2019-12-08T10:00:40.136+0000][1][safepoint    ] Leaving safepoint region
[2019-12-08T10:00:40.136+0000][1][safepoint    ] Total time for which application threads were stopped: 0.0000894 seconds, Stopping threads took: 0.0000183 seconds
[2019-12-08T10:00:41.136+0000][1][safepoint    ] Application time: 1.0000767 seconds
[2019-12-08T10:00:41.136+0000][1][safepoint    ] Entering safepoint region: Cleanup
[2019-12-08T10:00:41.136+0000][1][safepoint    ] Leaving safepoint region
[2019-12-08T10:00:41.136+0000][1][safepoint    ] Total time for which application threads were stopped: 0.0000863 seconds, Stopping threads took: 0.0000176 seconds
[2019-12-08T10:00:42.136+0000][1][safepoint    ] Application time: 1.0000817 seconds
[2019-12-08T10:00:42.136+0000][1][safepoint    ] Entering safepoint region: Cleanup
[2019-12-08T10:00:42.136+0000][1][safepoint    ] Leaving safepoint region
[2019-12-08T10:00:42.136+0000][1][safepoint    ] Total time for which application threads were stopped: 0.0000902 seconds, Stopping threads took: 0.0000198 seconds
[2019-12-08T10:00:43.136+0000][1][safepoint    ] Application time: 1.0000794 seconds
[2019-12-08T10:00:43.136+0000][1][safepoint    ] Entering safepoint region: Cleanup
[2019-12-08T10:00:43.136+0000][1][safepoint    ] Leaving safepoint region
[2019-12-08T10:00:43.136+0000][1][safepoint    ] Total time for which application threads were stopped: 0.0001024 seconds, Stopping threads took: 0.0000257 seconds
[2019-12-08T10:00:44.137+0000][1][safepoint    ] Application time: 1.0000809 seconds
[2019-12-08T10:00:44.137+0000][1][safepoint    ] Entering safepoint region: Cleanup
[2019-12-08T10:00:44.137+0000][1][safepoint    ] Leaving safepoint region
[2019-12-08T10:00:44.137+0000][1][safepoint    ] Total time for which application threads were stopped: 0.0000817 seconds, Stopping threads took: 0.0000191 seconds
[2019-12-08T10:00:45.137+0000][1][safepoint    ] Application time: 1.0000865 seconds
[2019-12-08T10:00:45.137+0000][1][safepoint    ] Entering safepoint region: Cleanup
[2019-12-08T10:00:45.137+0000][1][safepoint    ] Leaving safepoint region
[2019-12-08T10:00:45.137+0000][1][safepoint    ] Total time for which application threads were stopped: 0.0000847 seconds, Stopping threads took: 0.0000198 seconds
[2019-12-08T10:00:46.137+0000][1][safepoint    ] Application time: 1.0000769 seconds
[2019-12-08T10:00:46.137+0000][1][safepoint    ] Entering safepoint region: Cleanup
[2019-12-08T10:00:46.137+0000][1][safepoint    ] Leaving safepoint region
[2019-12-08T10:00:46.137+0000][1][safepoint    ] Total time for which application threads were stopped: 0.0000809 seconds, Stopping threads took: 0.0000191 seconds
[2019-12-08T10:00:47.137+0000][1][safepoint    ] Application time: 1.0000823 seconds
[2019-12-08T10:00:47.137+0000][1][safepoint    ] Entering safepoint region: Cleanup
[2019-12-08T10:00:47.137+0000][1][safepoint    ] Leaving safepoint region
[2019-12-08T10:00:47.137+0000][1][safepoint    ] Total time for which application threads were stopped: 0.0000833 seconds, Stopping threads took: 0.0000193 seconds
[2019-12-08T10:00:48.137+0000][1][safepoint    ] Application time: 1.0000840 seconds
[2019-12-08T10:00:48.137+0000][1][safepoint    ] Entering safepoint region: Cleanup
[2019-12-08T10:00:48.138+0000][1][safepoint    ] Leaving safepoint region
[2019-12-08T10:00:48.138+0000][1][safepoint    ] Total time for which application threads were stopped: 0.0000899 seconds, Stopping threads took: 0.0000211 seconds
[2019-12-08T10:00:49.138+0000][1][safepoint    ] Application time: 1.0000808 seconds
[2019-12-08T10:00:49.138+0000][1][safepoint    ] Entering safepoint region: Cleanup
[2019-12-08T10:00:49.138+0000][1][safepoint    ] Leaving safepoint region
[2019-12-08T10:00:49.138+0000][1][safepoint    ] Total time for which application threads were stopped: 0.0001006 seconds, Stopping threads took: 0.0000194 seconds
[2019-12-08T10:00:50.138+0000][1][safepoint    ] Application time: 1.0000820 seconds
[2019-12-08T10:00:50.138+0000][1][safepoint    ] Entering safepoint region: Cleanup
[2019-12-08T10:00:50.138+0000][1][safepoint    ] Leaving safepoint region
[2019-12-08T10:00:50.138+0000][1][safepoint    ] Total time for which application threads were stopped: 0.0000817 seconds, Stopping threads took: 0.0000198 seconds
[2019-12-08T10:00:51.138+0000][1][safepoint    ] Application time: 1.0000780 seconds
[2019-12-08T10:00:51.138+0000][1][safepoint    ] Entering safepoint region: Cleanup
[2019-12-08T10:00:51.138+0000][1][safepoint    ] Leaving safepoint region
[2019-12-08T10:00:51.138+0000][1][safepoint    ] Total time for which application threads were stopped: 0.0000871 seconds, Stopping threads took: 0.0000205 seconds
[2019-12-08T10:00:52.138+0000][1][safepoint    ] Application time: 1.0000850 seconds
[2019-12-08T10:00:52.138+0000][1][safepoint    ] Entering safepoint region: Cleanup
[2019-12-08T10:00:52.138+0000][1][safepoint    ] Leaving safepoint region
[2019-12-08T10:00:52.138+0000][1][safepoint    ] Total time for which application threads were stopped: 0.0000810 seconds, Stopping threads took: 0.0000185 seconds
[2019-12-08T10:00:53.138+0000][1][safepoint    ] Application time: 1.0000772 seconds
[2019-12-08T10:00:53.139+0000][1][safepoint    ] Entering safepoint region: Cleanup
[2019-12-08T10:00:53.139+0000][1][safepoint    ] Leaving safepoint region
[2019-12-08T10:00:53.139+0000][1][safepoint    ] Total time for which application threads were stopped: 0.0000880 seconds, Stopping threads took: 0.0000239 seconds
[2019-12-08T10:00:54.139+0000][1][safepoint    ] Application time: 1.0000786 seconds
[2019-12-08T10:00:54.139+0000][1][safepoint    ] Entering safepoint region: Cleanup
[2019-12-08T10:00:54.139+0000][1][safepoint    ] Leaving safepoint region
[2019-12-08T10:00:54.139+0000][1][safepoint    ] Total time for which application threads were stopped: 0.0000840 seconds, Stopping threads took: 0.0000195 seconds
[2019-12-08T10:00:55.139+0000][1][safepoint    ] Application time: 1.0000835 seconds
[2019-12-08T10:00:55.139+0000][1][safepoint    ] Entering safepoint region: Cleanup
[2019-12-08T10:00:55.139+0000][1][safepoint    ] Leaving safepoint region
[2019-12-08T10:00:55.139+0000][1][safepoint    ] Total time for which application threads were stopped: 0.0000823 seconds, Stopping threads took: 0.0000203 seconds
[2019-12-08T10:00:56.139+0000][1][safepoint    ] Application time: 1.0000796 seconds
[2019-12-08T10:00:56.139+0000][1][safepoint    ] Entering safepoint region: Cleanup
[2019-12-08T10:00:56.139+0000][1][safepoint    ] Leaving safepoint region
[2019-12-08T10:00:56.139+0000][1][safepoint    ] Total time for which application threads were stopped: 0.0000795 seconds, Stopping threads took: 0.0000179 seconds
[2019-12-08T10:00:57.139+0000][1][safepoint    ] Application time: 1.0000752 seconds
[2019-12-08T10:00:57.139+0000][1][safepoint    ] Entering safepoint region: Cleanup
[2019-12-08T10:00:57.139+0000][1][safepoint    ] Leaving safepoint region
[2019-12-08T10:00:57.139+0000][1][safepoint    ] Total time for which application threads were stopped: 0.0000807 seconds, Stopping threads took: 0.0000183 seconds
[2019-12-08T10:00:58.140+0000][1][safepoint    ] Application time: 1.0000814 seconds
[2019-12-08T10:00:58.140+0000][1][safepoint    ] Entering safepoint region: Cleanup
[2019-12-08T10:00:58.140+0000][1][safepoint    ] Leaving safepoint region
[2019-12-08T10:00:58.140+0000][1][safepoint    ] Total time for which application threads were stopped: 0.0000928 seconds, Stopping threads took: 0.0000181 seconds
[2019-12-08T10:00:59.140+0000][1][safepoint    ] Application time: 1.0000769 seconds
[2019-12-08T10:00:59.140+0000][1][safepoint    ] Entering safepoint region: Cleanup
[2019-12-08T10:00:59.140+0000][1][safepoint    ] Leaving safepoint region
[2019-12-08T10:00:59.140+0000][1][safepoint    ] Total time for which application threads were stopped: 0.0000906 seconds, Stopping threads took: 0.0000208 seconds
[2019-12-08T10:01:00.140+0000][1][safepoint    ] Application time: 1.0000768 seconds
[2019-12-08T10:01:00.140+0000][1][safepoint    ] Entering safepoint region: Cleanup
[2019-12-08T10:01:00.140+0000][1][safepoint    ] Leaving safepoint region
[2019-12-08T10:01:00.140+0000][1][safepoint    ] Total time for which application threads were stopped: 0.0000828 seconds, Stopping threads took: 0.0000203 seconds
[2019-12-08T10:01:01.140+0000][1][safepoint    ] Application time: 1.0000861 seconds
[2019-12-08T10:01:01.140+0000][1][safepoint    ] Entering safepoint region: Cleanup
[2019-12-08T10:01:01.140+0000][1][safepoint    ] Leaving safepoint region
[2019-12-08T10:01:01.140+0000][1][safepoint    ] Total time for which application threads were stopped: 0.0001223 seconds, Stopping threads took: 0.0000281 seconds
[2019-12-08T10:01:02.140+0000][1][safepoint    ] Application time: 1.0000835 seconds
[2019-12-08T10:01:02.140+0000][1][safepoint    ] Entering safepoint region: Cleanup
[2019-12-08T10:01:02.141+0000][1][safepoint    ] Leaving safepoint region
[2019-12-08T10:01:02.141+0000][1][safepoint    ] Total time for which application threads were stopped: 0.0000862 seconds, Stopping threads took: 0.0000208 seconds
[2019-12-08T10:01:03.141+0000][1][safepoint    ] Application time: 1.0000899 seconds
[2019-12-08T10:01:03.141+0000][1][safepoint    ] Entering safepoint region: Cleanup
[2019-12-08T10:01:03.141+0000][1][safepoint    ] Leaving safepoint region
[2019-12-08T10:01:03.141+0000][1][safepoint    ] Total time for which application threads were stopped: 0.0001116 seconds, Stopping threads took: 0.0000402 seconds
[2019-12-08T10:01:04.141+0000][1][safepoint    ] Application time: 1.0000912 seconds
[2019-12-08T10:01:04.141+0000][1][safepoint    ] Entering safepoint region: Cleanup
[2019-12-08T10:01:04.141+0000][1][safepoint    ] Leaving safepoint region
[2019-12-08T10:01:04.141+0000][1][safepoint    ] Total time for which application threads were stopped: 0.0000850 seconds, Stopping threads took: 0.0000213 seconds
[2019-12-08T10:01:05.141+0000][1][safepoint    ] Application time: 1.0000916 seconds
[2019-12-08T10:01:05.141+0000][1][safepoint    ] Entering safepoint region: Cleanup
[2019-12-08T10:01:05.141+0000][1][safepoint    ] Leaving safepoint region
[2019-12-08T10:01:05.141+0000][1][safepoint    ] Total time for which application threads were stopped: 0.0000833 seconds, Stopping threads took: 0.0000190 seconds
[2019-12-08T10:01:06.141+0000][1][safepoint    ] Application time: 1.0000906 seconds
[2019-12-08T10:01:06.141+0000][1][safepoint    ] Entering safepoint region: Cleanup
[2019-12-08T10:01:06.141+0000][1][safepoint    ] Leaving safepoint region
[2019-12-08T10:01:06.141+0000][1][safepoint    ] Total time for which application threads were stopped: 0.0000856 seconds, Stopping threads took: 0.0000200 seconds
[2019-12-08T10:01:07.142+0000][1][safepoint    ] Application time: 1.0000926 seconds
[2019-12-08T10:01:07.142+0000][1][safepoint    ] Entering safepoint region: Cleanup
[2019-12-08T10:01:07.142+0000][1][safepoint    ] Leaving safepoint region
[2019-12-08T10:01:07.142+0000][1][safepoint    ] Total time for which application threads were stopped: 0.0000818 seconds, Stopping threads took: 0.0000182 seconds
[2019-12-08T10:01:08.142+0000][1][safepoint    ] Application time: 1.0000968 seconds
[2019-12-08T10:01:08.142+0000][1][safepoint    ] Entering safepoint region: Cleanup
[2019-12-08T10:01:08.142+0000][1][safepoint    ] Leaving safepoint region
[2019-12-08T10:01:08.142+0000][1][safepoint    ] Total time for which application threads were stopped: 0.0000819 seconds, Stopping threads took: 0.0000183 seconds
[2019-12-08T10:01:09.142+0000][1][safepoint    ] Application time: 1.0000804 seconds
[2019-12-08T10:01:09.142+0000][1][safepoint    ] Entering safepoint region: Cleanup
[2019-12-08T10:01:09.142+0000][1][safepoint    ] Leaving safepoint region
[2019-12-08T10:01:09.142+0000][1][safepoint    ] Total time for which application threads were stopped: 0.0000835 seconds, Stopping threads took: 0.0000210 seconds
[2019-12-08T10:01:10.142+0000][1][safepoint    ] Application time: 1.0000860 seconds
[2019-12-08T10:01:10.142+0000][1][safepoint    ] Entering safepoint region: Cleanup
[2019-12-08T10:01:10.142+0000][1][safepoint    ] Leaving safepoint region
[2019-12-08T10:01:10.142+0000][1][safepoint    ] Total time for which application threads were stopped: 0.0000811 seconds, Stopping threads took: 0.0000189 seconds
[2019-12-08T10:01:11.142+0000][1][safepoint    ] Application time: 1.0000949 seconds
[2019-12-08T10:01:11.142+0000][1][safepoint    ] Entering safepoint region: Cleanup
[2019-12-08T10:01:11.143+0000][1][safepoint    ] Leaving safepoint region
[2019-12-08T10:01:11.143+0000][1][safepoint    ] Total time for which application threads were stopped: 0.0000836 seconds, Stopping threads took: 0.0000203 seconds
[2019-12-08T10:01:12.143+0000][1][safepoint    ] Application time: 1.0000954 seconds
[2019-12-08T10:01:12.143+0000][1][safepoint    ] Entering safepoint region: Cleanup
[2019-12-08T10:01:12.143+0000][1][safepoint    ] Leaving safepoint region
[2019-12-08T10:01:12.143+0000][1][safepoint    ] Total time for which application threads were stopped: 0.0000986 seconds, Stopping threads took: 0.0000344 seconds
[2019-12-08T10:01:13.143+0000][1][safepoint    ] Application time: 1.0000779 seconds
[2019-12-08T10:01:13.143+0000][1][safepoint    ] Entering safepoint region: Cleanup
[2019-12-08T10:01:13.143+0000][1][safepoint    ] Leaving safepoint region
[2019-12-08T10:01:13.143+0000][1][safepoint    ] Total time for which application threads were stopped: 0.0000886 seconds, Stopping threads took: 0.0000191 seconds
[2019-12-08T10:01:14.143+0000][1][safepoint    ] Application time: 1.0000798 seconds
[2019-12-08T10:01:14.143+0000][1][safepoint    ] Entering safepoint region: Cleanup
[2019-12-08T10:01:14.143+0000][1][safepoint    ] Leaving safepoint region
[2019-12-08T10:01:14.143+0000][1][safepoint    ] Total time for which application threads were stopped: 0.0000852 seconds, Stopping threads took: 0.0000198 seconds
[2019-12-08T10:01:15.143+0000][1][safepoint    ] Application time: 1.0000841 seconds
[2019-12-08T10:01:15.143+0000][1][safepoint    ] Entering safepoint region: Cleanup
[2019-12-08T10:01:15.143+0000][1][safepoint    ] Leaving safepoint region
[2019-12-08T10:01:15.143+0000][1][safepoint    ] Total time for which application threads were stopped: 0.0000822 seconds, Stopping threads took: 0.0000191 seconds
[2019-12-08T10:01:16.143+0000][1][safepoint    ] Application time: 1.0000912 seconds
[2019-12-08T10:01:16.144+0000][1][safepoint    ] Entering safepoint region: Cleanup
[2019-12-08T10:01:16.144+0000][1][safepoint    ] Leaving safepoint region
[2019-12-08T10:01:16.144+0000][1][safepoint    ] Total time for which application threads were stopped: 0.0000857 seconds, Stopping threads took: 0.0000199 seconds
[2019-12-08T10:01:17.144+0000][1][safepoint    ] Application time: 1.0000838 seconds
[2019-12-08T10:01:17.144+0000][1][safepoint    ] Entering safepoint region: Cleanup
[2019-12-08T10:01:17.144+0000][1][safepoint    ] Leaving safepoint region
[2019-12-08T10:01:17.144+0000][1][safepoint    ] Total time for which application threads were stopped: 0.0000834 seconds, Stopping threads took: 0.0000199 seconds
[2019-12-08T10:01:18.144+0000][1][safepoint    ] Application time: 1.0000825 seconds
[2019-12-08T10:01:18.144+0000][1][safepoint    ] Entering safepoint region: Cleanup
[2019-12-08T10:01:18.144+0000][1][safepoint    ] Leaving safepoint region
[2019-12-08T10:01:18.144+0000][1][safepoint    ] Total time for which application threads were stopped: 0.0000850 seconds, Stopping threads took: 0.0000194 seconds
[2019-12-08T10:01:19.144+0000][1][safepoint    ] Application time: 1.0000856 seconds
[2019-12-08T10:01:19.144+0000][1][safepoint    ] Entering safepoint region: Cleanup
[2019-12-08T10:01:19.144+0000][1][safepoint    ] Leaving safepoint region
[2019-12-08T10:01:19.144+0000][1][safepoint    ] Total time for which application threads were stopped: 0.0000888 seconds, Stopping threads took: 0.0000197 seconds
[2019-12-08T10:01:20.144+0000][1][safepoint    ] Application time: 1.0000792 seconds
[2019-12-08T10:01:20.144+0000][1][safepoint    ] Entering safepoint region: Cleanup
[2019-12-08T10:01:20.144+0000][1][safepoint    ] Leaving safepoint region
[2019-12-08T10:01:20.144+0000][1][safepoint    ] Total time for which application threads were stopped: 0.0000807 seconds, Stopping threads took: 0.0000194 seconds
[2019-12-08T10:01:21.145+0000][1][safepoint    ] Application time: 1.0000817 seconds
[2019-12-08T10:01:21.145+0000][1][safepoint    ] Entering safepoint region: Cleanup
[2019-12-08T10:01:21.145+0000][1][safepoint    ] Leaving safepoint region
[2019-12-08T10:01:21.145+0000][1][safepoint    ] Total time for which application threads were stopped: 0.0000818 seconds, Stopping threads took: 0.0000192 seconds
[2019-12-08T10:01:22.145+0000][1][safepoint    ] Application time: 1.0000825 seconds
[2019-12-08T10:01:22.145+0000][1][safepoint    ] Entering safepoint region: Cleanup
[2019-12-08T10:01:22.145+0000][1][safepoint    ] Leaving safepoint region
[2019-12-08T10:01:22.145+0000][1][safepoint    ] Total time for which application threads were stopped: 0.0000818 seconds, Stopping threads took: 0.0000194 seconds
[2019-12-08T10:01:23.145+0000][1][safepoint    ] Application time: 1.0000799 seconds
[2019-12-08T10:01:23.145+0000][1][safepoint    ] Entering safepoint region: Cleanup
[2019-12-08T10:01:23.145+0000][1][safepoint    ] Leaving safepoint region
[2019-12-08T10:01:23.145+0000][1][safepoint    ] Total time for which application threads were stopped: 0.0000873 seconds, Stopping threads took: 0.0000194 seconds
[2019-12-08T10:01:24.145+0000][1][safepoint    ] Application time: 1.0000822 seconds
[2019-12-08T10:01:24.145+0000][1][safepoint    ] Entering safepoint region: Cleanup
[2019-12-08T10:01:24.145+0000][1][safepoint    ] Leaving safepoint region
[2019-12-08T10:01:24.145+0000][1][safepoint    ] Total time for which application threads were stopped: 0.0000834 seconds, Stopping threads took: 0.0000204 seconds
[2019-12-08T10:01:25.145+0000][1][safepoint    ] Application time: 1.0000935 seconds
[2019-12-08T10:01:25.145+0000][1][safepoint    ] Entering safepoint region: Cleanup
[2019-12-08T10:01:25.146+0000][1][safepoint    ] Leaving safepoint region
[2019-12-08T10:01:25.146+0000][1][safepoint    ] Total time for which application threads were stopped: 0.0000930 seconds, Stopping threads took: 0.0000191 seconds
[2019-12-08T10:01:26.146+0000][1][safepoint    ] Application time: 1.0000817 seconds
[2019-12-08T10:01:26.146+0000][1][safepoint    ] Entering safepoint region: Cleanup
[2019-12-08T10:01:26.146+0000][1][safepoint    ] Leaving safepoint region
[2019-12-08T10:01:26.146+0000][1][safepoint    ] Total time for which application threads were stopped: 0.0001217 seconds, Stopping threads took: 0.0000253 seconds
[2019-12-08T10:01:27.146+0000][1][safepoint    ] Application time: 1.0000849 seconds
[2019-12-08T10:01:27.146+0000][1][safepoint    ] Entering safepoint region: Cleanup
[2019-12-08T10:01:27.146+0000][1][safepoint    ] Leaving safepoint region
[2019-12-08T10:01:27.146+0000][1][safepoint    ] Total time for which application threads were stopped: 0.0000940 seconds, Stopping threads took: 0.0000270 seconds
[2019-12-08T10:01:28.146+0000][1][safepoint    ] Application time: 1.0000857 seconds
[2019-12-08T10:01:28.146+0000][1][safepoint    ] Entering safepoint region: Cleanup
[2019-12-08T10:01:28.146+0000][1][safepoint    ] Leaving safepoint region
[2019-12-08T10:01:28.146+0000][1][safepoint    ] Total time for which application threads were stopped: 0.0000906 seconds, Stopping threads took: 0.0000196 seconds
[2019-12-08T10:01:29.146+0000][1][safepoint    ] Application time: 1.0000770 seconds
[2019-12-08T10:01:29.146+0000][1][safepoint    ] Entering safepoint region: Cleanup
[2019-12-08T10:01:29.146+0000][1][safepoint    ] Leaving safepoint region
[2019-12-08T10:01:29.146+0000][1][safepoint    ] Total time for which application threads were stopped: 0.0000835 seconds, Stopping threads took: 0.0000196 seconds
[2019-12-08T10:01:30.146+0000][1][safepoint    ] Application time: 1.0000797 seconds
[2019-12-08T10:01:30.147+0000][1][safepoint    ] Entering safepoint region: Cleanup
[2019-12-08T10:01:30.147+0000][1][safepoint    ] Leaving safepoint region
[2019-12-08T10:01:30.147+0000][1][safepoint    ] Total time for which application threads were stopped: 0.0000833 seconds, Stopping threads took: 0.0000197 seconds
[2019-12-08T10:01:31.147+0000][1][safepoint    ] Application time: 1.0000808 seconds
[2019-12-08T10:01:31.147+0000][1][safepoint    ] Entering safepoint region: Cleanup
[2019-12-08T10:01:31.147+0000][1][safepoint    ] Leaving safepoint region
[2019-12-08T10:01:31.147+0000][1][safepoint    ] Total time for which application threads were stopped: 0.0000859 seconds, Stopping threads took: 0.0000195 seconds
[2019-12-08T10:01:32.147+0000][1][safepoint    ] Application time: 1.0000808 seconds
[2019-12-08T10:01:32.147+0000][1][safepoint    ] Entering safepoint region: Cleanup
[2019-12-08T10:01:32.147+0000][1][safepoint    ] Leaving safepoint region
[2019-12-08T10:01:32.147+0000][1][safepoint    ] Total time for which application threads were stopped: 0.0000800 seconds, Stopping threads took: 0.0000176 seconds
[2019-12-08T10:01:33.147+0000][1][safepoint    ] Application time: 1.0000787 seconds
[2019-12-08T10:01:33.147+0000][1][safepoint    ] Entering safepoint region: Cleanup
[2019-12-08T10:01:33.147+0000][1][safepoint    ] Leaving safepoint region
[2019-12-08T10:01:33.147+0000][1][safepoint    ] Total time for which application threads were stopped: 0.0000789 seconds, Stopping threads took: 0.0000178 seconds
[2019-12-08T10:01:34.147+0000][1][safepoint    ] Application time: 1.0000817 seconds
[2019-12-08T10:01:34.147+0000][1][safepoint    ] Entering safepoint region: Cleanup
[2019-12-08T10:01:34.147+0000][1][safepoint    ] Leaving safepoint region
[2019-12-08T10:01:34.147+0000][1][safepoint    ] Total time for which application threads were stopped: 0.0000832 seconds, Stopping threads took: 0.0000194 seconds
[2019-12-08T10:01:35.148+0000][1][safepoint    ] Application time: 1.0000812 seconds
[2019-12-08T10:01:35.148+0000][1][safepoint    ] Entering safepoint region: Cleanup
[2019-12-08T10:01:35.148+0000][1][safepoint    ] Leaving safepoint region
[2019-12-08T10:01:35.148+0000][1][safepoint    ] Total time for which application threads were stopped: 0.0000829 seconds, Stopping threads took: 0.0000190 seconds
[2019-12-08T10:01:36.148+0000][1][safepoint    ] Application time: 1.0000782 seconds
[2019-12-08T10:01:36.148+0000][1][safepoint    ] Entering safepoint region: Cleanup
[2019-12-08T10:01:36.148+0000][1][safepoint    ] Leaving safepoint region
[2019-12-08T10:01:36.148+0000][1][safepoint    ] Total time for which application threads were stopped: 0.0000958 seconds, Stopping threads took: 0.0000252 seconds
[2019-12-08T10:01:37.148+0000][1][safepoint    ] Application time: 1.0000800 seconds
[2019-12-08T10:01:37.148+0000][1][safepoint    ] Entering safepoint region: Cleanup
[2019-12-08T10:01:37.148+0000][1][safepoint    ] Leaving safepoint region
[2019-12-08T10:01:37.148+0000][1][safepoint    ] Total time for which application threads were stopped: 0.0000854 seconds, Stopping threads took: 0.0000184 seconds
[2019-12-08T10:01:38.148+0000][1][safepoint    ] Application time: 1.0000793 seconds
[2019-12-08T10:01:38.148+0000][1][safepoint    ] Entering safepoint region: Cleanup
[2019-12-08T10:01:38.148+0000][1][safepoint    ] Leaving safepoint region
[2019-12-08T10:01:38.148+0000][1][safepoint    ] Total time for which application threads were stopped: 0.0000820 seconds, Stopping threads took: 0.0000199 seconds
[2019-12-08T10:01:39.148+0000][1][safepoint    ] Application time: 1.0000798 seconds
[2019-12-08T10:01:39.148+0000][1][safepoint    ] Entering safepoint region: Cleanup
[2019-12-08T10:01:39.148+0000][1][safepoint    ] Leaving safepoint region
[2019-12-08T10:01:39.148+0000][1][safepoint    ] Total time for which application threads were stopped: 0.0000837 seconds, Stopping threads took: 0.0000197 seconds
[2019-12-08T10:01:40.149+0000][1][safepoint    ] Application time: 1.0000789 seconds
[2019-12-08T10:01:40.149+0000][1][safepoint    ] Entering safepoint region: Cleanup
[2019-12-08T10:01:40.149+0000][1][safepoint    ] Leaving safepoint region
[2019-12-08T10:01:40.149+0000][1][safepoint    ] Total time for which application threads were stopped: 0.0001019 seconds, Stopping threads took: 0.0000197 seconds
[2019-12-08T10:01:41.149+0000][1][safepoint    ] Application time: 1.0000808 seconds
[2019-12-08T10:01:41.149+0000][1][safepoint    ] Entering safepoint region: Cleanup
[2019-12-08T10:01:41.149+0000][1][safepoint    ] Leaving safepoint region
[2019-12-08T10:01:41.149+0000][1][safepoint    ] Total time for which application threads were stopped: 0.0000897 seconds, Stopping threads took: 0.0000194 seconds
[2019-12-08T10:01:42.149+0000][1][safepoint    ] Application time: 1.0000820 seconds
[2019-12-08T10:01:42.149+0000][1][safepoint    ] Entering safepoint region: Cleanup
[2019-12-08T10:01:42.149+0000][1][safepoint    ] Leaving safepoint region
[2019-12-08T10:01:42.149+0000][1][safepoint    ] Total time for which application threads were stopped: 0.0000853 seconds, Stopping threads took: 0.0000203 seconds
[2019-12-08T10:01:43.149+0000][1][safepoint    ] Application time: 1.0000809 seconds
[2019-12-08T10:01:43.149+0000][1][safepoint    ] Entering safepoint region: Cleanup
[2019-12-08T10:01:43.149+0000][1][safepoint    ] Leaving safepoint region
[2019-12-08T10:01:43.149+0000][1][safepoint    ] Total time for which application threads were stopped: 0.0000881 seconds, Stopping threads took: 0.0000200 seconds
[2019-12-08T10:01:44.149+0000][1][safepoint    ] Application time: 1.0000758 seconds
[2019-12-08T10:01:44.149+0000][1][safepoint    ] Entering safepoint region: Cleanup
[2019-12-08T10:01:44.150+0000][1][safepoint    ] Leaving safepoint region
[2019-12-08T10:01:44.150+0000][1][safepoint    ] Total time for which application threads were stopped: 0.0000858 seconds, Stopping threads took: 0.0000201 seconds
[2019-12-08T10:01:45.150+0000][1][safepoint    ] Application time: 1.0000760 seconds
[2019-12-08T10:01:45.150+0000][1][safepoint    ] Entering safepoint region: Cleanup
[2019-12-08T10:01:45.150+0000][1][safepoint    ] Leaving safepoint region
[2019-12-08T10:01:45.150+0000][1][safepoint    ] Total time for which application threads were stopped: 0.0000973 seconds, Stopping threads took: 0.0000337 seconds
[2019-12-08T10:01:46.150+0000][1][safepoint    ] Application time: 1.0000814 seconds
[2019-12-08T10:01:46.150+0000][1][safepoint    ] Entering safepoint region: Cleanup
[2019-12-08T10:01:46.150+0000][1][safepoint    ] Leaving safepoint region
[2019-12-08T10:01:46.150+0000][1][safepoint    ] Total time for which application threads were stopped: 0.0001167 seconds, Stopping threads took: 0.0000247 seconds
[2019-12-08T10:01:47.150+0000][1][safepoint    ] Application time: 1.0000800 seconds
[2019-12-08T10:01:47.150+0000][1][safepoint    ] Entering safepoint region: Cleanup
[2019-12-08T10:01:47.150+0000][1][safepoint    ] Leaving safepoint region
[2019-12-08T10:01:47.150+0000][1][safepoint    ] Total time for which application threads were stopped: 0.0000830 seconds, Stopping threads took: 0.0000196 seconds
[2019-12-08T10:01:48.150+0000][1][safepoint    ] Application time: 1.0000816 seconds
[2019-12-08T10:01:48.150+0000][1][safepoint    ] Entering safepoint region: Cleanup
[2019-12-08T10:01:48.150+0000][1][safepoint    ] Leaving safepoint region
[2019-12-08T10:01:48.150+0000][1][safepoint    ] Total time for which application threads were stopped: 0.0000866 seconds, Stopping threads took: 0.0000204 seconds
[2019-12-08T10:01:49.151+0000][1][safepoint    ] Application time: 1.0000793 seconds
[2019-12-08T10:01:49.151+0000][1][safepoint    ] Entering safepoint region: Cleanup
[2019-12-08T10:01:49.151+0000][1][safepoint    ] Leaving safepoint region
[2019-12-08T10:01:49.151+0000][1][safepoint    ] Total time for which application threads were stopped: 0.0000843 seconds, Stopping threads took: 0.0000202 seconds
[2019-12-08T10:01:50.151+0000][1][safepoint    ] Application time: 1.0000781 seconds
[2019-12-08T10:01:50.151+0000][1][safepoint    ] Entering safepoint region: Cleanup
[2019-12-08T10:01:50.151+0000][1][safepoint    ] Leaving safepoint region
[2019-12-08T10:01:50.151+0000][1][safepoint    ] Total time for which application threads were stopped: 0.0000839 seconds, Stopping threads took: 0.0000202 seconds
[2019-12-08T10:01:51.151+0000][1][safepoint    ] Application time: 1.0000795 seconds
[2019-12-08T10:01:51.151+0000][1][safepoint    ] Entering safepoint region: Cleanup
[2019-12-08T10:01:51.151+0000][1][safepoint    ] Leaving safepoint region
[2019-12-08T10:01:51.151+0000][1][safepoint    ] Total time for which application threads were stopped: 0.0000817 seconds, Stopping threads took: 0.0000188 seconds
[2019-12-08T10:01:52.151+0000][1][safepoint    ] Application time: 1.0000794 seconds
[2019-12-08T10:01:52.151+0000][1][safepoint    ] Entering safepoint region: Cleanup
[2019-12-08T10:01:52.151+0000][1][safepoint    ] Leaving safepoint region
[2019-12-08T10:01:52.151+0000][1][safepoint    ] Total time for which application threads were stopped: 0.0000840 seconds, Stopping threads took: 0.0000192 seconds
[2019-12-08T10:01:53.151+0000][1][safepoint    ] Application time: 1.0000774 seconds
[2019-12-08T10:01:53.151+0000][1][safepoint    ] Entering safepoint region: Cleanup
[2019-12-08T10:01:53.151+0000][1][safepoint    ] Leaving safepoint region
[2019-12-08T10:01:53.151+0000][1][safepoint    ] Total time for which application threads were stopped: 0.0000898 seconds, Stopping threads took: 0.0000188 seconds
[2019-12-08T10:01:54.152+0000][1][safepoint    ] Application time: 1.0000831 seconds
[2019-12-08T10:01:54.152+0000][1][safepoint    ] Entering safepoint region: Cleanup
[2019-12-08T10:01:54.152+0000][1][safepoint    ] Leaving safepoint region
[2019-12-08T10:01:54.152+0000][1][safepoint    ] Total time for which application threads were stopped: 0.0000841 seconds, Stopping threads took: 0.0000213 seconds
[2019-12-08T10:01:55.152+0000][1][safepoint    ] Application time: 1.0000909 seconds
[2019-12-08T10:01:55.152+0000][1][safepoint    ] Entering safepoint region: Cleanup
[2019-12-08T10:01:55.152+0000][1][safepoint    ] Leaving safepoint region
[2019-12-08T10:01:55.152+0000][1][safepoint    ] Total time for which application threads were stopped: 0.0000828 seconds, Stopping threads took: 0.0000208 seconds
[2019-12-08T10:01:56.152+0000][1][safepoint    ] Application time: 1.0000784 seconds
[2019-12-08T10:01:56.152+0000][1][safepoint    ] Entering safepoint region: Cleanup
[2019-12-08T10:01:56.152+0000][1][safepoint    ] Leaving safepoint region
[2019-12-08T10:01:56.152+0000][1][safepoint    ] Total time for which application threads were stopped: 0.0000821 seconds, Stopping threads took: 0.0000188 seconds
[2019-12-08T10:01:57.152+0000][1][safepoint    ] Application time: 1.0000798 seconds
[2019-12-08T10:01:57.152+0000][1][safepoint    ] Entering safepoint region: Cleanup
[2019-12-08T10:01:57.152+0000][1][safepoint    ] Leaving safepoint region
[2019-12-08T10:01:57.152+0000][1][safepoint    ] Total time for which application threads were stopped: 0.0000806 seconds, Stopping threads took: 0.0000178 seconds
[2019-12-08T10:01:58.152+0000][1][safepoint    ] Application time: 1.0000795 seconds
[2019-12-08T10:01:58.152+0000][1][safepoint    ] Entering safepoint region: Cleanup
[2019-12-08T10:01:58.152+0000][1][safepoint    ] Leaving safepoint region
[2019-12-08T10:01:58.152+0000][1][safepoint    ] Total time for which application threads were stopped: 0.0000814 seconds, Stopping threads took: 0.0000180 seconds
[2019-12-08T10:01:59.153+0000][1][safepoint    ] Application time: 1.0000779 seconds
[2019-12-08T10:01:59.153+0000][1][safepoint    ] Entering safepoint region: Cleanup
[2019-12-08T10:01:59.153+0000][1][safepoint    ] Leaving safepoint region
[2019-12-08T10:01:59.153+0000][1][safepoint    ] Total time for which application threads were stopped: 0.0000969 seconds, Stopping threads took: 0.0000189 seconds
[2019-12-08T10:02:00.153+0000][1][safepoint    ] Application time: 1.0000759 seconds
[2019-12-08T10:02:00.153+0000][1][safepoint    ] Entering safepoint region: Cleanup
[2019-12-08T10:02:00.153+0000][1][safepoint    ] Leaving safepoint region
[2019-12-08T10:02:00.153+0000][1][safepoint    ] Total time for which application threads were stopped: 0.0000875 seconds, Stopping threads took: 0.0000187 seconds
[2019-12-08T10:02:01.153+0000][1][safepoint    ] Application time: 1.0000780 seconds
[2019-12-08T10:02:01.153+0000][1][safepoint    ] Entering safepoint region: Cleanup
[2019-12-08T10:02:01.153+0000][1][safepoint    ] Leaving safepoint region
[2019-12-08T10:02:01.153+0000][1][safepoint    ] Total time for which application threads were stopped: 0.0000954 seconds, Stopping threads took: 0.0000200 seconds
[2019-12-08T10:02:02.153+0000][1][safepoint    ] Application time: 1.0000835 seconds
[2019-12-08T10:02:02.153+0000][1][safepoint    ] Entering safepoint region: Cleanup
[2019-12-08T10:02:02.153+0000][1][safepoint    ] Leaving safepoint region
[2019-12-08T10:02:02.153+0000][1][safepoint    ] Total time for which application threads were stopped: 0.0000851 seconds, Stopping threads took: 0.0000212 seconds
[2019-12-08T10:02:03.153+0000][1][safepoint    ] Application time: 1.0000794 seconds
[2019-12-08T10:02:03.153+0000][1][safepoint    ] Entering safepoint region: Cleanup
[2019-12-08T10:02:03.154+0000][1][safepoint    ] Leaving safepoint region
[2019-12-08T10:02:03.154+0000][1][safepoint    ] Total time for which application threads were stopped: 0.0000837 seconds, Stopping threads took: 0.0000194 seconds
[2019-12-08T10:02:04.154+0000][1][safepoint    ] Application time: 1.0000810 seconds
[2019-12-08T10:02:04.154+0000][1][safepoint    ] Entering safepoint region: Cleanup
[2019-12-08T10:02:04.154+0000][1][safepoint    ] Leaving safepoint region
[2019-12-08T10:02:04.154+0000][1][safepoint    ] Total time for which application threads were stopped: 0.0000940 seconds, Stopping threads took: 0.0000294 seconds
[2019-12-08T10:02:05.154+0000][1][safepoint    ] Application time: 1.0000801 seconds
[2019-12-08T10:02:05.154+0000][1][safepoint    ] Entering safepoint region: Cleanup
[2019-12-08T10:02:05.154+0000][1][safepoint    ] Leaving safepoint region
[2019-12-08T10:02:05.154+0000][1][safepoint    ] Total time for which application threads were stopped: 0.0000836 seconds, Stopping threads took: 0.0000190 seconds
[2019-12-08T10:02:06.154+0000][1][safepoint    ] Application time: 1.0000868 seconds
[2019-12-08T10:02:06.154+0000][1][safepoint    ] Entering safepoint region: Cleanup
[2019-12-08T10:02:06.154+0000][1][safepoint    ] Leaving safepoint region
[2019-12-08T10:02:06.154+0000][1][safepoint    ] Total time for which application threads were stopped: 0.0000853 seconds, Stopping threads took: 0.0000201 seconds
[2019-12-08T10:02:07.154+0000][1][safepoint    ] Application time: 1.0000838 seconds
[2019-12-08T10:02:07.154+0000][1][safepoint    ] Entering safepoint region: Cleanup
[2019-12-08T10:02:07.154+0000][1][safepoint    ] Leaving safepoint region
[2019-12-08T10:02:07.154+0000][1][safepoint    ] Total time for which application threads were stopped: 0.0000835 seconds, Stopping threads took: 0.0000198 seconds
[2019-12-08T10:02:08.154+0000][1][safepoint    ] Application time: 1.0000808 seconds
[2019-12-08T10:02:08.155+0000][1][safepoint    ] Entering safepoint region: Cleanup
[2019-12-08T10:02:08.155+0000][1][safepoint    ] Leaving safepoint region
[2019-12-08T10:02:08.155+0000][1][safepoint    ] Total time for which application threads were stopped: 0.0000849 seconds, Stopping threads took: 0.0000197 seconds
[2019-12-08T10:02:09.155+0000][1][safepoint    ] Application time: 1.0000925 seconds
[2019-12-08T10:02:09.155+0000][1][safepoint    ] Entering safepoint region: Cleanup
[2019-12-08T10:02:09.155+0000][1][safepoint    ] Leaving safepoint region
[2019-12-08T10:02:09.155+0000][1][safepoint    ] Total time for which application threads were stopped: 0.0000837 seconds, Stopping threads took: 0.0000201 seconds
[2019-12-08T10:02:10.155+0000][1][safepoint    ] Application time: 1.0000850 seconds
[2019-12-08T10:02:10.155+0000][1][safepoint    ] Entering safepoint region: Cleanup
[2019-12-08T10:02:10.155+0000][1][safepoint    ] Leaving safepoint region
[2019-12-08T10:02:10.155+0000][1][safepoint    ] Total time for which application threads were stopped: 0.0000841 seconds, Stopping threads took: 0.0000197 seconds
[2019-12-08T10:02:11.155+0000][1][safepoint    ] Application time: 1.0000782 seconds
[2019-12-08T10:02:11.155+0000][1][safepoint    ] Entering safepoint region: Cleanup
[2019-12-08T10:02:11.155+0000][1][safepoint    ] Leaving safepoint region
[2019-12-08T10:02:11.155+0000][1][safepoint    ] Total time for which application threads were stopped: 0.0000835 seconds, Stopping threads took: 0.0000205 seconds
[2019-12-08T10:02:12.155+0000][1][safepoint    ] Application time: 1.0000782 seconds
[2019-12-08T10:02:12.155+0000][1][safepoint    ] Entering safepoint region: Cleanup
[2019-12-08T10:02:12.155+0000][1][safepoint    ] Leaving safepoint region
[2019-12-08T10:02:12.155+0000][1][safepoint    ] Total time for which application threads were stopped: 0.0000809 seconds, Stopping threads took: 0.0000190 seconds
[2019-12-08T10:02:13.156+0000][1][safepoint    ] Application time: 1.0000777 seconds
[2019-12-08T10:02:13.156+0000][1][safepoint    ] Entering safepoint region: Cleanup
[2019-12-08T10:02:13.156+0000][1][safepoint    ] Leaving safepoint region
[2019-12-08T10:02:13.156+0000][1][safepoint    ] Total time for which application threads were stopped: 0.0000832 seconds, Stopping threads took: 0.0000198 seconds
[2019-12-08T10:02:14.156+0000][1][safepoint    ] Application time: 1.0000753 seconds
[2019-12-08T10:02:14.156+0000][1][safepoint    ] Entering safepoint region: Cleanup
[2019-12-08T10:02:14.156+0000][1][safepoint    ] Leaving safepoint region
[2019-12-08T10:02:14.156+0000][1][safepoint    ] Total time for which application threads were stopped: 0.0000825 seconds, Stopping threads took: 0.0000189 seconds
[2019-12-08T10:02:15.156+0000][1][safepoint    ] Application time: 1.0000773 seconds
[2019-12-08T10:02:15.156+0000][1][safepoint    ] Entering safepoint region: Cleanup
[2019-12-08T10:02:15.156+0000][1][safepoint    ] Leaving safepoint region
[2019-12-08T10:02:15.156+0000][1][safepoint    ] Total time for which application threads were stopped: 0.0000817 seconds, Stopping threads took: 0.0000183 seconds
[2019-12-08T10:02:16.156+0000][1][safepoint    ] Application time: 1.0000796 seconds
[2019-12-08T10:02:16.156+0000][1][safepoint    ] Entering safepoint region: Cleanup
[2019-12-08T10:02:16.156+0000][1][safepoint    ] Leaving safepoint region
[2019-12-08T10:02:16.156+0000][1][safepoint    ] Total time for which application threads were stopped: 0.0000840 seconds, Stopping threads took: 0.0000199 seconds
[2019-12-08T10:02:17.156+0000][1][safepoint    ] Application time: 1.0000800 seconds
[2019-12-08T10:02:17.156+0000][1][safepoint    ] Entering safepoint region: Cleanup
[2019-12-08T10:02:17.156+0000][1][safepoint    ] Leaving safepoint region
[2019-12-08T10:02:17.156+0000][1][safepoint    ] Total time for which application threads were stopped: 0.0000850 seconds, Stopping threads took: 0.0000201 seconds
[2019-12-08T10:02:18.157+0000][1][safepoint    ] Application time: 1.0000796 seconds
[2019-12-08T10:02:18.157+0000][1][safepoint    ] Entering safepoint region: Cleanup
[2019-12-08T10:02:18.157+0000][1][safepoint    ] Leaving safepoint region
[2019-12-08T10:02:18.157+0000][1][safepoint    ] Total time for which application threads were stopped: 0.0000896 seconds, Stopping threads took: 0.0000193 seconds
[2019-12-08T10:02:19.157+0000][1][safepoint    ] Application time: 1.0000766 seconds
[2019-12-08T10:02:19.157+0000][1][safepoint    ] Entering safepoint region: Cleanup
[2019-12-08T10:02:19.157+0000][1][safepoint    ] Leaving safepoint region
[2019-12-08T10:02:19.157+0000][1][safepoint    ] Total time for which application threads were stopped: 0.0000807 seconds, Stopping threads took: 0.0000190 seconds
[2019-12-08T10:02:20.157+0000][1][safepoint    ] Application time: 1.0000801 seconds
[2019-12-08T10:02:20.157+0000][1][safepoint    ] Entering safepoint region: Cleanup
[2019-12-08T10:02:20.157+0000][1][safepoint    ] Leaving safepoint region
[2019-12-08T10:02:20.157+0000][1][safepoint    ] Total time for which application threads were stopped: 0.0000825 seconds, Stopping threads took: 0.0000199 seconds
[2019-12-08T10:02:21.157+0000][1][safepoint    ] Application time: 1.0000783 seconds
[2019-12-08T10:02:21.157+0000][1][safepoint    ] Entering safepoint region: Cleanup
[2019-12-08T10:02:21.157+0000][1][safepoint    ] Leaving safepoint region
[2019-12-08T10:02:21.157+0000][1][safepoint    ] Total time for which application threads were stopped: 0.0000836 seconds, Stopping threads took: 0.0000197 seconds
[2019-12-08T10:02:22.157+0000][1][safepoint    ] Application time: 1.0000783 seconds
[2019-12-08T10:02:22.157+0000][1][safepoint    ] Entering safepoint region: Cleanup
[2019-12-08T10:02:22.157+0000][1][safepoint    ] Leaving safepoint region
[2019-12-08T10:02:22.158+0000][1][safepoint    ] Total time for which application threads were stopped: 0.0000863 seconds, Stopping threads took: 0.0000219 seconds
[2019-12-08T10:02:23.158+0000][1][safepoint    ] Application time: 1.0000769 seconds
[2019-12-08T10:02:23.158+0000][1][safepoint    ] Entering safepoint region: Cleanup
[2019-12-08T10:02:23.158+0000][1][safepoint    ] Leaving safepoint region
[2019-12-08T10:02:23.158+0000][1][safepoint    ] Total time for which application threads were stopped: 0.0000980 seconds, Stopping threads took: 0.0000199 seconds
[2019-12-08T10:02:24.158+0000][1][safepoint    ] Application time: 1.0000803 seconds
[2019-12-08T10:02:24.158+0000][1][safepoint    ] Entering safepoint region: Cleanup
[2019-12-08T10:02:24.158+0000][1][safepoint    ] Leaving safepoint region
[2019-12-08T10:02:24.158+0000][1][safepoint    ] Total time for which application threads were stopped: 0.0000828 seconds, Stopping threads took: 0.0000188 seconds
[2019-12-08T10:02:25.158+0000][1][safepoint    ] Application time: 1.0000784 seconds
[2019-12-08T10:02:25.158+0000][1][safepoint    ] Entering safepoint region: Cleanup
[2019-12-08T10:02:25.158+0000][1][safepoint    ] Leaving safepoint region
[2019-12-08T10:02:25.158+0000][1][safepoint    ] Total time for which application threads were stopped: 0.0000838 seconds, Stopping threads took: 0.0000198 seconds
[2019-12-08T10:02:26.158+0000][1][safepoint    ] Application time: 1.0000796 seconds
[2019-12-08T10:02:26.158+0000][1][safepoint    ] Entering safepoint region: Cleanup
[2019-12-08T10:02:26.158+0000][1][safepoint    ] Leaving safepoint region
[2019-12-08T10:02:26.158+0000][1][safepoint    ] Total time for which application threads were stopped: 0.0000819 seconds, Stopping threads took: 0.0000183 seconds
[2019-12-08T10:02:27.158+0000][1][safepoint    ] Application time: 1.0000858 seconds
[2019-12-08T10:02:27.158+0000][1][safepoint    ] Entering safepoint region: Cleanup
[2019-12-08T10:02:27.159+0000][1][safepoint    ] Leaving safepoint region
[2019-12-08T10:02:27.159+0000][1][safepoint    ] Total time for which application threads were stopped: 0.0000956 seconds, Stopping threads took: 0.0000281 seconds
[2019-12-08T10:02:28.159+0000][1][safepoint    ] Application time: 1.0000878 seconds
[2019-12-08T10:02:28.159+0000][1][safepoint    ] Entering safepoint region: Cleanup
[2019-12-08T10:02:28.159+0000][1][safepoint    ] Leaving safepoint region
[2019-12-08T10:02:28.159+0000][1][safepoint    ] Total time for which application threads were stopped: 0.0000833 seconds, Stopping threads took: 0.0000188 seconds
[2019-12-08T10:02:29.159+0000][1][safepoint    ] Application time: 1.0000836 seconds
[2019-12-08T10:02:29.159+0000][1][safepoint    ] Entering safepoint region: Cleanup
[2019-12-08T10:02:29.159+0000][1][safepoint    ] Leaving safepoint region
[2019-12-08T10:02:29.159+0000][1][safepoint    ] Total time for which application threads were stopped: 0.0000883 seconds, Stopping threads took: 0.0000198 seconds
[2019-12-08T10:02:30.159+0000][1][safepoint    ] Application time: 1.0000856 seconds
[2019-12-08T10:02:30.159+0000][1][safepoint    ] Entering safepoint region: Cleanup
[2019-12-08T10:02:30.159+0000][1][safepoint    ] Leaving safepoint region
[2019-12-08T10:02:30.159+0000][1][safepoint    ] Total time for which application threads were stopped: 0.0000855 seconds, Stopping threads took: 0.0000199 seconds
[2019-12-08T10:02:31.159+0000][1][safepoint    ] Application time: 1.0000928 seconds
[2019-12-08T10:02:31.159+0000][1][safepoint    ] Entering safepoint region: Cleanup
[2019-12-08T10:02:31.159+0000][1][safepoint    ] Leaving safepoint region
[2019-12-08T10:02:31.159+0000][1][safepoint    ] Total time for which application threads were stopped: 0.0000837 seconds, Stopping threads took: 0.0000199 seconds
[2019-12-08T10:02:32.160+0000][1][safepoint    ] Application time: 1.0000884 seconds
[2019-12-08T10:02:32.160+0000][1][safepoint    ] Entering safepoint region: Cleanup
[2019-12-08T10:02:32.160+0000][1][safepoint    ] Leaving safepoint region
[2019-12-08T10:02:32.160+0000][1][safepoint    ] Total time for which application threads were stopped: 0.0000848 seconds, Stopping threads took: 0.0000194 seconds
[2019-12-08T10:02:32.936+0000][1][safepoint    ] Application time: 0.7761220 seconds
[2019-12-08T10:02:32.936+0000][1][safepoint    ] Entering safepoint region: GenCollectForAllocation
[2019-12-08T10:02:32.936+0000][1][gc,start     ] GC(24) Pause Young (Allocation Failure)
[2019-12-08T10:02:32.936+0000][1][gc,task      ] GC(24) Using 4 workers of 4 for evacuation
[2019-12-08T10:02:32.940+0000][1][gc,age       ] GC(24) Desired survivor size 4456448 bytes, new threshold 6 (max threshold 6)
[2019-12-08T10:02:32.940+0000][1][gc,age       ] GC(24) Age table with threshold 6 (max threshold 6)
[2019-12-08T10:02:32.940+0000][1][gc,age       ] GC(24) - age   1:      12024 bytes,      12024 total
[2019-12-08T10:02:32.940+0000][1][gc,age       ] GC(24) - age   2:      38560 bytes,      50584 total
[2019-12-08T10:02:32.940+0000][1][gc,age       ] GC(24) - age   3:     608752 bytes,     659336 total
[2019-12-08T10:02:32.940+0000][1][gc,age       ] GC(24) - age   4:    2624048 bytes,    3283384 total
[2019-12-08T10:02:32.940+0000][1][gc,heap      ] GC(24) ParNew: 74808K->5650K(78656K)
[2019-12-08T10:02:32.940+0000][1][gc,heap      ] GC(24) CMS: 67339K->67339K(174784K)
[2019-12-08T10:02:32.940+0000][1][gc,metaspace ] GC(24) Metaspace: 69094K->69094K(1112064K)
[2019-12-08T10:02:32.940+0000][1][gc           ] GC(24) Pause Young (Allocation Failure) 138M->71M(247M) 4.437ms
[2019-12-08T10:02:32.940+0000][1][gc,cpu       ] GC(24) User=0.02s Sys=0.00s Real=0.00s
[2019-12-08T10:02:32.940+0000][1][safepoint    ] Leaving safepoint region
[2019-12-08T10:02:32.940+0000][1][safepoint    ] Total time for which application threads were stopped: 0.0045908 seconds, Stopping threads took: 0.0000168 seconds
[2019-12-08T10:02:33.940+0000][1][safepoint    ] Application time: 1.0000885 seconds
[2019-12-08T10:02:33.941+0000][1][safepoint    ] Entering safepoint region: Cleanup
[2019-12-08T10:02:33.941+0000][1][safepoint    ] Leaving safepoint region
[2019-12-08T10:02:33.941+0000][1][safepoint    ] Total time for which application threads were stopped: 0.0000834 seconds, Stopping threads took: 0.0000185 seconds
[2019-12-08T10:02:34.941+0000][1][safepoint    ] Application time: 1.0000852 seconds
[2019-12-08T10:02:34.941+0000][1][safepoint    ] Entering safepoint region: Cleanup
[2019-12-08T10:02:34.941+0000][1][safepoint    ] Leaving safepoint region
[2019-12-08T10:02:34.941+0000][1][safepoint    ] Total time for which application threads were stopped: 0.0000832 seconds, Stopping threads took: 0.0000186 seconds
[2019-12-08T10:02:35.941+0000][1][safepoint    ] Application time: 1.0000816 seconds
[2019-12-08T10:02:35.941+0000][1][safepoint    ] Entering safepoint region: Cleanup
[2019-12-08T10:02:35.941+0000][1][safepoint    ] Leaving safepoint region
[2019-12-08T10:02:35.941+0000][1][safepoint    ] Total time for which application threads were stopped: 0.0001210 seconds, Stopping threads took: 0.0000269 seconds
[2019-12-08T10:02:36.941+0000][1][safepoint    ] Application time: 1.0000823 seconds
[2019-12-08T10:02:36.941+0000][1][safepoint    ] Entering safepoint region: Cleanup
[2019-12-08T10:02:36.941+0000][1][safepoint    ] Leaving safepoint region
[2019-12-08T10:02:36.941+0000][1][safepoint    ] Total time for which application threads were stopped: 0.0000839 seconds, Stopping threads took: 0.0000235 seconds
[2019-12-08T10:02:37.941+0000][1][safepoint    ] Application time: 1.0000764 seconds
[2019-12-08T10:02:37.941+0000][1][safepoint    ] Entering safepoint region: Cleanup
[2019-12-08T10:02:37.941+0000][1][safepoint    ] Leaving safepoint region
[2019-12-08T10:02:37.941+0000][1][safepoint    ] Total time for which application threads were stopped: 0.0000861 seconds, Stopping threads took: 0.0000190 seconds
[2019-12-08T10:02:38.942+0000][1][safepoint    ] Application time: 1.0000887 seconds
[2019-12-08T10:02:38.942+0000][1][safepoint    ] Entering safepoint region: Cleanup
[2019-12-08T10:02:38.942+0000][1][safepoint    ] Leaving safepoint region
[2019-12-08T10:02:38.942+0000][1][safepoint    ] Total time for which application threads were stopped: 0.0000932 seconds, Stopping threads took: 0.0000193 seconds
[2019-12-08T10:02:39.942+0000][1][safepoint    ] Application time: 1.0000798 seconds
[2019-12-08T10:02:39.942+0000][1][safepoint    ] Entering safepoint region: Cleanup
[2019-12-08T10:02:39.942+0000][1][safepoint    ] Leaving safepoint region
[2019-12-08T10:02:39.942+0000][1][safepoint    ] Total time for which application threads were stopped: 0.0000837 seconds, Stopping threads took: 0.0000194 seconds
[2019-12-08T10:02:40.942+0000][1][safepoint    ] Application time: 1.0000762 seconds
[2019-12-08T10:02:40.942+0000][1][safepoint    ] Entering safepoint region: Cleanup
[2019-12-08T10:02:40.942+0000][1][safepoint    ] Leaving safepoint region
[2019-12-08T10:02:40.942+0000][1][safepoint    ] Total time for which application threads were stopped: 0.0000792 seconds, Stopping threads took: 0.0000186 seconds
[2019-12-08T10:02:41.942+0000][1][safepoint    ] Application time: 1.0000786 seconds
[2019-12-08T10:02:41.942+0000][1][safepoint    ] Entering safepoint region: Cleanup
[2019-12-08T10:02:41.942+0000][1][safepoint    ] Leaving safepoint region
[2019-12-08T10:02:41.942+0000][1][safepoint    ] Total time for which application threads were stopped: 0.0000796 seconds, Stopping threads took: 0.0000187 seconds
[2019-12-08T10:02:42.942+0000][1][safepoint    ] Application time: 1.0000754 seconds
[2019-12-08T10:02:42.942+0000][1][safepoint    ] Entering safepoint region: Cleanup
[2019-12-08T10:02:42.943+0000][1][safepoint    ] Leaving safepoint region
[2019-12-08T10:02:42.943+0000][1][safepoint    ] Total time for which application threads were stopped: 0.0000797 seconds, Stopping threads took: 0.0000180 seconds
[2019-12-08T10:02:43.943+0000][1][safepoint    ] Application time: 1.0000897 seconds
[2019-12-08T10:02:43.943+0000][1][safepoint    ] Entering safepoint region: Cleanup
[2019-12-08T10:02:43.943+0000][1][safepoint    ] Leaving safepoint region
[2019-12-08T10:02:43.943+0000][1][safepoint    ] Total time for which application threads were stopped: 0.0001028 seconds, Stopping threads took: 0.0000194 seconds
[2019-12-08T10:02:44.943+0000][1][safepoint    ] Application time: 1.0000804 seconds
[2019-12-08T10:02:44.943+0000][1][safepoint    ] Entering safepoint region: Cleanup
[2019-12-08T10:02:44.943+0000][1][safepoint    ] Leaving safepoint region
[2019-12-08T10:02:44.943+0000][1][safepoint    ] Total time for which application threads were stopped: 0.0000806 seconds, Stopping threads took: 0.0000187 seconds
[2019-12-08T10:02:45.943+0000][1][safepoint    ] Application time: 1.0000809 seconds
[2019-12-08T10:02:45.943+0000][1][safepoint    ] Entering safepoint region: Cleanup
[2019-12-08T10:02:45.943+0000][1][safepoint    ] Leaving safepoint region
[2019-12-08T10:02:45.943+0000][1][safepoint    ] Total time for which application threads were stopped: 0.0000816 seconds, Stopping threads took: 0.0000199 seconds
[2019-12-08T10:02:46.943+0000][1][safepoint    ] Application time: 1.0000776 seconds
[2019-12-08T10:02:46.943+0000][1][safepoint    ] Entering safepoint region: Cleanup
[2019-12-08T10:02:46.943+0000][1][safepoint    ] Leaving safepoint region
[2019-12-08T10:02:46.943+0000][1][safepoint    ] Total time for which application threads were stopped: 0.0000789 seconds, Stopping threads took: 0.0000179 seconds
[2019-12-08T10:02:47.943+0000][1][safepoint    ] Application time: 1.0000947 seconds
[2019-12-08T10:02:47.944+0000][1][safepoint    ] Entering safepoint region: Cleanup
[2019-12-08T10:02:47.944+0000][1][safepoint    ] Leaving safepoint region
[2019-12-08T10:02:47.944+0000][1][safepoint    ] Total time for which application threads were stopped: 0.0000842 seconds, Stopping threads took: 0.0000202 seconds
[2019-12-08T10:02:48.944+0000][1][safepoint    ] Application time: 1.0000782 seconds
[2019-12-08T10:02:48.944+0000][1][safepoint    ] Entering safepoint region: Cleanup
[2019-12-08T10:02:48.944+0000][1][safepoint    ] Leaving safepoint region
[2019-12-08T10:02:48.944+0000][1][safepoint    ] Total time for which application threads were stopped: 0.0000804 seconds, Stopping threads took: 0.0000200 seconds
[2019-12-08T10:02:49.944+0000][1][safepoint    ] Application time: 1.0000779 seconds
[2019-12-08T10:02:49.944+0000][1][safepoint    ] Entering safepoint region: Cleanup
[2019-12-08T10:02:49.944+0000][1][safepoint    ] Leaving safepoint region
[2019-12-08T10:02:49.944+0000][1][safepoint    ] Total time for which application threads were stopped: 0.0000793 seconds, Stopping threads took: 0.0000184 seconds
[2019-12-08T10:02:50.944+0000][1][safepoint    ] Application time: 1.0000777 seconds
[2019-12-08T10:02:50.944+0000][1][safepoint    ] Entering safepoint region: Cleanup
[2019-12-08T10:02:50.944+0000][1][safepoint    ] Leaving safepoint region
[2019-12-08T10:02:50.944+0000][1][safepoint    ] Total time for which application threads were stopped: 0.0000861 seconds, Stopping threads took: 0.0000218 seconds
[2019-12-08T10:02:51.944+0000][1][safepoint    ] Application time: 1.0000789 seconds
[2019-12-08T10:02:51.944+0000][1][safepoint    ] Entering safepoint region: Cleanup
[2019-12-08T10:02:51.944+0000][1][safepoint    ] Leaving safepoint region
[2019-12-08T10:02:51.944+0000][1][safepoint    ] Total time for which application threads were stopped: 0.0000833 seconds, Stopping threads took: 0.0000257 seconds
[2019-12-08T10:02:52.944+0000][1][safepoint    ] Application time: 1.0000769 seconds
[2019-12-08T10:02:52.945+0000][1][safepoint    ] Entering safepoint region: Cleanup
[2019-12-08T10:02:52.945+0000][1][safepoint    ] Leaving safepoint region
[2019-12-08T10:02:52.945+0000][1][safepoint    ] Total time for which application threads were stopped: 0.0000757 seconds, Stopping threads took: 0.0000184 seconds
[2019-12-08T10:02:53.945+0000][1][safepoint    ] Application time: 1.0000945 seconds
[2019-12-08T10:02:53.945+0000][1][safepoint    ] Entering safepoint region: Cleanup
[2019-12-08T10:02:53.945+0000][1][safepoint    ] Leaving safepoint region
[2019-12-08T10:02:53.945+0000][1][safepoint    ] Total time for which application threads were stopped: 0.0000845 seconds, Stopping threads took: 0.0000218 seconds
[2019-12-08T10:02:54.945+0000][1][safepoint    ] Application time: 1.0000834 seconds
[2019-12-08T10:02:54.945+0000][1][safepoint    ] Entering safepoint region: Cleanup
[2019-12-08T10:02:54.945+0000][1][safepoint    ] Leaving safepoint region
[2019-12-08T10:02:54.945+0000][1][safepoint    ] Total time for which application threads were stopped: 0.0000817 seconds, Stopping threads took: 0.0000197 seconds
[2019-12-08T10:02:55.945+0000][1][safepoint    ] Application time: 1.0000782 seconds
[2019-12-08T10:02:55.945+0000][1][safepoint    ] Entering safepoint region: Cleanup
[2019-12-08T10:02:55.945+0000][1][safepoint    ] Leaving safepoint region
[2019-12-08T10:02:55.945+0000][1][safepoint    ] Total time for which application threads were stopped: 0.0000765 seconds, Stopping threads took: 0.0000185 seconds
[2019-12-08T10:02:56.945+0000][1][safepoint    ] Application time: 1.0000807 seconds
[2019-12-08T10:02:56.945+0000][1][safepoint    ] Entering safepoint region: Cleanup
[2019-12-08T10:02:56.945+0000][1][safepoint    ] Leaving safepoint region
[2019-12-08T10:02:56.945+0000][1][safepoint    ] Total time for which application threads were stopped: 0.0000790 seconds, Stopping threads took: 0.0000186 seconds
[2019-12-08T10:02:57.945+0000][1][safepoint    ] Application time: 1.0000441 seconds
[2019-12-08T10:02:57.946+0000][1][safepoint    ] Entering safepoint region: Cleanup
[2019-12-08T10:02:57.946+0000][1][safepoint    ] Leaving safepoint region
[2019-12-08T10:02:57.946+0000][1][safepoint    ] Total time for which application threads were stopped: 0.0000761 seconds, Stopping threads took: 0.0000187 seconds
[2019-12-08T10:02:58.946+0000][1][safepoint    ] Application time: 1.0000779 seconds
[2019-12-08T10:02:58.946+0000][1][safepoint    ] Entering safepoint region: Cleanup
[2019-12-08T10:02:58.946+0000][1][safepoint    ] Leaving safepoint region
[2019-12-08T10:02:58.946+0000][1][safepoint    ] Total time for which application threads were stopped: 0.0000769 seconds, Stopping threads took: 0.0000183 seconds
[2019-12-08T10:02:59.946+0000][1][safepoint    ] Application time: 1.0000851 seconds
[2019-12-08T10:02:59.946+0000][1][safepoint    ] Entering safepoint region: Cleanup
[2019-12-08T10:02:59.946+0000][1][safepoint    ] Leaving safepoint region
[2019-12-08T10:02:59.946+0000][1][safepoint    ] Total time for which application threads were stopped: 0.0000813 seconds, Stopping threads took: 0.0000202 seconds
[2019-12-08T10:03:00.946+0000][1][safepoint    ] Application time: 1.0000796 seconds
[2019-12-08T10:03:00.946+0000][1][safepoint    ] Entering safepoint region: Cleanup
[2019-12-08T10:03:00.946+0000][1][safepoint    ] Leaving safepoint region
[2019-12-08T10:03:00.946+0000][1][safepoint    ] Total time for which application threads were stopped: 0.0000765 seconds, Stopping threads took: 0.0000177 seconds
[2019-12-08T10:03:01.946+0000][1][safepoint    ] Application time: 1.0000799 seconds
[2019-12-08T10:03:01.946+0000][1][safepoint    ] Entering safepoint region: Cleanup
[2019-12-08T10:03:01.946+0000][1][safepoint    ] Leaving safepoint region
[2019-12-08T10:03:01.946+0000][1][safepoint    ] Total time for which application threads were stopped: 0.0000798 seconds, Stopping threads took: 0.0000187 seconds
[2019-12-08T10:03:02.946+0000][1][safepoint    ] Application time: 1.0000795 seconds
[2019-12-08T10:03:02.947+0000][1][safepoint    ] Entering safepoint region: Cleanup
[2019-12-08T10:03:02.947+0000][1][safepoint    ] Leaving safepoint region
[2019-12-08T10:03:02.947+0000][1][safepoint    ] Total time for which application threads were stopped: 0.0000769 seconds, Stopping threads took: 0.0000184 seconds
[2019-12-08T10:03:03.947+0000][1][safepoint    ] Application time: 1.0000800 seconds
[2019-12-08T10:03:03.947+0000][1][safepoint    ] Entering safepoint region: Cleanup
[2019-12-08T10:03:03.947+0000][1][safepoint    ] Leaving safepoint region
[2019-12-08T10:03:03.947+0000][1][safepoint    ] Total time for which application threads were stopped: 0.0000776 seconds, Stopping threads took: 0.0000191 seconds
[2019-12-08T10:03:04.947+0000][1][safepoint    ] Application time: 1.0000755 seconds
[2019-12-08T10:03:04.947+0000][1][safepoint    ] Entering safepoint region: Cleanup
[2019-12-08T10:03:04.947+0000][1][safepoint    ] Leaving safepoint region
[2019-12-08T10:03:04.947+0000][1][safepoint    ] Total time for which application threads were stopped: 0.0000772 seconds, Stopping threads took: 0.0000183 seconds
[2019-12-08T10:03:05.947+0000][1][safepoint    ] Application time: 1.0000784 seconds
[2019-12-08T10:03:05.947+0000][1][safepoint    ] Entering safepoint region: Cleanup
[2019-12-08T10:03:05.947+0000][1][safepoint    ] Leaving safepoint region
[2019-12-08T10:03:05.947+0000][1][safepoint    ] Total time for which application threads were stopped: 0.0000782 seconds, Stopping threads took: 0.0000181 seconds
[2019-12-08T10:03:06.947+0000][1][safepoint    ] Application time: 1.0000788 seconds
[2019-12-08T10:03:06.947+0000][1][safepoint    ] Entering safepoint region: Cleanup
[2019-12-08T10:03:06.947+0000][1][safepoint    ] Leaving safepoint region
[2019-12-08T10:03:06.947+0000][1][safepoint    ] Total time for which application threads were stopped: 0.0000771 seconds, Stopping threads took: 0.0000186 seconds
[2019-12-08T10:03:07.947+0000][1][safepoint    ] Application time: 1.0000870 seconds
[2019-12-08T10:03:07.948+0000][1][safepoint    ] Entering safepoint region: Cleanup
[2019-12-08T10:03:07.948+0000][1][safepoint    ] Leaving safepoint region
[2019-12-08T10:03:07.948+0000][1][safepoint    ] Total time for which application threads were stopped: 0.0000797 seconds, Stopping threads took: 0.0000189 seconds
[2019-12-08T10:03:08.948+0000][1][safepoint    ] Application time: 1.0000817 seconds
[2019-12-08T10:03:08.948+0000][1][safepoint    ] Entering safepoint region: Cleanup
[2019-12-08T10:03:08.948+0000][1][safepoint    ] Leaving safepoint region
[2019-12-08T10:03:08.948+0000][1][safepoint    ] Total time for which application threads were stopped: 0.0000808 seconds, Stopping threads took: 0.0000183 seconds
[2019-12-08T10:03:09.948+0000][1][safepoint    ] Application time: 1.0000848 seconds
[2019-12-08T10:03:09.948+0000][1][safepoint    ] Entering safepoint region: Cleanup
[2019-12-08T10:03:09.948+0000][1][safepoint    ] Leaving safepoint region
[2019-12-08T10:03:09.948+0000][1][safepoint    ] Total time for which application threads were stopped: 0.0000785 seconds, Stopping threads took: 0.0000187 seconds
[2019-12-08T10:03:10.948+0000][1][safepoint    ] Application time: 1.0000813 seconds
[2019-12-08T10:03:10.948+0000][1][safepoint    ] Entering safepoint region: Cleanup
[2019-12-08T10:03:10.948+0000][1][safepoint    ] Leaving safepoint region
[2019-12-08T10:03:10.948+0000][1][safepoint    ] Total time for which application threads were stopped: 0.0000829 seconds, Stopping threads took: 0.0000188 seconds
[2019-12-08T10:03:11.948+0000][1][safepoint    ] Application time: 1.0000839 seconds
[2019-12-08T10:03:11.948+0000][1][safepoint    ] Entering safepoint region: Cleanup
[2019-12-08T10:03:11.948+0000][1][safepoint    ] Leaving safepoint region
[2019-12-08T10:03:11.948+0000][1][safepoint    ] Total time for which application threads were stopped: 0.0000785 seconds, Stopping threads took: 0.0000189 seconds
[2019-12-08T10:03:12.949+0000][1][safepoint    ] Application time: 1.0000785 seconds
[2019-12-08T10:03:12.949+0000][1][safepoint    ] Entering safepoint region: Cleanup
[2019-12-08T10:03:12.949+0000][1][safepoint    ] Leaving safepoint region
[2019-12-08T10:03:12.949+0000][1][safepoint    ] Total time for which application threads were stopped: 0.0000780 seconds, Stopping threads took: 0.0000187 seconds
[2019-12-08T10:03:13.949+0000][1][safepoint    ] Application time: 1.0000779 seconds
[2019-12-08T10:03:13.949+0000][1][safepoint    ] Entering safepoint region: Cleanup
[2019-12-08T10:03:13.949+0000][1][safepoint    ] Leaving safepoint region
[2019-12-08T10:03:13.949+0000][1][safepoint    ] Total time for which application threads were stopped: 0.0000789 seconds, Stopping threads took: 0.0000193 seconds
[2019-12-08T10:03:14.949+0000][1][safepoint    ] Application time: 1.0000808 seconds
[2019-12-08T10:03:14.949+0000][1][safepoint    ] Entering safepoint region: Cleanup
[2019-12-08T10:03:14.949+0000][1][safepoint    ] Leaving safepoint region
[2019-12-08T10:03:14.949+0000][1][safepoint    ] Total time for which application threads were stopped: 0.0000795 seconds, Stopping threads took: 0.0000193 seconds
[2019-12-08T10:03:15.949+0000][1][safepoint    ] Application time: 1.0000791 seconds
[2019-12-08T10:03:15.949+0000][1][safepoint    ] Entering safepoint region: Cleanup
[2019-12-08T10:03:15.949+0000][1][safepoint    ] Leaving safepoint region
[2019-12-08T10:03:15.949+0000][1][safepoint    ] Total time for which application threads were stopped: 0.0000786 seconds, Stopping threads took: 0.0000183 seconds
[2019-12-08T10:03:16.949+0000][1][safepoint    ] Application time: 1.0000813 seconds
[2019-12-08T10:03:16.949+0000][1][safepoint    ] Entering safepoint region: Cleanup
[2019-12-08T10:03:16.949+0000][1][safepoint    ] Leaving safepoint region
[2019-12-08T10:03:16.949+0000][1][safepoint    ] Total time for which application threads were stopped: 0.0000787 seconds, Stopping threads took: 0.0000193 seconds
[2019-12-08T10:03:17.950+0000][1][safepoint    ] Application time: 1.0000788 seconds
[2019-12-08T10:03:17.950+0000][1][safepoint    ] Entering safepoint region: Cleanup
[2019-12-08T10:03:17.950+0000][1][safepoint    ] Leaving safepoint region
[2019-12-08T10:03:17.950+0000][1][safepoint    ] Total time for which application threads were stopped: 0.0000787 seconds, Stopping threads took: 0.0000183 seconds
[2019-12-08T10:03:18.950+0000][1][safepoint    ] Application time: 1.0000779 seconds
[2019-12-08T10:03:18.950+0000][1][safepoint    ] Entering safepoint region: Cleanup
[2019-12-08T10:03:18.950+0000][1][safepoint    ] Leaving safepoint region
[2019-12-08T10:03:18.950+0000][1][safepoint    ] Total time for which application threads were stopped: 0.0000806 seconds, Stopping threads took: 0.0000192 seconds
[2019-12-08T10:03:19.950+0000][1][safepoint    ] Application time: 1.0000797 seconds
[2019-12-08T10:03:19.950+0000][1][safepoint    ] Entering safepoint region: Cleanup
[2019-12-08T10:03:19.950+0000][1][safepoint    ] Leaving safepoint region
[2019-12-08T10:03:19.950+0000][1][safepoint    ] Total time for which application threads were stopped: 0.0000955 seconds, Stopping threads took: 0.0000369 seconds
[2019-12-08T10:03:20.950+0000][1][safepoint    ] Application time: 1.0000789 seconds
[2019-12-08T10:03:20.950+0000][1][safepoint    ] Entering safepoint region: Cleanup
[2019-12-08T10:03:20.950+0000][1][safepoint    ] Leaving safepoint region
[2019-12-08T10:03:20.950+0000][1][safepoint    ] Total time for which application threads were stopped: 0.0000768 seconds, Stopping threads took: 0.0000178 seconds
[2019-12-08T10:03:21.950+0000][1][safepoint    ] Application time: 1.0000763 seconds
[2019-12-08T10:03:21.950+0000][1][safepoint    ] Entering safepoint region: Cleanup
[2019-12-08T10:03:21.950+0000][1][safepoint    ] Leaving safepoint region
[2019-12-08T10:03:21.950+0000][1][safepoint    ] Total time for which application threads were stopped: 0.0000860 seconds, Stopping threads took: 0.0000267 seconds
[2019-12-08T10:03:22.951+0000][1][safepoint    ] Application time: 1.0000765 seconds
[2019-12-08T10:03:22.951+0000][1][safepoint    ] Entering safepoint region: Cleanup
[2019-12-08T10:03:22.951+0000][1][safepoint    ] Leaving safepoint region
[2019-12-08T10:03:22.951+0000][1][safepoint    ] Total time for which application threads were stopped: 0.0000821 seconds, Stopping threads took: 0.0000186 seconds
[2019-12-08T10:03:23.951+0000][1][safepoint    ] Application time: 1.0000801 seconds
[2019-12-08T10:03:23.951+0000][1][safepoint    ] Entering safepoint region: Cleanup
[2019-12-08T10:03:23.951+0000][1][safepoint    ] Leaving safepoint region
[2019-12-08T10:03:23.951+0000][1][safepoint    ] Total time for which application threads were stopped: 0.0000772 seconds, Stopping threads took: 0.0000193 seconds
[2019-12-08T10:03:24.951+0000][1][safepoint    ] Application time: 1.0000854 seconds
[2019-12-08T10:03:24.951+0000][1][safepoint    ] Entering safepoint region: Cleanup
[2019-12-08T10:03:24.951+0000][1][safepoint    ] Leaving safepoint region
[2019-12-08T10:03:24.951+0000][1][safepoint    ] Total time for which application threads were stopped: 0.0000792 seconds, Stopping threads took: 0.0000187 seconds
[2019-12-08T10:03:25.951+0000][1][safepoint    ] Application time: 1.0000879 seconds
[2019-12-08T10:03:25.951+0000][1][safepoint    ] Entering safepoint region: Cleanup
[2019-12-08T10:03:25.951+0000][1][safepoint    ] Leaving safepoint region
[2019-12-08T10:03:25.951+0000][1][safepoint    ] Total time for which application threads were stopped: 0.0000786 seconds, Stopping threads took: 0.0000185 seconds
[2019-12-08T10:03:26.951+0000][1][safepoint    ] Application time: 1.0000770 seconds
[2019-12-08T10:03:26.951+0000][1][safepoint    ] Entering safepoint region: Cleanup
[2019-12-08T10:03:26.951+0000][1][safepoint    ] Leaving safepoint region
[2019-12-08T10:03:26.951+0000][1][safepoint    ] Total time for which application threads were stopped: 0.0000867 seconds, Stopping threads took: 0.0000235 seconds
[2019-12-08T10:03:27.952+0000][1][safepoint    ] Application time: 1.0000769 seconds
[2019-12-08T10:03:27.952+0000][1][safepoint    ] Entering safepoint region: Cleanup
[2019-12-08T10:03:27.952+0000][1][safepoint    ] Leaving safepoint region
[2019-12-08T10:03:27.952+0000][1][safepoint    ] Total time for which application threads were stopped: 0.0000942 seconds, Stopping threads took: 0.0000190 seconds
[2019-12-08T10:03:28.952+0000][1][safepoint    ] Application time: 1.0000755 seconds
[2019-12-08T10:03:28.952+0000][1][safepoint    ] Entering safepoint region: Cleanup
[2019-12-08T10:03:28.952+0000][1][safepoint    ] Leaving safepoint region
[2019-12-08T10:03:28.952+0000][1][safepoint    ] Total time for which application threads were stopped: 0.0000758 seconds, Stopping threads took: 0.0000183 seconds
[2019-12-08T10:03:29.952+0000][1][safepoint    ] Application time: 1.0000897 seconds
[2019-12-08T10:03:29.952+0000][1][safepoint    ] Entering safepoint region: Cleanup
[2019-12-08T10:03:29.952+0000][1][safepoint    ] Leaving safepoint region
[2019-12-08T10:03:29.952+0000][1][safepoint    ] Total time for which application threads were stopped: 0.0000866 seconds, Stopping threads took: 0.0000193 seconds
[2019-12-08T10:03:30.952+0000][1][safepoint    ] Application time: 1.0000802 seconds
[2019-12-08T10:03:30.952+0000][1][safepoint    ] Entering safepoint region: Cleanup
[2019-12-08T10:03:30.952+0000][1][safepoint    ] Leaving safepoint region
[2019-12-08T10:03:30.952+0000][1][safepoint    ] Total time for which application threads were stopped: 0.0000836 seconds, Stopping threads took: 0.0000248 seconds
[2019-12-08T10:03:31.952+0000][1][safepoint    ] Application time: 1.0000776 seconds
[2019-12-08T10:03:31.952+0000][1][safepoint    ] Entering safepoint region: Cleanup
[2019-12-08T10:03:31.952+0000][1][safepoint    ] Leaving safepoint region
[2019-12-08T10:03:31.953+0000][1][safepoint    ] Total time for which application threads were stopped: 0.0000773 seconds, Stopping threads took: 0.0000184 seconds
[2019-12-08T10:03:32.953+0000][1][safepoint    ] Application time: 1.0000880 seconds
[2019-12-08T10:03:32.953+0000][1][safepoint    ] Entering safepoint region: Cleanup
[2019-12-08T10:03:32.953+0000][1][safepoint    ] Leaving safepoint region
[2019-12-08T10:03:32.953+0000][1][safepoint    ] Total time for which application threads were stopped: 0.0000919 seconds, Stopping threads took: 0.0000194 seconds
[2019-12-08T10:03:33.953+0000][1][safepoint    ] Application time: 1.0000784 seconds
[2019-12-08T10:03:33.953+0000][1][safepoint    ] Entering safepoint region: Cleanup
[2019-12-08T10:03:33.953+0000][1][safepoint    ] Leaving safepoint region
[2019-12-08T10:03:33.953+0000][1][safepoint    ] Total time for which application threads were stopped: 0.0000773 seconds, Stopping threads took: 0.0000176 seconds
[2019-12-08T10:03:34.953+0000][1][safepoint    ] Application time: 1.0000776 seconds
[2019-12-08T10:03:34.953+0000][1][safepoint    ] Entering safepoint region: Cleanup
[2019-12-08T10:03:34.953+0000][1][safepoint    ] Leaving safepoint region
[2019-12-08T10:03:34.953+0000][1][safepoint    ] Total time for which application threads were stopped: 0.0000771 seconds, Stopping threads took: 0.0000184 seconds
[2019-12-08T10:03:35.953+0000][1][safepoint    ] Application time: 1.0000805 seconds
[2019-12-08T10:03:35.953+0000][1][safepoint    ] Entering safepoint region: Cleanup
[2019-12-08T10:03:35.953+0000][1][safepoint    ] Leaving safepoint region
[2019-12-08T10:03:35.953+0000][1][safepoint    ] Total time for which application threads were stopped: 0.0000849 seconds, Stopping threads took: 0.0000193 seconds
[2019-12-08T10:03:36.953+0000][1][safepoint    ] Application time: 1.0000777 seconds
[2019-12-08T10:03:36.953+0000][1][safepoint    ] Entering safepoint region: Cleanup
[2019-12-08T10:03:36.954+0000][1][safepoint    ] Leaving safepoint region
[2019-12-08T10:03:36.954+0000][1][safepoint    ] Total time for which application threads were stopped: 0.0000855 seconds, Stopping threads took: 0.0000256 seconds
[2019-12-08T10:03:37.954+0000][1][safepoint    ] Application time: 1.0000785 seconds
[2019-12-08T10:03:37.954+0000][1][safepoint    ] Entering safepoint region: Cleanup
[2019-12-08T10:03:37.954+0000][1][safepoint    ] Leaving safepoint region
[2019-12-08T10:03:37.954+0000][1][safepoint    ] Total time for which application threads were stopped: 0.0000915 seconds, Stopping threads took: 0.0000176 seconds
[2019-12-08T10:03:38.954+0000][1][safepoint    ] Application time: 1.0000885 seconds
[2019-12-08T10:03:38.954+0000][1][safepoint    ] Entering safepoint region: Cleanup
[2019-12-08T10:03:38.954+0000][1][safepoint    ] Leaving safepoint region
[2019-12-08T10:03:38.954+0000][1][safepoint    ] Total time for which application threads were stopped: 0.0000802 seconds, Stopping threads took: 0.0000192 seconds
[2019-12-08T10:03:39.954+0000][1][safepoint    ] Application time: 1.0000890 seconds
[2019-12-08T10:03:39.954+0000][1][safepoint    ] Entering safepoint region: Cleanup
[2019-12-08T10:03:39.954+0000][1][safepoint    ] Leaving safepoint region
[2019-12-08T10:03:39.954+0000][1][safepoint    ] Total time for which application threads were stopped: 0.0000790 seconds, Stopping threads took: 0.0000194 seconds
[2019-12-08T10:03:40.954+0000][1][safepoint    ] Application time: 1.0000862 seconds
[2019-12-08T10:03:40.954+0000][1][safepoint    ] Entering safepoint region: Cleanup
[2019-12-08T10:03:40.954+0000][1][safepoint    ] Leaving safepoint region
[2019-12-08T10:03:40.954+0000][1][safepoint    ] Total time for which application threads were stopped: 0.0000877 seconds, Stopping threads took: 0.0000275 seconds
[2019-12-08T10:03:41.954+0000][1][safepoint    ] Application time: 1.0000827 seconds
[2019-12-08T10:03:41.955+0000][1][safepoint    ] Entering safepoint region: Cleanup
[2019-12-08T10:03:41.955+0000][1][safepoint    ] Leaving safepoint region
[2019-12-08T10:03:41.955+0000][1][safepoint    ] Total time for which application threads were stopped: 0.0000814 seconds, Stopping threads took: 0.0000189 seconds
[2019-12-08T10:03:42.955+0000][1][safepoint    ] Application time: 1.0000795 seconds
[2019-12-08T10:03:42.955+0000][1][safepoint    ] Entering safepoint region: Cleanup
[2019-12-08T10:03:42.955+0000][1][safepoint    ] Leaving safepoint region
[2019-12-08T10:03:42.955+0000][1][safepoint    ] Total time for which application threads were stopped: 0.0000777 seconds, Stopping threads took: 0.0000186 seconds
[2019-12-08T10:03:43.955+0000][1][safepoint    ] Application time: 1.0000825 seconds
[2019-12-08T10:03:43.955+0000][1][safepoint    ] Entering safepoint region: Cleanup
[2019-12-08T10:03:43.955+0000][1][safepoint    ] Leaving safepoint region
[2019-12-08T10:03:43.955+0000][1][safepoint    ] Total time for which application threads were stopped: 0.0000790 seconds, Stopping threads took: 0.0000202 seconds
[2019-12-08T10:03:44.955+0000][1][safepoint    ] Application time: 1.0000800 seconds
[2019-12-08T10:03:44.955+0000][1][safepoint    ] Entering safepoint region: Cleanup
[2019-12-08T10:03:44.955+0000][1][safepoint    ] Leaving safepoint region
[2019-12-08T10:03:44.955+0000][1][safepoint    ] Total time for which application threads were stopped: 0.0000773 seconds, Stopping threads took: 0.0000187 seconds
[2019-12-08T10:03:45.955+0000][1][safepoint    ] Application time: 1.0000802 seconds
[2019-12-08T10:03:45.955+0000][1][safepoint    ] Entering safepoint region: Cleanup
[2019-12-08T10:03:45.955+0000][1][safepoint    ] Leaving safepoint region
[2019-12-08T10:03:45.955+0000][1][safepoint    ] Total time for which application threads were stopped: 0.0000777 seconds, Stopping threads took: 0.0000182 seconds
[2019-12-08T10:03:46.955+0000][1][safepoint    ] Application time: 1.0000799 seconds
[2019-12-08T10:03:46.956+0000][1][safepoint    ] Entering safepoint region: Cleanup
[2019-12-08T10:03:46.956+0000][1][safepoint    ] Leaving safepoint region
[2019-12-08T10:03:46.956+0000][1][safepoint    ] Total time for which application threads were stopped: 0.0000841 seconds, Stopping threads took: 0.0000195 seconds
[2019-12-08T10:03:47.956+0000][1][safepoint    ] Application time: 1.0000857 seconds
[2019-12-08T10:03:47.956+0000][1][safepoint    ] Entering safepoint region: Cleanup
[2019-12-08T10:03:47.956+0000][1][safepoint    ] Leaving safepoint region
[2019-12-08T10:03:47.956+0000][1][safepoint    ] Total time for which application threads were stopped: 0.0000769 seconds, Stopping threads took: 0.0000176 seconds
[2019-12-08T10:03:48.956+0000][1][safepoint    ] Application time: 1.0000918 seconds
[2019-12-08T10:03:48.956+0000][1][safepoint    ] Entering safepoint region: Cleanup
[2019-12-08T10:03:48.956+0000][1][safepoint    ] Leaving safepoint region
[2019-12-08T10:03:48.956+0000][1][safepoint    ] Total time for which application threads were stopped: 0.0000799 seconds, Stopping threads took: 0.0000195 seconds
[2019-12-08T10:03:49.956+0000][1][safepoint    ] Application time: 1.0000941 seconds
[2019-12-08T10:03:49.956+0000][1][safepoint    ] Entering safepoint region: Cleanup
[2019-12-08T10:03:49.956+0000][1][safepoint    ] Leaving safepoint region
[2019-12-08T10:03:49.956+0000][1][safepoint    ] Total time for which application threads were stopped: 0.0000813 seconds, Stopping threads took: 0.0000201 seconds
[2019-12-08T10:03:50.956+0000][1][safepoint    ] Application time: 1.0000899 seconds
[2019-12-08T10:03:50.956+0000][1][safepoint    ] Entering safepoint region: Cleanup
[2019-12-08T10:03:50.956+0000][1][safepoint    ] Leaving safepoint region
[2019-12-08T10:03:50.956+0000][1][safepoint    ] Total time for which application threads were stopped: 0.0000884 seconds, Stopping threads took: 0.0000285 seconds
[2019-12-08T10:03:51.957+0000][1][safepoint    ] Application time: 1.0000859 seconds
[2019-12-08T10:03:51.957+0000][1][safepoint    ] Entering safepoint region: Cleanup
[2019-12-08T10:03:51.957+0000][1][safepoint    ] Leaving safepoint region
[2019-12-08T10:03:51.957+0000][1][safepoint    ] Total time for which application threads were stopped: 0.0000763 seconds, Stopping threads took: 0.0000183 seconds
[2019-12-08T10:03:52.957+0000][1][safepoint    ] Application time: 1.0000920 seconds
[2019-12-08T10:03:52.957+0000][1][safepoint    ] Entering safepoint region: Cleanup
[2019-12-08T10:03:52.957+0000][1][safepoint    ] Leaving safepoint region
[2019-12-08T10:03:52.957+0000][1][safepoint    ] Total time for which application threads were stopped: 0.0000789 seconds, Stopping threads took: 0.0000195 seconds
[2019-12-08T10:03:53.957+0000][1][safepoint    ] Application time: 1.0000838 seconds
[2019-12-08T10:03:53.957+0000][1][safepoint    ] Entering safepoint region: Cleanup
[2019-12-08T10:03:53.957+0000][1][safepoint    ] Leaving safepoint region
[2019-12-08T10:03:53.957+0000][1][safepoint    ] Total time for which application threads were stopped: 0.0000833 seconds, Stopping threads took: 0.0000206 seconds
[2019-12-08T10:03:54.957+0000][1][safepoint    ] Application time: 1.0000854 seconds
[2019-12-08T10:03:54.957+0000][1][safepoint    ] Entering safepoint region: Cleanup
[2019-12-08T10:03:54.957+0000][1][safepoint    ] Leaving safepoint region
[2019-12-08T10:03:54.957+0000][1][safepoint    ] Total time for which application threads were stopped: 0.0000773 seconds, Stopping threads took: 0.0000182 seconds
[2019-12-08T10:03:55.957+0000][1][safepoint    ] Application time: 1.0000841 seconds
[2019-12-08T10:03:55.957+0000][1][safepoint    ] Entering safepoint region: Cleanup
[2019-12-08T10:03:55.957+0000][1][safepoint    ] Leaving safepoint region
[2019-12-08T10:03:55.958+0000][1][safepoint    ] Total time for which application threads were stopped: 0.0000789 seconds, Stopping threads took: 0.0000191 seconds
[2019-12-08T10:03:56.958+0000][1][safepoint    ] Application time: 1.0000826 seconds
[2019-12-08T10:03:56.958+0000][1][safepoint    ] Entering safepoint region: Cleanup
[2019-12-08T10:03:56.958+0000][1][safepoint    ] Leaving safepoint region
[2019-12-08T10:03:56.958+0000][1][safepoint    ] Total time for which application threads were stopped: 0.0000953 seconds, Stopping threads took: 0.0000181 seconds
[2019-12-08T10:03:57.958+0000][1][safepoint    ] Application time: 1.0000802 seconds
[2019-12-08T10:03:57.958+0000][1][safepoint    ] Entering safepoint region: Cleanup
[2019-12-08T10:03:57.958+0000][1][safepoint    ] Leaving safepoint region
[2019-12-08T10:03:57.958+0000][1][safepoint    ] Total time for which application threads were stopped: 0.0000777 seconds, Stopping threads took: 0.0000187 seconds
[2019-12-08T10:03:58.958+0000][1][safepoint    ] Application time: 1.0000800 seconds
[2019-12-08T10:03:58.958+0000][1][safepoint    ] Entering safepoint region: Cleanup
[2019-12-08T10:03:58.958+0000][1][safepoint    ] Leaving safepoint region
[2019-12-08T10:03:58.958+0000][1][safepoint    ] Total time for which application threads were stopped: 0.0000844 seconds, Stopping threads took: 0.0000187 seconds
[2019-12-08T10:03:59.958+0000][1][safepoint    ] Application time: 1.0000851 seconds
[2019-12-08T10:03:59.958+0000][1][safepoint    ] Entering safepoint region: Cleanup
[2019-12-08T10:03:59.958+0000][1][safepoint    ] Leaving safepoint region
[2019-12-08T10:03:59.958+0000][1][safepoint    ] Total time for which application threads were stopped: 0.0000821 seconds, Stopping threads took: 0.0000207 seconds
[2019-12-08T10:04:00.958+0000][1][safepoint    ] Application time: 1.0000799 seconds
[2019-12-08T10:04:00.958+0000][1][safepoint    ] Entering safepoint region: Cleanup
[2019-12-08T10:04:00.959+0000][1][safepoint    ] Leaving safepoint region
[2019-12-08T10:04:00.959+0000][1][safepoint    ] Total time for which application threads were stopped: 0.0000865 seconds, Stopping threads took: 0.0000269 seconds
[2019-12-08T10:04:01.959+0000][1][safepoint    ] Application time: 1.0000820 seconds
[2019-12-08T10:04:01.959+0000][1][safepoint    ] Entering safepoint region: Cleanup
[2019-12-08T10:04:01.959+0000][1][safepoint    ] Leaving safepoint region
[2019-12-08T10:04:01.959+0000][1][safepoint    ] Total time for which application threads were stopped: 0.0001048 seconds, Stopping threads took: 0.0000300 seconds
[2019-12-08T10:04:02.959+0000][1][safepoint    ] Application time: 1.0000782 seconds
[2019-12-08T10:04:02.959+0000][1][safepoint    ] Entering safepoint region: Cleanup
[2019-12-08T10:04:02.959+0000][1][safepoint    ] Leaving safepoint region
[2019-12-08T10:04:02.959+0000][1][safepoint    ] Total time for which application threads were stopped: 0.0000812 seconds, Stopping threads took: 0.0000197 seconds
[2019-12-08T10:04:03.959+0000][1][safepoint    ] Application time: 1.0000772 seconds
[2019-12-08T10:04:03.959+0000][1][safepoint    ] Entering safepoint region: Cleanup
[2019-12-08T10:04:03.959+0000][1][safepoint    ] Leaving safepoint region
[2019-12-08T10:04:03.959+0000][1][safepoint    ] Total time for which application threads were stopped: 0.0000775 seconds, Stopping threads took: 0.0000188 seconds
[2019-12-08T10:04:04.959+0000][1][safepoint    ] Application time: 1.0000804 seconds
[2019-12-08T10:04:04.959+0000][1][safepoint    ] Entering safepoint region: Cleanup
[2019-12-08T10:04:04.959+0000][1][safepoint    ] Leaving safepoint region
[2019-12-08T10:04:04.959+0000][1][safepoint    ] Total time for which application threads were stopped: 0.0000780 seconds, Stopping threads took: 0.0000179 seconds
[2019-12-08T10:04:05.959+0000][1][safepoint    ] Application time: 1.0000747 seconds
[2019-12-08T10:04:05.960+0000][1][safepoint    ] Entering safepoint region: Cleanup
[2019-12-08T10:04:05.960+0000][1][safepoint    ] Leaving safepoint region
[2019-12-08T10:04:05.960+0000][1][safepoint    ] Total time for which application threads were stopped: 0.0000824 seconds, Stopping threads took: 0.0000200 seconds
[2019-12-08T10:04:06.960+0000][1][safepoint    ] Application time: 1.0001001 seconds
[2019-12-08T10:04:06.960+0000][1][safepoint    ] Entering safepoint region: Cleanup
[2019-12-08T10:04:06.960+0000][1][safepoint    ] Leaving safepoint region
[2019-12-08T10:04:06.960+0000][1][safepoint    ] Total time for which application threads were stopped: 0.0000816 seconds, Stopping threads took: 0.0000193 seconds
[2019-12-08T10:04:07.960+0000][1][safepoint    ] Application time: 1.0000860 seconds
[2019-12-08T10:04:07.960+0000][1][safepoint    ] Entering safepoint region: Cleanup
[2019-12-08T10:04:07.960+0000][1][safepoint    ] Leaving safepoint region
[2019-12-08T10:04:07.960+0000][1][safepoint    ] Total time for which application threads were stopped: 0.0001006 seconds, Stopping threads took: 0.0000393 seconds
[2019-12-08T10:04:08.960+0000][1][safepoint    ] Application time: 1.0000836 seconds
[2019-12-08T10:04:08.960+0000][1][safepoint    ] Entering safepoint region: Cleanup
[2019-12-08T10:04:08.960+0000][1][safepoint    ] Leaving safepoint region
[2019-12-08T10:04:08.960+0000][1][safepoint    ] Total time for which application threads were stopped: 0.0000832 seconds, Stopping threads took: 0.0000203 seconds
[2019-12-08T10:04:09.960+0000][1][safepoint    ] Application time: 1.0000788 seconds
[2019-12-08T10:04:09.960+0000][1][safepoint    ] Entering safepoint region: Cleanup
[2019-12-08T10:04:09.960+0000][1][safepoint    ] Leaving safepoint region
[2019-12-08T10:04:09.960+0000][1][safepoint    ] Total time for which application threads were stopped: 0.0000785 seconds, Stopping threads took: 0.0000177 seconds
[2019-12-08T10:04:10.961+0000][1][safepoint    ] Application time: 1.0000787 seconds
[2019-12-08T10:04:10.961+0000][1][safepoint    ] Entering safepoint region: Cleanup
[2019-12-08T10:04:10.961+0000][1][safepoint    ] Leaving safepoint region
[2019-12-08T10:04:10.961+0000][1][safepoint    ] Total time for which application threads were stopped: 0.0000943 seconds, Stopping threads took: 0.0000188 seconds
[2019-12-08T10:04:11.961+0000][1][safepoint    ] Application time: 1.0000796 seconds
[2019-12-08T10:04:11.961+0000][1][safepoint    ] Entering safepoint region: Cleanup
[2019-12-08T10:04:11.961+0000][1][safepoint    ] Leaving safepoint region
[2019-12-08T10:04:11.961+0000][1][safepoint    ] Total time for which application threads were stopped: 0.0000801 seconds, Stopping threads took: 0.0000193 seconds
[2019-12-08T10:04:12.961+0000][1][safepoint    ] Application time: 1.0000805 seconds
[2019-12-08T10:04:12.961+0000][1][safepoint    ] Entering safepoint region: Cleanup
[2019-12-08T10:04:12.961+0000][1][safepoint    ] Leaving safepoint region
[2019-12-08T10:04:12.961+0000][1][safepoint    ] Total time for which application threads were stopped: 0.0000775 seconds, Stopping threads took: 0.0000183 seconds
[2019-12-08T10:04:13.961+0000][1][safepoint    ] Application time: 1.0000787 seconds
[2019-12-08T10:04:13.961+0000][1][safepoint    ] Entering safepoint region: Cleanup
[2019-12-08T10:04:13.961+0000][1][safepoint    ] Leaving safepoint region
[2019-12-08T10:04:13.961+0000][1][safepoint    ] Total time for which application threads were stopped: 0.0000782 seconds, Stopping threads took: 0.0000190 seconds
[2019-12-08T10:04:14.961+0000][1][safepoint    ] Application time: 1.0000852 seconds
[2019-12-08T10:04:14.961+0000][1][safepoint    ] Entering safepoint region: Cleanup
[2019-12-08T10:04:14.962+0000][1][safepoint    ] Leaving safepoint region
[2019-12-08T10:04:14.962+0000][1][safepoint    ] Total time for which application threads were stopped: 0.0000793 seconds, Stopping threads took: 0.0000185 seconds
[2019-12-08T10:04:15.962+0000][1][safepoint    ] Application time: 1.0000779 seconds
[2019-12-08T10:04:15.962+0000][1][safepoint    ] Entering safepoint region: Cleanup
[2019-12-08T10:04:15.962+0000][1][safepoint    ] Leaving safepoint region
[2019-12-08T10:04:15.962+0000][1][safepoint    ] Total time for which application threads were stopped: 0.0000912 seconds, Stopping threads took: 0.0000185 seconds
[2019-12-08T10:04:16.962+0000][1][safepoint    ] Application time: 1.0000764 seconds
[2019-12-08T10:04:16.962+0000][1][safepoint    ] Entering safepoint region: Cleanup
[2019-12-08T10:04:16.962+0000][1][safepoint    ] Leaving safepoint region
[2019-12-08T10:04:16.962+0000][1][safepoint    ] Total time for which application threads were stopped: 0.0000784 seconds, Stopping threads took: 0.0000174 seconds
[2019-12-08T10:04:17.962+0000][1][safepoint    ] Application time: 1.0000809 seconds
[2019-12-08T10:04:17.962+0000][1][safepoint    ] Entering safepoint region: Cleanup
[2019-12-08T10:04:17.962+0000][1][safepoint    ] Leaving safepoint region
[2019-12-08T10:04:17.962+0000][1][safepoint    ] Total time for which application threads were stopped: 0.0000803 seconds, Stopping threads took: 0.0000180 seconds
[2019-12-08T10:04:18.962+0000][1][safepoint    ] Application time: 1.0000770 seconds
[2019-12-08T10:04:18.962+0000][1][safepoint    ] Entering safepoint region: Cleanup
[2019-12-08T10:04:18.962+0000][1][safepoint    ] Leaving safepoint region
[2019-12-08T10:04:18.962+0000][1][safepoint    ] Total time for which application threads were stopped: 0.0000772 seconds, Stopping threads took: 0.0000184 seconds
[2019-12-08T10:04:19.962+0000][1][safepoint    ] Application time: 1.0000765 seconds
[2019-12-08T10:04:19.962+0000][1][safepoint    ] Entering safepoint region: Cleanup
[2019-12-08T10:04:19.963+0000][1][safepoint    ] Leaving safepoint region
[2019-12-08T10:04:19.963+0000][1][safepoint    ] Total time for which application threads were stopped: 0.0000770 seconds, Stopping threads took: 0.0000187 seconds
[2019-12-08T10:04:20.963+0000][1][safepoint    ] Application time: 1.0000788 seconds
[2019-12-08T10:04:20.963+0000][1][safepoint    ] Entering safepoint region: Cleanup
[2019-12-08T10:04:20.963+0000][1][safepoint    ] Leaving safepoint region
[2019-12-08T10:04:20.963+0000][1][safepoint    ] Total time for which application threads were stopped: 0.0000976 seconds, Stopping threads took: 0.0000196 seconds
[2019-12-08T10:04:21.963+0000][1][safepoint    ] Application time: 1.0000785 seconds
[2019-12-08T10:04:21.963+0000][1][safepoint    ] Entering safepoint region: Cleanup
[2019-12-08T10:04:21.963+0000][1][safepoint    ] Leaving safepoint region
[2019-12-08T10:04:21.963+0000][1][safepoint    ] Total time for which application threads were stopped: 0.0000769 seconds, Stopping threads took: 0.0000180 seconds
[2019-12-08T10:04:22.963+0000][1][safepoint    ] Application time: 1.0000944 seconds
[2019-12-08T10:04:22.963+0000][1][safepoint    ] Entering safepoint region: Cleanup
[2019-12-08T10:04:22.963+0000][1][safepoint    ] Leaving safepoint region
[2019-12-08T10:04:22.963+0000][1][safepoint    ] Total time for which application threads were stopped: 0.0000762 seconds, Stopping threads took: 0.0000177 seconds
[2019-12-08T10:04:23.963+0000][1][safepoint    ] Application time: 1.0000809 seconds
[2019-12-08T10:04:23.963+0000][1][safepoint    ] Entering safepoint region: Cleanup
[2019-12-08T10:04:23.963+0000][1][safepoint    ] Leaving safepoint region
[2019-12-08T10:04:23.963+0000][1][safepoint    ] Total time for which application threads were stopped: 0.0000800 seconds, Stopping threads took: 0.0000184 seconds
[2019-12-08T10:04:24.963+0000][1][safepoint    ] Application time: 1.0000872 seconds
[2019-12-08T10:04:24.963+0000][1][safepoint    ] Entering safepoint region: Cleanup
[2019-12-08T10:04:24.964+0000][1][safepoint    ] Leaving safepoint region
[2019-12-08T10:04:24.964+0000][1][safepoint    ] Total time for which application threads were stopped: 0.0000847 seconds, Stopping threads took: 0.0000191 seconds
[2019-12-08T10:04:25.964+0000][1][safepoint    ] Application time: 1.0000792 seconds
[2019-12-08T10:04:25.964+0000][1][safepoint    ] Entering safepoint region: Cleanup
[2019-12-08T10:04:25.964+0000][1][safepoint    ] Leaving safepoint region
[2019-12-08T10:04:25.964+0000][1][safepoint    ] Total time for which application threads were stopped: 0.0000925 seconds, Stopping threads took: 0.0000317 seconds
[2019-12-08T10:04:26.964+0000][1][safepoint    ] Application time: 1.0000801 seconds
[2019-12-08T10:04:26.964+0000][1][safepoint    ] Entering safepoint region: Cleanup
[2019-12-08T10:04:26.964+0000][1][safepoint    ] Leaving safepoint region
[2019-12-08T10:04:26.964+0000][1][safepoint    ] Total time for which application threads were stopped: 0.0000817 seconds, Stopping threads took: 0.0000200 seconds
[2019-12-08T10:04:27.964+0000][1][safepoint    ] Application time: 1.0000787 seconds
[2019-12-08T10:04:27.964+0000][1][safepoint    ] Entering safepoint region: Cleanup
[2019-12-08T10:04:27.964+0000][1][safepoint    ] Leaving safepoint region
[2019-12-08T10:04:27.964+0000][1][safepoint    ] Total time for which application threads were stopped: 0.0000882 seconds, Stopping threads took: 0.0000264 seconds
[2019-12-08T10:04:28.964+0000][1][safepoint    ] Application time: 1.0000852 seconds
[2019-12-08T10:04:28.964+0000][1][safepoint    ] Entering safepoint region: Cleanup
[2019-12-08T10:04:28.964+0000][1][safepoint    ] Leaving safepoint region
[2019-12-08T10:04:28.964+0000][1][safepoint    ] Total time for which application threads were stopped: 0.0000803 seconds, Stopping threads took: 0.0000194 seconds
[2019-12-08T10:04:29.964+0000][1][safepoint    ] Application time: 1.0000877 seconds
[2019-12-08T10:04:29.965+0000][1][safepoint    ] Entering safepoint region: Cleanup
[2019-12-08T10:04:29.965+0000][1][safepoint    ] Leaving safepoint region
[2019-12-08T10:04:29.965+0000][1][safepoint    ] Total time for which application threads were stopped: 0.0000850 seconds, Stopping threads took: 0.0000201 seconds
[2019-12-08T10:04:30.965+0000][1][safepoint    ] Application time: 1.0000843 seconds
[2019-12-08T10:04:30.965+0000][1][safepoint    ] Entering safepoint region: Cleanup
[2019-12-08T10:04:30.965+0000][1][safepoint    ] Leaving safepoint region
[2019-12-08T10:04:30.965+0000][1][safepoint    ] Total time for which application threads were stopped: 0.0000790 seconds, Stopping threads took: 0.0000182 seconds
[2019-12-08T10:04:31.965+0000][1][safepoint    ] Application time: 1.0000823 seconds
[2019-12-08T10:04:31.965+0000][1][safepoint    ] Entering safepoint region: Cleanup
[2019-12-08T10:04:31.965+0000][1][safepoint    ] Leaving safepoint region
[2019-12-08T10:04:31.965+0000][1][safepoint    ] Total time for which application threads were stopped: 0.0000793 seconds, Stopping threads took: 0.0000190 seconds
[2019-12-08T10:04:32.965+0000][1][safepoint    ] Application time: 1.0000814 seconds
[2019-12-08T10:04:32.965+0000][1][safepoint    ] Entering safepoint region: Cleanup
[2019-12-08T10:04:32.965+0000][1][safepoint    ] Leaving safepoint region
[2019-12-08T10:04:32.965+0000][1][safepoint    ] Total time for which application threads were stopped: 0.0000771 seconds, Stopping threads took: 0.0000179 seconds
[2019-12-08T10:04:33.965+0000][1][safepoint    ] Application time: 1.0000765 seconds
[2019-12-08T10:04:33.965+0000][1][safepoint    ] Entering safepoint region: Cleanup
[2019-12-08T10:04:33.965+0000][1][safepoint    ] Leaving safepoint region
[2019-12-08T10:04:33.965+0000][1][safepoint    ] Total time for which application threads were stopped: 0.0000788 seconds, Stopping threads took: 0.0000191 seconds
[2019-12-08T10:04:34.966+0000][1][safepoint    ] Application time: 1.0000751 seconds
[2019-12-08T10:04:34.966+0000][1][safepoint    ] Entering safepoint region: Cleanup
[2019-12-08T10:04:34.966+0000][1][safepoint    ] Leaving safepoint region
[2019-12-08T10:04:34.966+0000][1][safepoint    ] Total time for which application threads were stopped: 0.0000755 seconds, Stopping threads took: 0.0000173 seconds
[2019-12-08T10:04:35.966+0000][1][safepoint    ] Application time: 1.0000818 seconds
[2019-12-08T10:04:35.966+0000][1][safepoint    ] Entering safepoint region: Cleanup
[2019-12-08T10:04:35.966+0000][1][safepoint    ] Leaving safepoint region
[2019-12-08T10:04:35.966+0000][1][safepoint    ] Total time for which application threads were stopped: 0.0000784 seconds, Stopping threads took: 0.0000176 seconds
[2019-12-08T10:04:36.966+0000][1][safepoint    ] Application time: 1.0000813 seconds
[2019-12-08T10:04:36.966+0000][1][safepoint    ] Entering safepoint region: Cleanup
[2019-12-08T10:04:36.966+0000][1][safepoint    ] Leaving safepoint region
[2019-12-08T10:04:36.966+0000][1][safepoint    ] Total time for which application threads were stopped: 0.0000833 seconds, Stopping threads took: 0.0000223 seconds
[2019-12-08T10:04:37.966+0000][1][safepoint    ] Application time: 1.0000792 seconds
[2019-12-08T10:04:37.966+0000][1][safepoint    ] Entering safepoint region: Cleanup
[2019-12-08T10:04:37.966+0000][1][safepoint    ] Leaving safepoint region
[2019-12-08T10:04:37.966+0000][1][safepoint    ] Total time for which application threads were stopped: 0.0000870 seconds, Stopping threads took: 0.0000271 seconds
[2019-12-08T10:04:38.966+0000][1][safepoint    ] Application time: 1.0000807 seconds
[2019-12-08T10:04:38.966+0000][1][safepoint    ] Entering safepoint region: Cleanup
[2019-12-08T10:04:38.966+0000][1][safepoint    ] Leaving safepoint region
[2019-12-08T10:04:38.966+0000][1][safepoint    ] Total time for which application threads were stopped: 0.0000804 seconds, Stopping threads took: 0.0000193 seconds
[2019-12-08T10:04:39.967+0000][1][safepoint    ] Application time: 1.0000800 seconds
[2019-12-08T10:04:39.967+0000][1][safepoint    ] Entering safepoint region: Cleanup
[2019-12-08T10:04:39.967+0000][1][safepoint    ] Leaving safepoint region
[2019-12-08T10:04:39.967+0000][1][safepoint    ] Total time for which application threads were stopped: 0.0000800 seconds, Stopping threads took: 0.0000207 seconds
[2019-12-08T10:04:40.967+0000][1][safepoint    ] Application time: 1.0000792 seconds
[2019-12-08T10:04:40.967+0000][1][safepoint    ] Entering safepoint region: Cleanup
[2019-12-08T10:04:40.967+0000][1][safepoint    ] Leaving safepoint region
[2019-12-08T10:04:40.967+0000][1][safepoint    ] Total time for which application threads were stopped: 0.0000824 seconds, Stopping threads took: 0.0000204 seconds
[2019-12-08T10:04:41.967+0000][1][safepoint    ] Application time: 1.0000769 seconds
[2019-12-08T10:04:41.967+0000][1][safepoint    ] Entering safepoint region: Cleanup
[2019-12-08T10:04:41.967+0000][1][safepoint    ] Leaving safepoint region
[2019-12-08T10:04:41.967+0000][1][safepoint    ] Total time for which application threads were stopped: 0.0000804 seconds, Stopping threads took: 0.0000201 seconds
[2019-12-08T10:04:42.967+0000][1][safepoint    ] Application time: 1.0000870 seconds
[2019-12-08T10:04:42.967+0000][1][safepoint    ] Entering safepoint region: Cleanup
[2019-12-08T10:04:42.967+0000][1][safepoint    ] Leaving safepoint region
[2019-12-08T10:04:42.967+0000][1][safepoint    ] Total time for which application threads were stopped: 0.0000778 seconds, Stopping threads took: 0.0000192 seconds
[2019-12-08T10:04:43.967+0000][1][safepoint    ] Application time: 1.0000818 seconds
[2019-12-08T10:04:43.967+0000][1][safepoint    ] Entering safepoint region: Cleanup
[2019-12-08T10:04:43.967+0000][1][safepoint    ] Leaving safepoint region
[2019-12-08T10:04:43.967+0000][1][safepoint    ] Total time for which application threads were stopped: 0.0000794 seconds, Stopping threads took: 0.0000195 seconds
[2019-12-08T10:04:44.968+0000][1][safepoint    ] Application time: 1.0000850 seconds
[2019-12-08T10:04:44.968+0000][1][safepoint    ] Entering safepoint region: Cleanup
[2019-12-08T10:04:44.968+0000][1][safepoint    ] Leaving safepoint region
[2019-12-08T10:04:44.968+0000][1][safepoint    ] Total time for which application threads were stopped: 0.0001207 seconds, Stopping threads took: 0.0000251 seconds
[2019-12-08T10:04:45.968+0000][1][safepoint    ] Application time: 1.0000788 seconds
[2019-12-08T10:04:45.968+0000][1][safepoint    ] Entering safepoint region: Cleanup
[2019-12-08T10:04:45.968+0000][1][safepoint    ] Leaving safepoint region
[2019-12-08T10:04:45.968+0000][1][safepoint    ] Total time for which application threads were stopped: 0.0000811 seconds, Stopping threads took: 0.0000168 seconds
[2019-12-08T10:04:46.968+0000][1][safepoint    ] Application time: 1.0000771 seconds
[2019-12-08T10:04:46.968+0000][1][safepoint    ] Entering safepoint region: Cleanup
[2019-12-08T10:04:46.968+0000][1][safepoint    ] Leaving safepoint region
[2019-12-08T10:04:46.968+0000][1][safepoint    ] Total time for which application threads were stopped: 0.0000803 seconds, Stopping threads took: 0.0000185 seconds
[2019-12-08T10:04:47.968+0000][1][safepoint    ] Application time: 1.0000756 seconds
[2019-12-08T10:04:47.968+0000][1][safepoint    ] Entering safepoint region: Cleanup
[2019-12-08T10:04:47.968+0000][1][safepoint    ] Leaving safepoint region
[2019-12-08T10:04:47.968+0000][1][safepoint    ] Total time for which application threads were stopped: 0.0000737 seconds, Stopping threads took: 0.0000180 seconds
[2019-12-08T10:04:48.968+0000][1][safepoint    ] Application time: 1.0000776 seconds
[2019-12-08T10:04:48.968+0000][1][safepoint    ] Entering safepoint region: Cleanup
[2019-12-08T10:04:48.968+0000][1][safepoint    ] Leaving safepoint region
[2019-12-08T10:04:48.968+0000][1][safepoint    ] Total time for which application threads were stopped: 0.0000761 seconds, Stopping threads took: 0.0000184 seconds
[2019-12-08T10:04:49.969+0000][1][safepoint    ] Application time: 1.0000766 seconds
[2019-12-08T10:04:49.969+0000][1][safepoint    ] Entering safepoint region: Cleanup
[2019-12-08T10:04:49.969+0000][1][safepoint    ] Leaving safepoint region
[2019-12-08T10:04:49.969+0000][1][safepoint    ] Total time for which application threads were stopped: 0.0000769 seconds, Stopping threads took: 0.0000179 seconds
[2019-12-08T10:04:50.969+0000][1][safepoint    ] Application time: 1.0000814 seconds
[2019-12-08T10:04:50.969+0000][1][safepoint    ] Entering safepoint region: Cleanup
[2019-12-08T10:04:50.969+0000][1][safepoint    ] Leaving safepoint region
[2019-12-08T10:04:50.969+0000][1][safepoint    ] Total time for which application threads were stopped: 0.0000809 seconds, Stopping threads took: 0.0000189 seconds
[2019-12-08T10:04:51.969+0000][1][safepoint    ] Application time: 1.0000835 seconds
[2019-12-08T10:04:51.969+0000][1][safepoint    ] Entering safepoint region: Cleanup
[2019-12-08T10:04:51.969+0000][1][safepoint    ] Leaving safepoint region
[2019-12-08T10:04:51.969+0000][1][safepoint    ] Total time for which application threads were stopped: 0.0000770 seconds, Stopping threads took: 0.0000182 seconds
[2019-12-08T10:04:52.969+0000][1][safepoint    ] Application time: 1.0000762 seconds
[2019-12-08T10:04:52.969+0000][1][safepoint    ] Entering safepoint region: Cleanup
[2019-12-08T10:04:52.969+0000][1][safepoint    ] Leaving safepoint region
[2019-12-08T10:04:52.969+0000][1][safepoint    ] Total time for which application threads were stopped: 0.0000720 seconds, Stopping threads took: 0.0000180 seconds
[2019-12-08T10:04:53.969+0000][1][safepoint    ] Application time: 1.0000787 seconds
[2019-12-08T10:04:53.969+0000][1][safepoint    ] Entering safepoint region: Cleanup
[2019-12-08T10:04:53.969+0000][1][safepoint    ] Leaving safepoint region
[2019-12-08T10:04:53.969+0000][1][safepoint    ] Total time for which application threads were stopped: 0.0000770 seconds, Stopping threads took: 0.0000185 seconds
[2019-12-08T10:04:54.970+0000][1][safepoint    ] Application time: 1.0000790 seconds
[2019-12-08T10:04:54.970+0000][1][safepoint    ] Entering safepoint region: Cleanup
[2019-12-08T10:04:54.970+0000][1][safepoint    ] Leaving safepoint region
[2019-12-08T10:04:54.970+0000][1][safepoint    ] Total time for which application threads were stopped: 0.0000807 seconds, Stopping threads took: 0.0000208 seconds
[2019-12-08T10:04:55.970+0000][1][safepoint    ] Application time: 1.0000780 seconds
[2019-12-08T10:04:55.970+0000][1][safepoint    ] Entering safepoint region: Cleanup
[2019-12-08T10:04:55.970+0000][1][safepoint    ] Leaving safepoint region
[2019-12-08T10:04:55.970+0000][1][safepoint    ] Total time for which application threads were stopped: 0.0000754 seconds, Stopping threads took: 0.0000182 seconds
[2019-12-08T10:04:56.970+0000][1][safepoint    ] Application time: 1.0000817 seconds
[2019-12-08T10:04:56.970+0000][1][safepoint    ] Entering safepoint region: Cleanup
[2019-12-08T10:04:56.970+0000][1][safepoint    ] Leaving safepoint region
[2019-12-08T10:04:56.970+0000][1][safepoint    ] Total time for which application threads were stopped: 0.0000981 seconds, Stopping threads took: 0.0000185 seconds
[2019-12-08T10:04:57.970+0000][1][safepoint    ] Application time: 1.0000799 seconds
[2019-12-08T10:04:57.970+0000][1][safepoint    ] Entering safepoint region: Cleanup
[2019-12-08T10:04:57.970+0000][1][safepoint    ] Leaving safepoint region
[2019-12-08T10:04:57.970+0000][1][safepoint    ] Total time for which application threads were stopped: 0.0000759 seconds, Stopping threads took: 0.0000184 seconds
[2019-12-08T10:04:58.970+0000][1][safepoint    ] Application time: 1.0000811 seconds
[2019-12-08T10:04:58.970+0000][1][safepoint    ] Entering safepoint region: Cleanup
[2019-12-08T10:04:58.970+0000][1][safepoint    ] Leaving safepoint region
[2019-12-08T10:04:58.970+0000][1][safepoint    ] Total time for which application threads were stopped: 0.0000776 seconds, Stopping threads took: 0.0000182 seconds
[2019-12-08T10:04:59.971+0000][1][safepoint    ] Application time: 1.0000819 seconds
[2019-12-08T10:04:59.971+0000][1][safepoint    ] Entering safepoint region: Cleanup
[2019-12-08T10:04:59.971+0000][1][safepoint    ] Leaving safepoint region
[2019-12-08T10:04:59.971+0000][1][safepoint    ] Total time for which application threads were stopped: 0.0000803 seconds, Stopping threads took: 0.0000193 seconds
[2019-12-08T10:05:00.971+0000][1][safepoint    ] Application time: 1.0000847 seconds
[2019-12-08T10:05:00.971+0000][1][safepoint    ] Entering safepoint region: Cleanup
[2019-12-08T10:05:00.971+0000][1][safepoint    ] Leaving safepoint region
[2019-12-08T10:05:00.971+0000][1][safepoint    ] Total time for which application threads were stopped: 0.0000766 seconds, Stopping threads took: 0.0000184 seconds
[2019-12-08T10:05:01.971+0000][1][safepoint    ] Application time: 1.0000783 seconds
[2019-12-08T10:05:01.971+0000][1][safepoint    ] Entering safepoint region: Cleanup
[2019-12-08T10:05:01.971+0000][1][safepoint    ] Leaving safepoint region
[2019-12-08T10:05:01.971+0000][1][safepoint    ] Total time for which application threads were stopped: 0.0000779 seconds, Stopping threads took: 0.0000196 seconds
[2019-12-08T10:05:02.990+0000][1][safepoint    ] Application time: 1.0189075 seconds
[2019-12-08T10:05:02.990+0000][1][safepoint    ] Entering safepoint region: Cleanup
[2019-12-08T10:05:02.990+0000][1][safepoint    ] Leaving safepoint region
[2019-12-08T10:05:02.990+0000][1][safepoint    ] Total time for which application threads were stopped: 0.0001737 seconds, Stopping threads took: 0.0000163 seconds
[2019-12-08T10:05:03.990+0000][1][safepoint    ] Application time: 1.0000803 seconds
[2019-12-08T10:05:03.990+0000][1][safepoint    ] Entering safepoint region: Cleanup
[2019-12-08T10:05:03.990+0000][1][safepoint    ] Leaving safepoint region
[2019-12-08T10:05:03.990+0000][1][safepoint    ] Total time for which application threads were stopped: 0.0000802 seconds, Stopping threads took: 0.0000189 seconds
[2019-12-08T10:05:04.990+0000][1][safepoint    ] Application time: 1.0000769 seconds
[2019-12-08T10:05:04.991+0000][1][safepoint    ] Entering safepoint region: Cleanup
[2019-12-08T10:05:04.991+0000][1][safepoint    ] Leaving safepoint region
[2019-12-08T10:05:04.991+0000][1][safepoint    ] Total time for which application threads were stopped: 0.0000734 seconds, Stopping threads took: 0.0000168 seconds
[2019-12-08T10:05:05.991+0000][1][safepoint    ] Application time: 1.0000783 seconds
[2019-12-08T10:05:05.991+0000][1][safepoint    ] Entering safepoint region: Cleanup
[2019-12-08T10:05:05.991+0000][1][safepoint    ] Leaving safepoint region
[2019-12-08T10:05:05.991+0000][1][safepoint    ] Total time for which application threads were stopped: 0.0000780 seconds, Stopping threads took: 0.0000178 seconds
[2019-12-08T10:05:06.991+0000][1][safepoint    ] Application time: 1.0000806 seconds
[2019-12-08T10:05:06.991+0000][1][safepoint    ] Entering safepoint region: Cleanup
[2019-12-08T10:05:06.991+0000][1][safepoint    ] Leaving safepoint region
[2019-12-08T10:05:06.991+0000][1][safepoint    ] Total time for which application threads were stopped: 0.0000791 seconds, Stopping threads took: 0.0000183 seconds
[2019-12-08T10:05:07.991+0000][1][safepoint    ] Application time: 1.0000820 seconds
[2019-12-08T10:05:07.991+0000][1][safepoint    ] Entering safepoint region: Cleanup
[2019-12-08T10:05:07.991+0000][1][safepoint    ] Leaving safepoint region
[2019-12-08T10:05:07.991+0000][1][safepoint    ] Total time for which application threads were stopped: 0.0001036 seconds, Stopping threads took: 0.0000226 seconds
[2019-12-08T10:05:08.991+0000][1][safepoint    ] Application time: 1.0000857 seconds
[2019-12-08T10:05:08.991+0000][1][safepoint    ] Entering safepoint region: Cleanup
[2019-12-08T10:05:08.991+0000][1][safepoint    ] Leaving safepoint region
[2019-12-08T10:05:08.991+0000][1][safepoint    ] Total time for which application threads were stopped: 0.0000766 seconds, Stopping threads took: 0.0000181 seconds
[2019-12-08T10:05:09.992+0000][1][safepoint    ] Application time: 1.0000893 seconds
[2019-12-08T10:05:09.992+0000][1][safepoint    ] Entering safepoint region: Cleanup
[2019-12-08T10:05:09.992+0000][1][safepoint    ] Leaving safepoint region
[2019-12-08T10:05:09.992+0000][1][safepoint    ] Total time for which application threads were stopped: 0.0000788 seconds, Stopping threads took: 0.0000195 seconds
[2019-12-08T10:05:10.992+0000][1][safepoint    ] Application time: 1.0000828 seconds
[2019-12-08T10:05:10.992+0000][1][safepoint    ] Entering safepoint region: Cleanup
[2019-12-08T10:05:10.992+0000][1][safepoint    ] Leaving safepoint region
[2019-12-08T10:05:10.992+0000][1][safepoint    ] Total time for which application threads were stopped: 0.0000844 seconds, Stopping threads took: 0.0000200 seconds
[2019-12-08T10:05:11.992+0000][1][safepoint    ] Application time: 1.0000877 seconds
[2019-12-08T10:05:11.992+0000][1][safepoint    ] Entering safepoint region: Cleanup
[2019-12-08T10:05:11.992+0000][1][safepoint    ] Leaving safepoint region
[2019-12-08T10:05:11.992+0000][1][safepoint    ] Total time for which application threads were stopped: 0.0000841 seconds, Stopping threads took: 0.0000191 seconds
[2019-12-08T10:05:12.992+0000][1][safepoint    ] Application time: 1.0000766 seconds
[2019-12-08T10:05:12.992+0000][1][safepoint    ] Entering safepoint region: Cleanup
[2019-12-08T10:05:12.992+0000][1][safepoint    ] Leaving safepoint region
[2019-12-08T10:05:12.992+0000][1][safepoint    ] Total time for which application threads were stopped: 0.0000787 seconds, Stopping threads took: 0.0000181 seconds
[2019-12-08T10:05:13.992+0000][1][safepoint    ] Application time: 1.0000856 seconds
[2019-12-08T10:05:13.992+0000][1][safepoint    ] Entering safepoint region: Cleanup
[2019-12-08T10:05:13.992+0000][1][safepoint    ] Leaving safepoint region
[2019-12-08T10:05:13.992+0000][1][safepoint    ] Total time for which application threads were stopped: 0.0000820 seconds, Stopping threads took: 0.0000172 seconds
[2019-12-08T10:05:14.993+0000][1][safepoint    ] Application time: 1.0000761 seconds
[2019-12-08T10:05:14.993+0000][1][safepoint    ] Entering safepoint region: Cleanup
[2019-12-08T10:05:14.993+0000][1][safepoint    ] Leaving safepoint region
[2019-12-08T10:05:14.993+0000][1][safepoint    ] Total time for which application threads were stopped: 0.0000769 seconds, Stopping threads took: 0.0000181 seconds
[2019-12-08T10:05:15.993+0000][1][safepoint    ] Application time: 1.0000753 seconds
[2019-12-08T10:05:15.993+0000][1][safepoint    ] Entering safepoint region: Cleanup
[2019-12-08T10:05:15.993+0000][1][safepoint    ] Leaving safepoint region
[2019-12-08T10:05:15.993+0000][1][safepoint    ] Total time for which application threads were stopped: 0.0000800 seconds, Stopping threads took: 0.0000197 seconds
[2019-12-08T10:05:16.993+0000][1][safepoint    ] Application time: 1.0000788 seconds
[2019-12-08T10:05:16.993+0000][1][safepoint    ] Entering safepoint region: Cleanup
[2019-12-08T10:05:16.993+0000][1][safepoint    ] Leaving safepoint region
[2019-12-08T10:05:16.993+0000][1][safepoint    ] Total time for which application threads were stopped: 0.0000803 seconds, Stopping threads took: 0.0000191 seconds
[2019-12-08T10:05:17.993+0000][1][safepoint    ] Application time: 1.0000740 seconds
[2019-12-08T10:05:17.993+0000][1][safepoint    ] Entering safepoint region: Cleanup
[2019-12-08T10:05:17.993+0000][1][safepoint    ] Leaving safepoint region
[2019-12-08T10:05:17.993+0000][1][safepoint    ] Total time for which application threads were stopped: 0.0000765 seconds, Stopping threads took: 0.0000179 seconds
[2019-12-08T10:05:18.993+0000][1][safepoint    ] Application time: 1.0000803 seconds
[2019-12-08T10:05:18.993+0000][1][safepoint    ] Entering safepoint region: Cleanup
[2019-12-08T10:05:18.993+0000][1][safepoint    ] Leaving safepoint region
[2019-12-08T10:05:18.993+0000][1][safepoint    ] Total time for which application threads were stopped: 0.0000919 seconds, Stopping threads took: 0.0000195 seconds
[2019-12-08T10:05:19.994+0000][1][safepoint    ] Application time: 1.0000823 seconds
[2019-12-08T10:05:19.994+0000][1][safepoint    ] Entering safepoint region: Cleanup
[2019-12-08T10:05:19.994+0000][1][safepoint    ] Leaving safepoint region
[2019-12-08T10:05:19.994+0000][1][safepoint    ] Total time for which application threads were stopped: 0.0000776 seconds, Stopping threads took: 0.0000180 seconds
[2019-12-08T10:05:20.994+0000][1][safepoint    ] Application time: 1.0000807 seconds
[2019-12-08T10:05:20.994+0000][1][safepoint    ] Entering safepoint region: Cleanup
[2019-12-08T10:05:20.994+0000][1][safepoint    ] Leaving safepoint region
[2019-12-08T10:05:20.994+0000][1][safepoint    ] Total time for which application threads were stopped: 0.0000792 seconds, Stopping threads took: 0.0000180 seconds
[2019-12-08T10:05:21.994+0000][1][safepoint    ] Application time: 1.0000795 seconds
[2019-12-08T10:05:21.994+0000][1][safepoint    ] Entering safepoint region: Cleanup
[2019-12-08T10:05:21.994+0000][1][safepoint    ] Leaving safepoint region
[2019-12-08T10:05:21.994+0000][1][safepoint    ] Total time for which application threads were stopped: 0.0000818 seconds, Stopping threads took: 0.0000197 seconds
[2019-12-08T10:05:22.994+0000][1][safepoint    ] Application time: 1.0000787 seconds
[2019-12-08T10:05:22.994+0000][1][safepoint    ] Entering safepoint region: Cleanup
[2019-12-08T10:05:22.994+0000][1][safepoint    ] Leaving safepoint region
[2019-12-08T10:05:22.994+0000][1][safepoint    ] Total time for which application threads were stopped: 0.0000768 seconds, Stopping threads took: 0.0000186 seconds
[2019-12-08T10:05:23.994+0000][1][safepoint    ] Application time: 1.0000762 seconds
[2019-12-08T10:05:23.994+0000][1][safepoint    ] Entering safepoint region: Cleanup
[2019-12-08T10:05:23.994+0000][1][safepoint    ] Leaving safepoint region
[2019-12-08T10:05:23.994+0000][1][safepoint    ] Total time for which application threads were stopped: 0.0000758 seconds, Stopping threads took: 0.0000180 seconds
[2019-12-08T10:05:24.995+0000][1][safepoint    ] Application time: 1.0000782 seconds
[2019-12-08T10:05:24.995+0000][1][safepoint    ] Entering safepoint region: Cleanup
[2019-12-08T10:05:24.995+0000][1][safepoint    ] Leaving safepoint region
[2019-12-08T10:05:24.995+0000][1][safepoint    ] Total time for which application threads were stopped: 0.0000795 seconds, Stopping threads took: 0.0000194 seconds
[2019-12-08T10:05:25.995+0000][1][safepoint    ] Application time: 1.0000796 seconds
[2019-12-08T10:05:25.995+0000][1][safepoint    ] Entering safepoint region: Cleanup
[2019-12-08T10:05:25.995+0000][1][safepoint    ] Leaving safepoint region
[2019-12-08T10:05:25.995+0000][1][safepoint    ] Total time for which application threads were stopped: 0.0000781 seconds, Stopping threads took: 0.0000184 seconds
[2019-12-08T10:05:26.995+0000][1][safepoint    ] Application time: 1.0000831 seconds
[2019-12-08T10:05:26.995+0000][1][safepoint    ] Entering safepoint region: Cleanup
[2019-12-08T10:05:26.995+0000][1][safepoint    ] Leaving safepoint region
[2019-12-08T10:05:26.995+0000][1][safepoint    ] Total time for which application threads were stopped: 0.0000818 seconds, Stopping threads took: 0.0000202 seconds
[2019-12-08T10:05:27.995+0000][1][safepoint    ] Application time: 1.0000783 seconds
[2019-12-08T10:05:27.995+0000][1][safepoint    ] Entering safepoint region: Cleanup
[2019-12-08T10:05:27.995+0000][1][safepoint    ] Leaving safepoint region
[2019-12-08T10:05:27.995+0000][1][safepoint    ] Total time for which application threads were stopped: 0.0001003 seconds, Stopping threads took: 0.0000277 seconds
[2019-12-08T10:05:28.995+0000][1][safepoint    ] Application time: 1.0000769 seconds
[2019-12-08T10:05:28.995+0000][1][safepoint    ] Entering safepoint region: Cleanup
[2019-12-08T10:05:28.995+0000][1][safepoint    ] Leaving safepoint region
[2019-12-08T10:05:28.995+0000][1][safepoint    ] Total time for which application threads were stopped: 0.0000775 seconds, Stopping threads took: 0.0000186 seconds
[2019-12-08T10:05:29.996+0000][1][safepoint    ] Application time: 1.0000785 seconds
[2019-12-08T10:05:29.996+0000][1][safepoint    ] Entering safepoint region: Cleanup
[2019-12-08T10:05:29.996+0000][1][safepoint    ] Leaving safepoint region
[2019-12-08T10:05:29.996+0000][1][safepoint    ] Total time for which application threads were stopped: 0.0000789 seconds, Stopping threads took: 0.0000189 seconds
[2019-12-08T10:05:30.996+0000][1][safepoint    ] Application time: 1.0000762 seconds
[2019-12-08T10:05:30.996+0000][1][safepoint    ] Entering safepoint region: Cleanup
[2019-12-08T10:05:30.996+0000][1][safepoint    ] Leaving safepoint region
[2019-12-08T10:05:30.996+0000][1][safepoint    ] Total time for which application threads were stopped: 0.0000827 seconds, Stopping threads took: 0.0000182 seconds
[2019-12-08T10:05:31.996+0000][1][safepoint    ] Application time: 1.0000759 seconds
[2019-12-08T10:05:31.996+0000][1][safepoint    ] Entering safepoint region: Cleanup
[2019-12-08T10:05:31.996+0000][1][safepoint    ] Leaving safepoint region
[2019-12-08T10:05:31.996+0000][1][safepoint    ] Total time for which application threads were stopped: 0.0000789 seconds, Stopping threads took: 0.0000222 seconds
[2019-12-08T10:05:32.996+0000][1][safepoint    ] Application time: 1.0000768 seconds
[2019-12-08T10:05:32.996+0000][1][safepoint    ] Entering safepoint region: Cleanup
[2019-12-08T10:05:32.996+0000][1][safepoint    ] Leaving safepoint region
[2019-12-08T10:05:32.996+0000][1][safepoint    ] Total time for which application threads were stopped: 0.0000812 seconds, Stopping threads took: 0.0000171 seconds
[2019-12-08T10:05:33.996+0000][1][safepoint    ] Application time: 1.0000785 seconds
[2019-12-08T10:05:33.996+0000][1][safepoint    ] Entering safepoint region: Cleanup
[2019-12-08T10:05:33.996+0000][1][safepoint    ] Leaving safepoint region
[2019-12-08T10:05:33.996+0000][1][safepoint    ] Total time for which application threads were stopped: 0.0000759 seconds, Stopping threads took: 0.0000177 seconds
[2019-12-08T10:05:34.997+0000][1][safepoint    ] Application time: 1.0000769 seconds
[2019-12-08T10:05:34.997+0000][1][safepoint    ] Entering safepoint region: Cleanup
[2019-12-08T10:05:34.997+0000][1][safepoint    ] Leaving safepoint region
[2019-12-08T10:05:34.997+0000][1][safepoint    ] Total time for which application threads were stopped: 0.0000766 seconds, Stopping threads took: 0.0000199 seconds
[2019-12-08T10:05:35.997+0000][1][safepoint    ] Application time: 1.0000772 seconds
[2019-12-08T10:05:35.997+0000][1][safepoint    ] Entering safepoint region: Cleanup
[2019-12-08T10:05:35.997+0000][1][safepoint    ] Leaving safepoint region
[2019-12-08T10:05:35.997+0000][1][safepoint    ] Total time for which application threads were stopped: 0.0000793 seconds, Stopping threads took: 0.0000192 seconds
[2019-12-08T10:05:36.997+0000][1][safepoint    ] Application time: 1.0000784 seconds
[2019-12-08T10:05:36.997+0000][1][safepoint    ] Entering safepoint region: Cleanup
[2019-12-08T10:05:36.997+0000][1][safepoint    ] Leaving safepoint region
[2019-12-08T10:05:36.997+0000][1][safepoint    ] Total time for which application threads were stopped: 0.0000797 seconds, Stopping threads took: 0.0000193 seconds
[2019-12-08T10:05:37.997+0000][1][safepoint    ] Application time: 1.0000759 seconds
[2019-12-08T10:05:37.997+0000][1][safepoint    ] Entering safepoint region: Cleanup
[2019-12-08T10:05:37.997+0000][1][safepoint    ] Leaving safepoint region
[2019-12-08T10:05:37.997+0000][1][safepoint    ] Total time for which application threads were stopped: 0.0000988 seconds, Stopping threads took: 0.0000384 seconds
[2019-12-08T10:05:38.997+0000][1][safepoint    ] Application time: 1.0000782 seconds
[2019-12-08T10:05:38.997+0000][1][safepoint    ] Entering safepoint region: Cleanup
[2019-12-08T10:05:38.997+0000][1][safepoint    ] Leaving safepoint region
[2019-12-08T10:05:38.997+0000][1][safepoint    ] Total time for which application threads were stopped: 0.0000787 seconds, Stopping threads took: 0.0000184 seconds
[2019-12-08T10:05:39.998+0000][1][safepoint    ] Application time: 1.0000793 seconds
[2019-12-08T10:05:39.998+0000][1][safepoint    ] Entering safepoint region: Cleanup
[2019-12-08T10:05:39.998+0000][1][safepoint    ] Leaving safepoint region
[2019-12-08T10:05:39.998+0000][1][safepoint    ] Total time for which application threads were stopped: 0.0000790 seconds, Stopping threads took: 0.0000189 seconds
[2019-12-08T10:05:40.998+0000][1][safepoint    ] Application time: 1.0000785 seconds
[2019-12-08T10:05:40.998+0000][1][safepoint    ] Entering safepoint region: Cleanup
[2019-12-08T10:05:40.998+0000][1][safepoint    ] Leaving safepoint region
[2019-12-08T10:05:40.998+0000][1][safepoint    ] Total time for which application threads were stopped: 0.0000798 seconds, Stopping threads took: 0.0000193 seconds
[2019-12-08T10:05:41.998+0000][1][safepoint    ] Application time: 1.0000821 seconds
[2019-12-08T10:05:41.998+0000][1][safepoint    ] Entering safepoint region: Cleanup
[2019-12-08T10:05:41.998+0000][1][safepoint    ] Leaving safepoint region
[2019-12-08T10:05:41.998+0000][1][safepoint    ] Total time for which application threads were stopped: 0.0000785 seconds, Stopping threads took: 0.0000193 seconds
[2019-12-08T10:05:42.998+0000][1][safepoint    ] Application time: 1.0000860 seconds
[2019-12-08T10:05:42.998+0000][1][safepoint    ] Entering safepoint region: Cleanup
[2019-12-08T10:05:42.998+0000][1][safepoint    ] Leaving safepoint region
[2019-12-08T10:05:42.998+0000][1][safepoint    ] Total time for which application threads were stopped: 0.0000786 seconds, Stopping threads took: 0.0000183 seconds
[2019-12-08T10:05:43.998+0000][1][safepoint    ] Application time: 1.0000776 seconds
[2019-12-08T10:05:43.998+0000][1][safepoint    ] Entering safepoint region: Cleanup
[2019-12-08T10:05:43.998+0000][1][safepoint    ] Leaving safepoint region
[2019-12-08T10:05:43.998+0000][1][safepoint    ] Total time for which application threads were stopped: 0.0000748 seconds, Stopping threads took: 0.0000185 seconds
[2019-12-08T10:05:44.999+0000][1][safepoint    ] Application time: 1.0000768 seconds
[2019-12-08T10:05:44.999+0000][1][safepoint    ] Entering safepoint region: Cleanup
[2019-12-08T10:05:44.999+0000][1][safepoint    ] Leaving safepoint region
[2019-12-08T10:05:44.999+0000][1][safepoint    ] Total time for which application threads were stopped: 0.0000775 seconds, Stopping threads took: 0.0000186 seconds
[2019-12-08T10:05:45.999+0000][1][safepoint    ] Application time: 1.0000799 seconds
[2019-12-08T10:05:45.999+0000][1][safepoint    ] Entering safepoint region: Cleanup
[2019-12-08T10:05:45.999+0000][1][safepoint    ] Leaving safepoint region
[2019-12-08T10:05:45.999+0000][1][safepoint    ] Total time for which application threads were stopped: 0.0000763 seconds, Stopping threads took: 0.0000174 seconds
[2019-12-08T10:05:46.999+0000][1][safepoint    ] Application time: 1.0000831 seconds
[2019-12-08T10:05:46.999+0000][1][safepoint    ] Entering safepoint region: Cleanup
[2019-12-08T10:05:46.999+0000][1][safepoint    ] Leaving safepoint region
[2019-12-08T10:05:46.999+0000][1][safepoint    ] Total time for which application threads were stopped: 0.0000821 seconds, Stopping threads took: 0.0000214 seconds
[2019-12-08T10:05:47.999+0000][1][safepoint    ] Application time: 1.0000792 seconds
[2019-12-08T10:05:47.999+0000][1][safepoint    ] Entering safepoint region: Cleanup
[2019-12-08T10:05:47.999+0000][1][safepoint    ] Leaving safepoint region
[2019-12-08T10:05:47.999+0000][1][safepoint    ] Total time for which application threads were stopped: 0.0000778 seconds, Stopping threads took: 0.0000182 seconds
[2019-12-08T10:05:48.999+0000][1][safepoint    ] Application time: 1.0000763 seconds
[2019-12-08T10:05:48.999+0000][1][safepoint    ] Entering safepoint region: Cleanup
[2019-12-08T10:05:48.999+0000][1][safepoint    ] Leaving safepoint region
[2019-12-08T10:05:48.999+0000][1][safepoint    ] Total time for which application threads were stopped: 0.0000770 seconds, Stopping threads took: 0.0000192 seconds
[2019-12-08T10:05:50.000+0000][1][safepoint    ] Application time: 1.0000777 seconds
[2019-12-08T10:05:50.000+0000][1][safepoint    ] Entering safepoint region: Cleanup
[2019-12-08T10:05:50.000+0000][1][safepoint    ] Leaving safepoint region
[2019-12-08T10:05:50.000+0000][1][safepoint    ] Total time for which application threads were stopped: 0.0000954 seconds, Stopping threads took: 0.0000182 seconds
[2019-12-08T10:05:51.000+0000][1][safepoint    ] Application time: 1.0000773 seconds
[2019-12-08T10:05:51.000+0000][1][safepoint    ] Entering safepoint region: Cleanup
[2019-12-08T10:05:51.000+0000][1][safepoint    ] Leaving safepoint region
[2019-12-08T10:05:51.000+0000][1][safepoint    ] Total time for which application threads were stopped: 0.0001040 seconds, Stopping threads took: 0.0000245 seconds
[2019-12-08T10:05:52.000+0000][1][safepoint    ] Application time: 1.0000863 seconds
[2019-12-08T10:05:52.000+0000][1][safepoint    ] Entering safepoint region: Cleanup
[2019-12-08T10:05:52.000+0000][1][safepoint    ] Leaving safepoint region
[2019-12-08T10:05:52.000+0000][1][safepoint    ] Total time for which application threads were stopped: 0.0001036 seconds, Stopping threads took: 0.0000244 seconds
[2019-12-08T10:05:53.000+0000][1][safepoint    ] Application time: 1.0000908 seconds
[2019-12-08T10:05:53.000+0000][1][safepoint    ] Entering safepoint region: Cleanup
[2019-12-08T10:05:53.000+0000][1][safepoint    ] Leaving safepoint region
[2019-12-08T10:05:53.000+0000][1][safepoint    ] Total time for which application threads were stopped: 0.0001131 seconds, Stopping threads took: 0.0000322 seconds
[2019-12-08T10:05:54.000+0000][1][safepoint    ] Application time: 1.0000883 seconds
[2019-12-08T10:05:54.001+0000][1][safepoint    ] Entering safepoint region: Cleanup
[2019-12-08T10:05:54.001+0000][1][safepoint    ] Leaving safepoint region
[2019-12-08T10:05:54.001+0000][1][safepoint    ] Total time for which application threads were stopped: 0.0000827 seconds, Stopping threads took: 0.0000217 seconds
[2019-12-08T10:05:55.001+0000][1][safepoint    ] Application time: 1.0000891 seconds
[2019-12-08T10:05:55.001+0000][1][safepoint    ] Entering safepoint region: Cleanup
[2019-12-08T10:05:55.001+0000][1][safepoint    ] Leaving safepoint region
[2019-12-08T10:05:55.001+0000][1][safepoint    ] Total time for which application threads were stopped: 0.0000815 seconds, Stopping threads took: 0.0000201 seconds
[2019-12-08T10:05:55.006+0000][1][safepoint    ] Application time: 0.0055146 seconds
[2019-12-08T10:05:55.006+0000][1][safepoint    ] Entering safepoint region: GenCollectForAllocation
[2019-12-08T10:05:55.006+0000][1][gc,start     ] GC(25) Pause Young (Allocation Failure)
[2019-12-08T10:05:55.006+0000][1][gc,task      ] GC(25) Using 4 workers of 4 for evacuation
[2019-12-08T10:05:55.011+0000][1][gc,age       ] GC(25) Desired survivor size 4456448 bytes, new threshold 6 (max threshold 6)
[2019-12-08T10:05:55.011+0000][1][gc,age       ] GC(25) Age table with threshold 6 (max threshold 6)
[2019-12-08T10:05:55.011+0000][1][gc,age       ] GC(25) - age   1:      10504 bytes,      10504 total
[2019-12-08T10:05:55.011+0000][1][gc,age       ] GC(25) - age   2:       8048 bytes,      18552 total
[2019-12-08T10:05:55.011+0000][1][gc,age       ] GC(25) - age   3:      38528 bytes,      57080 total
[2019-12-08T10:05:55.011+0000][1][gc,age       ] GC(25) - age   4:     608752 bytes,     665832 total
[2019-12-08T10:05:55.011+0000][1][gc,age       ] GC(25) - age   5:    2624080 bytes,    3289912 total
[2019-12-08T10:05:55.011+0000][1][gc,heap      ] GC(25) ParNew: 75602K->4019K(78656K)
[2019-12-08T10:05:55.011+0000][1][gc,heap      ] GC(25) CMS: 67339K->67339K(174784K)
[2019-12-08T10:05:55.011+0000][1][gc,metaspace ] GC(25) Metaspace: 69120K->69120K(1112064K)
[2019-12-08T10:05:55.011+0000][1][gc           ] GC(25) Pause Young (Allocation Failure) 139M->69M(247M) 4.631ms
[2019-12-08T10:05:55.011+0000][1][gc,cpu       ] GC(25) User=0.02s Sys=0.00s Real=0.01s
[2019-12-08T10:05:55.011+0000][1][safepoint    ] Leaving safepoint region
[2019-12-08T10:05:55.011+0000][1][safepoint    ] Total time for which application threads were stopped: 0.0047728 seconds, Stopping threads took: 0.0000142 seconds
[2019-12-08T10:05:56.011+0000][1][safepoint    ] Application time: 1.0000912 seconds
[2019-12-08T10:05:56.011+0000][1][safepoint    ] Entering safepoint region: Cleanup
[2019-12-08T10:05:56.011+0000][1][safepoint    ] Leaving safepoint region
[2019-12-08T10:05:56.011+0000][1][safepoint    ] Total time for which application threads were stopped: 0.0000802 seconds, Stopping threads took: 0.0000201 seconds
[2019-12-08T10:05:57.011+0000][1][safepoint    ] Application time: 1.0000771 seconds
[2019-12-08T10:05:57.011+0000][1][safepoint    ] Entering safepoint region: Cleanup
[2019-12-08T10:05:57.012+0000][1][safepoint    ] Leaving safepoint region
[2019-12-08T10:05:57.012+0000][1][safepoint    ] Total time for which application threads were stopped: 0.0000806 seconds, Stopping threads took: 0.0000202 seconds
[2019-12-08T10:05:58.012+0000][1][safepoint    ] Application time: 1.0000747 seconds
[2019-12-08T10:05:58.012+0000][1][safepoint    ] Entering safepoint region: Cleanup
[2019-12-08T10:05:58.012+0000][1][safepoint    ] Leaving safepoint region
[2019-12-08T10:05:58.012+0000][1][safepoint    ] Total time for which application threads were stopped: 0.0000903 seconds, Stopping threads took: 0.0000173 seconds
[2019-12-08T10:05:59.012+0000][1][safepoint    ] Application time: 1.0000750 seconds
[2019-12-08T10:05:59.012+0000][1][safepoint    ] Entering safepoint region: Cleanup
[2019-12-08T10:05:59.012+0000][1][safepoint    ] Leaving safepoint region
[2019-12-08T10:05:59.012+0000][1][safepoint    ] Total time for which application threads were stopped: 0.0000774 seconds, Stopping threads took: 0.0000194 seconds
[2019-12-08T10:06:00.012+0000][1][safepoint    ] Application time: 1.0000794 seconds
[2019-12-08T10:06:00.012+0000][1][safepoint    ] Entering safepoint region: Cleanup
[2019-12-08T10:06:00.012+0000][1][safepoint    ] Leaving safepoint region
[2019-12-08T10:06:00.012+0000][1][safepoint    ] Total time for which application threads were stopped: 0.0000800 seconds, Stopping threads took: 0.0000197 seconds
[2019-12-08T10:06:01.012+0000][1][safepoint    ] Application time: 1.0000795 seconds
[2019-12-08T10:06:01.012+0000][1][safepoint    ] Entering safepoint region: Cleanup
[2019-12-08T10:06:01.012+0000][1][safepoint    ] Leaving safepoint region
[2019-12-08T10:06:01.012+0000][1][safepoint    ] Total time for which application threads were stopped: 0.0000779 seconds, Stopping threads took: 0.0000193 seconds
[2019-12-08T10:06:02.012+0000][1][safepoint    ] Application time: 1.0000786 seconds
[2019-12-08T10:06:02.012+0000][1][safepoint    ] Entering safepoint region: Cleanup
[2019-12-08T10:06:02.013+0000][1][safepoint    ] Leaving safepoint region
[2019-12-08T10:06:02.013+0000][1][safepoint    ] Total time for which application threads were stopped: 0.0000843 seconds, Stopping threads took: 0.0000210 seconds
[2019-12-08T10:06:04.009+0000][1][safepoint    ] Application time: 1.9965852 seconds
[2019-12-08T10:06:04.009+0000][1][safepoint    ] Entering safepoint region: Cleanup
[2019-12-08T10:06:04.009+0000][1][safepoint    ] Leaving safepoint region
[2019-12-08T10:06:04.009+0000][1][safepoint    ] Total time for which application threads were stopped: 0.0000882 seconds, Stopping threads took: 0.0000187 seconds
[2019-12-08T10:06:05.009+0000][1][safepoint    ] Application time: 1.0000780 seconds
[2019-12-08T10:06:05.009+0000][1][safepoint    ] Entering safepoint region: Cleanup
[2019-12-08T10:06:05.009+0000][1][safepoint    ] Leaving safepoint region
[2019-12-08T10:06:05.009+0000][1][safepoint    ] Total time for which application threads were stopped: 0.0000822 seconds, Stopping threads took: 0.0000213 seconds
[2019-12-08T10:06:06.010+0000][1][safepoint    ] Application time: 1.0000818 seconds
[2019-12-08T10:06:06.010+0000][1][safepoint    ] Entering safepoint region: Cleanup
[2019-12-08T10:06:06.010+0000][1][safepoint    ] Leaving safepoint region
[2019-12-08T10:06:06.010+0000][1][safepoint    ] Total time for which application threads were stopped: 0.0000809 seconds, Stopping threads took: 0.0000202 seconds
[2019-12-08T10:06:07.010+0000][1][safepoint    ] Application time: 1.0000795 seconds
[2019-12-08T10:06:07.010+0000][1][safepoint    ] Entering safepoint region: Cleanup
[2019-12-08T10:06:07.010+0000][1][safepoint    ] Leaving safepoint region
[2019-12-08T10:06:07.010+0000][1][safepoint    ] Total time for which application threads were stopped: 0.0000827 seconds, Stopping threads took: 0.0000195 seconds
[2019-12-08T10:06:08.010+0000][1][safepoint    ] Application time: 1.0000807 seconds
[2019-12-08T10:06:08.010+0000][1][safepoint    ] Entering safepoint region: Cleanup
[2019-12-08T10:06:08.010+0000][1][safepoint    ] Leaving safepoint region
[2019-12-08T10:06:08.010+0000][1][safepoint    ] Total time for which application threads were stopped: 0.0001269 seconds, Stopping threads took: 0.0000619 seconds
[2019-12-08T10:06:09.010+0000][1][safepoint    ] Application time: 1.0000862 seconds
[2019-12-08T10:06:09.010+0000][1][safepoint    ] Entering safepoint region: Cleanup
[2019-12-08T10:06:09.010+0000][1][safepoint    ] Leaving safepoint region
[2019-12-08T10:06:09.010+0000][1][safepoint    ] Total time for which application threads were stopped: 0.0000810 seconds, Stopping threads took: 0.0000203 seconds
[2019-12-08T10:06:10.010+0000][1][safepoint    ] Application time: 1.0000804 seconds
[2019-12-08T10:06:10.010+0000][1][safepoint    ] Entering safepoint region: Cleanup
[2019-12-08T10:06:10.011+0000][1][safepoint    ] Leaving safepoint region
[2019-12-08T10:06:10.011+0000][1][safepoint    ] Total time for which application threads were stopped: 0.0000811 seconds, Stopping threads took: 0.0000196 seconds
[2019-12-08T10:06:11.011+0000][1][safepoint    ] Application time: 1.0000768 seconds
[2019-12-08T10:06:11.011+0000][1][safepoint    ] Entering safepoint region: Cleanup
[2019-12-08T10:06:11.011+0000][1][safepoint    ] Leaving safepoint region
[2019-12-08T10:06:11.011+0000][1][safepoint    ] Total time for which application threads were stopped: 0.0000880 seconds, Stopping threads took: 0.0000176 seconds
[2019-12-08T10:06:12.011+0000][1][safepoint    ] Application time: 1.0000781 seconds
[2019-12-08T10:06:12.011+0000][1][safepoint    ] Entering safepoint region: Cleanup
[2019-12-08T10:06:12.011+0000][1][safepoint    ] Leaving safepoint region
[2019-12-08T10:06:12.011+0000][1][safepoint    ] Total time for which application threads were stopped: 0.0000814 seconds, Stopping threads took: 0.0000200 seconds
[2019-12-08T10:06:13.011+0000][1][safepoint    ] Application time: 1.0000770 seconds
[2019-12-08T10:06:13.011+0000][1][safepoint    ] Entering safepoint region: Cleanup
[2019-12-08T10:06:13.011+0000][1][safepoint    ] Leaving safepoint region
[2019-12-08T10:06:13.011+0000][1][safepoint    ] Total time for which application threads were stopped: 0.0000778 seconds, Stopping threads took: 0.0000187 seconds
[2019-12-08T10:06:14.011+0000][1][safepoint    ] Application time: 1.0000785 seconds
[2019-12-08T10:06:14.011+0000][1][safepoint    ] Entering safepoint region: Cleanup
[2019-12-08T10:06:14.011+0000][1][safepoint    ] Leaving safepoint region
[2019-12-08T10:06:14.011+0000][1][safepoint    ] Total time for which application threads were stopped: 0.0000762 seconds, Stopping threads took: 0.0000182 seconds
[2019-12-08T10:06:15.011+0000][1][safepoint    ] Application time: 1.0000759 seconds
[2019-12-08T10:06:15.011+0000][1][safepoint    ] Entering safepoint region: Cleanup
[2019-12-08T10:06:15.011+0000][1][safepoint    ] Leaving safepoint region
[2019-12-08T10:06:15.012+0000][1][safepoint    ] Total time for which application threads were stopped: 0.0000777 seconds, Stopping threads took: 0.0000184 seconds
[2019-12-08T10:06:16.012+0000][1][safepoint    ] Application time: 1.0000765 seconds
[2019-12-08T10:06:16.012+0000][1][safepoint    ] Entering safepoint region: Cleanup
[2019-12-08T10:06:16.012+0000][1][safepoint    ] Leaving safepoint region
[2019-12-08T10:06:16.012+0000][1][safepoint    ] Total time for which application threads were stopped: 0.0000880 seconds, Stopping threads took: 0.0000188 seconds
[2019-12-08T10:06:17.012+0000][1][safepoint    ] Application time: 1.0000778 seconds
[2019-12-08T10:06:17.012+0000][1][safepoint    ] Entering safepoint region: Cleanup
[2019-12-08T10:06:17.012+0000][1][safepoint    ] Leaving safepoint region
[2019-12-08T10:06:17.012+0000][1][safepoint    ] Total time for which application threads were stopped: 0.0000809 seconds, Stopping threads took: 0.0000198 seconds
[2019-12-08T10:06:18.012+0000][1][safepoint    ] Application time: 1.0000759 seconds
[2019-12-08T10:06:18.012+0000][1][safepoint    ] Entering safepoint region: Cleanup
[2019-12-08T10:06:18.012+0000][1][safepoint    ] Leaving safepoint region
[2019-12-08T10:06:18.012+0000][1][safepoint    ] Total time for which application threads were stopped: 0.0000783 seconds, Stopping threads took: 0.0000178 seconds
[2019-12-08T10:06:19.012+0000][1][safepoint    ] Application time: 1.0000741 seconds
[2019-12-08T10:06:19.012+0000][1][safepoint    ] Entering safepoint region: Cleanup
[2019-12-08T10:06:19.012+0000][1][safepoint    ] Leaving safepoint region
[2019-12-08T10:06:19.012+0000][1][safepoint    ] Total time for which application threads were stopped: 0.0000775 seconds, Stopping threads took: 0.0000180 seconds
[2019-12-08T10:06:20.012+0000][1][safepoint    ] Application time: 1.0000742 seconds
[2019-12-08T10:06:20.012+0000][1][safepoint    ] Entering safepoint region: Cleanup
[2019-12-08T10:06:20.012+0000][1][safepoint    ] Leaving safepoint region
[2019-12-08T10:06:20.012+0000][1][safepoint    ] Total time for which application threads were stopped: 0.0000811 seconds, Stopping threads took: 0.0000184 seconds
[2019-12-08T10:06:21.013+0000][1][safepoint    ] Application time: 1.0000468 seconds
[2019-12-08T10:06:21.013+0000][1][safepoint    ] Entering safepoint region: Cleanup
[2019-12-08T10:06:21.013+0000][1][safepoint    ] Leaving safepoint region
[2019-12-08T10:06:21.013+0000][1][safepoint    ] Total time for which application threads were stopped: 0.0000812 seconds, Stopping threads took: 0.0000178 seconds
[2019-12-08T10:06:22.013+0000][1][safepoint    ] Application time: 1.0000752 seconds
[2019-12-08T10:06:22.013+0000][1][safepoint    ] Entering safepoint region: Cleanup
[2019-12-08T10:06:22.013+0000][1][safepoint    ] Leaving safepoint region
[2019-12-08T10:06:22.013+0000][1][safepoint    ] Total time for which application threads were stopped: 0.0000779 seconds, Stopping threads took: 0.0000185 seconds
[2019-12-08T10:06:23.013+0000][1][safepoint    ] Application time: 1.0000744 seconds
[2019-12-08T10:06:23.013+0000][1][safepoint    ] Entering safepoint region: Cleanup
[2019-12-08T10:06:23.013+0000][1][safepoint    ] Leaving safepoint region
[2019-12-08T10:06:23.013+0000][1][safepoint    ] Total time for which application threads were stopped: 0.0000820 seconds, Stopping threads took: 0.0000235 seconds
[2019-12-08T10:06:24.013+0000][1][safepoint    ] Application time: 1.0000756 seconds
[2019-12-08T10:06:24.013+0000][1][safepoint    ] Entering safepoint region: Cleanup
[2019-12-08T10:06:24.013+0000][1][safepoint    ] Leaving safepoint region
[2019-12-08T10:06:24.013+0000][1][safepoint    ] Total time for which application threads were stopped: 0.0000801 seconds, Stopping threads took: 0.0000182 seconds
[2019-12-08T10:06:25.013+0000][1][safepoint    ] Application time: 1.0000778 seconds
[2019-12-08T10:06:25.013+0000][1][safepoint    ] Entering safepoint region: Cleanup
[2019-12-08T10:06:25.013+0000][1][safepoint    ] Leaving safepoint region
[2019-12-08T10:06:25.013+0000][1][safepoint    ] Total time for which application threads were stopped: 0.0000813 seconds, Stopping threads took: 0.0000215 seconds
[2019-12-08T10:06:26.014+0000][1][safepoint    ] Application time: 1.0000790 seconds
[2019-12-08T10:06:26.014+0000][1][safepoint    ] Entering safepoint region: Cleanup
[2019-12-08T10:06:26.014+0000][1][safepoint    ] Leaving safepoint region
[2019-12-08T10:06:26.014+0000][1][safepoint    ] Total time for which application threads were stopped: 0.0000788 seconds, Stopping threads took: 0.0000185 seconds
[2019-12-08T10:06:27.014+0000][1][safepoint    ] Application time: 1.0000780 seconds
[2019-12-08T10:06:27.014+0000][1][safepoint    ] Entering safepoint region: Cleanup
[2019-12-08T10:06:27.014+0000][1][safepoint    ] Leaving safepoint region
[2019-12-08T10:06:27.014+0000][1][safepoint    ] Total time for which application threads were stopped: 0.0000795 seconds, Stopping threads took: 0.0000191 seconds
[2019-12-08T10:06:28.014+0000][1][safepoint    ] Application time: 1.0000847 seconds
[2019-12-08T10:06:28.014+0000][1][safepoint    ] Entering safepoint region: Cleanup
[2019-12-08T10:06:28.014+0000][1][safepoint    ] Leaving safepoint region
[2019-12-08T10:06:28.014+0000][1][safepoint    ] Total time for which application threads were stopped: 0.0000875 seconds, Stopping threads took: 0.0000274 seconds
[2019-12-08T10:06:29.014+0000][1][safepoint    ] Application time: 1.0000794 seconds
[2019-12-08T10:06:29.014+0000][1][safepoint    ] Entering safepoint region: Cleanup
[2019-12-08T10:06:29.014+0000][1][safepoint    ] Leaving safepoint region
[2019-12-08T10:06:29.014+0000][1][safepoint    ] Total time for which application threads were stopped: 0.0000760 seconds, Stopping threads took: 0.0000184 seconds
[2019-12-08T10:06:30.014+0000][1][safepoint    ] Application time: 1.0000810 seconds
[2019-12-08T10:06:30.014+0000][1][safepoint    ] Entering safepoint region: Cleanup
[2019-12-08T10:06:30.014+0000][1][safepoint    ] Leaving safepoint region
[2019-12-08T10:06:30.014+0000][1][safepoint    ] Total time for which application threads were stopped: 0.0000809 seconds, Stopping threads took: 0.0000212 seconds
[2019-12-08T10:06:31.015+0000][1][safepoint    ] Application time: 1.0000826 seconds
[2019-12-08T10:06:31.015+0000][1][safepoint    ] Entering safepoint region: Cleanup
[2019-12-08T10:06:31.015+0000][1][safepoint    ] Leaving safepoint region
[2019-12-08T10:06:31.015+0000][1][safepoint    ] Total time for which application threads were stopped: 0.0000813 seconds, Stopping threads took: 0.0000195 seconds
[2019-12-08T10:06:32.015+0000][1][safepoint    ] Application time: 1.0000537 seconds
[2019-12-08T10:06:32.015+0000][1][safepoint    ] Entering safepoint region: Cleanup
[2019-12-08T10:06:32.015+0000][1][safepoint    ] Leaving safepoint region
[2019-12-08T10:06:32.015+0000][1][safepoint    ] Total time for which application threads were stopped: 0.0000787 seconds, Stopping threads took: 0.0000198 seconds
[2019-12-08T10:06:33.015+0000][1][safepoint    ] Application time: 1.0000805 seconds
[2019-12-08T10:06:33.015+0000][1][safepoint    ] Entering safepoint region: Cleanup
[2019-12-08T10:06:33.015+0000][1][safepoint    ] Leaving safepoint region
[2019-12-08T10:06:33.015+0000][1][safepoint    ] Total time for which application threads were stopped: 0.0000786 seconds, Stopping threads took: 0.0000186 seconds
[2019-12-08T10:06:34.015+0000][1][safepoint    ] Application time: 1.0000803 seconds
[2019-12-08T10:06:34.015+0000][1][safepoint    ] Entering safepoint region: Cleanup
[2019-12-08T10:06:34.015+0000][1][safepoint    ] Leaving safepoint region
[2019-12-08T10:06:34.015+0000][1][safepoint    ] Total time for which application threads were stopped: 0.0000858 seconds, Stopping threads took: 0.0000194 seconds
[2019-12-08T10:06:35.015+0000][1][safepoint    ] Application time: 1.0000799 seconds
[2019-12-08T10:06:35.015+0000][1][safepoint    ] Entering safepoint region: Cleanup
[2019-12-08T10:06:35.015+0000][1][safepoint    ] Leaving safepoint region
[2019-12-08T10:06:35.015+0000][1][safepoint    ] Total time for which application threads were stopped: 0.0000771 seconds, Stopping threads took: 0.0000184 seconds
[2019-12-08T10:06:36.016+0000][1][safepoint    ] Application time: 1.0000865 seconds
[2019-12-08T10:06:36.016+0000][1][safepoint    ] Entering safepoint region: Cleanup
[2019-12-08T10:06:36.016+0000][1][safepoint    ] Leaving safepoint region
[2019-12-08T10:06:36.016+0000][1][safepoint    ] Total time for which application threads were stopped: 0.0000795 seconds, Stopping threads took: 0.0000195 seconds
[2019-12-08T10:06:37.016+0000][1][safepoint    ] Application time: 1.0000789 seconds
[2019-12-08T10:06:37.016+0000][1][safepoint    ] Entering safepoint region: Cleanup
[2019-12-08T10:06:37.016+0000][1][safepoint    ] Leaving safepoint region
[2019-12-08T10:06:37.016+0000][1][safepoint    ] Total time for which application threads were stopped: 0.0000805 seconds, Stopping threads took: 0.0000199 seconds
[2019-12-08T10:06:38.016+0000][1][safepoint    ] Application time: 1.0000795 seconds
[2019-12-08T10:06:38.016+0000][1][safepoint    ] Entering safepoint region: Cleanup
[2019-12-08T10:06:38.016+0000][1][safepoint    ] Leaving safepoint region
[2019-12-08T10:06:38.016+0000][1][safepoint    ] Total time for which application threads were stopped: 0.0000763 seconds, Stopping threads took: 0.0000194 seconds
[2019-12-08T10:06:39.016+0000][1][safepoint    ] Application time: 1.0000779 seconds
[2019-12-08T10:06:39.016+0000][1][safepoint    ] Entering safepoint region: Cleanup
[2019-12-08T10:06:39.016+0000][1][safepoint    ] Leaving safepoint region
[2019-12-08T10:06:39.016+0000][1][safepoint    ] Total time for which application threads were stopped: 0.0001047 seconds, Stopping threads took: 0.0000301 seconds
[2019-12-08T10:06:40.016+0000][1][safepoint    ] Application time: 1.0000773 seconds
[2019-12-08T10:06:40.016+0000][1][safepoint    ] Entering safepoint region: Cleanup
[2019-12-08T10:06:40.016+0000][1][safepoint    ] Leaving safepoint region
[2019-12-08T10:06:40.016+0000][1][safepoint    ] Total time for which application threads were stopped: 0.0000843 seconds, Stopping threads took: 0.0000195 seconds
[2019-12-08T10:06:41.017+0000][1][safepoint    ] Application time: 1.0000775 seconds
[2019-12-08T10:06:41.017+0000][1][safepoint    ] Entering safepoint region: Cleanup
[2019-12-08T10:06:41.017+0000][1][safepoint    ] Leaving safepoint region
[2019-12-08T10:06:41.017+0000][1][safepoint    ] Total time for which application threads were stopped: 0.0000810 seconds, Stopping threads took: 0.0000182 seconds
[2019-12-08T10:06:42.017+0000][1][safepoint    ] Application time: 1.0000764 seconds
[2019-12-08T10:06:42.017+0000][1][safepoint    ] Entering safepoint region: Cleanup
[2019-12-08T10:06:42.017+0000][1][safepoint    ] Leaving safepoint region
[2019-12-08T10:06:42.017+0000][1][safepoint    ] Total time for which application threads were stopped: 0.0000806 seconds, Stopping threads took: 0.0000203 seconds
[2019-12-08T10:06:43.017+0000][1][safepoint    ] Application time: 1.0000759 seconds
[2019-12-08T10:06:43.017+0000][1][safepoint    ] Entering safepoint region: Cleanup
[2019-12-08T10:06:43.017+0000][1][safepoint    ] Leaving safepoint region
[2019-12-08T10:06:43.017+0000][1][safepoint    ] Total time for which application threads were stopped: 0.0000781 seconds, Stopping threads took: 0.0000190 seconds
[2019-12-08T10:06:44.017+0000][1][safepoint    ] Application time: 1.0000757 seconds
[2019-12-08T10:06:44.017+0000][1][safepoint    ] Entering safepoint region: Cleanup
[2019-12-08T10:06:44.017+0000][1][safepoint    ] Leaving safepoint region
[2019-12-08T10:06:44.017+0000][1][safepoint    ] Total time for which application threads were stopped: 0.0000783 seconds, Stopping threads took: 0.0000177 seconds
[2019-12-08T10:06:45.017+0000][1][safepoint    ] Application time: 1.0000811 seconds
[2019-12-08T10:06:45.017+0000][1][safepoint    ] Entering safepoint region: Cleanup
[2019-12-08T10:06:45.017+0000][1][safepoint    ] Leaving safepoint region
[2019-12-08T10:06:45.017+0000][1][safepoint    ] Total time for which application threads were stopped: 0.0000850 seconds, Stopping threads took: 0.0000203 seconds
[2019-12-08T10:06:46.018+0000][1][safepoint    ] Application time: 1.0000785 seconds
[2019-12-08T10:06:46.018+0000][1][safepoint    ] Entering safepoint region: Cleanup
[2019-12-08T10:06:46.018+0000][1][safepoint    ] Leaving safepoint region
[2019-12-08T10:06:46.018+0000][1][safepoint    ] Total time for which application threads were stopped: 0.0000793 seconds, Stopping threads took: 0.0000184 seconds
[2019-12-08T10:06:47.018+0000][1][safepoint    ] Application time: 1.0000770 seconds
[2019-12-08T10:06:47.018+0000][1][safepoint    ] Entering safepoint region: Cleanup
[2019-12-08T10:06:47.018+0000][1][safepoint    ] Leaving safepoint region
[2019-12-08T10:06:47.018+0000][1][safepoint    ] Total time for which application threads were stopped: 0.0000779 seconds, Stopping threads took: 0.0000187 seconds
[2019-12-08T10:06:48.018+0000][1][safepoint    ] Application time: 1.0000769 seconds
[2019-12-08T10:06:48.018+0000][1][safepoint    ] Entering safepoint region: Cleanup
[2019-12-08T10:06:48.018+0000][1][safepoint    ] Leaving safepoint region
[2019-12-08T10:06:48.018+0000][1][safepoint    ] Total time for which application threads were stopped: 0.0000797 seconds, Stopping threads took: 0.0000190 seconds
[2019-12-08T10:06:49.018+0000][1][safepoint    ] Application time: 1.0000752 seconds
[2019-12-08T10:06:49.018+0000][1][safepoint    ] Entering safepoint region: Cleanup
[2019-12-08T10:06:49.018+0000][1][safepoint    ] Leaving safepoint region
[2019-12-08T10:06:49.018+0000][1][safepoint    ] Total time for which application threads were stopped: 0.0000724 seconds, Stopping threads took: 0.0000173 seconds
[2019-12-08T10:06:50.018+0000][1][safepoint    ] Application time: 1.0000798 seconds
[2019-12-08T10:06:50.018+0000][1][safepoint    ] Entering safepoint region: Cleanup
[2019-12-08T10:06:50.018+0000][1][safepoint    ] Leaving safepoint region
[2019-12-08T10:06:50.018+0000][1][safepoint    ] Total time for which application threads were stopped: 0.0000831 seconds, Stopping threads took: 0.0000185 seconds
[2019-12-08T10:06:51.018+0000][1][safepoint    ] Application time: 1.0000766 seconds
[2019-12-08T10:06:51.019+0000][1][safepoint    ] Entering safepoint region: Cleanup
[2019-12-08T10:06:51.019+0000][1][safepoint    ] Leaving safepoint region
[2019-12-08T10:06:51.019+0000][1][safepoint    ] Total time for which application threads were stopped: 0.0000788 seconds, Stopping threads took: 0.0000181 seconds
[2019-12-08T10:06:52.019+0000][1][safepoint    ] Application time: 1.0000865 seconds
[2019-12-08T10:06:52.019+0000][1][safepoint    ] Entering safepoint region: Cleanup
[2019-12-08T10:06:52.019+0000][1][safepoint    ] Leaving safepoint region
[2019-12-08T10:06:52.019+0000][1][safepoint    ] Total time for which application threads were stopped: 0.0000809 seconds, Stopping threads took: 0.0000207 seconds
[2019-12-08T10:06:53.019+0000][1][safepoint    ] Application time: 1.0000785 seconds
[2019-12-08T10:06:53.019+0000][1][safepoint    ] Entering safepoint region: Cleanup
[2019-12-08T10:06:53.019+0000][1][safepoint    ] Leaving safepoint region
[2019-12-08T10:06:53.019+0000][1][safepoint    ] Total time for which application threads were stopped: 0.0000807 seconds, Stopping threads took: 0.0000197 seconds
[2019-12-08T10:06:54.019+0000][1][safepoint    ] Application time: 1.0000777 seconds
[2019-12-08T10:06:54.019+0000][1][safepoint    ] Entering safepoint region: Cleanup
[2019-12-08T10:06:54.019+0000][1][safepoint    ] Leaving safepoint region
[2019-12-08T10:06:54.019+0000][1][safepoint    ] Total time for which application threads were stopped: 0.0000810 seconds, Stopping threads took: 0.0000184 seconds
[2019-12-08T10:06:55.019+0000][1][safepoint    ] Application time: 1.0000771 seconds
[2019-12-08T10:06:55.019+0000][1][safepoint    ] Entering safepoint region: Cleanup
[2019-12-08T10:06:55.019+0000][1][safepoint    ] Leaving safepoint region
[2019-12-08T10:06:55.019+0000][1][safepoint    ] Total time for which application threads were stopped: 0.0000810 seconds, Stopping threads took: 0.0000186 seconds
[2019-12-08T10:06:56.020+0000][1][safepoint    ] Application time: 1.0000745 seconds
[2019-12-08T10:06:56.020+0000][1][safepoint    ] Entering safepoint region: Cleanup
[2019-12-08T10:06:56.020+0000][1][safepoint    ] Leaving safepoint region
[2019-12-08T10:06:56.020+0000][1][safepoint    ] Total time for which application threads were stopped: 0.0000927 seconds, Stopping threads took: 0.0000327 seconds
[2019-12-08T10:06:57.020+0000][1][safepoint    ] Application time: 1.0000755 seconds
[2019-12-08T10:06:57.020+0000][1][safepoint    ] Entering safepoint region: Cleanup
[2019-12-08T10:06:57.020+0000][1][safepoint    ] Leaving safepoint region
[2019-12-08T10:06:57.020+0000][1][safepoint    ] Total time for which application threads were stopped: 0.0000826 seconds, Stopping threads took: 0.0000204 seconds
[2019-12-08T10:06:58.020+0000][1][safepoint    ] Application time: 1.0000809 seconds
[2019-12-08T10:06:58.020+0000][1][safepoint    ] Entering safepoint region: Cleanup
[2019-12-08T10:06:58.020+0000][1][safepoint    ] Leaving safepoint region
[2019-12-08T10:06:58.020+0000][1][safepoint    ] Total time for which application threads were stopped: 0.0000996 seconds, Stopping threads took: 0.0000374 seconds
[2019-12-08T10:06:59.020+0000][1][safepoint    ] Application time: 1.0000765 seconds
[2019-12-08T10:06:59.020+0000][1][safepoint    ] Entering safepoint region: Cleanup
[2019-12-08T10:06:59.020+0000][1][safepoint    ] Leaving safepoint region
[2019-12-08T10:06:59.020+0000][1][safepoint    ] Total time for which application threads were stopped: 0.0000804 seconds, Stopping threads took: 0.0000183 seconds
[2019-12-08T10:07:00.020+0000][1][safepoint    ] Application time: 1.0000770 seconds
[2019-12-08T10:07:00.020+0000][1][safepoint    ] Entering safepoint region: Cleanup
[2019-12-08T10:07:00.020+0000][1][safepoint    ] Leaving safepoint region
[2019-12-08T10:07:00.020+0000][1][safepoint    ] Total time for which application threads were stopped: 0.0000780 seconds, Stopping threads took: 0.0000204 seconds
[2019-12-08T10:07:01.021+0000][1][safepoint    ] Application time: 1.0000776 seconds
[2019-12-08T10:07:01.021+0000][1][safepoint    ] Entering safepoint region: Cleanup
[2019-12-08T10:07:01.021+0000][1][safepoint    ] Leaving safepoint region
[2019-12-08T10:07:01.021+0000][1][safepoint    ] Total time for which application threads were stopped: 0.0000856 seconds, Stopping threads took: 0.0000197 seconds
[2019-12-08T10:07:02.021+0000][1][safepoint    ] Application time: 1.0000412 seconds
[2019-12-08T10:07:02.021+0000][1][safepoint    ] Entering safepoint region: Cleanup
[2019-12-08T10:07:02.021+0000][1][safepoint    ] Leaving safepoint region
[2019-12-08T10:07:02.021+0000][1][safepoint    ] Total time for which application threads were stopped: 0.0001181 seconds, Stopping threads took: 0.0000290 seconds
[2019-12-08T10:07:03.021+0000][1][safepoint    ] Application time: 1.0000815 seconds
[2019-12-08T10:07:03.021+0000][1][safepoint    ] Entering safepoint region: Cleanup
[2019-12-08T10:07:03.021+0000][1][safepoint    ] Leaving safepoint region
[2019-12-08T10:07:03.021+0000][1][safepoint    ] Total time for which application threads were stopped: 0.0000848 seconds, Stopping threads took: 0.0000208 seconds
[2019-12-08T10:07:04.021+0000][1][safepoint    ] Application time: 1.0000934 seconds
[2019-12-08T10:07:04.021+0000][1][safepoint    ] Entering safepoint region: Cleanup
[2019-12-08T10:07:04.021+0000][1][safepoint    ] Leaving safepoint region
[2019-12-08T10:07:04.021+0000][1][safepoint    ] Total time for which application threads were stopped: 0.0000779 seconds, Stopping threads took: 0.0000182 seconds
[2019-12-08T10:07:05.482+0000][1][safepoint    ] Application time: 1.4611489 seconds
[2019-12-08T10:07:05.482+0000][1][safepoint    ] Entering safepoint region: Cleanup
[2019-12-08T10:07:05.483+0000][1][safepoint    ] Leaving safepoint region
[2019-12-08T10:07:05.483+0000][1][safepoint    ] Total time for which application threads were stopped: 0.0001146 seconds, Stopping threads took: 0.0000246 seconds
[2019-12-08T10:07:06.483+0000][1][safepoint    ] Application time: 1.0001003 seconds
[2019-12-08T10:07:06.483+0000][1][safepoint    ] Entering safepoint region: Cleanup
[2019-12-08T10:07:06.483+0000][1][safepoint    ] Leaving safepoint region
[2019-12-08T10:07:06.483+0000][1][safepoint    ] Total time for which application threads were stopped: 0.0001093 seconds, Stopping threads took: 0.0000270 seconds
[2019-12-08T10:07:07.483+0000][1][safepoint    ] Application time: 1.0000876 seconds
[2019-12-08T10:07:07.483+0000][1][safepoint    ] Entering safepoint region: Cleanup
[2019-12-08T10:07:07.483+0000][1][safepoint    ] Leaving safepoint region
[2019-12-08T10:07:07.483+0000][1][safepoint    ] Total time for which application threads were stopped: 0.0000798 seconds, Stopping threads took: 0.0000194 seconds
[2019-12-08T10:07:08.483+0000][1][safepoint    ] Application time: 1.0000820 seconds
[2019-12-08T10:07:08.483+0000][1][safepoint    ] Entering safepoint region: Cleanup
[2019-12-08T10:07:08.483+0000][1][safepoint    ] Leaving safepoint region
[2019-12-08T10:07:08.483+0000][1][safepoint    ] Total time for which application threads were stopped: 0.0000788 seconds, Stopping threads took: 0.0000190 seconds
[2019-12-08T10:07:09.483+0000][1][safepoint    ] Application time: 1.0000809 seconds
[2019-12-08T10:07:09.483+0000][1][safepoint    ] Entering safepoint region: Cleanup
[2019-12-08T10:07:09.483+0000][1][safepoint    ] Leaving safepoint region
[2019-12-08T10:07:09.483+0000][1][safepoint    ] Total time for which application threads were stopped: 0.0000791 seconds, Stopping threads took: 0.0000213 seconds
[2019-12-08T10:07:10.484+0000][1][safepoint    ] Application time: 1.0000839 seconds
[2019-12-08T10:07:10.484+0000][1][safepoint    ] Entering safepoint region: Cleanup
[2019-12-08T10:07:10.484+0000][1][safepoint    ] Leaving safepoint region
[2019-12-08T10:07:10.484+0000][1][safepoint    ] Total time for which application threads were stopped: 0.0000779 seconds, Stopping threads took: 0.0000189 seconds
[2019-12-08T10:07:11.484+0000][1][safepoint    ] Application time: 1.0000789 seconds
[2019-12-08T10:07:11.484+0000][1][safepoint    ] Entering safepoint region: Cleanup
[2019-12-08T10:07:11.484+0000][1][safepoint    ] Leaving safepoint region
[2019-12-08T10:07:11.484+0000][1][safepoint    ] Total time for which application threads were stopped: 0.0000775 seconds, Stopping threads took: 0.0000189 seconds
[2019-12-08T10:07:12.484+0000][1][safepoint    ] Application time: 1.0000776 seconds
[2019-12-08T10:07:12.484+0000][1][safepoint    ] Entering safepoint region: Cleanup
[2019-12-08T10:07:12.484+0000][1][safepoint    ] Leaving safepoint region
[2019-12-08T10:07:12.484+0000][1][safepoint    ] Total time for which application threads were stopped: 0.0000779 seconds, Stopping threads took: 0.0000191 seconds
[2019-12-08T10:07:13.484+0000][1][safepoint    ] Application time: 1.0000800 seconds
[2019-12-08T10:07:13.484+0000][1][safepoint    ] Entering safepoint region: Cleanup
[2019-12-08T10:07:13.484+0000][1][safepoint    ] Leaving safepoint region
[2019-12-08T10:07:13.484+0000][1][safepoint    ] Total time for which application threads were stopped: 0.0000787 seconds, Stopping threads took: 0.0000199 seconds
[2019-12-08T10:07:14.484+0000][1][safepoint    ] Application time: 1.0000834 seconds
[2019-12-08T10:07:14.484+0000][1][safepoint    ] Entering safepoint region: Cleanup
[2019-12-08T10:07:14.484+0000][1][safepoint    ] Leaving safepoint region
[2019-12-08T10:07:14.484+0000][1][safepoint    ] Total time for which application threads were stopped: 0.0000789 seconds, Stopping threads took: 0.0000197 seconds
[2019-12-08T10:07:15.485+0000][1][safepoint    ] Application time: 1.0000802 seconds
[2019-12-08T10:07:15.485+0000][1][safepoint    ] Entering safepoint region: Cleanup
[2019-12-08T10:07:15.485+0000][1][safepoint    ] Leaving safepoint region
[2019-12-08T10:07:15.485+0000][1][safepoint    ] Total time for which application threads were stopped: 0.0000818 seconds, Stopping threads took: 0.0000192 seconds
[2019-12-08T10:07:16.485+0000][1][safepoint    ] Application time: 1.0000786 seconds
[2019-12-08T10:07:16.485+0000][1][safepoint    ] Entering safepoint region: Cleanup
[2019-12-08T10:07:16.485+0000][1][safepoint    ] Leaving safepoint region
[2019-12-08T10:07:16.485+0000][1][safepoint    ] Total time for which application threads were stopped: 0.0000760 seconds, Stopping threads took: 0.0000183 seconds
[2019-12-08T10:07:17.485+0000][1][safepoint    ] Application time: 1.0000768 seconds
[2019-12-08T10:07:17.485+0000][1][safepoint    ] Entering safepoint region: Cleanup
[2019-12-08T10:07:17.485+0000][1][safepoint    ] Leaving safepoint region
[2019-12-08T10:07:17.485+0000][1][safepoint    ] Total time for which application threads were stopped: 0.0000728 seconds, Stopping threads took: 0.0000187 seconds
[2019-12-08T10:07:18.485+0000][1][safepoint    ] Application time: 1.0000834 seconds
[2019-12-08T10:07:18.485+0000][1][safepoint    ] Entering safepoint region: Cleanup
[2019-12-08T10:07:18.485+0000][1][safepoint    ] Leaving safepoint region
[2019-12-08T10:07:18.485+0000][1][safepoint    ] Total time for which application threads were stopped: 0.0000820 seconds, Stopping threads took: 0.0000252 seconds
[2019-12-08T10:07:19.492+0000][1][safepoint    ] Application time: 1.0072915 seconds
[2019-12-08T10:07:19.493+0000][1][safepoint    ] Entering safepoint region: Cleanup
[2019-12-08T10:07:19.493+0000][1][safepoint    ] Leaving safepoint region
[2019-12-08T10:07:19.493+0000][1][safepoint    ] Total time for which application threads were stopped: 0.0000886 seconds, Stopping threads took: 0.0000234 seconds
[2019-12-08T10:07:20.493+0000][1][safepoint    ] Application time: 1.0000827 seconds
[2019-12-08T10:07:20.493+0000][1][safepoint    ] Entering safepoint region: Cleanup
[2019-12-08T10:07:20.493+0000][1][safepoint    ] Leaving safepoint region
[2019-12-08T10:07:20.493+0000][1][safepoint    ] Total time for which application threads were stopped: 0.0000769 seconds, Stopping threads took: 0.0000193 seconds
[2019-12-08T10:07:21.493+0000][1][safepoint    ] Application time: 1.0001238 seconds
[2019-12-08T10:07:21.493+0000][1][safepoint    ] Entering safepoint region: Cleanup
[2019-12-08T10:07:21.493+0000][1][safepoint    ] Leaving safepoint region
[2019-12-08T10:07:21.493+0000][1][safepoint    ] Total time for which application threads were stopped: 0.0001356 seconds, Stopping threads took: 0.0000673 seconds
[2019-12-08T10:07:22.493+0000][1][safepoint    ] Application time: 1.0000908 seconds
[2019-12-08T10:07:22.493+0000][1][safepoint    ] Entering safepoint region: Cleanup
[2019-12-08T10:07:22.493+0000][1][safepoint    ] Leaving safepoint region
[2019-12-08T10:07:22.493+0000][1][safepoint    ] Total time for which application threads were stopped: 0.0000755 seconds, Stopping threads took: 0.0000176 seconds
[2019-12-08T10:07:23.493+0000][1][safepoint    ] Application time: 1.0000770 seconds
[2019-12-08T10:07:23.493+0000][1][safepoint    ] Entering safepoint region: Cleanup
[2019-12-08T10:07:23.493+0000][1][safepoint    ] Leaving safepoint region
[2019-12-08T10:07:23.493+0000][1][safepoint    ] Total time for which application threads were stopped: 0.0000742 seconds, Stopping threads took: 0.0000164 seconds
[2019-12-08T10:07:24.494+0000][1][safepoint    ] Application time: 1.0000800 seconds
[2019-12-08T10:07:24.494+0000][1][safepoint    ] Entering safepoint region: Cleanup
[2019-12-08T10:07:24.494+0000][1][safepoint    ] Leaving safepoint region
[2019-12-08T10:07:24.494+0000][1][safepoint    ] Total time for which application threads were stopped: 0.0000745 seconds, Stopping threads took: 0.0000178 seconds
[2019-12-08T10:07:25.494+0000][1][safepoint    ] Application time: 1.0000785 seconds
[2019-12-08T10:07:25.494+0000][1][safepoint    ] Entering safepoint region: Cleanup
[2019-12-08T10:07:25.494+0000][1][safepoint    ] Leaving safepoint region
[2019-12-08T10:07:25.494+0000][1][safepoint    ] Total time for which application threads were stopped: 0.0000799 seconds, Stopping threads took: 0.0000203 seconds
[2019-12-08T10:07:26.494+0000][1][safepoint    ] Application time: 1.0000822 seconds
[2019-12-08T10:07:26.494+0000][1][safepoint    ] Entering safepoint region: Cleanup
[2019-12-08T10:07:26.494+0000][1][safepoint    ] Leaving safepoint region
[2019-12-08T10:07:26.494+0000][1][safepoint    ] Total time for which application threads were stopped: 0.0000817 seconds, Stopping threads took: 0.0000201 seconds
[2019-12-08T10:07:27.494+0000][1][safepoint    ] Application time: 1.0000792 seconds
[2019-12-08T10:07:27.494+0000][1][safepoint    ] Entering safepoint region: Cleanup
[2019-12-08T10:07:27.494+0000][1][safepoint    ] Leaving safepoint region
[2019-12-08T10:07:27.494+0000][1][safepoint    ] Total time for which application threads were stopped: 0.0000800 seconds, Stopping threads took: 0.0000206 seconds
[2019-12-08T10:07:28.494+0000][1][safepoint    ] Application time: 1.0000765 seconds
[2019-12-08T10:07:28.494+0000][1][safepoint    ] Entering safepoint region: Cleanup
[2019-12-08T10:07:28.494+0000][1][safepoint    ] Leaving safepoint region
[2019-12-08T10:07:28.494+0000][1][safepoint    ] Total time for which application threads were stopped: 0.0000884 seconds, Stopping threads took: 0.0000270 seconds
[2019-12-08T10:07:29.495+0000][1][safepoint    ] Application time: 1.0000764 seconds
[2019-12-08T10:07:29.495+0000][1][safepoint    ] Entering safepoint region: Cleanup
[2019-12-08T10:07:29.495+0000][1][safepoint    ] Leaving safepoint region
[2019-12-08T10:07:29.495+0000][1][safepoint    ] Total time for which application threads were stopped: 0.0000877 seconds, Stopping threads took: 0.0000274 seconds
[2019-12-08T10:07:30.495+0000][1][safepoint    ] Application time: 1.0000870 seconds
[2019-12-08T10:07:30.495+0000][1][safepoint    ] Entering safepoint region: Cleanup
[2019-12-08T10:07:30.495+0000][1][safepoint    ] Leaving safepoint region
[2019-12-08T10:07:30.495+0000][1][safepoint    ] Total time for which application threads were stopped: 0.0000823 seconds, Stopping threads took: 0.0000202 seconds
[2019-12-08T10:07:31.495+0000][1][safepoint    ] Application time: 1.0000854 seconds
[2019-12-08T10:07:31.495+0000][1][safepoint    ] Entering safepoint region: Cleanup
[2019-12-08T10:07:31.495+0000][1][safepoint    ] Leaving safepoint region
[2019-12-08T10:07:31.495+0000][1][safepoint    ] Total time for which application threads were stopped: 0.0000821 seconds, Stopping threads took: 0.0000194 seconds
[2019-12-08T10:07:32.495+0000][1][safepoint    ] Application time: 1.0000866 seconds
[2019-12-08T10:07:32.495+0000][1][safepoint    ] Entering safepoint region: Cleanup
[2019-12-08T10:07:32.495+0000][1][safepoint    ] Leaving safepoint region
[2019-12-08T10:07:32.495+0000][1][safepoint    ] Total time for which application threads were stopped: 0.0000812 seconds, Stopping threads took: 0.0000186 seconds
[2019-12-08T10:07:33.495+0000][1][safepoint    ] Application time: 1.0000788 seconds
[2019-12-08T10:07:33.495+0000][1][safepoint    ] Entering safepoint region: Cleanup
[2019-12-08T10:07:33.496+0000][1][safepoint    ] Leaving safepoint region
[2019-12-08T10:07:33.496+0000][1][safepoint    ] Total time for which application threads were stopped: 0.0000805 seconds, Stopping threads took: 0.0000194 seconds
[2019-12-08T10:07:34.496+0000][1][safepoint    ] Application time: 1.0000755 seconds
[2019-12-08T10:07:34.496+0000][1][safepoint    ] Entering safepoint region: Cleanup
[2019-12-08T10:07:34.496+0000][1][safepoint    ] Leaving safepoint region
[2019-12-08T10:07:34.496+0000][1][safepoint    ] Total time for which application threads were stopped: 0.0000874 seconds, Stopping threads took: 0.0000196 seconds
[2019-12-08T10:07:35.496+0000][1][safepoint    ] Application time: 1.0000779 seconds
[2019-12-08T10:07:35.496+0000][1][safepoint    ] Entering safepoint region: Cleanup
[2019-12-08T10:07:35.496+0000][1][safepoint    ] Leaving safepoint region
[2019-12-08T10:07:35.496+0000][1][safepoint    ] Total time for which application threads were stopped: 0.0000806 seconds, Stopping threads took: 0.0000178 seconds
[2019-12-08T10:07:36.496+0000][1][safepoint    ] Application time: 1.0000762 seconds
[2019-12-08T10:07:36.496+0000][1][safepoint    ] Entering safepoint region: Cleanup
[2019-12-08T10:07:36.496+0000][1][safepoint    ] Leaving safepoint region
[2019-12-08T10:07:36.496+0000][1][safepoint    ] Total time for which application threads were stopped: 0.0000778 seconds, Stopping threads took: 0.0000185 seconds
[2019-12-08T10:07:37.496+0000][1][safepoint    ] Application time: 1.0000790 seconds
[2019-12-08T10:07:37.496+0000][1][safepoint    ] Entering safepoint region: Cleanup
[2019-12-08T10:07:37.496+0000][1][safepoint    ] Leaving safepoint region
[2019-12-08T10:07:37.496+0000][1][safepoint    ] Total time for which application threads were stopped: 0.0000808 seconds, Stopping threads took: 0.0000211 seconds
[2019-12-08T10:07:38.496+0000][1][safepoint    ] Application time: 1.0000816 seconds
[2019-12-08T10:07:38.496+0000][1][safepoint    ] Entering safepoint region: Cleanup
[2019-12-08T10:07:38.497+0000][1][safepoint    ] Leaving safepoint region
[2019-12-08T10:07:38.497+0000][1][safepoint    ] Total time for which application threads were stopped: 0.0001022 seconds, Stopping threads took: 0.0000229 seconds
[2019-12-08T10:07:39.497+0000][1][safepoint    ] Application time: 1.0000779 seconds
[2019-12-08T10:07:39.497+0000][1][safepoint    ] Entering safepoint region: Cleanup
[2019-12-08T10:07:39.497+0000][1][safepoint    ] Leaving safepoint region
[2019-12-08T10:07:39.497+0000][1][safepoint    ] Total time for which application threads were stopped: 0.0001087 seconds, Stopping threads took: 0.0000476 seconds
[2019-12-08T10:07:40.497+0000][1][safepoint    ] Application time: 1.0000814 seconds
[2019-12-08T10:07:40.497+0000][1][safepoint    ] Entering safepoint region: Cleanup
[2019-12-08T10:07:40.497+0000][1][safepoint    ] Leaving safepoint region
[2019-12-08T10:07:40.497+0000][1][safepoint    ] Total time for which application threads were stopped: 0.0000780 seconds, Stopping threads took: 0.0000186 seconds
[2019-12-08T10:07:41.497+0000][1][safepoint    ] Application time: 1.0000805 seconds
[2019-12-08T10:07:41.497+0000][1][safepoint    ] Entering safepoint region: Cleanup
[2019-12-08T10:07:41.497+0000][1][safepoint    ] Leaving safepoint region
[2019-12-08T10:07:41.497+0000][1][safepoint    ] Total time for which application threads were stopped: 0.0000804 seconds, Stopping threads took: 0.0000200 seconds
[2019-12-08T10:07:42.497+0000][1][safepoint    ] Application time: 1.0000810 seconds
[2019-12-08T10:07:42.497+0000][1][safepoint    ] Entering safepoint region: Cleanup
[2019-12-08T10:07:42.497+0000][1][safepoint    ] Leaving safepoint region
[2019-12-08T10:07:42.497+0000][1][safepoint    ] Total time for which application threads were stopped: 0.0000822 seconds, Stopping threads took: 0.0000204 seconds
[2019-12-08T10:07:43.497+0000][1][safepoint    ] Application time: 1.0000810 seconds
[2019-12-08T10:07:43.498+0000][1][safepoint    ] Entering safepoint region: Cleanup
[2019-12-08T10:07:43.498+0000][1][safepoint    ] Leaving safepoint region
[2019-12-08T10:07:43.498+0000][1][safepoint    ] Total time for which application threads were stopped: 0.0000808 seconds, Stopping threads took: 0.0000183 seconds
[2019-12-08T10:07:44.498+0000][1][safepoint    ] Application time: 1.0000795 seconds
[2019-12-08T10:07:44.498+0000][1][safepoint    ] Entering safepoint region: Cleanup
[2019-12-08T10:07:44.498+0000][1][safepoint    ] Leaving safepoint region
[2019-12-08T10:07:44.498+0000][1][safepoint    ] Total time for which application threads were stopped: 0.0000786 seconds, Stopping threads took: 0.0000189 seconds
[2019-12-08T10:07:45.498+0000][1][safepoint    ] Application time: 1.0000828 seconds
[2019-12-08T10:07:45.498+0000][1][safepoint    ] Entering safepoint region: Cleanup
[2019-12-08T10:07:45.498+0000][1][safepoint    ] Leaving safepoint region
[2019-12-08T10:07:45.498+0000][1][safepoint    ] Total time for which application threads were stopped: 0.0000791 seconds, Stopping threads took: 0.0000186 seconds
[2019-12-08T10:07:46.498+0000][1][safepoint    ] Application time: 1.0000819 seconds
[2019-12-08T10:07:46.498+0000][1][safepoint    ] Entering safepoint region: Cleanup
[2019-12-08T10:07:46.498+0000][1][safepoint    ] Leaving safepoint region
[2019-12-08T10:07:46.498+0000][1][safepoint    ] Total time for which application threads were stopped: 0.0000802 seconds, Stopping threads took: 0.0000197 seconds
[2019-12-08T10:07:47.498+0000][1][safepoint    ] Application time: 1.0000790 seconds
[2019-12-08T10:07:47.498+0000][1][safepoint    ] Entering safepoint region: Cleanup
[2019-12-08T10:07:47.498+0000][1][safepoint    ] Leaving safepoint region
[2019-12-08T10:07:47.498+0000][1][safepoint    ] Total time for which application threads were stopped: 0.0000794 seconds, Stopping threads took: 0.0000188 seconds
[2019-12-08T10:07:48.499+0000][1][safepoint    ] Application time: 1.0000799 seconds
[2019-12-08T10:07:48.499+0000][1][safepoint    ] Entering safepoint region: Cleanup
[2019-12-08T10:07:48.499+0000][1][safepoint    ] Leaving safepoint region
[2019-12-08T10:07:48.499+0000][1][safepoint    ] Total time for which application threads were stopped: 0.0000809 seconds, Stopping threads took: 0.0000191 seconds
[2019-12-08T10:07:49.499+0000][1][safepoint    ] Application time: 1.0000804 seconds
[2019-12-08T10:07:49.499+0000][1][safepoint    ] Entering safepoint region: Cleanup
[2019-12-08T10:07:49.499+0000][1][safepoint    ] Leaving safepoint region
[2019-12-08T10:07:49.499+0000][1][safepoint    ] Total time for which application threads were stopped: 0.0000906 seconds, Stopping threads took: 0.0000198 seconds
[2019-12-08T10:07:50.499+0000][1][safepoint    ] Application time: 1.0000840 seconds
[2019-12-08T10:07:50.499+0000][1][safepoint    ] Entering safepoint region: Cleanup
[2019-12-08T10:07:50.499+0000][1][safepoint    ] Leaving safepoint region
[2019-12-08T10:07:50.499+0000][1][safepoint    ] Total time for which application threads were stopped: 0.0000832 seconds, Stopping threads took: 0.0000198 seconds
[2019-12-08T10:07:51.499+0000][1][safepoint    ] Application time: 1.0000814 seconds
[2019-12-08T10:07:51.499+0000][1][safepoint    ] Entering safepoint region: Cleanup
[2019-12-08T10:07:51.499+0000][1][safepoint    ] Leaving safepoint region
[2019-12-08T10:07:51.499+0000][1][safepoint    ] Total time for which application threads were stopped: 0.0000837 seconds, Stopping threads took: 0.0000207 seconds
[2019-12-08T10:07:52.499+0000][1][safepoint    ] Application time: 1.0000798 seconds
[2019-12-08T10:07:52.499+0000][1][safepoint    ] Entering safepoint region: Cleanup
[2019-12-08T10:07:52.499+0000][1][safepoint    ] Leaving safepoint region
[2019-12-08T10:07:52.499+0000][1][safepoint    ] Total time for which application threads were stopped: 0.0000783 seconds, Stopping threads took: 0.0000189 seconds
[2019-12-08T10:07:53.500+0000][1][safepoint    ] Application time: 1.0000782 seconds
[2019-12-08T10:07:53.500+0000][1][safepoint    ] Entering safepoint region: Cleanup
[2019-12-08T10:07:53.500+0000][1][safepoint    ] Leaving safepoint region
[2019-12-08T10:07:53.500+0000][1][safepoint    ] Total time for which application threads were stopped: 0.0000805 seconds, Stopping threads took: 0.0000191 seconds
[2019-12-08T10:07:54.500+0000][1][safepoint    ] Application time: 1.0000878 seconds
[2019-12-08T10:07:54.500+0000][1][safepoint    ] Entering safepoint region: Cleanup
[2019-12-08T10:07:54.500+0000][1][safepoint    ] Leaving safepoint region
[2019-12-08T10:07:54.500+0000][1][safepoint    ] Total time for which application threads were stopped: 0.0000788 seconds, Stopping threads took: 0.0000181 seconds
[2019-12-08T10:07:55.500+0000][1][safepoint    ] Application time: 1.0000904 seconds
[2019-12-08T10:07:55.500+0000][1][safepoint    ] Entering safepoint region: Cleanup
[2019-12-08T10:07:55.500+0000][1][safepoint    ] Leaving safepoint region
[2019-12-08T10:07:55.500+0000][1][safepoint    ] Total time for which application threads were stopped: 0.0000809 seconds, Stopping threads took: 0.0000211 seconds
[2019-12-08T10:07:56.500+0000][1][safepoint    ] Application time: 1.0000864 seconds
[2019-12-08T10:07:56.500+0000][1][safepoint    ] Entering safepoint region: Cleanup
[2019-12-08T10:07:56.500+0000][1][safepoint    ] Leaving safepoint region
[2019-12-08T10:07:56.500+0000][1][safepoint    ] Total time for which application threads were stopped: 0.0000824 seconds, Stopping threads took: 0.0000200 seconds
[2019-12-08T10:07:57.500+0000][1][safepoint    ] Application time: 1.0000852 seconds
[2019-12-08T10:07:57.500+0000][1][safepoint    ] Entering safepoint region: Cleanup
[2019-12-08T10:07:57.501+0000][1][safepoint    ] Leaving safepoint region
[2019-12-08T10:07:57.501+0000][1][safepoint    ] Total time for which application threads were stopped: 0.0000861 seconds, Stopping threads took: 0.0000192 seconds
[2019-12-08T10:07:58.784+0000][1][safepoint    ] Application time: 1.2834586 seconds
[2019-12-08T10:07:58.784+0000][1][safepoint    ] Entering safepoint region: Cleanup
[2019-12-08T10:07:58.784+0000][1][safepoint    ] Leaving safepoint region
[2019-12-08T10:07:58.784+0000][1][safepoint    ] Total time for which application threads were stopped: 0.0000767 seconds, Stopping threads took: 0.0000182 seconds
[2019-12-08T10:07:59.784+0000][1][safepoint    ] Application time: 1.0000808 seconds
[2019-12-08T10:07:59.784+0000][1][safepoint    ] Entering safepoint region: Cleanup
[2019-12-08T10:07:59.784+0000][1][safepoint    ] Leaving safepoint region
[2019-12-08T10:07:59.784+0000][1][safepoint    ] Total time for which application threads were stopped: 0.0000843 seconds, Stopping threads took: 0.0000178 seconds
[2019-12-08T10:08:00.784+0000][1][safepoint    ] Application time: 1.0000812 seconds
[2019-12-08T10:08:00.784+0000][1][safepoint    ] Entering safepoint region: Cleanup
[2019-12-08T10:08:00.784+0000][1][safepoint    ] Leaving safepoint region
[2019-12-08T10:08:00.784+0000][1][safepoint    ] Total time for which application threads were stopped: 0.0000761 seconds, Stopping threads took: 0.0000192 seconds
[2019-12-08T10:08:01.785+0000][1][safepoint    ] Application time: 1.0000817 seconds
[2019-12-08T10:08:01.785+0000][1][safepoint    ] Entering safepoint region: Cleanup
[2019-12-08T10:08:01.785+0000][1][safepoint    ] Leaving safepoint region
[2019-12-08T10:08:01.785+0000][1][safepoint    ] Total time for which application threads were stopped: 0.0000900 seconds, Stopping threads took: 0.0000194 seconds
[2019-12-08T10:08:02.785+0000][1][safepoint    ] Application time: 1.0000785 seconds
[2019-12-08T10:08:02.785+0000][1][safepoint    ] Entering safepoint region: Cleanup
[2019-12-08T10:08:02.785+0000][1][safepoint    ] Leaving safepoint region
[2019-12-08T10:08:02.785+0000][1][safepoint    ] Total time for which application threads were stopped: 0.0000800 seconds, Stopping threads took: 0.0000189 seconds
[2019-12-08T10:08:03.785+0000][1][safepoint    ] Application time: 1.0000838 seconds
[2019-12-08T10:08:03.785+0000][1][safepoint    ] Entering safepoint region: Cleanup
[2019-12-08T10:08:03.785+0000][1][safepoint    ] Leaving safepoint region
[2019-12-08T10:08:03.785+0000][1][safepoint    ] Total time for which application threads were stopped: 0.0000763 seconds, Stopping threads took: 0.0000201 seconds
[2019-12-08T10:08:04.785+0000][1][safepoint    ] Application time: 1.0000790 seconds
[2019-12-08T10:08:04.785+0000][1][safepoint    ] Entering safepoint region: Cleanup
[2019-12-08T10:08:04.785+0000][1][safepoint    ] Leaving safepoint region
[2019-12-08T10:08:04.785+0000][1][safepoint    ] Total time for which application threads were stopped: 0.0000809 seconds, Stopping threads took: 0.0000194 seconds
[2019-12-08T10:08:05.785+0000][1][safepoint    ] Application time: 1.0000869 seconds
[2019-12-08T10:08:05.785+0000][1][safepoint    ] Entering safepoint region: Cleanup
[2019-12-08T10:08:05.786+0000][1][safepoint    ] Leaving safepoint region
[2019-12-08T10:08:05.786+0000][1][safepoint    ] Total time for which application threads were stopped: 0.0000777 seconds, Stopping threads took: 0.0000193 seconds
[2019-12-08T10:08:06.786+0000][1][safepoint    ] Application time: 1.0000825 seconds
[2019-12-08T10:08:06.786+0000][1][safepoint    ] Entering safepoint region: Cleanup
[2019-12-08T10:08:06.786+0000][1][safepoint    ] Leaving safepoint region
[2019-12-08T10:08:06.786+0000][1][safepoint    ] Total time for which application threads were stopped: 0.0000853 seconds, Stopping threads took: 0.0000181 seconds
[2019-12-08T10:08:07.786+0000][1][safepoint    ] Application time: 1.0000770 seconds
[2019-12-08T10:08:07.786+0000][1][safepoint    ] Entering safepoint region: Cleanup
[2019-12-08T10:08:07.786+0000][1][safepoint    ] Leaving safepoint region
[2019-12-08T10:08:07.786+0000][1][safepoint    ] Total time for which application threads were stopped: 0.0000699 seconds, Stopping threads took: 0.0000160 seconds
[2019-12-08T10:08:08.786+0000][1][safepoint    ] Application time: 1.0000863 seconds
[2019-12-08T10:08:08.786+0000][1][safepoint    ] Entering safepoint region: Cleanup
[2019-12-08T10:08:08.786+0000][1][safepoint    ] Leaving safepoint region
[2019-12-08T10:08:08.786+0000][1][safepoint    ] Total time for which application threads were stopped: 0.0000777 seconds, Stopping threads took: 0.0000190 seconds
[2019-12-08T10:08:09.786+0000][1][safepoint    ] Application time: 1.0000829 seconds
[2019-12-08T10:08:09.786+0000][1][safepoint    ] Entering safepoint region: Cleanup
[2019-12-08T10:08:09.786+0000][1][safepoint    ] Leaving safepoint region
[2019-12-08T10:08:09.786+0000][1][safepoint    ] Total time for which application threads were stopped: 0.0000854 seconds, Stopping threads took: 0.0000209 seconds
[2019-12-08T10:08:10.786+0000][1][safepoint    ] Application time: 1.0000854 seconds
[2019-12-08T10:08:10.786+0000][1][safepoint    ] Entering safepoint region: Cleanup
[2019-12-08T10:08:10.787+0000][1][safepoint    ] Leaving safepoint region
[2019-12-08T10:08:10.787+0000][1][safepoint    ] Total time for which application threads were stopped: 0.0000947 seconds, Stopping threads took: 0.0000234 seconds
[2019-12-08T10:08:11.787+0000][1][safepoint    ] Application time: 1.0000755 seconds
[2019-12-08T10:08:11.787+0000][1][safepoint    ] Entering safepoint region: Cleanup
[2019-12-08T10:08:11.787+0000][1][safepoint    ] Leaving safepoint region
[2019-12-08T10:08:11.787+0000][1][safepoint    ] Total time for which application threads were stopped: 0.0000841 seconds, Stopping threads took: 0.0000180 seconds
[2019-12-08T10:08:12.787+0000][1][safepoint    ] Application time: 1.0000866 seconds
[2019-12-08T10:08:12.787+0000][1][safepoint    ] Entering safepoint region: Cleanup
[2019-12-08T10:08:12.787+0000][1][safepoint    ] Leaving safepoint region
[2019-12-08T10:08:12.787+0000][1][safepoint    ] Total time for which application threads were stopped: 0.0000744 seconds, Stopping threads took: 0.0000197 seconds
[2019-12-08T10:08:13.787+0000][1][safepoint    ] Application time: 1.0000779 seconds
[2019-12-08T10:08:13.787+0000][1][safepoint    ] Entering safepoint region: Cleanup
[2019-12-08T10:08:13.787+0000][1][safepoint    ] Leaving safepoint region
[2019-12-08T10:08:13.787+0000][1][safepoint    ] Total time for which application threads were stopped: 0.0000717 seconds, Stopping threads took: 0.0000183 seconds
[2019-12-08T10:08:14.787+0000][1][safepoint    ] Application time: 1.0000781 seconds
[2019-12-08T10:08:14.787+0000][1][safepoint    ] Entering safepoint region: Cleanup
[2019-12-08T10:08:14.787+0000][1][safepoint    ] Leaving safepoint region
[2019-12-08T10:08:14.787+0000][1][safepoint    ] Total time for which application threads were stopped: 0.0000717 seconds, Stopping threads took: 0.0000182 seconds
[2019-12-08T10:08:15.787+0000][1][safepoint    ] Application time: 1.0000774 seconds
[2019-12-08T10:08:15.787+0000][1][safepoint    ] Entering safepoint region: Cleanup
[2019-12-08T10:08:15.787+0000][1][safepoint    ] Leaving safepoint region
[2019-12-08T10:08:15.787+0000][1][safepoint    ] Total time for which application threads were stopped: 0.0000742 seconds, Stopping threads took: 0.0000182 seconds
[2019-12-08T10:08:16.788+0000][1][safepoint    ] Application time: 1.0000793 seconds
[2019-12-08T10:08:16.788+0000][1][safepoint    ] Entering safepoint region: Cleanup
[2019-12-08T10:08:16.788+0000][1][safepoint    ] Leaving safepoint region
[2019-12-08T10:08:16.788+0000][1][safepoint    ] Total time for which application threads were stopped: 0.0000741 seconds, Stopping threads took: 0.0000188 seconds
[2019-12-08T10:08:28.789+0000][1][safepoint    ] Application time: 12.0008590 seconds
[2019-12-08T10:08:28.789+0000][1][safepoint    ] Entering safepoint region: Cleanup
[2019-12-08T10:08:28.789+0000][1][safepoint    ] Leaving safepoint region
[2019-12-08T10:08:28.789+0000][1][safepoint    ] Total time for which application threads were stopped: 0.0000828 seconds, Stopping threads took: 0.0000244 seconds
[2019-12-08T10:08:40.790+0000][1][safepoint    ] Application time: 12.0008594 seconds
[2019-12-08T10:08:40.790+0000][1][safepoint    ] Entering safepoint region: Cleanup
[2019-12-08T10:08:40.790+0000][1][safepoint    ] Leaving safepoint region
[2019-12-08T10:08:40.790+0000][1][safepoint    ] Total time for which application threads were stopped: 0.0000797 seconds, Stopping threads took: 0.0000249 seconds
[2019-12-08T10:08:53.791+0000][1][safepoint    ] Application time: 13.0009351 seconds
[2019-12-08T10:08:53.791+0000][1][safepoint    ] Entering safepoint region: Cleanup
[2019-12-08T10:08:53.791+0000][1][safepoint    ] Leaving safepoint region
[2019-12-08T10:08:53.791+0000][1][safepoint    ] Total time for which application threads were stopped: 0.0000877 seconds, Stopping threads took: 0.0000261 seconds
[2019-12-08T10:09:04.792+0000][1][safepoint    ] Application time: 11.0008164 seconds
[2019-12-08T10:09:04.792+0000][1][safepoint    ] Entering safepoint region: Cleanup
[2019-12-08T10:09:04.792+0000][1][safepoint    ] Leaving safepoint region
[2019-12-08T10:09:04.792+0000][1][safepoint    ] Total time for which application threads were stopped: 0.0000774 seconds, Stopping threads took: 0.0000182 seconds
[2019-12-08T10:09:16.792+0000][1][safepoint    ] Application time: 12.0008453 seconds
[2019-12-08T10:09:16.793+0000][1][safepoint    ] Entering safepoint region: Cleanup
[2019-12-08T10:09:16.793+0000][1][safepoint    ] Leaving safepoint region
[2019-12-08T10:09:16.793+0000][1][safepoint    ] Total time for which application threads were stopped: 0.0000746 seconds, Stopping threads took: 0.0000180 seconds
[2019-12-08T10:09:17.793+0000][1][safepoint    ] Application time: 1.0000787 seconds
[2019-12-08T10:09:17.793+0000][1][safepoint    ] Entering safepoint region: Cleanup
[2019-12-08T10:09:17.793+0000][1][safepoint    ] Leaving safepoint region
[2019-12-08T10:09:17.793+0000][1][safepoint    ] Total time for which application threads were stopped: 0.0000755 seconds, Stopping threads took: 0.0000175 seconds
[2019-12-08T10:09:18.071+0000][1][safepoint    ] Application time: 0.2780748 seconds
[2019-12-08T10:09:18.071+0000][1][safepoint    ] Entering safepoint region: GenCollectForAllocation
[2019-12-08T10:09:18.071+0000][1][gc,start     ] GC(26) Pause Young (Allocation Failure)
[2019-12-08T10:09:18.071+0000][1][gc,task      ] GC(26) Using 4 workers of 4 for evacuation
[2019-12-08T10:09:18.075+0000][1][gc,age       ] GC(26) Desired survivor size 4456448 bytes, new threshold 6 (max threshold 6)
[2019-12-08T10:09:18.075+0000][1][gc,age       ] GC(26) Age table with threshold 6 (max threshold 6)
[2019-12-08T10:09:18.075+0000][1][gc,age       ] GC(26) - age   1:       8608 bytes,       8608 total
[2019-12-08T10:09:18.075+0000][1][gc,age       ] GC(26) - age   2:       5768 bytes,      14376 total
[2019-12-08T10:09:18.075+0000][1][gc,age       ] GC(26) - age   3:       8016 bytes,      22392 total
[2019-12-08T10:09:18.075+0000][1][gc,age       ] GC(26) - age   4:      38528 bytes,      60920 total
[2019-12-08T10:09:18.075+0000][1][gc,age       ] GC(26) - age   5:     608752 bytes,     669672 total
[2019-12-08T10:09:18.075+0000][1][gc,age       ] GC(26) - age   6:    2624048 bytes,    3293720 total
[2019-12-08T10:09:18.075+0000][1][gc,heap      ] GC(26) ParNew: 73971K->5096K(78656K)
[2019-12-08T10:09:18.075+0000][1][gc,heap      ] GC(26) CMS: 67339K->67339K(174784K)
[2019-12-08T10:09:18.075+0000][1][gc,metaspace ] GC(26) Metaspace: 69123K->69123K(1112064K)
[2019-12-08T10:09:18.075+0000][1][gc           ] GC(26) Pause Young (Allocation Failure) 137M->70M(247M) 4.384ms
[2019-12-08T10:09:18.075+0000][1][gc,cpu       ] GC(26) User=0.02s Sys=0.00s Real=0.00s
[2019-12-08T10:09:18.075+0000][1][safepoint    ] Leaving safepoint region
[2019-12-08T10:09:18.075+0000][1][safepoint    ] Total time for which application threads were stopped: 0.0045316 seconds, Stopping threads took: 0.0000184 seconds
[2019-12-08T10:09:24.076+0000][1][safepoint    ] Application time: 6.0004284 seconds
[2019-12-08T10:09:24.076+0000][1][safepoint    ] Entering safepoint region: Cleanup
[2019-12-08T10:09:24.076+0000][1][safepoint    ] Leaving safepoint region
[2019-12-08T10:09:24.076+0000][1][safepoint    ] Total time for which application threads were stopped: 0.0000908 seconds, Stopping threads took: 0.0000280 seconds
[2019-12-08T10:09:25.076+0000][1][safepoint    ] Application time: 1.0000797 seconds
[2019-12-08T10:09:25.076+0000][1][safepoint    ] Entering safepoint region: Cleanup
[2019-12-08T10:09:25.076+0000][1][safepoint    ] Leaving safepoint region
[2019-12-08T10:09:25.076+0000][1][safepoint    ] Total time for which application threads were stopped: 0.0000831 seconds, Stopping threads took: 0.0000194 seconds
[2019-12-08T10:09:26.076+0000][1][safepoint    ] Application time: 1.0000856 seconds
[2019-12-08T10:09:26.076+0000][1][safepoint    ] Entering safepoint region: Cleanup
[2019-12-08T10:09:26.076+0000][1][safepoint    ] Leaving safepoint region
[2019-12-08T10:09:26.076+0000][1][safepoint    ] Total time for which application threads were stopped: 0.0000798 seconds, Stopping threads took: 0.0000184 seconds
[2019-12-08T10:09:46.078+0000][1][safepoint    ] Application time: 20.0013996 seconds
[2019-12-08T10:09:46.078+0000][1][safepoint    ] Entering safepoint region: Cleanup
[2019-12-08T10:09:46.078+0000][1][safepoint    ] Leaving safepoint region
[2019-12-08T10:09:46.078+0000][1][safepoint    ] Total time for which application threads were stopped: 0.0000835 seconds, Stopping threads took: 0.0000269 seconds
[2019-12-08T10:09:53.078+0000][1][safepoint    ] Application time: 7.0005030 seconds
[2019-12-08T10:09:53.078+0000][1][safepoint    ] Entering safepoint region: Cleanup
[2019-12-08T10:09:53.079+0000][1][safepoint    ] Leaving safepoint region
[2019-12-08T10:09:53.079+0000][1][safepoint    ] Total time for which application threads were stopped: 0.0000744 seconds, Stopping threads took: 0.0000183 seconds
[2019-12-08T10:09:58.087+0000][1][safepoint    ] Application time: 5.0083078 seconds
[2019-12-08T10:09:58.087+0000][1][safepoint    ] Entering safepoint region: RevokeBias
[2019-12-08T10:09:58.087+0000][1][safepoint    ] Leaving safepoint region
[2019-12-08T10:09:58.087+0000][1][safepoint    ] Total time for which application threads were stopped: 0.0001126 seconds, Stopping threads took: 0.0000171 seconds
[2019-12-08T10:09:59.087+0000][1][safepoint    ] Application time: 1.0000823 seconds
[2019-12-08T10:09:59.087+0000][1][safepoint    ] Entering safepoint region: Cleanup
[2019-12-08T10:09:59.087+0000][1][safepoint    ] Leaving safepoint region
[2019-12-08T10:09:59.087+0000][1][safepoint    ] Total time for which application threads were stopped: 0.0000753 seconds, Stopping threads took: 0.0000193 seconds
[2019-12-08T10:10:11.088+0000][1][safepoint    ] Application time: 12.0008557 seconds
[2019-12-08T10:10:11.088+0000][1][safepoint    ] Entering safepoint region: Cleanup
[2019-12-08T10:10:11.088+0000][1][safepoint    ] Leaving safepoint region
[2019-12-08T10:10:11.088+0000][1][safepoint    ] Total time for which application threads were stopped: 0.0000850 seconds, Stopping threads took: 0.0000280 seconds
[2019-12-08T10:10:24.089+0000][1][safepoint    ] Application time: 13.0008864 seconds
[2019-12-08T10:10:24.089+0000][1][safepoint    ] Entering safepoint region: Cleanup
[2019-12-08T10:10:24.089+0000][1][safepoint    ] Leaving safepoint region
[2019-12-08T10:10:24.089+0000][1][safepoint    ] Total time for which application threads were stopped: 0.0000757 seconds, Stopping threads took: 0.0000195 seconds
[2019-12-08T10:10:49.091+0000][1][safepoint    ] Application time: 25.0017423 seconds
[2019-12-08T10:10:49.091+0000][1][safepoint    ] Entering safepoint region: Cleanup
[2019-12-08T10:10:49.091+0000][1][safepoint    ] Leaving safepoint region
[2019-12-08T10:10:49.091+0000][1][safepoint    ] Total time for which application threads were stopped: 0.0000823 seconds, Stopping threads took: 0.0000265 seconds
[2019-12-08T10:11:27.094+0000][1][safepoint    ] Application time: 38.0026480 seconds
[2019-12-08T10:11:27.094+0000][1][safepoint    ] Entering safepoint region: Cleanup
[2019-12-08T10:11:27.094+0000][1][safepoint    ] Leaving safepoint region
[2019-12-08T10:11:27.094+0000][1][safepoint    ] Total time for which application threads were stopped: 0.0000763 seconds, Stopping threads took: 0.0000185 seconds
[2019-12-08T10:11:44.095+0000][1][safepoint    ] Application time: 17.0011563 seconds
[2019-12-08T10:11:44.095+0000][1][safepoint    ] Entering safepoint region: Cleanup
[2019-12-08T10:11:44.095+0000][1][safepoint    ] Leaving safepoint region
[2019-12-08T10:11:44.095+0000][1][safepoint    ] Total time for which application threads were stopped: 0.0000807 seconds, Stopping threads took: 0.0000260 seconds
[2019-12-08T10:12:22.098+0000][1][safepoint    ] Application time: 38.0026531 seconds
[2019-12-08T10:12:22.098+0000][1][safepoint    ] Entering safepoint region: Cleanup
[2019-12-08T10:12:22.098+0000][1][safepoint    ] Leaving safepoint region
[2019-12-08T10:12:22.098+0000][1][safepoint    ] Total time for which application threads were stopped: 0.0000720 seconds, Stopping threads took: 0.0000177 seconds
[2019-12-08T10:12:39.099+0000][1][safepoint    ] Application time: 17.0011849 seconds
[2019-12-08T10:12:39.099+0000][1][safepoint    ] Entering safepoint region: Cleanup
[2019-12-08T10:12:39.099+0000][1][safepoint    ] Leaving safepoint region
[2019-12-08T10:12:39.099+0000][1][safepoint    ] Total time for which application threads were stopped: 0.0000830 seconds, Stopping threads took: 0.0000272 seconds
[2019-12-08T10:12:43.140+0000][1][safepoint    ] Application time: 4.0406272 seconds
[2019-12-08T10:12:43.140+0000][1][safepoint    ] Entering safepoint region: GenCollectForAllocation
[2019-12-08T10:12:43.140+0000][1][gc,start     ] GC(27) Pause Young (Allocation Failure)
[2019-12-08T10:12:43.140+0000][1][gc,task      ] GC(27) Using 4 workers of 4 for evacuation
[2019-12-08T10:12:43.146+0000][1][gc,age       ] GC(27) Desired survivor size 4456448 bytes, new threshold 6 (max threshold 6)
[2019-12-08T10:12:43.146+0000][1][gc,age       ] GC(27) Age table with threshold 6 (max threshold 6)
[2019-12-08T10:12:43.146+0000][1][gc,age       ] GC(27) - age   1:       6704 bytes,       6704 total
[2019-12-08T10:12:43.146+0000][1][gc,age       ] GC(27) - age   2:       3664 bytes,      10368 total
[2019-12-08T10:12:43.146+0000][1][gc,age       ] GC(27) - age   3:       5768 bytes,      16136 total
[2019-12-08T10:12:43.146+0000][1][gc,age       ] GC(27) - age   4:       8016 bytes,      24152 total
[2019-12-08T10:12:43.146+0000][1][gc,age       ] GC(27) - age   5:      38528 bytes,      62680 total
[2019-12-08T10:12:43.146+0000][1][gc,age       ] GC(27) - age   6:     608752 bytes,     671432 total
[2019-12-08T10:12:43.146+0000][1][gc,heap      ] GC(27) ParNew: 75048K->3140K(78656K)
[2019-12-08T10:12:43.146+0000][1][gc,heap      ] GC(27) CMS: 67339K->69977K(174784K)
[2019-12-08T10:12:43.146+0000][1][gc,metaspace ] GC(27) Metaspace: 69129K->69129K(1112064K)
[2019-12-08T10:12:43.146+0000][1][gc           ] GC(27) Pause Young (Allocation Failure) 139M->71M(247M) 5.703ms
[2019-12-08T10:12:43.146+0000][1][gc,cpu       ] GC(27) User=0.02s Sys=0.00s Real=0.01s
[2019-12-08T10:12:43.146+0000][1][safepoint    ] Leaving safepoint region
[2019-12-08T10:12:43.146+0000][1][safepoint    ] Total time for which application threads were stopped: 0.0058727 seconds, Stopping threads took: 0.0000280 seconds
[2019-12-08T10:12:45.146+0000][1][safepoint    ] Application time: 2.0001615 seconds
[2019-12-08T10:12:45.146+0000][1][safepoint    ] Entering safepoint region: Cleanup
[2019-12-08T10:12:45.146+0000][1][safepoint    ] Leaving safepoint region
[2019-12-08T10:12:45.146+0000][1][safepoint    ] Total time for which application threads were stopped: 0.0000756 seconds, Stopping threads took: 0.0000186 seconds
[2019-12-08T10:12:53.147+0000][1][safepoint    ] Application time: 8.0005571 seconds
[2019-12-08T10:12:53.147+0000][1][safepoint    ] Entering safepoint region: Cleanup
[2019-12-08T10:12:53.147+0000][1][safepoint    ] Leaving safepoint region
[2019-12-08T10:12:53.147+0000][1][safepoint    ] Total time for which application threads were stopped: 0.0000759 seconds, Stopping threads took: 0.0000186 seconds
[2019-12-08T10:13:01.147+0000][1][safepoint    ] Application time: 8.0005594 seconds
[2019-12-08T10:13:01.147+0000][1][safepoint    ] Entering safepoint region: Cleanup
[2019-12-08T10:13:01.147+0000][1][safepoint    ] Leaving safepoint region
[2019-12-08T10:13:01.147+0000][1][safepoint    ] Total time for which application threads were stopped: 0.0000799 seconds, Stopping threads took: 0.0000192 seconds
[2019-12-08T10:13:03.147+0000][1][safepoint    ] Application time: 2.0001470 seconds
[2019-12-08T10:13:03.148+0000][1][safepoint    ] Entering safepoint region: Cleanup
[2019-12-08T10:13:03.148+0000][1][safepoint    ] Leaving safepoint region
[2019-12-08T10:13:03.148+0000][1][safepoint    ] Total time for which application threads were stopped: 0.0000819 seconds, Stopping threads took: 0.0000262 seconds
[2019-12-08T10:13:04.148+0000][1][safepoint    ] Application time: 1.0000782 seconds
[2019-12-08T10:13:04.148+0000][1][safepoint    ] Entering safepoint region: Cleanup
[2019-12-08T10:13:04.148+0000][1][safepoint    ] Leaving safepoint region
[2019-12-08T10:13:04.148+0000][1][safepoint    ] Total time for which application threads were stopped: 0.0000778 seconds, Stopping threads took: 0.0000205 seconds
[2019-12-08T10:13:09.148+0000][1][safepoint    ] Application time: 5.0003108 seconds
[2019-12-08T10:13:09.148+0000][1][safepoint    ] Entering safepoint region: Cleanup
[2019-12-08T10:13:09.148+0000][1][safepoint    ] Leaving safepoint region
[2019-12-08T10:13:09.148+0000][1][safepoint    ] Total time for which application threads were stopped: 0.0000764 seconds, Stopping threads took: 0.0000191 seconds
[2019-12-08T10:13:49.151+0000][1][safepoint    ] Application time: 40.0028055 seconds
[2019-12-08T10:13:49.151+0000][1][safepoint    ] Entering safepoint region: Cleanup
[2019-12-08T10:13:49.151+0000][1][safepoint    ] Leaving safepoint region
[2019-12-08T10:13:49.151+0000][1][safepoint    ] Total time for which application threads were stopped: 0.0000867 seconds, Stopping threads took: 0.0000275 seconds
[2019-12-08T10:14:37.155+0000][1][safepoint    ] Application time: 48.0033848 seconds
[2019-12-08T10:14:37.155+0000][1][safepoint    ] Entering safepoint region: Cleanup
[2019-12-08T10:14:37.155+0000][1][safepoint    ] Leaving safepoint region
[2019-12-08T10:14:37.155+0000][1][safepoint    ] Total time for which application threads were stopped: 0.0000832 seconds, Stopping threads took: 0.0000266 seconds
[2019-12-08T10:14:51.156+0000][1][safepoint    ] Application time: 14.0009883 seconds
[2019-12-08T10:14:51.156+0000][1][safepoint    ] Entering safepoint region: Cleanup
[2019-12-08T10:14:51.156+0000][1][safepoint    ] Leaving safepoint region
[2019-12-08T10:14:51.156+0000][1][safepoint    ] Total time for which application threads were stopped: 0.0000863 seconds, Stopping threads took: 0.0000284 seconds
[2019-12-08T10:15:00.156+0000][1][safepoint    ] Application time: 9.0006417 seconds
[2019-12-08T10:15:00.156+0000][1][safepoint    ] Entering safepoint region: Cleanup
[2019-12-08T10:15:00.157+0000][1][safepoint    ] Leaving safepoint region
[2019-12-08T10:15:00.157+0000][1][safepoint    ] Total time for which application threads were stopped: 0.0000799 seconds, Stopping threads took: 0.0000189 seconds
[2019-12-08T10:15:02.157+0000][1][safepoint    ] Application time: 2.0001487 seconds
[2019-12-08T10:15:02.157+0000][1][safepoint    ] Entering safepoint region: Cleanup
[2019-12-08T10:15:02.157+0000][1][safepoint    ] Leaving safepoint region
[2019-12-08T10:15:02.157+0000][1][safepoint    ] Total time for which application threads were stopped: 0.0000847 seconds, Stopping threads took: 0.0000240 seconds
[2019-12-08T10:15:08.157+0000][1][safepoint    ] Application time: 6.0004296 seconds
[2019-12-08T10:15:08.157+0000][1][safepoint    ] Entering safepoint region: Cleanup
[2019-12-08T10:15:08.157+0000][1][safepoint    ] Leaving safepoint region
[2019-12-08T10:15:08.157+0000][1][safepoint    ] Total time for which application threads were stopped: 0.0000830 seconds, Stopping threads took: 0.0000265 seconds
[2019-12-08T10:15:37.159+0000][1][safepoint    ] Application time: 29.0020665 seconds
[2019-12-08T10:15:37.160+0000][1][safepoint    ] Entering safepoint region: Cleanup
[2019-12-08T10:15:37.160+0000][1][safepoint    ] Leaving safepoint region
[2019-12-08T10:15:37.160+0000][1][safepoint    ] Total time for which application threads were stopped: 0.0000841 seconds, Stopping threads took: 0.0000263 seconds
[2019-12-08T10:15:44.160+0000][1][safepoint    ] Application time: 7.0004984 seconds
[2019-12-08T10:15:44.160+0000][1][safepoint    ] Entering safepoint region: Cleanup
[2019-12-08T10:15:44.160+0000][1][safepoint    ] Leaving safepoint region
[2019-12-08T10:15:44.160+0000][1][safepoint    ] Total time for which application threads were stopped: 0.0000906 seconds, Stopping threads took: 0.0000272 seconds
[2019-12-08T10:15:56.161+0000][1][safepoint    ] Application time: 12.0008635 seconds
[2019-12-08T10:15:56.161+0000][1][safepoint    ] Entering safepoint region: Cleanup
[2019-12-08T10:15:56.161+0000][1][safepoint    ] Leaving safepoint region
[2019-12-08T10:15:56.161+0000][1][safepoint    ] Total time for which application threads were stopped: 0.0000928 seconds, Stopping threads took: 0.0000203 seconds
[2019-12-08T10:16:07.824+0000][1][safepoint    ] Application time: 11.6624829 seconds
[2019-12-08T10:16:07.824+0000][1][safepoint    ] Entering safepoint region: GenCollectForAllocation
[2019-12-08T10:16:07.824+0000][1][gc,start     ] GC(28) Pause Young (Allocation Failure)
[2019-12-08T10:16:07.824+0000][1][gc,task      ] GC(28) Using 4 workers of 4 for evacuation
[2019-12-08T10:16:07.826+0000][1][gc,age       ] GC(28) Desired survivor size 4456448 bytes, new threshold 6 (max threshold 6)
[2019-12-08T10:16:07.826+0000][1][gc,age       ] GC(28) Age table with threshold 6 (max threshold 6)
[2019-12-08T10:16:07.826+0000][1][gc,age       ] GC(28) - age   1:       6128 bytes,       6128 total
[2019-12-08T10:16:07.826+0000][1][gc,age       ] GC(28) - age   2:       1784 bytes,       7912 total
[2019-12-08T10:16:07.826+0000][1][gc,age       ] GC(28) - age   3:       3632 bytes,      11544 total
[2019-12-08T10:16:07.826+0000][1][gc,age       ] GC(28) - age   4:       5768 bytes,      17312 total
[2019-12-08T10:16:07.826+0000][1][gc,age       ] GC(28) - age   5:       8016 bytes,      25328 total
[2019-12-08T10:16:07.826+0000][1][gc,age       ] GC(28) - age   6:      38528 bytes,      63856 total
[2019-12-08T10:16:07.826+0000][1][gc,heap      ] GC(28) ParNew: 73081K->949K(78656K)
[2019-12-08T10:16:07.826+0000][1][gc,heap      ] GC(28) CMS: 69977K->70582K(174784K)
[2019-12-08T10:16:07.826+0000][1][gc,metaspace ] GC(28) Metaspace: 69131K->69131K(1112064K)
[2019-12-08T10:16:07.826+0000][1][gc           ] GC(28) Pause Young (Allocation Failure) 139M->69M(247M) 2.365ms
[2019-12-08T10:16:07.826+0000][1][gc,cpu       ] GC(28) User=0.01s Sys=0.01s Real=0.00s
[2019-12-08T10:16:07.826+0000][1][safepoint    ] Leaving safepoint region
[2019-12-08T10:16:07.826+0000][1][safepoint    ] Total time for which application threads were stopped: 0.0025152 seconds, Stopping threads took: 0.0000248 seconds
[2019-12-08T10:16:23.827+0000][1][safepoint    ] Application time: 16.0011398 seconds
[2019-12-08T10:16:23.827+0000][1][safepoint    ] Entering safepoint region: Cleanup
[2019-12-08T10:16:23.828+0000][1][safepoint    ] Leaving safepoint region
[2019-12-08T10:16:23.828+0000][1][safepoint    ] Total time for which application threads were stopped: 0.0000800 seconds, Stopping threads took: 0.0000191 seconds
[2019-12-08T10:16:33.828+0000][1][safepoint    ] Application time: 10.0007540 seconds
[2019-12-08T10:16:33.828+0000][1][safepoint    ] Entering safepoint region: Cleanup
[2019-12-08T10:16:33.828+0000][1][safepoint    ] Leaving safepoint region
[2019-12-08T10:16:33.828+0000][1][safepoint    ] Total time for which application threads were stopped: 0.0000865 seconds, Stopping threads took: 0.0000273 seconds
[2019-12-08T10:16:40.829+0000][1][safepoint    ] Application time: 7.0004958 seconds
[2019-12-08T10:16:40.829+0000][1][safepoint    ] Entering safepoint region: Cleanup
[2019-12-08T10:16:40.829+0000][1][safepoint    ] Leaving safepoint region
[2019-12-08T10:16:40.829+0000][1][safepoint    ] Total time for which application threads were stopped: 0.0000709 seconds, Stopping threads took: 0.0000173 seconds
[2019-12-08T10:16:49.830+0000][1][safepoint    ] Application time: 9.0006270 seconds
[2019-12-08T10:16:49.830+0000][1][safepoint    ] Entering safepoint region: Cleanup
[2019-12-08T10:16:49.830+0000][1][safepoint    ] Leaving safepoint region
[2019-12-08T10:16:49.830+0000][1][safepoint    ] Total time for which application threads were stopped: 0.0000883 seconds, Stopping threads took: 0.0000290 seconds
[2019-12-08T10:16:58.830+0000][1][safepoint    ] Application time: 9.0006825 seconds
[2019-12-08T10:16:58.831+0000][1][safepoint    ] Entering safepoint region: Cleanup
[2019-12-08T10:16:58.831+0000][1][safepoint    ] Leaving safepoint region
[2019-12-08T10:16:58.831+0000][1][safepoint    ] Total time for which application threads were stopped: 0.0000783 seconds, Stopping threads took: 0.0000187 seconds
[2019-12-08T10:17:15.832+0000][1][safepoint    ] Application time: 17.0012299 seconds
[2019-12-08T10:17:15.832+0000][1][safepoint    ] Entering safepoint region: Cleanup
[2019-12-08T10:17:15.832+0000][1][safepoint    ] Leaving safepoint region
[2019-12-08T10:17:15.832+0000][1][safepoint    ] Total time for which application threads were stopped: 0.0000718 seconds, Stopping threads took: 0.0000178 seconds
[2019-12-08T10:17:16.832+0000][1][safepoint    ] Application time: 1.0000765 seconds
[2019-12-08T10:17:16.832+0000][1][safepoint    ] Entering safepoint region: Cleanup
[2019-12-08T10:17:16.832+0000][1][safepoint    ] Leaving safepoint region
[2019-12-08T10:17:16.832+0000][1][safepoint    ] Total time for which application threads were stopped: 0.0000738 seconds, Stopping threads took: 0.0000183 seconds
[2019-12-08T10:17:19.832+0000][1][safepoint    ] Application time: 3.0002142 seconds
[2019-12-08T10:17:19.832+0000][1][safepoint    ] Entering safepoint region: Cleanup
[2019-12-08T10:17:19.832+0000][1][safepoint    ] Leaving safepoint region
[2019-12-08T10:17:19.832+0000][1][safepoint    ] Total time for which application threads were stopped: 0.0000735 seconds, Stopping threads took: 0.0000189 seconds
[2019-12-08T10:17:20.833+0000][1][safepoint    ] Application time: 1.0000777 seconds
[2019-12-08T10:17:20.833+0000][1][safepoint    ] Entering safepoint region: Cleanup
[2019-12-08T10:17:20.833+0000][1][safepoint    ] Leaving safepoint region
[2019-12-08T10:17:20.833+0000][1][safepoint    ] Total time for which application threads were stopped: 0.0000742 seconds, Stopping threads took: 0.0000177 seconds
[2019-12-08T10:17:46.834+0000][1][safepoint    ] Application time: 26.0018525 seconds
[2019-12-08T10:17:46.835+0000][1][safepoint    ] Entering safepoint region: Cleanup
[2019-12-08T10:17:46.835+0000][1][safepoint    ] Leaving safepoint region
[2019-12-08T10:17:46.835+0000][1][safepoint    ] Total time for which application threads were stopped: 0.0000866 seconds, Stopping threads took: 0.0000287 seconds
[2019-12-08T10:18:00.836+0000][1][safepoint    ] Application time: 14.0009672 seconds
[2019-12-08T10:18:00.836+0000][1][safepoint    ] Entering safepoint region: Cleanup
[2019-12-08T10:18:00.836+0000][1][safepoint    ] Leaving safepoint region
[2019-12-08T10:18:00.836+0000][1][safepoint    ] Total time for which application threads were stopped: 0.0000876 seconds, Stopping threads took: 0.0000180 seconds
[2019-12-08T10:18:02.836+0000][1][safepoint    ] Application time: 2.0001518 seconds
[2019-12-08T10:18:02.836+0000][1][safepoint    ] Entering safepoint region: Cleanup
[2019-12-08T10:18:02.836+0000][1][safepoint    ] Leaving safepoint region
[2019-12-08T10:18:02.836+0000][1][safepoint    ] Total time for which application threads were stopped: 0.0000757 seconds, Stopping threads took: 0.0000204 seconds
[2019-12-08T10:18:43.839+0000][1][safepoint    ] Application time: 41.0029361 seconds
[2019-12-08T10:18:43.839+0000][1][safepoint    ] Entering safepoint region: Cleanup
[2019-12-08T10:18:43.839+0000][1][safepoint    ] Leaving safepoint region
[2019-12-08T10:18:43.839+0000][1][safepoint    ] Total time for which application threads were stopped: 0.0001189 seconds, Stopping threads took: 0.0000344 seconds
[2019-12-08T10:19:28.930+0000][1][safepoint    ] Application time: 45.0911522 seconds
[2019-12-08T10:19:28.930+0000][1][safepoint    ] Entering safepoint region: GenCollectForAllocation
[2019-12-08T10:19:28.930+0000][1][gc,start     ] GC(29) Pause Young (Allocation Failure)
[2019-12-08T10:19:28.931+0000][1][gc,task      ] GC(29) Using 4 workers of 4 for evacuation
[2019-12-08T10:19:28.932+0000][1][gc,age       ] GC(29) Desired survivor size 4456448 bytes, new threshold 6 (max threshold 6)
[2019-12-08T10:19:28.932+0000][1][gc,age       ] GC(29) Age table with threshold 6 (max threshold 6)
[2019-12-08T10:19:28.932+0000][1][gc,age       ] GC(29) - age   1:       6824 bytes,       6824 total
[2019-12-08T10:19:28.932+0000][1][gc,age       ] GC(29) - age   2:       1032 bytes,       7856 total
[2019-12-08T10:19:28.932+0000][1][gc,age       ] GC(29) - age   3:       1784 bytes,       9640 total
[2019-12-08T10:19:28.932+0000][1][gc,age       ] GC(29) - age   4:       3632 bytes,      13272 total
[2019-12-08T10:19:28.932+0000][1][gc,age       ] GC(29) - age   5:       5768 bytes,      19040 total
[2019-12-08T10:19:28.932+0000][1][gc,age       ] GC(29) - age   6:       8016 bytes,      27056 total
[2019-12-08T10:19:28.932+0000][1][gc,heap      ] GC(29) ParNew: 70901K->248K(78656K)
[2019-12-08T10:19:28.932+0000][1][gc,heap      ] GC(29) CMS: 70582K->70620K(174784K)
[2019-12-08T10:19:28.932+0000][1][gc,metaspace ] GC(29) Metaspace: 69145K->69145K(1112064K)
[2019-12-08T10:19:28.932+0000][1][gc           ] GC(29) Pause Young (Allocation Failure) 138M->69M(247M) 1.353ms
[2019-12-08T10:19:28.932+0000][1][gc,cpu       ] GC(29) User=0.01s Sys=0.00s Real=0.01s
[2019-12-08T10:19:28.932+0000][1][safepoint    ] Leaving safepoint region
[2019-12-08T10:19:28.932+0000][1][safepoint    ] Total time for which application threads were stopped: 0.0015881 seconds, Stopping threads took: 0.0000647 seconds
[2019-12-08T10:20:58.938+0000][1][safepoint    ] Application time: 90.0064009 seconds
[2019-12-08T10:20:58.938+0000][1][safepoint    ] Entering safepoint region: Cleanup
[2019-12-08T10:20:58.938+0000][1][safepoint    ] Leaving safepoint region
[2019-12-08T10:20:58.938+0000][1][safepoint    ] Total time for which application threads were stopped: 0.0000813 seconds, Stopping threads took: 0.0000270 seconds
[2019-12-08T10:21:05.939+0000][1][safepoint    ] Application time: 7.0005222 seconds
[2019-12-08T10:21:05.939+0000][1][safepoint    ] Entering safepoint region: Cleanup
[2019-12-08T10:21:05.939+0000][1][safepoint    ] Leaving safepoint region
[2019-12-08T10:21:05.939+0000][1][safepoint    ] Total time for which application threads were stopped: 0.0000740 seconds, Stopping threads took: 0.0000189 seconds
[2019-12-08T10:21:22.940+0000][1][safepoint    ] Application time: 17.0011760 seconds
[2019-12-08T10:21:22.940+0000][1][safepoint    ] Entering safepoint region: Cleanup
[2019-12-08T10:21:22.940+0000][1][safepoint    ] Leaving safepoint region
[2019-12-08T10:21:22.940+0000][1][safepoint    ] Total time for which application threads were stopped: 0.0000828 seconds, Stopping threads took: 0.0000264 seconds
[2019-12-08T10:21:26.941+0000][1][safepoint    ] Application time: 4.0002964 seconds
[2019-12-08T10:21:26.941+0000][1][safepoint    ] Entering safepoint region: Cleanup
[2019-12-08T10:21:26.941+0000][1][safepoint    ] Leaving safepoint region
[2019-12-08T10:21:26.941+0000][1][safepoint    ] Total time for which application threads were stopped: 0.0000863 seconds, Stopping threads took: 0.0000283 seconds
[2019-12-08T10:21:33.941+0000][1][safepoint    ] Application time: 7.0004955 seconds
[2019-12-08T10:21:33.941+0000][1][safepoint    ] Entering safepoint region: Cleanup
[2019-12-08T10:21:33.941+0000][1][safepoint    ] Leaving safepoint region
[2019-12-08T10:21:33.941+0000][1][safepoint    ] Total time for which application threads were stopped: 0.0000824 seconds, Stopping threads took: 0.0000278 seconds
[2019-12-08T10:21:40.942+0000][1][safepoint    ] Application time: 7.0005201 seconds
[2019-12-08T10:21:40.942+0000][1][safepoint    ] Entering safepoint region: Cleanup
[2019-12-08T10:21:40.942+0000][1][safepoint    ] Leaving safepoint region
[2019-12-08T10:21:40.942+0000][1][safepoint    ] Total time for which application threads were stopped: 0.0000724 seconds, Stopping threads took: 0.0000183 seconds
[2019-12-08T10:21:49.943+0000][1][safepoint    ] Application time: 9.0006872 seconds
[2019-12-08T10:21:49.943+0000][1][safepoint    ] Entering safepoint region: Cleanup
[2019-12-08T10:21:49.943+0000][1][safepoint    ] Leaving safepoint region
[2019-12-08T10:21:49.943+0000][1][safepoint    ] Total time for which application threads were stopped: 0.0000911 seconds, Stopping threads took: 0.0000350 seconds
[2019-12-08T10:22:53.333+0000][1][safepoint    ] Application time: 63.3898054 seconds
[2019-12-08T10:22:53.333+0000][1][safepoint    ] Entering safepoint region: GenCollectForAllocation
[2019-12-08T10:22:53.333+0000][1][gc,start     ] GC(30) Pause Young (Allocation Failure)
[2019-12-08T10:22:53.333+0000][1][gc,task      ] GC(30) Using 4 workers of 4 for evacuation
[2019-12-08T10:22:53.334+0000][1][gc,age       ] GC(30) Desired survivor size 4456448 bytes, new threshold 6 (max threshold 6)
[2019-12-08T10:22:53.334+0000][1][gc,age       ] GC(30) Age table with threshold 6 (max threshold 6)
[2019-12-08T10:22:53.334+0000][1][gc,age       ] GC(30) - age   1:       5600 bytes,       5600 total
[2019-12-08T10:22:53.334+0000][1][gc,age       ] GC(30) - age   2:       1640 bytes,       7240 total
[2019-12-08T10:22:53.334+0000][1][gc,age       ] GC(30) - age   3:        968 bytes,       8208 total
[2019-12-08T10:22:53.334+0000][1][gc,age       ] GC(30) - age   4:       1784 bytes,       9992 total
[2019-12-08T10:22:53.334+0000][1][gc,age       ] GC(30) - age   5:       3632 bytes,      13624 total
[2019-12-08T10:22:53.334+0000][1][gc,age       ] GC(30) - age   6:       5768 bytes,      19392 total
[2019-12-08T10:22:53.334+0000][1][gc,heap      ] GC(30) ParNew: 70200K->50K(78656K)
[2019-12-08T10:22:53.334+0000][1][gc,heap      ] GC(30) CMS: 70620K->70628K(174784K)
[2019-12-08T10:22:53.334+0000][1][gc,metaspace ] GC(30) Metaspace: 69149K->69149K(1112064K)
[2019-12-08T10:22:53.334+0000][1][gc           ] GC(30) Pause Young (Allocation Failure) 137M->69M(247M) 1.381ms
[2019-12-08T10:22:53.334+0000][1][gc,cpu       ] GC(30) User=0.00s Sys=0.00s Real=0.00s
[2019-12-08T10:22:53.334+0000][1][safepoint    ] Leaving safepoint region
[2019-12-08T10:22:53.334+0000][1][safepoint    ] Total time for which application threads were stopped: 0.0015373 seconds, Stopping threads took: 0.0000256 seconds
[2019-12-08T10:23:39.339+0000][1][safepoint    ] Application time: 46.0045397 seconds
[2019-12-08T10:23:39.339+0000][1][safepoint    ] Entering safepoint region: Cleanup
[2019-12-08T10:23:39.339+0000][1][safepoint    ] Leaving safepoint region
[2019-12-08T10:23:39.339+0000][1][safepoint    ] Total time for which application threads were stopped: 0.0000881 seconds, Stopping threads took: 0.0000262 seconds
[2019-12-08T10:23:49.340+0000][1][safepoint    ] Application time: 10.0006879 seconds
[2019-12-08T10:23:49.340+0000][1][safepoint    ] Entering safepoint region: Cleanup
[2019-12-08T10:23:49.340+0000][1][safepoint    ] Leaving safepoint region
[2019-12-08T10:23:49.340+0000][1][safepoint    ] Total time for which application threads were stopped: 0.0000946 seconds, Stopping threads took: 0.0000265 seconds
[2019-12-08T10:23:50.340+0000][1][safepoint    ] Application time: 1.0000787 seconds
[2019-12-08T10:23:50.340+0000][1][safepoint    ] Entering safepoint region: Cleanup
[2019-12-08T10:23:50.340+0000][1][safepoint    ] Leaving safepoint region
[2019-12-08T10:23:50.340+0000][1][safepoint    ] Total time for which application threads were stopped: 0.0000752 seconds, Stopping threads took: 0.0000187 seconds
[2019-12-08T10:24:01.341+0000][1][safepoint    ] Application time: 11.0008565 seconds
[2019-12-08T10:24:01.341+0000][1][safepoint    ] Entering safepoint region: Cleanup
[2019-12-08T10:24:01.341+0000][1][safepoint    ] Leaving safepoint region
[2019-12-08T10:24:01.341+0000][1][safepoint    ] Total time for which application threads were stopped: 0.0001137 seconds, Stopping threads took: 0.0000282 seconds
[2019-12-08T10:25:19.348+0000][1][safepoint    ] Application time: 78.0066789 seconds
[2019-12-08T10:25:19.348+0000][1][safepoint    ] Entering safepoint region: Cleanup
[2019-12-08T10:25:19.348+0000][1][safepoint    ] Leaving safepoint region
[2019-12-08T10:25:19.348+0000][1][safepoint    ] Total time for which application threads were stopped: 0.0000933 seconds, Stopping threads took: 0.0000369 seconds
[2019-12-08T10:26:11.351+0000][1][safepoint    ] Application time: 52.0035663 seconds
[2019-12-08T10:26:11.351+0000][1][safepoint    ] Entering safepoint region: Cleanup
[2019-12-08T10:26:11.351+0000][1][safepoint    ] Leaving safepoint region
[2019-12-08T10:26:11.351+0000][1][safepoint    ] Total time for which application threads were stopped: 0.0000795 seconds, Stopping threads took: 0.0000259 seconds
[2019-12-08T10:26:18.406+0000][1][safepoint    ] Application time: 7.0543217 seconds
[2019-12-08T10:26:18.406+0000][1][safepoint    ] Entering safepoint region: GenCollectForAllocation
[2019-12-08T10:26:18.406+0000][1][gc,start     ] GC(31) Pause Young (Allocation Failure)
[2019-12-08T10:26:18.406+0000][1][gc,task      ] GC(31) Using 4 workers of 4 for evacuation
[2019-12-08T10:26:18.407+0000][1][gc,age       ] GC(31) Desired survivor size 4456448 bytes, new threshold 6 (max threshold 6)
[2019-12-08T10:26:18.407+0000][1][gc,age       ] GC(31) Age table with threshold 6 (max threshold 6)
[2019-12-08T10:26:18.407+0000][1][gc,age       ] GC(31) - age   1:       7608 bytes,       7608 total
[2019-12-08T10:26:18.407+0000][1][gc,age       ] GC(31) - age   2:       1592 bytes,       9200 total
[2019-12-08T10:26:18.407+0000][1][gc,age       ] GC(31) - age   3:       1640 bytes,      10840 total
[2019-12-08T10:26:18.407+0000][1][gc,age       ] GC(31) - age   4:        968 bytes,      11808 total
[2019-12-08T10:26:18.407+0000][1][gc,age       ] GC(31) - age   5:       1784 bytes,      13592 total
[2019-12-08T10:26:18.407+0000][1][gc,age       ] GC(31) - age   6:       3632 bytes,      17224 total
[2019-12-08T10:26:18.407+0000][1][gc,heap      ] GC(31) ParNew: 70002K->26K(78656K)
[2019-12-08T10:26:18.407+0000][1][gc,heap      ] GC(31) CMS: 70628K->70634K(174784K)
[2019-12-08T10:26:18.407+0000][1][gc,metaspace ] GC(31) Metaspace: 69165K->69165K(1112064K)
[2019-12-08T10:26:18.407+0000][1][gc           ] GC(31) Pause Young (Allocation Failure) 137M->69M(247M) 1.043ms
[2019-12-08T10:26:18.407+0000][1][gc,cpu       ] GC(31) User=0.00s Sys=0.00s Real=0.00s
[2019-12-08T10:26:18.407+0000][1][safepoint    ] Leaving safepoint region
[2019-12-08T10:26:18.407+0000][1][safepoint    ] Total time for which application threads were stopped: 0.0011806 seconds, Stopping threads took: 0.0000158 seconds
[2019-12-08T10:26:42.409+0000][1][safepoint    ] Application time: 24.0016893 seconds
[2019-12-08T10:26:42.409+0000][1][safepoint    ] Entering safepoint region: Cleanup
[2019-12-08T10:26:42.409+0000][1][safepoint    ] Leaving safepoint region
[2019-12-08T10:26:42.409+0000][1][safepoint    ] Total time for which application threads were stopped: 0.0000775 seconds, Stopping threads took: 0.0000247 seconds
[2019-12-08T10:26:48.409+0000][1][safepoint    ] Application time: 6.0004426 seconds
[2019-12-08T10:26:48.409+0000][1][safepoint    ] Entering safepoint region: Cleanup
[2019-12-08T10:26:48.409+0000][1][safepoint    ] Leaving safepoint region
[2019-12-08T10:26:48.409+0000][1][safepoint    ] Total time for which application threads were stopped: 0.0000826 seconds, Stopping threads took: 0.0000253 seconds
[2019-12-08T10:26:49.409+0000][1][safepoint    ] Application time: 1.0000778 seconds
[2019-12-08T10:26:49.409+0000][1][safepoint    ] Entering safepoint region: Cleanup
[2019-12-08T10:26:49.410+0000][1][safepoint    ] Leaving safepoint region
[2019-12-08T10:26:49.410+0000][1][safepoint    ] Total time for which application threads were stopped: 0.0000721 seconds, Stopping threads took: 0.0000178 seconds
[2019-12-08T10:28:38.417+0000][1][safepoint    ] Application time: 109.0075152 seconds
[2019-12-08T10:28:38.417+0000][1][safepoint    ] Entering safepoint region: Cleanup
[2019-12-08T10:28:38.417+0000][1][safepoint    ] Leaving safepoint region
[2019-12-08T10:28:38.417+0000][1][safepoint    ] Total time for which application threads were stopped: 0.0000900 seconds, Stopping threads took: 0.0000255 seconds
[2019-12-08T10:28:39.417+0000][1][safepoint    ] Application time: 1.0000822 seconds
[2019-12-08T10:28:39.417+0000][1][safepoint    ] Entering safepoint region: Cleanup
[2019-12-08T10:28:39.417+0000][1][safepoint    ] Leaving safepoint region
[2019-12-08T10:28:39.417+0000][1][safepoint    ] Total time for which application threads were stopped: 0.0000795 seconds, Stopping threads took: 0.0000174 seconds
[2019-12-08T10:28:40.417+0000][1][safepoint    ] Application time: 1.0000794 seconds
[2019-12-08T10:28:40.418+0000][1][safepoint    ] Entering safepoint region: Cleanup
[2019-12-08T10:28:40.418+0000][1][safepoint    ] Leaving safepoint region
[2019-12-08T10:28:40.418+0000][1][safepoint    ] Total time for which application threads were stopped: 0.0000797 seconds, Stopping threads took: 0.0000191 seconds
[2019-12-08T10:28:41.418+0000][1][safepoint    ] Application time: 1.0000798 seconds
[2019-12-08T10:28:41.418+0000][1][safepoint    ] Entering safepoint region: Cleanup
[2019-12-08T10:28:41.418+0000][1][safepoint    ] Leaving safepoint region
[2019-12-08T10:28:41.418+0000][1][safepoint    ] Total time for which application threads were stopped: 0.0000750 seconds, Stopping threads took: 0.0000179 seconds
[2019-12-08T10:28:44.418+0000][1][safepoint    ] Application time: 3.0002196 seconds
[2019-12-08T10:28:44.418+0000][1][safepoint    ] Entering safepoint region: Cleanup
[2019-12-08T10:28:44.418+0000][1][safepoint    ] Leaving safepoint region
[2019-12-08T10:28:44.418+0000][1][safepoint    ] Total time for which application threads were stopped: 0.0000754 seconds, Stopping threads took: 0.0000180 seconds
[2019-12-08T10:28:45.418+0000][1][safepoint    ] Application time: 1.0000795 seconds
[2019-12-08T10:28:45.418+0000][1][safepoint    ] Entering safepoint region: Cleanup
[2019-12-08T10:28:45.418+0000][1][safepoint    ] Leaving safepoint region
[2019-12-08T10:28:45.418+0000][1][safepoint    ] Total time for which application threads were stopped: 0.0000838 seconds, Stopping threads took: 0.0000179 seconds
[2019-12-08T10:28:49.419+0000][1][safepoint    ] Application time: 4.0002871 seconds
[2019-12-08T10:28:49.419+0000][1][safepoint    ] Entering safepoint region: Cleanup
[2019-12-08T10:28:49.419+0000][1][safepoint    ] Leaving safepoint region
[2019-12-08T10:28:49.419+0000][1][safepoint    ] Total time for which application threads were stopped: 0.0000954 seconds, Stopping threads took: 0.0000237 seconds
[2019-12-08T10:28:54.419+0000][1][safepoint    ] Application time: 5.0003514 seconds
[2019-12-08T10:28:54.419+0000][1][safepoint    ] Entering safepoint region: Cleanup
[2019-12-08T10:28:54.419+0000][1][safepoint    ] Leaving safepoint region
[2019-12-08T10:28:54.419+0000][1][safepoint    ] Total time for which application threads were stopped: 0.0000759 seconds, Stopping threads took: 0.0000174 seconds
[2019-12-08T10:28:55.419+0000][1][safepoint    ] Application time: 1.0000762 seconds
[2019-12-08T10:28:55.419+0000][1][safepoint    ] Entering safepoint region: Cleanup
[2019-12-08T10:28:55.419+0000][1][safepoint    ] Leaving safepoint region
[2019-12-08T10:28:55.419+0000][1][safepoint    ] Total time for which application threads were stopped: 0.0000714 seconds, Stopping threads took: 0.0000165 seconds
[2019-12-08T10:28:56.419+0000][1][safepoint    ] Application time: 1.0000300 seconds
[2019-12-08T10:28:56.419+0000][1][safepoint    ] Entering safepoint region: Cleanup
[2019-12-08T10:28:56.419+0000][1][safepoint    ] Leaving safepoint region
[2019-12-08T10:28:56.420+0000][1][safepoint    ] Total time for which application threads were stopped: 0.0000722 seconds, Stopping threads took: 0.0000176 seconds
[2019-12-08T10:28:57.420+0000][1][safepoint    ] Application time: 1.0000763 seconds
[2019-12-08T10:28:57.420+0000][1][safepoint    ] Entering safepoint region: Cleanup
[2019-12-08T10:28:57.420+0000][1][safepoint    ] Leaving safepoint region
[2019-12-08T10:28:57.420+0000][1][safepoint    ] Total time for which application threads were stopped: 0.0000701 seconds, Stopping threads took: 0.0000177 seconds
[2019-12-08T10:28:58.420+0000][1][safepoint    ] Application time: 1.0000766 seconds
[2019-12-08T10:28:58.420+0000][1][safepoint    ] Entering safepoint region: Cleanup
[2019-12-08T10:28:58.420+0000][1][safepoint    ] Leaving safepoint region
[2019-12-08T10:28:58.420+0000][1][safepoint    ] Total time for which application threads were stopped: 0.0000759 seconds, Stopping threads took: 0.0000177 seconds
[2019-12-08T10:28:59.420+0000][1][safepoint    ] Application time: 1.0000767 seconds
[2019-12-08T10:28:59.420+0000][1][safepoint    ] Entering safepoint region: Cleanup
[2019-12-08T10:28:59.420+0000][1][safepoint    ] Leaving safepoint region
[2019-12-08T10:28:59.420+0000][1][safepoint    ] Total time for which application threads were stopped: 0.0000733 seconds, Stopping threads took: 0.0000182 seconds
[2019-12-08T10:29:00.420+0000][1][safepoint    ] Application time: 1.0000962 seconds
[2019-12-08T10:29:00.420+0000][1][safepoint    ] Entering safepoint region: Cleanup
[2019-12-08T10:29:00.420+0000][1][safepoint    ] Leaving safepoint region
[2019-12-08T10:29:00.420+0000][1][safepoint    ] Total time for which application threads were stopped: 0.0000723 seconds, Stopping threads took: 0.0000177 seconds
[2019-12-08T10:29:01.420+0000][1][safepoint    ] Application time: 1.0000914 seconds
[2019-12-08T10:29:01.420+0000][1][safepoint    ] Entering safepoint region: Cleanup
[2019-12-08T10:29:01.421+0000][1][safepoint    ] Leaving safepoint region
[2019-12-08T10:29:01.421+0000][1][safepoint    ] Total time for which application threads were stopped: 0.0001173 seconds, Stopping threads took: 0.0000287 seconds
[2019-12-08T10:29:02.421+0000][1][safepoint    ] Application time: 1.0000799 seconds
[2019-12-08T10:29:02.421+0000][1][safepoint    ] Entering safepoint region: Cleanup
[2019-12-08T10:29:02.421+0000][1][safepoint    ] Leaving safepoint region
[2019-12-08T10:29:02.421+0000][1][safepoint    ] Total time for which application threads were stopped: 0.0000816 seconds, Stopping threads took: 0.0000176 seconds
[2019-12-08T10:29:03.421+0000][1][safepoint    ] Application time: 1.0000772 seconds
[2019-12-08T10:29:03.421+0000][1][safepoint    ] Entering safepoint region: Cleanup
[2019-12-08T10:29:03.421+0000][1][safepoint    ] Leaving safepoint region
[2019-12-08T10:29:03.421+0000][1][safepoint    ] Total time for which application threads were stopped: 0.0000753 seconds, Stopping threads took: 0.0000181 seconds
[2019-12-08T10:29:04.421+0000][1][safepoint    ] Application time: 1.0000766 seconds
[2019-12-08T10:29:04.421+0000][1][safepoint    ] Entering safepoint region: Cleanup
[2019-12-08T10:29:04.421+0000][1][safepoint    ] Leaving safepoint region
[2019-12-08T10:29:04.421+0000][1][safepoint    ] Total time for which application threads were stopped: 0.0000766 seconds, Stopping threads took: 0.0000185 seconds
[2019-12-08T10:29:05.421+0000][1][safepoint    ] Application time: 1.0000777 seconds
[2019-12-08T10:29:05.421+0000][1][safepoint    ] Entering safepoint region: Cleanup
[2019-12-08T10:29:05.421+0000][1][safepoint    ] Leaving safepoint region
[2019-12-08T10:29:05.421+0000][1][safepoint    ] Total time for which application threads were stopped: 0.0000729 seconds, Stopping threads took: 0.0000174 seconds
[2019-12-08T10:29:06.421+0000][1][safepoint    ] Application time: 1.0000748 seconds
[2019-12-08T10:29:06.421+0000][1][safepoint    ] Entering safepoint region: Cleanup
[2019-12-08T10:29:06.422+0000][1][safepoint    ] Leaving safepoint region
[2019-12-08T10:29:06.422+0000][1][safepoint    ] Total time for which application threads were stopped: 0.0000740 seconds, Stopping threads took: 0.0000178 seconds
[2019-12-08T10:29:07.422+0000][1][safepoint    ] Application time: 1.0000757 seconds
[2019-12-08T10:29:07.422+0000][1][safepoint    ] Entering safepoint region: Cleanup
[2019-12-08T10:29:07.422+0000][1][safepoint    ] Leaving safepoint region
[2019-12-08T10:29:07.422+0000][1][safepoint    ] Total time for which application threads were stopped: 0.0000903 seconds, Stopping threads took: 0.0000193 seconds
[2019-12-08T10:29:08.422+0000][1][safepoint    ] Application time: 1.0000826 seconds
[2019-12-08T10:29:08.422+0000][1][safepoint    ] Entering safepoint region: Cleanup
[2019-12-08T10:29:08.422+0000][1][safepoint    ] Leaving safepoint region
[2019-12-08T10:29:08.422+0000][1][safepoint    ] Total time for which application threads were stopped: 0.0000723 seconds, Stopping threads took: 0.0000176 seconds
[2019-12-08T10:29:09.422+0000][1][safepoint    ] Application time: 1.0000791 seconds
[2019-12-08T10:29:09.422+0000][1][safepoint    ] Entering safepoint region: Cleanup
[2019-12-08T10:29:09.422+0000][1][safepoint    ] Leaving safepoint region
[2019-12-08T10:29:09.422+0000][1][safepoint    ] Total time for which application threads were stopped: 0.0000712 seconds, Stopping threads took: 0.0000181 seconds
[2019-12-08T10:29:10.422+0000][1][safepoint    ] Application time: 1.0000786 seconds
[2019-12-08T10:29:10.422+0000][1][safepoint    ] Entering safepoint region: Cleanup
[2019-12-08T10:29:10.422+0000][1][safepoint    ] Leaving safepoint region
[2019-12-08T10:29:10.422+0000][1][safepoint    ] Total time for which application threads were stopped: 0.0000727 seconds, Stopping threads took: 0.0000183 seconds
[2019-12-08T10:29:11.422+0000][1][safepoint    ] Application time: 1.0000787 seconds
[2019-12-08T10:29:11.422+0000][1][safepoint    ] Entering safepoint region: Cleanup
[2019-12-08T10:29:11.422+0000][1][safepoint    ] Leaving safepoint region
[2019-12-08T10:29:11.422+0000][1][safepoint    ] Total time for which application threads were stopped: 0.0000710 seconds, Stopping threads took: 0.0000179 seconds
[2019-12-08T10:29:12.423+0000][1][safepoint    ] Application time: 1.0000824 seconds
[2019-12-08T10:29:12.423+0000][1][safepoint    ] Entering safepoint region: Cleanup
[2019-12-08T10:29:12.423+0000][1][safepoint    ] Leaving safepoint region
[2019-12-08T10:29:12.423+0000][1][safepoint    ] Total time for which application threads were stopped: 0.0000709 seconds, Stopping threads took: 0.0000169 seconds
[2019-12-08T10:29:13.423+0000][1][safepoint    ] Application time: 1.0000861 seconds
[2019-12-08T10:29:13.423+0000][1][safepoint    ] Entering safepoint region: Cleanup
[2019-12-08T10:29:13.423+0000][1][safepoint    ] Leaving safepoint region
[2019-12-08T10:29:13.423+0000][1][safepoint    ] Total time for which application threads were stopped: 0.0000805 seconds, Stopping threads took: 0.0000193 seconds
[2019-12-08T10:29:14.423+0000][1][safepoint    ] Application time: 1.0000893 seconds
[2019-12-08T10:29:14.423+0000][1][safepoint    ] Entering safepoint region: Cleanup
[2019-12-08T10:29:14.423+0000][1][safepoint    ] Leaving safepoint region
[2019-12-08T10:29:14.423+0000][1][safepoint    ] Total time for which application threads were stopped: 0.0000750 seconds, Stopping threads took: 0.0000175 seconds
[2019-12-08T10:29:15.423+0000][1][safepoint    ] Application time: 1.0000789 seconds
[2019-12-08T10:29:15.423+0000][1][safepoint    ] Entering safepoint region: Cleanup
[2019-12-08T10:29:15.423+0000][1][safepoint    ] Leaving safepoint region
[2019-12-08T10:29:15.423+0000][1][safepoint    ] Total time for which application threads were stopped: 0.0000700 seconds, Stopping threads took: 0.0000171 seconds
[2019-12-08T10:29:16.423+0000][1][safepoint    ] Application time: 1.0000759 seconds
[2019-12-08T10:29:16.423+0000][1][safepoint    ] Entering safepoint region: Cleanup
[2019-12-08T10:29:16.423+0000][1][safepoint    ] Leaving safepoint region
[2019-12-08T10:29:16.423+0000][1][safepoint    ] Total time for which application threads were stopped: 0.0000703 seconds, Stopping threads took: 0.0000169 seconds
[2019-12-08T10:29:17.423+0000][1][safepoint    ] Application time: 1.0000767 seconds
[2019-12-08T10:29:17.424+0000][1][safepoint    ] Entering safepoint region: Cleanup
[2019-12-08T10:29:17.424+0000][1][safepoint    ] Leaving safepoint region
[2019-12-08T10:29:17.424+0000][1][safepoint    ] Total time for which application threads were stopped: 0.0000708 seconds, Stopping threads took: 0.0000163 seconds
[2019-12-08T10:29:18.424+0000][1][safepoint    ] Application time: 1.0000769 seconds
[2019-12-08T10:29:18.424+0000][1][safepoint    ] Entering safepoint region: Cleanup
[2019-12-08T10:29:18.424+0000][1][safepoint    ] Leaving safepoint region
[2019-12-08T10:29:18.424+0000][1][safepoint    ] Total time for which application threads were stopped: 0.0000746 seconds, Stopping threads took: 0.0000197 seconds
[2019-12-08T10:29:19.424+0000][1][safepoint    ] Application time: 1.0000816 seconds
[2019-12-08T10:29:19.424+0000][1][safepoint    ] Entering safepoint region: Cleanup
[2019-12-08T10:29:19.424+0000][1][safepoint    ] Leaving safepoint region
[2019-12-08T10:29:19.424+0000][1][safepoint    ] Total time for which application threads were stopped: 0.0000757 seconds, Stopping threads took: 0.0000202 seconds
[2019-12-08T10:29:20.424+0000][1][safepoint    ] Application time: 1.0000806 seconds
[2019-12-08T10:29:20.424+0000][1][safepoint    ] Entering safepoint region: Cleanup
[2019-12-08T10:29:20.424+0000][1][safepoint    ] Leaving safepoint region
[2019-12-08T10:29:20.424+0000][1][safepoint    ] Total time for which application threads were stopped: 0.0000753 seconds, Stopping threads took: 0.0000193 seconds
[2019-12-08T10:29:21.424+0000][1][safepoint    ] Application time: 1.0000825 seconds
[2019-12-08T10:29:21.424+0000][1][safepoint    ] Entering safepoint region: Cleanup
[2019-12-08T10:29:21.424+0000][1][safepoint    ] Leaving safepoint region
[2019-12-08T10:29:21.424+0000][1][safepoint    ] Total time for which application threads were stopped: 0.0000762 seconds, Stopping threads took: 0.0000184 seconds
[2019-12-08T10:29:22.424+0000][1][safepoint    ] Application time: 1.0000937 seconds
[2019-12-08T10:29:22.425+0000][1][safepoint    ] Entering safepoint region: Cleanup
[2019-12-08T10:29:22.425+0000][1][safepoint    ] Leaving safepoint region
[2019-12-08T10:29:22.425+0000][1][safepoint    ] Total time for which application threads were stopped: 0.0000771 seconds, Stopping threads took: 0.0000196 seconds
[2019-12-08T10:29:23.425+0000][1][safepoint    ] Application time: 1.0000802 seconds
[2019-12-08T10:29:23.425+0000][1][safepoint    ] Entering safepoint region: Cleanup
[2019-12-08T10:29:23.425+0000][1][safepoint    ] Leaving safepoint region
[2019-12-08T10:29:23.425+0000][1][safepoint    ] Total time for which application threads were stopped: 0.0000737 seconds, Stopping threads took: 0.0000193 seconds
[2019-12-08T10:29:24.425+0000][1][safepoint    ] Application time: 1.0000793 seconds
[2019-12-08T10:29:24.425+0000][1][safepoint    ] Entering safepoint region: Cleanup
[2019-12-08T10:29:24.425+0000][1][safepoint    ] Leaving safepoint region
[2019-12-08T10:29:24.425+0000][1][safepoint    ] Total time for which application threads were stopped: 0.0000731 seconds, Stopping threads took: 0.0000181 seconds
[2019-12-08T10:29:25.425+0000][1][safepoint    ] Application time: 1.0000842 seconds
[2019-12-08T10:29:25.425+0000][1][safepoint    ] Entering safepoint region: Cleanup
[2019-12-08T10:29:25.425+0000][1][safepoint    ] Leaving safepoint region
[2019-12-08T10:29:25.425+0000][1][safepoint    ] Total time for which application threads were stopped: 0.0000753 seconds, Stopping threads took: 0.0000191 seconds
[2019-12-08T10:29:27.263+0000][1][safepoint    ] Application time: 1.8374756 seconds
[2019-12-08T10:29:27.263+0000][1][safepoint    ] Entering safepoint region: Cleanup
[2019-12-08T10:29:27.263+0000][1][safepoint    ] Leaving safepoint region
[2019-12-08T10:29:27.263+0000][1][safepoint    ] Total time for which application threads were stopped: 0.0001341 seconds, Stopping threads took: 0.0000451 seconds
[2019-12-08T10:29:28.263+0000][1][safepoint    ] Application time: 1.0000840 seconds
[2019-12-08T10:29:28.263+0000][1][safepoint    ] Entering safepoint region: Cleanup
[2019-12-08T10:29:28.263+0000][1][safepoint    ] Leaving safepoint region
[2019-12-08T10:29:28.263+0000][1][safepoint    ] Total time for which application threads were stopped: 0.0000776 seconds, Stopping threads took: 0.0000160 seconds
[2019-12-08T10:29:29.263+0000][1][safepoint    ] Application time: 1.0000957 seconds
[2019-12-08T10:29:29.263+0000][1][safepoint    ] Entering safepoint region: Cleanup
[2019-12-08T10:29:29.263+0000][1][safepoint    ] Leaving safepoint region
[2019-12-08T10:29:29.263+0000][1][safepoint    ] Total time for which application threads were stopped: 0.0001488 seconds, Stopping threads took: 0.0000662 seconds
[2019-12-08T10:29:30.263+0000][1][safepoint    ] Application time: 1.0000956 seconds
[2019-12-08T10:29:30.263+0000][1][safepoint    ] Entering safepoint region: Cleanup
[2019-12-08T10:29:30.264+0000][1][safepoint    ] Leaving safepoint region
[2019-12-08T10:29:30.264+0000][1][safepoint    ] Total time for which application threads were stopped: 0.0001130 seconds, Stopping threads took: 0.0000409 seconds
[2019-12-08T10:29:31.264+0000][1][safepoint    ] Application time: 1.0000900 seconds
[2019-12-08T10:29:31.264+0000][1][safepoint    ] Entering safepoint region: Cleanup
[2019-12-08T10:29:31.264+0000][1][safepoint    ] Leaving safepoint region
[2019-12-08T10:29:31.264+0000][1][safepoint    ] Total time for which application threads were stopped: 0.0001032 seconds, Stopping threads took: 0.0000265 seconds
[2019-12-08T10:29:32.264+0000][1][safepoint    ] Application time: 1.0000850 seconds
[2019-12-08T10:29:32.264+0000][1][safepoint    ] Entering safepoint region: Cleanup
[2019-12-08T10:29:32.264+0000][1][safepoint    ] Leaving safepoint region
[2019-12-08T10:29:32.264+0000][1][safepoint    ] Total time for which application threads were stopped: 0.0000876 seconds, Stopping threads took: 0.0000308 seconds
[2019-12-08T10:29:33.264+0000][1][safepoint    ] Application time: 1.0000823 seconds
[2019-12-08T10:29:33.264+0000][1][safepoint    ] Entering safepoint region: Cleanup
[2019-12-08T10:29:33.264+0000][1][safepoint    ] Leaving safepoint region
[2019-12-08T10:29:33.264+0000][1][safepoint    ] Total time for which application threads were stopped: 0.0001046 seconds, Stopping threads took: 0.0000323 seconds
[2019-12-08T10:29:34.264+0000][1][safepoint    ] Application time: 1.0000790 seconds
[2019-12-08T10:29:34.264+0000][1][safepoint    ] Entering safepoint region: Cleanup
[2019-12-08T10:29:34.264+0000][1][safepoint    ] Leaving safepoint region
[2019-12-08T10:29:34.264+0000][1][safepoint    ] Total time for which application threads were stopped: 0.0000836 seconds, Stopping threads took: 0.0000273 seconds
[2019-12-08T10:29:35.265+0000][1][safepoint    ] Application time: 1.0000768 seconds
[2019-12-08T10:29:35.265+0000][1][safepoint    ] Entering safepoint region: Cleanup
[2019-12-08T10:29:35.265+0000][1][safepoint    ] Leaving safepoint region
[2019-12-08T10:29:35.265+0000][1][safepoint    ] Total time for which application threads were stopped: 0.0000744 seconds, Stopping threads took: 0.0000181 seconds
[2019-12-08T10:29:36.265+0000][1][safepoint    ] Application time: 1.0000908 seconds
[2019-12-08T10:29:36.265+0000][1][safepoint    ] Entering safepoint region: Cleanup
[2019-12-08T10:29:36.265+0000][1][safepoint    ] Leaving safepoint region
[2019-12-08T10:29:36.265+0000][1][safepoint    ] Total time for which application threads were stopped: 0.0000750 seconds, Stopping threads took: 0.0000177 seconds
[2019-12-08T10:29:37.265+0000][1][safepoint    ] Application time: 1.0000901 seconds
[2019-12-08T10:29:37.265+0000][1][safepoint    ] Entering safepoint region: Cleanup
[2019-12-08T10:29:37.265+0000][1][safepoint    ] Leaving safepoint region
[2019-12-08T10:29:37.265+0000][1][safepoint    ] Total time for which application threads were stopped: 0.0000759 seconds, Stopping threads took: 0.0000172 seconds
[2019-12-08T10:29:38.265+0000][1][safepoint    ] Application time: 1.0000781 seconds
[2019-12-08T10:29:38.265+0000][1][safepoint    ] Entering safepoint region: Cleanup
[2019-12-08T10:29:38.265+0000][1][safepoint    ] Leaving safepoint region
[2019-12-08T10:29:38.265+0000][1][safepoint    ] Total time for which application threads were stopped: 0.0000766 seconds, Stopping threads took: 0.0000193 seconds
[2019-12-08T10:29:39.265+0000][1][safepoint    ] Application time: 1.0000769 seconds
[2019-12-08T10:29:39.265+0000][1][safepoint    ] Entering safepoint region: Cleanup
[2019-12-08T10:29:39.265+0000][1][safepoint    ] Leaving safepoint region
[2019-12-08T10:29:39.265+0000][1][safepoint    ] Total time for which application threads were stopped: 0.0000833 seconds, Stopping threads took: 0.0000269 seconds
[2019-12-08T10:29:40.266+0000][1][safepoint    ] Application time: 1.0000774 seconds
[2019-12-08T10:29:40.266+0000][1][safepoint    ] Entering safepoint region: Cleanup
[2019-12-08T10:29:40.266+0000][1][safepoint    ] Leaving safepoint region
[2019-12-08T10:29:40.266+0000][1][safepoint    ] Total time for which application threads were stopped: 0.0000712 seconds, Stopping threads took: 0.0000173 seconds
[2019-12-08T10:29:41.266+0000][1][safepoint    ] Application time: 1.0000771 seconds
[2019-12-08T10:29:41.266+0000][1][safepoint    ] Entering safepoint region: Cleanup
[2019-12-08T10:29:41.266+0000][1][safepoint    ] Leaving safepoint region
[2019-12-08T10:29:41.266+0000][1][safepoint    ] Total time for which application threads were stopped: 0.0000775 seconds, Stopping threads took: 0.0000184 seconds
[2019-12-08T10:29:41.270+0000][1][safepoint    ] Application time: 0.0037244 seconds
[2019-12-08T10:29:41.270+0000][1][safepoint    ] Entering safepoint region: GenCollectForAllocation
[2019-12-08T10:29:41.270+0000][1][gc,start     ] GC(32) Pause Young (Allocation Failure)
[2019-12-08T10:29:41.270+0000][1][gc,task      ] GC(32) Using 4 workers of 4 for evacuation
[2019-12-08T10:29:41.271+0000][1][gc,age       ] GC(32) Desired survivor size 4456448 bytes, new threshold 6 (max threshold 6)
[2019-12-08T10:29:41.271+0000][1][gc,age       ] GC(32) Age table with threshold 6 (max threshold 6)
[2019-12-08T10:29:41.271+0000][1][gc,age       ] GC(32) - age   1:      72752 bytes,      72752 total
[2019-12-08T10:29:41.271+0000][1][gc,age       ] GC(32) - age   2:       2728 bytes,      75480 total
[2019-12-08T10:29:41.271+0000][1][gc,age       ] GC(32) - age   3:       1560 bytes,      77040 total
[2019-12-08T10:29:41.271+0000][1][gc,age       ] GC(32) - age   4:       1640 bytes,      78680 total
[2019-12-08T10:29:41.271+0000][1][gc,age       ] GC(32) - age   5:        968 bytes,      79648 total
[2019-12-08T10:29:41.271+0000][1][gc,age       ] GC(32) - age   6:       1808 bytes,      81456 total
[2019-12-08T10:29:41.271+0000][1][gc,heap      ] GC(32) ParNew: 69978K->90K(78656K)
[2019-12-08T10:29:41.271+0000][1][gc,heap      ] GC(32) CMS: 70634K->70637K(174784K)
[2019-12-08T10:29:41.271+0000][1][gc,metaspace ] GC(32) Metaspace: 69174K->69174K(1112064K)
[2019-12-08T10:29:41.271+0000][1][gc           ] GC(32) Pause Young (Allocation Failure) 137M->69M(247M) 1.243ms
[2019-12-08T10:29:41.271+0000][1][gc,cpu       ] GC(32) User=0.01s Sys=0.00s Real=0.01s
[2019-12-08T10:29:41.271+0000][1][safepoint    ] Leaving safepoint region
[2019-12-08T10:29:41.271+0000][1][safepoint    ] Total time for which application threads were stopped: 0.0014038 seconds, Stopping threads took: 0.0000125 seconds
[2019-12-08T10:29:42.271+0000][1][safepoint    ] Application time: 1.0000917 seconds
[2019-12-08T10:29:42.271+0000][1][safepoint    ] Entering safepoint region: Cleanup
[2019-12-08T10:29:42.271+0000][1][safepoint    ] Leaving safepoint region
[2019-12-08T10:29:42.271+0000][1][safepoint    ] Total time for which application threads were stopped: 0.0000935 seconds, Stopping threads took: 0.0000183 seconds
[2019-12-08T10:29:43.271+0000][1][safepoint    ] Application time: 1.0000836 seconds
[2019-12-08T10:29:43.271+0000][1][safepoint    ] Entering safepoint region: Cleanup
[2019-12-08T10:29:43.271+0000][1][safepoint    ] Leaving safepoint region
[2019-12-08T10:29:43.271+0000][1][safepoint    ] Total time for which application threads were stopped: 0.0000968 seconds, Stopping threads took: 0.0000271 seconds
[2019-12-08T10:29:44.272+0000][1][safepoint    ] Application time: 1.0000813 seconds
[2019-12-08T10:29:44.272+0000][1][safepoint    ] Entering safepoint region: Cleanup
[2019-12-08T10:29:44.272+0000][1][safepoint    ] Leaving safepoint region
[2019-12-08T10:29:44.272+0000][1][safepoint    ] Total time for which application threads were stopped: 0.0000736 seconds, Stopping threads took: 0.0000176 seconds
[2019-12-08T10:29:45.272+0000][1][safepoint    ] Application time: 1.0000822 seconds
[2019-12-08T10:29:45.272+0000][1][safepoint    ] Entering safepoint region: Cleanup
[2019-12-08T10:29:45.272+0000][1][safepoint    ] Leaving safepoint region
[2019-12-08T10:29:45.272+0000][1][safepoint    ] Total time for which application threads were stopped: 0.0000722 seconds, Stopping threads took: 0.0000178 seconds
[2019-12-08T10:29:46.272+0000][1][safepoint    ] Application time: 1.0000832 seconds
[2019-12-08T10:29:46.272+0000][1][safepoint    ] Entering safepoint region: Cleanup
[2019-12-08T10:29:46.272+0000][1][safepoint    ] Leaving safepoint region
[2019-12-08T10:29:46.272+0000][1][safepoint    ] Total time for which application threads were stopped: 0.0000744 seconds, Stopping threads took: 0.0000183 seconds
[2019-12-08T10:29:47.272+0000][1][safepoint    ] Application time: 1.0000836 seconds
[2019-12-08T10:29:47.272+0000][1][safepoint    ] Entering safepoint region: Cleanup
[2019-12-08T10:29:47.272+0000][1][safepoint    ] Leaving safepoint region
[2019-12-08T10:29:47.272+0000][1][safepoint    ] Total time for which application threads were stopped: 0.0000732 seconds, Stopping threads took: 0.0000173 seconds
[2019-12-08T10:29:48.272+0000][1][safepoint    ] Application time: 1.0000864 seconds
[2019-12-08T10:29:48.272+0000][1][safepoint    ] Entering safepoint region: Cleanup
[2019-12-08T10:29:48.272+0000][1][safepoint    ] Leaving safepoint region
[2019-12-08T10:29:48.272+0000][1][safepoint    ] Total time for which application threads were stopped: 0.0000736 seconds, Stopping threads took: 0.0000201 seconds
[2019-12-08T10:29:49.273+0000][1][safepoint    ] Application time: 1.0002372 seconds
[2019-12-08T10:29:49.273+0000][1][safepoint    ] Entering safepoint region: Cleanup
[2019-12-08T10:29:49.273+0000][1][safepoint    ] Leaving safepoint region
[2019-12-08T10:29:49.273+0000][1][safepoint    ] Total time for which application threads were stopped: 0.0001047 seconds, Stopping threads took: 0.0000252 seconds
[2019-12-08T10:29:50.273+0000][1][safepoint    ] Application time: 1.0000767 seconds
[2019-12-08T10:29:50.273+0000][1][safepoint    ] Entering safepoint region: Cleanup
[2019-12-08T10:29:50.273+0000][1][safepoint    ] Leaving safepoint region
[2019-12-08T10:29:50.273+0000][1][safepoint    ] Total time for which application threads were stopped: 0.0000911 seconds, Stopping threads took: 0.0000260 seconds
[2019-12-08T10:29:51.273+0000][1][safepoint    ] Application time: 1.0000806 seconds
[2019-12-08T10:29:51.273+0000][1][safepoint    ] Entering safepoint region: Cleanup
[2019-12-08T10:29:51.273+0000][1][safepoint    ] Leaving safepoint region
[2019-12-08T10:29:51.273+0000][1][safepoint    ] Total time for which application threads were stopped: 0.0000756 seconds, Stopping threads took: 0.0000176 seconds
[2019-12-08T10:29:52.273+0000][1][safepoint    ] Application time: 1.0000760 seconds
[2019-12-08T10:29:52.273+0000][1][safepoint    ] Entering safepoint region: Cleanup
[2019-12-08T10:29:52.273+0000][1][safepoint    ] Leaving safepoint region
[2019-12-08T10:29:52.273+0000][1][safepoint    ] Total time for which application threads were stopped: 0.0000751 seconds, Stopping threads took: 0.0000184 seconds
[2019-12-08T10:29:53.276+0000][1][safepoint    ] Application time: 1.0029898 seconds
[2019-12-08T10:29:53.277+0000][1][safepoint    ] Entering safepoint region: Cleanup
[2019-12-08T10:29:53.277+0000][1][safepoint    ] Leaving safepoint region
[2019-12-08T10:29:53.277+0000][1][safepoint    ] Total time for which application threads were stopped: 0.0001176 seconds, Stopping threads took: 0.0000498 seconds
[2019-12-08T10:29:54.277+0000][1][safepoint    ] Application time: 1.0000869 seconds
[2019-12-08T10:29:54.277+0000][1][safepoint    ] Entering safepoint region: Cleanup
[2019-12-08T10:29:54.277+0000][1][safepoint    ] Leaving safepoint region
[2019-12-08T10:29:54.277+0000][1][safepoint    ] Total time for which application threads were stopped: 0.0000766 seconds, Stopping threads took: 0.0000181 seconds
[2019-12-08T10:29:55.277+0000][1][safepoint    ] Application time: 1.0000758 seconds
[2019-12-08T10:29:55.277+0000][1][safepoint    ] Entering safepoint region: Cleanup
[2019-12-08T10:29:55.277+0000][1][safepoint    ] Leaving safepoint region
[2019-12-08T10:29:55.277+0000][1][safepoint    ] Total time for which application threads were stopped: 0.0000723 seconds, Stopping threads took: 0.0000170 seconds
[2019-12-08T10:29:56.277+0000][1][safepoint    ] Application time: 1.0000864 seconds
[2019-12-08T10:29:56.277+0000][1][safepoint    ] Entering safepoint region: Cleanup
[2019-12-08T10:29:56.277+0000][1][safepoint    ] Leaving safepoint region
[2019-12-08T10:29:56.277+0000][1][safepoint    ] Total time for which application threads were stopped: 0.0000777 seconds, Stopping threads took: 0.0000194 seconds
[2019-12-08T10:29:57.277+0000][1][safepoint    ] Application time: 1.0000781 seconds
[2019-12-08T10:29:57.277+0000][1][safepoint    ] Entering safepoint region: Cleanup
[2019-12-08T10:29:57.277+0000][1][safepoint    ] Leaving safepoint region
[2019-12-08T10:29:57.277+0000][1][safepoint    ] Total time for which application threads were stopped: 0.0000741 seconds, Stopping threads took: 0.0000181 seconds
[2019-12-08T10:29:58.278+0000][1][safepoint    ] Application time: 1.0000799 seconds
[2019-12-08T10:29:58.278+0000][1][safepoint    ] Entering safepoint region: Cleanup
[2019-12-08T10:29:58.278+0000][1][safepoint    ] Leaving safepoint region
[2019-12-08T10:29:58.278+0000][1][safepoint    ] Total time for which application threads were stopped: 0.0000748 seconds, Stopping threads took: 0.0000185 seconds
[2019-12-08T10:29:59.278+0000][1][safepoint    ] Application time: 1.0000845 seconds
[2019-12-08T10:29:59.278+0000][1][safepoint    ] Entering safepoint region: Cleanup
[2019-12-08T10:29:59.278+0000][1][safepoint    ] Leaving safepoint region
[2019-12-08T10:29:59.278+0000][1][safepoint    ] Total time for which application threads were stopped: 0.0000720 seconds, Stopping threads took: 0.0000182 seconds
[2019-12-08T10:30:00.278+0000][1][safepoint    ] Application time: 1.0000766 seconds
[2019-12-08T10:30:00.278+0000][1][safepoint    ] Entering safepoint region: Cleanup
[2019-12-08T10:30:00.278+0000][1][safepoint    ] Leaving safepoint region
[2019-12-08T10:30:00.278+0000][1][safepoint    ] Total time for which application threads were stopped: 0.0000725 seconds, Stopping threads took: 0.0000167 seconds
[2019-12-08T10:30:01.278+0000][1][safepoint    ] Application time: 1.0000912 seconds
[2019-12-08T10:30:01.278+0000][1][safepoint    ] Entering safepoint region: Cleanup
[2019-12-08T10:30:01.278+0000][1][safepoint    ] Leaving safepoint region
[2019-12-08T10:30:01.278+0000][1][safepoint    ] Total time for which application threads were stopped: 0.0000794 seconds, Stopping threads took: 0.0000175 seconds
[2019-12-08T10:30:02.278+0000][1][safepoint    ] Application time: 1.0000797 seconds
[2019-12-08T10:30:02.278+0000][1][safepoint    ] Entering safepoint region: Cleanup
[2019-12-08T10:30:02.278+0000][1][safepoint    ] Leaving safepoint region
[2019-12-08T10:30:02.278+0000][1][safepoint    ] Total time for which application threads were stopped: 0.0000772 seconds, Stopping threads took: 0.0000191 seconds
[2019-12-08T10:30:03.279+0000][1][safepoint    ] Application time: 1.0000793 seconds
[2019-12-08T10:30:03.279+0000][1][safepoint    ] Entering safepoint region: Cleanup
[2019-12-08T10:30:03.279+0000][1][safepoint    ] Leaving safepoint region
[2019-12-08T10:30:03.279+0000][1][safepoint    ] Total time for which application threads were stopped: 0.0000763 seconds, Stopping threads took: 0.0000180 seconds
[2019-12-08T10:30:04.279+0000][1][safepoint    ] Application time: 1.0000842 seconds
[2019-12-08T10:30:04.279+0000][1][safepoint    ] Entering safepoint region: Cleanup
[2019-12-08T10:30:04.279+0000][1][safepoint    ] Leaving safepoint region
[2019-12-08T10:30:04.279+0000][1][safepoint    ] Total time for which application threads were stopped: 0.0000899 seconds, Stopping threads took: 0.0000289 seconds
[2019-12-08T10:30:05.279+0000][1][safepoint    ] Application time: 1.0000759 seconds
[2019-12-08T10:30:05.279+0000][1][safepoint    ] Entering safepoint region: Cleanup
[2019-12-08T10:30:05.279+0000][1][safepoint    ] Leaving safepoint region
[2019-12-08T10:30:05.279+0000][1][safepoint    ] Total time for which application threads were stopped: 0.0000767 seconds, Stopping threads took: 0.0000178 seconds
[2019-12-08T10:30:06.279+0000][1][safepoint    ] Application time: 1.0000801 seconds
[2019-12-08T10:30:06.279+0000][1][safepoint    ] Entering safepoint region: Cleanup
[2019-12-08T10:30:06.279+0000][1][safepoint    ] Leaving safepoint region
[2019-12-08T10:30:06.279+0000][1][safepoint    ] Total time for which application threads were stopped: 0.0000774 seconds, Stopping threads took: 0.0000183 seconds
[2019-12-08T10:30:07.279+0000][1][safepoint    ] Application time: 1.0000773 seconds
[2019-12-08T10:30:07.279+0000][1][safepoint    ] Entering safepoint region: Cleanup
[2019-12-08T10:30:07.279+0000][1][safepoint    ] Leaving safepoint region
[2019-12-08T10:30:07.279+0000][1][safepoint    ] Total time for which application threads were stopped: 0.0000740 seconds, Stopping threads took: 0.0000180 seconds
[2019-12-08T10:30:08.280+0000][1][safepoint    ] Application time: 1.0002708 seconds
[2019-12-08T10:30:08.280+0000][1][safepoint    ] Entering safepoint region: Cleanup
[2019-12-08T10:30:08.280+0000][1][safepoint    ] Leaving safepoint region
[2019-12-08T10:30:08.280+0000][1][safepoint    ] Total time for which application threads were stopped: 0.0000999 seconds, Stopping threads took: 0.0000228 seconds
[2019-12-08T10:30:09.280+0000][1][safepoint    ] Application time: 1.0000766 seconds
[2019-12-08T10:30:09.280+0000][1][safepoint    ] Entering safepoint region: Cleanup
[2019-12-08T10:30:09.280+0000][1][safepoint    ] Leaving safepoint region
[2019-12-08T10:30:09.280+0000][1][safepoint    ] Total time for which application threads were stopped: 0.0000746 seconds, Stopping threads took: 0.0000178 seconds
[2019-12-08T10:30:10.280+0000][1][safepoint    ] Application time: 1.0000847 seconds
[2019-12-08T10:30:10.280+0000][1][safepoint    ] Entering safepoint region: Cleanup
[2019-12-08T10:30:10.280+0000][1][safepoint    ] Leaving safepoint region
[2019-12-08T10:30:10.280+0000][1][safepoint    ] Total time for which application threads were stopped: 0.0000753 seconds, Stopping threads took: 0.0000186 seconds
[2019-12-08T10:30:11.280+0000][1][safepoint    ] Application time: 1.0000755 seconds
[2019-12-08T10:30:11.280+0000][1][safepoint    ] Entering safepoint region: Cleanup
[2019-12-08T10:30:11.280+0000][1][safepoint    ] Leaving safepoint region
[2019-12-08T10:30:11.280+0000][1][safepoint    ] Total time for which application threads were stopped: 0.0000871 seconds, Stopping threads took: 0.0000270 seconds
[2019-12-08T10:30:12.281+0000][1][safepoint    ] Application time: 1.0000789 seconds
[2019-12-08T10:30:12.281+0000][1][safepoint    ] Entering safepoint region: Cleanup
[2019-12-08T10:30:12.281+0000][1][safepoint    ] Leaving safepoint region
[2019-12-08T10:30:12.281+0000][1][safepoint    ] Total time for which application threads were stopped: 0.0000755 seconds, Stopping threads took: 0.0000178 seconds
[2019-12-08T10:30:13.281+0000][1][safepoint    ] Application time: 1.0000799 seconds
[2019-12-08T10:30:13.281+0000][1][safepoint    ] Entering safepoint region: Cleanup
[2019-12-08T10:30:13.281+0000][1][safepoint    ] Leaving safepoint region
[2019-12-08T10:30:13.281+0000][1][safepoint    ] Total time for which application threads were stopped: 0.0000744 seconds, Stopping threads took: 0.0000195 seconds
[2019-12-08T10:30:14.281+0000][1][safepoint    ] Application time: 1.0000796 seconds
[2019-12-08T10:30:14.281+0000][1][safepoint    ] Entering safepoint region: Cleanup
[2019-12-08T10:30:14.281+0000][1][safepoint    ] Leaving safepoint region
[2019-12-08T10:30:14.281+0000][1][safepoint    ] Total time for which application threads were stopped: 0.0000784 seconds, Stopping threads took: 0.0000189 seconds
[2019-12-08T10:30:15.281+0000][1][safepoint    ] Application time: 1.0000790 seconds
[2019-12-08T10:30:15.281+0000][1][safepoint    ] Entering safepoint region: Cleanup
[2019-12-08T10:30:15.281+0000][1][safepoint    ] Leaving safepoint region
[2019-12-08T10:30:15.281+0000][1][safepoint    ] Total time for which application threads were stopped: 0.0000755 seconds, Stopping threads took: 0.0000186 seconds
[2019-12-08T10:30:16.281+0000][1][safepoint    ] Application time: 1.0000780 seconds
[2019-12-08T10:30:16.281+0000][1][safepoint    ] Entering safepoint region: Cleanup
[2019-12-08T10:30:16.281+0000][1][safepoint    ] Leaving safepoint region
[2019-12-08T10:30:16.281+0000][1][safepoint    ] Total time for which application threads were stopped: 0.0000775 seconds, Stopping threads took: 0.0000193 seconds
[2019-12-08T10:30:17.282+0000][1][safepoint    ] Application time: 1.0000786 seconds
[2019-12-08T10:30:17.282+0000][1][safepoint    ] Entering safepoint region: Cleanup
[2019-12-08T10:30:17.282+0000][1][safepoint    ] Leaving safepoint region
[2019-12-08T10:30:17.282+0000][1][safepoint    ] Total time for which application threads were stopped: 0.0000789 seconds, Stopping threads took: 0.0000194 seconds
[2019-12-08T10:30:18.282+0000][1][safepoint    ] Application time: 1.0000907 seconds
[2019-12-08T10:30:18.282+0000][1][safepoint    ] Entering safepoint region: Cleanup
[2019-12-08T10:30:18.282+0000][1][safepoint    ] Leaving safepoint region
[2019-12-08T10:30:18.282+0000][1][safepoint    ] Total time for which application threads were stopped: 0.0000736 seconds, Stopping threads took: 0.0000180 seconds
[2019-12-08T10:30:19.282+0000][1][safepoint    ] Application time: 1.0000826 seconds
[2019-12-08T10:30:19.282+0000][1][safepoint    ] Entering safepoint region: Cleanup
[2019-12-08T10:30:19.282+0000][1][safepoint    ] Leaving safepoint region
[2019-12-08T10:30:19.282+0000][1][safepoint    ] Total time for which application threads were stopped: 0.0000772 seconds, Stopping threads took: 0.0000182 seconds
[2019-12-08T10:30:20.282+0000][1][safepoint    ] Application time: 1.0000828 seconds
[2019-12-08T10:30:20.282+0000][1][safepoint    ] Entering safepoint region: Cleanup
[2019-12-08T10:30:20.282+0000][1][safepoint    ] Leaving safepoint region
[2019-12-08T10:30:20.282+0000][1][safepoint    ] Total time for which application threads were stopped: 0.0000780 seconds, Stopping threads took: 0.0000196 seconds
[2019-12-08T10:30:21.282+0000][1][safepoint    ] Application time: 1.0000833 seconds
[2019-12-08T10:30:21.282+0000][1][safepoint    ] Entering safepoint region: Cleanup
[2019-12-08T10:30:21.282+0000][1][safepoint    ] Leaving safepoint region
[2019-12-08T10:30:21.282+0000][1][safepoint    ] Total time for which application threads were stopped: 0.0000788 seconds, Stopping threads took: 0.0000176 seconds
[2019-12-08T10:30:22.283+0000][1][safepoint    ] Application time: 1.0000923 seconds
[2019-12-08T10:30:22.283+0000][1][safepoint    ] Entering safepoint region: Cleanup
[2019-12-08T10:30:22.283+0000][1][safepoint    ] Leaving safepoint region
[2019-12-08T10:30:22.283+0000][1][safepoint    ] Total time for which application threads were stopped: 0.0000934 seconds, Stopping threads took: 0.0000188 seconds
[2019-12-08T10:30:23.283+0000][1][safepoint    ] Application time: 1.0000787 seconds
[2019-12-08T10:30:23.283+0000][1][safepoint    ] Entering safepoint region: Cleanup
[2019-12-08T10:30:23.283+0000][1][safepoint    ] Leaving safepoint region
[2019-12-08T10:30:23.283+0000][1][safepoint    ] Total time for which application threads were stopped: 0.0000765 seconds, Stopping threads took: 0.0000196 seconds
[2019-12-08T10:30:24.283+0000][1][safepoint    ] Application time: 1.0000753 seconds
[2019-12-08T10:30:24.283+0000][1][safepoint    ] Entering safepoint region: Cleanup
[2019-12-08T10:30:24.283+0000][1][safepoint    ] Leaving safepoint region
[2019-12-08T10:30:24.283+0000][1][safepoint    ] Total time for which application threads were stopped: 0.0000755 seconds, Stopping threads took: 0.0000188 seconds
[2019-12-08T10:30:25.283+0000][1][safepoint    ] Application time: 1.0000994 seconds
[2019-12-08T10:30:25.283+0000][1][safepoint    ] Entering safepoint region: Cleanup
[2019-12-08T10:30:25.283+0000][1][safepoint    ] Leaving safepoint region
[2019-12-08T10:30:25.283+0000][1][safepoint    ] Total time for which application threads were stopped: 0.0000750 seconds, Stopping threads took: 0.0000182 seconds
[2019-12-08T10:30:26.283+0000][1][safepoint    ] Application time: 1.0000861 seconds
[2019-12-08T10:30:26.283+0000][1][safepoint    ] Entering safepoint region: Cleanup
[2019-12-08T10:30:26.284+0000][1][safepoint    ] Leaving safepoint region
[2019-12-08T10:30:26.284+0000][1][safepoint    ] Total time for which application threads were stopped: 0.0000756 seconds, Stopping threads took: 0.0000185 seconds
[2019-12-08T10:30:27.284+0000][1][safepoint    ] Application time: 1.0000799 seconds
[2019-12-08T10:30:27.284+0000][1][safepoint    ] Entering safepoint region: Cleanup
[2019-12-08T10:30:27.284+0000][1][safepoint    ] Leaving safepoint region
[2019-12-08T10:30:27.284+0000][1][safepoint    ] Total time for which application threads were stopped: 0.0000843 seconds, Stopping threads took: 0.0000276 seconds
[2019-12-08T10:30:28.284+0000][1][safepoint    ] Application time: 1.0000830 seconds
[2019-12-08T10:30:28.284+0000][1][safepoint    ] Entering safepoint region: Cleanup
[2019-12-08T10:30:28.284+0000][1][safepoint    ] Leaving safepoint region
[2019-12-08T10:30:28.284+0000][1][safepoint    ] Total time for which application threads were stopped: 0.0000786 seconds, Stopping threads took: 0.0000202 seconds
[2019-12-08T10:30:29.284+0000][1][safepoint    ] Application time: 1.0000860 seconds
[2019-12-08T10:30:29.284+0000][1][safepoint    ] Entering safepoint region: Cleanup
[2019-12-08T10:30:29.284+0000][1][safepoint    ] Leaving safepoint region
[2019-12-08T10:30:29.284+0000][1][safepoint    ] Total time for which application threads were stopped: 0.0000751 seconds, Stopping threads took: 0.0000179 seconds
[2019-12-08T10:30:30.284+0000][1][safepoint    ] Application time: 1.0000780 seconds
[2019-12-08T10:30:30.284+0000][1][safepoint    ] Entering safepoint region: Cleanup
[2019-12-08T10:30:30.284+0000][1][safepoint    ] Leaving safepoint region
[2019-12-08T10:30:30.284+0000][1][safepoint    ] Total time for which application threads were stopped: 0.0000722 seconds, Stopping threads took: 0.0000182 seconds
[2019-12-08T10:30:31.284+0000][1][safepoint    ] Application time: 1.0000789 seconds
[2019-12-08T10:30:31.284+0000][1][safepoint    ] Entering safepoint region: Cleanup
[2019-12-08T10:30:31.285+0000][1][safepoint    ] Leaving safepoint region
[2019-12-08T10:30:31.285+0000][1][safepoint    ] Total time for which application threads were stopped: 0.0000743 seconds, Stopping threads took: 0.0000185 seconds
[2019-12-08T10:30:32.488+0000][1][safepoint    ] Application time: 1.2033960 seconds
[2019-12-08T10:30:32.488+0000][1][safepoint    ] Entering safepoint region: Cleanup
[2019-12-08T10:30:32.488+0000][1][safepoint    ] Leaving safepoint region
[2019-12-08T10:30:32.488+0000][1][safepoint    ] Total time for which application threads were stopped: 0.0000760 seconds, Stopping threads took: 0.0000178 seconds
[2019-12-08T10:30:33.488+0000][1][safepoint    ] Application time: 1.0000744 seconds
[2019-12-08T10:30:33.488+0000][1][safepoint    ] Entering safepoint region: Cleanup
[2019-12-08T10:30:33.488+0000][1][safepoint    ] Leaving safepoint region
[2019-12-08T10:30:33.488+0000][1][safepoint    ] Total time for which application threads were stopped: 0.0000658 seconds, Stopping threads took: 0.0000151 seconds
[2019-12-08T10:30:34.488+0000][1][safepoint    ] Application time: 1.0000754 seconds
[2019-12-08T10:30:34.488+0000][1][safepoint    ] Entering safepoint region: Cleanup
[2019-12-08T10:30:34.488+0000][1][safepoint    ] Leaving safepoint region
[2019-12-08T10:30:34.488+0000][1][safepoint    ] Total time for which application threads were stopped: 0.0000832 seconds, Stopping threads took: 0.0000249 seconds
[2019-12-08T10:30:35.489+0000][1][safepoint    ] Application time: 1.0000788 seconds
[2019-12-08T10:30:35.489+0000][1][safepoint    ] Entering safepoint region: Cleanup
[2019-12-08T10:30:35.489+0000][1][safepoint    ] Leaving safepoint region
[2019-12-08T10:30:35.489+0000][1][safepoint    ] Total time for which application threads were stopped: 0.0000684 seconds, Stopping threads took: 0.0000151 seconds
[2019-12-08T10:30:36.489+0000][1][safepoint    ] Application time: 1.0000754 seconds
[2019-12-08T10:30:36.489+0000][1][safepoint    ] Entering safepoint region: Cleanup
[2019-12-08T10:30:36.489+0000][1][safepoint    ] Leaving safepoint region
[2019-12-08T10:30:36.489+0000][1][safepoint    ] Total time for which application threads were stopped: 0.0000819 seconds, Stopping threads took: 0.0000159 seconds
[2019-12-08T10:30:37.489+0000][1][safepoint    ] Application time: 1.0000779 seconds
[2019-12-08T10:30:37.489+0000][1][safepoint    ] Entering safepoint region: Cleanup
[2019-12-08T10:30:37.489+0000][1][safepoint    ] Leaving safepoint region
[2019-12-08T10:30:37.489+0000][1][safepoint    ] Total time for which application threads were stopped: 0.0000699 seconds, Stopping threads took: 0.0000166 seconds
[2019-12-08T10:30:38.489+0000][1][safepoint    ] Application time: 1.0000729 seconds
[2019-12-08T10:30:38.489+0000][1][safepoint    ] Entering safepoint region: Cleanup
[2019-12-08T10:30:38.489+0000][1][safepoint    ] Leaving safepoint region
[2019-12-08T10:30:38.489+0000][1][safepoint    ] Total time for which application threads were stopped: 0.0000690 seconds, Stopping threads took: 0.0000163 seconds
[2019-12-08T10:30:39.489+0000][1][safepoint    ] Application time: 1.0000745 seconds
[2019-12-08T10:30:39.489+0000][1][safepoint    ] Entering safepoint region: Cleanup
[2019-12-08T10:30:39.489+0000][1][safepoint    ] Leaving safepoint region
[2019-12-08T10:30:39.489+0000][1][safepoint    ] Total time for which application threads were stopped: 0.0000711 seconds, Stopping threads took: 0.0000190 seconds
[2019-12-08T10:30:40.489+0000][1][safepoint    ] Application time: 1.0000760 seconds
[2019-12-08T10:30:40.490+0000][1][safepoint    ] Entering safepoint region: Cleanup
[2019-12-08T10:30:40.490+0000][1][safepoint    ] Leaving safepoint region
[2019-12-08T10:30:40.490+0000][1][safepoint    ] Total time for which application threads were stopped: 0.0000849 seconds, Stopping threads took: 0.0000264 seconds
[2019-12-08T10:30:41.490+0000][1][safepoint    ] Application time: 1.0000767 seconds
[2019-12-08T10:30:41.490+0000][1][safepoint    ] Entering safepoint region: Cleanup
[2019-12-08T10:30:41.490+0000][1][safepoint    ] Leaving safepoint region
[2019-12-08T10:30:41.490+0000][1][safepoint    ] Total time for which application threads were stopped: 0.0000763 seconds, Stopping threads took: 0.0000198 seconds
[2019-12-08T10:30:42.490+0000][1][safepoint    ] Application time: 1.0000771 seconds
[2019-12-08T10:30:42.490+0000][1][safepoint    ] Entering safepoint region: Cleanup
[2019-12-08T10:30:42.490+0000][1][safepoint    ] Leaving safepoint region
[2019-12-08T10:30:42.490+0000][1][safepoint    ] Total time for which application threads were stopped: 0.0000686 seconds, Stopping threads took: 0.0000160 seconds
[2019-12-08T10:30:43.490+0000][1][safepoint    ] Application time: 1.0000738 seconds
[2019-12-08T10:30:43.490+0000][1][safepoint    ] Entering safepoint region: Cleanup
[2019-12-08T10:30:43.490+0000][1][safepoint    ] Leaving safepoint region
[2019-12-08T10:30:43.490+0000][1][safepoint    ] Total time for which application threads were stopped: 0.0000763 seconds, Stopping threads took: 0.0000161 seconds
[2019-12-08T10:30:44.490+0000][1][safepoint    ] Application time: 1.0000775 seconds
[2019-12-08T10:30:44.490+0000][1][safepoint    ] Entering safepoint region: Cleanup
[2019-12-08T10:30:44.490+0000][1][safepoint    ] Leaving safepoint region
[2019-12-08T10:30:44.490+0000][1][safepoint    ] Total time for which application threads were stopped: 0.0000710 seconds, Stopping threads took: 0.0000171 seconds
[2019-12-08T10:30:45.490+0000][1][safepoint    ] Application time: 1.0000749 seconds
[2019-12-08T10:30:45.490+0000][1][safepoint    ] Entering safepoint region: Cleanup
[2019-12-08T10:30:45.490+0000][1][safepoint    ] Leaving safepoint region
[2019-12-08T10:30:45.491+0000][1][safepoint    ] Total time for which application threads were stopped: 0.0000697 seconds, Stopping threads took: 0.0000156 seconds
[2019-12-08T10:30:46.491+0000][1][safepoint    ] Application time: 1.0000773 seconds
[2019-12-08T10:30:46.491+0000][1][safepoint    ] Entering safepoint region: Cleanup
[2019-12-08T10:30:46.491+0000][1][safepoint    ] Leaving safepoint region
[2019-12-08T10:30:46.491+0000][1][safepoint    ] Total time for which application threads were stopped: 0.0000882 seconds, Stopping threads took: 0.0000196 seconds
[2019-12-08T10:30:47.491+0000][1][safepoint    ] Application time: 1.0000763 seconds
[2019-12-08T10:30:47.491+0000][1][safepoint    ] Entering safepoint region: Cleanup
[2019-12-08T10:30:47.491+0000][1][safepoint    ] Leaving safepoint region
[2019-12-08T10:30:47.491+0000][1][safepoint    ] Total time for which application threads were stopped: 0.0000691 seconds, Stopping threads took: 0.0000165 seconds
[2019-12-08T10:30:48.491+0000][1][safepoint    ] Application time: 1.0000766 seconds
[2019-12-08T10:30:48.491+0000][1][safepoint    ] Entering safepoint region: Cleanup
[2019-12-08T10:30:48.491+0000][1][safepoint    ] Leaving safepoint region
[2019-12-08T10:30:48.491+0000][1][safepoint    ] Total time for which application threads were stopped: 0.0000686 seconds, Stopping threads took: 0.0000170 seconds
[2019-12-08T10:30:49.491+0000][1][safepoint    ] Application time: 1.0000761 seconds
[2019-12-08T10:30:49.491+0000][1][safepoint    ] Entering safepoint region: Cleanup
[2019-12-08T10:30:49.491+0000][1][safepoint    ] Leaving safepoint region
[2019-12-08T10:30:49.491+0000][1][safepoint    ] Total time for which application threads were stopped: 0.0000730 seconds, Stopping threads took: 0.0000182 seconds
[2019-12-08T10:30:50.491+0000][1][safepoint    ] Application time: 1.0000775 seconds
[2019-12-08T10:30:50.491+0000][1][safepoint    ] Entering safepoint region: Cleanup
[2019-12-08T10:30:50.491+0000][1][safepoint    ] Leaving safepoint region
[2019-12-08T10:30:50.491+0000][1][safepoint    ] Total time for which application threads were stopped: 0.0000904 seconds, Stopping threads took: 0.0000367 seconds
[2019-12-08T10:30:51.492+0000][1][safepoint    ] Application time: 1.0000821 seconds
[2019-12-08T10:30:51.492+0000][1][safepoint    ] Entering safepoint region: Cleanup
[2019-12-08T10:30:51.492+0000][1][safepoint    ] Leaving safepoint region
[2019-12-08T10:30:51.492+0000][1][safepoint    ] Total time for which application threads were stopped: 0.0000745 seconds, Stopping threads took: 0.0000172 seconds
[2019-12-08T10:30:52.492+0000][1][safepoint    ] Application time: 1.0000775 seconds
[2019-12-08T10:30:52.492+0000][1][safepoint    ] Entering safepoint region: Cleanup
[2019-12-08T10:30:52.492+0000][1][safepoint    ] Leaving safepoint region
[2019-12-08T10:30:52.492+0000][1][safepoint    ] Total time for which application threads were stopped: 0.0000705 seconds, Stopping threads took: 0.0000159 seconds
[2019-12-08T10:30:53.492+0000][1][safepoint    ] Application time: 1.0000764 seconds
[2019-12-08T10:30:53.492+0000][1][safepoint    ] Entering safepoint region: Cleanup
[2019-12-08T10:30:53.492+0000][1][safepoint    ] Leaving safepoint region
[2019-12-08T10:30:53.492+0000][1][safepoint    ] Total time for which application threads were stopped: 0.0000740 seconds, Stopping threads took: 0.0000180 seconds
[2019-12-08T10:30:54.492+0000][1][safepoint    ] Application time: 1.0000746 seconds
[2019-12-08T10:30:54.492+0000][1][safepoint    ] Entering safepoint region: Cleanup
[2019-12-08T10:30:54.492+0000][1][safepoint    ] Leaving safepoint region
[2019-12-08T10:30:54.492+0000][1][safepoint    ] Total time for which application threads were stopped: 0.0000700 seconds, Stopping threads took: 0.0000165 seconds
[2019-12-08T10:30:55.492+0000][1][safepoint    ] Application time: 1.0000778 seconds
[2019-12-08T10:30:55.492+0000][1][safepoint    ] Entering safepoint region: Cleanup
[2019-12-08T10:30:55.492+0000][1][safepoint    ] Leaving safepoint region
[2019-12-08T10:30:55.492+0000][1][safepoint    ] Total time for which application threads were stopped: 0.0000748 seconds, Stopping threads took: 0.0000178 seconds
[2019-12-08T10:30:56.492+0000][1][safepoint    ] Application time: 1.0000764 seconds
[2019-12-08T10:30:56.493+0000][1][safepoint    ] Entering safepoint region: Cleanup
[2019-12-08T10:30:56.493+0000][1][safepoint    ] Leaving safepoint region
[2019-12-08T10:30:56.493+0000][1][safepoint    ] Total time for which application threads were stopped: 0.0000710 seconds, Stopping threads took: 0.0000170 seconds
[2019-12-08T10:30:57.493+0000][1][safepoint    ] Application time: 1.0000772 seconds
[2019-12-08T10:30:57.493+0000][1][safepoint    ] Entering safepoint region: Cleanup
[2019-12-08T10:30:57.493+0000][1][safepoint    ] Leaving safepoint region
[2019-12-08T10:30:57.493+0000][1][safepoint    ] Total time for which application threads were stopped: 0.0000736 seconds, Stopping threads took: 0.0000186 seconds
[2019-12-08T10:30:58.493+0000][1][safepoint    ] Application time: 1.0000766 seconds
[2019-12-08T10:30:58.493+0000][1][safepoint    ] Entering safepoint region: Cleanup
[2019-12-08T10:30:58.493+0000][1][safepoint    ] Leaving safepoint region
[2019-12-08T10:30:58.493+0000][1][safepoint    ] Total time for which application threads were stopped: 0.0000720 seconds, Stopping threads took: 0.0000179 seconds
[2019-12-08T10:30:59.493+0000][1][safepoint    ] Application time: 1.0000736 seconds
[2019-12-08T10:30:59.493+0000][1][safepoint    ] Entering safepoint region: Cleanup
[2019-12-08T10:30:59.493+0000][1][safepoint    ] Leaving safepoint region
[2019-12-08T10:30:59.493+0000][1][safepoint    ] Total time for which application threads were stopped: 0.0000688 seconds, Stopping threads took: 0.0000162 seconds
[2019-12-08T10:31:00.493+0000][1][safepoint    ] Application time: 1.0000754 seconds
[2019-12-08T10:31:00.493+0000][1][safepoint    ] Entering safepoint region: Cleanup
[2019-12-08T10:31:00.493+0000][1][safepoint    ] Leaving safepoint region
[2019-12-08T10:31:00.493+0000][1][safepoint    ] Total time for which application threads were stopped: 0.0000657 seconds, Stopping threads took: 0.0000152 seconds
[2019-12-08T10:31:01.493+0000][1][safepoint    ] Application time: 1.0000745 seconds
[2019-12-08T10:31:01.493+0000][1][safepoint    ] Entering safepoint region: Cleanup
[2019-12-08T10:31:01.494+0000][1][safepoint    ] Leaving safepoint region
[2019-12-08T10:31:01.494+0000][1][safepoint    ] Total time for which application threads were stopped: 0.0000778 seconds, Stopping threads took: 0.0000164 seconds
[2019-12-08T10:31:02.494+0000][1][safepoint    ] Application time: 1.0000806 seconds
[2019-12-08T10:31:02.494+0000][1][safepoint    ] Entering safepoint region: Cleanup
[2019-12-08T10:31:02.494+0000][1][safepoint    ] Leaving safepoint region
[2019-12-08T10:31:02.494+0000][1][safepoint    ] Total time for which application threads were stopped: 0.0000842 seconds, Stopping threads took: 0.0000171 seconds
[2019-12-08T10:31:03.494+0000][1][safepoint    ] Application time: 1.0000791 seconds
[2019-12-08T10:31:03.494+0000][1][safepoint    ] Entering safepoint region: Cleanup
[2019-12-08T10:31:03.494+0000][1][safepoint    ] Leaving safepoint region
[2019-12-08T10:31:03.494+0000][1][safepoint    ] Total time for which application threads were stopped: 0.0000700 seconds, Stopping threads took: 0.0000173 seconds
[2019-12-08T10:31:04.494+0000][1][safepoint    ] Application time: 1.0000850 seconds
[2019-12-08T10:31:04.494+0000][1][safepoint    ] Entering safepoint region: Cleanup
[2019-12-08T10:31:04.494+0000][1][safepoint    ] Leaving safepoint region
[2019-12-08T10:31:04.494+0000][1][safepoint    ] Total time for which application threads were stopped: 0.0000713 seconds, Stopping threads took: 0.0000162 seconds
[2019-12-08T10:31:05.494+0000][1][safepoint    ] Application time: 1.0000762 seconds
[2019-12-08T10:31:05.494+0000][1][safepoint    ] Entering safepoint region: Cleanup
[2019-12-08T10:31:05.494+0000][1][safepoint    ] Leaving safepoint region
[2019-12-08T10:31:05.494+0000][1][safepoint    ] Total time for which application threads were stopped: 0.0000732 seconds, Stopping threads took: 0.0000172 seconds
[2019-12-08T10:31:06.494+0000][1][safepoint    ] Application time: 1.0000816 seconds
[2019-12-08T10:31:06.494+0000][1][safepoint    ] Entering safepoint region: Cleanup
[2019-12-08T10:31:06.494+0000][1][safepoint    ] Leaving safepoint region
[2019-12-08T10:31:06.494+0000][1][safepoint    ] Total time for which application threads were stopped: 0.0000731 seconds, Stopping threads took: 0.0000176 seconds
[2019-12-08T10:31:07.495+0000][1][safepoint    ] Application time: 1.0000800 seconds
[2019-12-08T10:31:07.495+0000][1][safepoint    ] Entering safepoint region: Cleanup
[2019-12-08T10:31:07.495+0000][1][safepoint    ] Leaving safepoint region
[2019-12-08T10:31:07.495+0000][1][safepoint    ] Total time for which application threads were stopped: 0.0000821 seconds, Stopping threads took: 0.0000151 seconds
[2019-12-08T10:31:08.495+0000][1][safepoint    ] Application time: 1.0000764 seconds
[2019-12-08T10:31:08.495+0000][1][safepoint    ] Entering safepoint region: Cleanup
[2019-12-08T10:31:08.495+0000][1][safepoint    ] Leaving safepoint region
[2019-12-08T10:31:08.495+0000][1][safepoint    ] Total time for which application threads were stopped: 0.0000718 seconds, Stopping threads took: 0.0000180 seconds
[2019-12-08T10:31:09.495+0000][1][safepoint    ] Application time: 1.0000791 seconds
[2019-12-08T10:31:09.495+0000][1][safepoint    ] Entering safepoint region: Cleanup
[2019-12-08T10:31:09.495+0000][1][safepoint    ] Leaving safepoint region
[2019-12-08T10:31:09.495+0000][1][safepoint    ] Total time for which application threads were stopped: 0.0000729 seconds, Stopping threads took: 0.0000176 seconds
[2019-12-08T10:31:10.495+0000][1][safepoint    ] Application time: 1.0000766 seconds
[2019-12-08T10:31:10.495+0000][1][safepoint    ] Entering safepoint region: Cleanup
[2019-12-08T10:31:10.495+0000][1][safepoint    ] Leaving safepoint region
[2019-12-08T10:31:10.495+0000][1][safepoint    ] Total time for which application threads were stopped: 0.0000723 seconds, Stopping threads took: 0.0000170 seconds
[2019-12-08T10:31:11.495+0000][1][safepoint    ] Application time: 1.0000774 seconds
[2019-12-08T10:31:11.495+0000][1][safepoint    ] Entering safepoint region: Cleanup
[2019-12-08T10:31:11.495+0000][1][safepoint    ] Leaving safepoint region
[2019-12-08T10:31:11.495+0000][1][safepoint    ] Total time for which application threads were stopped: 0.0000723 seconds, Stopping threads took: 0.0000167 seconds
[2019-12-08T10:31:12.496+0000][1][safepoint    ] Application time: 1.0000780 seconds
[2019-12-08T10:31:12.496+0000][1][safepoint    ] Entering safepoint region: Cleanup
[2019-12-08T10:31:12.496+0000][1][safepoint    ] Leaving safepoint region
[2019-12-08T10:31:12.496+0000][1][safepoint    ] Total time for which application threads were stopped: 0.0000705 seconds, Stopping threads took: 0.0000163 seconds
[2019-12-08T10:31:13.496+0000][1][safepoint    ] Application time: 1.0000771 seconds
[2019-12-08T10:31:13.496+0000][1][safepoint    ] Entering safepoint region: Cleanup
[2019-12-08T10:31:13.496+0000][1][safepoint    ] Leaving safepoint region
[2019-12-08T10:31:13.496+0000][1][safepoint    ] Total time for which application threads were stopped: 0.0000697 seconds, Stopping threads took: 0.0000169 seconds
[2019-12-08T10:31:14.496+0000][1][safepoint    ] Application time: 1.0000745 seconds
[2019-12-08T10:31:14.496+0000][1][safepoint    ] Entering safepoint region: Cleanup
[2019-12-08T10:31:14.496+0000][1][safepoint    ] Leaving safepoint region
[2019-12-08T10:31:14.496+0000][1][safepoint    ] Total time for which application threads were stopped: 0.0000695 seconds, Stopping threads took: 0.0000157 seconds
[2019-12-08T10:31:15.496+0000][1][safepoint    ] Application time: 1.0000754 seconds
[2019-12-08T10:31:15.496+0000][1][safepoint    ] Entering safepoint region: Cleanup
[2019-12-08T10:31:15.496+0000][1][safepoint    ] Leaving safepoint region
[2019-12-08T10:31:15.496+0000][1][safepoint    ] Total time for which application threads were stopped: 0.0000793 seconds, Stopping threads took: 0.0000247 seconds
[2019-12-08T10:31:16.496+0000][1][safepoint    ] Application time: 1.0000753 seconds
[2019-12-08T10:31:16.496+0000][1][safepoint    ] Entering safepoint region: Cleanup
[2019-12-08T10:31:16.496+0000][1][safepoint    ] Leaving safepoint region
[2019-12-08T10:31:16.496+0000][1][safepoint    ] Total time for which application threads were stopped: 0.0000704 seconds, Stopping threads took: 0.0000166 seconds
[2019-12-08T10:31:17.497+0000][1][safepoint    ] Application time: 1.0000761 seconds
[2019-12-08T10:31:17.497+0000][1][safepoint    ] Entering safepoint region: Cleanup
[2019-12-08T10:31:17.497+0000][1][safepoint    ] Leaving safepoint region
[2019-12-08T10:31:17.497+0000][1][safepoint    ] Total time for which application threads were stopped: 0.0000708 seconds, Stopping threads took: 0.0000173 seconds
[2019-12-08T10:31:18.497+0000][1][safepoint    ] Application time: 1.0000890 seconds
[2019-12-08T10:31:18.497+0000][1][safepoint    ] Entering safepoint region: Cleanup
[2019-12-08T10:31:18.497+0000][1][safepoint    ] Leaving safepoint region
[2019-12-08T10:31:18.497+0000][1][safepoint    ] Total time for which application threads were stopped: 0.0000717 seconds, Stopping threads took: 0.0000155 seconds
[2019-12-08T10:31:19.497+0000][1][safepoint    ] Application time: 1.0000773 seconds
[2019-12-08T10:31:19.497+0000][1][safepoint    ] Entering safepoint region: Cleanup
[2019-12-08T10:31:19.497+0000][1][safepoint    ] Leaving safepoint region
[2019-12-08T10:31:19.497+0000][1][safepoint    ] Total time for which application threads were stopped: 0.0000720 seconds, Stopping threads took: 0.0000175 seconds
[2019-12-08T10:31:20.497+0000][1][safepoint    ] Application time: 1.0000805 seconds
[2019-12-08T10:31:20.497+0000][1][safepoint    ] Entering safepoint region: Cleanup
[2019-12-08T10:31:20.497+0000][1][safepoint    ] Leaving safepoint region
[2019-12-08T10:31:20.497+0000][1][safepoint    ] Total time for which application threads were stopped: 0.0000735 seconds, Stopping threads took: 0.0000160 seconds
[2019-12-08T10:31:21.497+0000][1][safepoint    ] Application time: 1.0000813 seconds
[2019-12-08T10:31:21.497+0000][1][safepoint    ] Entering safepoint region: Cleanup
[2019-12-08T10:31:21.497+0000][1][safepoint    ] Leaving safepoint region
[2019-12-08T10:31:21.497+0000][1][safepoint    ] Total time for which application threads were stopped: 0.0000712 seconds, Stopping threads took: 0.0000154 seconds
[2019-12-08T10:31:22.498+0000][1][safepoint    ] Application time: 1.0008033 seconds
[2019-12-08T10:31:22.498+0000][1][safepoint    ] Entering safepoint region: Cleanup
[2019-12-08T10:31:22.498+0000][1][safepoint    ] Leaving safepoint region
[2019-12-08T10:31:22.498+0000][1][safepoint    ] Total time for which application threads were stopped: 0.0000706 seconds, Stopping threads took: 0.0000172 seconds
[2019-12-08T10:31:23.498+0000][1][safepoint    ] Application time: 1.0000782 seconds
[2019-12-08T10:31:23.498+0000][1][safepoint    ] Entering safepoint region: Cleanup
[2019-12-08T10:31:23.498+0000][1][safepoint    ] Leaving safepoint region
[2019-12-08T10:31:23.498+0000][1][safepoint    ] Total time for which application threads were stopped: 0.0000681 seconds, Stopping threads took: 0.0000140 seconds
[2019-12-08T10:31:24.499+0000][1][safepoint    ] Application time: 1.0000783 seconds
[2019-12-08T10:31:24.499+0000][1][safepoint    ] Entering safepoint region: Cleanup
[2019-12-08T10:31:24.499+0000][1][safepoint    ] Leaving safepoint region
[2019-12-08T10:31:24.499+0000][1][safepoint    ] Total time for which application threads were stopped: 0.0000890 seconds, Stopping threads took: 0.0000212 seconds
[2019-12-08T10:31:25.499+0000][1][safepoint    ] Application time: 1.0000783 seconds
[2019-12-08T10:31:25.499+0000][1][safepoint    ] Entering safepoint region: Cleanup
[2019-12-08T10:31:25.499+0000][1][safepoint    ] Leaving safepoint region
[2019-12-08T10:31:25.499+0000][1][safepoint    ] Total time for which application threads were stopped: 0.0000802 seconds, Stopping threads took: 0.0000247 seconds
[2019-12-08T10:31:26.499+0000][1][safepoint    ] Application time: 1.0000781 seconds
[2019-12-08T10:31:26.499+0000][1][safepoint    ] Entering safepoint region: Cleanup
[2019-12-08T10:31:26.499+0000][1][safepoint    ] Leaving safepoint region
[2019-12-08T10:31:26.499+0000][1][safepoint    ] Total time for which application threads were stopped: 0.0000744 seconds, Stopping threads took: 0.0000177 seconds
[2019-12-08T10:31:27.499+0000][1][safepoint    ] Application time: 1.0000824 seconds
[2019-12-08T10:31:27.499+0000][1][safepoint    ] Entering safepoint region: Cleanup
[2019-12-08T10:31:27.499+0000][1][safepoint    ] Leaving safepoint region
[2019-12-08T10:31:27.499+0000][1][safepoint    ] Total time for which application threads were stopped: 0.0000713 seconds, Stopping threads took: 0.0000176 seconds
[2019-12-08T10:31:28.499+0000][1][safepoint    ] Application time: 1.0000745 seconds
[2019-12-08T10:31:28.499+0000][1][safepoint    ] Entering safepoint region: Cleanup
[2019-12-08T10:31:28.499+0000][1][safepoint    ] Leaving safepoint region
[2019-12-08T10:31:28.499+0000][1][safepoint    ] Total time for which application threads were stopped: 0.0000699 seconds, Stopping threads took: 0.0000171 seconds
[2019-12-08T10:31:29.500+0000][1][safepoint    ] Application time: 1.0000789 seconds
[2019-12-08T10:31:29.500+0000][1][safepoint    ] Entering safepoint region: Cleanup
[2019-12-08T10:31:29.500+0000][1][safepoint    ] Leaving safepoint region
[2019-12-08T10:31:29.500+0000][1][safepoint    ] Total time for which application threads were stopped: 0.0000982 seconds, Stopping threads took: 0.0000192 seconds
[2019-12-08T10:31:30.500+0000][1][safepoint    ] Application time: 1.0000774 seconds
[2019-12-08T10:31:30.500+0000][1][safepoint    ] Entering safepoint region: Cleanup
[2019-12-08T10:31:30.500+0000][1][safepoint    ] Leaving safepoint region
[2019-12-08T10:31:30.500+0000][1][safepoint    ] Total time for which application threads were stopped: 0.0000736 seconds, Stopping threads took: 0.0000173 seconds
[2019-12-08T10:31:31.500+0000][1][safepoint    ] Application time: 1.0000767 seconds
[2019-12-08T10:31:31.500+0000][1][safepoint    ] Entering safepoint region: Cleanup
[2019-12-08T10:31:31.500+0000][1][safepoint    ] Leaving safepoint region
[2019-12-08T10:31:31.500+0000][1][safepoint    ] Total time for which application threads were stopped: 0.0000724 seconds, Stopping threads took: 0.0000175 seconds
[2019-12-08T10:31:32.500+0000][1][safepoint    ] Application time: 1.0000977 seconds
[2019-12-08T10:31:32.500+0000][1][safepoint    ] Entering safepoint region: Cleanup
[2019-12-08T10:31:32.500+0000][1][safepoint    ] Leaving safepoint region
[2019-12-08T10:31:32.500+0000][1][safepoint    ] Total time for which application threads were stopped: 0.0000766 seconds, Stopping threads took: 0.0000189 seconds
[2019-12-08T10:31:33.500+0000][1][safepoint    ] Application time: 1.0000845 seconds
[2019-12-08T10:31:33.500+0000][1][safepoint    ] Entering safepoint region: Cleanup
[2019-12-08T10:31:33.501+0000][1][safepoint    ] Leaving safepoint region
[2019-12-08T10:31:33.501+0000][1][safepoint    ] Total time for which application threads were stopped: 0.0001051 seconds, Stopping threads took: 0.0000469 seconds
[2019-12-08T10:31:34.501+0000][1][safepoint    ] Application time: 1.0000859 seconds
[2019-12-08T10:31:34.501+0000][1][safepoint    ] Entering safepoint region: Cleanup
[2019-12-08T10:31:34.501+0000][1][safepoint    ] Leaving safepoint region
[2019-12-08T10:31:34.501+0000][1][safepoint    ] Total time for which application threads were stopped: 0.0000857 seconds, Stopping threads took: 0.0000276 seconds
[2019-12-08T10:31:35.501+0000][1][safepoint    ] Application time: 1.0000860 seconds
[2019-12-08T10:31:35.501+0000][1][safepoint    ] Entering safepoint region: Cleanup
[2019-12-08T10:31:35.501+0000][1][safepoint    ] Leaving safepoint region
[2019-12-08T10:31:35.501+0000][1][safepoint    ] Total time for which application threads were stopped: 0.0001293 seconds, Stopping threads took: 0.0000316 seconds
[2019-12-08T10:31:36.501+0000][1][safepoint    ] Application time: 1.0000845 seconds
[2019-12-08T10:31:36.501+0000][1][safepoint    ] Entering safepoint region: Cleanup
[2019-12-08T10:31:36.501+0000][1][safepoint    ] Leaving safepoint region
[2019-12-08T10:31:36.501+0000][1][safepoint    ] Total time for which application threads were stopped: 0.0000762 seconds, Stopping threads took: 0.0000191 seconds
[2019-12-08T10:31:37.501+0000][1][safepoint    ] Application time: 1.0000781 seconds
[2019-12-08T10:31:37.501+0000][1][safepoint    ] Entering safepoint region: Cleanup
[2019-12-08T10:31:37.501+0000][1][safepoint    ] Leaving safepoint region
[2019-12-08T10:31:37.501+0000][1][safepoint    ] Total time for which application threads were stopped: 0.0000777 seconds, Stopping threads took: 0.0000194 seconds
[2019-12-08T10:31:38.502+0000][1][safepoint    ] Application time: 1.0000870 seconds
[2019-12-08T10:31:38.502+0000][1][safepoint    ] Entering safepoint region: Cleanup
[2019-12-08T10:31:38.502+0000][1][safepoint    ] Leaving safepoint region
[2019-12-08T10:31:38.502+0000][1][safepoint    ] Total time for which application threads were stopped: 0.0001177 seconds, Stopping threads took: 0.0000475 seconds
[2019-12-08T10:31:39.502+0000][1][safepoint    ] Application time: 1.0000861 seconds
[2019-12-08T10:31:39.502+0000][1][safepoint    ] Entering safepoint region: Cleanup
[2019-12-08T10:31:39.502+0000][1][safepoint    ] Leaving safepoint region
[2019-12-08T10:31:39.502+0000][1][safepoint    ] Total time for which application threads were stopped: 0.0000742 seconds, Stopping threads took: 0.0000188 seconds
[2019-12-08T10:31:40.502+0000][1][safepoint    ] Application time: 1.0000847 seconds
[2019-12-08T10:31:40.502+0000][1][safepoint    ] Entering safepoint region: Cleanup
[2019-12-08T10:31:40.502+0000][1][safepoint    ] Leaving safepoint region
[2019-12-08T10:31:40.502+0000][1][safepoint    ] Total time for which application threads were stopped: 0.0000736 seconds, Stopping threads took: 0.0000174 seconds
[2019-12-08T10:31:41.502+0000][1][safepoint    ] Application time: 1.0000806 seconds
[2019-12-08T10:31:41.502+0000][1][safepoint    ] Entering safepoint region: Cleanup
[2019-12-08T10:31:41.502+0000][1][safepoint    ] Leaving safepoint region
[2019-12-08T10:31:41.502+0000][1][safepoint    ] Total time for which application threads were stopped: 0.0000761 seconds, Stopping threads took: 0.0000187 seconds
[2019-12-08T10:31:42.502+0000][1][safepoint    ] Application time: 1.0000818 seconds
[2019-12-08T10:31:42.502+0000][1][safepoint    ] Entering safepoint region: Cleanup
[2019-12-08T10:31:42.503+0000][1][safepoint    ] Leaving safepoint region
[2019-12-08T10:31:42.503+0000][1][safepoint    ] Total time for which application threads were stopped: 0.0000757 seconds, Stopping threads took: 0.0000180 seconds
[2019-12-08T10:31:43.503+0000][1][safepoint    ] Application time: 1.0000818 seconds
[2019-12-08T10:31:43.503+0000][1][safepoint    ] Entering safepoint region: Cleanup
[2019-12-08T10:31:43.503+0000][1][safepoint    ] Leaving safepoint region
[2019-12-08T10:31:43.503+0000][1][safepoint    ] Total time for which application threads were stopped: 0.0001426 seconds, Stopping threads took: 0.0000804 seconds
[2019-12-08T10:31:44.503+0000][1][safepoint    ] Application time: 1.0000871 seconds
[2019-12-08T10:31:44.503+0000][1][safepoint    ] Entering safepoint region: Cleanup
[2019-12-08T10:31:44.503+0000][1][safepoint    ] Leaving safepoint region
[2019-12-08T10:31:44.503+0000][1][safepoint    ] Total time for which application threads were stopped: 0.0000730 seconds, Stopping threads took: 0.0000180 seconds
[2019-12-08T10:31:45.503+0000][1][safepoint    ] Application time: 1.0000824 seconds
[2019-12-08T10:31:45.503+0000][1][safepoint    ] Entering safepoint region: Cleanup
[2019-12-08T10:31:45.503+0000][1][safepoint    ] Leaving safepoint region
[2019-12-08T10:31:45.503+0000][1][safepoint    ] Total time for which application threads were stopped: 0.0000840 seconds, Stopping threads took: 0.0000192 seconds
[2019-12-08T10:31:46.503+0000][1][safepoint    ] Application time: 1.0000774 seconds
[2019-12-08T10:31:46.503+0000][1][safepoint    ] Entering safepoint region: Cleanup
[2019-12-08T10:31:46.503+0000][1][safepoint    ] Leaving safepoint region
[2019-12-08T10:31:46.503+0000][1][safepoint    ] Total time for which application threads were stopped: 0.0000760 seconds, Stopping threads took: 0.0000190 seconds
[2019-12-08T10:31:47.504+0000][1][safepoint    ] Application time: 1.0000782 seconds
[2019-12-08T10:31:47.504+0000][1][safepoint    ] Entering safepoint region: Cleanup
[2019-12-08T10:31:47.504+0000][1][safepoint    ] Leaving safepoint region
[2019-12-08T10:31:47.504+0000][1][safepoint    ] Total time for which application threads were stopped: 0.0000717 seconds, Stopping threads took: 0.0000187 seconds
[2019-12-08T10:31:48.504+0000][1][safepoint    ] Application time: 1.0000538 seconds
[2019-12-08T10:31:48.504+0000][1][safepoint    ] Entering safepoint region: Cleanup
[2019-12-08T10:31:48.504+0000][1][safepoint    ] Leaving safepoint region
[2019-12-08T10:31:48.504+0000][1][safepoint    ] Total time for which application threads were stopped: 0.0000740 seconds, Stopping threads took: 0.0000182 seconds
[2019-12-08T10:31:49.504+0000][1][safepoint    ] Application time: 1.0000775 seconds
[2019-12-08T10:31:49.504+0000][1][safepoint    ] Entering safepoint region: Cleanup
[2019-12-08T10:31:49.504+0000][1][safepoint    ] Leaving safepoint region
[2019-12-08T10:31:49.504+0000][1][safepoint    ] Total time for which application threads were stopped: 0.0000750 seconds, Stopping threads took: 0.0000177 seconds
[2019-12-08T10:31:50.504+0000][1][safepoint    ] Application time: 1.0000817 seconds
[2019-12-08T10:31:50.504+0000][1][safepoint    ] Entering safepoint region: Cleanup
[2019-12-08T10:31:50.504+0000][1][safepoint    ] Leaving safepoint region
[2019-12-08T10:31:50.504+0000][1][safepoint    ] Total time for which application threads were stopped: 0.0000730 seconds, Stopping threads took: 0.0000183 seconds
[2019-12-08T10:31:51.504+0000][1][safepoint    ] Application time: 1.0000761 seconds
[2019-12-08T10:31:51.504+0000][1][safepoint    ] Entering safepoint region: Cleanup
[2019-12-08T10:31:51.504+0000][1][safepoint    ] Leaving safepoint region
[2019-12-08T10:31:51.504+0000][1][safepoint    ] Total time for which application threads were stopped: 0.0000802 seconds, Stopping threads took: 0.0000251 seconds
[2019-12-08T10:31:52.504+0000][1][safepoint    ] Application time: 1.0000770 seconds
[2019-12-08T10:31:52.504+0000][1][safepoint    ] Entering safepoint region: Cleanup
[2019-12-08T10:31:52.505+0000][1][safepoint    ] Leaving safepoint region
[2019-12-08T10:31:52.505+0000][1][safepoint    ] Total time for which application threads were stopped: 0.0000751 seconds, Stopping threads took: 0.0000186 seconds
[2019-12-08T10:31:53.505+0000][1][safepoint    ] Application time: 1.0000759 seconds
[2019-12-08T10:31:53.505+0000][1][safepoint    ] Entering safepoint region: Cleanup
[2019-12-08T10:31:53.505+0000][1][safepoint    ] Leaving safepoint region
[2019-12-08T10:31:53.505+0000][1][safepoint    ] Total time for which application threads were stopped: 0.0000837 seconds, Stopping threads took: 0.0000270 seconds
[2019-12-08T10:31:54.505+0000][1][safepoint    ] Application time: 1.0000763 seconds
[2019-12-08T10:31:54.505+0000][1][safepoint    ] Entering safepoint region: Cleanup
[2019-12-08T10:31:54.505+0000][1][safepoint    ] Leaving safepoint region
[2019-12-08T10:31:54.505+0000][1][safepoint    ] Total time for which application threads were stopped: 0.0000694 seconds, Stopping threads took: 0.0000170 seconds
[2019-12-08T10:31:55.505+0000][1][safepoint    ] Application time: 1.0000831 seconds
[2019-12-08T10:31:55.505+0000][1][safepoint    ] Entering safepoint region: Cleanup
[2019-12-08T10:31:55.505+0000][1][safepoint    ] Leaving safepoint region
[2019-12-08T10:31:55.505+0000][1][safepoint    ] Total time for which application threads were stopped: 0.0000838 seconds, Stopping threads took: 0.0000187 seconds
[2019-12-08T10:31:56.505+0000][1][safepoint    ] Application time: 1.0000768 seconds
[2019-12-08T10:31:56.505+0000][1][safepoint    ] Entering safepoint region: Cleanup
[2019-12-08T10:31:56.505+0000][1][safepoint    ] Leaving safepoint region
[2019-12-08T10:31:56.505+0000][1][safepoint    ] Total time for which application threads were stopped: 0.0000757 seconds, Stopping threads took: 0.0000197 seconds
[2019-12-08T10:31:57.505+0000][1][safepoint    ] Application time: 1.0000764 seconds
[2019-12-08T10:31:57.505+0000][1][safepoint    ] Entering safepoint region: Cleanup
[2019-12-08T10:31:57.506+0000][1][safepoint    ] Leaving safepoint region
[2019-12-08T10:31:57.506+0000][1][safepoint    ] Total time for which application threads were stopped: 0.0000712 seconds, Stopping threads took: 0.0000173 seconds
[2019-12-08T10:31:58.506+0000][1][safepoint    ] Application time: 1.0000785 seconds
[2019-12-08T10:31:58.506+0000][1][safepoint    ] Entering safepoint region: Cleanup
[2019-12-08T10:31:58.506+0000][1][safepoint    ] Leaving safepoint region
[2019-12-08T10:31:58.506+0000][1][safepoint    ] Total time for which application threads were stopped: 0.0000838 seconds, Stopping threads took: 0.0000201 seconds
[2019-12-08T10:31:59.506+0000][1][safepoint    ] Application time: 1.0000788 seconds
[2019-12-08T10:31:59.506+0000][1][safepoint    ] Entering safepoint region: Cleanup
[2019-12-08T10:31:59.506+0000][1][safepoint    ] Leaving safepoint region
[2019-12-08T10:31:59.506+0000][1][safepoint    ] Total time for which application threads were stopped: 0.0000716 seconds, Stopping threads took: 0.0000173 seconds
[2019-12-08T10:32:00.506+0000][1][safepoint    ] Application time: 1.0000794 seconds
[2019-12-08T10:32:00.506+0000][1][safepoint    ] Entering safepoint region: Cleanup
[2019-12-08T10:32:00.506+0000][1][safepoint    ] Leaving safepoint region
[2019-12-08T10:32:00.506+0000][1][safepoint    ] Total time for which application threads were stopped: 0.0000742 seconds, Stopping threads took: 0.0000184 seconds
[2019-12-08T10:32:01.506+0000][1][safepoint    ] Application time: 1.0000834 seconds
[2019-12-08T10:32:01.506+0000][1][safepoint    ] Entering safepoint region: Cleanup
[2019-12-08T10:32:01.506+0000][1][safepoint    ] Leaving safepoint region
[2019-12-08T10:32:01.506+0000][1][safepoint    ] Total time for which application threads were stopped: 0.0000780 seconds, Stopping threads took: 0.0000182 seconds
[2019-12-08T10:32:02.506+0000][1][safepoint    ] Application time: 1.0000918 seconds
[2019-12-08T10:32:02.506+0000][1][safepoint    ] Entering safepoint region: Cleanup
[2019-12-08T10:32:02.507+0000][1][safepoint    ] Leaving safepoint region
[2019-12-08T10:32:02.507+0000][1][safepoint    ] Total time for which application threads were stopped: 0.0001254 seconds, Stopping threads took: 0.0000266 seconds
[2019-12-08T10:32:03.507+0000][1][safepoint    ] Application time: 1.0000798 seconds
[2019-12-08T10:32:03.507+0000][1][safepoint    ] Entering safepoint region: Cleanup
[2019-12-08T10:32:03.507+0000][1][safepoint    ] Leaving safepoint region
[2019-12-08T10:32:03.507+0000][1][safepoint    ] Total time for which application threads were stopped: 0.0000755 seconds, Stopping threads took: 0.0000196 seconds
[2019-12-08T10:32:04.507+0000][1][safepoint    ] Application time: 1.0000943 seconds
[2019-12-08T10:32:04.507+0000][1][safepoint    ] Entering safepoint region: Cleanup
[2019-12-08T10:32:04.507+0000][1][safepoint    ] Leaving safepoint region
[2019-12-08T10:32:04.507+0000][1][safepoint    ] Total time for which application threads were stopped: 0.0000759 seconds, Stopping threads took: 0.0000189 seconds
[2019-12-08T10:32:05.507+0000][1][safepoint    ] Application time: 1.0000900 seconds
[2019-12-08T10:32:05.507+0000][1][safepoint    ] Entering safepoint region: Cleanup
[2019-12-08T10:32:05.507+0000][1][safepoint    ] Leaving safepoint region
[2019-12-08T10:32:05.507+0000][1][safepoint    ] Total time for which application threads were stopped: 0.0001233 seconds, Stopping threads took: 0.0000294 seconds
[2019-12-08T10:32:06.507+0000][1][safepoint    ] Application time: 1.0000843 seconds
[2019-12-08T10:32:06.507+0000][1][safepoint    ] Entering safepoint region: Cleanup
[2019-12-08T10:32:06.507+0000][1][safepoint    ] Leaving safepoint region
[2019-12-08T10:32:06.507+0000][1][safepoint    ] Total time for which application threads were stopped: 0.0000758 seconds, Stopping threads took: 0.0000193 seconds
[2019-12-08T10:32:07.508+0000][1][safepoint    ] Application time: 1.0000784 seconds
[2019-12-08T10:32:07.508+0000][1][safepoint    ] Entering safepoint region: Cleanup
[2019-12-08T10:32:07.508+0000][1][safepoint    ] Leaving safepoint region
[2019-12-08T10:32:07.508+0000][1][safepoint    ] Total time for which application threads were stopped: 0.0000876 seconds, Stopping threads took: 0.0000186 seconds
[2019-12-08T10:32:08.508+0000][1][safepoint    ] Application time: 1.0000818 seconds
[2019-12-08T10:32:08.508+0000][1][safepoint    ] Entering safepoint region: Cleanup
[2019-12-08T10:32:08.508+0000][1][safepoint    ] Leaving safepoint region
[2019-12-08T10:32:08.508+0000][1][safepoint    ] Total time for which application threads were stopped: 0.0000759 seconds, Stopping threads took: 0.0000196 seconds
[2019-12-08T10:32:09.508+0000][1][safepoint    ] Application time: 1.0000800 seconds
[2019-12-08T10:32:09.508+0000][1][safepoint    ] Entering safepoint region: Cleanup
[2019-12-08T10:32:09.508+0000][1][safepoint    ] Leaving safepoint region
[2019-12-08T10:32:09.508+0000][1][safepoint    ] Total time for which application threads were stopped: 0.0000755 seconds, Stopping threads took: 0.0000180 seconds
[2019-12-08T10:32:10.508+0000][1][safepoint    ] Application time: 1.0000806 seconds
[2019-12-08T10:32:10.508+0000][1][safepoint    ] Entering safepoint region: Cleanup
[2019-12-08T10:32:10.508+0000][1][safepoint    ] Leaving safepoint region
[2019-12-08T10:32:10.508+0000][1][safepoint    ] Total time for which application threads were stopped: 0.0000745 seconds, Stopping threads took: 0.0000175 seconds
[2019-12-08T10:32:11.508+0000][1][safepoint    ] Application time: 1.0000764 seconds
[2019-12-08T10:32:11.508+0000][1][safepoint    ] Entering safepoint region: Cleanup
[2019-12-08T10:32:11.508+0000][1][safepoint    ] Leaving safepoint region
[2019-12-08T10:32:11.508+0000][1][safepoint    ] Total time for which application threads were stopped: 0.0000748 seconds, Stopping threads took: 0.0000183 seconds
[2019-12-08T10:32:12.509+0000][1][safepoint    ] Application time: 1.0000838 seconds
[2019-12-08T10:32:12.509+0000][1][safepoint    ] Entering safepoint region: Cleanup
[2019-12-08T10:32:12.509+0000][1][safepoint    ] Leaving safepoint region
[2019-12-08T10:32:12.509+0000][1][safepoint    ] Total time for which application threads were stopped: 0.0000872 seconds, Stopping threads took: 0.0000196 seconds
[2019-12-08T10:32:13.509+0000][1][safepoint    ] Application time: 1.0000845 seconds
[2019-12-08T10:32:13.509+0000][1][safepoint    ] Entering safepoint region: Cleanup
[2019-12-08T10:32:13.509+0000][1][safepoint    ] Leaving safepoint region
[2019-12-08T10:32:13.509+0000][1][safepoint    ] Total time for which application threads were stopped: 0.0000754 seconds, Stopping threads took: 0.0000180 seconds
[2019-12-08T10:32:14.509+0000][1][safepoint    ] Application time: 1.0000810 seconds
[2019-12-08T10:32:14.509+0000][1][safepoint    ] Entering safepoint region: Cleanup
[2019-12-08T10:32:14.509+0000][1][safepoint    ] Leaving safepoint region
[2019-12-08T10:32:14.509+0000][1][safepoint    ] Total time for which application threads were stopped: 0.0000759 seconds, Stopping threads took: 0.0000184 seconds
[2019-12-08T10:32:15.509+0000][1][safepoint    ] Application time: 1.0000791 seconds
[2019-12-08T10:32:15.509+0000][1][safepoint    ] Entering safepoint region: Cleanup
[2019-12-08T10:32:15.509+0000][1][safepoint    ] Leaving safepoint region
[2019-12-08T10:32:15.509+0000][1][safepoint    ] Total time for which application threads were stopped: 0.0000722 seconds, Stopping threads took: 0.0000176 seconds
[2019-12-08T10:32:16.509+0000][1][safepoint    ] Application time: 1.0000775 seconds
[2019-12-08T10:32:16.509+0000][1][safepoint    ] Entering safepoint region: Cleanup
[2019-12-08T10:32:16.510+0000][1][safepoint    ] Leaving safepoint region
[2019-12-08T10:32:16.510+0000][1][safepoint    ] Total time for which application threads were stopped: 0.0000985 seconds, Stopping threads took: 0.0000228 seconds
[2019-12-08T10:32:17.510+0000][1][safepoint    ] Application time: 1.0000800 seconds
[2019-12-08T10:32:17.510+0000][1][safepoint    ] Entering safepoint region: Cleanup
[2019-12-08T10:32:17.510+0000][1][safepoint    ] Leaving safepoint region
[2019-12-08T10:32:17.510+0000][1][safepoint    ] Total time for which application threads were stopped: 0.0000833 seconds, Stopping threads took: 0.0000187 seconds
[2019-12-08T10:32:18.510+0000][1][safepoint    ] Application time: 1.0000799 seconds
[2019-12-08T10:32:18.510+0000][1][safepoint    ] Entering safepoint region: Cleanup
[2019-12-08T10:32:18.510+0000][1][safepoint    ] Leaving safepoint region
[2019-12-08T10:32:18.510+0000][1][safepoint    ] Total time for which application threads were stopped: 0.0000763 seconds, Stopping threads took: 0.0000189 seconds
[2019-12-08T10:32:19.510+0000][1][safepoint    ] Application time: 1.0000820 seconds
[2019-12-08T10:32:19.510+0000][1][safepoint    ] Entering safepoint region: Cleanup
[2019-12-08T10:32:19.510+0000][1][safepoint    ] Leaving safepoint region
[2019-12-08T10:32:19.510+0000][1][safepoint    ] Total time for which application threads were stopped: 0.0000784 seconds, Stopping threads took: 0.0000185 seconds
[2019-12-08T10:32:20.510+0000][1][safepoint    ] Application time: 1.0000776 seconds
[2019-12-08T10:32:20.510+0000][1][safepoint    ] Entering safepoint region: Cleanup
[2019-12-08T10:32:20.510+0000][1][safepoint    ] Leaving safepoint region
[2019-12-08T10:32:20.510+0000][1][safepoint    ] Total time for which application threads were stopped: 0.0000725 seconds, Stopping threads took: 0.0000171 seconds
[2019-12-08T10:32:21.510+0000][1][safepoint    ] Application time: 1.0000758 seconds
[2019-12-08T10:32:21.510+0000][1][safepoint    ] Entering safepoint region: Cleanup
[2019-12-08T10:32:21.511+0000][1][safepoint    ] Leaving safepoint region
[2019-12-08T10:32:21.511+0000][1][safepoint    ] Total time for which application threads were stopped: 0.0000731 seconds, Stopping threads took: 0.0000168 seconds
[2019-12-08T10:32:22.511+0000][1][safepoint    ] Application time: 1.0000804 seconds
[2019-12-08T10:32:22.511+0000][1][safepoint    ] Entering safepoint region: Cleanup
[2019-12-08T10:32:22.511+0000][1][safepoint    ] Leaving safepoint region
[2019-12-08T10:32:22.511+0000][1][safepoint    ] Total time for which application threads were stopped: 0.0000824 seconds, Stopping threads took: 0.0000180 seconds
[2019-12-08T10:32:23.511+0000][1][safepoint    ] Application time: 1.0000784 seconds
[2019-12-08T10:32:23.511+0000][1][safepoint    ] Entering safepoint region: Cleanup
[2019-12-08T10:32:23.511+0000][1][safepoint    ] Leaving safepoint region
[2019-12-08T10:32:23.511+0000][1][safepoint    ] Total time for which application threads were stopped: 0.0000773 seconds, Stopping threads took: 0.0000192 seconds
[2019-12-08T10:32:24.511+0000][1][safepoint    ] Application time: 1.0000791 seconds
[2019-12-08T10:32:24.511+0000][1][safepoint    ] Entering safepoint region: Cleanup
[2019-12-08T10:32:24.511+0000][1][safepoint    ] Leaving safepoint region
[2019-12-08T10:32:24.511+0000][1][safepoint    ] Total time for which application threads were stopped: 0.0000746 seconds, Stopping threads took: 0.0000185 seconds
[2019-12-08T10:32:25.511+0000][1][safepoint    ] Application time: 1.0000845 seconds
[2019-12-08T10:32:25.511+0000][1][safepoint    ] Entering safepoint region: Cleanup
[2019-12-08T10:32:25.511+0000][1][safepoint    ] Leaving safepoint region
[2019-12-08T10:32:25.511+0000][1][safepoint    ] Total time for which application threads were stopped: 0.0000761 seconds, Stopping threads took: 0.0000188 seconds
[2019-12-08T10:32:26.511+0000][1][safepoint    ] Application time: 1.0000769 seconds
[2019-12-08T10:32:26.511+0000][1][safepoint    ] Entering safepoint region: Cleanup
[2019-12-08T10:32:26.512+0000][1][safepoint    ] Leaving safepoint region
[2019-12-08T10:32:26.512+0000][1][safepoint    ] Total time for which application threads were stopped: 0.0000779 seconds, Stopping threads took: 0.0000200 seconds
[2019-12-08T10:32:27.512+0000][1][safepoint    ] Application time: 1.0000794 seconds
[2019-12-08T10:32:27.512+0000][1][safepoint    ] Entering safepoint region: Cleanup
[2019-12-08T10:32:27.512+0000][1][safepoint    ] Leaving safepoint region
[2019-12-08T10:32:27.512+0000][1][safepoint    ] Total time for which application threads were stopped: 0.0000836 seconds, Stopping threads took: 0.0000190 seconds
[2019-12-08T10:32:28.512+0000][1][safepoint    ] Application time: 1.0000805 seconds
[2019-12-08T10:32:28.512+0000][1][safepoint    ] Entering safepoint region: Cleanup
[2019-12-08T10:32:28.512+0000][1][safepoint    ] Leaving safepoint region
[2019-12-08T10:32:28.512+0000][1][safepoint    ] Total time for which application threads were stopped: 0.0000769 seconds, Stopping threads took: 0.0000202 seconds
[2019-12-08T10:32:29.512+0000][1][safepoint    ] Application time: 1.0000740 seconds
[2019-12-08T10:32:29.512+0000][1][safepoint    ] Entering safepoint region: Cleanup
[2019-12-08T10:32:29.512+0000][1][safepoint    ] Leaving safepoint region
[2019-12-08T10:32:29.512+0000][1][safepoint    ] Total time for which application threads were stopped: 0.0000731 seconds, Stopping threads took: 0.0000184 seconds
[2019-12-08T10:32:30.512+0000][1][safepoint    ] Application time: 1.0000776 seconds
[2019-12-08T10:32:30.512+0000][1][safepoint    ] Entering safepoint region: Cleanup
[2019-12-08T10:32:30.512+0000][1][safepoint    ] Leaving safepoint region
[2019-12-08T10:32:30.512+0000][1][safepoint    ] Total time for which application threads were stopped: 0.0000743 seconds, Stopping threads took: 0.0000182 seconds
[2019-12-08T10:32:31.512+0000][1][safepoint    ] Application time: 1.0000914 seconds
[2019-12-08T10:32:31.512+0000][1][safepoint    ] Entering safepoint region: Cleanup
[2019-12-08T10:32:31.513+0000][1][safepoint    ] Leaving safepoint region
[2019-12-08T10:32:31.513+0000][1][safepoint    ] Total time for which application threads were stopped: 0.0000764 seconds, Stopping threads took: 0.0000191 seconds
[2019-12-08T10:32:32.513+0000][1][safepoint    ] Application time: 1.0000797 seconds
[2019-12-08T10:32:32.513+0000][1][safepoint    ] Entering safepoint region: Cleanup
[2019-12-08T10:32:32.513+0000][1][safepoint    ] Leaving safepoint region
[2019-12-08T10:32:32.513+0000][1][safepoint    ] Total time for which application threads were stopped: 0.0000861 seconds, Stopping threads took: 0.0000278 seconds
[2019-12-08T10:32:33.513+0000][1][safepoint    ] Application time: 1.0000775 seconds
[2019-12-08T10:32:33.513+0000][1][safepoint    ] Entering safepoint region: Cleanup
[2019-12-08T10:32:33.513+0000][1][safepoint    ] Leaving safepoint region
[2019-12-08T10:32:33.513+0000][1][safepoint    ] Total time for which application threads were stopped: 0.0000748 seconds, Stopping threads took: 0.0000202 seconds
[2019-12-08T10:32:34.513+0000][1][safepoint    ] Application time: 1.0000932 seconds
[2019-12-08T10:32:34.513+0000][1][safepoint    ] Entering safepoint region: Cleanup
[2019-12-08T10:32:34.513+0000][1][safepoint    ] Leaving safepoint region
[2019-12-08T10:32:34.513+0000][1][safepoint    ] Total time for which application threads were stopped: 0.0000847 seconds, Stopping threads took: 0.0000274 seconds
[2019-12-08T10:32:35.513+0000][1][safepoint    ] Application time: 1.0000820 seconds
[2019-12-08T10:32:35.513+0000][1][safepoint    ] Entering safepoint region: Cleanup
[2019-12-08T10:32:35.513+0000][1][safepoint    ] Leaving safepoint region
[2019-12-08T10:32:35.513+0000][1][safepoint    ] Total time for which application threads were stopped: 0.0000729 seconds, Stopping threads took: 0.0000181 seconds
[2019-12-08T10:32:36.513+0000][1][safepoint    ] Application time: 1.0000770 seconds
[2019-12-08T10:32:36.513+0000][1][safepoint    ] Entering safepoint region: Cleanup
[2019-12-08T10:32:36.514+0000][1][safepoint    ] Leaving safepoint region
[2019-12-08T10:32:36.514+0000][1][safepoint    ] Total time for which application threads were stopped: 0.0000719 seconds, Stopping threads took: 0.0000189 seconds
[2019-12-08T10:32:37.514+0000][1][safepoint    ] Application time: 1.0000864 seconds
[2019-12-08T10:32:37.514+0000][1][safepoint    ] Entering safepoint region: Cleanup
[2019-12-08T10:32:37.514+0000][1][safepoint    ] Leaving safepoint region
[2019-12-08T10:32:37.514+0000][1][safepoint    ] Total time for which application threads were stopped: 0.0000758 seconds, Stopping threads took: 0.0000185 seconds
[2019-12-08T10:32:38.514+0000][1][safepoint    ] Application time: 1.0000818 seconds
[2019-12-08T10:32:38.514+0000][1][safepoint    ] Entering safepoint region: Cleanup
[2019-12-08T10:32:38.514+0000][1][safepoint    ] Leaving safepoint region
[2019-12-08T10:32:38.514+0000][1][safepoint    ] Total time for which application threads were stopped: 0.0000739 seconds, Stopping threads took: 0.0000173 seconds
[2019-12-08T10:32:39.514+0000][1][safepoint    ] Application time: 1.0000791 seconds
[2019-12-08T10:32:39.514+0000][1][safepoint    ] Entering safepoint region: Cleanup
[2019-12-08T10:32:39.514+0000][1][safepoint    ] Leaving safepoint region
[2019-12-08T10:32:39.514+0000][1][safepoint    ] Total time for which application threads were stopped: 0.0000728 seconds, Stopping threads took: 0.0000183 seconds
[2019-12-08T10:32:40.514+0000][1][safepoint    ] Application time: 1.0000772 seconds
[2019-12-08T10:32:40.514+0000][1][safepoint    ] Entering safepoint region: Cleanup
[2019-12-08T10:32:40.514+0000][1][safepoint    ] Leaving safepoint region
[2019-12-08T10:32:40.514+0000][1][safepoint    ] Total time for which application threads were stopped: 0.0000750 seconds, Stopping threads took: 0.0000180 seconds
[2019-12-08T10:32:41.514+0000][1][safepoint    ] Application time: 1.0000795 seconds
[2019-12-08T10:32:41.514+0000][1][safepoint    ] Entering safepoint region: Cleanup
[2019-12-08T10:32:41.515+0000][1][safepoint    ] Leaving safepoint region
[2019-12-08T10:32:41.515+0000][1][safepoint    ] Total time for which application threads were stopped: 0.0000737 seconds, Stopping threads took: 0.0000175 seconds
[2019-12-08T10:32:42.515+0000][1][safepoint    ] Application time: 1.0000784 seconds
[2019-12-08T10:32:42.515+0000][1][safepoint    ] Entering safepoint region: Cleanup
[2019-12-08T10:32:42.515+0000][1][safepoint    ] Leaving safepoint region
[2019-12-08T10:32:42.515+0000][1][safepoint    ] Total time for which application threads were stopped: 0.0000869 seconds, Stopping threads took: 0.0000297 seconds
[2019-12-08T10:32:43.515+0000][1][safepoint    ] Application time: 1.0000776 seconds
[2019-12-08T10:32:43.515+0000][1][safepoint    ] Entering safepoint region: Cleanup
[2019-12-08T10:32:43.515+0000][1][safepoint    ] Leaving safepoint region
[2019-12-08T10:32:43.515+0000][1][safepoint    ] Total time for which application threads were stopped: 0.0000755 seconds, Stopping threads took: 0.0000186 seconds
[2019-12-08T10:32:44.515+0000][1][safepoint    ] Application time: 1.0000783 seconds
[2019-12-08T10:32:44.515+0000][1][safepoint    ] Entering safepoint region: Cleanup
[2019-12-08T10:32:44.515+0000][1][safepoint    ] Leaving safepoint region
[2019-12-08T10:32:44.515+0000][1][safepoint    ] Total time for which application threads were stopped: 0.0000727 seconds, Stopping threads took: 0.0000182 seconds
[2019-12-08T10:32:45.515+0000][1][safepoint    ] Application time: 1.0000762 seconds
[2019-12-08T10:32:45.515+0000][1][safepoint    ] Entering safepoint region: Cleanup
[2019-12-08T10:32:45.515+0000][1][safepoint    ] Leaving safepoint region
[2019-12-08T10:32:45.515+0000][1][safepoint    ] Total time for which application threads were stopped: 0.0000717 seconds, Stopping threads took: 0.0000165 seconds
[2019-12-08T10:32:46.515+0000][1][safepoint    ] Application time: 1.0000754 seconds
[2019-12-08T10:32:46.515+0000][1][safepoint    ] Entering safepoint region: Cleanup
[2019-12-08T10:32:46.516+0000][1][safepoint    ] Leaving safepoint region
[2019-12-08T10:32:46.516+0000][1][safepoint    ] Total time for which application threads were stopped: 0.0000746 seconds, Stopping threads took: 0.0000186 seconds
[2019-12-08T10:32:47.516+0000][1][safepoint    ] Application time: 1.0000783 seconds
[2019-12-08T10:32:47.516+0000][1][safepoint    ] Entering safepoint region: Cleanup
[2019-12-08T10:32:47.516+0000][1][safepoint    ] Leaving safepoint region
[2019-12-08T10:32:47.516+0000][1][safepoint    ] Total time for which application threads were stopped: 0.0000794 seconds, Stopping threads took: 0.0000160 seconds
[2019-12-08T10:32:48.516+0000][1][safepoint    ] Application time: 1.0000778 seconds
[2019-12-08T10:32:48.516+0000][1][safepoint    ] Entering safepoint region: Cleanup
[2019-12-08T10:32:48.516+0000][1][safepoint    ] Leaving safepoint region
[2019-12-08T10:32:48.516+0000][1][safepoint    ] Total time for which application threads were stopped: 0.0000722 seconds, Stopping threads took: 0.0000171 seconds
[2019-12-08T10:32:49.516+0000][1][safepoint    ] Application time: 1.0000762 seconds
[2019-12-08T10:32:49.516+0000][1][safepoint    ] Entering safepoint region: Cleanup
[2019-12-08T10:32:49.516+0000][1][safepoint    ] Leaving safepoint region
[2019-12-08T10:32:49.516+0000][1][safepoint    ] Total time for which application threads were stopped: 0.0000732 seconds, Stopping threads took: 0.0000172 seconds
[2019-12-08T10:32:50.516+0000][1][safepoint    ] Application time: 1.0000775 seconds
[2019-12-08T10:32:50.516+0000][1][safepoint    ] Entering safepoint region: Cleanup
[2019-12-08T10:32:50.516+0000][1][safepoint    ] Leaving safepoint region
[2019-12-08T10:32:50.516+0000][1][safepoint    ] Total time for which application threads were stopped: 0.0000750 seconds, Stopping threads took: 0.0000185 seconds
[2019-12-08T10:32:51.516+0000][1][safepoint    ] Application time: 1.0000754 seconds
[2019-12-08T10:32:51.516+0000][1][safepoint    ] Entering safepoint region: Cleanup
[2019-12-08T10:32:51.516+0000][1][safepoint    ] Leaving safepoint region
[2019-12-08T10:32:51.516+0000][1][safepoint    ] Total time for which application threads were stopped: 0.0000804 seconds, Stopping threads took: 0.0000253 seconds
[2019-12-08T10:32:52.517+0000][1][safepoint    ] Application time: 1.0000747 seconds
[2019-12-08T10:32:52.517+0000][1][safepoint    ] Entering safepoint region: Cleanup
[2019-12-08T10:32:52.517+0000][1][safepoint    ] Leaving safepoint region
[2019-12-08T10:32:52.517+0000][1][safepoint    ] Total time for which application threads were stopped: 0.0000732 seconds, Stopping threads took: 0.0000177 seconds
[2019-12-08T10:32:53.517+0000][1][safepoint    ] Application time: 1.0000760 seconds
[2019-12-08T10:32:53.517+0000][1][safepoint    ] Entering safepoint region: Cleanup
[2019-12-08T10:32:53.517+0000][1][safepoint    ] Leaving safepoint region
[2019-12-08T10:32:53.517+0000][1][safepoint    ] Total time for which application threads were stopped: 0.0000692 seconds, Stopping threads took: 0.0000172 seconds
[2019-12-08T10:32:54.517+0000][1][safepoint    ] Application time: 1.0000777 seconds
[2019-12-08T10:32:54.517+0000][1][safepoint    ] Entering safepoint region: Cleanup
[2019-12-08T10:32:54.517+0000][1][safepoint    ] Leaving safepoint region
[2019-12-08T10:32:54.517+0000][1][safepoint    ] Total time for which application threads were stopped: 0.0000692 seconds, Stopping threads took: 0.0000158 seconds
[2019-12-08T10:32:55.517+0000][1][safepoint    ] Application time: 1.0000812 seconds
[2019-12-08T10:32:55.517+0000][1][safepoint    ] Entering safepoint region: Cleanup
[2019-12-08T10:32:55.517+0000][1][safepoint    ] Leaving safepoint region
[2019-12-08T10:32:55.517+0000][1][safepoint    ] Total time for which application threads were stopped: 0.0000745 seconds, Stopping threads took: 0.0000175 seconds
[2019-12-08T10:32:56.517+0000][1][safepoint    ] Application time: 1.0000777 seconds
[2019-12-08T10:32:56.517+0000][1][safepoint    ] Entering safepoint region: Cleanup
[2019-12-08T10:32:56.517+0000][1][safepoint    ] Leaving safepoint region
[2019-12-08T10:32:56.517+0000][1][safepoint    ] Total time for which application threads were stopped: 0.0000720 seconds, Stopping threads took: 0.0000175 seconds
[2019-12-08T10:32:57.517+0000][1][safepoint    ] Application time: 1.0000759 seconds
[2019-12-08T10:32:57.518+0000][1][safepoint    ] Entering safepoint region: Cleanup
[2019-12-08T10:32:57.518+0000][1][safepoint    ] Leaving safepoint region
[2019-12-08T10:32:57.518+0000][1][safepoint    ] Total time for which application threads were stopped: 0.0000697 seconds, Stopping threads took: 0.0000184 seconds
[2019-12-08T10:32:58.518+0000][1][safepoint    ] Application time: 1.0000784 seconds
[2019-12-08T10:32:58.518+0000][1][safepoint    ] Entering safepoint region: Cleanup
[2019-12-08T10:32:58.518+0000][1][safepoint    ] Leaving safepoint region
[2019-12-08T10:32:58.518+0000][1][safepoint    ] Total time for which application threads were stopped: 0.0000730 seconds, Stopping threads took: 0.0000169 seconds
[2019-12-08T10:32:59.518+0000][1][safepoint    ] Application time: 1.0000761 seconds
[2019-12-08T10:32:59.518+0000][1][safepoint    ] Entering safepoint region: Cleanup
[2019-12-08T10:32:59.518+0000][1][safepoint    ] Leaving safepoint region
[2019-12-08T10:32:59.518+0000][1][safepoint    ] Total time for which application threads were stopped: 0.0000672 seconds, Stopping threads took: 0.0000158 seconds
[2019-12-08T10:33:00.518+0000][1][safepoint    ] Application time: 1.0000766 seconds
[2019-12-08T10:33:00.518+0000][1][safepoint    ] Entering safepoint region: Cleanup
[2019-12-08T10:33:00.518+0000][1][safepoint    ] Leaving safepoint region
[2019-12-08T10:33:00.518+0000][1][safepoint    ] Total time for which application threads were stopped: 0.0000704 seconds, Stopping threads took: 0.0000174 seconds
[2019-12-08T10:33:01.518+0000][1][safepoint    ] Application time: 1.0000831 seconds
[2019-12-08T10:33:01.518+0000][1][safepoint    ] Entering safepoint region: Cleanup
[2019-12-08T10:33:01.518+0000][1][safepoint    ] Leaving safepoint region
[2019-12-08T10:33:01.518+0000][1][safepoint    ] Total time for which application threads were stopped: 0.0000747 seconds, Stopping threads took: 0.0000185 seconds
[2019-12-08T10:33:02.518+0000][1][safepoint    ] Application time: 1.0000755 seconds
[2019-12-08T10:33:02.518+0000][1][safepoint    ] Entering safepoint region: Cleanup
[2019-12-08T10:33:02.519+0000][1][safepoint    ] Leaving safepoint region
[2019-12-08T10:33:02.519+0000][1][safepoint    ] Total time for which application threads were stopped: 0.0000715 seconds, Stopping threads took: 0.0000173 seconds
[2019-12-08T10:33:03.519+0000][1][safepoint    ] Application time: 1.0000747 seconds
[2019-12-08T10:33:03.519+0000][1][safepoint    ] Entering safepoint region: Cleanup
[2019-12-08T10:33:03.519+0000][1][safepoint    ] Leaving safepoint region
[2019-12-08T10:33:03.519+0000][1][safepoint    ] Total time for which application threads were stopped: 0.0000849 seconds, Stopping threads took: 0.0000182 seconds
[2019-12-08T10:33:04.375+0000][1][safepoint    ] Application time: 0.8558888 seconds
[2019-12-08T10:33:04.375+0000][1][safepoint    ] Entering safepoint region: GenCollectForAllocation
[2019-12-08T10:33:04.375+0000][1][gc,start     ] GC(33) Pause Young (Allocation Failure)
[2019-12-08T10:33:04.375+0000][1][gc,task      ] GC(33) Using 4 workers of 4 for evacuation
[2019-12-08T10:33:04.376+0000][1][gc,age       ] GC(33) Desired survivor size 4456448 bytes, new threshold 6 (max threshold 6)
[2019-12-08T10:33:04.376+0000][1][gc,age       ] GC(33) Age table with threshold 6 (max threshold 6)
[2019-12-08T10:33:04.376+0000][1][gc,age       ] GC(33) - age   1:      70040 bytes,      70040 total
[2019-12-08T10:33:04.376+0000][1][gc,age       ] GC(33) - age   2:        128 bytes,      70168 total
[2019-12-08T10:33:04.376+0000][1][gc,age       ] GC(33) - age   3:       2696 bytes,      72864 total
[2019-12-08T10:33:04.376+0000][1][gc,age       ] GC(33) - age   4:       1528 bytes,      74392 total
[2019-12-08T10:33:04.376+0000][1][gc,age       ] GC(33) - age   5:       1640 bytes,      76032 total
[2019-12-08T10:33:04.376+0000][1][gc,age       ] GC(33) - age   6:        968 bytes,      77000 total
[2019-12-08T10:33:04.376+0000][1][gc,heap      ] GC(33) ParNew: 70042K->79K(78656K)
[2019-12-08T10:33:04.376+0000][1][gc,heap      ] GC(33) CMS: 70637K->70639K(174784K)
[2019-12-08T10:33:04.376+0000][1][gc,metaspace ] GC(33) Metaspace: 69175K->69175K(1112064K)
[2019-12-08T10:33:04.376+0000][1][gc           ] GC(33) Pause Young (Allocation Failure) 137M->69M(247M) 1.199ms
[2019-12-08T10:33:04.376+0000][1][gc,cpu       ] GC(33) User=0.00s Sys=0.00s Real=0.00s
[2019-12-08T10:33:04.376+0000][1][safepoint    ] Leaving safepoint region
[2019-12-08T10:33:04.376+0000][1][safepoint    ] Total time for which application threads were stopped: 0.0014304 seconds, Stopping threads took: 0.0000808 seconds
[2019-12-08T10:33:05.376+0000][1][safepoint    ] Application time: 1.0000962 seconds
[2019-12-08T10:33:05.376+0000][1][safepoint    ] Entering safepoint region: Cleanup
[2019-12-08T10:33:05.376+0000][1][safepoint    ] Leaving safepoint region
[2019-12-08T10:33:05.376+0000][1][safepoint    ] Total time for which application threads were stopped: 0.0000691 seconds, Stopping threads took: 0.0000160 seconds
[2019-12-08T10:33:06.680+0000][1][safepoint    ] Application time: 1.3041934 seconds
[2019-12-08T10:33:06.681+0000][1][safepoint    ] Entering safepoint region: Cleanup
[2019-12-08T10:33:06.681+0000][1][safepoint    ] Leaving safepoint region
[2019-12-08T10:33:06.681+0000][1][safepoint    ] Total time for which application threads were stopped: 0.0000785 seconds, Stopping threads took: 0.0000190 seconds
[2019-12-08T10:33:07.681+0000][1][safepoint    ] Application time: 1.0000772 seconds
[2019-12-08T10:33:07.681+0000][1][safepoint    ] Entering safepoint region: Cleanup
[2019-12-08T10:33:07.681+0000][1][safepoint    ] Leaving safepoint region
[2019-12-08T10:33:07.681+0000][1][safepoint    ] Total time for which application threads were stopped: 0.0000766 seconds, Stopping threads took: 0.0000182 seconds
[2019-12-08T10:33:08.681+0000][1][safepoint    ] Application time: 1.0000847 seconds
[2019-12-08T10:33:08.681+0000][1][safepoint    ] Entering safepoint region: Cleanup
[2019-12-08T10:33:08.681+0000][1][safepoint    ] Leaving safepoint region
[2019-12-08T10:33:08.681+0000][1][safepoint    ] Total time for which application threads were stopped: 0.0000845 seconds, Stopping threads took: 0.0000180 seconds
[2019-12-08T10:33:09.681+0000][1][safepoint    ] Application time: 1.0000808 seconds
[2019-12-08T10:33:09.681+0000][1][safepoint    ] Entering safepoint region: Cleanup
[2019-12-08T10:33:09.681+0000][1][safepoint    ] Leaving safepoint region
[2019-12-08T10:33:09.681+0000][1][safepoint    ] Total time for which application threads were stopped: 0.0000764 seconds, Stopping threads took: 0.0000177 seconds
[2019-12-08T10:33:10.681+0000][1][safepoint    ] Application time: 1.0000766 seconds
[2019-12-08T10:33:10.681+0000][1][safepoint    ] Entering safepoint region: Cleanup
[2019-12-08T10:33:10.681+0000][1][safepoint    ] Leaving safepoint region
[2019-12-08T10:33:10.681+0000][1][safepoint    ] Total time for which application threads were stopped: 0.0000718 seconds, Stopping threads took: 0.0000171 seconds
[2019-12-08T10:33:11.681+0000][1][safepoint    ] Application time: 1.0000877 seconds
[2019-12-08T10:33:11.682+0000][1][safepoint    ] Entering safepoint region: Cleanup
[2019-12-08T10:33:11.682+0000][1][safepoint    ] Leaving safepoint region
[2019-12-08T10:33:11.682+0000][1][safepoint    ] Total time for which application threads were stopped: 0.0000730 seconds, Stopping threads took: 0.0000173 seconds
[2019-12-08T10:33:12.682+0000][1][safepoint    ] Application time: 1.0000762 seconds
[2019-12-08T10:33:12.682+0000][1][safepoint    ] Entering safepoint region: Cleanup
[2019-12-08T10:33:12.682+0000][1][safepoint    ] Leaving safepoint region
[2019-12-08T10:33:12.682+0000][1][safepoint    ] Total time for which application threads were stopped: 0.0000867 seconds, Stopping threads took: 0.0000324 seconds
[2019-12-08T10:33:13.682+0000][1][safepoint    ] Application time: 1.0000761 seconds
[2019-12-08T10:33:13.682+0000][1][safepoint    ] Entering safepoint region: Cleanup
[2019-12-08T10:33:13.682+0000][1][safepoint    ] Leaving safepoint region
[2019-12-08T10:33:13.682+0000][1][safepoint    ] Total time for which application threads were stopped: 0.0000695 seconds, Stopping threads took: 0.0000173 seconds
[2019-12-08T10:33:14.682+0000][1][safepoint    ] Application time: 1.0000853 seconds
[2019-12-08T10:33:14.682+0000][1][safepoint    ] Entering safepoint region: Cleanup
[2019-12-08T10:33:14.682+0000][1][safepoint    ] Leaving safepoint region
[2019-12-08T10:33:14.682+0000][1][safepoint    ] Total time for which application threads were stopped: 0.0000731 seconds, Stopping threads took: 0.0000184 seconds
[2019-12-08T10:33:15.682+0000][1][safepoint    ] Application time: 1.0000752 seconds
[2019-12-08T10:33:15.682+0000][1][safepoint    ] Entering safepoint region: Cleanup
[2019-12-08T10:33:15.682+0000][1][safepoint    ] Leaving safepoint region
[2019-12-08T10:33:15.682+0000][1][safepoint    ] Total time for which application threads were stopped: 0.0000723 seconds, Stopping threads took: 0.0000177 seconds
[2019-12-08T10:33:16.682+0000][1][safepoint    ] Application time: 1.0000769 seconds
[2019-12-08T10:33:16.682+0000][1][safepoint    ] Entering safepoint region: Cleanup
[2019-12-08T10:33:16.682+0000][1][safepoint    ] Leaving safepoint region
[2019-12-08T10:33:16.682+0000][1][safepoint    ] Total time for which application threads were stopped: 0.0000727 seconds, Stopping threads took: 0.0000178 seconds
[2019-12-08T10:33:17.683+0000][1][safepoint    ] Application time: 1.0000854 seconds
[2019-12-08T10:33:17.683+0000][1][safepoint    ] Entering safepoint region: Cleanup
[2019-12-08T10:33:17.683+0000][1][safepoint    ] Leaving safepoint region
[2019-12-08T10:33:17.683+0000][1][safepoint    ] Total time for which application threads were stopped: 0.0000805 seconds, Stopping threads took: 0.0000179 seconds
[2019-12-08T10:33:18.683+0000][1][safepoint    ] Application time: 1.0000757 seconds
[2019-12-08T10:33:18.683+0000][1][safepoint    ] Entering safepoint region: Cleanup
[2019-12-08T10:33:18.683+0000][1][safepoint    ] Leaving safepoint region
[2019-12-08T10:33:18.683+0000][1][safepoint    ] Total time for which application threads were stopped: 0.0000729 seconds, Stopping threads took: 0.0000188 seconds
[2019-12-08T10:33:19.683+0000][1][safepoint    ] Application time: 1.0000755 seconds
[2019-12-08T10:33:19.683+0000][1][safepoint    ] Entering safepoint region: Cleanup
[2019-12-08T10:33:19.683+0000][1][safepoint    ] Leaving safepoint region
[2019-12-08T10:33:19.683+0000][1][safepoint    ] Total time for which application threads were stopped: 0.0000719 seconds, Stopping threads took: 0.0000186 seconds
[2019-12-08T10:33:20.683+0000][1][safepoint    ] Application time: 1.0000798 seconds
[2019-12-08T10:33:20.683+0000][1][safepoint    ] Entering safepoint region: Cleanup
[2019-12-08T10:33:20.683+0000][1][safepoint    ] Leaving safepoint region
[2019-12-08T10:33:20.683+0000][1][safepoint    ] Total time for which application threads were stopped: 0.0000729 seconds, Stopping threads took: 0.0000186 seconds
[2019-12-08T10:33:21.683+0000][1][safepoint    ] Application time: 1.0000765 seconds
[2019-12-08T10:33:21.683+0000][1][safepoint    ] Entering safepoint region: Cleanup
[2019-12-08T10:33:21.683+0000][1][safepoint    ] Leaving safepoint region
[2019-12-08T10:33:21.683+0000][1][safepoint    ] Total time for which application threads were stopped: 0.0000730 seconds, Stopping threads took: 0.0000183 seconds
[2019-12-08T10:33:22.684+0000][1][safepoint    ] Application time: 1.0000781 seconds
[2019-12-08T10:33:22.684+0000][1][safepoint    ] Entering safepoint region: Cleanup
[2019-12-08T10:33:22.684+0000][1][safepoint    ] Leaving safepoint region
[2019-12-08T10:33:22.684+0000][1][safepoint    ] Total time for which application threads were stopped: 0.0000821 seconds, Stopping threads took: 0.0000180 seconds
[2019-12-08T10:33:23.684+0000][1][safepoint    ] Application time: 1.0000777 seconds
[2019-12-08T10:33:23.684+0000][1][safepoint    ] Entering safepoint region: Cleanup
[2019-12-08T10:33:23.684+0000][1][safepoint    ] Leaving safepoint region
[2019-12-08T10:33:23.684+0000][1][safepoint    ] Total time for which application threads were stopped: 0.0000759 seconds, Stopping threads took: 0.0000199 seconds
[2019-12-08T10:33:24.684+0000][1][safepoint    ] Application time: 1.0000772 seconds
[2019-12-08T10:33:24.684+0000][1][safepoint    ] Entering safepoint region: Cleanup
[2019-12-08T10:33:24.684+0000][1][safepoint    ] Leaving safepoint region
[2019-12-08T10:33:24.684+0000][1][safepoint    ] Total time for which application threads were stopped: 0.0000762 seconds, Stopping threads took: 0.0000191 seconds
[2019-12-08T10:33:26.562+0000][1][safepoint    ] Application time: 1.8777056 seconds
[2019-12-08T10:33:26.562+0000][1][safepoint    ] Entering safepoint region: Cleanup
[2019-12-08T10:33:26.562+0000][1][safepoint    ] Leaving safepoint region
[2019-12-08T10:33:26.562+0000][1][safepoint    ] Total time for which application threads were stopped: 0.0000682 seconds, Stopping threads took: 0.0000156 seconds
[2019-12-08T10:33:27.562+0000][1][safepoint    ] Application time: 1.0000754 seconds
[2019-12-08T10:33:27.562+0000][1][safepoint    ] Entering safepoint region: Cleanup
[2019-12-08T10:33:27.562+0000][1][safepoint    ] Leaving safepoint region
[2019-12-08T10:33:27.562+0000][1][safepoint    ] Total time for which application threads were stopped: 0.0000685 seconds, Stopping threads took: 0.0000160 seconds
[2019-12-08T10:33:28.562+0000][1][safepoint    ] Application time: 1.0000842 seconds
[2019-12-08T10:33:28.562+0000][1][safepoint    ] Entering safepoint region: Cleanup
[2019-12-08T10:33:28.562+0000][1][safepoint    ] Leaving safepoint region
[2019-12-08T10:33:28.562+0000][1][safepoint    ] Total time for which application threads were stopped: 0.0000726 seconds, Stopping threads took: 0.0000171 seconds
[2019-12-08T10:33:29.562+0000][1][safepoint    ] Application time: 1.0000801 seconds
[2019-12-08T10:33:29.562+0000][1][safepoint    ] Entering safepoint region: Cleanup
[2019-12-08T10:33:29.562+0000][1][safepoint    ] Leaving safepoint region
[2019-12-08T10:33:29.562+0000][1][safepoint    ] Total time for which application threads were stopped: 0.0000708 seconds, Stopping threads took: 0.0000168 seconds
[2019-12-08T10:33:30.562+0000][1][safepoint    ] Application time: 1.0000802 seconds
[2019-12-08T10:33:30.563+0000][1][safepoint    ] Entering safepoint region: Cleanup
[2019-12-08T10:33:30.563+0000][1][safepoint    ] Leaving safepoint region
[2019-12-08T10:33:30.563+0000][1][safepoint    ] Total time for which application threads were stopped: 0.0000730 seconds, Stopping threads took: 0.0000196 seconds
[2019-12-08T10:33:31.563+0000][1][safepoint    ] Application time: 1.0000866 seconds
[2019-12-08T10:33:31.563+0000][1][safepoint    ] Entering safepoint region: Cleanup
[2019-12-08T10:33:31.563+0000][1][safepoint    ] Leaving safepoint region
[2019-12-08T10:33:31.563+0000][1][safepoint    ] Total time for which application threads were stopped: 0.0000769 seconds, Stopping threads took: 0.0000191 seconds
[2019-12-08T10:33:32.563+0000][1][safepoint    ] Application time: 1.0000769 seconds
[2019-12-08T10:33:32.563+0000][1][safepoint    ] Entering safepoint region: Cleanup
[2019-12-08T10:33:32.563+0000][1][safepoint    ] Leaving safepoint region
[2019-12-08T10:33:32.563+0000][1][safepoint    ] Total time for which application threads were stopped: 0.0000698 seconds, Stopping threads took: 0.0000157 seconds
[2019-12-08T10:33:33.563+0000][1][safepoint    ] Application time: 1.0000769 seconds
[2019-12-08T10:33:33.563+0000][1][safepoint    ] Entering safepoint region: Cleanup
[2019-12-08T10:33:33.563+0000][1][safepoint    ] Leaving safepoint region
[2019-12-08T10:33:33.563+0000][1][safepoint    ] Total time for which application threads were stopped: 0.0000756 seconds, Stopping threads took: 0.0000154 seconds
[2019-12-08T10:33:34.563+0000][1][safepoint    ] Application time: 1.0000843 seconds
[2019-12-08T10:33:34.563+0000][1][safepoint    ] Entering safepoint region: Cleanup
[2019-12-08T10:33:34.563+0000][1][safepoint    ] Leaving safepoint region
[2019-12-08T10:33:34.563+0000][1][safepoint    ] Total time for which application threads were stopped: 0.0000817 seconds, Stopping threads took: 0.0000249 seconds
[2019-12-08T10:33:35.563+0000][1][safepoint    ] Application time: 1.0000971 seconds
[2019-12-08T10:33:35.564+0000][1][safepoint    ] Entering safepoint region: Cleanup
[2019-12-08T10:33:35.564+0000][1][safepoint    ] Leaving safepoint region
[2019-12-08T10:33:35.564+0000][1][safepoint    ] Total time for which application threads were stopped: 0.0000777 seconds, Stopping threads took: 0.0000186 seconds
[2019-12-08T10:33:36.564+0000][1][safepoint    ] Application time: 1.0000880 seconds
[2019-12-08T10:33:36.564+0000][1][safepoint    ] Entering safepoint region: Cleanup
[2019-12-08T10:33:36.564+0000][1][safepoint    ] Leaving safepoint region
[2019-12-08T10:33:36.564+0000][1][safepoint    ] Total time for which application threads were stopped: 0.0000716 seconds, Stopping threads took: 0.0000176 seconds
[2019-12-08T10:33:37.564+0000][1][safepoint    ] Application time: 1.0000772 seconds
[2019-12-08T10:33:37.564+0000][1][safepoint    ] Entering safepoint region: Cleanup
[2019-12-08T10:33:37.564+0000][1][safepoint    ] Leaving safepoint region
[2019-12-08T10:33:37.564+0000][1][safepoint    ] Total time for which application threads were stopped: 0.0000737 seconds, Stopping threads took: 0.0000171 seconds
[2019-12-08T10:33:38.564+0000][1][safepoint    ] Application time: 1.0000797 seconds
[2019-12-08T10:33:38.564+0000][1][safepoint    ] Entering safepoint region: Cleanup
[2019-12-08T10:33:38.564+0000][1][safepoint    ] Leaving safepoint region
[2019-12-08T10:33:38.564+0000][1][safepoint    ] Total time for which application threads were stopped: 0.0000713 seconds, Stopping threads took: 0.0000182 seconds
[2019-12-08T10:33:39.564+0000][1][safepoint    ] Application time: 1.0000767 seconds
[2019-12-08T10:33:39.564+0000][1][safepoint    ] Entering safepoint region: Cleanup
[2019-12-08T10:33:39.564+0000][1][safepoint    ] Leaving safepoint region
[2019-12-08T10:33:39.564+0000][1][safepoint    ] Total time for which application threads were stopped: 0.0000716 seconds, Stopping threads took: 0.0000180 seconds
[2019-12-08T10:33:40.564+0000][1][safepoint    ] Application time: 1.0000797 seconds
[2019-12-08T10:33:40.565+0000][1][safepoint    ] Entering safepoint region: Cleanup
[2019-12-08T10:33:40.565+0000][1][safepoint    ] Leaving safepoint region
[2019-12-08T10:33:40.565+0000][1][safepoint    ] Total time for which application threads were stopped: 0.0000741 seconds, Stopping threads took: 0.0000196 seconds
[2019-12-08T10:33:41.565+0000][1][safepoint    ] Application time: 1.0000778 seconds
[2019-12-08T10:33:41.565+0000][1][safepoint    ] Entering safepoint region: Cleanup
[2019-12-08T10:33:41.565+0000][1][safepoint    ] Leaving safepoint region
[2019-12-08T10:33:41.565+0000][1][safepoint    ] Total time for which application threads were stopped: 0.0000733 seconds, Stopping threads took: 0.0000196 seconds
[2019-12-08T10:33:42.565+0000][1][safepoint    ] Application time: 1.0000802 seconds
[2019-12-08T10:33:42.565+0000][1][safepoint    ] Entering safepoint region: Cleanup
[2019-12-08T10:33:42.565+0000][1][safepoint    ] Leaving safepoint region
[2019-12-08T10:33:42.565+0000][1][safepoint    ] Total time for which application threads were stopped: 0.0000754 seconds, Stopping threads took: 0.0000170 seconds
[2019-12-08T10:33:43.565+0000][1][safepoint    ] Application time: 1.0000811 seconds
[2019-12-08T10:33:43.565+0000][1][safepoint    ] Entering safepoint region: Cleanup
[2019-12-08T10:33:43.565+0000][1][safepoint    ] Leaving safepoint region
[2019-12-08T10:33:43.565+0000][1][safepoint    ] Total time for which application threads were stopped: 0.0000807 seconds, Stopping threads took: 0.0000181 seconds
[2019-12-08T10:33:44.565+0000][1][safepoint    ] Application time: 1.0000782 seconds
[2019-12-08T10:33:44.565+0000][1][safepoint    ] Entering safepoint region: Cleanup
[2019-12-08T10:33:44.565+0000][1][safepoint    ] Leaving safepoint region
[2019-12-08T10:33:44.565+0000][1][safepoint    ] Total time for which application threads were stopped: 0.0000714 seconds, Stopping threads took: 0.0000176 seconds
[2019-12-08T10:33:45.565+0000][1][safepoint    ] Application time: 1.0000805 seconds
[2019-12-08T10:33:45.565+0000][1][safepoint    ] Entering safepoint region: Cleanup
[2019-12-08T10:33:45.566+0000][1][safepoint    ] Leaving safepoint region
[2019-12-08T10:33:45.566+0000][1][safepoint    ] Total time for which application threads were stopped: 0.0000747 seconds, Stopping threads took: 0.0000199 seconds
[2019-12-08T10:33:46.566+0000][1][safepoint    ] Application time: 1.0000795 seconds
[2019-12-08T10:33:46.566+0000][1][safepoint    ] Entering safepoint region: Cleanup
[2019-12-08T10:33:46.566+0000][1][safepoint    ] Leaving safepoint region
[2019-12-08T10:33:46.566+0000][1][safepoint    ] Total time for which application threads were stopped: 0.0000802 seconds, Stopping threads took: 0.0000263 seconds
[2019-12-08T10:33:47.566+0000][1][safepoint    ] Application time: 1.0000818 seconds
[2019-12-08T10:33:47.566+0000][1][safepoint    ] Entering safepoint region: Cleanup
[2019-12-08T10:33:47.566+0000][1][safepoint    ] Leaving safepoint region
[2019-12-08T10:33:47.566+0000][1][safepoint    ] Total time for which application threads were stopped: 0.0000741 seconds, Stopping threads took: 0.0000176 seconds
[2019-12-08T10:33:48.566+0000][1][safepoint    ] Application time: 1.0000800 seconds
[2019-12-08T10:33:48.566+0000][1][safepoint    ] Entering safepoint region: Cleanup
[2019-12-08T10:33:48.566+0000][1][safepoint    ] Leaving safepoint region
[2019-12-08T10:33:48.566+0000][1][safepoint    ] Total time for which application threads were stopped: 0.0000731 seconds, Stopping threads took: 0.0000180 seconds
[2019-12-08T10:33:49.566+0000][1][safepoint    ] Application time: 1.0000787 seconds
[2019-12-08T10:33:49.566+0000][1][safepoint    ] Entering safepoint region: Cleanup
[2019-12-08T10:33:49.566+0000][1][safepoint    ] Leaving safepoint region
[2019-12-08T10:33:49.566+0000][1][safepoint    ] Total time for which application threads were stopped: 0.0000723 seconds, Stopping threads took: 0.0000177 seconds
[2019-12-08T10:33:50.566+0000][1][safepoint    ] Application time: 1.0000791 seconds
[2019-12-08T10:33:50.566+0000][1][safepoint    ] Entering safepoint region: Cleanup
[2019-12-08T10:33:50.567+0000][1][safepoint    ] Leaving safepoint region
[2019-12-08T10:33:50.567+0000][1][safepoint    ] Total time for which application threads were stopped: 0.0000696 seconds, Stopping threads took: 0.0000168 seconds
[2019-12-08T10:33:51.567+0000][1][safepoint    ] Application time: 1.0000727 seconds
[2019-12-08T10:33:51.567+0000][1][safepoint    ] Entering safepoint region: Cleanup
[2019-12-08T10:33:51.567+0000][1][safepoint    ] Leaving safepoint region
[2019-12-08T10:33:51.567+0000][1][safepoint    ] Total time for which application threads were stopped: 0.0000835 seconds, Stopping threads took: 0.0000174 seconds
[2019-12-08T10:33:52.567+0000][1][safepoint    ] Application time: 1.0000791 seconds
[2019-12-08T10:33:52.567+0000][1][safepoint    ] Entering safepoint region: Cleanup
[2019-12-08T10:33:52.567+0000][1][safepoint    ] Leaving safepoint region
[2019-12-08T10:33:52.567+0000][1][safepoint    ] Total time for which application threads were stopped: 0.0000738 seconds, Stopping threads took: 0.0000183 seconds
[2019-12-08T10:33:53.567+0000][1][safepoint    ] Application time: 1.0000757 seconds
[2019-12-08T10:33:53.567+0000][1][safepoint    ] Entering safepoint region: Cleanup
[2019-12-08T10:33:53.567+0000][1][safepoint    ] Leaving safepoint region
[2019-12-08T10:33:53.567+0000][1][safepoint    ] Total time for which application threads were stopped: 0.0000699 seconds, Stopping threads took: 0.0000159 seconds
[2019-12-08T10:33:54.567+0000][1][safepoint    ] Application time: 1.0000771 seconds
[2019-12-08T10:33:54.567+0000][1][safepoint    ] Entering safepoint region: Cleanup
[2019-12-08T10:33:54.567+0000][1][safepoint    ] Leaving safepoint region
[2019-12-08T10:33:54.567+0000][1][safepoint    ] Total time for which application threads were stopped: 0.0000734 seconds, Stopping threads took: 0.0000183 seconds
[2019-12-08T10:33:55.567+0000][1][safepoint    ] Application time: 1.0000793 seconds
[2019-12-08T10:33:55.567+0000][1][safepoint    ] Entering safepoint region: Cleanup
[2019-12-08T10:33:55.567+0000][1][safepoint    ] Leaving safepoint region
[2019-12-08T10:33:55.567+0000][1][safepoint    ] Total time for which application threads were stopped: 0.0000733 seconds, Stopping threads took: 0.0000188 seconds
[2019-12-08T10:33:56.568+0000][1][safepoint    ] Application time: 1.0000763 seconds
[2019-12-08T10:33:56.568+0000][1][safepoint    ] Entering safepoint region: Cleanup
[2019-12-08T10:33:56.568+0000][1][safepoint    ] Leaving safepoint region
[2019-12-08T10:33:56.568+0000][1][safepoint    ] Total time for which application threads were stopped: 0.0000834 seconds, Stopping threads took: 0.0000194 seconds
[2019-12-08T10:33:57.568+0000][1][safepoint    ] Application time: 1.0000780 seconds
[2019-12-08T10:33:57.568+0000][1][safepoint    ] Entering safepoint region: Cleanup
[2019-12-08T10:33:57.568+0000][1][safepoint    ] Leaving safepoint region
[2019-12-08T10:33:57.568+0000][1][safepoint    ] Total time for which application threads were stopped: 0.0000812 seconds, Stopping threads took: 0.0000180 seconds
[2019-12-08T10:33:58.568+0000][1][safepoint    ] Application time: 1.0000789 seconds
[2019-12-08T10:33:58.568+0000][1][safepoint    ] Entering safepoint region: Cleanup
[2019-12-08T10:33:58.568+0000][1][safepoint    ] Leaving safepoint region
[2019-12-08T10:33:58.568+0000][1][safepoint    ] Total time for which application threads were stopped: 0.0000719 seconds, Stopping threads took: 0.0000167 seconds
[2019-12-08T10:33:59.568+0000][1][safepoint    ] Application time: 1.0000972 seconds
[2019-12-08T10:33:59.568+0000][1][safepoint    ] Entering safepoint region: Cleanup
[2019-12-08T10:33:59.568+0000][1][safepoint    ] Leaving safepoint region
[2019-12-08T10:33:59.568+0000][1][safepoint    ] Total time for which application threads were stopped: 0.0000766 seconds, Stopping threads took: 0.0000199 seconds
[2019-12-08T10:34:00.568+0000][1][safepoint    ] Application time: 1.0000836 seconds
[2019-12-08T10:34:00.568+0000][1][safepoint    ] Entering safepoint region: Cleanup
[2019-12-08T10:34:00.568+0000][1][safepoint    ] Leaving safepoint region
[2019-12-08T10:34:00.568+0000][1][safepoint    ] Total time for which application threads were stopped: 0.0000723 seconds, Stopping threads took: 0.0000183 seconds
[2019-12-08T10:34:01.569+0000][1][safepoint    ] Application time: 1.0002082 seconds
[2019-12-08T10:34:01.569+0000][1][safepoint    ] Entering safepoint region: Cleanup
[2019-12-08T10:34:01.569+0000][1][safepoint    ] Leaving safepoint region
[2019-12-08T10:34:01.569+0000][1][safepoint    ] Total time for which application threads were stopped: 0.0001044 seconds, Stopping threads took: 0.0000249 seconds
[2019-12-08T10:34:02.569+0000][1][safepoint    ] Application time: 1.0000807 seconds
[2019-12-08T10:34:02.569+0000][1][safepoint    ] Entering safepoint region: Cleanup
[2019-12-08T10:34:02.569+0000][1][safepoint    ] Leaving safepoint region
[2019-12-08T10:34:02.569+0000][1][safepoint    ] Total time for which application threads were stopped: 0.0000753 seconds, Stopping threads took: 0.0000190 seconds
[2019-12-08T10:34:03.569+0000][1][safepoint    ] Application time: 1.0000821 seconds
[2019-12-08T10:34:03.569+0000][1][safepoint    ] Entering safepoint region: Cleanup
[2019-12-08T10:34:03.569+0000][1][safepoint    ] Leaving safepoint region
[2019-12-08T10:34:03.569+0000][1][safepoint    ] Total time for which application threads were stopped: 0.0000748 seconds, Stopping threads took: 0.0000191 seconds
[2019-12-08T10:34:04.569+0000][1][safepoint    ] Application time: 1.0000915 seconds
[2019-12-08T10:34:04.569+0000][1][safepoint    ] Entering safepoint region: Cleanup
[2019-12-08T10:34:04.569+0000][1][safepoint    ] Leaving safepoint region
[2019-12-08T10:34:04.569+0000][1][safepoint    ] Total time for which application threads were stopped: 0.0000715 seconds, Stopping threads took: 0.0000162 seconds
[2019-12-08T10:34:05.570+0000][1][safepoint    ] Application time: 1.0000825 seconds
[2019-12-08T10:34:05.570+0000][1][safepoint    ] Entering safepoint region: Cleanup
[2019-12-08T10:34:05.570+0000][1][safepoint    ] Leaving safepoint region
[2019-12-08T10:34:05.570+0000][1][safepoint    ] Total time for which application threads were stopped: 0.0000726 seconds, Stopping threads took: 0.0000188 seconds
[2019-12-08T10:34:06.570+0000][1][safepoint    ] Application time: 1.0000895 seconds
[2019-12-08T10:34:06.570+0000][1][safepoint    ] Entering safepoint region: Cleanup
[2019-12-08T10:34:06.570+0000][1][safepoint    ] Leaving safepoint region
[2019-12-08T10:34:06.570+0000][1][safepoint    ] Total time for which application threads were stopped: 0.0000722 seconds, Stopping threads took: 0.0000168 seconds
[2019-12-08T10:34:07.570+0000][1][safepoint    ] Application time: 1.0000892 seconds
[2019-12-08T10:34:07.570+0000][1][safepoint    ] Entering safepoint region: Cleanup
[2019-12-08T10:34:07.570+0000][1][safepoint    ] Leaving safepoint region
[2019-12-08T10:34:07.570+0000][1][safepoint    ] Total time for which application threads were stopped: 0.0000730 seconds, Stopping threads took: 0.0000190 seconds
[2019-12-08T10:34:08.570+0000][1][safepoint    ] Application time: 1.0000846 seconds
[2019-12-08T10:34:08.570+0000][1][safepoint    ] Entering safepoint region: Cleanup
[2019-12-08T10:34:08.570+0000][1][safepoint    ] Leaving safepoint region
[2019-12-08T10:34:08.570+0000][1][safepoint    ] Total time for which application threads were stopped: 0.0000721 seconds, Stopping threads took: 0.0000182 seconds
[2019-12-08T10:34:09.570+0000][1][safepoint    ] Application time: 1.0000844 seconds
[2019-12-08T10:34:09.570+0000][1][safepoint    ] Entering safepoint region: Cleanup
[2019-12-08T10:34:09.570+0000][1][safepoint    ] Leaving safepoint region
[2019-12-08T10:34:09.570+0000][1][safepoint    ] Total time for which application threads were stopped: 0.0000718 seconds, Stopping threads took: 0.0000173 seconds
[2019-12-08T10:34:10.571+0000][1][safepoint    ] Application time: 1.0000837 seconds
[2019-12-08T10:34:10.571+0000][1][safepoint    ] Entering safepoint region: Cleanup
[2019-12-08T10:34:10.571+0000][1][safepoint    ] Leaving safepoint region
[2019-12-08T10:34:10.571+0000][1][safepoint    ] Total time for which application threads were stopped: 0.0000877 seconds, Stopping threads took: 0.0000182 seconds
[2019-12-08T10:34:11.571+0000][1][safepoint    ] Application time: 1.0000812 seconds
[2019-12-08T10:34:11.571+0000][1][safepoint    ] Entering safepoint region: Cleanup
[2019-12-08T10:34:11.571+0000][1][safepoint    ] Leaving safepoint region
[2019-12-08T10:34:11.571+0000][1][safepoint    ] Total time for which application threads were stopped: 0.0000741 seconds, Stopping threads took: 0.0000189 seconds
[2019-12-08T10:34:12.571+0000][1][safepoint    ] Application time: 1.0000803 seconds
[2019-12-08T10:34:12.571+0000][1][safepoint    ] Entering safepoint region: Cleanup
[2019-12-08T10:34:12.571+0000][1][safepoint    ] Leaving safepoint region
[2019-12-08T10:34:12.571+0000][1][safepoint    ] Total time for which application threads were stopped: 0.0000725 seconds, Stopping threads took: 0.0000183 seconds
[2019-12-08T10:34:13.571+0000][1][safepoint    ] Application time: 1.0000902 seconds
[2019-12-08T10:34:13.571+0000][1][safepoint    ] Entering safepoint region: Cleanup
[2019-12-08T10:34:13.571+0000][1][safepoint    ] Leaving safepoint region
[2019-12-08T10:34:13.571+0000][1][safepoint    ] Total time for which application threads were stopped: 0.0000732 seconds, Stopping threads took: 0.0000174 seconds
[2019-12-08T10:34:14.571+0000][1][safepoint    ] Application time: 1.0000875 seconds
[2019-12-08T10:34:14.571+0000][1][safepoint    ] Entering safepoint region: Cleanup
[2019-12-08T10:34:14.572+0000][1][safepoint    ] Leaving safepoint region
[2019-12-08T10:34:14.572+0000][1][safepoint    ] Total time for which application threads were stopped: 0.0000728 seconds, Stopping threads took: 0.0000169 seconds
[2019-12-08T10:34:15.572+0000][1][safepoint    ] Application time: 1.0000841 seconds
[2019-12-08T10:34:15.572+0000][1][safepoint    ] Entering safepoint region: Cleanup
[2019-12-08T10:34:15.572+0000][1][safepoint    ] Leaving safepoint region
[2019-12-08T10:34:15.572+0000][1][safepoint    ] Total time for which application threads were stopped: 0.0000822 seconds, Stopping threads took: 0.0000158 seconds
[2019-12-08T10:34:16.572+0000][1][safepoint    ] Application time: 1.0000812 seconds
[2019-12-08T10:34:16.572+0000][1][safepoint    ] Entering safepoint region: Cleanup
[2019-12-08T10:34:16.572+0000][1][safepoint    ] Leaving safepoint region
[2019-12-08T10:34:16.572+0000][1][safepoint    ] Total time for which application threads were stopped: 0.0000675 seconds, Stopping threads took: 0.0000154 seconds
[2019-12-08T10:34:17.572+0000][1][safepoint    ] Application time: 1.0000779 seconds
[2019-12-08T10:34:17.572+0000][1][safepoint    ] Entering safepoint region: Cleanup
[2019-12-08T10:34:17.572+0000][1][safepoint    ] Leaving safepoint region
[2019-12-08T10:34:17.572+0000][1][safepoint    ] Total time for which application threads were stopped: 0.0000698 seconds, Stopping threads took: 0.0000178 seconds
[2019-12-08T10:34:18.572+0000][1][safepoint    ] Application time: 1.0000784 seconds
[2019-12-08T10:34:18.572+0000][1][safepoint    ] Entering safepoint region: Cleanup
[2019-12-08T10:34:18.572+0000][1][safepoint    ] Leaving safepoint region
[2019-12-08T10:34:18.572+0000][1][safepoint    ] Total time for which application threads were stopped: 0.0000679 seconds, Stopping threads took: 0.0000164 seconds
[2019-12-08T10:34:19.572+0000][1][safepoint    ] Application time: 1.0000801 seconds
[2019-12-08T10:34:19.572+0000][1][safepoint    ] Entering safepoint region: Cleanup
[2019-12-08T10:34:19.572+0000][1][safepoint    ] Leaving safepoint region
[2019-12-08T10:34:19.572+0000][1][safepoint    ] Total time for which application threads were stopped: 0.0000743 seconds, Stopping threads took: 0.0000195 seconds
[2019-12-08T10:34:20.573+0000][1][safepoint    ] Application time: 1.0000848 seconds
[2019-12-08T10:34:20.573+0000][1][safepoint    ] Entering safepoint region: Cleanup
[2019-12-08T10:34:20.573+0000][1][safepoint    ] Leaving safepoint region
[2019-12-08T10:34:20.573+0000][1][safepoint    ] Total time for which application threads were stopped: 0.0000722 seconds, Stopping threads took: 0.0000171 seconds
[2019-12-08T10:34:21.573+0000][1][safepoint    ] Application time: 1.0000838 seconds
[2019-12-08T10:34:21.573+0000][1][safepoint    ] Entering safepoint region: Cleanup
[2019-12-08T10:34:21.573+0000][1][safepoint    ] Leaving safepoint region
[2019-12-08T10:34:21.573+0000][1][safepoint    ] Total time for which application threads were stopped: 0.0000726 seconds, Stopping threads took: 0.0000185 seconds
[2019-12-08T10:34:22.573+0000][1][safepoint    ] Application time: 1.0000806 seconds
[2019-12-08T10:34:22.573+0000][1][safepoint    ] Entering safepoint region: Cleanup
[2019-12-08T10:34:22.573+0000][1][safepoint    ] Leaving safepoint region
[2019-12-08T10:34:22.573+0000][1][safepoint    ] Total time for which application threads were stopped: 0.0000727 seconds, Stopping threads took: 0.0000184 seconds
[2019-12-08T10:34:23.573+0000][1][safepoint    ] Application time: 1.0000773 seconds
[2019-12-08T10:34:23.573+0000][1][safepoint    ] Entering safepoint region: Cleanup
[2019-12-08T10:34:23.573+0000][1][safepoint    ] Leaving safepoint region
[2019-12-08T10:34:23.573+0000][1][safepoint    ] Total time for which application threads were stopped: 0.0000691 seconds, Stopping threads took: 0.0000168 seconds
[2019-12-08T10:34:24.573+0000][1][safepoint    ] Application time: 1.0000773 seconds
[2019-12-08T10:34:24.573+0000][1][safepoint    ] Entering safepoint region: Cleanup
[2019-12-08T10:34:24.573+0000][1][safepoint    ] Leaving safepoint region
[2019-12-08T10:34:24.573+0000][1][safepoint    ] Total time for which application threads were stopped: 0.0000724 seconds, Stopping threads took: 0.0000183 seconds
[2019-12-08T10:34:25.574+0000][1][safepoint    ] Application time: 1.0000792 seconds
[2019-12-08T10:34:25.574+0000][1][safepoint    ] Entering safepoint region: Cleanup
[2019-12-08T10:34:25.574+0000][1][safepoint    ] Leaving safepoint region
[2019-12-08T10:34:25.574+0000][1][safepoint    ] Total time for which application threads were stopped: 0.0000751 seconds, Stopping threads took: 0.0000187 seconds
[2019-12-08T10:34:26.574+0000][1][safepoint    ] Application time: 1.0000758 seconds
[2019-12-08T10:34:26.574+0000][1][safepoint    ] Entering safepoint region: Cleanup
[2019-12-08T10:34:26.574+0000][1][safepoint    ] Leaving safepoint region
[2019-12-08T10:34:26.574+0000][1][safepoint    ] Total time for which application threads were stopped: 0.0000731 seconds, Stopping threads took: 0.0000181 seconds
[2019-12-08T10:34:27.574+0000][1][safepoint    ] Application time: 1.0000766 seconds
[2019-12-08T10:34:27.574+0000][1][safepoint    ] Entering safepoint region: Cleanup
[2019-12-08T10:34:27.574+0000][1][safepoint    ] Leaving safepoint region
[2019-12-08T10:34:27.574+0000][1][safepoint    ] Total time for which application threads were stopped: 0.0000715 seconds, Stopping threads took: 0.0000178 seconds
[2019-12-08T10:34:28.574+0000][1][safepoint    ] Application time: 1.0000781 seconds
[2019-12-08T10:34:28.574+0000][1][safepoint    ] Entering safepoint region: Cleanup
[2019-12-08T10:34:28.574+0000][1][safepoint    ] Leaving safepoint region
[2019-12-08T10:34:28.574+0000][1][safepoint    ] Total time for which application threads were stopped: 0.0000722 seconds, Stopping threads took: 0.0000180 seconds
[2019-12-08T10:34:29.574+0000][1][safepoint    ] Application time: 1.0000772 seconds
[2019-12-08T10:34:29.574+0000][1][safepoint    ] Entering safepoint region: Cleanup
[2019-12-08T10:34:29.574+0000][1][safepoint    ] Leaving safepoint region
[2019-12-08T10:34:29.574+0000][1][safepoint    ] Total time for which application threads were stopped: 0.0000708 seconds, Stopping threads took: 0.0000184 seconds
[2019-12-08T10:34:30.575+0000][1][safepoint    ] Application time: 1.0000772 seconds
[2019-12-08T10:34:30.575+0000][1][safepoint    ] Entering safepoint region: Cleanup
[2019-12-08T10:34:30.575+0000][1][safepoint    ] Leaving safepoint region
[2019-12-08T10:34:30.575+0000][1][safepoint    ] Total time for which application threads were stopped: 0.0000727 seconds, Stopping threads took: 0.0000170 seconds
[2019-12-08T10:34:31.575+0000][1][safepoint    ] Application time: 1.0000773 seconds
[2019-12-08T10:34:31.575+0000][1][safepoint    ] Entering safepoint region: Cleanup
[2019-12-08T10:34:31.575+0000][1][safepoint    ] Leaving safepoint region
[2019-12-08T10:34:31.575+0000][1][safepoint    ] Total time for which application threads were stopped: 0.0000668 seconds, Stopping threads took: 0.0000155 seconds
[2019-12-08T10:34:32.575+0000][1][safepoint    ] Application time: 1.0000760 seconds
[2019-12-08T10:34:32.575+0000][1][safepoint    ] Entering safepoint region: Cleanup
[2019-12-08T10:34:32.575+0000][1][safepoint    ] Leaving safepoint region
[2019-12-08T10:34:32.575+0000][1][safepoint    ] Total time for which application threads were stopped: 0.0000703 seconds, Stopping threads took: 0.0000176 seconds
[2019-12-08T10:34:33.575+0000][1][safepoint    ] Application time: 1.0000768 seconds
[2019-12-08T10:34:33.575+0000][1][safepoint    ] Entering safepoint region: Cleanup
[2019-12-08T10:34:33.575+0000][1][safepoint    ] Leaving safepoint region
[2019-12-08T10:34:33.575+0000][1][safepoint    ] Total time for which application threads were stopped: 0.0000705 seconds, Stopping threads took: 0.0000156 seconds
[2019-12-08T10:34:34.575+0000][1][safepoint    ] Application time: 1.0000734 seconds
[2019-12-08T10:34:34.575+0000][1][safepoint    ] Entering safepoint region: Cleanup
[2019-12-08T10:34:34.575+0000][1][safepoint    ] Leaving safepoint region
[2019-12-08T10:34:34.575+0000][1][safepoint    ] Total time for which application threads were stopped: 0.0000763 seconds, Stopping threads took: 0.0000193 seconds
[2019-12-08T10:34:35.575+0000][1][safepoint    ] Application time: 1.0000744 seconds
[2019-12-08T10:34:35.575+0000][1][safepoint    ] Entering safepoint region: Cleanup
[2019-12-08T10:34:35.576+0000][1][safepoint    ] Leaving safepoint region
[2019-12-08T10:34:35.576+0000][1][safepoint    ] Total time for which application threads were stopped: 0.0000753 seconds, Stopping threads took: 0.0000229 seconds
[2019-12-08T10:34:36.576+0000][1][safepoint    ] Application time: 1.0000753 seconds
[2019-12-08T10:34:36.576+0000][1][safepoint    ] Entering safepoint region: Cleanup
[2019-12-08T10:34:36.576+0000][1][safepoint    ] Leaving safepoint region
[2019-12-08T10:34:36.576+0000][1][safepoint    ] Total time for which application threads were stopped: 0.0000768 seconds, Stopping threads took: 0.0000158 seconds
[2019-12-08T10:34:37.576+0000][1][safepoint    ] Application time: 1.0000773 seconds
[2019-12-08T10:34:37.576+0000][1][safepoint    ] Entering safepoint region: Cleanup
[2019-12-08T10:34:37.576+0000][1][safepoint    ] Leaving safepoint region
[2019-12-08T10:34:37.576+0000][1][safepoint    ] Total time for which application threads were stopped: 0.0000721 seconds, Stopping threads took: 0.0000172 seconds
[2019-12-08T10:34:38.576+0000][1][safepoint    ] Application time: 1.0000763 seconds
[2019-12-08T10:34:38.576+0000][1][safepoint    ] Entering safepoint region: Cleanup
[2019-12-08T10:34:38.576+0000][1][safepoint    ] Leaving safepoint region
[2019-12-08T10:34:38.576+0000][1][safepoint    ] Total time for which application threads were stopped: 0.0000703 seconds, Stopping threads took: 0.0000176 seconds
[2019-12-08T10:34:39.576+0000][1][safepoint    ] Application time: 1.0000782 seconds
[2019-12-08T10:34:39.576+0000][1][safepoint    ] Entering safepoint region: Cleanup
[2019-12-08T10:34:39.576+0000][1][safepoint    ] Leaving safepoint region
[2019-12-08T10:34:39.576+0000][1][safepoint    ] Total time for which application threads were stopped: 0.0000724 seconds, Stopping threads took: 0.0000167 seconds
[2019-12-08T10:34:40.576+0000][1][safepoint    ] Application time: 1.0000755 seconds
[2019-12-08T10:34:40.576+0000][1][safepoint    ] Entering safepoint region: Cleanup
[2019-12-08T10:34:40.576+0000][1][safepoint    ] Leaving safepoint region
[2019-12-08T10:34:40.576+0000][1][safepoint    ] Total time for which application threads were stopped: 0.0000726 seconds, Stopping threads took: 0.0000186 seconds
[2019-12-08T10:34:41.577+0000][1][safepoint    ] Application time: 1.0000766 seconds
[2019-12-08T10:34:41.577+0000][1][safepoint    ] Entering safepoint region: Cleanup
[2019-12-08T10:34:41.577+0000][1][safepoint    ] Leaving safepoint region
[2019-12-08T10:34:41.577+0000][1][safepoint    ] Total time for which application threads were stopped: 0.0000712 seconds, Stopping threads took: 0.0000182 seconds
[2019-12-08T10:34:42.577+0000][1][safepoint    ] Application time: 1.0000885 seconds
[2019-12-08T10:34:42.577+0000][1][safepoint    ] Entering safepoint region: Cleanup
[2019-12-08T10:34:42.577+0000][1][safepoint    ] Leaving safepoint region
[2019-12-08T10:34:42.577+0000][1][safepoint    ] Total time for which application threads were stopped: 0.0000707 seconds, Stopping threads took: 0.0000176 seconds
[2019-12-08T10:34:43.577+0000][1][safepoint    ] Application time: 1.0000763 seconds
[2019-12-08T10:34:43.577+0000][1][safepoint    ] Entering safepoint region: Cleanup
[2019-12-08T10:34:43.577+0000][1][safepoint    ] Leaving safepoint region
[2019-12-08T10:34:43.577+0000][1][safepoint    ] Total time for which application threads were stopped: 0.0000671 seconds, Stopping threads took: 0.0000164 seconds
[2019-12-08T10:34:44.577+0000][1][safepoint    ] Application time: 1.0000744 seconds
[2019-12-08T10:34:44.577+0000][1][safepoint    ] Entering safepoint region: Cleanup
[2019-12-08T10:34:44.577+0000][1][safepoint    ] Leaving safepoint region
[2019-12-08T10:34:44.577+0000][1][safepoint    ] Total time for which application threads were stopped: 0.0000801 seconds, Stopping threads took: 0.0000256 seconds
[2019-12-08T10:34:45.577+0000][1][safepoint    ] Application time: 1.0000850 seconds
[2019-12-08T10:34:45.577+0000][1][safepoint    ] Entering safepoint region: Cleanup
[2019-12-08T10:34:45.577+0000][1][safepoint    ] Leaving safepoint region
[2019-12-08T10:34:45.577+0000][1][safepoint    ] Total time for which application threads were stopped: 0.0000712 seconds, Stopping threads took: 0.0000179 seconds
[2019-12-08T10:34:46.578+0000][1][safepoint    ] Application time: 1.0000841 seconds
[2019-12-08T10:34:46.578+0000][1][safepoint    ] Entering safepoint region: Cleanup
[2019-12-08T10:34:46.578+0000][1][safepoint    ] Leaving safepoint region
[2019-12-08T10:34:46.578+0000][1][safepoint    ] Total time for which application threads were stopped: 0.0000740 seconds, Stopping threads took: 0.0000193 seconds
[2019-12-08T10:34:47.578+0000][1][safepoint    ] Application time: 1.0000799 seconds
[2019-12-08T10:34:47.578+0000][1][safepoint    ] Entering safepoint region: Cleanup
[2019-12-08T10:34:47.578+0000][1][safepoint    ] Leaving safepoint region
[2019-12-08T10:34:47.578+0000][1][safepoint    ] Total time for which application threads were stopped: 0.0000743 seconds, Stopping threads took: 0.0000179 seconds
[2019-12-08T10:34:48.578+0000][1][safepoint    ] Application time: 1.0000791 seconds
[2019-12-08T10:34:48.578+0000][1][safepoint    ] Entering safepoint region: Cleanup
[2019-12-08T10:34:48.578+0000][1][safepoint    ] Leaving safepoint region
[2019-12-08T10:34:48.578+0000][1][safepoint    ] Total time for which application threads were stopped: 0.0000681 seconds, Stopping threads took: 0.0000153 seconds
[2019-12-08T10:34:49.578+0000][1][safepoint    ] Application time: 1.0000866 seconds
[2019-12-08T10:34:49.578+0000][1][safepoint    ] Entering safepoint region: Cleanup
[2019-12-08T10:34:49.578+0000][1][safepoint    ] Leaving safepoint region
[2019-12-08T10:34:49.578+0000][1][safepoint    ] Total time for which application threads were stopped: 0.0000727 seconds, Stopping threads took: 0.0000182 seconds
[2019-12-08T10:34:50.578+0000][1][safepoint    ] Application time: 1.0000797 seconds
[2019-12-08T10:34:50.578+0000][1][safepoint    ] Entering safepoint region: Cleanup
[2019-12-08T10:34:50.578+0000][1][safepoint    ] Leaving safepoint region
[2019-12-08T10:34:50.578+0000][1][safepoint    ] Total time for which application threads were stopped: 0.0000904 seconds, Stopping threads took: 0.0000162 seconds
[2019-12-08T10:34:51.579+0000][1][safepoint    ] Application time: 1.0000789 seconds
[2019-12-08T10:34:51.579+0000][1][safepoint    ] Entering safepoint region: Cleanup
[2019-12-08T10:34:51.579+0000][1][safepoint    ] Leaving safepoint region
[2019-12-08T10:34:51.579+0000][1][safepoint    ] Total time for which application threads were stopped: 0.0000704 seconds, Stopping threads took: 0.0000171 seconds
[2019-12-08T10:34:52.579+0000][1][safepoint    ] Application time: 1.0000773 seconds
[2019-12-08T10:34:52.579+0000][1][safepoint    ] Entering safepoint region: Cleanup
[2019-12-08T10:34:52.579+0000][1][safepoint    ] Leaving safepoint region
[2019-12-08T10:34:52.579+0000][1][safepoint    ] Total time for which application threads were stopped: 0.0000793 seconds, Stopping threads took: 0.0000247 seconds
[2019-12-08T10:34:53.579+0000][1][safepoint    ] Application time: 1.0000763 seconds
[2019-12-08T10:34:53.579+0000][1][safepoint    ] Entering safepoint region: Cleanup
[2019-12-08T10:34:53.579+0000][1][safepoint    ] Leaving safepoint region
[2019-12-08T10:34:53.579+0000][1][safepoint    ] Total time for which application threads were stopped: 0.0000679 seconds, Stopping threads took: 0.0000170 seconds
[2019-12-08T10:34:54.579+0000][1][safepoint    ] Application time: 1.0000765 seconds
[2019-12-08T10:34:54.579+0000][1][safepoint    ] Entering safepoint region: Cleanup
[2019-12-08T10:34:54.579+0000][1][safepoint    ] Leaving safepoint region
[2019-12-08T10:34:54.579+0000][1][safepoint    ] Total time for which application threads were stopped: 0.0000686 seconds, Stopping threads took: 0.0000172 seconds
[2019-12-08T10:34:55.579+0000][1][safepoint    ] Application time: 1.0000807 seconds
[2019-12-08T10:34:55.579+0000][1][safepoint    ] Entering safepoint region: Cleanup
[2019-12-08T10:34:55.579+0000][1][safepoint    ] Leaving safepoint region
[2019-12-08T10:34:55.579+0000][1][safepoint    ] Total time for which application threads were stopped: 0.0000718 seconds, Stopping threads took: 0.0000169 seconds
[2019-12-08T10:34:56.579+0000][1][safepoint    ] Application time: 1.0000754 seconds
[2019-12-08T10:34:56.580+0000][1][safepoint    ] Entering safepoint region: Cleanup
[2019-12-08T10:34:56.580+0000][1][safepoint    ] Leaving safepoint region
[2019-12-08T10:34:56.580+0000][1][safepoint    ] Total time for which application threads were stopped: 0.0000735 seconds, Stopping threads took: 0.0000186 seconds
[2019-12-08T10:34:57.580+0000][1][safepoint    ] Application time: 1.0000772 seconds
[2019-12-08T10:34:57.580+0000][1][safepoint    ] Entering safepoint region: Cleanup
[2019-12-08T10:34:57.580+0000][1][safepoint    ] Leaving safepoint region
[2019-12-08T10:34:57.580+0000][1][safepoint    ] Total time for which application threads were stopped: 0.0000675 seconds, Stopping threads took: 0.0000175 seconds
[2019-12-08T10:34:58.580+0000][1][safepoint    ] Application time: 1.0000778 seconds
[2019-12-08T10:34:58.580+0000][1][safepoint    ] Entering safepoint region: Cleanup
[2019-12-08T10:34:58.580+0000][1][safepoint    ] Leaving safepoint region
[2019-12-08T10:34:58.580+0000][1][safepoint    ] Total time for which application threads were stopped: 0.0000688 seconds, Stopping threads took: 0.0000156 seconds
[2019-12-08T10:34:59.580+0000][1][safepoint    ] Application time: 1.0000773 seconds
[2019-12-08T10:34:59.580+0000][1][safepoint    ] Entering safepoint region: Cleanup
[2019-12-08T10:34:59.580+0000][1][safepoint    ] Leaving safepoint region
[2019-12-08T10:34:59.580+0000][1][safepoint    ] Total time for which application threads were stopped: 0.0000710 seconds, Stopping threads took: 0.0000174 seconds
[2019-12-08T10:35:00.580+0000][1][safepoint    ] Application time: 1.0000893 seconds
[2019-12-08T10:35:00.580+0000][1][safepoint    ] Entering safepoint region: Cleanup
[2019-12-08T10:35:00.580+0000][1][safepoint    ] Leaving safepoint region
[2019-12-08T10:35:00.580+0000][1][safepoint    ] Total time for which application threads were stopped: 0.0000685 seconds, Stopping threads took: 0.0000154 seconds
[2019-12-08T10:35:01.580+0000][1][safepoint    ] Application time: 1.0000874 seconds
[2019-12-08T10:35:01.580+0000][1][safepoint    ] Entering safepoint region: Cleanup
[2019-12-08T10:35:01.581+0000][1][safepoint    ] Leaving safepoint region
[2019-12-08T10:35:01.581+0000][1][safepoint    ] Total time for which application threads were stopped: 0.0000749 seconds, Stopping threads took: 0.0000177 seconds
[2019-12-08T10:35:03.445+0000][1][safepoint    ] Application time: 1.8642178 seconds
[2019-12-08T10:35:03.445+0000][1][safepoint    ] Entering safepoint region: Cleanup
[2019-12-08T10:35:03.445+0000][1][safepoint    ] Leaving safepoint region
[2019-12-08T10:35:03.445+0000][1][safepoint    ] Total time for which application threads were stopped: 0.0000766 seconds, Stopping threads took: 0.0000170 seconds
[2019-12-08T10:35:04.445+0000][1][safepoint    ] Application time: 1.0000824 seconds
[2019-12-08T10:35:04.445+0000][1][safepoint    ] Entering safepoint region: Cleanup
[2019-12-08T10:35:04.445+0000][1][safepoint    ] Leaving safepoint region
[2019-12-08T10:35:04.445+0000][1][safepoint    ] Total time for which application threads were stopped: 0.0000731 seconds, Stopping threads took: 0.0000173 seconds
[2019-12-08T10:35:05.445+0000][1][safepoint    ] Application time: 1.0000874 seconds
[2019-12-08T10:35:05.445+0000][1][safepoint    ] Entering safepoint region: Cleanup
[2019-12-08T10:35:05.445+0000][1][safepoint    ] Leaving safepoint region
[2019-12-08T10:35:05.445+0000][1][safepoint    ] Total time for which application threads were stopped: 0.0001168 seconds, Stopping threads took: 0.0000509 seconds
[2019-12-08T10:35:06.446+0000][1][safepoint    ] Application time: 1.0002535 seconds
[2019-12-08T10:35:06.446+0000][1][safepoint    ] Entering safepoint region: Cleanup
[2019-12-08T10:35:06.446+0000][1][safepoint    ] Leaving safepoint region
[2019-12-08T10:35:06.446+0000][1][safepoint    ] Total time for which application threads were stopped: 0.0001024 seconds, Stopping threads took: 0.0000264 seconds
[2019-12-08T10:35:07.446+0000][1][safepoint    ] Application time: 1.0000812 seconds
[2019-12-08T10:35:07.446+0000][1][safepoint    ] Entering safepoint region: Cleanup
[2019-12-08T10:35:07.446+0000][1][safepoint    ] Leaving safepoint region
[2019-12-08T10:35:07.446+0000][1][safepoint    ] Total time for which application threads were stopped: 0.0001758 seconds, Stopping threads took: 0.0000927 seconds
[2019-12-08T10:35:08.446+0000][1][safepoint    ] Application time: 1.0000917 seconds
[2019-12-08T10:35:08.446+0000][1][safepoint    ] Entering safepoint region: Cleanup
[2019-12-08T10:35:08.446+0000][1][safepoint    ] Leaving safepoint region
[2019-12-08T10:35:08.446+0000][1][safepoint    ] Total time for which application threads were stopped: 0.0000785 seconds, Stopping threads took: 0.0000186 seconds
[2019-12-08T10:35:09.446+0000][1][safepoint    ] Application time: 1.0000822 seconds
[2019-12-08T10:35:09.446+0000][1][safepoint    ] Entering safepoint region: Cleanup
[2019-12-08T10:35:09.446+0000][1][safepoint    ] Leaving safepoint region
[2019-12-08T10:35:09.446+0000][1][safepoint    ] Total time for which application threads were stopped: 0.0000784 seconds, Stopping threads took: 0.0000212 seconds
[2019-12-08T10:35:10.447+0000][1][safepoint    ] Application time: 1.0000815 seconds
[2019-12-08T10:35:10.447+0000][1][safepoint    ] Entering safepoint region: Cleanup
[2019-12-08T10:35:10.447+0000][1][safepoint    ] Leaving safepoint region
[2019-12-08T10:35:10.447+0000][1][safepoint    ] Total time for which application threads were stopped: 0.0000767 seconds, Stopping threads took: 0.0000199 seconds
[2019-12-08T10:35:11.447+0000][1][safepoint    ] Application time: 1.0000820 seconds
[2019-12-08T10:35:11.447+0000][1][safepoint    ] Entering safepoint region: Cleanup
[2019-12-08T10:35:11.447+0000][1][safepoint    ] Leaving safepoint region
[2019-12-08T10:35:11.447+0000][1][safepoint    ] Total time for which application threads were stopped: 0.0000768 seconds, Stopping threads took: 0.0000192 seconds
[2019-12-08T10:35:12.447+0000][1][safepoint    ] Application time: 1.0000810 seconds
[2019-12-08T10:35:12.447+0000][1][safepoint    ] Entering safepoint region: Cleanup
[2019-12-08T10:35:12.447+0000][1][safepoint    ] Leaving safepoint region
[2019-12-08T10:35:12.447+0000][1][safepoint    ] Total time for which application threads were stopped: 0.0000785 seconds, Stopping threads took: 0.0000206 seconds
[2019-12-08T10:35:13.447+0000][1][safepoint    ] Application time: 1.0000820 seconds
[2019-12-08T10:35:13.447+0000][1][safepoint    ] Entering safepoint region: Cleanup
[2019-12-08T10:35:13.447+0000][1][safepoint    ] Leaving safepoint region
[2019-12-08T10:35:13.447+0000][1][safepoint    ] Total time for which application threads were stopped: 0.0000784 seconds, Stopping threads took: 0.0000197 seconds
[2019-12-08T10:35:14.447+0000][1][safepoint    ] Application time: 1.0000783 seconds
[2019-12-08T10:35:14.447+0000][1][safepoint    ] Entering safepoint region: Cleanup
[2019-12-08T10:35:14.447+0000][1][safepoint    ] Leaving safepoint region
[2019-12-08T10:35:14.447+0000][1][safepoint    ] Total time for which application threads were stopped: 0.0000749 seconds, Stopping threads took: 0.0000178 seconds
[2019-12-08T10:35:15.448+0000][1][safepoint    ] Application time: 1.0000748 seconds
[2019-12-08T10:35:15.448+0000][1][safepoint    ] Entering safepoint region: Cleanup
[2019-12-08T10:35:15.448+0000][1][safepoint    ] Leaving safepoint region
[2019-12-08T10:35:15.448+0000][1][safepoint    ] Total time for which application threads were stopped: 0.0000698 seconds, Stopping threads took: 0.0000171 seconds
[2019-12-08T10:35:16.448+0000][1][safepoint    ] Application time: 1.0000866 seconds
[2019-12-08T10:35:16.448+0000][1][safepoint    ] Entering safepoint region: Cleanup
[2019-12-08T10:35:16.448+0000][1][safepoint    ] Leaving safepoint region
[2019-12-08T10:35:16.448+0000][1][safepoint    ] Total time for which application threads were stopped: 0.0000772 seconds, Stopping threads took: 0.0000184 seconds
[2019-12-08T10:35:17.448+0000][1][safepoint    ] Application time: 1.0000776 seconds
[2019-12-08T10:35:17.448+0000][1][safepoint    ] Entering safepoint region: Cleanup
[2019-12-08T10:35:17.448+0000][1][safepoint    ] Leaving safepoint region
[2019-12-08T10:35:17.448+0000][1][safepoint    ] Total time for which application threads were stopped: 0.0000721 seconds, Stopping threads took: 0.0000179 seconds
[2019-12-08T10:35:18.448+0000][1][safepoint    ] Application time: 1.0000747 seconds
[2019-12-08T10:35:18.448+0000][1][safepoint    ] Entering safepoint region: Cleanup
[2019-12-08T10:35:18.448+0000][1][safepoint    ] Leaving safepoint region
[2019-12-08T10:35:18.448+0000][1][safepoint    ] Total time for which application threads were stopped: 0.0000727 seconds, Stopping threads took: 0.0000169 seconds
[2019-12-08T10:35:19.448+0000][1][safepoint    ] Application time: 1.0000859 seconds
[2019-12-08T10:35:19.448+0000][1][safepoint    ] Entering safepoint region: Cleanup
[2019-12-08T10:35:19.448+0000][1][safepoint    ] Leaving safepoint region
[2019-12-08T10:35:19.448+0000][1][safepoint    ] Total time for which application threads were stopped: 0.0000785 seconds, Stopping threads took: 0.0000192 seconds
[2019-12-08T10:35:20.449+0000][1][safepoint    ] Application time: 1.0000780 seconds
[2019-12-08T10:35:20.449+0000][1][safepoint    ] Entering safepoint region: Cleanup
[2019-12-08T10:35:20.449+0000][1][safepoint    ] Leaving safepoint region
[2019-12-08T10:35:20.449+0000][1][safepoint    ] Total time for which application threads were stopped: 0.0000722 seconds, Stopping threads took: 0.0000178 seconds
[2019-12-08T10:35:21.449+0000][1][safepoint    ] Application time: 1.0000834 seconds
[2019-12-08T10:35:21.449+0000][1][safepoint    ] Entering safepoint region: Cleanup
[2019-12-08T10:35:21.449+0000][1][safepoint    ] Leaving safepoint region
[2019-12-08T10:35:21.449+0000][1][safepoint    ] Total time for which application threads were stopped: 0.0000703 seconds, Stopping threads took: 0.0000182 seconds
[2019-12-08T10:35:22.449+0000][1][safepoint    ] Application time: 1.0000781 seconds
[2019-12-08T10:35:22.449+0000][1][safepoint    ] Entering safepoint region: Cleanup
[2019-12-08T10:35:22.449+0000][1][safepoint    ] Leaving safepoint region
[2019-12-08T10:35:22.449+0000][1][safepoint    ] Total time for which application threads were stopped: 0.0000737 seconds, Stopping threads took: 0.0000176 seconds
[2019-12-08T10:35:23.449+0000][1][safepoint    ] Application time: 1.0000763 seconds
[2019-12-08T10:35:23.449+0000][1][safepoint    ] Entering safepoint region: Cleanup
[2019-12-08T10:35:23.449+0000][1][safepoint    ] Leaving safepoint region
[2019-12-08T10:35:23.449+0000][1][safepoint    ] Total time for which application threads were stopped: 0.0000715 seconds, Stopping threads took: 0.0000172 seconds
[2019-12-08T10:35:24.449+0000][1][safepoint    ] Application time: 1.0000742 seconds
[2019-12-08T10:35:24.449+0000][1][safepoint    ] Entering safepoint region: Cleanup
[2019-12-08T10:35:24.449+0000][1][safepoint    ] Leaving safepoint region
[2019-12-08T10:35:24.449+0000][1][safepoint    ] Total time for which application threads were stopped: 0.0000708 seconds, Stopping threads took: 0.0000170 seconds
[2019-12-08T10:35:25.449+0000][1][safepoint    ] Application time: 1.0000789 seconds
[2019-12-08T10:35:25.449+0000][1][safepoint    ] Entering safepoint region: Cleanup
[2019-12-08T10:35:25.450+0000][1][safepoint    ] Leaving safepoint region
[2019-12-08T10:35:25.450+0000][1][safepoint    ] Total time for which application threads were stopped: 0.0000719 seconds, Stopping threads took: 0.0000180 seconds
[2019-12-08T10:35:26.450+0000][1][safepoint    ] Application time: 1.0000781 seconds
[2019-12-08T10:35:26.450+0000][1][safepoint    ] Entering safepoint region: Cleanup
[2019-12-08T10:35:26.450+0000][1][safepoint    ] Leaving safepoint region
[2019-12-08T10:35:26.450+0000][1][safepoint    ] Total time for which application threads were stopped: 0.0000782 seconds, Stopping threads took: 0.0000177 seconds
[2019-12-08T10:35:27.450+0000][1][safepoint    ] Application time: 1.0000806 seconds
[2019-12-08T10:35:27.450+0000][1][safepoint    ] Entering safepoint region: Cleanup
[2019-12-08T10:35:27.450+0000][1][safepoint    ] Leaving safepoint region
[2019-12-08T10:35:27.450+0000][1][safepoint    ] Total time for which application threads were stopped: 0.0000693 seconds, Stopping threads took: 0.0000180 seconds
[2019-12-08T10:35:28.450+0000][1][safepoint    ] Application time: 1.0000772 seconds
[2019-12-08T10:35:28.450+0000][1][safepoint    ] Entering safepoint region: Cleanup
[2019-12-08T10:35:28.450+0000][1][safepoint    ] Leaving safepoint region
[2019-12-08T10:35:28.450+0000][1][safepoint    ] Total time for which application threads were stopped: 0.0000706 seconds, Stopping threads took: 0.0000174 seconds
[2019-12-08T10:35:29.450+0000][1][safepoint    ] Application time: 1.0000775 seconds
[2019-12-08T10:35:29.450+0000][1][safepoint    ] Entering safepoint region: Cleanup
[2019-12-08T10:35:29.450+0000][1][safepoint    ] Leaving safepoint region
[2019-12-08T10:35:29.450+0000][1][safepoint    ] Total time for which application threads were stopped: 0.0000929 seconds, Stopping threads took: 0.0000370 seconds
[2019-12-08T10:35:30.450+0000][1][safepoint    ] Application time: 1.0000781 seconds
[2019-12-08T10:35:30.450+0000][1][safepoint    ] Entering safepoint region: Cleanup
[2019-12-08T10:35:30.450+0000][1][safepoint    ] Leaving safepoint region
[2019-12-08T10:35:30.450+0000][1][safepoint    ] Total time for which application threads were stopped: 0.0000719 seconds, Stopping threads took: 0.0000178 seconds
[2019-12-08T10:35:31.451+0000][1][safepoint    ] Application time: 1.0000843 seconds
[2019-12-08T10:35:31.451+0000][1][safepoint    ] Entering safepoint region: Cleanup
[2019-12-08T10:35:31.451+0000][1][safepoint    ] Leaving safepoint region
[2019-12-08T10:35:31.451+0000][1][safepoint    ] Total time for which application threads were stopped: 0.0000757 seconds, Stopping threads took: 0.0000193 seconds
[2019-12-08T10:35:32.451+0000][1][safepoint    ] Application time: 1.0000798 seconds
[2019-12-08T10:35:32.451+0000][1][safepoint    ] Entering safepoint region: Cleanup
[2019-12-08T10:35:32.451+0000][1][safepoint    ] Leaving safepoint region
[2019-12-08T10:35:32.451+0000][1][safepoint    ] Total time for which application threads were stopped: 0.0000756 seconds, Stopping threads took: 0.0000191 seconds
[2019-12-08T10:35:33.451+0000][1][safepoint    ] Application time: 1.0000794 seconds
[2019-12-08T10:35:33.451+0000][1][safepoint    ] Entering safepoint region: Cleanup
[2019-12-08T10:35:33.451+0000][1][safepoint    ] Leaving safepoint region
[2019-12-08T10:35:33.451+0000][1][safepoint    ] Total time for which application threads were stopped: 0.0000730 seconds, Stopping threads took: 0.0000183 seconds
[2019-12-08T10:35:34.451+0000][1][safepoint    ] Application time: 1.0000817 seconds
[2019-12-08T10:35:34.451+0000][1][safepoint    ] Entering safepoint region: Cleanup
[2019-12-08T10:35:34.451+0000][1][safepoint    ] Leaving safepoint region
[2019-12-08T10:35:34.451+0000][1][safepoint    ] Total time for which application threads were stopped: 0.0000732 seconds, Stopping threads took: 0.0000185 seconds
[2019-12-08T10:35:35.461+0000][1][safepoint    ] Application time: 1.0099616 seconds
[2019-12-08T10:35:35.461+0000][1][safepoint    ] Entering safepoint region: Cleanup
[2019-12-08T10:35:35.461+0000][1][safepoint    ] Leaving safepoint region
[2019-12-08T10:35:35.461+0000][1][safepoint    ] Total time for which application threads were stopped: 0.0000930 seconds, Stopping threads took: 0.0000382 seconds
[2019-12-08T10:35:36.461+0000][1][safepoint    ] Application time: 1.0001100 seconds
[2019-12-08T10:35:36.462+0000][1][safepoint    ] Entering safepoint region: Cleanup
[2019-12-08T10:35:36.462+0000][1][safepoint    ] Leaving safepoint region
[2019-12-08T10:35:36.462+0000][1][safepoint    ] Total time for which application threads were stopped: 0.0001746 seconds, Stopping threads took: 0.0000917 seconds
[2019-12-08T10:35:37.462+0000][1][safepoint    ] Application time: 1.0000819 seconds
[2019-12-08T10:35:37.462+0000][1][safepoint    ] Entering safepoint region: Cleanup
[2019-12-08T10:35:37.462+0000][1][safepoint    ] Leaving safepoint region
[2019-12-08T10:35:37.462+0000][1][safepoint    ] Total time for which application threads were stopped: 0.0000748 seconds, Stopping threads took: 0.0000181 seconds
[2019-12-08T10:35:38.462+0000][1][safepoint    ] Application time: 1.0000780 seconds
[2019-12-08T10:35:38.462+0000][1][safepoint    ] Entering safepoint region: Cleanup
[2019-12-08T10:35:38.462+0000][1][safepoint    ] Leaving safepoint region
[2019-12-08T10:35:38.462+0000][1][safepoint    ] Total time for which application threads were stopped: 0.0000748 seconds, Stopping threads took: 0.0000189 seconds
[2019-12-08T10:35:39.462+0000][1][safepoint    ] Application time: 1.0000938 seconds
[2019-12-08T10:35:39.462+0000][1][safepoint    ] Entering safepoint region: Cleanup
[2019-12-08T10:35:39.462+0000][1][safepoint    ] Leaving safepoint region
[2019-12-08T10:35:39.462+0000][1][safepoint    ] Total time for which application threads were stopped: 0.0000722 seconds, Stopping threads took: 0.0000178 seconds
[2019-12-08T10:35:40.462+0000][1][safepoint    ] Application time: 1.0000778 seconds
[2019-12-08T10:35:40.462+0000][1][safepoint    ] Entering safepoint region: Cleanup
[2019-12-08T10:35:40.462+0000][1][safepoint    ] Leaving safepoint region
[2019-12-08T10:35:40.462+0000][1][safepoint    ] Total time for which application threads were stopped: 0.0000689 seconds, Stopping threads took: 0.0000172 seconds
[2019-12-08T10:35:41.462+0000][1][safepoint    ] Application time: 1.0000780 seconds
[2019-12-08T10:35:41.463+0000][1][safepoint    ] Entering safepoint region: Cleanup
[2019-12-08T10:35:41.463+0000][1][safepoint    ] Leaving safepoint region
[2019-12-08T10:35:41.463+0000][1][safepoint    ] Total time for which application threads were stopped: 0.0000722 seconds, Stopping threads took: 0.0000184 seconds
[2019-12-08T10:35:42.463+0000][1][safepoint    ] Application time: 1.0000796 seconds
[2019-12-08T10:35:42.463+0000][1][safepoint    ] Entering safepoint region: Cleanup
[2019-12-08T10:35:42.463+0000][1][safepoint    ] Leaving safepoint region
[2019-12-08T10:35:42.463+0000][1][safepoint    ] Total time for which application threads were stopped: 0.0000712 seconds, Stopping threads took: 0.0000169 seconds
[2019-12-08T10:35:43.463+0000][1][safepoint    ] Application time: 1.0000756 seconds
[2019-12-08T10:35:43.463+0000][1][safepoint    ] Entering safepoint region: Cleanup
[2019-12-08T10:35:43.463+0000][1][safepoint    ] Leaving safepoint region
[2019-12-08T10:35:43.463+0000][1][safepoint    ] Total time for which application threads were stopped: 0.0000778 seconds, Stopping threads took: 0.0000236 seconds
[2019-12-08T10:35:44.463+0000][1][safepoint    ] Application time: 1.0000908 seconds
[2019-12-08T10:35:44.463+0000][1][safepoint    ] Entering safepoint region: Cleanup
[2019-12-08T10:35:44.463+0000][1][safepoint    ] Leaving safepoint region
[2019-12-08T10:35:44.463+0000][1][safepoint    ] Total time for which application threads were stopped: 0.0000838 seconds, Stopping threads took: 0.0000234 seconds
[2019-12-08T10:35:45.463+0000][1][safepoint    ] Application time: 1.0000770 seconds
[2019-12-08T10:35:45.463+0000][1][safepoint    ] Entering safepoint region: Cleanup
[2019-12-08T10:35:45.463+0000][1][safepoint    ] Leaving safepoint region
[2019-12-08T10:35:45.463+0000][1][safepoint    ] Total time for which application threads were stopped: 0.0000756 seconds, Stopping threads took: 0.0000217 seconds
[2019-12-08T10:35:46.465+0000][1][safepoint    ] Application time: 1.0018537 seconds
[2019-12-08T10:35:46.465+0000][1][safepoint    ] Entering safepoint region: Cleanup
[2019-12-08T10:35:46.465+0000][1][safepoint    ] Leaving safepoint region
[2019-12-08T10:35:46.465+0000][1][safepoint    ] Total time for which application threads were stopped: 0.0001055 seconds, Stopping threads took: 0.0000253 seconds
[2019-12-08T10:35:47.468+0000][1][safepoint    ] Application time: 1.0023379 seconds
[2019-12-08T10:35:47.468+0000][1][safepoint    ] Entering safepoint region: Cleanup
[2019-12-08T10:35:47.468+0000][1][safepoint    ] Leaving safepoint region
[2019-12-08T10:35:47.468+0000][1][safepoint    ] Total time for which application threads were stopped: 0.0001101 seconds, Stopping threads took: 0.0000275 seconds
[2019-12-08T10:35:48.469+0000][1][safepoint    ] Application time: 1.0008831 seconds
[2019-12-08T10:35:48.469+0000][1][safepoint    ] Entering safepoint region: Cleanup
[2019-12-08T10:35:48.469+0000][1][safepoint    ] Leaving safepoint region
[2019-12-08T10:35:48.469+0000][1][safepoint    ] Total time for which application threads were stopped: 0.0000961 seconds, Stopping threads took: 0.0000243 seconds
[2019-12-08T10:35:49.469+0000][1][safepoint    ] Application time: 1.0000810 seconds
[2019-12-08T10:35:49.469+0000][1][safepoint    ] Entering safepoint region: Cleanup
[2019-12-08T10:35:49.469+0000][1][safepoint    ] Leaving safepoint region
[2019-12-08T10:35:49.469+0000][1][safepoint    ] Total time for which application threads were stopped: 0.0000958 seconds, Stopping threads took: 0.0000243 seconds
[2019-12-08T10:35:50.470+0000][1][safepoint    ] Application time: 1.0006223 seconds
[2019-12-08T10:35:50.470+0000][1][safepoint    ] Entering safepoint region: Cleanup
[2019-12-08T10:35:50.470+0000][1][safepoint    ] Leaving safepoint region
[2019-12-08T10:35:50.470+0000][1][safepoint    ] Total time for which application threads were stopped: 0.0001027 seconds, Stopping threads took: 0.0000252 seconds
[2019-12-08T10:35:51.470+0000][1][safepoint    ] Application time: 1.0000846 seconds
[2019-12-08T10:35:51.470+0000][1][safepoint    ] Entering safepoint region: Cleanup
[2019-12-08T10:35:51.470+0000][1][safepoint    ] Leaving safepoint region
[2019-12-08T10:35:51.470+0000][1][safepoint    ] Total time for which application threads were stopped: 0.0000957 seconds, Stopping threads took: 0.0000247 seconds
[2019-12-08T10:35:52.471+0000][1][safepoint    ] Application time: 1.0007309 seconds
[2019-12-08T10:35:52.471+0000][1][safepoint    ] Entering safepoint region: Cleanup
[2019-12-08T10:35:52.471+0000][1][safepoint    ] Leaving safepoint region
[2019-12-08T10:35:52.471+0000][1][safepoint    ] Total time for which application threads were stopped: 0.0001071 seconds, Stopping threads took: 0.0000270 seconds
[2019-12-08T10:35:53.471+0000][1][safepoint    ] Application time: 1.0000899 seconds
[2019-12-08T10:35:53.471+0000][1][safepoint    ] Entering safepoint region: Cleanup
[2019-12-08T10:35:53.471+0000][1][safepoint    ] Leaving safepoint region
[2019-12-08T10:35:53.471+0000][1][safepoint    ] Total time for which application threads were stopped: 0.0000941 seconds, Stopping threads took: 0.0000232 seconds
[2019-12-08T10:35:53.578+0000][1][safepoint    ] Application time: 0.1070226 seconds
[2019-12-08T10:35:53.578+0000][1][safepoint    ] Entering safepoint region: RevokeBias
[2019-12-08T10:35:53.578+0000][1][safepoint    ] Leaving safepoint region
[2019-12-08T10:35:53.578+0000][1][safepoint    ] Total time for which application threads were stopped: 0.0001423 seconds, Stopping threads took: 0.0000211 seconds
[2019-12-08T10:35:53.692+0000][1][safepoint    ] Application time: 0.1133381 seconds
[2019-12-08T10:35:53.693+0000][1][safepoint    ] Entering safepoint region: RevokeBias
[2019-12-08T10:35:53.693+0000][1][safepoint    ] Leaving safepoint region
[2019-12-08T10:35:53.693+0000][1][safepoint    ] Total time for which application threads were stopped: 0.0015892 seconds, Stopping threads took: 0.0014318 seconds
[2019-12-08T10:35:53.755+0000][1][safepoint    ] Application time: 0.0613630 seconds
[2019-12-08T10:35:53.755+0000][1][safepoint    ] Entering safepoint region: RevokeBias
[2019-12-08T10:35:53.755+0000][1][safepoint    ] Leaving safepoint region
[2019-12-08T10:35:53.755+0000][1][safepoint    ] Total time for which application threads were stopped: 0.0001509 seconds, Stopping threads took: 0.0000225 seconds
[2019-12-08T10:35:54.755+0000][1][safepoint    ] Application time: 1.0000860 seconds
[2019-12-08T10:35:54.755+0000][1][safepoint    ] Entering safepoint region: Cleanup
[2019-12-08T10:35:54.755+0000][1][safepoint    ] Leaving safepoint region
[2019-12-08T10:35:54.755+0000][1][safepoint    ] Total time for which application threads were stopped: 0.0000954 seconds, Stopping threads took: 0.0000163 seconds
[2019-12-08T10:35:55.755+0000][1][safepoint    ] Application time: 1.0000777 seconds
[2019-12-08T10:35:55.755+0000][1][safepoint    ] Entering safepoint region: Cleanup
[2019-12-08T10:35:55.755+0000][1][safepoint    ] Leaving safepoint region
[2019-12-08T10:35:55.755+0000][1][safepoint    ] Total time for which application threads were stopped: 0.0000807 seconds, Stopping threads took: 0.0000172 seconds
[2019-12-08T10:36:00.756+0000][1][safepoint    ] Application time: 5.0003472 seconds
[2019-12-08T10:36:00.756+0000][1][safepoint    ] Entering safepoint region: Cleanup
[2019-12-08T10:36:00.756+0000][1][safepoint    ] Leaving safepoint region
[2019-12-08T10:36:00.756+0000][1][safepoint    ] Total time for which application threads were stopped: 0.0000876 seconds, Stopping threads took: 0.0000160 seconds
[2019-12-08T10:36:05.756+0000][1][safepoint    ] Application time: 5.0003365 seconds
[2019-12-08T10:36:05.756+0000][1][safepoint    ] Entering safepoint region: Cleanup
[2019-12-08T10:36:05.756+0000][1][safepoint    ] Leaving safepoint region
[2019-12-08T10:36:05.756+0000][1][safepoint    ] Total time for which application threads were stopped: 0.0000767 seconds, Stopping threads took: 0.0000173 seconds
[2019-12-08T10:36:06.756+0000][1][safepoint    ] Application time: 1.0000750 seconds
[2019-12-08T10:36:06.756+0000][1][safepoint    ] Entering safepoint region: Cleanup
[2019-12-08T10:36:06.756+0000][1][safepoint    ] Leaving safepoint region
[2019-12-08T10:36:06.756+0000][1][safepoint    ] Total time for which application threads were stopped: 0.0000833 seconds, Stopping threads took: 0.0000175 seconds
[2019-12-08T10:36:08.757+0000][1][safepoint    ] Application time: 2.0001386 seconds
[2019-12-08T10:36:08.757+0000][1][safepoint    ] Entering safepoint region: Cleanup
[2019-12-08T10:36:08.757+0000][1][safepoint    ] Leaving safepoint region
[2019-12-08T10:36:08.757+0000][1][safepoint    ] Total time for which application threads were stopped: 0.0000795 seconds, Stopping threads took: 0.0000171 seconds
[2019-12-08T10:36:10.757+0000][1][safepoint    ] Application time: 2.0001187 seconds
[2019-12-08T10:36:10.757+0000][1][safepoint    ] Entering safepoint region: Cleanup
[2019-12-08T10:36:10.757+0000][1][safepoint    ] Leaving safepoint region
[2019-12-08T10:36:10.757+0000][1][safepoint    ] Total time for which application threads were stopped: 0.0000796 seconds, Stopping threads took: 0.0000168 seconds
[2019-12-08T10:36:11.757+0000][1][safepoint    ] Application time: 1.0000804 seconds
[2019-12-08T10:36:11.757+0000][1][safepoint    ] Entering safepoint region: Cleanup
[2019-12-08T10:36:11.757+0000][1][safepoint    ] Leaving safepoint region
[2019-12-08T10:36:11.757+0000][1][safepoint    ] Total time for which application threads were stopped: 0.0000795 seconds, Stopping threads took: 0.0000180 seconds
[2019-12-08T10:36:13.757+0000][1][safepoint    ] Application time: 2.0001456 seconds
[2019-12-08T10:36:13.757+0000][1][safepoint    ] Entering safepoint region: Cleanup
[2019-12-08T10:36:13.757+0000][1][safepoint    ] Leaving safepoint region
[2019-12-08T10:36:13.757+0000][1][safepoint    ] Total time for which application threads were stopped: 0.0000917 seconds, Stopping threads took: 0.0000254 seconds
[2019-12-08T10:36:18.590+0000][1][safepoint    ] Application time: 4.8322132 seconds
[2019-12-08T10:36:18.590+0000][1][safepoint    ] Entering safepoint region: GenCollectForAllocation
[2019-12-08T10:36:18.590+0000][1][gc,start     ] GC(34) Pause Young (Allocation Failure)
[2019-12-08T10:36:18.590+0000][1][gc,task      ] GC(34) Using 4 workers of 4 for evacuation
[2019-12-08T10:36:18.591+0000][1][gc,age       ] GC(34) Desired survivor size 4456448 bytes, new threshold 6 (max threshold 6)
[2019-12-08T10:36:18.591+0000][1][gc,age       ] GC(34) Age table with threshold 6 (max threshold 6)
[2019-12-08T10:36:18.591+0000][1][gc,age       ] GC(34) - age   1:      97512 bytes,      97512 total
[2019-12-08T10:36:18.591+0000][1][gc,age       ] GC(34) - age   2:         88 bytes,      97600 total
[2019-12-08T10:36:18.591+0000][1][gc,age       ] GC(34) - age   3:         96 bytes,      97696 total
[2019-12-08T10:36:18.591+0000][1][gc,age       ] GC(34) - age   4:       2696 bytes,     100392 total
[2019-12-08T10:36:18.591+0000][1][gc,age       ] GC(34) - age   5:       1528 bytes,     101920 total
[2019-12-08T10:36:18.591+0000][1][gc,age       ] GC(34) - age   6:       1640 bytes,     103560 total
[2019-12-08T10:36:18.591+0000][1][gc,heap      ] GC(34) ParNew: 70031K->103K(78656K)
[2019-12-08T10:36:18.591+0000][1][gc,heap      ] GC(34) CMS: 70639K->70640K(174784K)
[2019-12-08T10:36:18.591+0000][1][gc,metaspace ] GC(34) Metaspace: 69201K->69201K(1112064K)
[2019-12-08T10:36:18.591+0000][1][gc           ] GC(34) Pause Young (Allocation Failure) 137M->69M(247M) 1.132ms
[2019-12-08T10:36:18.591+0000][1][gc,cpu       ] GC(34) User=0.00s Sys=0.00s Real=0.01s
[2019-12-08T10:36:18.591+0000][1][safepoint    ] Leaving safepoint region
[2019-12-08T10:36:18.591+0000][1][safepoint    ] Total time for which application threads were stopped: 0.0012809 seconds, Stopping threads took: 0.0000233 seconds
[2019-12-08T10:36:19.591+0000][1][safepoint    ] Application time: 1.0000880 seconds
[2019-12-08T10:36:19.591+0000][1][safepoint    ] Entering safepoint region: Cleanup
[2019-12-08T10:36:19.591+0000][1][safepoint    ] Leaving safepoint region
[2019-12-08T10:36:19.591+0000][1][safepoint    ] Total time for which application threads were stopped: 0.0001043 seconds, Stopping threads took: 0.0000424 seconds
[2019-12-08T10:36:23.591+0000][1][safepoint    ] Application time: 4.0002929 seconds
[2019-12-08T10:36:23.591+0000][1][safepoint    ] Entering safepoint region: Cleanup
[2019-12-08T10:36:23.592+0000][1][safepoint    ] Leaving safepoint region
[2019-12-08T10:36:23.592+0000][1][safepoint    ] Total time for which application threads were stopped: 0.0000774 seconds, Stopping threads took: 0.0000169 seconds
[2019-12-08T10:36:28.592+0000][1][safepoint    ] Application time: 5.0003491 seconds
[2019-12-08T10:36:28.592+0000][1][safepoint    ] Entering safepoint region: Cleanup
[2019-12-08T10:36:28.592+0000][1][safepoint    ] Leaving safepoint region
[2019-12-08T10:36:28.592+0000][1][safepoint    ] Total time for which application threads were stopped: 0.0001161 seconds, Stopping threads took: 0.0000470 seconds
[2019-12-08T10:36:39.593+0000][1][safepoint    ] Application time: 11.0007815 seconds
[2019-12-08T10:36:39.593+0000][1][safepoint    ] Entering safepoint region: Cleanup
[2019-12-08T10:36:39.593+0000][1][safepoint    ] Leaving safepoint region
[2019-12-08T10:36:39.593+0000][1][safepoint    ] Total time for which application threads were stopped: 0.0000811 seconds, Stopping threads took: 0.0000163 seconds
[2019-12-08T10:36:44.593+0000][1][safepoint    ] Application time: 5.0003526 seconds
[2019-12-08T10:36:44.593+0000][1][safepoint    ] Entering safepoint region: Cleanup
[2019-12-08T10:36:44.593+0000][1][safepoint    ] Leaving safepoint region
[2019-12-08T10:36:44.593+0000][1][safepoint    ] Total time for which application threads were stopped: 0.0000822 seconds, Stopping threads took: 0.0000180 seconds
[2019-12-08T10:36:53.594+0000][1][safepoint    ] Application time: 9.0006681 seconds
[2019-12-08T10:36:53.594+0000][1][safepoint    ] Entering safepoint region: Cleanup
[2019-12-08T10:36:53.594+0000][1][safepoint    ] Leaving safepoint region
[2019-12-08T10:36:53.594+0000][1][safepoint    ] Total time for which application threads were stopped: 0.0000885 seconds, Stopping threads took: 0.0000252 seconds
[2019-12-08T10:37:01.595+0000][1][safepoint    ] Application time: 8.0005782 seconds
[2019-12-08T10:37:01.595+0000][1][safepoint    ] Entering safepoint region: Cleanup
[2019-12-08T10:37:01.595+0000][1][safepoint    ] Leaving safepoint region
[2019-12-08T10:37:01.595+0000][1][safepoint    ] Total time for which application threads were stopped: 0.0000862 seconds, Stopping threads took: 0.0000186 seconds
[2019-12-08T10:37:08.595+0000][1][safepoint    ] Application time: 7.0004697 seconds
[2019-12-08T10:37:08.595+0000][1][safepoint    ] Entering safepoint region: Cleanup
[2019-12-08T10:37:08.595+0000][1][safepoint    ] Leaving safepoint region
[2019-12-08T10:37:08.595+0000][1][safepoint    ] Total time for which application threads were stopped: 0.0000799 seconds, Stopping threads took: 0.0000175 seconds
